[INFO] [launch]: All log files can be found below /root/.ros/log/2026-07-03-15-27-59-594385-ubuntu-87540
[INFO] [launch]: Default logging verbosity is set to INFO
[INFO] [foxglove_bridge-1]: process started with pid [87584]
[foxglove_bridge-1] [INFO] [1783063680.698421926] [foxglove_bridge]: Starting foxglove_bridge (humble, 3.3.0@)
[foxglove_bridge-1] [INFO] [1783063680.704059678] [foxglove_bridge]: Server listening on port 8765
[foxglove_bridge-1] [INFO] [1783063680.709694681] [foxglove_bridge]: Advertising new channel 2 for topic "/tf"
[foxglove_bridge-1] [INFO] [1783063680.710556014] [foxglove_bridge]: Advertising new channel 3 for topic "/rosout"
[foxglove_bridge-1] [INFO] [1783063680.711459556] [foxglove_bridge]: Advertising new channel 4 for topic "/scan"
[foxglove_bridge-1] [INFO] [1783063680.713246265] [foxglove_bridge]: Advertising new channel 5 for topic "/parameter_events"
[foxglove_bridge-1] [INFO] [1783063680.716023725] [foxglove_bridge]: Advertising new channel 6 for topic "/odom"
[foxglove_bridge-1] [INFO] [1783063680.716550892] [foxglove_bridge]: Advertising new channel 7 for topic "/cmd_vel_sent"
[foxglove_bridge-1] [INFO] [1783063680.716659642] [foxglove_bridge]: Advertising new channel 8 for topic "/scan_filtered"
[foxglove_bridge-1] [INFO] [1783063680.716714058] [foxglove_bridge]: Advertising new channel 9 for topic "/cmd_vel"
[foxglove_bridge-1] [INFO] [1783063680.717165267] [foxglove_bridge]: Advertising new channel 10 for topic "/chassis_bridge_state"
[foxglove_bridge-1] [INFO] [1783063680.833455061] [foxglove_bridge]: Advertising new channel 11 for topic "/tf_static"
[foxglove_bridge-1] [INFO] [1783063681.008259752] [foxglove_bridge]: received connection graph subscribe request
[foxglove_bridge-1] [INFO] [1783063681.008610711] [foxglove_bridge]: received subscribe request for channel 2 from client 1
[foxglove_bridge-1] [INFO] [1783063681.022442383] [foxglove_bridge]: Created ROS subscription on /tf (tf2_msgs/msg/TFMessage) for channel 2
[foxglove_bridge-1] [INFO] [1783063681.022698758] [foxglove_bridge]: received subscribe request for channel 9 from client 1
[foxglove_bridge-1] [INFO] [1783063681.027749760] [foxglove_bridge]: Created ROS subscription on /cmd_vel (geometry_msgs/msg/Twist) for channel 9
[foxglove_bridge-1] [INFO] [1783063681.028008301] [foxglove_bridge]: received subscribe request for channel 8 from client 1
[foxglove_bridge-1] [INFO] [1783063681.037829722] [foxglove_bridge]: Created ROS subscription on /scan_filtered (sensor_msgs/msg/LaserScan) for channel 8
[foxglove_bridge-1] [INFO] [1783063681.042932182] [foxglove_bridge]: received subscribe request for channel 11 from client 1
[foxglove_bridge-1] [INFO] [1783063681.046016058] [foxglove_bridge]: Created ROS subscription on /tf_static (tf2_msgs/msg/TFMessage) for channel 11
[foxglove_bridge-1] [INFO] [1783063681.208191036] [foxglove_bridge]: received subscribe request for channel 8 from client 2
[foxglove_bridge-1] [INFO] [1783063681.208392828] [foxglove_bridge]: received subscribe request for channel 2 from client 2
[foxglove_bridge-1] [INFO] [1783063681.217274290] [foxglove_bridge]: received subscribe request for channel 11 from client 2
[foxglove_bridge-1] [INFO] [1783063681.339036961] [foxglove_bridge]: publishing connection graph
[foxglove_bridge-1] [INFO] [1783063682.809298852] [foxglove_bridge]: received subscribe request for channel 9 from client 3
[foxglove_bridge-1] [INFO] [1783063682.809573144] [foxglove_bridge]: received subscribe request for channel 2 from client 3
[foxglove_bridge-1] [INFO] [1783063682.809671477] [foxglove_bridge]: received subscribe request for channel 11 from client 3
[foxglove_bridge-1] [INFO] [1783063682.809766727] [foxglove_bridge]: received subscribe request for channel 4 from client 3
[foxglove_bridge-1] [INFO] [1783063682.813685854] [foxglove_bridge]: Created ROS subscription on /scan (sensor_msgs/msg/LaserScan) for channel 4
[foxglove_bridge-1] [INFO] [1783063682.813948270] [foxglove_bridge]: received subscribe request for channel 8 from client 3
[foxglove_bridge-1] [INFO] [1783063682.818002230] [foxglove_bridge]: publishing connection graph
[foxglove_bridge-1] [INFO] [1783063689.905641785] [foxglove_bridge]: publishing connection graph
[foxglove_bridge-1] [INFO] [1783063690.423087939] [foxglove_bridge]: publishing connection graph
[foxglove_bridge-1] [INFO] [1783063694.297708274] [foxglove_bridge]: publishing connection graph
[foxglove_bridge-1] [INFO] [1783063695.858294736] [foxglove_bridge]: publishing connection graph
[foxglove_bridge-1] [INFO] [1783063696.368847636] [foxglove_bridge]: Advertising new channel 12 for topic "/smoother_server/transition_event"
[foxglove_bridge-1] [INFO] [1783063696.370799720] [foxglove_bridge]: Advertising new channel 13 for topic "/map_server/transition_event"
[foxglove_bridge-1] [INFO] [1783063696.373262846] [foxglove_bridge]: Advertising new channel 14 for topic "/map"
[foxglove_bridge-1] [INFO] [1783063696.376064014] [foxglove_bridge]: Advertising new channel 15 for topic "/diagnostics"
[foxglove_bridge-1] [INFO] [1783063696.377125973] [foxglove_bridge]: Advertising new channel 16 for topic "/waypoint_follower/transition_event"
[foxglove_bridge-1] [INFO] [1783063696.381112557] [foxglove_bridge]: Advertising new channel 17 for topic "/bt_navigator/transition_event"
[foxglove_bridge-1] [INFO] [1783063696.382631183] [foxglove_bridge]: Advertising new channel 18 for topic "/behavior_server/transition_event"
[foxglove_bridge-1] [INFO] [1783063696.386579018] [foxglove_bridge]: received subscribe request for channel 14 from client 1
[foxglove_bridge-1] [INFO] [1783063696.405111025] [foxglove_bridge]: Created ROS subscription on /map (nav_msgs/msg/OccupancyGrid) for channel 14
[foxglove_bridge-1] [INFO] [1783063696.405656025] [foxglove_bridge]: received subscribe request for channel 14 from client 3
[foxglove_bridge-1] [INFO] [1783063696.406172067] [foxglove_bridge]: received subscribe request for channel 14 from client 2
[foxglove_bridge-1] [INFO] [1783063699.325437913] [foxglove_bridge]: publishing connection graph
[foxglove_bridge-1] [INFO] [1783063699.831254936] [foxglove_bridge]: Advertising new channel 19 for topic "/velocity_smoother/transition_event"
[foxglove_bridge-1] [INFO] [1783063699.832115395] [foxglove_bridge]: Advertising new channel 20 for topic "/speed_limit"
[foxglove_bridge-1] [INFO] [1783063699.833085770] [foxglove_bridge]: Advertising new channel 21 for topic "/received_global_plan"
[foxglove_bridge-1] [INFO] [1783063699.833543604] [foxglove_bridge]: Advertising new channel 22 for topic "/preempt_teleop"
[foxglove_bridge-1] [INFO] [1783063699.833881229] [foxglove_bridge]: Advertising new channel 23 for topic "/planner_server/transition_event"
[foxglove_bridge-1] [INFO] [1783063699.834027396] [foxglove_bridge]: Advertising new channel 24 for topic "/plan_smoothed"
[foxglove_bridge-1] [INFO] [1783063699.835039729] [foxglove_bridge]: Advertising new channel 25 for topic "/particle_cloud"
[foxglove_bridge-1] [INFO] [1783063699.835548104] [foxglove_bridge]: Advertising new channel 26 for topic "/lookahead_point"
[foxglove_bridge-1] [INFO] [1783063699.835706979] [foxglove_bridge]: Advertising new channel 27 for topic "/lookahead_collision_arc"
[foxglove_bridge-1] [INFO] [1783063699.836698313] [foxglove_bridge]: Advertising new channel 28 for topic "/local_costmap/voxel_grid"
[foxglove_bridge-1] [INFO] [1783063699.837128230] [foxglove_bridge]: Advertising new channel 29 for topic "/local_costmap/local_costmap/transition_event"
[foxglove_bridge-1] [INFO] [1783063699.837709230] [foxglove_bridge]: Advertising new channel 30 for topic "/local_costmap/footprint"
[foxglove_bridge-1] [INFO] [1783063699.838990439] [foxglove_bridge]: Advertising new channel 31 for topic "/local_costmap/clearing_endpoints"
[foxglove_bridge-1] [INFO] [1783063699.839826814] [foxglove_bridge]: Advertising new channel 32 for topic "/initialpose"
[foxglove_bridge-1] [INFO] [1783063699.840488523] [foxglove_bridge]: Advertising new channel 33 for topic "/goal_pose"
[foxglove_bridge-1] [INFO] [1783063699.840882648] [foxglove_bridge]: Advertising new channel 34 for topic "/global_costmap/global_costmap/transition_event"
[foxglove_bridge-1] [INFO] [1783063699.841061023] [foxglove_bridge]: Advertising new channel 35 for topic "/plan"
[foxglove_bridge-1] [INFO] [1783063699.841550065] [foxglove_bridge]: Advertising new channel 36 for topic "/local_costmap/costmap_updates"
[foxglove_bridge-1] [INFO] [1783063699.841664648] [foxglove_bridge]: Advertising new channel 37 for topic "/global_costmap/footprint"
[foxglove_bridge-1] [INFO] [1783063699.842517399] [foxglove_bridge]: Advertising new channel 38 for topic "/local_costmap/published_footprint"
[foxglove_bridge-1] [INFO] [1783063699.843623316] [foxglove_bridge]: Advertising new channel 39 for topic "/global_costmap/costmap_raw"
[foxglove_bridge-1] [INFO] [1783063699.843902691] [foxglove_bridge]: Advertising new channel 40 for topic "/local_costmap/costmap_raw"
[foxglove_bridge-1] [INFO] [1783063699.844055733] [foxglove_bridge]: Advertising new channel 41 for topic "/global_costmap/costmap_updates"
[foxglove_bridge-1] [INFO] [1783063699.844268399] [foxglove_bridge]: Advertising new channel 42 for topic "/global_costmap/costmap"
[foxglove_bridge-1] [INFO] [1783063699.844586774] [foxglove_bridge]: Advertising new channel 43 for topic "/controller_server/transition_event"
[foxglove_bridge-1] [INFO] [1783063699.844714191] [foxglove_bridge]: Advertising new channel 44 for topic "/cmd_vel_nav"
[foxglove_bridge-1] [INFO] [1783063699.844814608] [foxglove_bridge]: Advertising new channel 45 for topic "/cmd_vel_teleop"
[foxglove_bridge-1] [INFO] [1783063699.844947691] [foxglove_bridge]: Advertising new channel 46 for topic "/global_costmap/published_footprint"
[foxglove_bridge-1] [INFO] [1783063699.845161191] [foxglove_bridge]: Advertising new channel 47 for topic "/amcl_pose"
[foxglove_bridge-1] [INFO] [1783063699.845386025] [foxglove_bridge]: Advertising new channel 48 for topic "/local_costmap/costmap"
[foxglove_bridge-1] [INFO] [1783063699.846179900] [foxglove_bridge]: Advertising new channel 49 for topic "/bond"
[foxglove_bridge-1] [INFO] [1783063699.846576734] [foxglove_bridge]: Advertising new channel 50 for topic "/amcl/transition_event"
[foxglove_bridge-1] [INFO] [1783063700.466663049] [foxglove_bridge]: publishing connection graph
[foxglove_bridge-1] [INFO] [1783063701.004094793] [foxglove_bridge]: publishing connection graph
[foxglove_bridge-1] [ERROR] [1783063704.199520989] [foxglove_bridge]: Failed to retrieve parameters from node '/bt_navigator_navigate_to_pose_rclcpp_node': Failed to retrieve parameter names for node '/bt_navigator_navigate_to_pose_rclcpp_node'
[foxglove_bridge-1] [WARN] [1783063704.199715156] [foxglove_bridge]: Adding node /bt_navigator_navigate_to_pose_rclcpp_node to the ignore list to prevent repeated timeouts or failures in future parameter requests.
[foxglove_bridge-1] [INFO] [1783063704.271159391] [foxglove_bridge]: publishing connection graph
[foxglove_bridge-1] [INFO] [1783063704.807546466] [foxglove_bridge]: publishing connection graph
[foxglove_bridge-1] [INFO] [1783063706.331483744] [foxglove_bridge]: publishing connection graph
[foxglove_bridge-1] [INFO] [1783063707.872635362] [foxglove_bridge]: publishing connection graph
[foxglove_bridge-1] [INFO] [1783063708.412201605] [foxglove_bridge]: publishing connection graph
[foxglove_bridge-1] [INFO] [1783063709.236512662] [foxglove_bridge]: publishing connection graph
[foxglove_bridge-1] [ERROR] [1783063709.411567602] [foxglove_bridge]: Failed to retrieve parameters from node '/planner_server': Failed to retrieve parameter names for node '/planner_server'
[foxglove_bridge-1] [WARN] [1783063709.411748227] [foxglove_bridge]: Adding node /planner_server to the ignore list to prevent repeated timeouts or failures in future parameter requests.
[foxglove_bridge-1] [ERROR] [1783063709.412134144] [foxglove_bridge]: Failed to retrieve parameters from node '/bt_navigator_navigate_through_poses_rclcpp_node': Failed to retrieve parameter names for node '/bt_navigator_navigate_through_poses_rclcpp_node'
[foxglove_bridge-1] [WARN] [1783063709.412223936] [foxglove_bridge]: Adding node /bt_navigator_navigate_through_poses_rclcpp_node to the ignore list to prevent repeated timeouts or failures in future parameter requests.
[foxglove_bridge-1] [INFO] [1783063709.837396136] [foxglove_bridge]: publishing connection graph
[foxglove_bridge-1] [INFO] [1783063710.614016759] [foxglove_bridge]: publishing connection graph
[foxglove_bridge-1] [INFO] [1783063711.155643211] [foxglove_bridge]: publishing connection graph
[foxglove_bridge-1] [INFO] [1783063713.471818698] [foxglove_bridge]: publishing connection graph
[foxglove_bridge-1] [INFO] [1783063716.444919511] [foxglove_bridge]: publishing connection graph
[foxglove_bridge-1] [INFO] [1783063717.064717908] [foxglove_bridge]: publishing connection graph
[foxglove_bridge-1] [INFO] [1783063717.655263169] [foxglove_bridge]: publishing connection graph
[foxglove_bridge-1] [INFO] [1783063718.165373358] [foxglove_bridge]: Advertising new channel 51 for topic "/behavior_tree_log"
[foxglove_bridge-1] [INFO] [1783063718.227353756] [foxglove_bridge]: publishing connection graph
[foxglove_bridge-1] [INFO] [1783063718.781295503] [foxglove_bridge]: publishing connection graph
[foxglove_bridge-1] [INFO] [1783063725.308983252] [foxglove_bridge]: publishing connection graph
[foxglove_bridge-1] [INFO] [1783063725.869812209] [foxglove_bridge]: publishing connection graph
[foxglove_bridge-1] [INFO] [1783063727.009839130] [foxglove_bridge]: publishing connection graph
[foxglove_bridge-1] [INFO] [1783063727.759613906] [foxglove_bridge]: publishing connection graph
[foxglove_bridge-1] [INFO] [1783063729.209239357] [foxglove_bridge]: publishing connection graph
[foxglove_bridge-1] [INFO] [1783063729.859414763] [foxglove_bridge]: publishing connection graph
[foxglove_bridge-1] [INFO] [1783063730.435103267] [foxglove_bridge]: publishing connection graph
[foxglove_bridge-1] [INFO] [1783063731.756142420] [foxglove_bridge]: publishing connection graph
[foxglove_bridge-1] [INFO] [1783063732.312642208] [foxglove_bridge]: publishing connection graph
[foxglove_bridge-1] [ERROR] [1783063736.886088637] [foxglove_bridge]: Failed to retrieve parameters from node '/velocity_smoother': Failed to retrieve parameter names for node '/velocity_smoother'
[foxglove_bridge-1] [WARN] [1783063736.886286346] [foxglove_bridge]: Adding node /velocity_smoother to the ignore list to prevent repeated timeouts or failures in future parameter requests.
[foxglove_bridge-1] [ERROR] [1783063736.886554138] [foxglove_bridge]: Failed to retrieve parameters from node '/waypoint_follower': Failed to retrieve parameter names for node '/waypoint_follower'
[foxglove_bridge-1] [WARN] [1783063736.887300471] [foxglove_bridge]: Adding node /waypoint_follower to the ignore list to prevent repeated timeouts or failures in future parameter requests.
[foxglove_bridge-1] [ERROR] [1783063736.887749846] [foxglove_bridge]: Failed to retrieve parameters from node '/ydlidar_ros2_driver_node': Failed to retrieve parameter names for node '/ydlidar_ros2_driver_node'
[foxglove_bridge-1] [WARN] [1783063736.887856430] [foxglove_bridge]: Adding node /ydlidar_ros2_driver_node to the ignore list to prevent repeated timeouts or failures in future parameter requests.
[foxglove_bridge-1] [ERROR] [1783063736.888172763] [foxglove_bridge]: Failed to retrieve parameters from node '/map_server': Failed to retrieve parameter names for node '/map_server'
[foxglove_bridge-1] [WARN] [1783063736.888251597] [foxglove_bridge]: Adding node /map_server to the ignore list to prevent repeated timeouts or failures in future parameter requests.
[foxglove_bridge-1] [ERROR] [1783063736.888456638] [foxglove_bridge]: Failed to retrieve parameters from node '/behavior_server': Failed to retrieve parameter names for node '/behavior_server'
[foxglove_bridge-1] [WARN] [1783063736.888524013] [foxglove_bridge]: Adding node /behavior_server to the ignore list to prevent repeated timeouts or failures in future parameter requests.
[foxglove_bridge-1] [ERROR] [1783063736.888694388] [foxglove_bridge]: Failed to retrieve parameters from node '/static_transform_publisher_NrJINkWkMLDaLaoz': Failed to retrieve parameter names for node '/static_transform_publisher_NrJINkWkMLDaLaoz'
[foxglove_bridge-1] [WARN] [1783063736.888762847] [foxglove_bridge]: Adding node /static_transform_publisher_NrJINkWkMLDaLaoz to the ignore list to prevent repeated timeouts or failures in future parameter requests.
[foxglove_bridge-1] [ERROR] [1783063736.888942097] [foxglove_bridge]: Failed to retrieve parameters from node '/smoother_server': Failed to retrieve parameter names for node '/smoother_server'
[foxglove_bridge-1] [WARN] [1783063736.889003722] [foxglove_bridge]: Adding node /smoother_server to the ignore list to prevent repeated timeouts or failures in future parameter requests.
[foxglove_bridge-1] [ERROR] [1783063736.889152264] [foxglove_bridge]: Failed to retrieve parameters from node '/global_costmap/global_costmap': Failed to retrieve parameter names for node '/global_costmap/global_costmap'
[foxglove_bridge-1] [WARN] [1783063736.889211597] [foxglove_bridge]: Adding node /global_costmap/global_costmap to the ignore list to prevent repeated timeouts or failures in future parameter requests.
[foxglove_bridge-1] [ERROR] [1783063736.889363430] [foxglove_bridge]: Failed to retrieve parameters from node '/lifecycle_manager_localization': Failed to retrieve parameter names for node '/lifecycle_manager_localization'
[foxglove_bridge-1] [WARN] [1783063736.889418097] [foxglove_bridge]: Adding node /lifecycle_manager_localization to the ignore list to prevent repeated timeouts or failures in future parameter requests.
[foxglove_bridge-1] [INFO] [1783063736.892584890] [foxglove_bridge]: received subscribe request for channel 2 from client 4
[foxglove_bridge-1] [INFO] [1783063736.892815348] [foxglove_bridge]: received subscribe request for channel 11 from client 4
[foxglove_bridge-1] [INFO] [1783063736.903744727] [foxglove_bridge]: Advertising new channel 52 for topic "/foxglove_goal_pose"
[foxglove_bridge-1] [INFO] [1783063736.925252360] [foxglove_bridge]: Client ID 4 is advertising "/foxglove_goal_pose" (geometry_msgs/PoseStamped) on channel 1 with encoding "cdr"
[foxglove_bridge-1] [INFO] [1783063736.953503704] [foxglove_bridge]: Client ID 4 is advertising "/foxglove_goal_point" (geometry_msgs/PointStamped) on channel 2 with encoding "cdr"
[foxglove_bridge-1] [INFO] [1783063736.978474713] [foxglove_bridge]: Client ID 4 is advertising "/initialpose" (geometry_msgs/PoseWithCovarianceStamped) on channel 3 with encoding "cdr"
[foxglove_bridge-1] [INFO] [1783063736.993667552] [foxglove_bridge]: Client ID 4 is advertising "/move_base_simple/goal" (geometry_msgs/PoseStamped) on channel 4 with encoding "cdr"
[foxglove_bridge-1] [INFO] [1783063737.019835811] [foxglove_bridge]: Client ID 4 is advertising "/clicked_point" (geometry_msgs/PointStamped) on channel 5 with encoding "cdr"
[foxglove_bridge-1] [INFO] [1783063737.020135853] [foxglove_bridge]: received subscribe request for channel 47 from client 4
[foxglove_bridge-1] [INFO] [1783063737.044207945] [foxglove_bridge]: Created ROS subscription on /amcl_pose (geometry_msgs/msg/PoseWithCovarianceStamped) for channel 47
[foxglove_bridge-1] [INFO] [1783063737.045395529] [foxglove_bridge]: received subscribe request for channel 46 from client 4
[foxglove_bridge-1] [INFO] [1783063737.078266458] [foxglove_bridge]: Created ROS subscription on /global_costmap/published_footprint (geometry_msgs/msg/PolygonStamped) for channel 46
[foxglove_bridge-1] [INFO] [1783063737.079153000] [foxglove_bridge]: received subscribe request for channel 33 from client 4
[foxglove_bridge-1] [INFO] [1783063737.087667128] [foxglove_bridge]: publishing connection graph
[foxglove_bridge-1] [INFO] [1783063737.093975505] [foxglove_bridge]: Created ROS subscription on /goal_pose (geometry_msgs/msg/PoseStamped) for channel 33
[foxglove_bridge-1] [INFO] [1783063737.094243797] [foxglove_bridge]: received subscribe request for channel 32 from client 4
[foxglove_bridge-1] [INFO] [1783063737.128457101] [foxglove_bridge]: Created ROS subscription on /initialpose (geometry_msgs/msg/PoseWithCovarianceStamped) for channel 32
[foxglove_bridge-1] [INFO] [1783063737.129207643] [foxglove_bridge]: received subscribe request for channel 31 from client 4
[foxglove_bridge-1] [INFO] [1783063737.151732485] [foxglove_bridge]: Created ROS subscription on /local_costmap/clearing_endpoints (sensor_msgs/msg/PointCloud2) for channel 31
[foxglove_bridge-1] [INFO] [1783063737.155688486] [foxglove_bridge]: received subscribe request for channel 38 from client 4
[foxglove_bridge-1] [INFO] [1783063737.174659910] [foxglove_bridge]: Created ROS subscription on /local_costmap/published_footprint (geometry_msgs/msg/PolygonStamped) for channel 38
[foxglove_bridge-1] [INFO] [1783063737.174944160] [foxglove_bridge]: received subscribe request for channel 27 from client 4
[foxglove_bridge-1] [INFO] [1783063737.186387873] [foxglove_bridge]: Created ROS subscription on /lookahead_collision_arc (nav_msgs/msg/Path) for channel 27
[foxglove_bridge-1] [INFO] [1783063737.186659956] [foxglove_bridge]: received subscribe request for channel 14 from client 4
[foxglove_bridge-1] [INFO] [1783063737.186855123] [foxglove_bridge]: received subscribe request for channel 35 from client 4
[foxglove_bridge-1] [INFO] [1783063737.200184128] [foxglove_bridge]: Created ROS subscription on /plan (nav_msgs/msg/Path) for channel 35
[foxglove_bridge-1] [INFO] [1783063737.200472753] [foxglove_bridge]: received subscribe request for channel 24 from client 4
[foxglove_bridge-1] [INFO] [1783063737.222131219] [foxglove_bridge]: Created ROS subscription on /plan_smoothed (nav_msgs/msg/Path) for channel 24
[foxglove_bridge-1] [INFO] [1783063737.222494219] [foxglove_bridge]: received subscribe request for channel 21 from client 4
[foxglove_bridge-1] [INFO] [1783063737.238982267] [foxglove_bridge]: Created ROS subscription on /received_global_plan (nav_msgs/msg/Path) for channel 21
[foxglove_bridge-1] [INFO] [1783063737.239242684] [foxglove_bridge]: received subscribe request for channel 4 from client 4
[foxglove_bridge-1] [INFO] [1783063737.239384725] [foxglove_bridge]: received subscribe request for channel 8 from client 4
[foxglove_bridge-1] [INFO] [1783063737.546711671] [foxglove_bridge]: received subscribe request for channel 52 from client 4
[foxglove_bridge-1] [INFO] [1783063737.555361258] [foxglove_bridge]: Created ROS subscription on /foxglove_goal_pose (geometry_msgs/msg/PoseStamped) for channel 52
[foxglove_bridge-1] [INFO] [1783063737.610755653] [foxglove_bridge]: Advertising new channel 53 for topic "/move_base_simple/goal"
[foxglove_bridge-1] [INFO] [1783063737.614852571] [foxglove_bridge]: Advertising new channel 54 for topic "/foxglove_goal_point"
[foxglove_bridge-1] [INFO] [1783063737.615234988] [foxglove_bridge]: Advertising new channel 55 for topic "/clicked_point"
[foxglove_bridge-1] [INFO] [1783063737.687051389] [foxglove_bridge]: publishing connection graph
[foxglove_bridge-1] [INFO] [1783063737.800717306] [foxglove_bridge]: received subscribe request for channel 53 from client 4
[foxglove_bridge-1] [INFO] [1783063737.814845311] [foxglove_bridge]: Created ROS subscription on /move_base_simple/goal (geometry_msgs/msg/PoseStamped) for channel 53
[foxglove_bridge-1] [INFO] [1783063738.287392568] [foxglove_bridge]: publishing connection graph
[foxglove_bridge-1] [ERROR] [1783063746.655042459] [foxglove_bridge]: Failed to retrieve parameters from node '/amcl': Failed to retrieve parameter names for node '/amcl'
[foxglove_bridge-1] [WARN] [1783063746.655261418] [foxglove_bridge]: Adding node /amcl to the ignore list to prevent repeated timeouts or failures in future parameter requests.
[foxglove_bridge-1] [ERROR] [1783063746.852112364] [foxglove_bridge]: Failed to retrieve parameters from node '/controller_server': Timed out waiting for 46 parameter(s) from node '/controller_server'
[foxglove_bridge-1] [WARN] [1783063746.852759781] [foxglove_bridge]: Adding node /controller_server to the ignore list to prevent repeated timeouts or failures in future parameter requests.
[foxglove_bridge-1] [ERROR] [1783063746.852967906] [foxglove_bridge]: Failed to retrieve parameters from node '/local_costmap/local_costmap': Failed to retrieve parameter names for node '/local_costmap/local_costmap'
[foxglove_bridge-1] [WARN] [1783063746.853066573] [foxglove_bridge]: Adding node /local_costmap/local_costmap to the ignore list to prevent repeated timeouts or failures in future parameter requests.
[foxglove_bridge-1] [ERROR] [1783063746.856509033] [foxglove_bridge]: Failed to retrieve parameters from node '/bt_navigator': Timed out waiting for 23 parameter(s) from node '/bt_navigator'
[foxglove_bridge-1] [WARN] [1783063746.856673574] [foxglove_bridge]: Adding node /bt_navigator to the ignore list to prevent repeated timeouts or failures in future parameter requests.
[foxglove_bridge-1] [ERROR] [1783063749.947522575] [foxglove_bridge]: Failed to retrieve parameters from node '/lifecycle_manager_navigation': Timed out waiting for 13 parameter(s) from node '/lifecycle_manager_navigation'
[foxglove_bridge-1] [WARN] [1783063749.947725908] [foxglove_bridge]: Adding node /lifecycle_manager_navigation to the ignore list to prevent repeated timeouts or failures in future parameter requests.
[foxglove_bridge-1] [ERROR] [1783063749.948047867] [foxglove_bridge]: Failed to retrieve parameters from node '/nav2_wait_amcl_settle': Timed out waiting for 1 parameter(s) from node '/nav2_wait_amcl_settle'
[foxglove_bridge-1] [WARN] [1783063749.948159575] [foxglove_bridge]: Adding node /nav2_wait_amcl_settle to the ignore list to prevent repeated timeouts or failures in future parameter requests.
[foxglove_bridge-1] [INFO] [1783063753.227329683] [foxglove_bridge]: publishing connection graph
[foxglove_bridge-1] [INFO] [1783063753.832943278] [foxglove_bridge]: publishing connection graph
[foxglove_bridge-1] [ERROR] [1783063754.957803020] [foxglove_bridge]: Failed to retrieve parameters from node '/simple_scan_filter': Failed to retrieve parameter names for node '/simple_scan_filter'
[foxglove_bridge-1] [WARN] [1783063754.959660770] [foxglove_bridge]: Adding node /simple_scan_filter to the ignore list to prevent repeated timeouts or failures in future parameter requests.
[foxglove_bridge-1] [ERROR] [1783063754.961334354] [foxglove_bridge]: Failed to retrieve parameters from node '/m1_pwm_cmd_vel_bridge': Failed to retrieve parameter names for node '/m1_pwm_cmd_vel_bridge'
[foxglove_bridge-1] [WARN] [1783063754.961495854] [foxglove_bridge]: Adding node /m1_pwm_cmd_vel_bridge to the ignore list to prevent repeated timeouts or failures in future parameter requests.
[foxglove_bridge-1] [INFO] [1783063755.621533635] [foxglove_bridge]: publishing connection graph
[foxglove_bridge-1] [INFO] [1783063759.156376874] [foxglove_bridge]: publishing connection graph
[foxglove_bridge-1] [INFO] [1783063759.722733245] [foxglove_bridge]: publishing connection graph
[foxglove_bridge-1] [INFO] [1783063761.343594456] [foxglove_bridge]: publishing connection graph
[foxglove_bridge-1] [INFO] [1783063762.486923661] [foxglove_bridge]: publishing connection graph
[foxglove_bridge-1] [INFO] [1783063766.128966224] [foxglove_bridge]: publishing connection graph
[foxglove_bridge-1] [INFO] [1783063766.988355200] [foxglove_bridge]: publishing connection graph
[foxglove_bridge-1] [INFO] [1783063767.585185332] [foxglove_bridge]: publishing connection graph
[foxglove_bridge-1] [INFO] [1783063768.574726646] [foxglove_bridge]: publishing connection graph
[foxglove_bridge-1] [INFO] [1783063769.160765149] [foxglove_bridge]: publishing connection graph
[foxglove_bridge-1] [INFO] [1783063776.950012776] [foxglove_bridge]: publishing connection graph
[foxglove_bridge-1] [INFO] [1783063777.582529752] [foxglove_bridge]: publishing connection graph
[foxglove_bridge-1] [INFO] [1783063778.093186977] [foxglove_bridge]: Advertising new channel 56 for topic "/foxglove_click_planned_path"
[foxglove_bridge-1] [INFO] [1783063778.100955646] [foxglove_bridge]: Advertising new channel 57 for topic "/foxglove_click_goal_marker"
[foxglove_bridge-1] [INFO] [1783063778.106474315] [foxglove_bridge]: Advertising new channel 58 for topic "/foxglove_click_goal_label"
[foxglove_bridge-1] [INFO] [1783063778.112823900] [foxglove_bridge]: Advertising new channel 59 for topic "/foxglove_click_accepted_goal"
[foxglove_bridge-1] [INFO] [1783063778.118188569] [foxglove_bridge]: Advertising new channel 60 for topic "/foxglove_click_path_marker"
[foxglove_bridge-1] [INFO] [1783063778.549099181] [foxglove_bridge]: received subscribe request for channel 59 from client 4
[foxglove_bridge-1] [INFO] [1783063778.589683987] [foxglove_bridge]: Created ROS subscription on /foxglove_click_accepted_goal (geometry_msgs/msg/PoseStamped) for channel 59
[foxglove_bridge-1] [INFO] [1783063778.739708791] [foxglove_bridge]: publishing connection graph
[foxglove_bridge-1] [INFO] [1783063779.582704134] [foxglove_bridge]: publishing connection graph
[foxglove_bridge-1] [INFO] [1783063781.106414761] [foxglove_bridge]: publishing connection graph
[foxglove_bridge-1] [INFO] [1783063791.816540530] [foxglove_bridge]: publishing connection graph
[foxglove_bridge-1] [INFO] [1783063792.408254573] [foxglove_bridge]: publishing connection graph
[foxglove_bridge-1] [ERROR] [1783063796.992717862] [foxglove_bridge]: Failed to retrieve parameters from node '/foxglove_click_goal_bridge': Failed to retrieve parameter names for node '/foxglove_click_goal_bridge'
[foxglove_bridge-1] [WARN] [1783063796.992928904] [foxglove_bridge]: Adding node /foxglove_click_goal_bridge to the ignore list to prevent repeated timeouts or failures in future parameter requests.
[foxglove_bridge-1] [INFO] [1783064115.772053760] [foxglove_bridge]: publishing connection graph
[foxglove_bridge-1] [INFO] [1783064118.899516955] [foxglove_bridge]: publishing connection graph
[foxglove_bridge-1] [INFO] [1783064119.504645838] [foxglove_bridge]: publishing connection graph
[foxglove_bridge-1] [INFO] [1783064119.733972405] [rclcpp]: signal_handler(signum=2)
[foxglove_bridge-1] [INFO] [1783064119.741410073] [foxglove_bridge]: Shutting down foxglove_bridge
[foxglove_bridge-1] [INFO] [1783064120.011164485] [foxglove_bridge]: received unsubscribe request for channel 2 from client 1
[foxglove_bridge-1] [INFO] [1783064120.011257818] [foxglove_bridge]: received unsubscribe request for channel 8 from client 1
[foxglove_bridge-1] [INFO] [1783064120.011276026] [foxglove_bridge]: received unsubscribe request for channel 11 from client 1
[foxglove_bridge-1] [INFO] [1783064120.011291151] [foxglove_bridge]: received unsubscribe request for channel 9 from client 1
[foxglove_bridge-1] [INFO] [1783064120.011305026] [foxglove_bridge]: received unsubscribe request for channel 14 from client 1
[foxglove_bridge-1] [ERROR] [1783064124.087249992] [foxglove_bridge]: Failed to retrieve parameters from node '/pose_memory_node': Failed to retrieve parameter names for node '/pose_memory_node'
[foxglove_bridge-1] [WARN] [1783064124.087313451] [foxglove_bridge]: Adding node /pose_memory_node to the ignore list to prevent repeated timeouts or failures in future parameter requests.
[foxglove_bridge-1] [INFO] [1783064124.099887038] [foxglove_bridge]: received unsubscribe request for channel 8 from client 2
[foxglove_bridge-1] [INFO] [1783064124.099958621] [foxglove_bridge]: received unsubscribe request for channel 14 from client 2
[foxglove_bridge-1] [INFO] [1783064124.099978163] [foxglove_bridge]: received unsubscribe request for channel 2 from client 2
[foxglove_bridge-1] [INFO] [1783064124.099992579] [foxglove_bridge]: received unsubscribe request for channel 11 from client 2
[foxglove_bridge-1] [INFO] [1783064124.215213154] [foxglove_bridge]: received unsubscribe request for channel 2 from client 3
[foxglove_bridge-1] [INFO] [1783064124.215280613] [foxglove_bridge]: received unsubscribe request for channel 11 from client 3
[foxglove_bridge-1] [INFO] [1783064124.215299738] [foxglove_bridge]: received unsubscribe request for channel 4 from client 3
[foxglove_bridge-1] [INFO] [1783064124.215313904] [foxglove_bridge]: received unsubscribe request for channel 8 from client 3
[foxglove_bridge-1] [INFO] [1783064124.215327154] [foxglove_bridge]: received unsubscribe request for channel 14 from client 3
[foxglove_bridge-1] [INFO] [1783064124.215340279] [foxglove_bridge]: received unsubscribe request for channel 9 from client 3
[foxglove_bridge-1] [INFO] [1783064124.215352029] [foxglove_bridge]: Cleaned up ROS subscription for channel 9 (no more subscribers)
[foxglove_bridge-1] [INFO] [1783064124.324872186] [foxglove_bridge]: received connection graph subscribe request
[foxglove_bridge-1] [INFO] [1783064124.324970352] [foxglove_bridge]: received unsubscribe request for channel 52 from client 4
[foxglove_bridge-1] [INFO] [1783064124.324990561] [foxglove_bridge]: Cleaned up ROS subscription for channel 52 (no more subscribers)
[foxglove_bridge-1] [INFO] [1783064124.337191898] [foxglove_bridge]: received unsubscribe request for channel 27 from client 4
[foxglove_bridge-1] [INFO] [1783064124.337262689] [foxglove_bridge]: Cleaned up ROS subscription for channel 27 (no more subscribers)
[foxglove_bridge-1] [INFO] [1783064124.349282026] [foxglove_bridge]: received unsubscribe request for channel 46 from client 4
[foxglove_bridge-1] [INFO] [1783064124.349345193] [foxglove_bridge]: Cleaned up ROS subscription for channel 46 (no more subscribers)
[foxglove_bridge-1] [INFO] [1783064124.361449780] [foxglove_bridge]: received unsubscribe request for channel 38 from client 4
[foxglove_bridge-1] [INFO] [1783064124.361518738] [foxglove_bridge]: Cleaned up ROS subscription for channel 38 (no more subscribers)
[foxglove_bridge-1] [INFO] [1783064124.374488075] [foxglove_bridge]: received unsubscribe request for channel 47 from client 4
[foxglove_bridge-1] [INFO] [1783064124.374557117] [foxglove_bridge]: Cleaned up ROS subscription for channel 47 (no more subscribers)
[foxglove_bridge-1] [INFO] [1783064124.386407328] [foxglove_bridge]: received unsubscribe request for channel 35 from client 4
[foxglove_bridge-1] [INFO] [1783064124.386478204] [foxglove_bridge]: Cleaned up ROS subscription for channel 35 (no more subscribers)
[foxglove_bridge-1] [INFO] [1783064124.398643457] [foxglove_bridge]: received unsubscribe request for channel 59 from client 4
[foxglove_bridge-1] [INFO] [1783064124.398717124] [foxglove_bridge]: Cleaned up ROS subscription for channel 59 (no more subscribers)
[foxglove_bridge-1] [INFO] [1783064124.410540419] [foxglove_bridge]: received unsubscribe request for channel 32 from client 4
[foxglove_bridge-1] [INFO] [1783064124.410622752] [foxglove_bridge]: Cleaned up ROS subscription for channel 32 (no more subscribers)
[foxglove_bridge-1] [INFO] [1783064124.423110131] [foxglove_bridge]: received unsubscribe request for channel 4 from client 4
[foxglove_bridge-1] [INFO] [1783064124.423180506] [foxglove_bridge]: Cleaned up ROS subscription for channel 4 (no more subscribers)
[foxglove_bridge-1] [INFO] [1783064124.436073051] [foxglove_bridge]: received unsubscribe request for channel 2 from client 4
[foxglove_bridge-1] [INFO] [1783064124.436151051] [foxglove_bridge]: Cleaned up ROS subscription for channel 2 (no more subscribers)
[foxglove_bridge-1] [INFO] [1783064124.448172513] [foxglove_bridge]: received unsubscribe request for channel 8 from client 4
[foxglove_bridge-1] [INFO] [1783064124.450258347] [foxglove_bridge]: Cleaned up ROS subscription for channel 8 (no more subscribers)
[foxglove_bridge-1] [INFO] [1783064124.464326684] [foxglove_bridge]: received unsubscribe request for channel 53 from client 4
[foxglove_bridge-1] [INFO] [1783064124.466461310] [foxglove_bridge]: Cleaned up ROS subscription for channel 53 (no more subscribers)
[foxglove_bridge-1] [INFO] [1783064124.480060772] [foxglove_bridge]: received unsubscribe request for channel 31 from client 4
[foxglove_bridge-1] [INFO] [1783064124.482252148] [foxglove_bridge]: Cleaned up ROS subscription for channel 31 (no more subscribers)
[foxglove_bridge-1] [INFO] [1783064124.496814360] [foxglove_bridge]: received unsubscribe request for channel 21 from client 4
[foxglove_bridge-1] [INFO] [1783064124.498273486] [foxglove_bridge]: Cleaned up ROS subscription for channel 21 (no more subscribers)
[foxglove_bridge-1] [INFO] [1783064124.510556739] [foxglove_bridge]: received unsubscribe request for channel 14 from client 4
[foxglove_bridge-1] [INFO] [1783064124.510621989] [foxglove_bridge]: Cleaned up ROS subscription for channel 14 (no more subscribers)
[foxglove_bridge-1] [INFO] [1783064124.522864659] [foxglove_bridge]: received unsubscribe request for channel 11 from client 4
[foxglove_bridge-1] [INFO] [1783064124.522934951] [foxglove_bridge]: Cleaned up ROS subscription for channel 11 (no more subscribers)
[foxglove_bridge-1] [INFO] [1783064124.535852080] [foxglove_bridge]: received unsubscribe request for channel 33 from client 4
[foxglove_bridge-1] [INFO] [1783064124.535917413] [foxglove_bridge]: Cleaned up ROS subscription for channel 33 (no more subscribers)
[foxglove_bridge-1] [INFO] [1783064124.548364042] [foxglove_bridge]: received unsubscribe request for channel 24 from client 4
[foxglove_bridge-1] [INFO] [1783064124.548430917] [foxglove_bridge]: Cleaned up ROS subscription for channel 24 (no more subscribers)
[foxglove_bridge-1] [INFO] [1783064124.563065046] [foxglove_bridge]: Shutdown complete
