[INFO] [1783063669.454527020] [simple_scan_filter]: filter /scan -> /scan_filtered, keep=[0.18, 4.00], isolated_window=2, isolated_delta=0.25, min_support_neighbors=1
[INFO] [1783063683.117304052] [simple_scan_filter]: scan stats: n=404, zeros=96, nan=0, inf=0, finite_raw=308, finite_out=249, removed_isolated=5
[INFO] [1783063688.108764440] [simple_scan_filter]: scan stats: n=404, zeros=99, nan=0, inf=0, finite_raw=305, finite_out=245, removed_isolated=5
[INFO] [1783063693.105886658] [simple_scan_filter]: scan stats: n=404, zeros=95, nan=0, inf=0, finite_raw=309, finite_out=244, removed_isolated=7
[INFO] [1783063698.108523706] [simple_scan_filter]: scan stats: n=404, zeros=95, nan=0, inf=0, finite_raw=309, finite_out=247, removed_isolated=5
[INFO] [1783063703.096843701] [simple_scan_filter]: scan stats: n=404, zeros=97, nan=0, inf=0, finite_raw=307, finite_out=248, removed_isolated=5
[INFO] [1783063708.295678978] [simple_scan_filter]: scan stats: n=404, zeros=93, nan=0, inf=0, finite_raw=311, finite_out=243, removed_isolated=11
[INFO] [1783063713.292594923] [simple_scan_filter]: scan stats: n=404, zeros=89, nan=0, inf=0, finite_raw=315, finite_out=255, removed_isolated=6
[INFO] [1783063718.295166823] [simple_scan_filter]: scan stats: n=404, zeros=93, nan=0, inf=0, finite_raw=311, finite_out=246, removed_isolated=7
[INFO] [1783063723.284616129] [simple_scan_filter]: scan stats: n=404, zeros=96, nan=0, inf=0, finite_raw=308, finite_out=243, removed_isolated=7
[INFO] [1783063728.302084856] [simple_scan_filter]: scan stats: n=404, zeros=87, nan=0, inf=0, finite_raw=317, finite_out=254, removed_isolated=6
[INFO] [1783063733.281922814] [simple_scan_filter]: scan stats: n=404, zeros=90, nan=0, inf=0, finite_raw=314, finite_out=253, removed_isolated=7
[INFO] [1783063738.279227856] [simple_scan_filter]: scan stats: n=404, zeros=94, nan=0, inf=0, finite_raw=310, finite_out=245, removed_isolated=7
[INFO] [1783063743.279175269] [simple_scan_filter]: scan stats: n=404, zeros=96, nan=0, inf=0, finite_raw=308, finite_out=242, removed_isolated=7
[INFO] [1783063748.273455299] [simple_scan_filter]: scan stats: n=404, zeros=91, nan=0, inf=0, finite_raw=313, finite_out=251, removed_isolated=7
[INFO] [1783063753.275816451] [simple_scan_filter]: scan stats: n=404, zeros=85, nan=0, inf=0, finite_raw=319, finite_out=255, removed_isolated=8
[INFO] [1783063758.288840935] [simple_scan_filter]: scan stats: n=404, zeros=89, nan=0, inf=0, finite_raw=315, finite_out=247, removed_isolated=9
[INFO] [1783063763.284667990] [simple_scan_filter]: scan stats: n=404, zeros=94, nan=0, inf=0, finite_raw=310, finite_out=246, removed_isolated=9
[INFO] [1783063768.271160162] [simple_scan_filter]: scan stats: n=404, zeros=89, nan=0, inf=0, finite_raw=315, finite_out=250, removed_isolated=8
[INFO] [1783063773.272226000] [simple_scan_filter]: scan stats: n=404, zeros=91, nan=0, inf=0, finite_raw=313, finite_out=248, removed_isolated=9
[INFO] [1783063778.354421903] [simple_scan_filter]: scan stats: n=404, zeros=93, nan=0, inf=0, finite_raw=311, finite_out=245, removed_isolated=7
[INFO] [1783063783.263225822] [simple_scan_filter]: scan stats: n=404, zeros=89, nan=0, inf=0, finite_raw=315, finite_out=253, removed_isolated=7
[INFO] [1783063788.270480896] [simple_scan_filter]: scan stats: n=404, zeros=101, nan=0, inf=0, finite_raw=303, finite_out=238, removed_isolated=8
[INFO] [1783063793.250832913] [simple_scan_filter]: scan stats: n=404, zeros=108, nan=0, inf=0, finite_raw=296, finite_out=251, removed_isolated=7
[INFO] [1783063798.247626347] [simple_scan_filter]: scan stats: n=404, zeros=93, nan=0, inf=0, finite_raw=311, finite_out=250, removed_isolated=8
[INFO] [1783063803.243042817] [simple_scan_filter]: scan stats: n=404, zeros=91, nan=0, inf=0, finite_raw=313, finite_out=249, removed_isolated=10
[INFO] [1783063808.249147327] [simple_scan_filter]: scan stats: n=404, zeros=89, nan=0, inf=0, finite_raw=315, finite_out=253, removed_isolated=12
[INFO] [1783063813.245987912] [simple_scan_filter]: scan stats: n=404, zeros=90, nan=0, inf=0, finite_raw=314, finite_out=248, removed_isolated=6
[INFO] [1783063818.236966323] [simple_scan_filter]: scan stats: n=404, zeros=96, nan=0, inf=0, finite_raw=308, finite_out=236, removed_isolated=5
[INFO] [1783063823.228858853] [simple_scan_filter]: scan stats: n=404, zeros=131, nan=0, inf=0, finite_raw=273, finite_out=205, removed_isolated=7
[INFO] [1783063828.257301558] [simple_scan_filter]: scan stats: n=404, zeros=123, nan=0, inf=0, finite_raw=281, finite_out=215, removed_isolated=13
[INFO] [1783063833.232778155] [simple_scan_filter]: scan stats: n=404, zeros=117, nan=0, inf=0, finite_raw=287, finite_out=209, removed_isolated=13
[INFO] [1783063838.225621253] [simple_scan_filter]: scan stats: n=404, zeros=112, nan=0, inf=0, finite_raw=292, finite_out=219, removed_isolated=13
[INFO] [1783063843.224415348] [simple_scan_filter]: scan stats: n=404, zeros=112, nan=0, inf=0, finite_raw=292, finite_out=225, removed_isolated=9
[INFO] [1783063848.221173979] [simple_scan_filter]: scan stats: n=404, zeros=112, nan=0, inf=0, finite_raw=292, finite_out=239, removed_isolated=7
[INFO] [1783063853.216453895] [simple_scan_filter]: scan stats: n=404, zeros=61, nan=0, inf=0, finite_raw=343, finite_out=303, removed_isolated=3
[INFO] [1783063858.220258142] [simple_scan_filter]: scan stats: n=404, zeros=51, nan=0, inf=0, finite_raw=353, finite_out=328, removed_isolated=5
[INFO] [1783063863.210864255] [simple_scan_filter]: scan stats: n=404, zeros=44, nan=0, inf=0, finite_raw=360, finite_out=340, removed_isolated=0
[INFO] [1783063868.225723996] [simple_scan_filter]: scan stats: n=404, zeros=51, nan=0, inf=0, finite_raw=353, finite_out=335, removed_isolated=3
[INFO] [1783063873.215853931] [simple_scan_filter]: scan stats: n=404, zeros=42, nan=0, inf=0, finite_raw=362, finite_out=342, removed_isolated=1
[INFO] [1783063878.204684236] [simple_scan_filter]: scan stats: n=404, zeros=44, nan=0, inf=0, finite_raw=360, finite_out=342, removed_isolated=0
[INFO] [1783063883.214364792] [simple_scan_filter]: scan stats: n=404, zeros=49, nan=0, inf=0, finite_raw=355, finite_out=293, removed_isolated=0
[INFO] [1783063888.198953377] [simple_scan_filter]: scan stats: n=404, zeros=62, nan=0, inf=0, finite_raw=342, finite_out=322, removed_isolated=0
[INFO] [1783063893.203916629] [simple_scan_filter]: scan stats: n=404, zeros=65, nan=0, inf=0, finite_raw=339, finite_out=308, removed_isolated=3
[INFO] [1783063898.193200163] [simple_scan_filter]: scan stats: n=404, zeros=80, nan=0, inf=0, finite_raw=324, finite_out=281, removed_isolated=4
[INFO] [1783063903.190516487] [simple_scan_filter]: scan stats: n=404, zeros=111, nan=0, inf=0, finite_raw=293, finite_out=232, removed_isolated=4
[INFO] [1783063908.189558847] [simple_scan_filter]: scan stats: n=404, zeros=123, nan=0, inf=0, finite_raw=281, finite_out=212, removed_isolated=9
[INFO] [1783063913.188025202] [simple_scan_filter]: scan stats: n=404, zeros=135, nan=0, inf=0, finite_raw=269, finite_out=198, removed_isolated=9
[INFO] [1783063918.182396967] [simple_scan_filter]: scan stats: n=404, zeros=126, nan=0, inf=0, finite_raw=278, finite_out=192, removed_isolated=14
[INFO] [1783063923.179030395] [simple_scan_filter]: scan stats: n=404, zeros=128, nan=0, inf=0, finite_raw=276, finite_out=195, removed_isolated=11
[INFO] [1783063928.183566070] [simple_scan_filter]: scan stats: n=404, zeros=129, nan=0, inf=0, finite_raw=275, finite_out=211, removed_isolated=9
[INFO] [1783063933.178768945] [simple_scan_filter]: scan stats: n=404, zeros=119, nan=0, inf=0, finite_raw=285, finite_out=220, removed_isolated=12
[INFO] [1783063938.181050109] [simple_scan_filter]: scan stats: n=404, zeros=113, nan=0, inf=0, finite_raw=291, finite_out=217, removed_isolated=7
[INFO] [1783063943.174249890] [simple_scan_filter]: scan stats: n=404, zeros=103, nan=0, inf=0, finite_raw=301, finite_out=224, removed_isolated=10
[INFO] [1783063948.174414835] [simple_scan_filter]: scan stats: n=404, zeros=96, nan=0, inf=0, finite_raw=308, finite_out=226, removed_isolated=7
[INFO] [1783063953.166354689] [simple_scan_filter]: scan stats: n=404, zeros=85, nan=0, inf=0, finite_raw=319, finite_out=233, removed_isolated=6
[INFO] [1783063958.171057167] [simple_scan_filter]: scan stats: n=404, zeros=84, nan=0, inf=0, finite_raw=320, finite_out=236, removed_isolated=7
[INFO] [1783063963.161065677] [simple_scan_filter]: scan stats: n=404, zeros=85, nan=0, inf=0, finite_raw=319, finite_out=236, removed_isolated=6
[INFO] [1783063968.161105476] [simple_scan_filter]: scan stats: n=404, zeros=82, nan=0, inf=0, finite_raw=322, finite_out=238, removed_isolated=4
[INFO] [1783063973.175689692] [simple_scan_filter]: scan stats: n=404, zeros=90, nan=0, inf=0, finite_raw=314, finite_out=232, removed_isolated=8
[INFO] [1783063978.162385270] [simple_scan_filter]: scan stats: n=404, zeros=89, nan=0, inf=0, finite_raw=315, finite_out=228, removed_isolated=9
[INFO] [1783063983.162045096] [simple_scan_filter]: scan stats: n=404, zeros=82, nan=0, inf=0, finite_raw=322, finite_out=237, removed_isolated=5
[INFO] [1783063988.149840705] [simple_scan_filter]: scan stats: n=404, zeros=82, nan=0, inf=0, finite_raw=322, finite_out=235, removed_isolated=5
[INFO] [1783063993.146675813] [simple_scan_filter]: scan stats: n=404, zeros=76, nan=0, inf=0, finite_raw=328, finite_out=247, removed_isolated=2
[INFO] [1783063998.142107415] [simple_scan_filter]: scan stats: n=404, zeros=90, nan=0, inf=0, finite_raw=314, finite_out=231, removed_isolated=6
[INFO] [1783064003.141885096] [simple_scan_filter]: scan stats: n=404, zeros=81, nan=0, inf=0, finite_raw=323, finite_out=240, removed_isolated=5
[INFO] [1783064008.142734607] [simple_scan_filter]: scan stats: n=404, zeros=86, nan=0, inf=0, finite_raw=318, finite_out=235, removed_isolated=8
[INFO] [1783064013.139629944] [simple_scan_filter]: scan stats: n=404, zeros=90, nan=0, inf=0, finite_raw=314, finite_out=235, removed_isolated=6
[INFO] [1783064018.135211693] [simple_scan_filter]: scan stats: n=404, zeros=85, nan=0, inf=0, finite_raw=319, finite_out=239, removed_isolated=5
[INFO] [1783064023.138058606] [simple_scan_filter]: scan stats: n=404, zeros=89, nan=0, inf=0, finite_raw=315, finite_out=237, removed_isolated=8
[INFO] [1783064028.124378093] [simple_scan_filter]: scan stats: n=404, zeros=77, nan=0, inf=0, finite_raw=327, finite_out=245, removed_isolated=3
[INFO] [1783064033.119316702] [simple_scan_filter]: scan stats: n=404, zeros=80, nan=0, inf=0, finite_raw=324, finite_out=238, removed_isolated=4
[INFO] [1783064038.117977933] [simple_scan_filter]: scan stats: n=404, zeros=86, nan=0, inf=0, finite_raw=318, finite_out=236, removed_isolated=4
[INFO] [1783064043.117976200] [simple_scan_filter]: scan stats: n=404, zeros=88, nan=0, inf=0, finite_raw=316, finite_out=233, removed_isolated=8
[INFO] [1783064048.110896586] [simple_scan_filter]: scan stats: n=404, zeros=81, nan=0, inf=0, finite_raw=323, finite_out=237, removed_isolated=4
[INFO] [1783064053.110532136] [simple_scan_filter]: scan stats: n=404, zeros=86, nan=0, inf=0, finite_raw=318, finite_out=235, removed_isolated=4
[INFO] [1783064058.103644512] [simple_scan_filter]: scan stats: n=404, zeros=86, nan=0, inf=0, finite_raw=318, finite_out=231, removed_isolated=9
[INFO] [1783064063.099898510] [simple_scan_filter]: scan stats: n=404, zeros=84, nan=0, inf=0, finite_raw=320, finite_out=233, removed_isolated=7
[INFO] [1783064068.097696920] [simple_scan_filter]: scan stats: n=404, zeros=90, nan=0, inf=0, finite_raw=314, finite_out=239, removed_isolated=4
[INFO] [1783064073.096730034] [simple_scan_filter]: scan stats: n=404, zeros=89, nan=0, inf=0, finite_raw=315, finite_out=236, removed_isolated=7
[INFO] [1783064078.092134058] [simple_scan_filter]: scan stats: n=404, zeros=88, nan=0, inf=0, finite_raw=316, finite_out=232, removed_isolated=7
[INFO] [1783064083.089593079] [simple_scan_filter]: scan stats: n=404, zeros=91, nan=0, inf=0, finite_raw=313, finite_out=232, removed_isolated=3
[INFO] [1783064088.084703511] [simple_scan_filter]: scan stats: n=404, zeros=75, nan=0, inf=0, finite_raw=329, finite_out=243, removed_isolated=5
[INFO] [1783064093.087038607] [simple_scan_filter]: scan stats: n=404, zeros=85, nan=0, inf=0, finite_raw=319, finite_out=234, removed_isolated=7
[INFO] [1783064098.088500281] [simple_scan_filter]: scan stats: n=404, zeros=84, nan=0, inf=0, finite_raw=320, finite_out=236, removed_isolated=7
[INFO] [1783064103.078337989] [simple_scan_filter]: scan stats: n=404, zeros=88, nan=0, inf=0, finite_raw=316, finite_out=231, removed_isolated=8
[INFO] [1783064108.078697778] [simple_scan_filter]: scan stats: n=404, zeros=86, nan=0, inf=0, finite_raw=318, finite_out=233, removed_isolated=7
[INFO] [1783064113.076312396] [simple_scan_filter]: scan stats: n=404, zeros=89, nan=0, inf=0, finite_raw=315, finite_out=232, removed_isolated=4
[INFO] [1783064118.074210384] [simple_scan_filter]: scan stats: n=404, zeros=79, nan=0, inf=0, finite_raw=325, finite_out=239, removed_isolated=6
Traceback (most recent call last):
  File "/root/rdk_x5_vln_robot/ros2_bridge/simple_scan_filter.py", line 197, in <module>
    main()
  File "/root/rdk_x5_vln_robot/ros2_bridge/simple_scan_filter.py", line 191, in main
    rclpy.spin(node)
  File "/opt/ros/humble/local/lib/python3.10/dist-packages/rclpy/__init__.py", line 229, in spin
    executor.spin_once()
  File "/opt/ros/humble/local/lib/python3.10/dist-packages/rclpy/executors.py", line 751, in spin_once
    self._spin_once_impl(timeout_sec)
  File "/opt/ros/humble/local/lib/python3.10/dist-packages/rclpy/executors.py", line 740, in _spin_once_impl
    handler, entity, node = self.wait_for_ready_callbacks(timeout_sec=timeout_sec)
  File "/opt/ros/humble/local/lib/python3.10/dist-packages/rclpy/executors.py", line 723, in wait_for_ready_callbacks
    return next(self._cb_iter)
  File "/opt/ros/humble/local/lib/python3.10/dist-packages/rclpy/executors.py", line 624, in _wait_for_ready_callbacks
    raise ExternalShutdownException()
rclpy.executors.ExternalShutdownException
