[INFO] [1783316904.062995286] [simple_scan_filter]: filter /scan -> /scan_filtered, keep=[0.22, 4.00], isolated_window=2, isolated_delta=0.25, min_support_neighbors=1
[INFO] [1783316917.696540245] [simple_scan_filter]: scan stats: n=404, zeros=82, nan=0, inf=0, finite_raw=322, finite_out=311, removed_isolated=3
[INFO] [1783316922.694870253] [simple_scan_filter]: scan stats: n=404, zeros=79, nan=0, inf=0, finite_raw=325, finite_out=313, removed_isolated=3
[INFO] [1783316927.696609509] [simple_scan_filter]: scan stats: n=404, zeros=83, nan=0, inf=0, finite_raw=321, finite_out=313, removed_isolated=1
[INFO] [1783316932.692190475] [simple_scan_filter]: scan stats: n=404, zeros=74, nan=0, inf=0, finite_raw=330, finite_out=315, removed_isolated=3
[INFO] [1783316937.685332815] [simple_scan_filter]: scan stats: n=404, zeros=80, nan=0, inf=0, finite_raw=324, finite_out=311, removed_isolated=3
[INFO] [1783316942.811260059] [simple_scan_filter]: scan stats: n=404, zeros=83, nan=0, inf=0, finite_raw=321, finite_out=309, removed_isolated=3
[INFO] [1783316947.778093491] [simple_scan_filter]: scan stats: n=404, zeros=80, nan=0, inf=0, finite_raw=324, finite_out=312, removed_isolated=2
[INFO] [1783316952.775346619] [simple_scan_filter]: scan stats: n=404, zeros=80, nan=0, inf=0, finite_raw=324, finite_out=311, removed_isolated=4
[INFO] [1783316957.767967872] [simple_scan_filter]: scan stats: n=404, zeros=79, nan=0, inf=0, finite_raw=325, finite_out=311, removed_isolated=2
[INFO] [1783316962.768473787] [simple_scan_filter]: scan stats: n=404, zeros=82, nan=0, inf=0, finite_raw=322, finite_out=309, removed_isolated=4
[INFO] [1783316967.762311204] [simple_scan_filter]: scan stats: n=404, zeros=78, nan=0, inf=0, finite_raw=326, finite_out=313, removed_isolated=3
[INFO] [1783316972.757390828] [simple_scan_filter]: scan stats: n=404, zeros=76, nan=0, inf=0, finite_raw=328, finite_out=314, removed_isolated=2
[INFO] [1783316977.755548283] [simple_scan_filter]: scan stats: n=404, zeros=83, nan=0, inf=0, finite_raw=321, finite_out=307, removed_isolated=4
[INFO] [1783316982.755264070] [simple_scan_filter]: scan stats: n=404, zeros=84, nan=0, inf=0, finite_raw=320, finite_out=311, removed_isolated=2
[INFO] [1783316987.749851816] [simple_scan_filter]: scan stats: n=404, zeros=82, nan=0, inf=0, finite_raw=322, finite_out=308, removed_isolated=3
[INFO] [1783316992.743972019] [simple_scan_filter]: scan stats: n=404, zeros=79, nan=0, inf=0, finite_raw=325, finite_out=311, removed_isolated=3
[INFO] [1783316997.749177092] [simple_scan_filter]: scan stats: n=404, zeros=80, nan=0, inf=0, finite_raw=324, finite_out=309, removed_isolated=4
[INFO] [1783317002.737110421] [simple_scan_filter]: scan stats: n=404, zeros=79, nan=0, inf=0, finite_raw=325, finite_out=312, removed_isolated=3
[INFO] [1783317007.732389787] [simple_scan_filter]: scan stats: n=404, zeros=77, nan=0, inf=0, finite_raw=327, finite_out=314, removed_isolated=3
[INFO] [1783317012.728468569] [simple_scan_filter]: scan stats: n=404, zeros=80, nan=0, inf=0, finite_raw=324, finite_out=312, removed_isolated=3
[INFO] [1783317017.729574681] [simple_scan_filter]: scan stats: n=404, zeros=83, nan=0, inf=0, finite_raw=321, finite_out=311, removed_isolated=2
[INFO] [1783317022.722244670] [simple_scan_filter]: scan stats: n=404, zeros=84, nan=0, inf=0, finite_raw=320, finite_out=305, removed_isolated=3
[INFO] [1783317027.726088862] [simple_scan_filter]: scan stats: n=404, zeros=89, nan=0, inf=0, finite_raw=315, finite_out=307, removed_isolated=3
[INFO] [1783317032.728483054] [simple_scan_filter]: scan stats: n=404, zeros=77, nan=0, inf=0, finite_raw=327, finite_out=309, removed_isolated=4
[INFO] [1783317037.718870083] [simple_scan_filter]: scan stats: n=404, zeros=86, nan=0, inf=0, finite_raw=318, finite_out=310, removed_isolated=3
[INFO] [1783317042.715088483] [simple_scan_filter]: scan stats: n=404, zeros=76, nan=0, inf=0, finite_raw=328, finite_out=312, removed_isolated=4
[INFO] [1783317047.806558343] [simple_scan_filter]: scan stats: n=404, zeros=84, nan=0, inf=0, finite_raw=320, finite_out=310, removed_isolated=2
[INFO] [1783317052.701716242] [simple_scan_filter]: scan stats: n=404, zeros=82, nan=0, inf=0, finite_raw=322, finite_out=309, removed_isolated=3
[INFO] [1783317057.700345263] [simple_scan_filter]: scan stats: n=404, zeros=87, nan=0, inf=0, finite_raw=317, finite_out=310, removed_isolated=2
[INFO] [1783317062.702190574] [simple_scan_filter]: scan stats: n=404, zeros=81, nan=0, inf=0, finite_raw=323, finite_out=309, removed_isolated=4
[INFO] [1783317067.693452263] [simple_scan_filter]: scan stats: n=404, zeros=80, nan=0, inf=0, finite_raw=324, finite_out=309, removed_isolated=4
[INFO] [1783317072.691942698] [simple_scan_filter]: scan stats: n=404, zeros=81, nan=0, inf=0, finite_raw=323, finite_out=311, removed_isolated=2
[INFO] [1783317077.689100965] [simple_scan_filter]: scan stats: n=404, zeros=86, nan=0, inf=0, finite_raw=318, finite_out=311, removed_isolated=2
[INFO] [1783317082.693957687] [simple_scan_filter]: scan stats: n=404, zeros=84, nan=0, inf=0, finite_raw=320, finite_out=311, removed_isolated=1
[INFO] [1783317087.681338165] [simple_scan_filter]: scan stats: n=404, zeros=88, nan=0, inf=0, finite_raw=316, finite_out=310, removed_isolated=1
[INFO] [1783317092.681310720] [simple_scan_filter]: scan stats: n=404, zeros=84, nan=0, inf=0, finite_raw=320, finite_out=311, removed_isolated=1
[INFO] [1783317097.679996692] [simple_scan_filter]: scan stats: n=404, zeros=81, nan=0, inf=0, finite_raw=323, finite_out=309, removed_isolated=2
[INFO] [1783317102.670773665] [simple_scan_filter]: scan stats: n=404, zeros=83, nan=0, inf=0, finite_raw=321, finite_out=311, removed_isolated=2
[INFO] [1783317107.672758758] [simple_scan_filter]: scan stats: n=404, zeros=77, nan=0, inf=0, finite_raw=327, finite_out=315, removed_isolated=2
[INFO] [1783317112.668121186] [simple_scan_filter]: scan stats: n=404, zeros=90, nan=0, inf=0, finite_raw=314, finite_out=307, removed_isolated=2
[INFO] [1783317117.666026404] [simple_scan_filter]: scan stats: n=404, zeros=83, nan=0, inf=0, finite_raw=321, finite_out=312, removed_isolated=1
[INFO] [1783317122.659562997] [simple_scan_filter]: scan stats: n=404, zeros=84, nan=0, inf=0, finite_raw=320, finite_out=310, removed_isolated=2
[INFO] [1783317127.664599585] [simple_scan_filter]: scan stats: n=404, zeros=75, nan=0, inf=0, finite_raw=329, finite_out=315, removed_isolated=2
[INFO] [1783317132.653763928] [simple_scan_filter]: scan stats: n=404, zeros=78, nan=0, inf=0, finite_raw=326, finite_out=311, removed_isolated=3
[INFO] [1783317137.648753309] [simple_scan_filter]: scan stats: n=404, zeros=81, nan=0, inf=0, finite_raw=323, finite_out=308, removed_isolated=3
[INFO] [1783317142.651605686] [simple_scan_filter]: scan stats: n=404, zeros=83, nan=0, inf=0, finite_raw=321, finite_out=312, removed_isolated=1
[INFO] [1783317147.651631480] [simple_scan_filter]: scan stats: n=404, zeros=82, nan=0, inf=0, finite_raw=322, finite_out=310, removed_isolated=2
[INFO] [1783317152.645865109] [simple_scan_filter]: scan stats: n=404, zeros=84, nan=0, inf=0, finite_raw=320, finite_out=307, removed_isolated=2
[INFO] [1783317157.648259115] [simple_scan_filter]: scan stats: n=404, zeros=81, nan=0, inf=0, finite_raw=323, finite_out=311, removed_isolated=2
[INFO] [1783317162.634294899] [simple_scan_filter]: scan stats: n=404, zeros=85, nan=0, inf=0, finite_raw=319, finite_out=311, removed_isolated=3
[INFO] [1783317167.636960509] [simple_scan_filter]: scan stats: n=404, zeros=81, nan=0, inf=0, finite_raw=323, finite_out=311, removed_isolated=2
[INFO] [1783317172.631877078] [simple_scan_filter]: scan stats: n=404, zeros=83, nan=0, inf=0, finite_raw=321, finite_out=309, removed_isolated=3
[INFO] [1783317177.631189061] [simple_scan_filter]: scan stats: n=404, zeros=83, nan=0, inf=0, finite_raw=321, finite_out=312, removed_isolated=1
[INFO] [1783317182.636912874] [simple_scan_filter]: scan stats: n=404, zeros=81, nan=0, inf=0, finite_raw=323, finite_out=313, removed_isolated=3
[INFO] [1783317187.627982815] [simple_scan_filter]: scan stats: n=404, zeros=84, nan=0, inf=0, finite_raw=320, finite_out=307, removed_isolated=2
[INFO] [1783317192.625132961] [simple_scan_filter]: scan stats: n=404, zeros=85, nan=0, inf=0, finite_raw=319, finite_out=310, removed_isolated=1
[INFO] [1783317197.623539064] [simple_scan_filter]: scan stats: n=404, zeros=83, nan=0, inf=0, finite_raw=321, finite_out=309, removed_isolated=2
[INFO] [1783317202.615077167] [simple_scan_filter]: scan stats: n=404, zeros=85, nan=0, inf=0, finite_raw=319, finite_out=312, removed_isolated=2
[INFO] [1783317207.615633141] [simple_scan_filter]: scan stats: n=404, zeros=80, nan=0, inf=0, finite_raw=324, finite_out=309, removed_isolated=3
[INFO] [1783317212.608213283] [simple_scan_filter]: scan stats: n=404, zeros=84, nan=0, inf=0, finite_raw=320, finite_out=310, removed_isolated=2
[INFO] [1783317217.604687922] [simple_scan_filter]: scan stats: n=404, zeros=86, nan=0, inf=0, finite_raw=318, finite_out=308, removed_isolated=2
[INFO] [1783317222.603049475] [simple_scan_filter]: scan stats: n=404, zeros=87, nan=0, inf=0, finite_raw=317, finite_out=310, removed_isolated=2
[INFO] [1783317227.601726444] [simple_scan_filter]: scan stats: n=404, zeros=79, nan=0, inf=0, finite_raw=325, finite_out=312, removed_isolated=3
[INFO] [1783317232.620868404] [simple_scan_filter]: scan stats: n=404, zeros=82, nan=0, inf=0, finite_raw=322, finite_out=310, removed_isolated=3
[INFO] [1783317237.598997377] [simple_scan_filter]: scan stats: n=404, zeros=82, nan=0, inf=0, finite_raw=322, finite_out=309, removed_isolated=3
[INFO] [1783317242.609174879] [simple_scan_filter]: scan stats: n=404, zeros=82, nan=0, inf=0, finite_raw=322, finite_out=310, removed_isolated=2
[INFO] [1783317248.203041055] [simple_scan_filter]: scan stats: n=404, zeros=81, nan=0, inf=0, finite_raw=323, finite_out=310, removed_isolated=3
[INFO] [1783317254.188254430] [simple_scan_filter]: scan stats: n=404, zeros=85, nan=0, inf=0, finite_raw=319, finite_out=309, removed_isolated=2
[INFO] [1783317259.197690802] [simple_scan_filter]: scan stats: n=404, zeros=75, nan=0, inf=0, finite_raw=329, finite_out=315, removed_isolated=2
[INFO] [1783317264.181601849] [simple_scan_filter]: scan stats: n=404, zeros=80, nan=0, inf=0, finite_raw=324, finite_out=309, removed_isolated=4
[INFO] [1783317269.181433430] [simple_scan_filter]: scan stats: n=404, zeros=79, nan=0, inf=0, finite_raw=325, finite_out=309, removed_isolated=3
[INFO] [1783317274.175868136] [simple_scan_filter]: scan stats: n=404, zeros=82, nan=0, inf=0, finite_raw=322, finite_out=312, removed_isolated=2
[INFO] [1783317279.178293839] [simple_scan_filter]: scan stats: n=404, zeros=86, nan=0, inf=0, finite_raw=318, finite_out=311, removed_isolated=2
[INFO] [1783317284.180910081] [simple_scan_filter]: scan stats: n=404, zeros=81, nan=0, inf=0, finite_raw=323, finite_out=311, removed_isolated=2
[INFO] [1783317289.170711785] [simple_scan_filter]: scan stats: n=404, zeros=82, nan=0, inf=0, finite_raw=322, finite_out=311, removed_isolated=3
[INFO] [1783317294.167905193] [simple_scan_filter]: scan stats: n=404, zeros=81, nan=0, inf=0, finite_raw=323, finite_out=311, removed_isolated=2
[INFO] [1783317299.164405517] [simple_scan_filter]: scan stats: n=404, zeros=80, nan=0, inf=0, finite_raw=324, finite_out=312, removed_isolated=2
[INFO] [1783317304.162005214] [simple_scan_filter]: scan stats: n=404, zeros=82, nan=0, inf=0, finite_raw=322, finite_out=312, removed_isolated=2
[INFO] [1783317309.178735736] [simple_scan_filter]: scan stats: n=404, zeros=79, nan=0, inf=0, finite_raw=325, finite_out=312, removed_isolated=2
[INFO] [1783317314.163196560] [simple_scan_filter]: scan stats: n=404, zeros=82, nan=0, inf=0, finite_raw=322, finite_out=310, removed_isolated=2
[INFO] [1783317319.154169505] [simple_scan_filter]: scan stats: n=404, zeros=86, nan=0, inf=0, finite_raw=318, finite_out=308, removed_isolated=2
[INFO] [1783317324.156111736] [simple_scan_filter]: scan stats: n=404, zeros=82, nan=0, inf=0, finite_raw=322, finite_out=311, removed_isolated=3
[INFO] [1783317329.148428386] [simple_scan_filter]: scan stats: n=404, zeros=83, nan=0, inf=0, finite_raw=321, finite_out=312, removed_isolated=1
[INFO] [1783317334.144993824] [simple_scan_filter]: scan stats: n=404, zeros=80, nan=0, inf=0, finite_raw=324, finite_out=313, removed_isolated=1
Traceback (most recent call last):
  File "/root/rdk_x5_vln_robot/ros2_bridge/simple_scan_filter.py", line 197, in <module>
    main()
  File "/root/rdk_x5_vln_robot/ros2_bridge/simple_scan_filter.py", line 191, in main
    rclpy.spin(node)
  File "/opt/ros/humble/local/lib/python3.10/dist-packages/rclpy/__init__.py", line 229, in spin
    executor.spin_once()
  File "/opt/ros/humble/local/lib/python3.10/dist-packages/rclpy/executors.py", line 751, in spin_once
    self._spin_once_impl(timeout_sec)
  File "/opt/ros/humble/local/lib/python3.10/dist-packages/rclpy/executors.py", line 740, in _spin_once_impl
    handler, entity, node = self.wait_for_ready_callbacks(timeout_sec=timeout_sec)
  File "/opt/ros/humble/local/lib/python3.10/dist-packages/rclpy/executors.py", line 723, in wait_for_ready_callbacks
    return next(self._cb_iter)
  File "/opt/ros/humble/local/lib/python3.10/dist-packages/rclpy/executors.py", line 624, in _wait_for_ready_callbacks
    raise ExternalShutdownException()
rclpy.executors.ExternalShutdownException
