[INFO] [1783054829.326751958] [foxglove_click_goal_bridge]: Foxglove click goal bridge started.
[INFO] [1783054829.333159496] [foxglove_click_goal_bridge]: Listening point click topic:
[INFO] [1783054829.341481992] [foxglove_click_goal_bridge]:   /foxglove_goal_point
[INFO] [1783054829.344813574] [foxglove_click_goal_bridge]:   geometry_msgs/msg/PointStamped
[INFO] [1783054829.349980321] [foxglove_click_goal_bridge]: Listening pose click topic:
[INFO] [1783054829.353405861] [foxglove_click_goal_bridge]:   /foxglove_goal_pose
[INFO] [1783054829.358396816] [foxglove_click_goal_bridge]:   geometry_msgs/msg/PoseStamped
[INFO] [1783054829.361716815] [foxglove_click_goal_bridge]: Recommended Foxglove tool:
[INFO] [1783054829.365150480] [foxglove_click_goal_bridge]:   Publish -> 2D point -> /foxglove_goal_point
[INFO] [1783054829.368699936] [foxglove_click_goal_bridge]: Visual path topic: /foxglove_click_planned_path
[INFO] [1783054863.044437011] [foxglove_click_goal_bridge]: Received Foxglove clicked point: frame_id=map, x=0.500, y=0.000, goal_yaw=0.438
[INFO] [1783054863.049936591] [foxglove_click_goal_bridge]: [1] Accepted goal: frame=map, x=0.500, y=0.000
[INFO] [1783054863.135273218] [foxglove_click_goal_bridge]: [1] NavigateToPose goal accepted. Robot should start planning/following.
[INFO] [1783054863.148006920] [foxglove_click_goal_bridge]: [1] Planned path published: 16 poses -> /foxglove_click_planned_path
[INFO] [1783054863.172728075] [foxglove_click_goal_bridge]: [1] navigating: distance_remaining=0.000 m, recoveries=0
[INFO] [1783054865.178476754] [foxglove_click_goal_bridge]: [1] navigating: distance_remaining=0.389 m, recoveries=1
[INFO] [1783054866.456551571] [foxglove_click_goal_bridge]: [1] Navigation succeeded. status=4
[INFO] [1783054866.462417485] [foxglove_click_goal_bridge]: Navigation succeeded. Current pose will be updated by pose_memory_node.
[INFO] [1783055074.661693102] [foxglove_click_goal_bridge]: Received Foxglove clicked point: frame_id=map, x=1.840, y=1.710, goal_yaw=0.587
[INFO] [1783055074.668683891] [foxglove_click_goal_bridge]: [2] Accepted goal: frame=map, x=1.840, y=1.710
[INFO] [1783055074.905695455] [foxglove_click_goal_bridge]: [2] navigating: distance_remaining=3.542 m, recoveries=0
[INFO] [1783055074.914866577] [foxglove_click_goal_bridge]: [2] NavigateToPose goal accepted. Robot should start planning/following.
[INFO] [1783055074.935080364] [foxglove_click_goal_bridge]: [2] Planned path published: 143 poses -> /foxglove_click_planned_path
[INFO] [1783055076.907488726] [foxglove_click_goal_bridge]: [2] navigating: distance_remaining=3.532 m, recoveries=0
[INFO] [1783055078.908838210] [foxglove_click_goal_bridge]: [2] navigating: distance_remaining=3.466 m, recoveries=0
[INFO] [1783055080.916160570] [foxglove_click_goal_bridge]: [2] navigating: distance_remaining=3.317 m, recoveries=0
[INFO] [1783055082.941578762] [foxglove_click_goal_bridge]: [2] navigating: distance_remaining=3.346 m, recoveries=0
[INFO] [1783055084.940516381] [foxglove_click_goal_bridge]: [2] navigating: distance_remaining=2.963 m, recoveries=1
[INFO] [1783055086.946792667] [foxglove_click_goal_bridge]: [2] navigating: distance_remaining=2.567 m, recoveries=1
[INFO] [1783055088.952806957] [foxglove_click_goal_bridge]: [2] navigating: distance_remaining=2.467 m, recoveries=1
[INFO] [1783055090.970007456] [foxglove_click_goal_bridge]: [2] navigating: distance_remaining=2.238 m, recoveries=1
[INFO] [1783055092.971475379] [foxglove_click_goal_bridge]: [2] navigating: distance_remaining=2.191 m, recoveries=1
[INFO] [1783055094.976718678] [foxglove_click_goal_bridge]: [2] navigating: distance_remaining=1.742 m, recoveries=1
[INFO] [1783055096.999823852] [foxglove_click_goal_bridge]: [2] navigating: distance_remaining=1.771 m, recoveries=1
[INFO] [1783055098.999114992] [foxglove_click_goal_bridge]: [2] navigating: distance_remaining=1.671 m, recoveries=1
[INFO] [1783055100.998346428] [foxglove_click_goal_bridge]: [2] navigating: distance_remaining=1.473 m, recoveries=1
[INFO] [1783055103.002174782] [foxglove_click_goal_bridge]: [2] navigating: distance_remaining=1.407 m, recoveries=1
[INFO] [1783055105.009206138] [foxglove_click_goal_bridge]: [2] navigating: distance_remaining=1.197 m, recoveries=1
[INFO] [1783055107.016996414] [foxglove_click_goal_bridge]: [2] navigating: distance_remaining=0.992 m, recoveries=1
[INFO] [1783055109.018786945] [foxglove_click_goal_bridge]: [2] navigating: distance_remaining=0.792 m, recoveries=1
[INFO] [1783055111.024794644] [foxglove_click_goal_bridge]: [2] navigating: distance_remaining=0.761 m, recoveries=1
[INFO] [1783055113.030772388] [foxglove_click_goal_bridge]: [2] navigating: distance_remaining=0.492 m, recoveries=1
[INFO] [1783055115.036866426] [foxglove_click_goal_bridge]: [2] navigating: distance_remaining=0.905 m, recoveries=1
[INFO] [1783055116.505342049] [foxglove_click_goal_bridge]: [2] Navigation succeeded. status=4
[INFO] [1783055116.509783048] [foxglove_click_goal_bridge]: Navigation succeeded. Current pose will be updated by pose_memory_node.
[INFO] [1783055646.440511057] [foxglove_click_goal_bridge]: Received Foxglove clicked point: frame_id=map, x=0.800, y=0.300, goal_yaw=0.226
[INFO] [1783055646.444988174] [foxglove_click_goal_bridge]: [3] Accepted goal: frame=map, x=0.800, y=0.300
[INFO] [1783055646.748200782] [foxglove_click_goal_bridge]: [3] Planned path published: 142 poses -> /foxglove_click_planned_path
[INFO] [1783055646.802395474] [foxglove_click_goal_bridge]: [3] navigating: distance_remaining=0.174 m, recoveries=0
[INFO] [1783055646.811216374] [foxglove_click_goal_bridge]: [3] NavigateToPose goal accepted. Robot should start planning/following.
[INFO] [1783055648.801333508] [foxglove_click_goal_bridge]: [3] navigating: distance_remaining=0.199 m, recoveries=3
[INFO] [1783055650.816159151] [foxglove_click_goal_bridge]: [3] navigating: distance_remaining=0.224 m, recoveries=3
[INFO] [1783055652.815934252] [foxglove_click_goal_bridge]: [3] navigating: distance_remaining=0.199 m, recoveries=3
[INFO] [1783055654.824555307] [foxglove_click_goal_bridge]: [3] navigating: distance_remaining=3.365 m, recoveries=3
[INFO] [1783055656.833837124] [foxglove_click_goal_bridge]: [3] navigating: distance_remaining=3.507 m, recoveries=3
[INFO] [1783055658.835361385] [foxglove_click_goal_bridge]: [3] navigating: distance_remaining=3.449 m, recoveries=3
[INFO] [1783055660.843164731] [foxglove_click_goal_bridge]: [3] navigating: distance_remaining=3.449 m, recoveries=3
[INFO] [1783055662.853917250] [foxglove_click_goal_bridge]: [3] navigating: distance_remaining=3.449 m, recoveries=3
[INFO] [1783055664.864940407] [foxglove_click_goal_bridge]: [3] navigating: distance_remaining=3.449 m, recoveries=3
[INFO] [1783055666.884192111] [foxglove_click_goal_bridge]: [3] navigating: distance_remaining=3.449 m, recoveries=3
[INFO] [1783055668.875648628] [foxglove_click_goal_bridge]: [3] navigating: distance_remaining=3.455 m, recoveries=3
[INFO] [1783055670.875681515] [foxglove_click_goal_bridge]: [3] navigating: distance_remaining=3.449 m, recoveries=3
[INFO] [1783055672.884622398] [foxglove_click_goal_bridge]: [3] navigating: distance_remaining=3.344 m, recoveries=4
[INFO] [1783055674.882676944] [foxglove_click_goal_bridge]: [3] navigating: distance_remaining=3.344 m, recoveries=4
[INFO] [1783055676.892744188] [foxglove_click_goal_bridge]: [3] navigating: distance_remaining=3.373 m, recoveries=4
[INFO] [1783055678.896978543] [foxglove_click_goal_bridge]: [3] navigating: distance_remaining=3.373 m, recoveries=4
[INFO] [1783055680.902193910] [foxglove_click_goal_bridge]: [3] navigating: distance_remaining=3.374 m, recoveries=4
[INFO] [1783055682.905812420] [foxglove_click_goal_bridge]: [3] navigating: distance_remaining=3.344 m, recoveries=4
[INFO] [1783055684.918091052] [foxglove_click_goal_bridge]: [3] navigating: distance_remaining=3.323 m, recoveries=4
[INFO] [1783055686.918558473] [foxglove_click_goal_bridge]: [3] navigating: distance_remaining=3.344 m, recoveries=4
[INFO] [1783055688.930372594] [foxglove_click_goal_bridge]: [3] navigating: distance_remaining=3.344 m, recoveries=4
[INFO] [1783055690.935065952] [foxglove_click_goal_bridge]: [3] navigating: distance_remaining=3.344 m, recoveries=4
[INFO] [1783055692.933023548] [foxglove_click_goal_bridge]: [3] navigating: distance_remaining=3.370 m, recoveries=4
[INFO] [1783055694.935975813] [foxglove_click_goal_bridge]: [3] navigating: distance_remaining=3.344 m, recoveries=4
[INFO] [1783055696.937086931] [foxglove_click_goal_bridge]: [3] navigating: distance_remaining=3.373 m, recoveries=4
[INFO] [1783055698.943366552] [foxglove_click_goal_bridge]: [3] navigating: distance_remaining=3.344 m, recoveries=4
[INFO] [1783055700.946959942] [foxglove_click_goal_bridge]: [3] navigating: distance_remaining=3.323 m, recoveries=4
[INFO] [1783055702.953445591] [foxglove_click_goal_bridge]: [3] navigating: distance_remaining=3.344 m, recoveries=4
[INFO] [1783055704.964023371] [foxglove_click_goal_bridge]: [3] navigating: distance_remaining=3.374 m, recoveries=4
[INFO] [1783055706.980096404] [foxglove_click_goal_bridge]: [3] navigating: distance_remaining=3.344 m, recoveries=4
[INFO] [1783055708.987565427] [foxglove_click_goal_bridge]: [3] navigating: distance_remaining=3.344 m, recoveries=4
[INFO] [1783055710.991154346] [foxglove_click_goal_bridge]: [3] navigating: distance_remaining=3.374 m, recoveries=4
[INFO] [1783055713.006865547] [foxglove_click_goal_bridge]: [3] navigating: distance_remaining=3.374 m, recoveries=4
[INFO] [1783055715.015439151] [foxglove_click_goal_bridge]: [3] navigating: distance_remaining=3.344 m, recoveries=4
[INFO] [1783055717.010100922] [foxglove_click_goal_bridge]: [3] navigating: distance_remaining=3.398 m, recoveries=4
[INFO] [1783055719.021161049] [foxglove_click_goal_bridge]: [3] navigating: distance_remaining=3.370 m, recoveries=5
[INFO] [1783055721.016138554] [foxglove_click_goal_bridge]: [3] navigating: distance_remaining=3.370 m, recoveries=5
[INFO] [1783055723.019892598] [foxglove_click_goal_bridge]: [3] navigating: distance_remaining=3.370 m, recoveries=5
[INFO] [1783055725.033235511] [foxglove_click_goal_bridge]: [3] navigating: distance_remaining=3.398 m, recoveries=5
[INFO] [1783055727.044410609] [foxglove_click_goal_bridge]: [3] navigating: distance_remaining=3.370 m, recoveries=5
[INFO] [1783055729.061315418] [foxglove_click_goal_bridge]: [3] navigating: distance_remaining=3.370 m, recoveries=5
[INFO] [1783055731.099308699] [foxglove_click_goal_bridge]: [3] navigating: distance_remaining=3.370 m, recoveries=5
[INFO] [1783055733.178572664] [foxglove_click_goal_bridge]: [3] navigating: distance_remaining=3.425 m, recoveries=5
[INFO] [1783055735.223158419] [foxglove_click_goal_bridge]: [3] navigating: distance_remaining=3.344 m, recoveries=5
[INFO] [1783055737.294239595] [foxglove_click_goal_bridge]: [3] navigating: distance_remaining=3.370 m, recoveries=5
[INFO] [1783055739.426843376] [foxglove_click_goal_bridge]: [3] navigating: distance_remaining=3.339 m, recoveries=5
[INFO] [1783055741.516895877] [foxglove_click_goal_bridge]: [3] navigating: distance_remaining=3.393 m, recoveries=5
[INFO] [1783055743.556033157] [foxglove_click_goal_bridge]: [3] navigating: distance_remaining=3.339 m, recoveries=5
[INFO] [1783055745.557198647] [foxglove_click_goal_bridge]: [3] navigating: distance_remaining=3.370 m, recoveries=5
[INFO] [1783055747.565560678] [foxglove_click_goal_bridge]: [3] navigating: distance_remaining=3.370 m, recoveries=5
[INFO] [1783055749.573580806] [foxglove_click_goal_bridge]: [3] navigating: distance_remaining=3.370 m, recoveries=5
[INFO] [1783055751.585719564] [foxglove_click_goal_bridge]: [3] navigating: distance_remaining=3.398 m, recoveries=5
[INFO] [1783055753.592978969] [foxglove_click_goal_bridge]: [3] navigating: distance_remaining=3.370 m, recoveries=5
[INFO] [1783055755.598885348] [foxglove_click_goal_bridge]: [3] navigating: distance_remaining=3.370 m, recoveries=5
[INFO] [1783055757.599770916] [foxglove_click_goal_bridge]: [3] navigating: distance_remaining=3.370 m, recoveries=5
[INFO] [1783055759.614810345] [foxglove_click_goal_bridge]: [3] navigating: distance_remaining=3.370 m, recoveries=5
[INFO] [1783055761.623497257] [foxglove_click_goal_bridge]: [3] navigating: distance_remaining=3.370 m, recoveries=5
[INFO] [1783055763.622549991] [foxglove_click_goal_bridge]: [3] navigating: distance_remaining=3.425 m, recoveries=5
[INFO] [1783055765.627837601] [foxglove_click_goal_bridge]: [3] navigating: distance_remaining=3.425 m, recoveries=5
[INFO] [1783055767.655381767] [foxglove_click_goal_bridge]: [3] navigating: distance_remaining=3.425 m, recoveries=5
[INFO] [1783055769.659948903] [foxglove_click_goal_bridge]: [3] navigating: distance_remaining=3.425 m, recoveries=5
[INFO] [1783055771.687820843] [foxglove_click_goal_bridge]: [3] navigating: distance_remaining=3.370 m, recoveries=5
[INFO] [1783055773.698078411] [foxglove_click_goal_bridge]: [3] navigating: distance_remaining=3.370 m, recoveries=5
[INFO] [1783055775.709558947] [foxglove_click_goal_bridge]: [3] navigating: distance_remaining=3.374 m, recoveries=5
[INFO] [1783055777.702029280] [foxglove_click_goal_bridge]: [3] navigating: distance_remaining=3.374 m, recoveries=6
[INFO] [1783055779.710907054] [foxglove_click_goal_bridge]: [3] navigating: distance_remaining=3.374 m, recoveries=6
[INFO] [1783055781.711535105] [foxglove_click_goal_bridge]: [3] navigating: distance_remaining=3.374 m, recoveries=6
[INFO] [1783055783.748605561] [foxglove_click_goal_bridge]: [3] navigating: distance_remaining=3.367 m, recoveries=6
[INFO] [1783055785.886606018] [foxglove_click_goal_bridge]: [3] navigating: distance_remaining=3.344 m, recoveries=6
[INFO] [1783055787.897920587] [foxglove_click_goal_bridge]: [3] navigating: distance_remaining=3.344 m, recoveries=6
[INFO] [1783055789.942719193] [foxglove_click_goal_bridge]: [3] navigating: distance_remaining=3.344 m, recoveries=6
[INFO] [1783055791.980517823] [foxglove_click_goal_bridge]: [3] navigating: distance_remaining=3.344 m, recoveries=6
[INFO] [1783055794.073431494] [foxglove_click_goal_bridge]: [3] navigating: distance_remaining=3.344 m, recoveries=6
[INFO] [1783055796.250561782] [foxglove_click_goal_bridge]: [3] navigating: distance_remaining=3.344 m, recoveries=6
[INFO] [1783055798.255574882] [foxglove_click_goal_bridge]: [3] navigating: distance_remaining=3.344 m, recoveries=6
[INFO] [1783055800.332957702] [foxglove_click_goal_bridge]: [3] navigating: distance_remaining=3.344 m, recoveries=6
[INFO] [1783055802.438550611] [foxglove_click_goal_bridge]: [3] navigating: distance_remaining=3.344 m, recoveries=6
[INFO] [1783055804.491535790] [foxglove_click_goal_bridge]: [3] navigating: distance_remaining=3.318 m, recoveries=6
[INFO] [1783055806.570745103] [foxglove_click_goal_bridge]: [3] navigating: distance_remaining=3.344 m, recoveries=6
[INFO] [1783055808.641206984] [foxglove_click_goal_bridge]: [3] navigating: distance_remaining=3.348 m, recoveries=6
[INFO] [1783055810.724270523] [foxglove_click_goal_bridge]: [3] navigating: distance_remaining=3.344 m, recoveries=6
[INFO] [1783055812.740851229] [foxglove_click_goal_bridge]: [3] navigating: distance_remaining=3.318 m, recoveries=6
[INFO] [1783055814.741796348] [foxglove_click_goal_bridge]: [3] navigating: distance_remaining=3.323 m, recoveries=6
[INFO] [1783055816.751200922] [foxglove_click_goal_bridge]: [3] navigating: distance_remaining=3.344 m, recoveries=6
[INFO] [1783055818.760199967] [foxglove_click_goal_bridge]: [3] navigating: distance_remaining=3.318 m, recoveries=6
[INFO] [1783055820.768641023] [foxglove_click_goal_bridge]: [3] navigating: distance_remaining=3.344 m, recoveries=6
[INFO] [1783055822.776437426] [foxglove_click_goal_bridge]: [3] navigating: distance_remaining=3.344 m, recoveries=6
[INFO] [1783055824.789025707] [foxglove_click_goal_bridge]: [3] navigating: distance_remaining=3.344 m, recoveries=6
[INFO] [1783055826.798169796] [foxglove_click_goal_bridge]: [3] navigating: distance_remaining=3.344 m, recoveries=6
[INFO] [1783055828.798962994] [foxglove_click_goal_bridge]: [3] navigating: distance_remaining=3.344 m, recoveries=6
[INFO] [1783055830.813472096] [foxglove_click_goal_bridge]: [3] navigating: distance_remaining=3.344 m, recoveries=6
[INFO] [1783055832.814535982] [foxglove_click_goal_bridge]: [3] navigating: distance_remaining=3.344 m, recoveries=8
[INFO] [1783055834.814758755] [foxglove_click_goal_bridge]: [3] navigating: distance_remaining=3.344 m, recoveries=8
[INFO] [1783055836.832091720] [foxglove_click_goal_bridge]: [3] navigating: distance_remaining=3.317 m, recoveries=8
[INFO] [1783055838.837247049] [foxglove_click_goal_bridge]: [3] navigating: distance_remaining=3.317 m, recoveries=8
[INFO] [1783055840.845157092] [foxglove_click_goal_bridge]: [3] navigating: distance_remaining=3.531 m, recoveries=8
[INFO] [1783055842.858573762] [foxglove_click_goal_bridge]: [3] navigating: distance_remaining=3.600 m, recoveries=8
[INFO] [1783055844.864018331] [foxglove_click_goal_bridge]: [3] navigating: distance_remaining=7.151 m, recoveries=8
[INFO] [1783055846.865420751] [foxglove_click_goal_bridge]: [3] navigating: distance_remaining=3.739 m, recoveries=8
[INFO] [1783055848.869606176] [foxglove_click_goal_bridge]: [3] navigating: distance_remaining=3.710 m, recoveries=8
[INFO] [1783055850.869977452] [foxglove_click_goal_bridge]: [3] navigating: distance_remaining=3.728 m, recoveries=8
[INFO] [1783055852.876630729] [foxglove_click_goal_bridge]: [3] navigating: distance_remaining=3.742 m, recoveries=8
[INFO] [1783055854.895604329] [foxglove_click_goal_bridge]: [3] navigating: distance_remaining=3.734 m, recoveries=8
[INFO] [1783055856.948546137] [foxglove_click_goal_bridge]: [3] navigating: distance_remaining=3.743 m, recoveries=8
[INFO] [1783055859.021763174] [foxglove_click_goal_bridge]: [3] navigating: distance_remaining=3.743 m, recoveries=8
[INFO] [1783055861.049771877] [foxglove_click_goal_bridge]: [3] navigating: distance_remaining=3.743 m, recoveries=8
[INFO] [1783055863.142448156] [foxglove_click_goal_bridge]: [3] navigating: distance_remaining=3.734 m, recoveries=8
[INFO] [1783055865.230370204] [foxglove_click_goal_bridge]: [3] navigating: distance_remaining=3.743 m, recoveries=8
[INFO] [1783055867.446106023] [foxglove_click_goal_bridge]: [3] navigating: distance_remaining=3.743 m, recoveries=8
[INFO] [1783055869.449373849] [foxglove_click_goal_bridge]: [3] navigating: distance_remaining=3.735 m, recoveries=8
[INFO] [1783055871.459661758] [foxglove_click_goal_bridge]: [3] navigating: distance_remaining=3.743 m, recoveries=8
[INFO] [1783055873.551239178] [foxglove_click_goal_bridge]: [3] navigating: distance_remaining=3.732 m, recoveries=8
[INFO] [1783055875.714933915] [foxglove_click_goal_bridge]: [3] navigating: distance_remaining=3.732 m, recoveries=8
[INFO] [1783055877.808390396] [foxglove_click_goal_bridge]: [3] navigating: distance_remaining=3.732 m, recoveries=8
[INFO] [1783055879.869743644] [foxglove_click_goal_bridge]: [3] navigating: distance_remaining=3.734 m, recoveries=8
[INFO] [1783055881.872416950] [foxglove_click_goal_bridge]: [3] navigating: distance_remaining=3.743 m, recoveries=8
[INFO] [1783055883.941933124] [foxglove_click_goal_bridge]: [3] navigating: distance_remaining=3.733 m, recoveries=8
[INFO] [1783055886.111062326] [foxglove_click_goal_bridge]: [3] navigating: distance_remaining=3.743 m, recoveries=8
[INFO] [1783055888.113204039] [foxglove_click_goal_bridge]: [3] navigating: distance_remaining=3.743 m, recoveries=8
[INFO] [1783055890.135785981] [foxglove_click_goal_bridge]: [3] navigating: distance_remaining=3.741 m, recoveries=8
[INFO] [1783055892.253575542] [foxglove_click_goal_bridge]: [3] navigating: distance_remaining=3.743 m, recoveries=8
[INFO] [1783055894.328039053] [foxglove_click_goal_bridge]: [3] navigating: distance_remaining=3.732 m, recoveries=8
[INFO] [1783055896.466953063] [foxglove_click_goal_bridge]: [3] navigating: distance_remaining=3.732 m, recoveries=8
[INFO] [1783055898.499605239] [foxglove_click_goal_bridge]: [3] navigating: distance_remaining=3.743 m, recoveries=8
[INFO] [1783055900.595420792] [foxglove_click_goal_bridge]: [3] navigating: distance_remaining=3.743 m, recoveries=9
[INFO] [1783055902.599921405] [foxglove_click_goal_bridge]: [3] navigating: distance_remaining=3.508 m, recoveries=9
[INFO] [1783055904.602068906] [foxglove_click_goal_bridge]: [3] navigating: distance_remaining=3.508 m, recoveries=9
[INFO] [1783055906.608962992] [foxglove_click_goal_bridge]: [3] navigating: distance_remaining=3.507 m, recoveries=9
[INFO] [1783055908.616702879] [foxglove_click_goal_bridge]: [3] navigating: distance_remaining=3.508 m, recoveries=9
[INFO] [1783055910.640206794] [foxglove_click_goal_bridge]: [3] navigating: distance_remaining=3.517 m, recoveries=9
[INFO] [1783055912.648747574] [foxglove_click_goal_bridge]: [3] navigating: distance_remaining=3.517 m, recoveries=10
[INFO] [1783055914.659362818] [foxglove_click_goal_bridge]: [3] navigating: distance_remaining=3.517 m, recoveries=10
[INFO] [1783055916.663886498] [foxglove_click_goal_bridge]: [3] navigating: distance_remaining=3.513 m, recoveries=10
[INFO] [1783055918.663909651] [foxglove_click_goal_bridge]: [3] navigating: distance_remaining=3.523 m, recoveries=10
[INFO] [1783055920.672657593] [foxglove_click_goal_bridge]: [3] navigating: distance_remaining=3.515 m, recoveries=10
[INFO] [1783055922.777700741] [foxglove_click_goal_bridge]: [3] navigating: distance_remaining=3.523 m, recoveries=10
[INFO] [1783055924.773975344] [foxglove_click_goal_bridge]: [3] navigating: distance_remaining=3.509 m, recoveries=13
[INFO] [1783055926.897064946] [foxglove_click_goal_bridge]: [3] navigating: distance_remaining=3.514 m, recoveries=13
[INFO] [1783055928.986085896] [foxglove_click_goal_bridge]: [3] navigating: distance_remaining=3.514 m, recoveries=13
[INFO] [1783055931.009908364] [foxglove_click_goal_bridge]: [3] navigating: distance_remaining=3.523 m, recoveries=13
[INFO] [1783055933.020394693] [foxglove_click_goal_bridge]: [3] navigating: distance_remaining=3.523 m, recoveries=13
[INFO] [1783055935.204932356] [foxglove_click_goal_bridge]: [3] navigating: distance_remaining=3.523 m, recoveries=13
[INFO] [1783055937.208238714] [foxglove_click_goal_bridge]: [3] navigating: distance_remaining=3.512 m, recoveries=13
[INFO] [1783055939.507031555] [foxglove_click_goal_bridge]: [3] navigating: distance_remaining=3.523 m, recoveries=13
[INFO] [1783055941.526530117] [foxglove_click_goal_bridge]: [3] navigating: distance_remaining=3.512 m, recoveries=13
[INFO] [1783055943.608960818] [foxglove_click_goal_bridge]: [3] navigating: distance_remaining=3.520 m, recoveries=13
[INFO] [1783055945.622546970] [foxglove_click_goal_bridge]: [3] navigating: distance_remaining=3.520 m, recoveries=13
[INFO] [1783055947.643632871] [foxglove_click_goal_bridge]: [3] navigating: distance_remaining=3.520 m, recoveries=13
[INFO] [1783055949.774250721] [foxglove_click_goal_bridge]: [3] navigating: distance_remaining=3.520 m, recoveries=13
[INFO] [1783055951.775315260] [foxglove_click_goal_bridge]: [3] navigating: distance_remaining=3.518 m, recoveries=13
[INFO] [1783055953.822789820] [foxglove_click_goal_bridge]: [3] navigating: distance_remaining=3.529 m, recoveries=13
[INFO] [1783055956.041584384] [foxglove_click_goal_bridge]: [3] navigating: distance_remaining=3.529 m, recoveries=13
[INFO] [1783055958.093052655] [foxglove_click_goal_bridge]: [3] navigating: distance_remaining=3.529 m, recoveries=13
[INFO] [1783055960.370332820] [foxglove_click_goal_bridge]: [3] navigating: distance_remaining=3.549 m, recoveries=13
[INFO] [1783055962.387011695] [foxglove_click_goal_bridge]: [3] navigating: distance_remaining=3.540 m, recoveries=13
[INFO] [1783055964.449397174] [foxglove_click_goal_bridge]: [3] navigating: distance_remaining=3.540 m, recoveries=13
[INFO] [1783055966.538209268] [foxglove_click_goal_bridge]: [3] navigating: distance_remaining=3.540 m, recoveries=13
[INFO] [1783055968.546490069] [foxglove_click_goal_bridge]: [3] navigating: distance_remaining=3.538 m, recoveries=13
[ERROR] [1783055969.887182145] [foxglove_click_goal_bridge]: [3] Navigation ended. status=6, error_code=None, error_msg=
[ERROR] [1783056223.764509570] [foxglove_click_goal_bridge]: Reject goal in frame "base_link". Expected "map". Set Foxglove 3D fixed frame to map.
[ERROR] [1783056237.640507680] [foxglove_click_goal_bridge]: Reject goal in frame "base_link". Expected "map". Set Foxglove 3D fixed frame to map.
[ERROR] [1783056243.490657124] [foxglove_click_goal_bridge]: Reject goal in frame "base_link". Expected "map". Set Foxglove 3D fixed frame to map.
[ERROR] [1783056285.854687577] [foxglove_click_goal_bridge]: Reject goal in frame "base_link". Expected "map". Set Foxglove 3D fixed frame to map.
[ERROR] [1783056295.713497370] [foxglove_click_goal_bridge]: Reject goal in frame "base_link". Expected "map". Set Foxglove 3D fixed frame to map.
[ERROR] [1783056319.165905588] [foxglove_click_goal_bridge]: Reject goal in frame "base_link". Expected "map". Set Foxglove 3D fixed frame to map.
[ERROR] [1783056323.429820425] [foxglove_click_goal_bridge]: Reject goal in frame "base_link". Expected "map". Set Foxglove 3D fixed frame to map.
[ERROR] [1783056327.161193541] [foxglove_click_goal_bridge]: Reject goal in frame "base_link". Expected "map". Set Foxglove 3D fixed frame to map.
[INFO] [1783056396.791180811] [foxglove_click_goal_bridge]: Received Foxglove clicked point: frame_id=map, x=1.100, y=0.600, goal_yaw=2.836
[INFO] [1783056396.823805175] [foxglove_click_goal_bridge]: [4] Accepted goal: frame=map, x=1.100, y=0.600
[INFO] [1783056397.280330142] [foxglove_click_goal_bridge]: [4] navigating: distance_remaining=3.368 m, recoveries=0
[INFO] [1783056397.287438223] [foxglove_click_goal_bridge]: [4] NavigateToPose goal accepted. Robot should start planning/following.
[INFO] [1783056397.306439675] [foxglove_click_goal_bridge]: [4] Planned path published: 133 poses -> /foxglove_click_planned_path
[INFO] [1783056399.394907288] [foxglove_click_goal_bridge]: [4] navigating: distance_remaining=3.680 m, recoveries=0
[INFO] [1783056401.413483426] [foxglove_click_goal_bridge]: [4] navigating: distance_remaining=3.547 m, recoveries=0
[INFO] [1783056403.457022389] [foxglove_click_goal_bridge]: [4] navigating: distance_remaining=4.376 m, recoveries=0
[INFO] [1783056405.679076875] [foxglove_click_goal_bridge]: [4] navigating: distance_remaining=3.738 m, recoveries=0
[INFO] [1783056407.779699529] [foxglove_click_goal_bridge]: [4] navigating: distance_remaining=3.738 m, recoveries=0
[INFO] [1783056409.845621487] [foxglove_click_goal_bridge]: [4] navigating: distance_remaining=3.763 m, recoveries=0
[INFO] [1783056411.868022794] [foxglove_click_goal_bridge]: [4] navigating: distance_remaining=3.738 m, recoveries=0
[INFO] [1783056413.895481767] [foxglove_click_goal_bridge]: [4] navigating: distance_remaining=4.376 m, recoveries=0
[INFO] [1783056416.152050703] [foxglove_click_goal_bridge]: [4] navigating: distance_remaining=3.583 m, recoveries=0
[INFO] [1783056418.195989839] [foxglove_click_goal_bridge]: [4] navigating: distance_remaining=4.376 m, recoveries=0
[INFO] [1783056420.350087062] [foxglove_click_goal_bridge]: [4] navigating: distance_remaining=4.376 m, recoveries=0
[INFO] [1783056422.449811639] [foxglove_click_goal_bridge]: [4] navigating: distance_remaining=3.738 m, recoveries=0
[INFO] [1783056424.574720957] [foxglove_click_goal_bridge]: [4] navigating: distance_remaining=4.376 m, recoveries=0
[INFO] [1783056426.606868558] [foxglove_click_goal_bridge]: [4] navigating: distance_remaining=4.376 m, recoveries=0
[INFO] [1783056428.655927321] [foxglove_click_goal_bridge]: [4] navigating: distance_remaining=4.376 m, recoveries=0
[INFO] [1783056430.755288692] [foxglove_click_goal_bridge]: [4] navigating: distance_remaining=4.376 m, recoveries=0
[INFO] [1783056432.813509619] [foxglove_click_goal_bridge]: [4] navigating: distance_remaining=3.438 m, recoveries=0
[INFO] [1783056434.963593267] [foxglove_click_goal_bridge]: [4] navigating: distance_remaining=3.438 m, recoveries=0
[INFO] [1783056437.017814447] [foxglove_click_goal_bridge]: [4] navigating: distance_remaining=3.738 m, recoveries=0
[INFO] [1783056439.163493722] [foxglove_click_goal_bridge]: [4] navigating: distance_remaining=3.738 m, recoveries=0
[INFO] [1783056441.161480423] [foxglove_click_goal_bridge]: [4] navigating: distance_remaining=3.738 m, recoveries=0
[INFO] [1783056443.183458908] [foxglove_click_goal_bridge]: [4] navigating: distance_remaining=3.438 m, recoveries=0
[INFO] [1783056445.379270211] [foxglove_click_goal_bridge]: [4] navigating: distance_remaining=4.376 m, recoveries=0
[INFO] [1783056447.404967238] [foxglove_click_goal_bridge]: [4] navigating: distance_remaining=3.738 m, recoveries=0
[INFO] [1783056449.484182248] [foxglove_click_goal_bridge]: [4] navigating: distance_remaining=4.376 m, recoveries=0
Traceback (most recent call last):
  File "/root/rdk_x5_vln_robot/scripts/slam/foxglove_click_goal_bridge.py", line 432, in <module>
    )
  File "/root/rdk_x5_vln_robot/scripts/slam/foxglove_click_goal_bridge.py", line 428, in main
    
  File "/opt/ros/humble/local/lib/python3.10/dist-packages/rclpy/__init__.py", line 130, in shutdown
    _shutdown(context=context)
  File "/opt/ros/humble/local/lib/python3.10/dist-packages/rclpy/utilities.py", line 58, in shutdown
    return context.shutdown()
  File "/opt/ros/humble/local/lib/python3.10/dist-packages/rclpy/context.py", line 102, in shutdown
    self.__context.shutdown()
rclpy._rclpy_pybind11.RCLError: failed to shutdown: rcl_shutdown already called on the given context, at ./src/rcl/init.c:241
