[INFO] [launch]: All log files can be found below /root/.ros/log/2026-07-06-16-36-59-909667-ubuntu-72789
[INFO] [launch]: Default logging verbosity is set to INFO
[INFO] [foxglove_bridge-1]: process started with pid [72814]
[foxglove_bridge-1] [INFO] [1783327021.079516617] [foxglove_bridge]: Starting foxglove_bridge (humble, 3.3.0@)
[foxglove_bridge-1] [INFO] [1783327021.086609037] [foxglove_bridge]: Server listening on port 8765
[foxglove_bridge-1] [INFO] [1783327021.091190581] [foxglove_bridge]: Advertising new channel 2 for topic "/tf_static"
[foxglove_bridge-1] [INFO] [1783327021.091389290] [foxglove_bridge]: Advertising new channel 3 for topic "/tf"
[foxglove_bridge-1] [INFO] [1783327021.092221124] [foxglove_bridge]: Advertising new channel 4 for topic "/rosout"
[foxglove_bridge-1] [INFO] [1783327021.093138791] [foxglove_bridge]: Advertising new channel 5 for topic "/scan"
[foxglove_bridge-1] [INFO] [1783327021.094633541] [foxglove_bridge]: Advertising new channel 6 for topic "/parameter_events"
[foxglove_bridge-1] [INFO] [1783327021.096945459] [foxglove_bridge]: Advertising new channel 7 for topic "/odom"
[foxglove_bridge-1] [INFO] [1783327021.097481876] [foxglove_bridge]: Advertising new channel 8 for topic "/cmd_vel_sent"
[foxglove_bridge-1] [INFO] [1783327021.097610251] [foxglove_bridge]: Advertising new channel 9 for topic "/scan_filtered"
[foxglove_bridge-1] [INFO] [1783327021.097673335] [foxglove_bridge]: Advertising new channel 10 for topic "/cmd_vel"
[foxglove_bridge-1] [INFO] [1783327021.098115460] [foxglove_bridge]: Advertising new channel 11 for topic "/chassis_bridge_state"
[foxglove_bridge-1] [INFO] [1783327021.435101339] [foxglove_bridge]: received connection graph subscribe request
[foxglove_bridge-1] [INFO] [1783327021.435333464] [foxglove_bridge]: received subscribe request for channel 5 from client 1
[foxglove_bridge-1] [INFO] [1783327021.446254386] [foxglove_bridge]: Created ROS subscription on /scan (sensor_msgs/msg/LaserScan) for channel 5
[foxglove_bridge-1] [INFO] [1783327021.446493678] [foxglove_bridge]: received subscribe request for channel 3 from client 1
[foxglove_bridge-1] [INFO] [1783327021.454502932] [foxglove_bridge]: Created ROS subscription on /tf (tf2_msgs/msg/TFMessage) for channel 3
[foxglove_bridge-1] [INFO] [1783327021.454737516] [foxglove_bridge]: received subscribe request for channel 10 from client 1
[foxglove_bridge-1] [INFO] [1783327021.459565143] [foxglove_bridge]: Created ROS subscription on /cmd_vel (geometry_msgs/msg/Twist) for channel 10
[foxglove_bridge-1] [INFO] [1783327021.459818393] [foxglove_bridge]: received subscribe request for channel 2 from client 1
[foxglove_bridge-1] [INFO] [1783327021.463020728] [foxglove_bridge]: Created ROS subscription on /tf_static (tf2_msgs/msg/TFMessage) for channel 2
[foxglove_bridge-1] [INFO] [1783327021.802641942] [foxglove_bridge]: publishing connection graph
[foxglove_bridge-1] [INFO] [1783327027.262177416] [foxglove_bridge]: publishing connection graph
[foxglove_bridge-1] [INFO] [1783327027.766020338] [foxglove_bridge]: publishing connection graph
[foxglove_bridge-1] [INFO] [1783327031.583887517] [foxglove_bridge]: publishing connection graph
[foxglove_bridge-1] [INFO] [1783327033.689802913] [foxglove_bridge]: publishing connection graph
[foxglove_bridge-1] [INFO] [1783327034.197950335] [foxglove_bridge]: Advertising new channel 12 for topic "/planner_server/transition_event"
[foxglove_bridge-1] [INFO] [1783327034.198312586] [foxglove_bridge]: Advertising new channel 13 for topic "/velocity_smoother/transition_event"
[foxglove_bridge-1] [INFO] [1783327034.198551877] [foxglove_bridge]: Advertising new channel 14 for topic "/map_server/transition_event"
[foxglove_bridge-1] [INFO] [1783327034.198759628] [foxglove_bridge]: Advertising new channel 15 for topic "/local_costmap/local_costmap/transition_event"
[foxglove_bridge-1] [INFO] [1783327034.198967919] [foxglove_bridge]: Advertising new channel 16 for topic "/controller_server/transition_event"
[foxglove_bridge-1] [INFO] [1783327034.199139961] [foxglove_bridge]: Advertising new channel 17 for topic "/waypoint_follower/transition_event"
[foxglove_bridge-1] [INFO] [1783327035.757460330] [foxglove_bridge]: publishing connection graph
[foxglove_bridge-1] [INFO] [1783327036.264007793] [foxglove_bridge]: Advertising new channel 18 for topic "/speed_limit"
[foxglove_bridge-1] [INFO] [1783327036.264348252] [foxglove_bridge]: Advertising new channel 19 for topic "/smoother_server/transition_event"
[foxglove_bridge-1] [INFO] [1783327036.266074128] [foxglove_bridge]: Advertising new channel 20 for topic "/preempt_teleop"
[foxglove_bridge-1] [INFO] [1783327036.267905753] [foxglove_bridge]: Advertising new channel 21 for topic "/plan"
[foxglove_bridge-1] [INFO] [1783327036.268192212] [foxglove_bridge]: Advertising new channel 22 for topic "/lookahead_collision_arc"
[foxglove_bridge-1] [INFO] [1783327036.268397879] [foxglove_bridge]: Advertising new channel 23 for topic "/received_global_plan"
[foxglove_bridge-1] [INFO] [1783327036.270320255] [foxglove_bridge]: Advertising new channel 24 for topic "/local_costmap/published_footprint"
[foxglove_bridge-1] [INFO] [1783327036.270703172] [foxglove_bridge]: Advertising new channel 25 for topic "/plan_smoothed"
[foxglove_bridge-1] [INFO] [1783327036.271960506] [foxglove_bridge]: Advertising new channel 26 for topic "/local_costmap/costmap_raw"
[foxglove_bridge-1] [INFO] [1783327036.273037631] [foxglove_bridge]: Advertising new channel 27 for topic "/local_costmap/costmap"
[foxglove_bridge-1] [INFO] [1783327036.274441673] [foxglove_bridge]: Advertising new channel 28 for topic "/local_costmap/clearing_endpoints"
[foxglove_bridge-1] [INFO] [1783327036.275539674] [foxglove_bridge]: Advertising new channel 29 for topic "/initialpose"
[foxglove_bridge-1] [INFO] [1783327036.276374216] [foxglove_bridge]: Advertising new channel 30 for topic "/lookahead_point"
[foxglove_bridge-1] [INFO] [1783327036.277029258] [foxglove_bridge]: Advertising new channel 31 for topic "/goal_pose"
[foxglove_bridge-1] [INFO] [1783327036.277236342] [foxglove_bridge]: Advertising new channel 32 for topic "/global_costmap/published_footprint"
[foxglove_bridge-1] [INFO] [1783327036.277799175] [foxglove_bridge]: Advertising new channel 33 for topic "/local_costmap/footprint"
[foxglove_bridge-1] [INFO] [1783327036.278030009] [foxglove_bridge]: Advertising new channel 34 for topic "/global_costmap/global_costmap/transition_event"
[foxglove_bridge-1] [INFO] [1783327036.278155217] [foxglove_bridge]: Advertising new channel 35 for topic "/global_costmap/footprint"
[foxglove_bridge-1] [INFO] [1783327036.278260259] [foxglove_bridge]: Advertising new channel 36 for topic "/global_costmap/costmap_raw"
[foxglove_bridge-1] [INFO] [1783327036.278360675] [foxglove_bridge]: Advertising new channel 37 for topic "/global_costmap/costmap"
[foxglove_bridge-1] [INFO] [1783327036.280117135] [foxglove_bridge]: Advertising new channel 38 for topic "/diagnostics"
[foxglove_bridge-1] [INFO] [1783327036.280359093] [foxglove_bridge]: Advertising new channel 39 for topic "/cmd_vel_teleop"
[foxglove_bridge-1] [INFO] [1783327036.280482801] [foxglove_bridge]: Advertising new channel 40 for topic "/cmd_vel_nav"
[foxglove_bridge-1] [INFO] [1783327036.281616927] [foxglove_bridge]: Advertising new channel 41 for topic "/particle_cloud"
[foxglove_bridge-1] [INFO] [1783327036.281858427] [foxglove_bridge]: Advertising new channel 42 for topic "/bt_navigator/transition_event"
[foxglove_bridge-1] [INFO] [1783327036.282447636] [foxglove_bridge]: Advertising new channel 43 for topic "/local_costmap/costmap_updates"
[foxglove_bridge-1] [INFO] [1783327036.283028178] [foxglove_bridge]: Advertising new channel 44 for topic "/bond"
[foxglove_bridge-1] [INFO] [1783327036.283224553] [foxglove_bridge]: Advertising new channel 45 for topic "/map"
[foxglove_bridge-1] [INFO] [1783327036.283369303] [foxglove_bridge]: Advertising new channel 46 for topic "/behavior_server/transition_event"
[foxglove_bridge-1] [INFO] [1783327036.283471886] [foxglove_bridge]: Advertising new channel 47 for topic "/amcl_pose"
[foxglove_bridge-1] [INFO] [1783327036.283567970] [foxglove_bridge]: Advertising new channel 48 for topic "/global_costmap/costmap_updates"
[foxglove_bridge-1] [INFO] [1783327036.283684053] [foxglove_bridge]: Advertising new channel 49 for topic "/amcl/transition_event"
[foxglove_bridge-1] [INFO] [1783327036.338093455] [foxglove_bridge]: received subscribe request for channel 45 from client 1
[foxglove_bridge-1] [INFO] [1783327036.355471548] [foxglove_bridge]: Created ROS subscription on /map (nav_msgs/msg/OccupancyGrid) for channel 45
[foxglove_bridge-1] [INFO] [1783327037.180310255] [foxglove_bridge]: publishing connection graph
[foxglove_bridge-1] [INFO] [1783327037.739411703] [foxglove_bridge]: publishing connection graph
[foxglove_bridge-1] [INFO] [1783327038.292377564] [foxglove_bridge]: publishing connection graph
[foxglove_bridge-1] [ERROR] [1783327042.956643533] [foxglove_bridge]: Failed to retrieve parameters from node '/bt_navigator_navigate_to_pose_rclcpp_node': Failed to retrieve parameter names for node '/bt_navigator_navigate_to_pose_rclcpp_node'
[foxglove_bridge-1] [WARN] [1783327042.956844617] [foxglove_bridge]: Adding node /bt_navigator_navigate_to_pose_rclcpp_node to the ignore list to prevent repeated timeouts or failures in future parameter requests.
[foxglove_bridge-1] [ERROR] [1783327042.957382992] [foxglove_bridge]: Failed to retrieve parameters from node '/bt_navigator_navigate_through_poses_rclcpp_node': Failed to retrieve parameter names for node '/bt_navigator_navigate_through_poses_rclcpp_node'
[foxglove_bridge-1] [WARN] [1783327042.957472409] [foxglove_bridge]: Adding node /bt_navigator_navigate_through_poses_rclcpp_node to the ignore list to prevent repeated timeouts or failures in future parameter requests.
[foxglove_bridge-1] [ERROR] [1783327042.958212534] [foxglove_bridge]: Failed to retrieve parameters from node '/planner_server': Failed to retrieve parameter names for node '/planner_server'
[foxglove_bridge-1] [WARN] [1783327042.958310701] [foxglove_bridge]: Adding node /planner_server to the ignore list to prevent repeated timeouts or failures in future parameter requests.
[foxglove_bridge-1] [INFO] [1783327043.092068476] [foxglove_bridge]: publishing connection graph
[foxglove_bridge-1] [INFO] [1783327043.691435777] [foxglove_bridge]: publishing connection graph
[foxglove_bridge-1] [INFO] [1783327044.538269952] [foxglove_bridge]: publishing connection graph
[foxglove_bridge-1] [INFO] [1783327045.206179579] [foxglove_bridge]: publishing connection graph
[foxglove_bridge-1] [INFO] [1783327045.752969895] [foxglove_bridge]: publishing connection graph
[foxglove_bridge-1] [INFO] [1783327047.020450030] [foxglove_bridge]: publishing connection graph
[foxglove_bridge-1] [INFO] [1783327047.987935306] [foxglove_bridge]: publishing connection graph
[foxglove_bridge-1] [INFO] [1783327048.529379785] [foxglove_bridge]: publishing connection graph
[foxglove_bridge-1] [INFO] [1783327052.914734937] [foxglove_bridge]: publishing connection graph
[foxglove_bridge-1] [INFO] [1783327054.771247364] [foxglove_bridge]: publishing connection graph
[foxglove_bridge-1] [INFO] [1783327055.641130215] [foxglove_bridge]: publishing connection graph
[foxglove_bridge-1] [INFO] [1783327056.181106276] [foxglove_bridge]: publishing connection graph
[foxglove_bridge-1] [INFO] [1783327057.589491228] [foxglove_bridge]: publishing connection graph
[foxglove_bridge-1] [INFO] [1783327058.100313608] [foxglove_bridge]: Advertising new channel 50 for topic "/behavior_tree_log"
[foxglove_bridge-1] [INFO] [1783327058.184209983] [foxglove_bridge]: publishing connection graph
[foxglove_bridge-1] [INFO] [1783327058.747040305] [foxglove_bridge]: publishing connection graph
[foxglove_bridge-1] [INFO] [1783327059.298262663] [foxglove_bridge]: publishing connection graph
[foxglove_bridge-1] [INFO] [1783327060.750090927] [foxglove_bridge]: publishing connection graph
[foxglove_bridge-1] [INFO] [1783327062.551011740] [foxglove_bridge]: publishing connection graph
[foxglove_bridge-1] [INFO] [1783327063.172632757] [foxglove_bridge]: publishing connection graph
[foxglove_bridge-1] [INFO] [1783327063.719945362] [foxglove_bridge]: publishing connection graph
[foxglove_bridge-1] [INFO] [1783327066.881749557] [foxglove_bridge]: publishing connection graph
[foxglove_bridge-1] [INFO] [1783327067.431308997] [foxglove_bridge]: publishing connection graph
[foxglove_bridge-1] [ERROR] [1783327086.842374746] [foxglove_bridge]: Failed to retrieve parameters from node '/waypoint_follower': Failed to retrieve parameter names for node '/waypoint_follower'
[foxglove_bridge-1] [WARN] [1783327086.842569205] [foxglove_bridge]: Adding node /waypoint_follower to the ignore list to prevent repeated timeouts or failures in future parameter requests.
[foxglove_bridge-1] [ERROR] [1783327086.852049001] [foxglove_bridge]: Failed to retrieve parameters from node '/nav2_wait_amcl_settle': Failed to retrieve parameter names for node '/nav2_wait_amcl_settle'
[foxglove_bridge-1] [WARN] [1783327086.852259668] [foxglove_bridge]: Adding node /nav2_wait_amcl_settle to the ignore list to prevent repeated timeouts or failures in future parameter requests.
[foxglove_bridge-1] [ERROR] [1783327086.854016210] [foxglove_bridge]: Failed to retrieve parameters from node '/local_costmap/local_costmap': Failed to retrieve parameter names for node '/local_costmap/local_costmap'
[foxglove_bridge-1] [WARN] [1783327086.854177919] [foxglove_bridge]: Adding node /local_costmap/local_costmap to the ignore list to prevent repeated timeouts or failures in future parameter requests.
[foxglove_bridge-1] [ERROR] [1783327086.854265336] [foxglove_bridge]: Failed to retrieve parameters from node '/controller_server': Failed to retrieve parameter names for node '/controller_server'
[foxglove_bridge-1] [WARN] [1783327086.854314294] [foxglove_bridge]: Adding node /controller_server to the ignore list to prevent repeated timeouts or failures in future parameter requests.
[foxglove_bridge-1] [ERROR] [1783327086.854476711] [foxglove_bridge]: Failed to retrieve parameters from node '/static_transform_publisher_GnLM1FvZHpYbKqWu': Failed to retrieve parameter names for node '/static_transform_publisher_GnLM1FvZHpYbKqWu'
[foxglove_bridge-1] [WARN] [1783327086.854531127] [foxglove_bridge]: Adding node /static_transform_publisher_GnLM1FvZHpYbKqWu to the ignore list to prevent repeated timeouts or failures in future parameter requests.
[foxglove_bridge-1] [ERROR] [1783327086.854664669] [foxglove_bridge]: Failed to retrieve parameters from node '/lifecycle_manager_localization': Failed to retrieve parameter names for node '/lifecycle_manager_localization'
[foxglove_bridge-1] [WARN] [1783327086.855072336] [foxglove_bridge]: Adding node /lifecycle_manager_localization to the ignore list to prevent repeated timeouts or failures in future parameter requests.
[foxglove_bridge-1] [ERROR] [1783327086.855257294] [foxglove_bridge]: Failed to retrieve parameters from node '/bt_navigator': Failed to retrieve parameter names for node '/bt_navigator'
[foxglove_bridge-1] [WARN] [1783327086.855316336] [foxglove_bridge]: Adding node /bt_navigator to the ignore list to prevent repeated timeouts or failures in future parameter requests.
[foxglove_bridge-1] [ERROR] [1783327086.974914228] [foxglove_bridge]: Failed to retrieve parameters from node '/simple_scan_filter': Timed out waiting for 1 parameter(s) from node '/simple_scan_filter'
[foxglove_bridge-1] [WARN] [1783327086.975087062] [foxglove_bridge]: Adding node /simple_scan_filter to the ignore list to prevent repeated timeouts or failures in future parameter requests.
[foxglove_bridge-1] [ERROR] [1783327086.975274687] [foxglove_bridge]: Failed to retrieve parameters from node '/ydlidar_ros2_driver_node': Failed to retrieve parameter names for node '/ydlidar_ros2_driver_node'
[foxglove_bridge-1] [WARN] [1783327086.975339562] [foxglove_bridge]: Adding node /ydlidar_ros2_driver_node to the ignore list to prevent repeated timeouts or failures in future parameter requests.
[foxglove_bridge-1] [ERROR] [1783327086.975463062] [foxglove_bridge]: Failed to retrieve parameters from node '/m1_pwm_cmd_vel_bridge': Failed to retrieve parameter names for node '/m1_pwm_cmd_vel_bridge'
[foxglove_bridge-1] [WARN] [1783327086.975522562] [foxglove_bridge]: Adding node /m1_pwm_cmd_vel_bridge to the ignore list to prevent repeated timeouts or failures in future parameter requests.
[foxglove_bridge-1] [ERROR] [1783327086.978492313] [foxglove_bridge]: Failed to retrieve parameters from node '/map_server': Timed out waiting for 5 parameter(s) from node '/map_server'
[foxglove_bridge-1] [WARN] [1783327086.978650938] [foxglove_bridge]: Adding node /map_server to the ignore list to prevent repeated timeouts or failures in future parameter requests.
[foxglove_bridge-1] [ERROR] [1783327086.994449863] [foxglove_bridge]: Failed to retrieve parameters from node '/behavior_server': Timed out waiting for 27 parameter(s) from node '/behavior_server'
[foxglove_bridge-1] [WARN] [1783327086.994627279] [foxglove_bridge]: Adding node /behavior_server to the ignore list to prevent repeated timeouts or failures in future parameter requests.
[foxglove_bridge-1] [ERROR] [1783327086.994809321] [foxglove_bridge]: Failed to retrieve parameters from node '/lifecycle_manager_navigation': Failed to retrieve parameter names for node '/lifecycle_manager_navigation'
[foxglove_bridge-1] [WARN] [1783327086.994874905] [foxglove_bridge]: Adding node /lifecycle_manager_navigation to the ignore list to prevent repeated timeouts or failures in future parameter requests.
[foxglove_bridge-1] [ERROR] [1783327086.995044321] [foxglove_bridge]: Failed to retrieve parameters from node '/velocity_smoother': Failed to retrieve parameter names for node '/velocity_smoother'
[foxglove_bridge-1] [WARN] [1783327086.995101738] [foxglove_bridge]: Adding node /velocity_smoother to the ignore list to prevent repeated timeouts or failures in future parameter requests.
[foxglove_bridge-1] [ERROR] [1783327086.995226696] [foxglove_bridge]: Failed to retrieve parameters from node '/amcl': Failed to retrieve parameter names for node '/amcl'
[foxglove_bridge-1] [WARN] [1783327086.995277613] [foxglove_bridge]: Adding node /amcl to the ignore list to prevent repeated timeouts or failures in future parameter requests.
[foxglove_bridge-1] [ERROR] [1783327086.995397113] [foxglove_bridge]: Failed to retrieve parameters from node '/smoother_server': Failed to retrieve parameter names for node '/smoother_server'
[foxglove_bridge-1] [WARN] [1783327086.995449530] [foxglove_bridge]: Adding node /smoother_server to the ignore list to prevent repeated timeouts or failures in future parameter requests.
[foxglove_bridge-1] [ERROR] [1783327086.995590697] [foxglove_bridge]: Failed to retrieve parameters from node '/global_costmap/global_costmap': Failed to retrieve parameter names for node '/global_costmap/global_costmap'
[foxglove_bridge-1] [WARN] [1783327086.995640988] [foxglove_bridge]: Adding node /global_costmap/global_costmap to the ignore list to prevent repeated timeouts or failures in future parameter requests.
[foxglove_bridge-1] [INFO] [1783327121.612744228] [foxglove_bridge]: publishing connection graph
[foxglove_bridge-1] [INFO] [1783327122.216060395] [foxglove_bridge]: publishing connection graph
[foxglove_bridge-1] [INFO] [1783327124.158170582] [foxglove_bridge]: publishing connection graph
[foxglove_bridge-1] [INFO] [1783327124.772586045] [foxglove_bridge]: publishing connection graph
[foxglove_bridge-1] [INFO] [1783327125.546868127] [foxglove_bridge]: publishing connection graph
[foxglove_bridge-1] [INFO] [1783327126.182597933] [foxglove_bridge]: publishing connection graph
[foxglove_bridge-1] [INFO] [1783327126.802278690] [foxglove_bridge]: publishing connection graph
[foxglove_bridge-1] [INFO] [1783327128.668415131] [foxglove_bridge]: publishing connection graph
[foxglove_bridge-1] [INFO] [1783327130.834433506] [foxglove_bridge]: publishing connection graph
[foxglove_bridge-1] [INFO] [1783327131.680645913] [foxglove_bridge]: publishing connection graph
[foxglove_bridge-1] [INFO] [1783327132.420323268] [foxglove_bridge]: publishing connection graph
[foxglove_bridge-1] [INFO] [1783327133.354557384] [foxglove_bridge]: publishing connection graph
[foxglove_bridge-1] [INFO] [1783327133.979803434] [foxglove_bridge]: publishing connection graph
[foxglove_bridge-1] [INFO] [1783327134.599529357] [foxglove_bridge]: publishing connection graph
[foxglove_bridge-1] [INFO] [1783327142.255394316] [foxglove_bridge]: publishing connection graph
[foxglove_bridge-1] [INFO] [1783327143.376662228] [foxglove_bridge]: publishing connection graph
[foxglove_bridge-1] [INFO] [1783327144.035104626] [foxglove_bridge]: publishing connection graph
[foxglove_bridge-1] [INFO] [1783327144.673353597] [foxglove_bridge]: publishing connection graph
[foxglove_bridge-1] [INFO] [1783327145.437143129] [foxglove_bridge]: publishing connection graph
[foxglove_bridge-1] [INFO] [1783327145.978434345] [foxglove_bridge]: Advertising new channel 51 for topic "/foxglove_goal_pose"
[foxglove_bridge-1] [INFO] [1783327145.978732387] [foxglove_bridge]: Advertising new channel 52 for topic "/foxglove_goal_point"
[foxglove_bridge-1] [INFO] [1783327146.461307784] [foxglove_bridge]: publishing connection graph
[foxglove_bridge-1] [INFO] [1783327146.975534696] [foxglove_bridge]: Advertising new channel 53 for topic "/foxglove_map_viz"
[foxglove_bridge-1] [INFO] [1783327146.977990156] [foxglove_bridge]: Advertising new channel 54 for topic "/foxglove_click_planned_path"
[foxglove_bridge-1] [INFO] [1783327146.987230827] [foxglove_bridge]: Advertising new channel 55 for topic "/foxglove_click_path_marker"
[foxglove_bridge-1] [INFO] [1783327146.987568494] [foxglove_bridge]: Advertising new channel 56 for topic "/foxglove_click_goal_marker"
[foxglove_bridge-1] [INFO] [1783327146.987877077] [foxglove_bridge]: Advertising new channel 57 for topic "/foxglove_click_goal_label"
[foxglove_bridge-1] [INFO] [1783327146.988068910] [foxglove_bridge]: Advertising new channel 58 for topic "/foxglove_click_accepted_goal"
[foxglove_bridge-1] [INFO] [1783327146.988250994] [foxglove_bridge]: Advertising new channel 59 for topic "/foxglove_click_trajectory_dots"
[foxglove_bridge-1] [INFO] [1783327146.988422119] [foxglove_bridge]: Advertising new channel 60 for topic "/foxglove_click_start_marker"
[foxglove_bridge-1] [INFO] [1783327147.094367295] [foxglove_bridge]: publishing connection graph
[foxglove_bridge-1] [INFO] [1783327165.928346781] [foxglove_bridge]: publishing connection graph
[foxglove_bridge-1] [INFO] [1783327166.551860242] [foxglove_bridge]: publishing connection graph
[foxglove_bridge-1] [ERROR] [1783327171.320064034] [foxglove_bridge]: Failed to retrieve parameters from node '/pose_memory_node': Failed to retrieve parameter names for node '/pose_memory_node'
[foxglove_bridge-1] [WARN] [1783327171.320254659] [foxglove_bridge]: Adding node /pose_memory_node to the ignore list to prevent repeated timeouts or failures in future parameter requests.
[foxglove_bridge-1] [ERROR] [1783327171.320357951] [foxglove_bridge]: Failed to retrieve parameters from node '/foxglove_click_goal_bridge': Failed to retrieve parameter names for node '/foxglove_click_goal_bridge'
[foxglove_bridge-1] [WARN] [1783327171.320412034] [foxglove_bridge]: Adding node /foxglove_click_goal_bridge to the ignore list to prevent repeated timeouts or failures in future parameter requests.
[foxglove_bridge-1] [INFO] [1783327171.322040785] [foxglove_bridge]: received subscribe request for channel 3 from client 2
[foxglove_bridge-1] [INFO] [1783327171.322297452] [foxglove_bridge]: received subscribe request for channel 2 from client 2
[foxglove_bridge-1] [INFO] [1783327171.331412540] [foxglove_bridge]: Advertising new channel 61 for topic "/move_base_simple/goal"
[foxglove_bridge-1] [INFO] [1783327171.350063840] [foxglove_bridge]: Client ID 2 is advertising "/move_base_simple/goal" (geometry_msgs/PoseStamped) on channel 1 with encoding "cdr"
[foxglove_bridge-1] [INFO] [1783327171.380749313] [foxglove_bridge]: Client ID 2 is advertising "/foxglove_goal_point" (geometry_msgs/PointStamped) on channel 2 with encoding "cdr"
[foxglove_bridge-1] [INFO] [1783327171.423099833] [foxglove_bridge]: Client ID 2 is advertising "/initialpose" (geometry_msgs/PoseWithCovarianceStamped) on channel 3 with encoding "cdr"
[foxglove_bridge-1] [INFO] [1783327171.444743635] [foxglove_bridge]: Client ID 2 is advertising "/clicked_point" (geometry_msgs/PointStamped) on channel 4 with encoding "cdr"
[foxglove_bridge-1] [INFO] [1783327171.449318845] [foxglove_bridge]: received subscribe request for channel 47 from client 2
[foxglove_bridge-1] [INFO] [1783327171.483514653] [foxglove_bridge]: publishing connection graph
[foxglove_bridge-1] [INFO] [1783327171.485100737] [foxglove_bridge]: Created ROS subscription on /amcl_pose (geometry_msgs/msg/PoseWithCovarianceStamped) for channel 47
[foxglove_bridge-1] [INFO] [1783327171.488765489] [foxglove_bridge]: received subscribe request for channel 58 from client 2
[foxglove_bridge-1] [INFO] [1783327171.519403212] [foxglove_bridge]: Created ROS subscription on /foxglove_click_accepted_goal (geometry_msgs/msg/PoseStamped) for channel 58
[foxglove_bridge-1] [INFO] [1783327171.519677587] [foxglove_bridge]: received subscribe request for channel 57 from client 2
[foxglove_bridge-1] [INFO] [1783327171.558571188] [foxglove_bridge]: Created ROS subscription on /foxglove_click_goal_label (visualization_msgs/msg/Marker) for channel 57
[foxglove_bridge-1] [INFO] [1783327171.560735273] [foxglove_bridge]: received subscribe request for channel 56 from client 2
[foxglove_bridge-1] [INFO] [1783327171.574051487] [foxglove_bridge]: Created ROS subscription on /foxglove_click_goal_marker (visualization_msgs/msg/Marker) for channel 56
[foxglove_bridge-1] [INFO] [1783327171.574334946] [foxglove_bridge]: received subscribe request for channel 55 from client 2
[foxglove_bridge-1] [INFO] [1783327171.600302458] [foxglove_bridge]: Created ROS subscription on /foxglove_click_path_marker (visualization_msgs/msg/Marker) for channel 55
[foxglove_bridge-1] [INFO] [1783327171.600662833] [foxglove_bridge]: received subscribe request for channel 54 from client 2
[foxglove_bridge-1] [INFO] [1783327171.625123095] [foxglove_bridge]: Created ROS subscription on /foxglove_click_planned_path (nav_msgs/msg/Path) for channel 54
[foxglove_bridge-1] [INFO] [1783327171.625562178] [foxglove_bridge]: received subscribe request for channel 60 from client 2
[foxglove_bridge-1] [INFO] [1783327171.645187188] [foxglove_bridge]: Created ROS subscription on /foxglove_click_start_marker (visualization_msgs/msg/Marker) for channel 60
[foxglove_bridge-1] [INFO] [1783327171.645469438] [foxglove_bridge]: received subscribe request for channel 59 from client 2
[foxglove_bridge-1] [INFO] [1783327171.661424487] [foxglove_bridge]: Created ROS subscription on /foxglove_click_trajectory_dots (visualization_msgs/msg/Marker) for channel 59
[foxglove_bridge-1] [INFO] [1783327171.661751654] [foxglove_bridge]: received subscribe request for channel 51 from client 2
[foxglove_bridge-1] [INFO] [1783327171.681070579] [foxglove_bridge]: Created ROS subscription on /foxglove_goal_pose (geometry_msgs/msg/PoseStamped) for channel 51
[foxglove_bridge-1] [INFO] [1783327171.681356663] [foxglove_bridge]: received subscribe request for channel 53 from client 2
[foxglove_bridge-1] [INFO] [1783327171.697303170] [foxglove_bridge]: Created ROS subscription on /foxglove_map_viz (nav_msgs/msg/OccupancyGrid) for channel 53
[foxglove_bridge-1] [INFO] [1783327171.697579837] [foxglove_bridge]: received subscribe request for channel 32 from client 2
[foxglove_bridge-1] [INFO] [1783327171.711705136] [foxglove_bridge]: Created ROS subscription on /global_costmap/published_footprint (geometry_msgs/msg/PolygonStamped) for channel 32
[foxglove_bridge-1] [INFO] [1783327171.711989886] [foxglove_bridge]: received subscribe request for channel 31 from client 2
[foxglove_bridge-1] [INFO] [1783327171.727142976] [foxglove_bridge]: Created ROS subscription on /goal_pose (geometry_msgs/msg/PoseStamped) for channel 31
[foxglove_bridge-1] [INFO] [1783327171.727708101] [foxglove_bridge]: received subscribe request for channel 29 from client 2
[foxglove_bridge-1] [INFO] [1783327171.751245321] [foxglove_bridge]: Created ROS subscription on /initialpose (geometry_msgs/msg/PoseWithCovarianceStamped) for channel 29
[foxglove_bridge-1] [INFO] [1783327171.752559863] [foxglove_bridge]: received subscribe request for channel 28 from client 2
[foxglove_bridge-1] [INFO] [1783327171.775040124] [foxglove_bridge]: Created ROS subscription on /local_costmap/clearing_endpoints (sensor_msgs/msg/PointCloud2) for channel 28
[foxglove_bridge-1] [INFO] [1783327171.775638916] [foxglove_bridge]: received subscribe request for channel 24 from client 2
[foxglove_bridge-1] [INFO] [1783327171.797240051] [foxglove_bridge]: Created ROS subscription on /local_costmap/published_footprint (geometry_msgs/msg/PolygonStamped) for channel 24
[foxglove_bridge-1] [INFO] [1783327171.798073301] [foxglove_bridge]: received subscribe request for channel 22 from client 2
[foxglove_bridge-1] [INFO] [1783327171.817852644] [foxglove_bridge]: Created ROS subscription on /lookahead_collision_arc (nav_msgs/msg/Path) for channel 22
[foxglove_bridge-1] [INFO] [1783327171.818996394] [foxglove_bridge]: received subscribe request for channel 45 from client 2
[foxglove_bridge-1] [INFO] [1783327171.819313686] [foxglove_bridge]: received subscribe request for channel 21 from client 2
[foxglove_bridge-1] [INFO] [1783327171.833949943] [foxglove_bridge]: Created ROS subscription on /plan (nav_msgs/msg/Path) for channel 21
[foxglove_bridge-1] [INFO] [1783327171.834214485] [foxglove_bridge]: received subscribe request for channel 25 from client 2
[foxglove_bridge-1] [INFO] [1783327171.855845703] [foxglove_bridge]: Created ROS subscription on /plan_smoothed (nav_msgs/msg/Path) for channel 25
[foxglove_bridge-1] [INFO] [1783327171.856133079] [foxglove_bridge]: received subscribe request for channel 23 from client 2
[foxglove_bridge-1] [INFO] [1783327171.876424005] [foxglove_bridge]: Created ROS subscription on /received_global_plan (nav_msgs/msg/Path) for channel 23
[foxglove_bridge-1] [INFO] [1783327171.876724255] [foxglove_bridge]: received subscribe request for channel 5 from client 2
[foxglove_bridge-1] [INFO] [1783327171.877041130] [foxglove_bridge]: received subscribe request for channel 9 from client 2
[foxglove_bridge-1] [INFO] [1783327171.897149973] [foxglove_bridge]: Created ROS subscription on /scan_filtered (sensor_msgs/msg/LaserScan) for channel 9
[foxglove_bridge-1] [INFO] [1783327172.008651859] [foxglove_bridge]: Advertising new channel 62 for topic "/clicked_point"
[foxglove_bridge-1] [INFO] [1783327172.206928161] [foxglove_bridge]: publishing connection graph
[foxglove_bridge-1] [INFO] [1783327172.420101303] [foxglove_bridge]: received subscribe request for channel 61 from client 2
[foxglove_bridge-1] [INFO] [1783327172.440117062] [foxglove_bridge]: Created ROS subscription on /move_base_simple/goal (geometry_msgs/msg/PoseStamped) for channel 61
[foxglove_bridge-1] [INFO] [1783327172.831528955] [foxglove_bridge]: publishing connection graph
[foxglove_bridge-1] [INFO] [1783327295.699032429] [foxglove_bridge]: received unsubscribe request for channel 56 from client 2
[foxglove_bridge-1] [INFO] [1783327295.699258429] [foxglove_bridge]: Cleaned up ROS subscription for channel 56 (no more subscribers)
[foxglove_bridge-1] [INFO] [1783327295.699375346] [foxglove_bridge]: received unsubscribe request for channel 24 from client 2
[foxglove_bridge-1] [INFO] [1783327295.699420929] [foxglove_bridge]: Cleaned up ROS subscription for channel 24 (no more subscribers)
[foxglove_bridge-1] [INFO] [1783327295.699481721] [foxglove_bridge]: received unsubscribe request for channel 60 from client 2
[foxglove_bridge-1] [INFO] [1783327295.699520846] [foxglove_bridge]: Cleaned up ROS subscription for channel 60 (no more subscribers)
[foxglove_bridge-1] [INFO] [1783327295.699573929] [foxglove_bridge]: received unsubscribe request for channel 23 from client 2
[foxglove_bridge-1] [INFO] [1783327295.699614262] [foxglove_bridge]: Cleaned up ROS subscription for channel 23 (no more subscribers)
[foxglove_bridge-1] [INFO] [1783327295.699665221] [foxglove_bridge]: received unsubscribe request for channel 61 from client 2
[foxglove_bridge-1] [INFO] [1783327295.699708012] [foxglove_bridge]: Cleaned up ROS subscription for channel 61 (no more subscribers)
[foxglove_bridge-1] [INFO] [1783327295.699759054] [foxglove_bridge]: received unsubscribe request for channel 25 from client 2
[foxglove_bridge-1] [INFO] [1783327295.699797721] [foxglove_bridge]: Cleaned up ROS subscription for channel 25 (no more subscribers)
[foxglove_bridge-1] [INFO] [1783327295.699843554] [foxglove_bridge]: received unsubscribe request for channel 51 from client 2
[foxglove_bridge-1] [INFO] [1783327295.699882804] [foxglove_bridge]: Cleaned up ROS subscription for channel 51 (no more subscribers)
[foxglove_bridge-1] [INFO] [1783327295.699932804] [foxglove_bridge]: received unsubscribe request for channel 54 from client 2
[foxglove_bridge-1] [INFO] [1783327295.699970721] [foxglove_bridge]: Cleaned up ROS subscription for channel 54 (no more subscribers)
[foxglove_bridge-1] [INFO] [1783327295.700020804] [foxglove_bridge]: received unsubscribe request for channel 29 from client 2
[foxglove_bridge-1] [INFO] [1783327295.700209263] [foxglove_bridge]: Cleaned up ROS subscription for channel 29 (no more subscribers)
[foxglove_bridge-1] [INFO] [1783327295.700270138] [foxglove_bridge]: received unsubscribe request for channel 59 from client 2
[foxglove_bridge-1] [INFO] [1783327295.700310638] [foxglove_bridge]: Cleaned up ROS subscription for channel 59 (no more subscribers)
[foxglove_bridge-1] [INFO] [1783327295.700362929] [foxglove_bridge]: received unsubscribe request for channel 45 from client 2
[foxglove_bridge-1] [INFO] [1783327295.700402763] [foxglove_bridge]: received unsubscribe request for channel 5 from client 2
[foxglove_bridge-1] [INFO] [1783327295.700441471] [foxglove_bridge]: received unsubscribe request for channel 32 from client 2
[foxglove_bridge-1] [INFO] [1783327295.700478304] [foxglove_bridge]: Cleaned up ROS subscription for channel 32 (no more subscribers)
[foxglove_bridge-1] [INFO] [1783327295.700528679] [foxglove_bridge]: received unsubscribe request for channel 47 from client 2
[foxglove_bridge-1] [INFO] [1783327295.700567471] [foxglove_bridge]: Cleaned up ROS subscription for channel 47 (no more subscribers)
[foxglove_bridge-1] [INFO] [1783327295.700618555] [foxglove_bridge]: received unsubscribe request for channel 57 from client 2
[foxglove_bridge-1] [INFO] [1783327295.700657180] [foxglove_bridge]: Cleaned up ROS subscription for channel 57 (no more subscribers)
[foxglove_bridge-1] [INFO] [1783327295.700709805] [foxglove_bridge]: received unsubscribe request for channel 2 from client 2
[foxglove_bridge-1] [INFO] [1783327295.700750096] [foxglove_bridge]: received unsubscribe request for channel 58 from client 2
[foxglove_bridge-1] [INFO] [1783327295.700788388] [foxglove_bridge]: Cleaned up ROS subscription for channel 58 (no more subscribers)
[foxglove_bridge-1] [INFO] [1783327295.700839263] [foxglove_bridge]: received unsubscribe request for channel 55 from client 2
[foxglove_bridge-1] [INFO] [1783327295.700878263] [foxglove_bridge]: Cleaned up ROS subscription for channel 55 (no more subscribers)
[foxglove_bridge-1] [INFO] [1783327295.701665222] [foxglove_bridge]: received unsubscribe request for channel 31 from client 2
[foxglove_bridge-1] [INFO] [1783327295.701786680] [foxglove_bridge]: Cleaned up ROS subscription for channel 31 (no more subscribers)
[foxglove_bridge-1] [INFO] [1783327295.701845763] [foxglove_bridge]: received unsubscribe request for channel 22 from client 2
[foxglove_bridge-1] [INFO] [1783327295.701887263] [foxglove_bridge]: Cleaned up ROS subscription for channel 22 (no more subscribers)
[foxglove_bridge-1] [INFO] [1783327295.701937013] [foxglove_bridge]: received unsubscribe request for channel 3 from client 2
[foxglove_bridge-1] [INFO] [1783327295.701978263] [foxglove_bridge]: received unsubscribe request for channel 21 from client 2
[foxglove_bridge-1] [INFO] [1783327295.702015930] [foxglove_bridge]: Cleaned up ROS subscription for channel 21 (no more subscribers)
[foxglove_bridge-1] [INFO] [1783327295.702062305] [foxglove_bridge]: received unsubscribe request for channel 9 from client 2
[foxglove_bridge-1] [INFO] [1783327295.702101430] [foxglove_bridge]: Cleaned up ROS subscription for channel 9 (no more subscribers)
[foxglove_bridge-1] [INFO] [1783327295.702189472] [foxglove_bridge]: received unsubscribe request for channel 53 from client 2
[foxglove_bridge-1] [INFO] [1783327295.702237264] [foxglove_bridge]: Cleaned up ROS subscription for channel 53 (no more subscribers)
[foxglove_bridge-1] [INFO] [1783327295.702291430] [foxglove_bridge]: received unsubscribe request for channel 28 from client 2
[foxglove_bridge-1] [INFO] [1783327295.702331097] [foxglove_bridge]: Cleaned up ROS subscription for channel 28 (no more subscribers)
[foxglove_bridge-1] [INFO] [1783327295.951078291] [foxglove_bridge]: publishing connection graph
[foxglove_bridge-1] [INFO] [1783327296.559515769] [foxglove_bridge]: publishing connection graph
[foxglove_bridge-1] [INFO] [1783327748.238414044] [rclcpp]: signal_handler(signum=2)
[foxglove_bridge-1] [INFO] [1783327748.251847834] [foxglove_bridge]: Shutting down foxglove_bridge
[foxglove_bridge-1] [INFO] [1783327750.268185009] [foxglove_bridge]: received connection graph subscribe request
[foxglove_bridge-1] [INFO] [1783327750.268294551] [foxglove_bridge]: received unsubscribe request for channel 10 from client 1
[foxglove_bridge-1] [INFO] [1783327750.268316968] [foxglove_bridge]: Cleaned up ROS subscription for channel 10 (no more subscribers)
[foxglove_bridge-1] [INFO] [1783327750.277802008] [foxglove_bridge]: received unsubscribe request for channel 3 from client 1
[foxglove_bridge-1] [INFO] [1783327750.277895550] [foxglove_bridge]: Cleaned up ROS subscription for channel 3 (no more subscribers)
[foxglove_bridge-1] [INFO] [1783327750.286594507] [foxglove_bridge]: received unsubscribe request for channel 2 from client 1
[foxglove_bridge-1] [INFO] [1783327750.286685548] [foxglove_bridge]: Cleaned up ROS subscription for channel 2 (no more subscribers)
[foxglove_bridge-1] [INFO] [1783327750.296552630] [foxglove_bridge]: received unsubscribe request for channel 45 from client 1
[foxglove_bridge-1] [INFO] [1783327750.296644714] [foxglove_bridge]: Cleaned up ROS subscription for channel 45 (no more subscribers)
[foxglove_bridge-1] [INFO] [1783327750.305932379] [foxglove_bridge]: received unsubscribe request for channel 5 from client 1
[foxglove_bridge-1] [INFO] [1783327750.306026337] [foxglove_bridge]: Cleaned up ROS subscription for channel 5 (no more subscribers)
[foxglove_bridge-1] [INFO] [1783327750.319908960] [foxglove_bridge]: Shutdown complete
[INFO] [foxglove_bridge-1]: process has finished cleanly [pid 72814]
