[INFO] [1783001595.219305591] [simple_scan_filter]: filter /scan -> /scan_filtered, keep=[0.18, 4.00], isolated_window=2, isolated_delta=0.25, min_support_neighbors=1
[INFO] [1783001609.320164796] [simple_scan_filter]: scan stats: n=404, zeros=95, nan=0, inf=0, finite_raw=309, finite_out=230, removed_isolated=6
[INFO] [1783001614.314605085] [simple_scan_filter]: scan stats: n=404, zeros=102, nan=0, inf=0, finite_raw=302, finite_out=224, removed_isolated=3
[INFO] [1783001619.309035408] [simple_scan_filter]: scan stats: n=404, zeros=107, nan=0, inf=0, finite_raw=297, finite_out=222, removed_isolated=2
[INFO] [1783001624.303037182] [simple_scan_filter]: scan stats: n=404, zeros=105, nan=0, inf=0, finite_raw=299, finite_out=219, removed_isolated=6
[INFO] [1783001629.299525319] [simple_scan_filter]: scan stats: n=404, zeros=98, nan=0, inf=0, finite_raw=306, finite_out=232, removed_isolated=4
[INFO] [1783001634.316208154] [simple_scan_filter]: scan stats: n=404, zeros=99, nan=0, inf=0, finite_raw=305, finite_out=231, removed_isolated=3
[INFO] [1783001639.293188857] [simple_scan_filter]: scan stats: n=404, zeros=97, nan=0, inf=0, finite_raw=307, finite_out=229, removed_isolated=5
[INFO] [1783001644.289502969] [simple_scan_filter]: scan stats: n=404, zeros=105, nan=0, inf=0, finite_raw=299, finite_out=222, removed_isolated=3
[INFO] [1783001649.286808821] [simple_scan_filter]: scan stats: n=404, zeros=99, nan=0, inf=0, finite_raw=305, finite_out=223, removed_isolated=5
[INFO] [1783001654.689313607] [simple_scan_filter]: scan stats: n=404, zeros=97, nan=0, inf=0, finite_raw=307, finite_out=228, removed_isolated=5
[INFO] [1783001660.281571284] [simple_scan_filter]: scan stats: n=404, zeros=107, nan=0, inf=0, finite_raw=297, finite_out=224, removed_isolated=1
[INFO] [1783001665.082728233] [simple_scan_filter]: scan stats: n=404, zeros=98, nan=0, inf=0, finite_raw=306, finite_out=232, removed_isolated=2
[INFO] [1783001670.086576874] [simple_scan_filter]: scan stats: n=404, zeros=104, nan=0, inf=0, finite_raw=300, finite_out=223, removed_isolated=1
[INFO] [1783001675.074920954] [simple_scan_filter]: scan stats: n=404, zeros=107, nan=0, inf=0, finite_raw=297, finite_out=219, removed_isolated=3
[INFO] [1783001680.070199261] [simple_scan_filter]: scan stats: n=404, zeros=105, nan=0, inf=0, finite_raw=299, finite_out=226, removed_isolated=3
[INFO] [1783001685.053373375] [simple_scan_filter]: scan stats: n=404, zeros=102, nan=0, inf=0, finite_raw=302, finite_out=223, removed_isolated=3
[INFO] [1783001690.047439415] [simple_scan_filter]: scan stats: n=404, zeros=97, nan=0, inf=0, finite_raw=307, finite_out=233, removed_isolated=2
[INFO] [1783001695.044723521] [simple_scan_filter]: scan stats: n=404, zeros=103, nan=0, inf=0, finite_raw=301, finite_out=223, removed_isolated=3
[INFO] [1783001700.039214790] [simple_scan_filter]: scan stats: n=404, zeros=107, nan=0, inf=0, finite_raw=297, finite_out=221, removed_isolated=2
[INFO] [1783001705.034451505] [simple_scan_filter]: scan stats: n=404, zeros=101, nan=0, inf=0, finite_raw=303, finite_out=228, removed_isolated=3
[INFO] [1783001710.029901210] [simple_scan_filter]: scan stats: n=404, zeros=102, nan=0, inf=0, finite_raw=302, finite_out=227, removed_isolated=3
[INFO] [1783001715.026057236] [simple_scan_filter]: scan stats: n=404, zeros=102, nan=0, inf=0, finite_raw=302, finite_out=226, removed_isolated=2
[INFO] [1783001720.024154747] [simple_scan_filter]: scan stats: n=404, zeros=102, nan=0, inf=0, finite_raw=302, finite_out=226, removed_isolated=4
[INFO] [1783001725.028779193] [simple_scan_filter]: scan stats: n=404, zeros=108, nan=0, inf=0, finite_raw=296, finite_out=220, removed_isolated=2
[INFO] [1783001730.013668584] [simple_scan_filter]: scan stats: n=404, zeros=110, nan=0, inf=0, finite_raw=294, finite_out=223, removed_isolated=2
[INFO] [1783001735.009542608] [simple_scan_filter]: scan stats: n=404, zeros=107, nan=0, inf=0, finite_raw=297, finite_out=220, removed_isolated=4
[INFO] [1783001740.006027453] [simple_scan_filter]: scan stats: n=404, zeros=104, nan=0, inf=0, finite_raw=300, finite_out=226, removed_isolated=2
[INFO] [1783001745.000428375] [simple_scan_filter]: scan stats: n=404, zeros=105, nan=0, inf=0, finite_raw=299, finite_out=225, removed_isolated=4
[INFO] [1783001750.001856104] [simple_scan_filter]: scan stats: n=404, zeros=111, nan=0, inf=0, finite_raw=293, finite_out=216, removed_isolated=5
[INFO] [1783001755.053422056] [simple_scan_filter]: scan stats: n=404, zeros=104, nan=0, inf=0, finite_raw=300, finite_out=222, removed_isolated=4
[INFO] [1783001760.013335468] [simple_scan_filter]: scan stats: n=404, zeros=106, nan=0, inf=0, finite_raw=298, finite_out=223, removed_isolated=3
[INFO] [1783001765.005740304] [simple_scan_filter]: scan stats: n=404, zeros=106, nan=0, inf=0, finite_raw=298, finite_out=220, removed_isolated=1
[INFO] [1783001769.997755629] [simple_scan_filter]: scan stats: n=404, zeros=100, nan=0, inf=0, finite_raw=304, finite_out=228, removed_isolated=3
[INFO] [1783001774.976579967] [simple_scan_filter]: scan stats: n=404, zeros=106, nan=0, inf=0, finite_raw=298, finite_out=222, removed_isolated=3
[INFO] [1783001779.969844806] [simple_scan_filter]: scan stats: n=404, zeros=104, nan=0, inf=0, finite_raw=300, finite_out=222, removed_isolated=4
[INFO] [1783001784.970020120] [simple_scan_filter]: scan stats: n=404, zeros=98, nan=0, inf=0, finite_raw=306, finite_out=227, removed_isolated=4
[INFO] [1783001789.967990049] [simple_scan_filter]: scan stats: n=404, zeros=101, nan=0, inf=0, finite_raw=303, finite_out=230, removed_isolated=2
[INFO] [1783001794.997051740] [simple_scan_filter]: scan stats: n=404, zeros=103, nan=0, inf=0, finite_raw=301, finite_out=226, removed_isolated=3
[INFO] [1783001799.971758063] [simple_scan_filter]: scan stats: n=404, zeros=104, nan=0, inf=0, finite_raw=300, finite_out=223, removed_isolated=3
[INFO] [1783001804.960711638] [simple_scan_filter]: scan stats: n=404, zeros=96, nan=0, inf=0, finite_raw=308, finite_out=230, removed_isolated=3
[INFO] [1783001809.955257938] [simple_scan_filter]: scan stats: n=404, zeros=105, nan=0, inf=0, finite_raw=299, finite_out=224, removed_isolated=2
[INFO] [1783001814.952162929] [simple_scan_filter]: scan stats: n=404, zeros=102, nan=0, inf=0, finite_raw=302, finite_out=222, removed_isolated=2
[INFO] [1783001819.960482551] [simple_scan_filter]: scan stats: n=404, zeros=112, nan=0, inf=0, finite_raw=292, finite_out=217, removed_isolated=4
[INFO] [1783001825.000089018] [simple_scan_filter]: scan stats: n=404, zeros=106, nan=0, inf=0, finite_raw=298, finite_out=222, removed_isolated=5
[INFO] [1783001829.938274120] [simple_scan_filter]: scan stats: n=404, zeros=108, nan=0, inf=0, finite_raw=296, finite_out=222, removed_isolated=6
[INFO] [1783001834.932055645] [simple_scan_filter]: scan stats: n=404, zeros=116, nan=0, inf=0, finite_raw=288, finite_out=211, removed_isolated=4
[INFO] [1783001839.924306867] [simple_scan_filter]: scan stats: n=404, zeros=104, nan=0, inf=0, finite_raw=300, finite_out=224, removed_isolated=4
[INFO] [1783001844.946218853] [simple_scan_filter]: scan stats: n=404, zeros=95, nan=0, inf=0, finite_raw=309, finite_out=237, removed_isolated=3
[INFO] [1783001849.921660578] [simple_scan_filter]: scan stats: n=404, zeros=94, nan=0, inf=0, finite_raw=310, finite_out=238, removed_isolated=1
[INFO] [1783001854.935569299] [simple_scan_filter]: scan stats: n=404, zeros=95, nan=0, inf=0, finite_raw=309, finite_out=234, removed_isolated=2
[INFO] [1783001859.925701009] [simple_scan_filter]: scan stats: n=404, zeros=96, nan=0, inf=0, finite_raw=308, finite_out=235, removed_isolated=2
[INFO] [1783001864.984780285] [simple_scan_filter]: scan stats: n=404, zeros=100, nan=0, inf=0, finite_raw=304, finite_out=228, removed_isolated=4
[INFO] [1783001870.044101463] [simple_scan_filter]: scan stats: n=404, zeros=103, nan=0, inf=0, finite_raw=301, finite_out=225, removed_isolated=3
[INFO] [1783001874.902094996] [simple_scan_filter]: scan stats: n=404, zeros=94, nan=0, inf=0, finite_raw=310, finite_out=234, removed_isolated=3
[INFO] [1783001879.895423390] [simple_scan_filter]: scan stats: n=404, zeros=106, nan=0, inf=0, finite_raw=298, finite_out=223, removed_isolated=3
Traceback (most recent call last):
  File "/root/rdk_x5_vln_robot/ros2_bridge/simple_scan_filter.py", line 197, in <module>
    main()
  File "/root/rdk_x5_vln_robot/ros2_bridge/simple_scan_filter.py", line 191, in main
    rclpy.spin(node)
  File "/opt/ros/humble/local/lib/python3.10/dist-packages/rclpy/__init__.py", line 229, in spin
    executor.spin_once()
  File "/opt/ros/humble/local/lib/python3.10/dist-packages/rclpy/executors.py", line 751, in spin_once
    self._spin_once_impl(timeout_sec)
  File "/opt/ros/humble/local/lib/python3.10/dist-packages/rclpy/executors.py", line 740, in _spin_once_impl
    handler, entity, node = self.wait_for_ready_callbacks(timeout_sec=timeout_sec)
  File "/opt/ros/humble/local/lib/python3.10/dist-packages/rclpy/executors.py", line 723, in wait_for_ready_callbacks
    return next(self._cb_iter)
  File "/opt/ros/humble/local/lib/python3.10/dist-packages/rclpy/executors.py", line 624, in _wait_for_ready_callbacks
    raise ExternalShutdownException()
rclpy.executors.ExternalShutdownException
