[INFO] [launch]: All log files can be found below /root/.ros/log/2026-07-06-14-56-33-870124-ubuntu-25987
[INFO] [launch]: Default logging verbosity is set to INFO
[INFO] [map_server-1]: process started with pid [26015]
[INFO] [amcl-2]: process started with pid [26017]
[INFO] [lifecycle_manager-3]: process started with pid [26019]
[INFO] [controller_server-4]: process started with pid [26021]
[INFO] [smoother_server-5]: process started with pid [26023]
[INFO] [planner_server-6]: process started with pid [26025]
[INFO] [behavior_server-7]: process started with pid [26027]
[INFO] [bt_navigator-8]: process started with pid [26029]
[INFO] [waypoint_follower-9]: process started with pid [26036]
[INFO] [velocity_smoother-10]: process started with pid [26052]
[INFO] [lifecycle_manager-11]: process started with pid [26064]
[lifecycle_manager-3] [INFO] [1783320996.349880972] [lifecycle_manager_localization]: Creating
[amcl-2] [INFO] [1783320996.454958134] [amcl]: 
[amcl-2] 	amcl lifecycle node launched. 
[amcl-2] 	Waiting on external lifecycle transitions to activate
[amcl-2] 	See https://design.ros2.org/articles/node_lifecycle.html for more information.
[amcl-2] [INFO] [1783320996.456784633] [amcl]: Creating
[lifecycle_manager-3] [INFO] [1783320996.473946084] [lifecycle_manager_localization]: [34m[1mCreating and initializing lifecycle service clients[0m[0m
[controller_server-4] [INFO] [1783320996.550921759] [controller_server]: 
[controller_server-4] 	controller_server lifecycle node launched. 
[controller_server-4] 	Waiting on external lifecycle transitions to activate
[controller_server-4] 	See https://design.ros2.org/articles/node_lifecycle.html for more information.
[planner_server-6] [INFO] [1783320996.564075170] [planner_server]: 
[planner_server-6] 	planner_server lifecycle node launched. 
[planner_server-6] 	Waiting on external lifecycle transitions to activate
[planner_server-6] 	See https://design.ros2.org/articles/node_lifecycle.html for more information.
[planner_server-6] [INFO] [1783320996.606474609] [planner_server]: Creating
[controller_server-4] [INFO] [1783320996.675196037] [controller_server]: Creating controller server
[waypoint_follower-9] [INFO] [1783320996.697262653] [waypoint_follower]: 
[waypoint_follower-9] 	waypoint_follower lifecycle node launched. 
[waypoint_follower-9] 	Waiting on external lifecycle transitions to activate
[waypoint_follower-9] 	See https://design.ros2.org/articles/node_lifecycle.html for more information.
[waypoint_follower-9] [INFO] [1783320996.715843478] [waypoint_follower]: Creating
[velocity_smoother-10] [INFO] [1783320996.724005808] [velocity_smoother]: 
[velocity_smoother-10] 	velocity_smoother lifecycle node launched. 
[velocity_smoother-10] 	Waiting on external lifecycle transitions to activate
[velocity_smoother-10] 	See https://design.ros2.org/articles/node_lifecycle.html for more information.
[smoother_server-5] [INFO] [1783320996.744208965] [smoother_server]: 
[smoother_server-5] 	smoother_server lifecycle node launched. 
[smoother_server-5] 	Waiting on external lifecycle transitions to activate
[smoother_server-5] 	See https://design.ros2.org/articles/node_lifecycle.html for more information.
[smoother_server-5] [INFO] [1783320996.762842166] [smoother_server]: Creating smoother server
[bt_navigator-8] [INFO] [1783320996.820710265] [bt_navigator]: 
[bt_navigator-8] 	bt_navigator lifecycle node launched. 
[bt_navigator-8] 	Waiting on external lifecycle transitions to activate
[bt_navigator-8] 	See https://design.ros2.org/articles/node_lifecycle.html for more information.
[bt_navigator-8] [INFO] [1783320996.821299890] [bt_navigator]: Creating
[map_server-1] [INFO] [1783320996.864430788] [map_server]: 
[map_server-1] 	map_server lifecycle node launched. 
[map_server-1] 	Waiting on external lifecycle transitions to activate
[map_server-1] 	See https://design.ros2.org/articles/node_lifecycle.html for more information.
[map_server-1] [INFO] [1783320996.866129453] [map_server]: Creating
[lifecycle_manager-11] [INFO] [1783320996.886800903] [lifecycle_manager_navigation]: Creating
[behavior_server-7] [INFO] [1783320996.938876672] [behavior_server]: 
[behavior_server-7] 	behavior_server lifecycle node launched. 
[behavior_server-7] 	Waiting on external lifecycle transitions to activate
[behavior_server-7] 	See https://design.ros2.org/articles/node_lifecycle.html for more information.
[planner_server-6] [INFO] [1783320996.978843362] [global_costmap.global_costmap]: 
[planner_server-6] 	global_costmap lifecycle node launched. 
[planner_server-6] 	Waiting on external lifecycle transitions to activate
[planner_server-6] 	See https://design.ros2.org/articles/node_lifecycle.html for more information.
[lifecycle_manager-11] [INFO] [1783320996.979755320] [lifecycle_manager_navigation]: [34m[1mCreating and initializing lifecycle service clients[0m[0m
[planner_server-6] [INFO] [1783320996.995480855] [global_costmap.global_costmap]: Creating Costmap
[controller_server-4] [INFO] [1783320997.393415680] [local_costmap.local_costmap]: 
[controller_server-4] 	local_costmap lifecycle node launched. 
[controller_server-4] 	Waiting on external lifecycle transitions to activate
[controller_server-4] 	See https://design.ros2.org/articles/node_lifecycle.html for more information.
[controller_server-4] [INFO] [1783320997.395577138] [local_costmap.local_costmap]: Creating Costmap
[lifecycle_manager-3] [INFO] [1783320997.450550947] [lifecycle_manager_localization]: [34m[1mStarting managed nodes bringup...[0m[0m
[lifecycle_manager-3] [INFO] [1783320997.458683401] [lifecycle_manager_localization]: [34m[1mConfiguring map_server[0m[0m
[map_server-1] [INFO] [1783320997.475046894] [map_server]: Configuring
[map_server-1] [INFO] [1783320997.475333644] [map_io]: Loading yaml file: /root/rdk_x5_vln_robot/maps/joy_calibrated_corridor_map.yaml
[map_server-1] [INFO] [1783320997.476370977] [map_io]: resolution: 0.05
[map_server-1] [INFO] [1783320997.476451685] [map_io]: origin[0]: -6.19
[map_server-1] [INFO] [1783320997.476483477] [map_io]: origin[1]: -5
[map_server-1] [INFO] [1783320997.476511102] [map_io]: origin[2]: 0
[map_server-1] [INFO] [1783320997.476540352] [map_io]: free_thresh: 0.25
[map_server-1] [INFO] [1783320997.476568727] [map_io]: occupied_thresh: 0.65
[map_server-1] [INFO] [1783320997.476604060] [map_io]: mode: trinary
[map_server-1] [INFO] [1783320997.476633935] [map_io]: negate: 0
[map_server-1] [INFO] [1783320997.477396852] [map_io]: Loading image_file: /root/rdk_x5_vln_robot/maps/joy_calibrated_corridor_map.pgm
[map_server-1] [INFO] [1783320997.545179613] [map_io]: Read map /root/rdk_x5_vln_robot/maps/joy_calibrated_corridor_map.pgm: 143 X 171 map @ 0.05 m/cell
[lifecycle_manager-11] [INFO] [1783320997.575858183] [lifecycle_manager_navigation]: [34m[1mStarting managed nodes bringup...[0m[0m
[lifecycle_manager-11] [INFO] [1783320997.579449515] [lifecycle_manager_navigation]: [34m[1mConfiguring controller_server[0m[0m
[controller_server-4] [INFO] [1783320997.586694220] [controller_server]: Configuring controller interface
[controller_server-4] [INFO] [1783320997.587516803] [controller_server]: getting goal checker plugins..
[controller_server-4] [INFO] [1783320997.587995136] [controller_server]: Controller frequency set to 10.0000Hz
[controller_server-4] [INFO] [1783320997.588231386] [local_costmap.local_costmap]: Configuring
[lifecycle_manager-3] [INFO] [1783320997.666502143] [lifecycle_manager_localization]: [34m[1mConfiguring amcl[0m[0m
[amcl-2] [INFO] [1783320997.669939434] [amcl]: Configuring
[amcl-2] [INFO] [1783320997.670302350] [amcl]: initTransforms
[controller_server-4] [INFO] [1783320997.760890894] [local_costmap.local_costmap]: Using plugin "static_layer"
[amcl-2] [INFO] [1783320997.928564487] [amcl]: initPubSub
[controller_server-4] [INFO] [1783320997.963211221] [local_costmap.local_costmap]: Subscribing to the map topic (/map) with transient local durability
[controller_server-4] [INFO] [1783320997.999456831] [local_costmap.local_costmap]: Initialized plugin "static_layer"
[controller_server-4] [INFO] [1783320997.999616705] [local_costmap.local_costmap]: Using plugin "voxel_layer"
[amcl-2] [INFO] [1783320998.034621648] [amcl]: Subscribed to map topic.
[controller_server-4] [INFO] [1783320998.062714178] [local_costmap.local_costmap]: Subscribed to Topics: scan
[lifecycle_manager-3] [INFO] [1783320998.166285716] [lifecycle_manager_localization]: [34m[1mActivating map_server[0m[0m
[map_server-1] [INFO] [1783320998.167498590] [map_server]: Activating
[map_server-1] [INFO] [1783320998.168346048] [map_server]: Creating bond (map_server) to lifecycle manager.
[amcl-2] [INFO] [1783320998.173182421] [amcl]: Received a 143 X 171 map @ 0.050 m/pix
[controller_server-4] [INFO] [1783320998.260917424] [local_costmap.local_costmap]: Initialized plugin "voxel_layer"
[controller_server-4] [INFO] [1783320998.261074132] [local_costmap.local_costmap]: Using plugin "inflation_layer"
[controller_server-4] [INFO] [1783320998.279456708] [local_costmap.local_costmap]: Initialized plugin "inflation_layer"
[lifecycle_manager-3] [INFO] [1783320998.315584483] [lifecycle_manager_localization]: Server map_server connected with bond.
[lifecycle_manager-3] [INFO] [1783320998.315750317] [lifecycle_manager_localization]: [34m[1mActivating amcl[0m[0m
[amcl-2] [INFO] [1783320998.316782024] [amcl]: Activating
[amcl-2] [INFO] [1783320998.316968774] [amcl]: Creating bond (amcl) to lifecycle manager.
[amcl-2] [INFO] [1783320998.357894090] [amcl]: createLaserObject
[controller_server-4] [INFO] [1783320998.403581653] [local_costmap.local_costmap]: StaticLayer: Resizing static layer to 143 X 171 at 0.050000 m/pix
[controller_server-4] [INFO] [1783320998.403925861] [controller_server]: Created progress_checker : progress_checker of type nav2_controller::SimpleProgressChecker
[controller_server-4] [INFO] [1783320998.417600230] [controller_server]: Created goal checker : general_goal_checker of type nav2_controller::SimpleGoalChecker
[controller_server-4] [INFO] [1783320998.425440143] [controller_server]: Controller Server has general_goal_checker  goal checkers available.
[controller_server-4] [INFO] [1783320998.429283517] [controller_server]: Created controller : FollowPath of type nav2_regulated_pure_pursuit_controller::RegulatedPurePursuitController
[lifecycle_manager-3] [INFO] [1783320998.455509714] [lifecycle_manager_localization]: Server amcl connected with bond.
[lifecycle_manager-3] [INFO] [1783320998.455668255] [lifecycle_manager_localization]: [34m[1mManaged nodes are active[0m[0m
[lifecycle_manager-3] [INFO] [1783320998.455727713] [lifecycle_manager_localization]: [34m[1mCreating bond timer...[0m[0m
[controller_server-4] [INFO] [1783320998.536649011] [controller_server]: Controller Server has FollowPath  controllers available.
[lifecycle_manager-11] [INFO] [1783320998.633574719] [lifecycle_manager_navigation]: [34m[1mConfiguring smoother_server[0m[0m
[smoother_server-5] [INFO] [1783320998.634948135] [smoother_server]: Configuring smoother server
[smoother_server-5] [INFO] [1783320998.711331476] [smoother_server]: Created smoother : simple_smoother of type nav2_smoother::SimpleSmoother
[smoother_server-5] [INFO] [1783320998.727144094] [smoother_server]: Smoother Server has simple_smoother  smoothers available.
[lifecycle_manager-11] [INFO] [1783320998.779736321] [lifecycle_manager_navigation]: [34m[1mConfiguring planner_server[0m[0m
[planner_server-6] [INFO] [1783320998.780940321] [planner_server]: Configuring
[planner_server-6] [INFO] [1783320998.781118654] [global_costmap.global_costmap]: Configuring
[planner_server-6] [INFO] [1783320998.817118971] [global_costmap.global_costmap]: Using plugin "static_layer"
[planner_server-6] [INFO] [1783320998.851103206] [global_costmap.global_costmap]: Subscribing to the map topic (/map) with transient local durability
[planner_server-6] [INFO] [1783320998.862835618] [global_costmap.global_costmap]: Initialized plugin "static_layer"
[planner_server-6] [INFO] [1783320998.862992743] [global_costmap.global_costmap]: Using plugin "inflation_layer"
[planner_server-6] [INFO] [1783320998.879567194] [global_costmap.global_costmap]: Initialized plugin "inflation_layer"
[planner_server-6] [INFO] [1783320998.955298786] [global_costmap.global_costmap]: StaticLayer: Resizing costmap to 143 X 171 at 0.050000 m/pix
[planner_server-6] [INFO] [1783320998.956561993] [planner_server]: Created global planner plugin GridBased of type nav2_navfn_planner/NavfnPlanner
[planner_server-6] [INFO] [1783320998.956709285] [planner_server]: Configuring plugin GridBased of type NavfnPlanner
[planner_server-6] [INFO] [1783320998.973612653] [planner_server]: Planner Server has GridBased  planners available.
[lifecycle_manager-11] [INFO] [1783320999.160335487] [lifecycle_manager_navigation]: [34m[1mConfiguring behavior_server[0m[0m
[behavior_server-7] [INFO] [1783320999.161982528] [behavior_server]: Configuring
[behavior_server-7] [INFO] [1783320999.248347824] [behavior_server]: Creating behavior plugin spin of type nav2_behaviors/Spin
[behavior_server-7] [INFO] [1783320999.252404572] [behavior_server]: Configuring spin
[behavior_server-7] [INFO] [1783320999.335250327] [behavior_server]: Creating behavior plugin backup of type nav2_behaviors/BackUp
[behavior_server-7] [INFO] [1783320999.339437867] [behavior_server]: Configuring backup
[behavior_server-7] [INFO] [1783320999.408241212] [behavior_server]: Creating behavior plugin drive_on_heading of type nav2_behaviors/DriveOnHeading
[behavior_server-7] [INFO] [1783320999.411727752] [behavior_server]: Configuring drive_on_heading
[behavior_server-7] [INFO] [1783320999.460670855] [behavior_server]: Creating behavior plugin assisted_teleop of type nav2_behaviors/AssistedTeleop
[behavior_server-7] [INFO] [1783320999.469330060] [behavior_server]: Configuring assisted_teleop
[behavior_server-7] [INFO] [1783320999.526149660] [behavior_server]: Creating behavior plugin wait of type nav2_behaviors/Wait
[behavior_server-7] [INFO] [1783320999.530067575] [behavior_server]: Configuring wait
[lifecycle_manager-11] [INFO] [1783320999.579749595] [lifecycle_manager_navigation]: [34m[1mConfiguring bt_navigator[0m[0m
[bt_navigator-8] [INFO] [1783320999.581320677] [bt_navigator]: Configuring
[amcl-2] [WARN] [1783320999.746345938] [amcl]: AMCL cannot publish a pose or update the transform. Please set the initial pose...
[lifecycle_manager-11] [INFO] [1783321000.209247152] [lifecycle_manager_navigation]: [34m[1mConfiguring waypoint_follower[0m[0m
[waypoint_follower-9] [INFO] [1783321000.210879526] [waypoint_follower]: Configuring
[waypoint_follower-9] [INFO] [1783321000.352376297] [waypoint_follower]: Created waypoint_task_executor : wait_at_waypoint of type nav2_waypoint_follower::WaitAtWaypoint
[lifecycle_manager-11] [INFO] [1783321000.360652794] [lifecycle_manager_navigation]: [34m[1mConfiguring velocity_smoother[0m[0m
[velocity_smoother-10] [INFO] [1783321000.362500668] [velocity_smoother]: Configuring velocity smoother
[lifecycle_manager-11] [INFO] [1783321000.390362197] [lifecycle_manager_navigation]: [34m[1mActivating controller_server[0m[0m
[controller_server-4] [INFO] [1783321000.392070321] [controller_server]: Activating
[controller_server-4] [INFO] [1783321000.392355946] [local_costmap.local_costmap]: Activating
[controller_server-4] [INFO] [1783321000.392454696] [local_costmap.local_costmap]: Checking transform
[controller_server-4] [INFO] [1783321000.392594946] [local_costmap.local_costmap]: Timed out waiting for transform from base_link to map to become available, tf error: Invalid frame ID "map" passed to canTransform argument target_frame - frame does not exist
[controller_server-4] [INFO] [1783321000.892634227] [local_costmap.local_costmap]: Timed out waiting for transform from base_link to map to become available, tf error: Invalid frame ID "map" passed to canTransform argument target_frame - frame does not exist
[controller_server-4] [INFO] [1783321001.392618549] [local_costmap.local_costmap]: Timed out waiting for transform from base_link to map to become available, tf error: Invalid frame ID "map" passed to canTransform argument target_frame - frame does not exist
[amcl-2] [WARN] [1783321001.843100101] [amcl]: AMCL cannot publish a pose or update the transform. Please set the initial pose...
[controller_server-4] [INFO] [1783321001.892692413] [local_costmap.local_costmap]: Timed out waiting for transform from base_link to map to become available, tf error: Invalid frame ID "map" passed to canTransform argument target_frame - frame does not exist
[controller_server-4] [INFO] [1783321002.392614277] [local_costmap.local_costmap]: Timed out waiting for transform from base_link to map to become available, tf error: Invalid frame ID "map" passed to canTransform argument target_frame - frame does not exist
[controller_server-4] [INFO] [1783321002.892612849] [local_costmap.local_costmap]: Timed out waiting for transform from base_link to map to become available, tf error: Invalid frame ID "map" passed to canTransform argument target_frame - frame does not exist
[controller_server-4] [INFO] [1783321003.392615046] [local_costmap.local_costmap]: Timed out waiting for transform from base_link to map to become available, tf error: Invalid frame ID "map" passed to canTransform argument target_frame - frame does not exist
[controller_server-4] [INFO] [1783321003.892629327] [local_costmap.local_costmap]: Timed out waiting for transform from base_link to map to become available, tf error: Invalid frame ID "map" passed to canTransform argument target_frame - frame does not exist
[amcl-2] [WARN] [1783321003.935986224] [amcl]: AMCL cannot publish a pose or update the transform. Please set the initial pose...
[controller_server-4] [INFO] [1783321004.392619149] [local_costmap.local_costmap]: Timed out waiting for transform from base_link to map to become available, tf error: Invalid frame ID "map" passed to canTransform argument target_frame - frame does not exist
[controller_server-4] [INFO] [1783321004.892615263] [local_costmap.local_costmap]: Timed out waiting for transform from base_link to map to become available, tf error: Invalid frame ID "map" passed to canTransform argument target_frame - frame does not exist
[controller_server-4] [INFO] [1783321005.392632585] [local_costmap.local_costmap]: Timed out waiting for transform from base_link to map to become available, tf error: Invalid frame ID "map" passed to canTransform argument target_frame - frame does not exist
[controller_server-4] [INFO] [1783321005.892620199] [local_costmap.local_costmap]: Timed out waiting for transform from base_link to map to become available, tf error: Invalid frame ID "map" passed to canTransform argument target_frame - frame does not exist
[amcl-2] [WARN] [1783321006.035096345] [amcl]: AMCL cannot publish a pose or update the transform. Please set the initial pose...
[controller_server-4] [INFO] [1783321006.392624563] [local_costmap.local_costmap]: Timed out waiting for transform from base_link to map to become available, tf error: Invalid frame ID "map" passed to canTransform argument target_frame - frame does not exist
[controller_server-4] [INFO] [1783321006.892623302] [local_costmap.local_costmap]: Timed out waiting for transform from base_link to map to become available, tf error: Invalid frame ID "map" passed to canTransform argument target_frame - frame does not exist
[controller_server-4] [INFO] [1783321007.392631250] [local_costmap.local_costmap]: Timed out waiting for transform from base_link to map to become available, tf error: Invalid frame ID "map" passed to canTransform argument target_frame - frame does not exist
[controller_server-4] [INFO] [1783321007.892626739] [local_costmap.local_costmap]: Timed out waiting for transform from base_link to map to become available, tf error: Invalid frame ID "map" passed to canTransform argument target_frame - frame does not exist
[amcl-2] [WARN] [1783321008.141946130] [amcl]: AMCL cannot publish a pose or update the transform. Please set the initial pose...
[controller_server-4] [INFO] [1783321008.392636311] [local_costmap.local_costmap]: Timed out waiting for transform from base_link to map to become available, tf error: Invalid frame ID "map" passed to canTransform argument target_frame - frame does not exist
[controller_server-4] [INFO] [1783321008.892619217] [local_costmap.local_costmap]: Timed out waiting for transform from base_link to map to become available, tf error: Invalid frame ID "map" passed to canTransform argument target_frame - frame does not exist
[controller_server-4] [INFO] [1783321009.392620290] [local_costmap.local_costmap]: Timed out waiting for transform from base_link to map to become available, tf error: Invalid frame ID "map" passed to canTransform argument target_frame - frame does not exist
[controller_server-4] [INFO] [1783321009.892630029] [local_costmap.local_costmap]: Timed out waiting for transform from base_link to map to become available, tf error: Invalid frame ID "map" passed to canTransform argument target_frame - frame does not exist
[amcl-2] [WARN] [1783321010.233385296] [amcl]: AMCL cannot publish a pose or update the transform. Please set the initial pose...
[controller_server-4] [INFO] [1783321010.392629810] [local_costmap.local_costmap]: Timed out waiting for transform from base_link to map to become available, tf error: Invalid frame ID "map" passed to canTransform argument target_frame - frame does not exist
[controller_server-4] [INFO] [1783321010.892619632] [local_costmap.local_costmap]: Timed out waiting for transform from base_link to map to become available, tf error: Invalid frame ID "map" passed to canTransform argument target_frame - frame does not exist
[controller_server-4] [INFO] [1783321011.392630205] [local_costmap.local_costmap]: Timed out waiting for transform from base_link to map to become available, tf error: Invalid frame ID "map" passed to canTransform argument target_frame - frame does not exist
[controller_server-4] [INFO] [1783321011.892627819] [local_costmap.local_costmap]: Timed out waiting for transform from base_link to map to become available, tf error: Invalid frame ID "map" passed to canTransform argument target_frame - frame does not exist
[amcl-2] [WARN] [1783321012.249043205] [amcl]: AMCL cannot publish a pose or update the transform. Please set the initial pose...
[controller_server-4] [INFO] [1783321012.392622017] [local_costmap.local_costmap]: Timed out waiting for transform from base_link to map to become available, tf error: Invalid frame ID "map" passed to canTransform argument target_frame - frame does not exist
[controller_server-4] [INFO] [1783321012.892604798] [local_costmap.local_costmap]: Timed out waiting for transform from base_link to map to become available, tf error: Invalid frame ID "map" passed to canTransform argument target_frame - frame does not exist
[controller_server-4] [INFO] [1783321013.392643662] [local_costmap.local_costmap]: Timed out waiting for transform from base_link to map to become available, tf error: Invalid frame ID "map" passed to canTransform argument target_frame - frame does not exist
[controller_server-4] [INFO] [1783321013.892651985] [local_costmap.local_costmap]: Timed out waiting for transform from base_link to map to become available, tf error: Invalid frame ID "map" passed to canTransform argument target_frame - frame does not exist
[amcl-2] [WARN] [1783321014.327509711] [amcl]: AMCL cannot publish a pose or update the transform. Please set the initial pose...
[controller_server-4] [INFO] [1783321014.392750016] [local_costmap.local_costmap]: Timed out waiting for transform from base_link to map to become available, tf error: Invalid frame ID "map" passed to canTransform argument target_frame - frame does not exist
[controller_server-4] [INFO] [1783321014.892615505] [local_costmap.local_costmap]: Timed out waiting for transform from base_link to map to become available, tf error: Invalid frame ID "map" passed to canTransform argument target_frame - frame does not exist
[controller_server-4] [INFO] [1783321015.392642203] [local_costmap.local_costmap]: Timed out waiting for transform from base_link to map to become available, tf error: Invalid frame ID "map" passed to canTransform argument target_frame - frame does not exist
[controller_server-4] [INFO] [1783321015.892637234] [local_costmap.local_costmap]: Timed out waiting for transform from base_link to map to become available, tf error: Invalid frame ID "map" passed to canTransform argument target_frame - frame does not exist
[controller_server-4] [INFO] [1783321016.392617432] [local_costmap.local_costmap]: Timed out waiting for transform from base_link to map to become available, tf error: Invalid frame ID "map" passed to canTransform argument target_frame - frame does not exist
[amcl-2] [WARN] [1783321016.423148211] [amcl]: AMCL cannot publish a pose or update the transform. Please set the initial pose...
[controller_server-4] [INFO] [1783321016.892613630] [local_costmap.local_costmap]: Timed out waiting for transform from base_link to map to become available, tf error: Invalid frame ID "map" passed to canTransform argument target_frame - frame does not exist
[controller_server-4] [INFO] [1783321017.393048161] [local_costmap.local_costmap]: Timed out waiting for transform from base_link to map to become available, tf error: Invalid frame ID "map" passed to canTransform argument target_frame - frame does not exist
[controller_server-4] [INFO] [1783321017.892614609] [local_costmap.local_costmap]: Timed out waiting for transform from base_link to map to become available, tf error: Invalid frame ID "map" passed to canTransform argument target_frame - frame does not exist
[controller_server-4] [INFO] [1783321018.394708306] [local_costmap.local_costmap]: Timed out waiting for transform from base_link to map to become available, tf error: Invalid frame ID "map" passed to canTransform argument target_frame - frame does not exist
[amcl-2] [WARN] [1783321018.432518498] [amcl]: AMCL cannot publish a pose or update the transform. Please set the initial pose...
[amcl-2] [INFO] [1783321018.626778580] [amcl]: initialPoseReceived
[amcl-2] [WARN] [1783321018.627281913] [amcl]: Failed to transform initial pose in time (Lookup would require extrapolation into the future.  Requested time 1783321018.626946 but the latest data is at time 1783321018.608325, when looking up transform from frame [base_link] to frame [odom])
[amcl-2] [INFO] [1783321018.627395204] [amcl]: Setting pose (1783321018.627390): 0.061 -0.277 1.108
[controller_server-4] [INFO] [1783321018.892880422] [local_costmap.local_costmap]: Timed out waiting for transform from base_link to map to become available, tf error: Lookup would require extrapolation into the past.  Requested time 1783321018.875095 but the earliest data is at time 1783321020.615838, when looking up transform from frame [base_link] to frame [map]
[controller_server-4] [INFO] [1783321019.392739620] [local_costmap.local_costmap]: Timed out waiting for transform from base_link to map to become available, tf error: Lookup would require extrapolation into the past.  Requested time 1783321019.378985 but the earliest data is at time 1783321020.615838, when looking up transform from frame [base_link] to frame [map]
[controller_server-4] [INFO] [1783321019.892845859] [local_costmap.local_costmap]: Timed out waiting for transform from base_link to map to become available, tf error: Lookup would require extrapolation into the past.  Requested time 1783321019.875965 but the earliest data is at time 1783321020.615838, when looking up transform from frame [base_link] to frame [map]
[controller_server-4] [INFO] [1783321020.392766766] [local_costmap.local_costmap]: Timed out waiting for transform from base_link to map to become available, tf error: Lookup would require extrapolation into the past.  Requested time 1783321020.375022 but the earliest data is at time 1783321020.615838, when looking up transform from frame [base_link] to frame [map]
[controller_server-4] [INFO] [1783321020.892921380] [local_costmap.local_costmap]: start
[controller_server-4] [INFO] [1783321021.146659144] [controller_server]: Activating controller: FollowPath of type regulated_pure_pursuit_controller::RegulatedPurePursuitController
[controller_server-4] [INFO] [1783321021.146875269] [controller_server]: Creating bond (controller_server) to lifecycle manager.
[lifecycle_manager-11] [INFO] [1783321021.277214712] [lifecycle_manager_navigation]: Server controller_server connected with bond.
[lifecycle_manager-11] [INFO] [1783321021.277479712] [lifecycle_manager_navigation]: [34m[1mActivating smoother_server[0m[0m
[smoother_server-5] [INFO] [1783321021.279206461] [smoother_server]: Activating
[smoother_server-5] [INFO] [1783321021.279417836] [smoother_server]: Creating bond (smoother_server) to lifecycle manager.
[lifecycle_manager-11] [INFO] [1783321021.396343868] [lifecycle_manager_navigation]: Server smoother_server connected with bond.
[lifecycle_manager-11] [INFO] [1783321021.396546993] [lifecycle_manager_navigation]: [34m[1mActivating planner_server[0m[0m
[planner_server-6] [INFO] [1783321021.398125076] [planner_server]: Activating
[planner_server-6] [INFO] [1783321021.398396367] [global_costmap.global_costmap]: Activating
[planner_server-6] [INFO] [1783321021.398516826] [global_costmap.global_costmap]: Checking transform
[planner_server-6] [INFO] [1783321021.399103950] [global_costmap.global_costmap]: start
[amcl-2] [INFO] [1783321021.793944695] [amcl]: initialPoseReceived
[amcl-2] [WARN] [1783321021.794432986] [amcl]: Failed to transform initial pose in time (Lookup would require extrapolation into the future.  Requested time 1783321021.794172 but the latest data is at time 1783321021.776203, when looking up transform from frame [base_link] to frame [odom])
[amcl-2] [INFO] [1783321021.794581986] [amcl]: Setting pose (1783321021.794576): 0.061 -0.277 1.108
[planner_server-6] [INFO] [1783321022.449371491] [planner_server]: Activating plugin GridBased of type NavfnPlanner
[planner_server-6] [INFO] [1783321022.456135113] [planner_server]: Creating bond (planner_server) to lifecycle manager.
[lifecycle_manager-11] [INFO] [1783321022.580935725] [lifecycle_manager_navigation]: Server planner_server connected with bond.
[lifecycle_manager-11] [INFO] [1783321022.581120267] [lifecycle_manager_navigation]: [34m[1mActivating behavior_server[0m[0m
[behavior_server-7] [INFO] [1783321022.582567266] [behavior_server]: Activating
[behavior_server-7] [INFO] [1783321022.582712641] [behavior_server]: Activating spin
[behavior_server-7] [INFO] [1783321022.582778350] [behavior_server]: Activating backup
[behavior_server-7] [INFO] [1783321022.582829266] [behavior_server]: Activating drive_on_heading
[behavior_server-7] [INFO] [1783321022.582880391] [behavior_server]: Activating assisted_teleop
[behavior_server-7] [INFO] [1783321022.582929141] [behavior_server]: Activating wait
[behavior_server-7] [INFO] [1783321022.582996391] [behavior_server]: Creating bond (behavior_server) to lifecycle manager.
[lifecycle_manager-11] [INFO] [1783321022.705336671] [lifecycle_manager_navigation]: Server behavior_server connected with bond.
[lifecycle_manager-11] [INFO] [1783321022.705497963] [lifecycle_manager_navigation]: [34m[1mActivating bt_navigator[0m[0m
[bt_navigator-8] [INFO] [1783321022.706751420] [bt_navigator]: Activating
[bt_navigator-8] [INFO] [1783321023.120933031] [bt_navigator]: Creating bond (bt_navigator) to lifecycle manager.
[lifecycle_manager-11] [INFO] [1783321023.241501187] [lifecycle_manager_navigation]: Server bt_navigator connected with bond.
[lifecycle_manager-11] [INFO] [1783321023.241689645] [lifecycle_manager_navigation]: [34m[1mActivating waypoint_follower[0m[0m
[waypoint_follower-9] [INFO] [1783321023.243199353] [waypoint_follower]: Activating
[waypoint_follower-9] [INFO] [1783321023.243405894] [waypoint_follower]: Creating bond (waypoint_follower) to lifecycle manager.
[lifecycle_manager-11] [INFO] [1783321023.369178631] [lifecycle_manager_navigation]: Server waypoint_follower connected with bond.
[lifecycle_manager-11] [INFO] [1783321023.369338298] [lifecycle_manager_navigation]: [34m[1mActivating velocity_smoother[0m[0m
[velocity_smoother-10] [INFO] [1783321023.370653339] [velocity_smoother]: Activating
[velocity_smoother-10] [INFO] [1783321023.370899297] [velocity_smoother]: Creating bond (velocity_smoother) to lifecycle manager.
[lifecycle_manager-11] [INFO] [1783321023.496220992] [lifecycle_manager_navigation]: Server velocity_smoother connected with bond.
[lifecycle_manager-11] [INFO] [1783321023.496380825] [lifecycle_manager_navigation]: [34m[1mManaged nodes are active[0m[0m
[lifecycle_manager-11] [INFO] [1783321023.496434492] [lifecycle_manager_navigation]: [34m[1mCreating bond timer...[0m[0m
[amcl-2] [INFO] [1783321024.959236978] [amcl]: initialPoseReceived
[amcl-2] [WARN] [1783321024.959553561] [amcl]: Failed to transform initial pose in time (Lookup would require extrapolation into the future.  Requested time 1783321024.959398 but the latest data is at time 1783321024.941679, when looking up transform from frame [base_link] to frame [odom])
[amcl-2] [INFO] [1783321024.959633811] [amcl]: Setting pose (1783321024.959630): 0.061 -0.277 1.108
[planner_server-6] [WARN] [1783321118.615676786] [planner_server]: No planners specified in action call. Server will use only plugin GridBased  in server. This warning will appear once.
[bt_navigator-8] [INFO] [1783321118.702132208] [bt_navigator]: Begin navigating from current location (0.00, -0.27) to (-2.59, -0.79)
[smoother_server-5] [INFO] [1783321118.746367064] [smoother_server]: Received a path to smooth.
[controller_server-4] [INFO] [1783321118.784727672] [controller_server]: Received a goal, begin computing control effort.
[controller_server-4] [WARN] [1783321118.784917714] [controller_server]: No goal checker was specified in parameter 'current_goal_checker'. Server will use only plugin loaded general_goal_checker . This warning will appear once.
[smoother_server-5] [INFO] [1783321123.843924250] [smoother_server]: Received a path to smooth.
[controller_server-4] [WARN] [1783321123.883720941] [controller_server]: [follow_path] [ActionServer] Aborting handle.
[controller_server-4] [INFO] [1783321123.885140149] [controller_server]: Passing new path to controller.
[smoother_server-5] [INFO] [1783321128.943786793] [smoother_server]: Received a path to smooth.
[controller_server-4] [WARN] [1783321128.983710216] [controller_server]: [follow_path] [ActionServer] Aborting handle.
[controller_server-4] [INFO] [1783321128.985157426] [controller_server]: Passing new path to controller.
[smoother_server-5] [INFO] [1783321134.043911850] [smoother_server]: Received a path to smooth.
[controller_server-4] [WARN] [1783321134.084077897] [controller_server]: [follow_path] [ActionServer] Aborting handle.
[controller_server-4] [INFO] [1783321134.085146232] [controller_server]: Passing new path to controller.
[smoother_server-5] [INFO] [1783321139.143938461] [smoother_server]: Received a path to smooth.
[controller_server-4] [WARN] [1783321139.183764091] [controller_server]: [follow_path] [ActionServer] Aborting handle.
[controller_server-4] [INFO] [1783321139.185155092] [controller_server]: Passing new path to controller.
[smoother_server-5] [INFO] [1783321144.243890669] [smoother_server]: Received a path to smooth.
[controller_server-4] [WARN] [1783321144.283619589] [controller_server]: [follow_path] [ActionServer] Aborting handle.
[controller_server-4] [INFO] [1783321144.285147216] [controller_server]: Passing new path to controller.
[smoother_server-5] [INFO] [1783321149.343831141] [smoother_server]: Received a path to smooth.
[controller_server-4] [WARN] [1783321149.383750436] [controller_server]: [follow_path] [ActionServer] Aborting handle.
[controller_server-4] [INFO] [1783321149.385150812] [controller_server]: Passing new path to controller.
[smoother_server-5] [INFO] [1783321154.462492648] [smoother_server]: Received a path to smooth.
[controller_server-4] [INFO] [1783321154.485174632] [controller_server]: Passing new path to controller.
[controller_server-4] [INFO] [1783321154.585160035] [controller_server]: Passing new path to controller.
[smoother_server-5] [INFO] [1783321159.567454989] [smoother_server]: Received a path to smooth.
[controller_server-4] [INFO] [1783321159.587804845] [controller_server]: Passing new path to controller.
[controller_server-4] [INFO] [1783321159.685145452] [controller_server]: Passing new path to controller.
[controller_server-4] [ERROR] [1783321163.785449585] [controller_server]: Failed to make progress
[controller_server-4] [WARN] [1783321163.785779210] [controller_server]: [follow_path] [ActionServer] Aborting handle.
[controller_server-4] [INFO] [1783321163.823834960] [local_costmap.local_costmap]: Received request to clear entirely the local_costmap
[controller_server-4] [INFO] [1783321163.826487546] [controller_server]: Received a goal, begin computing control effort.
[smoother_server-5] [INFO] [1783321164.664491212] [smoother_server]: Received a path to smooth.
[controller_server-4] [WARN] [1783321164.703946922] [controller_server]: [follow_path] [ActionServer] Aborting handle.
[controller_server-4] [INFO] [1783321164.726809905] [controller_server]: Passing new path to controller.
[smoother_server-5] [INFO] [1783321169.751759358] [smoother_server]: Received a path to smooth.
[controller_server-4] [WARN] [1783321169.804898624] [controller_server]: [follow_path] [ActionServer] Aborting handle.
[controller_server-4] [INFO] [1783321169.826811647] [controller_server]: Passing new path to controller.
[smoother_server-5] [INFO] [1783321174.863793256] [smoother_server]: Received a path to smooth.
[controller_server-4] [WARN] [1783321174.906481469] [controller_server]: [follow_path] [ActionServer] Aborting handle.
[controller_server-4] [INFO] [1783321174.926829282] [controller_server]: Passing new path to controller.
[smoother_server-5] [INFO] [1783321179.964021785] [smoother_server]: Received a path to smooth.
[controller_server-4] [WARN] [1783321180.004019452] [controller_server]: [follow_path] [ActionServer] Aborting handle.
[controller_server-4] [INFO] [1783321180.026819601] [controller_server]: Passing new path to controller.
[smoother_server-5] [INFO] [1783321185.063870999] [smoother_server]: Received a path to smooth.
[controller_server-4] [WARN] [1783321185.104547916] [controller_server]: [follow_path] [ActionServer] Aborting handle.
[controller_server-4] [INFO] [1783321185.126816939] [controller_server]: Passing new path to controller.
[smoother_server-5] [INFO] [1783321190.183052252] [smoother_server]: Received a path to smooth.
[controller_server-4] [INFO] [1783321190.226811255] [controller_server]: Passing new path to controller.
[controller_server-4] [INFO] [1783321190.326811816] [controller_server]: Passing new path to controller.
[smoother_server-5] [INFO] [1783321195.303931360] [smoother_server]: Received a path to smooth.
[controller_server-4] [INFO] [1783321195.326827049] [controller_server]: Passing new path to controller.
[controller_server-4] [INFO] [1783321195.426835026] [controller_server]: Passing new path to controller.
[smoother_server-5] [INFO] [1783321200.404592592] [smoother_server]: Received a path to smooth.
[controller_server-4] [INFO] [1783321200.426813114] [controller_server]: Passing new path to controller.
[controller_server-4] [INFO] [1783321200.531231677] [controller_server]: Passing new path to controller.
[bt_navigator-8] [WARN] [1783321204.702736758] [BehaviorTreeEngine]: Behavior Tree tick rate 50.00 was exceeded!
[bt_navigator-8] [WARN] [1783321204.862828417] [BehaviorTreeEngine]: Behavior Tree tick rate 50.00 was exceeded!
[smoother_server-5] [INFO] [1783321205.503844303] [smoother_server]: Received a path to smooth.
[controller_server-4] [INFO] [1783321205.526815617] [controller_server]: Passing new path to controller.
[controller_server-4] [INFO] [1783321205.629410552] [controller_server]: Passing new path to controller.
[controller_server-4] [ERROR] [1783321208.927004849] [controller_server]: Failed to make progress
[controller_server-4] [WARN] [1783321208.927308224] [controller_server]: [follow_path] [ActionServer] Aborting handle.
[controller_server-4] [INFO] [1783321208.964839095] [local_costmap.local_costmap]: Received request to clear entirely the local_costmap
[planner_server-6] [INFO] [1783321208.966995264] [global_costmap.global_costmap]: Received request to clear entirely the global_costmap
[behavior_server-7] [INFO] [1783321208.975082938] [behavior_server]: Running wait
[behavior_server-7] [INFO] [1783321209.975615587] [behavior_server]: wait completed successfully
[smoother_server-5] [INFO] [1783321210.064052507] [smoother_server]: Received a path to smooth.
[controller_server-4] [INFO] [1783321210.103978588] [controller_server]: Received a goal, begin computing control effort.
[smoother_server-5] [INFO] [1783321215.164508020] [smoother_server]: Received a path to smooth.
[controller_server-4] [WARN] [1783321215.203866975] [controller_server]: [follow_path] [ActionServer] Aborting handle.
[controller_server-4] [INFO] [1783321215.212363108] [controller_server]: Passing new path to controller.
[smoother_server-5] [INFO] [1783321220.266357057] [smoother_server]: Received a path to smooth.
[controller_server-4] [WARN] [1783321220.303786968] [controller_server]: [follow_path] [ActionServer] Aborting handle.
[controller_server-4] [INFO] [1783321220.308474014] [controller_server]: Passing new path to controller.
[smoother_server-5] [INFO] [1783321225.364061864] [smoother_server]: Received a path to smooth.
[controller_server-4] [WARN] [1783321225.403801151] [controller_server]: [follow_path] [ActionServer] Aborting handle.
[controller_server-4] [INFO] [1783321225.408595322] [controller_server]: Passing new path to controller.
[smoother_server-5] [INFO] [1783321230.465042698] [smoother_server]: Received a path to smooth.
[controller_server-4] [WARN] [1783321230.503876776] [controller_server]: [follow_path] [ActionServer] Aborting handle.
[controller_server-4] [INFO] [1783321230.508162030] [controller_server]: Passing new path to controller.
[smoother_server-5] [INFO] [1783321235.548264748] [smoother_server]: Received a path to smooth.
[controller_server-4] [WARN] [1783321235.583883656] [controller_server]: [follow_path] [ActionServer] Aborting handle.
[controller_server-4] [INFO] [1783321235.607882720] [controller_server]: Passing new path to controller.
[smoother_server-5] [INFO] [1783321240.644209962] [smoother_server]: Received a path to smooth.
[controller_server-4] [WARN] [1783321240.684457457] [controller_server]: [follow_path] [ActionServer] Aborting handle.
[controller_server-4] [INFO] [1783321240.707893103] [controller_server]: Passing new path to controller.
[bt_navigator-8] [WARN] [1783321242.011830247] [BehaviorTreeEngine]: Behavior Tree tick rate 50.00 was exceeded!
[smoother_server-5] [INFO] [1783321245.744120996] [smoother_server]: Received a path to smooth.
[controller_server-4] [WARN] [1783321245.783890449] [controller_server]: [follow_path] [ActionServer] Aborting handle.
[controller_server-4] [INFO] [1783321245.808152012] [controller_server]: Passing new path to controller.
[smoother_server-5] [INFO] [1783321250.824925207] [smoother_server]: Received a path to smooth.
[controller_server-4] [WARN] [1783321250.863654575] [controller_server]: [follow_path] [ActionServer] Aborting handle.
[controller_server-4] [INFO] [1783321250.907878572] [controller_server]: Passing new path to controller.
[controller_server-4] [ERROR] [1783321255.109603120] [controller_server]: Failed to make progress
[controller_server-4] [WARN] [1783321255.109916704] [controller_server]: [follow_path] [ActionServer] Aborting handle.
[controller_server-4] [INFO] [1783321255.143530067] [local_costmap.local_costmap]: Received request to clear entirely the local_costmap
[controller_server-4] [INFO] [1783321255.148429530] [controller_server]: Received a goal, begin computing control effort.
[controller_server-4] [WARN] [1783321255.301861831] [controller_server]: Control loop missed its desired rate of 10.0000Hz
[smoother_server-5] [INFO] [1783321255.925082295] [smoother_server]: Received a path to smooth.
[controller_server-4] [INFO] [1783321255.949411067] [controller_server]: Passing new path to controller.
[controller_server-4] [INFO] [1783321256.049364655] [controller_server]: Passing new path to controller.
[smoother_server-5] [INFO] [1783321261.023778577] [smoother_server]: Received a path to smooth.
[controller_server-4] [INFO] [1783321261.049382808] [controller_server]: Passing new path to controller.
[controller_server-4] [INFO] [1783321261.149372894] [controller_server]: Passing new path to controller.
[smoother_server-5] [INFO] [1783321266.124039846] [smoother_server]: Received a path to smooth.
[controller_server-4] [INFO] [1783321266.149378201] [controller_server]: Passing new path to controller.
[controller_server-4] [INFO] [1783321266.249390537] [controller_server]: Passing new path to controller.
[smoother_server-5] [INFO] [1783321271.224255395] [smoother_server]: Received a path to smooth.
[controller_server-4] [INFO] [1783321271.250107166] [controller_server]: Passing new path to controller.
[controller_server-4] [INFO] [1783321271.349390375] [controller_server]: Passing new path to controller.
[smoother_server-5] [INFO] [1783321276.326037598] [smoother_server]: Received a path to smooth.
[controller_server-4] [INFO] [1783321276.349382243] [controller_server]: Passing new path to controller.
[controller_server-4] [INFO] [1783321276.449376535] [controller_server]: Passing new path to controller.
[smoother_server-5] [INFO] [1783321281.425123246] [smoother_server]: Received a path to smooth.
[controller_server-4] [INFO] [1783321281.449393975] [controller_server]: Passing new path to controller.
[controller_server-4] [INFO] [1783321281.549524974] [controller_server]: Passing new path to controller.
[smoother_server-5] [INFO] [1783321286.524894384] [smoother_server]: Received a path to smooth.
[controller_server-4] [INFO] [1783321286.549371070] [controller_server]: Passing new path to controller.
[controller_server-4] [INFO] [1783321286.649377027] [controller_server]: Passing new path to controller.
[smoother_server-5] [INFO] [1783321291.624251593] [smoother_server]: Received a path to smooth.
[controller_server-4] [INFO] [1783321291.649380238] [controller_server]: Passing new path to controller.
[controller_server-4] [INFO] [1783321291.752229279] [controller_server]: Passing new path to controller.
[smoother_server-5] [INFO] [1783321296.723889251] [smoother_server]: Received a path to smooth.
[controller_server-4] [INFO] [1783321296.749368979] [controller_server]: Passing new path to controller.
[controller_server-4] [INFO] [1783321296.849377351] [controller_server]: Passing new path to controller.
[controller_server-4] [ERROR] [1783321300.349585908] [controller_server]: Failed to make progress
[controller_server-4] [WARN] [1783321300.349905825] [controller_server]: [follow_path] [ActionServer] Aborting handle.
[controller_server-4] [INFO] [1783321300.383961852] [local_costmap.local_costmap]: Received request to clear entirely the local_costmap
[planner_server-6] [INFO] [1783321300.387075938] [global_costmap.global_costmap]: Received request to clear entirely the global_costmap
[behavior_server-7] [INFO] [1783321300.391462066] [behavior_server]: Running wait
[behavior_server-7] [INFO] [1783321301.391920852] [behavior_server]: wait completed successfully
[smoother_server-5] [INFO] [1783321301.483900424] [smoother_server]: Received a path to smooth.
[controller_server-4] [INFO] [1783321301.524040081] [controller_server]: Received a goal, begin computing control effort.
[smoother_server-5] [INFO] [1783321306.608364627] [smoother_server]: Received a path to smooth.
[controller_server-4] [INFO] [1783321306.626096183] [controller_server]: Passing new path to controller.
[controller_server-4] [INFO] [1783321306.726095094] [controller_server]: Passing new path to controller.
[smoother_server-5] [INFO] [1783321311.703875799] [smoother_server]: Received a path to smooth.
[controller_server-4] [INFO] [1783321311.726106941] [controller_server]: Passing new path to controller.
[controller_server-4] [INFO] [1783321311.826085684] [controller_server]: Passing new path to controller.
[smoother_server-5] [INFO] [1783321316.807581302] [smoother_server]: Received a path to smooth.
[controller_server-4] [INFO] [1783321316.826091983] [controller_server]: Passing new path to controller.
[controller_server-4] [INFO] [1783321316.926097434] [controller_server]: Passing new path to controller.
[smoother_server-5] [INFO] [1783321321.903925042] [smoother_server]: Received a path to smooth.
[controller_server-4] [INFO] [1783321321.926112600] [controller_server]: Passing new path to controller.
[controller_server-4] [INFO] [1783321322.026100383] [controller_server]: Passing new path to controller.
[smoother_server-5] [INFO] [1783321327.003777402] [smoother_server]: Received a path to smooth.
[controller_server-4] [INFO] [1783321327.026084794] [controller_server]: Passing new path to controller.
[controller_server-4] [INFO] [1783321327.126165159] [controller_server]: Passing new path to controller.
[smoother_server-5] [INFO] [1783321332.103809797] [smoother_server]: Received a path to smooth.
[controller_server-4] [INFO] [1783321332.126080105] [controller_server]: Passing new path to controller.
[controller_server-4] [INFO] [1783321332.226087595] [controller_server]: Passing new path to controller.
[smoother_server-5] [INFO] [1783321337.203593478] [smoother_server]: Received a path to smooth.
[controller_server-4] [INFO] [1783321337.226088494] [controller_server]: Passing new path to controller.
[controller_server-4] [INFO] [1783321337.326097940] [controller_server]: Passing new path to controller.
[smoother_server-5] [INFO] [1783321342.306034404] [smoother_server]: Received a path to smooth.
[controller_server-4] [INFO] [1783321342.326081793] [controller_server]: Passing new path to controller.
[controller_server-4] [INFO] [1783321342.426088572] [controller_server]: Passing new path to controller.
[controller_server-4] [ERROR] [1783321346.526311291] [controller_server]: Failed to make progress
[controller_server-4] [WARN] [1783321346.526635125] [controller_server]: [follow_path] [ActionServer] Aborting handle.
[controller_server-4] [INFO] [1783321346.563122026] [local_costmap.local_costmap]: Received request to clear entirely the local_costmap
[controller_server-4] [INFO] [1783321346.564772152] [controller_server]: Received a goal, begin computing control effort.
[controller_server-4] [WARN] [1783321346.697463620] [controller_server]: Control loop missed its desired rate of 10.0000Hz
[smoother_server-5] [INFO] [1783321347.403732947] [smoother_server]: Received a path to smooth.
[controller_server-4] [WARN] [1783321347.443807641] [controller_server]: [follow_path] [ActionServer] Aborting handle.
[controller_server-4] [INFO] [1783321347.465049365] [controller_server]: Passing new path to controller.
[smoother_server-5] [INFO] [1783321352.503839736] [smoother_server]: Received a path to smooth.
[controller_server-4] [WARN] [1783321352.543568597] [controller_server]: [follow_path] [ActionServer] Aborting handle.
[controller_server-4] [INFO] [1783321352.565045237] [controller_server]: Passing new path to controller.
[smoother_server-5] [INFO] [1783321357.603981313] [smoother_server]: Received a path to smooth.
[controller_server-4] [WARN] [1783321357.643745132] [controller_server]: [follow_path] [ActionServer] Aborting handle.
[controller_server-4] [INFO] [1783321357.665064521] [controller_server]: Passing new path to controller.
[bt_navigator-8] [WARN] [1783321359.344024828] [BehaviorTreeEngine]: Behavior Tree tick rate 50.00 was exceeded!
[bt_navigator-8] [WARN] [1783321360.043917260] [BehaviorTreeEngine]: Behavior Tree tick rate 50.00 was exceeded!
[smoother_server-5] [INFO] [1783321362.703696385] [smoother_server]: Received a path to smooth.
[controller_server-4] [WARN] [1783321362.743687871] [controller_server]: [follow_path] [ActionServer] Aborting handle.
[controller_server-4] [INFO] [1783321362.765046552] [controller_server]: Passing new path to controller.
