[INFO] [1782983168.174916144] [map_server]: 
	map_server lifecycle node launched. 
	Waiting on external lifecycle transitions to activate
	See https://design.ros2.org/articles/node_lifecycle.html for more information.
[INFO] [1782983168.175754851] [map_server]: Creating
[INFO] [1782983181.111909995] [map_server]: Configuring
[INFO] [1782983181.112316203] [map_io]: Loading yaml file: /root/rdk_x5_vln_robot/maps/joy_calibrated_corridor_map.yaml
[INFO] [1782983181.113431661] [map_io]: resolution: 0.05
[INFO] [1782983181.113550619] [map_io]: origin[0]: -3.98
[INFO] [1782983181.113610161] [map_io]: origin[1]: -5.16
[INFO] [1782983181.113669994] [map_io]: origin[2]: 0
[INFO] [1782983181.113730536] [map_io]: free_thresh: 0.25
[INFO] [1782983181.113789453] [map_io]: occupied_thresh: 0.65
[INFO] [1782983181.113852703] [map_io]: mode: trinary
[INFO] [1782983181.113912869] [map_io]: negate: 0
[INFO] [1782983181.114580827] [map_io]: Loading image_file: /root/rdk_x5_vln_robot/maps/joy_calibrated_corridor_map.pgm
[INFO] [1782983181.136557484] [map_io]: Read map /root/rdk_x5_vln_robot/maps/joy_calibrated_corridor_map.pgm: 146 X 167 map @ 0.05 m/cell
[INFO] [1782983189.048286149] [map_server]: Activating
[INFO] [1782983189.049174607] [map_server]: Creating bond (map_server) to lifecycle manager.
[INFO] [1782983297.558353769] [rclcpp]: signal_handler(signum=15)
[INFO] [1782983297.558758477] [map_server]: Running Nav2 LifecycleNode rcl preshutdown (map_server)
[INFO] [1782983297.559081393] [map_server]: Deactivating
[INFO] [1782983297.559191727] [map_server]: Destroying bond (map_server) to lifecycle manager.
[INFO] [1782983297.569692847] [map_server]: Cleaning up
[INFO] [1782983297.569959680] [map_server]: Destroying bond (map_server) to lifecycle manager.
[INFO] [1782983297.597564168] [map_server]: Destroying
