[INFO] [1783000439.808872917] [foxglove_click_goal_bridge]: Foxglove click goal bridge started.
[INFO] [1783000439.813089454] [foxglove_click_goal_bridge]: Listening point click topic:
[INFO] [1783000439.816855574] [foxglove_click_goal_bridge]:   /foxglove_goal_point
[INFO] [1783000439.821022444] [foxglove_click_goal_bridge]:   geometry_msgs/msg/PointStamped
[INFO] [1783000439.824937898] [foxglove_click_goal_bridge]: Listening pose click topic:
[INFO] [1783000439.829168517] [foxglove_click_goal_bridge]:   /foxglove_goal_pose
[INFO] [1783000439.834004970] [foxglove_click_goal_bridge]:   geometry_msgs/msg/PoseStamped
[INFO] [1783000439.838400006] [foxglove_click_goal_bridge]: Recommended Foxglove tool:
[INFO] [1783000439.842990251] [foxglove_click_goal_bridge]:   Publish -> 2D point -> /foxglove_goal_point
[INFO] [1783000439.846862163] [foxglove_click_goal_bridge]: Visual path topic: /foxglove_click_planned_path
Traceback (most recent call last):
  File "/root/rdk_x5_vln_robot/scripts/slam/foxglove_click_goal_bridge.py", line 416, in main
    rclpy.spin(node)
  File "/opt/ros/humble/local/lib/python3.10/dist-packages/rclpy/__init__.py", line 229, in spin
    executor.spin_once()
  File "/opt/ros/humble/local/lib/python3.10/dist-packages/rclpy/executors.py", line 751, in spin_once
    self._spin_once_impl(timeout_sec)
  File "/opt/ros/humble/local/lib/python3.10/dist-packages/rclpy/executors.py", line 740, in _spin_once_impl
    handler, entity, node = self.wait_for_ready_callbacks(timeout_sec=timeout_sec)
  File "/opt/ros/humble/local/lib/python3.10/dist-packages/rclpy/executors.py", line 723, in wait_for_ready_callbacks
    return next(self._cb_iter)
  File "/opt/ros/humble/local/lib/python3.10/dist-packages/rclpy/executors.py", line 624, in _wait_for_ready_callbacks
    raise ExternalShutdownException()
rclpy.executors.ExternalShutdownException

During handling of the above exception, another exception occurred:

Traceback (most recent call last):
  File "/root/rdk_x5_vln_robot/scripts/slam/foxglove_click_goal_bridge.py", line 425, in <module>
    main()
  File "/root/rdk_x5_vln_robot/scripts/slam/foxglove_click_goal_bridge.py", line 421, in main
    rclpy.shutdown()
  File "/opt/ros/humble/local/lib/python3.10/dist-packages/rclpy/__init__.py", line 130, in shutdown
    _shutdown(context=context)
  File "/opt/ros/humble/local/lib/python3.10/dist-packages/rclpy/utilities.py", line 58, in shutdown
    return context.shutdown()
  File "/opt/ros/humble/local/lib/python3.10/dist-packages/rclpy/context.py", line 102, in shutdown
    self.__context.shutdown()
rclpy._rclpy_pybind11.RCLError: failed to shutdown: rcl_shutdown already called on the given context, at ./src/rcl/init.c:241
