[INFO] [1783320247.170067735] [simple_scan_filter]: filter /scan -> /scan_filtered, keep=[0.22, 4.00], isolated_window=2, isolated_delta=0.25, min_support_neighbors=1
[INFO] [1783320261.124383819] [simple_scan_filter]: scan stats: n=404, zeros=123, nan=0, inf=0, finite_raw=281, finite_out=218, removed_isolated=5
[INFO] [1783320266.117756719] [simple_scan_filter]: scan stats: n=404, zeros=132, nan=0, inf=0, finite_raw=272, finite_out=212, removed_isolated=6
[INFO] [1783320271.131502949] [simple_scan_filter]: scan stats: n=404, zeros=123, nan=0, inf=0, finite_raw=281, finite_out=216, removed_isolated=4
[INFO] [1783320276.102866297] [simple_scan_filter]: scan stats: n=404, zeros=137, nan=0, inf=0, finite_raw=267, finite_out=205, removed_isolated=7
[INFO] [1783320281.122029252] [simple_scan_filter]: scan stats: n=404, zeros=135, nan=0, inf=0, finite_raw=269, finite_out=206, removed_isolated=8
[INFO] [1783320286.091175661] [simple_scan_filter]: scan stats: n=404, zeros=134, nan=0, inf=0, finite_raw=270, finite_out=212, removed_isolated=8
[INFO] [1783320291.084520607] [simple_scan_filter]: scan stats: n=404, zeros=132, nan=0, inf=0, finite_raw=272, finite_out=208, removed_isolated=6
[INFO] [1783320296.086796515] [simple_scan_filter]: scan stats: n=404, zeros=125, nan=0, inf=0, finite_raw=279, finite_out=215, removed_isolated=8
[INFO] [1783320301.075037940] [simple_scan_filter]: scan stats: n=404, zeros=116, nan=0, inf=0, finite_raw=288, finite_out=220, removed_isolated=8
[INFO] [1783320306.075793075] [simple_scan_filter]: scan stats: n=404, zeros=129, nan=0, inf=0, finite_raw=275, finite_out=212, removed_isolated=9
[INFO] [1783320311.054257440] [simple_scan_filter]: scan stats: n=404, zeros=131, nan=0, inf=0, finite_raw=273, finite_out=207, removed_isolated=12
[INFO] [1783320316.046821306] [simple_scan_filter]: scan stats: n=404, zeros=126, nan=0, inf=0, finite_raw=278, finite_out=214, removed_isolated=6
[INFO] [1783320321.041843887] [simple_scan_filter]: scan stats: n=404, zeros=126, nan=0, inf=0, finite_raw=278, finite_out=214, removed_isolated=6
[INFO] [1783320326.033291311] [simple_scan_filter]: scan stats: n=404, zeros=123, nan=0, inf=0, finite_raw=281, finite_out=214, removed_isolated=6
[INFO] [1783320331.026635160] [simple_scan_filter]: scan stats: n=404, zeros=124, nan=0, inf=0, finite_raw=280, finite_out=215, removed_isolated=10
[INFO] [1783320336.020585392] [simple_scan_filter]: scan stats: n=404, zeros=125, nan=0, inf=0, finite_raw=279, finite_out=211, removed_isolated=8
[INFO] [1783320341.016058464] [simple_scan_filter]: scan stats: n=404, zeros=130, nan=0, inf=0, finite_raw=274, finite_out=212, removed_isolated=8
[INFO] [1783320346.009886796] [simple_scan_filter]: scan stats: n=404, zeros=134, nan=0, inf=0, finite_raw=270, finite_out=206, removed_isolated=8
[INFO] [1783320351.002423011] [simple_scan_filter]: scan stats: n=404, zeros=137, nan=0, inf=0, finite_raw=267, finite_out=204, removed_isolated=9
[INFO] [1783320356.009749893] [simple_scan_filter]: scan stats: n=404, zeros=119, nan=0, inf=0, finite_raw=285, finite_out=216, removed_isolated=7
[INFO] [1783320360.994644878] [simple_scan_filter]: scan stats: n=404, zeros=131, nan=0, inf=0, finite_raw=273, finite_out=210, removed_isolated=8
[INFO] [1783320365.985078035] [simple_scan_filter]: scan stats: n=404, zeros=113, nan=0, inf=0, finite_raw=291, finite_out=220, removed_isolated=9
[INFO] [1783320370.983552487] [simple_scan_filter]: scan stats: n=404, zeros=127, nan=0, inf=0, finite_raw=277, finite_out=213, removed_isolated=10
[INFO] [1783320375.973604826] [simple_scan_filter]: scan stats: n=404, zeros=122, nan=0, inf=0, finite_raw=282, finite_out=220, removed_isolated=6
[INFO] [1783320380.966948588] [simple_scan_filter]: scan stats: n=404, zeros=120, nan=0, inf=0, finite_raw=284, finite_out=215, removed_isolated=8
[INFO] [1783320385.964227647] [simple_scan_filter]: scan stats: n=404, zeros=134, nan=0, inf=0, finite_raw=270, finite_out=208, removed_isolated=9
[INFO] [1783320390.953286051] [simple_scan_filter]: scan stats: n=404, zeros=125, nan=0, inf=0, finite_raw=279, finite_out=215, removed_isolated=9
[INFO] [1783320395.944773627] [simple_scan_filter]: scan stats: n=404, zeros=121, nan=0, inf=0, finite_raw=283, finite_out=214, removed_isolated=9
[INFO] [1783320400.938804918] [simple_scan_filter]: scan stats: n=404, zeros=134, nan=0, inf=0, finite_raw=270, finite_out=207, removed_isolated=10
[INFO] [1783320405.931382593] [simple_scan_filter]: scan stats: n=404, zeros=127, nan=0, inf=0, finite_raw=277, finite_out=213, removed_isolated=8
[INFO] [1783320410.935895142] [simple_scan_filter]: scan stats: n=404, zeros=127, nan=0, inf=0, finite_raw=277, finite_out=216, removed_isolated=7
[INFO] [1783320415.918621503] [simple_scan_filter]: scan stats: n=404, zeros=104, nan=0, inf=0, finite_raw=300, finite_out=236, removed_isolated=6
[INFO] [1783320420.923817525] [simple_scan_filter]: scan stats: n=404, zeros=76, nan=0, inf=0, finite_raw=328, finite_out=275, removed_isolated=4
[INFO] [1783320425.923592390] [simple_scan_filter]: scan stats: n=404, zeros=49, nan=0, inf=0, finite_raw=355, finite_out=333, removed_isolated=2
[INFO] [1783320430.900943565] [simple_scan_filter]: scan stats: n=404, zeros=45, nan=0, inf=0, finite_raw=359, finite_out=347, removed_isolated=0
[INFO] [1783320435.907091108] [simple_scan_filter]: scan stats: n=404, zeros=35, nan=0, inf=0, finite_raw=369, finite_out=360, removed_isolated=0
[INFO] [1783320440.893952625] [simple_scan_filter]: scan stats: n=404, zeros=39, nan=0, inf=0, finite_raw=365, finite_out=348, removed_isolated=0
[INFO] [1783320445.889599061] [simple_scan_filter]: scan stats: n=404, zeros=59, nan=0, inf=0, finite_raw=345, finite_out=337, removed_isolated=2
[INFO] [1783320450.885056463] [simple_scan_filter]: scan stats: n=404, zeros=56, nan=0, inf=0, finite_raw=348, finite_out=337, removed_isolated=1
[INFO] [1783320455.870273543] [simple_scan_filter]: scan stats: n=404, zeros=60, nan=0, inf=0, finite_raw=344, finite_out=336, removed_isolated=1
[INFO] [1783320460.863113875] [simple_scan_filter]: scan stats: n=404, zeros=55, nan=0, inf=0, finite_raw=349, finite_out=337, removed_isolated=1
[INFO] [1783320465.860974378] [simple_scan_filter]: scan stats: n=404, zeros=60, nan=0, inf=0, finite_raw=344, finite_out=336, removed_isolated=1
[INFO] [1783320470.850840225] [simple_scan_filter]: scan stats: n=404, zeros=58, nan=0, inf=0, finite_raw=346, finite_out=336, removed_isolated=2
[INFO] [1783320475.845669451] [simple_scan_filter]: scan stats: n=404, zeros=55, nan=0, inf=0, finite_raw=349, finite_out=338, removed_isolated=2
[INFO] [1783320480.839633725] [simple_scan_filter]: scan stats: n=404, zeros=58, nan=0, inf=0, finite_raw=346, finite_out=338, removed_isolated=2
[INFO] [1783320485.831370756] [simple_scan_filter]: scan stats: n=404, zeros=64, nan=0, inf=0, finite_raw=340, finite_out=333, removed_isolated=1
[INFO] [1783320490.826566083] [simple_scan_filter]: scan stats: n=404, zeros=58, nan=0, inf=0, finite_raw=346, finite_out=335, removed_isolated=3
[INFO] [1783320495.829544996] [simple_scan_filter]: scan stats: n=404, zeros=60, nan=0, inf=0, finite_raw=344, finite_out=336, removed_isolated=2
[INFO] [1783320500.814691174] [simple_scan_filter]: scan stats: n=404, zeros=58, nan=0, inf=0, finite_raw=346, finite_out=336, removed_isolated=2
[INFO] [1783320505.807243396] [simple_scan_filter]: scan stats: n=404, zeros=60, nan=0, inf=0, finite_raw=344, finite_out=335, removed_isolated=2
[INFO] [1783320510.811657909] [simple_scan_filter]: scan stats: n=404, zeros=58, nan=0, inf=0, finite_raw=346, finite_out=337, removed_isolated=2
[INFO] [1783320515.797330063] [simple_scan_filter]: scan stats: n=404, zeros=55, nan=0, inf=0, finite_raw=349, finite_out=339, removed_isolated=2
[INFO] [1783320520.795141424] [simple_scan_filter]: scan stats: n=404, zeros=61, nan=0, inf=0, finite_raw=343, finite_out=335, removed_isolated=2
[INFO] [1783320525.785228087] [simple_scan_filter]: scan stats: n=404, zeros=59, nan=0, inf=0, finite_raw=345, finite_out=336, removed_isolated=2
[INFO] [1783320530.779911129] [simple_scan_filter]: scan stats: n=404, zeros=59, nan=0, inf=0, finite_raw=345, finite_out=337, removed_isolated=2
[INFO] [1783320535.772652593] [simple_scan_filter]: scan stats: n=404, zeros=54, nan=0, inf=0, finite_raw=350, finite_out=339, removed_isolated=2
[INFO] [1783320540.767948020] [simple_scan_filter]: scan stats: n=404, zeros=57, nan=0, inf=0, finite_raw=347, finite_out=337, removed_isolated=2
[INFO] [1783320545.760283454] [simple_scan_filter]: scan stats: n=404, zeros=59, nan=0, inf=0, finite_raw=345, finite_out=336, removed_isolated=2
[INFO] [1783320550.756596725] [simple_scan_filter]: scan stats: n=404, zeros=57, nan=0, inf=0, finite_raw=347, finite_out=337, removed_isolated=2
[INFO] [1783320555.749063004] [simple_scan_filter]: scan stats: n=404, zeros=57, nan=0, inf=0, finite_raw=347, finite_out=336, removed_isolated=3
[INFO] [1783320560.744961661] [simple_scan_filter]: scan stats: n=404, zeros=60, nan=0, inf=0, finite_raw=344, finite_out=335, removed_isolated=2
[INFO] [1783320565.747585278] [simple_scan_filter]: scan stats: n=404, zeros=58, nan=0, inf=0, finite_raw=346, finite_out=339, removed_isolated=1
[INFO] [1783320570.740204572] [simple_scan_filter]: scan stats: n=404, zeros=61, nan=0, inf=0, finite_raw=343, finite_out=336, removed_isolated=1
[INFO] [1783320575.728425457] [simple_scan_filter]: scan stats: n=404, zeros=59, nan=0, inf=0, finite_raw=345, finite_out=338, removed_isolated=2
[INFO] [1783320580.725255384] [simple_scan_filter]: scan stats: n=404, zeros=58, nan=0, inf=0, finite_raw=346, finite_out=338, removed_isolated=1
[INFO] [1783320585.720588901] [simple_scan_filter]: scan stats: n=404, zeros=63, nan=0, inf=0, finite_raw=341, finite_out=334, removed_isolated=1
[INFO] [1783320590.718251463] [simple_scan_filter]: scan stats: n=404, zeros=54, nan=0, inf=0, finite_raw=350, finite_out=338, removed_isolated=3
[INFO] [1783320595.706010285] [simple_scan_filter]: scan stats: n=404, zeros=58, nan=0, inf=0, finite_raw=346, finite_out=338, removed_isolated=1
[INFO] [1783320600.714307727] [simple_scan_filter]: scan stats: n=404, zeros=57, nan=0, inf=0, finite_raw=347, finite_out=336, removed_isolated=3
[INFO] [1783320605.699444769] [simple_scan_filter]: scan stats: n=404, zeros=61, nan=0, inf=0, finite_raw=343, finite_out=335, removed_isolated=1
[INFO] [1783320610.700211891] [simple_scan_filter]: scan stats: n=404, zeros=59, nan=0, inf=0, finite_raw=345, finite_out=335, removed_isolated=3
[INFO] [1783320615.689949482] [simple_scan_filter]: scan stats: n=404, zeros=58, nan=0, inf=0, finite_raw=346, finite_out=337, removed_isolated=2
[INFO] [1783320620.680270785] [simple_scan_filter]: scan stats: n=404, zeros=58, nan=0, inf=0, finite_raw=346, finite_out=336, removed_isolated=1
[INFO] [1783320625.678768839] [simple_scan_filter]: scan stats: n=404, zeros=58, nan=0, inf=0, finite_raw=346, finite_out=335, removed_isolated=3
[INFO] [1783320630.678394356] [simple_scan_filter]: scan stats: n=404, zeros=58, nan=0, inf=0, finite_raw=346, finite_out=335, removed_isolated=3
[INFO] [1783320635.674354004] [simple_scan_filter]: scan stats: n=404, zeros=59, nan=0, inf=0, finite_raw=345, finite_out=335, removed_isolated=1
[INFO] [1783320640.659683120] [simple_scan_filter]: scan stats: n=404, zeros=53, nan=0, inf=0, finite_raw=351, finite_out=337, removed_isolated=3
[INFO] [1783320645.657270318] [simple_scan_filter]: scan stats: n=404, zeros=60, nan=0, inf=0, finite_raw=344, finite_out=336, removed_isolated=2
[INFO] [1783320650.652405938] [simple_scan_filter]: scan stats: n=404, zeros=61, nan=0, inf=0, finite_raw=343, finite_out=335, removed_isolated=1
[INFO] [1783320655.646327314] [simple_scan_filter]: scan stats: n=404, zeros=57, nan=0, inf=0, finite_raw=347, finite_out=338, removed_isolated=2
[INFO] [1783320660.640749527] [simple_scan_filter]: scan stats: n=404, zeros=63, nan=0, inf=0, finite_raw=341, finite_out=335, removed_isolated=1
[INFO] [1783320665.636944910] [simple_scan_filter]: scan stats: n=404, zeros=54, nan=0, inf=0, finite_raw=350, finite_out=339, removed_isolated=2
[INFO] [1783320670.632189631] [simple_scan_filter]: scan stats: n=404, zeros=62, nan=0, inf=0, finite_raw=342, finite_out=334, removed_isolated=2
[INFO] [1783320675.628999647] [simple_scan_filter]: scan stats: n=404, zeros=58, nan=0, inf=0, finite_raw=346, finite_out=335, removed_isolated=3
[INFO] [1783320680.628099750] [simple_scan_filter]: scan stats: n=404, zeros=58, nan=0, inf=0, finite_raw=346, finite_out=335, removed_isolated=3
[INFO] [1783320685.618437861] [simple_scan_filter]: scan stats: n=404, zeros=62, nan=0, inf=0, finite_raw=342, finite_out=335, removed_isolated=1
[INFO] [1783320690.616852098] [simple_scan_filter]: scan stats: n=404, zeros=57, nan=0, inf=0, finite_raw=347, finite_out=336, removed_isolated=3
[INFO] [1783320695.608880633] [simple_scan_filter]: scan stats: n=404, zeros=59, nan=0, inf=0, finite_raw=345, finite_out=336, removed_isolated=1
[INFO] [1783320700.610906793] [simple_scan_filter]: scan stats: n=404, zeros=59, nan=0, inf=0, finite_raw=345, finite_out=337, removed_isolated=2
[INFO] [1783320705.603944961] [simple_scan_filter]: scan stats: n=404, zeros=59, nan=0, inf=0, finite_raw=345, finite_out=335, removed_isolated=3
[INFO] [1783320710.596456675] [simple_scan_filter]: scan stats: n=404, zeros=57, nan=0, inf=0, finite_raw=347, finite_out=336, removed_isolated=3
[INFO] [1783320715.600238596] [simple_scan_filter]: scan stats: n=404, zeros=59, nan=0, inf=0, finite_raw=345, finite_out=336, removed_isolated=1
[INFO] [1783320720.584958905] [simple_scan_filter]: scan stats: n=404, zeros=58, nan=0, inf=0, finite_raw=346, finite_out=335, removed_isolated=3
[INFO] [1783320725.582773420] [simple_scan_filter]: scan stats: n=404, zeros=60, nan=0, inf=0, finite_raw=344, finite_out=335, removed_isolated=3
[INFO] [1783320730.582544229] [simple_scan_filter]: scan stats: n=404, zeros=60, nan=0, inf=0, finite_raw=344, finite_out=336, removed_isolated=1
[INFO] [1783320735.576942420] [simple_scan_filter]: scan stats: n=404, zeros=52, nan=0, inf=0, finite_raw=352, finite_out=339, removed_isolated=2
[INFO] [1783320740.566508950] [simple_scan_filter]: scan stats: n=404, zeros=54, nan=0, inf=0, finite_raw=350, finite_out=338, removed_isolated=3
[INFO] [1783320745.562352564] [simple_scan_filter]: scan stats: n=404, zeros=61, nan=0, inf=0, finite_raw=343, finite_out=332, removed_isolated=1
[INFO] [1783320750.559761098] [simple_scan_filter]: scan stats: n=404, zeros=56, nan=0, inf=0, finite_raw=348, finite_out=338, removed_isolated=3
[INFO] [1783320755.553431471] [simple_scan_filter]: scan stats: n=404, zeros=56, nan=0, inf=0, finite_raw=348, finite_out=337, removed_isolated=2
[INFO] [1783320760.563507881] [simple_scan_filter]: scan stats: n=404, zeros=58, nan=0, inf=0, finite_raw=346, finite_out=338, removed_isolated=2
[INFO] [1783320765.544837600] [simple_scan_filter]: scan stats: n=404, zeros=58, nan=0, inf=0, finite_raw=346, finite_out=335, removed_isolated=3
[INFO] [1783320770.540971691] [simple_scan_filter]: scan stats: n=404, zeros=58, nan=0, inf=0, finite_raw=346, finite_out=336, removed_isolated=1
[INFO] [1783320775.539096451] [simple_scan_filter]: scan stats: n=404, zeros=57, nan=0, inf=0, finite_raw=347, finite_out=337, removed_isolated=3
[INFO] [1783320780.549884500] [simple_scan_filter]: scan stats: n=404, zeros=53, nan=0, inf=0, finite_raw=351, finite_out=339, removed_isolated=2
[INFO] [1783320785.529977900] [simple_scan_filter]: scan stats: n=404, zeros=61, nan=0, inf=0, finite_raw=343, finite_out=335, removed_isolated=2
[INFO] [1783320790.526885088] [simple_scan_filter]: scan stats: n=404, zeros=61, nan=0, inf=0, finite_raw=343, finite_out=336, removed_isolated=1
[INFO] [1783320795.530758400] [simple_scan_filter]: scan stats: n=404, zeros=54, nan=0, inf=0, finite_raw=350, finite_out=337, removed_isolated=2
[INFO] [1783320800.522510055] [simple_scan_filter]: scan stats: n=404, zeros=57, nan=0, inf=0, finite_raw=347, finite_out=337, removed_isolated=3
[INFO] [1783320805.514103755] [simple_scan_filter]: scan stats: n=404, zeros=56, nan=0, inf=0, finite_raw=348, finite_out=339, removed_isolated=2
[INFO] [1783320810.518507453] [simple_scan_filter]: scan stats: n=404, zeros=59, nan=0, inf=0, finite_raw=345, finite_out=335, removed_isolated=2
Traceback (most recent call last):
  File "/root/rdk_x5_vln_robot/ros2_bridge/simple_scan_filter.py", line 197, in <module>
    main()
  File "/root/rdk_x5_vln_robot/ros2_bridge/simple_scan_filter.py", line 191, in main
    rclpy.spin(node)
  File "/opt/ros/humble/local/lib/python3.10/dist-packages/rclpy/__init__.py", line 229, in spin
    executor.spin_once()
  File "/opt/ros/humble/local/lib/python3.10/dist-packages/rclpy/executors.py", line 751, in spin_once
    self._spin_once_impl(timeout_sec)
  File "/opt/ros/humble/local/lib/python3.10/dist-packages/rclpy/executors.py", line 740, in _spin_once_impl
    handler, entity, node = self.wait_for_ready_callbacks(timeout_sec=timeout_sec)
  File "/opt/ros/humble/local/lib/python3.10/dist-packages/rclpy/executors.py", line 723, in wait_for_ready_callbacks
    return next(self._cb_iter)
  File "/opt/ros/humble/local/lib/python3.10/dist-packages/rclpy/executors.py", line 624, in _wait_for_ready_callbacks
    raise ExternalShutdownException()
rclpy.executors.ExternalShutdownException
