[INFO] [1783076082.688827337] [foxglove_click_goal_bridge]: Foxglove click goal bridge started.
[INFO] [1783076082.693146959] [foxglove_click_goal_bridge]: Listening point click topic:
[INFO] [1783076082.696814539] [foxglove_click_goal_bridge]:   /foxglove_goal_point
[INFO] [1783076082.700324953] [foxglove_click_goal_bridge]:   geometry_msgs/msg/PointStamped
[INFO] [1783076082.704021575] [foxglove_click_goal_bridge]: Listening pose click topic:
[INFO] [1783076082.707663406] [foxglove_click_goal_bridge]:   /foxglove_goal_pose
[INFO] [1783076082.711246986] [foxglove_click_goal_bridge]:   geometry_msgs/msg/PoseStamped
[INFO] [1783076082.714815775] [foxglove_click_goal_bridge]: Recommended Foxglove tool:
[INFO] [1783076082.718466481] [foxglove_click_goal_bridge]:   Publish -> 2D point -> /foxglove_goal_point
[INFO] [1783076082.722215853] [foxglove_click_goal_bridge]: Visual path topic: /foxglove_click_planned_path
[INFO] [1783076082.726007433] [foxglove_click_goal_bridge]: Visual goal marker: /foxglove_click_goal_marker + /foxglove_click_goal_label
[INFO] [1783076087.468259905] [foxglove_click_goal_bridge]: >>> CLICK READY: Foxglove 可以单击地图白色区域发送导航目标。 Topic=/foxglove_goal_point, frame=map。 若 scan 与地图错位，请先用 /initialpose 校正。导航进行中会忽略新点击。
[INFO] [1783076108.850606965] [foxglove_click_goal_bridge]: Goal marker published at (0.500, 0.000) -> /foxglove_click_goal_marker /foxglove_click_goal_label
[INFO] [1783076108.856133252] [foxglove_click_goal_bridge]: Received Foxglove clicked point: frame_id=map, x=0.500, y=0.000, goal_yaw=3.131
[INFO] [1783076108.860335916] [foxglove_click_goal_bridge]: Goal map cell OK: (0.500, 0.000) -> free(val=0)
[INFO] [1783076108.873294489] [foxglove_click_goal_bridge]: Goal marker published at (0.500, 0.000) -> /foxglove_click_goal_marker /foxglove_click_goal_label
[INFO] [1783076108.877405194] [foxglove_click_goal_bridge]: [1] Accepted goal: frame=map, x=0.500, y=0.000
[INFO] [1783076109.042058610] [foxglove_click_goal_bridge]: [1] Planned path published: 51 poses -> /foxglove_click_planned_path
[INFO] [1783076109.055234933] [foxglove_click_goal_bridge]: [1] navigating: distance_remaining=0.000 m, recoveries=0
[INFO] [1783076109.061789386] [foxglove_click_goal_bridge]: [1] NavigateToPose goal accepted. Robot should start planning/following.
[INFO] [1783076111.066762014] [foxglove_click_goal_bridge]: [1] navigating: distance_remaining=1.274 m, recoveries=0
[INFO] [1783076113.081978301] [foxglove_click_goal_bridge]: [1] navigating: distance_remaining=1.074 m, recoveries=0
[INFO] [1783076115.083599516] [foxglove_click_goal_bridge]: [1] navigating: distance_remaining=0.899 m, recoveries=0
[INFO] [1783076117.085833815] [foxglove_click_goal_bridge]: [1] navigating: distance_remaining=0.724 m, recoveries=0
[INFO] [1783076119.097496606] [foxglove_click_goal_bridge]: [1] navigating: distance_remaining=0.549 m, recoveries=0
[INFO] [1783076121.100615905] [foxglove_click_goal_bridge]: [1] navigating: distance_remaining=0.349 m, recoveries=0
[INFO] [1783076123.120387024] [foxglove_click_goal_bridge]: [1] navigating: distance_remaining=0.199 m, recoveries=0
[INFO] [1783076123.153985332] [foxglove_click_goal_bridge]: [1] Navigation succeeded. status=4
[INFO] [1783076123.159889911] [foxglove_click_goal_bridge]: Navigation succeeded. Current pose will be updated by pose_memory_node.
[INFO] [1783076138.397926630] [foxglove_click_goal_bridge]: Goal marker published at (-0.840, 0.053) -> /foxglove_click_goal_marker /foxglove_click_goal_label
[INFO] [1783076138.408371747] [foxglove_click_goal_bridge]: Received Foxglove clicked point: frame_id=map, x=-0.840, y=0.053, goal_yaw=-2.697
[INFO] [1783076138.414129534] [foxglove_click_goal_bridge]: Goal map cell OK: (-0.840, 0.053) -> free(val=0)
[INFO] [1783076138.426701858] [foxglove_click_goal_bridge]: Goal marker published at (-0.840, 0.053) -> /foxglove_click_goal_marker /foxglove_click_goal_label
[INFO] [1783076138.434235185] [foxglove_click_goal_bridge]: [2] Accepted goal: frame=map, x=-0.840, y=0.053
[INFO] [1783076138.479703150] [foxglove_click_goal_bridge]: [2] navigating: distance_remaining=0.174 m, recoveries=0
[INFO] [1783076138.489792559] [foxglove_click_goal_bridge]: [2] NavigateToPose goal accepted. Robot should start planning/following.
[INFO] [1783076138.585811319] [foxglove_click_goal_bridge]: [2] Planned path published: 60 poses -> /foxglove_click_planned_path
[INFO] [1783076140.501107315] [foxglove_click_goal_bridge]: [2] navigating: distance_remaining=1.444 m, recoveries=0
[INFO] [1783076142.513209528] [foxglove_click_goal_bridge]: [2] navigating: distance_remaining=1.219 m, recoveries=0
[INFO] [1783076144.525324200] [foxglove_click_goal_bridge]: [2] navigating: distance_remaining=1.044 m, recoveries=0
[INFO] [1783076146.530916878] [foxglove_click_goal_bridge]: [2] navigating: distance_remaining=0.819 m, recoveries=0
[INFO] [1783076148.538037097] [foxglove_click_goal_bridge]: [2] navigating: distance_remaining=0.619 m, recoveries=0
[INFO] [1783076150.568271465] [foxglove_click_goal_bridge]: [2] navigating: distance_remaining=0.419 m, recoveries=0
[INFO] [1783076152.488947501] [foxglove_click_goal_bridge]: [2] Navigation succeeded. status=4
[INFO] [1783076152.493074956] [foxglove_click_goal_bridge]: Navigation succeeded. Current pose will be updated by pose_memory_node.
[INFO] [1783076167.364069424] [foxglove_click_goal_bridge]: Goal marker published at (-0.339, 2.029) -> /foxglove_click_goal_marker /foxglove_click_goal_label
[INFO] [1783076167.372558126] [foxglove_click_goal_bridge]: Received Foxglove clicked point: frame_id=map, x=-0.339, y=2.029, goal_yaw=2.920
[INFO] [1783076167.378008288] [foxglove_click_goal_bridge]: Goal map cell OK: (-0.339, 2.029) -> free(val=0)
[INFO] [1783076167.389259947] [foxglove_click_goal_bridge]: Goal marker published at (-0.339, 2.029) -> /foxglove_click_goal_marker /foxglove_click_goal_label
[INFO] [1783076167.394577692] [foxglove_click_goal_bridge]: [3] Accepted goal: frame=map, x=-0.339, y=2.029
[INFO] [1783076167.433123538] [foxglove_click_goal_bridge]: [3] NavigateToPose goal accepted. Robot should start planning/following.
[INFO] [1783076167.485911248] [foxglove_click_goal_bridge]: [3] navigating: distance_remaining=0.169 m, recoveries=0
[INFO] [1783076167.507299690] [foxglove_click_goal_bridge]: [3] Planned path published: 85 poses -> /foxglove_click_planned_path
[INFO] [1783076169.487691434] [foxglove_click_goal_bridge]: [3] navigating: distance_remaining=2.145 m, recoveries=0
[INFO] [1783076171.494920075] [foxglove_click_goal_bridge]: [3] navigating: distance_remaining=1.983 m, recoveries=0
[INFO] [1783076173.490477225] [foxglove_click_goal_bridge]: [3] navigating: distance_remaining=1.808 m, recoveries=0
[INFO] [1783076175.506259444] [foxglove_click_goal_bridge]: [3] navigating: distance_remaining=1.633 m, recoveries=0
[INFO] [1783076177.509784297] [foxglove_click_goal_bridge]: [3] navigating: distance_remaining=1.558 m, recoveries=0
[INFO] [1783076179.525164892] [foxglove_click_goal_bridge]: [3] navigating: distance_remaining=1.636 m, recoveries=0
[INFO] [1783076181.529378787] [foxglove_click_goal_bridge]: [3] navigating: distance_remaining=1.636 m, recoveries=0
[INFO] [1783076183.543837342] [foxglove_click_goal_bridge]: [3] navigating: distance_remaining=1.636 m, recoveries=0
[INFO] [1783076185.551233944] [foxglove_click_goal_bridge]: [3] navigating: distance_remaining=1.636 m, recoveries=0
[INFO] [1783076187.568499498] [foxglove_click_goal_bridge]: [3] navigating: distance_remaining=1.636 m, recoveries=0
[INFO] [1783076189.563295861] [foxglove_click_goal_bridge]: [3] navigating: distance_remaining=1.665 m, recoveries=0
[INFO] [1783076191.567021592] [foxglove_click_goal_bridge]: [3] navigating: distance_remaining=1.665 m, recoveries=0
[INFO] [1783076193.586762896] [foxglove_click_goal_bridge]: [3] navigating: distance_remaining=1.665 m, recoveries=0
[INFO] [1783076195.595740249] [foxglove_click_goal_bridge]: [3] navigating: distance_remaining=1.665 m, recoveries=0
[WARN] [1783076195.894754398] [foxglove_click_goal_bridge]: Navigation is running; ignore new clicked point.
[INFO] [1783076197.624363755] [foxglove_click_goal_bridge]: [3] navigating: distance_remaining=1.665 m, recoveries=0
[INFO] [1783076199.628596363] [foxglove_click_goal_bridge]: [3] navigating: distance_remaining=1.665 m, recoveries=0
[INFO] [1783076201.643596172] [foxglove_click_goal_bridge]: [3] navigating: distance_remaining=1.665 m, recoveries=0
[INFO] [1783076203.648094364] [foxglove_click_goal_bridge]: [3] navigating: distance_remaining=1.665 m, recoveries=0
[INFO] [1783076205.670428418] [foxglove_click_goal_bridge]: [3] navigating: distance_remaining=1.665 m, recoveries=0
[INFO] [1783076207.678226484] [foxglove_click_goal_bridge]: [3] navigating: distance_remaining=1.665 m, recoveries=0
[INFO] [1783076209.683198010] [foxglove_click_goal_bridge]: [3] navigating: distance_remaining=1.665 m, recoveries=0
[INFO] [1783076211.682719041] [foxglove_click_goal_bridge]: [3] navigating: distance_remaining=1.665 m, recoveries=0
[INFO] [1783076213.696182479] [foxglove_click_goal_bridge]: [3] navigating: distance_remaining=1.665 m, recoveries=0
[INFO] [1783076215.712451873] [foxglove_click_goal_bridge]: [3] navigating: distance_remaining=1.665 m, recoveries=0
[INFO] [1783076217.768315197] [foxglove_click_goal_bridge]: [3] navigating: distance_remaining=1.665 m, recoveries=0
[INFO] [1783076219.776561681] [foxglove_click_goal_bridge]: [3] navigating: distance_remaining=1.665 m, recoveries=0
[INFO] [1783076221.787137290] [foxglove_click_goal_bridge]: [3] navigating: distance_remaining=1.665 m, recoveries=0
[INFO] [1783076223.803171478] [foxglove_click_goal_bridge]: [3] navigating: distance_remaining=1.665 m, recoveries=1
[INFO] [1783076225.809241549] [foxglove_click_goal_bridge]: [3] navigating: distance_remaining=1.665 m, recoveries=1
[INFO] [1783076227.829457985] [foxglove_click_goal_bridge]: [3] navigating: distance_remaining=1.665 m, recoveries=1
[INFO] [1783076229.850421338] [foxglove_click_goal_bridge]: [3] navigating: distance_remaining=1.665 m, recoveries=1
[INFO] [1783076231.869843275] [foxglove_click_goal_bridge]: [3] navigating: distance_remaining=1.665 m, recoveries=1
[INFO] [1783076233.885443883] [foxglove_click_goal_bridge]: [3] navigating: distance_remaining=1.665 m, recoveries=1
Traceback (most recent call last):
  File "/root/rdk_x5_vln_robot/scripts/slam/foxglove_click_goal_bridge.py", line 676, in <module>
    main()
  File "/root/rdk_x5_vln_robot/scripts/slam/foxglove_click_goal_bridge.py", line 672, in main
    rclpy.shutdown()
  File "/opt/ros/humble/local/lib/python3.10/dist-packages/rclpy/__init__.py", line 130, in shutdown
    _shutdown(context=context)
  File "/opt/ros/humble/local/lib/python3.10/dist-packages/rclpy/utilities.py", line 58, in shutdown
    return context.shutdown()
  File "/opt/ros/humble/local/lib/python3.10/dist-packages/rclpy/context.py", line 102, in shutdown
    self.__context.shutdown()
rclpy._rclpy_pybind11.RCLError: failed to shutdown: rcl_shutdown already called on the given context, at ./src/rcl/init.c:241
