[INFO] [1783057834.288876430] [simple_scan_filter]: filter /scan -> /scan_filtered, keep=[0.18, 4.00], isolated_window=2, isolated_delta=0.25, min_support_neighbors=1
[INFO] [1783057846.460607916] [simple_scan_filter]: scan stats: n=404, zeros=92, nan=0, inf=0, finite_raw=312, finite_out=226, removed_isolated=3
[INFO] [1783057851.454821140] [simple_scan_filter]: scan stats: n=404, zeros=103, nan=0, inf=0, finite_raw=301, finite_out=214, removed_isolated=4
[INFO] [1783057856.454447277] [simple_scan_filter]: scan stats: n=404, zeros=100, nan=0, inf=0, finite_raw=304, finite_out=222, removed_isolated=1
[INFO] [1783057861.661735262] [simple_scan_filter]: scan stats: n=404, zeros=88, nan=0, inf=0, finite_raw=316, finite_out=226, removed_isolated=0
[INFO] [1783057866.449857455] [simple_scan_filter]: scan stats: n=404, zeros=86, nan=0, inf=0, finite_raw=318, finite_out=226, removed_isolated=1
[INFO] [1783057871.454804288] [simple_scan_filter]: scan stats: n=404, zeros=100, nan=0, inf=0, finite_raw=304, finite_out=216, removed_isolated=3
[INFO] [1783057876.441934328] [simple_scan_filter]: scan stats: n=404, zeros=102, nan=0, inf=0, finite_raw=302, finite_out=217, removed_isolated=3
[INFO] [1783057882.835910916] [simple_scan_filter]: scan stats: n=404, zeros=95, nan=0, inf=0, finite_raw=309, finite_out=221, removed_isolated=5
[INFO] [1783057887.846597320] [simple_scan_filter]: scan stats: n=404, zeros=86, nan=0, inf=0, finite_raw=318, finite_out=229, removed_isolated=0
[INFO] [1783057892.838582054] [simple_scan_filter]: scan stats: n=404, zeros=97, nan=0, inf=0, finite_raw=307, finite_out=220, removed_isolated=4
[INFO] [1783057897.828867952] [simple_scan_filter]: scan stats: n=404, zeros=99, nan=0, inf=0, finite_raw=305, finite_out=219, removed_isolated=2
[INFO] [1783057902.830843304] [simple_scan_filter]: scan stats: n=404, zeros=95, nan=0, inf=0, finite_raw=309, finite_out=219, removed_isolated=3
[INFO] [1783057907.824856486] [simple_scan_filter]: scan stats: n=404, zeros=98, nan=0, inf=0, finite_raw=306, finite_out=216, removed_isolated=4
[INFO] [1783057912.823627247] [simple_scan_filter]: scan stats: n=404, zeros=97, nan=0, inf=0, finite_raw=307, finite_out=220, removed_isolated=2
[INFO] [1783057917.818576588] [simple_scan_filter]: scan stats: n=404, zeros=103, nan=0, inf=0, finite_raw=301, finite_out=211, removed_isolated=3
[INFO] [1783057922.816872841] [simple_scan_filter]: scan stats: n=404, zeros=94, nan=0, inf=0, finite_raw=310, finite_out=224, removed_isolated=1
[INFO] [1783057927.816934508] [simple_scan_filter]: scan stats: n=404, zeros=95, nan=0, inf=0, finite_raw=309, finite_out=220, removed_isolated=3
[INFO] [1783057932.813273130] [simple_scan_filter]: scan stats: n=404, zeros=92, nan=0, inf=0, finite_raw=312, finite_out=221, removed_isolated=4
[INFO] [1783057937.819920705] [simple_scan_filter]: scan stats: n=404, zeros=99, nan=0, inf=0, finite_raw=305, finite_out=219, removed_isolated=2
[INFO] [1783057942.809880862] [simple_scan_filter]: scan stats: n=404, zeros=101, nan=0, inf=0, finite_raw=303, finite_out=217, removed_isolated=2
[INFO] [1783057948.008465491] [simple_scan_filter]: scan stats: n=404, zeros=99, nan=0, inf=0, finite_raw=305, finite_out=218, removed_isolated=2
[INFO] [1783057953.021354846] [simple_scan_filter]: scan stats: n=404, zeros=96, nan=0, inf=0, finite_raw=308, finite_out=223, removed_isolated=2
[INFO] [1783057958.003017702] [simple_scan_filter]: scan stats: n=404, zeros=96, nan=0, inf=0, finite_raw=308, finite_out=219, removed_isolated=3
[INFO] [1783057963.004261427] [simple_scan_filter]: scan stats: n=404, zeros=104, nan=0, inf=0, finite_raw=300, finite_out=215, removed_isolated=3
[INFO] [1783057968.094897679] [simple_scan_filter]: scan stats: n=404, zeros=96, nan=0, inf=0, finite_raw=308, finite_out=223, removed_isolated=3
[INFO] [1783057972.994343535] [simple_scan_filter]: scan stats: n=404, zeros=95, nan=0, inf=0, finite_raw=309, finite_out=224, removed_isolated=1
[INFO] [1783057977.997359665] [simple_scan_filter]: scan stats: n=404, zeros=99, nan=0, inf=0, finite_raw=305, finite_out=219, removed_isolated=3
[INFO] [1783057982.995206710] [simple_scan_filter]: scan stats: n=404, zeros=87, nan=0, inf=0, finite_raw=317, finite_out=223, removed_isolated=2
[INFO] [1783057987.985136878] [simple_scan_filter]: scan stats: n=404, zeros=90, nan=0, inf=0, finite_raw=314, finite_out=222, removed_isolated=2
[INFO] [1783057992.988016457] [simple_scan_filter]: scan stats: n=404, zeros=91, nan=0, inf=0, finite_raw=313, finite_out=221, removed_isolated=2
[INFO] [1783057997.997793490] [simple_scan_filter]: scan stats: n=404, zeros=91, nan=0, inf=0, finite_raw=313, finite_out=223, removed_isolated=3
[INFO] [1783058002.978082107] [simple_scan_filter]: scan stats: n=404, zeros=94, nan=0, inf=0, finite_raw=310, finite_out=225, removed_isolated=2
[INFO] [1783058007.978938843] [simple_scan_filter]: scan stats: n=404, zeros=98, nan=0, inf=0, finite_raw=306, finite_out=220, removed_isolated=1
[INFO] [1783058012.977757784] [simple_scan_filter]: scan stats: n=404, zeros=92, nan=0, inf=0, finite_raw=312, finite_out=221, removed_isolated=3
[INFO] [1783058017.970251889] [simple_scan_filter]: scan stats: n=404, zeros=97, nan=0, inf=0, finite_raw=307, finite_out=220, removed_isolated=3
[INFO] [1783058022.974720907] [simple_scan_filter]: scan stats: n=404, zeros=94, nan=0, inf=0, finite_raw=310, finite_out=217, removed_isolated=3
[INFO] [1783058027.967273089] [simple_scan_filter]: scan stats: n=404, zeros=91, nan=0, inf=0, finite_raw=313, finite_out=221, removed_isolated=3
[INFO] [1783058032.965291809] [simple_scan_filter]: scan stats: n=404, zeros=96, nan=0, inf=0, finite_raw=308, finite_out=218, removed_isolated=3
[INFO] [1783058037.973426065] [simple_scan_filter]: scan stats: n=404, zeros=93, nan=0, inf=0, finite_raw=311, finite_out=225, removed_isolated=4
[INFO] [1783058042.962771447] [simple_scan_filter]: scan stats: n=404, zeros=98, nan=0, inf=0, finite_raw=306, finite_out=220, removed_isolated=1
[INFO] [1783058047.960011157] [simple_scan_filter]: scan stats: n=404, zeros=104, nan=0, inf=0, finite_raw=300, finite_out=216, removed_isolated=3
[INFO] [1783058052.988913568] [simple_scan_filter]: scan stats: n=404, zeros=100, nan=0, inf=0, finite_raw=304, finite_out=225, removed_isolated=2
[INFO] [1783058057.956876234] [simple_scan_filter]: scan stats: n=404, zeros=104, nan=0, inf=0, finite_raw=300, finite_out=218, removed_isolated=4
[INFO] [1783058062.956228768] [simple_scan_filter]: scan stats: n=404, zeros=104, nan=0, inf=0, finite_raw=300, finite_out=222, removed_isolated=2
[INFO] [1783058067.947323633] [simple_scan_filter]: scan stats: n=404, zeros=100, nan=0, inf=0, finite_raw=304, finite_out=218, removed_isolated=4
[INFO] [1783058072.943410369] [simple_scan_filter]: scan stats: n=404, zeros=93, nan=0, inf=0, finite_raw=311, finite_out=232, removed_isolated=1
[INFO] [1783058077.950274601] [simple_scan_filter]: scan stats: n=404, zeros=121, nan=0, inf=0, finite_raw=283, finite_out=205, removed_isolated=4
[INFO] [1783058082.940272707] [simple_scan_filter]: scan stats: n=404, zeros=116, nan=0, inf=0, finite_raw=288, finite_out=207, removed_isolated=4
[INFO] [1783058087.968572888] [simple_scan_filter]: scan stats: n=404, zeros=123, nan=0, inf=0, finite_raw=281, finite_out=205, removed_isolated=9
[INFO] [1783058092.966606278] [simple_scan_filter]: scan stats: n=404, zeros=100, nan=0, inf=0, finite_raw=304, finite_out=245, removed_isolated=5
[INFO] [1783058097.941689877] [simple_scan_filter]: scan stats: n=404, zeros=96, nan=0, inf=0, finite_raw=308, finite_out=250, removed_isolated=5
[INFO] [1783058102.938533761] [simple_scan_filter]: scan stats: n=404, zeros=97, nan=0, inf=0, finite_raw=307, finite_out=229, removed_isolated=4
[INFO] [1783058107.945435308] [simple_scan_filter]: scan stats: n=404, zeros=116, nan=0, inf=0, finite_raw=288, finite_out=228, removed_isolated=7
[INFO] [1783058112.931155854] [simple_scan_filter]: scan stats: n=404, zeros=114, nan=0, inf=0, finite_raw=290, finite_out=223, removed_isolated=9
[INFO] [1783058117.927840313] [simple_scan_filter]: scan stats: n=404, zeros=101, nan=0, inf=0, finite_raw=303, finite_out=242, removed_isolated=5
[INFO] [1783058122.946262724] [simple_scan_filter]: scan stats: n=404, zeros=54, nan=0, inf=0, finite_raw=350, finite_out=329, removed_isolated=2
[INFO] [1783058127.924280429] [simple_scan_filter]: scan stats: n=404, zeros=35, nan=0, inf=0, finite_raw=369, finite_out=353, removed_isolated=2
[INFO] [1783058132.923419712] [simple_scan_filter]: scan stats: n=404, zeros=34, nan=0, inf=0, finite_raw=370, finite_out=364, removed_isolated=0
[INFO] [1783058137.927291949] [simple_scan_filter]: scan stats: n=404, zeros=73, nan=0, inf=0, finite_raw=331, finite_out=319, removed_isolated=5
[INFO] [1783058142.935184350] [simple_scan_filter]: scan stats: n=404, zeros=80, nan=0, inf=0, finite_raw=324, finite_out=310, removed_isolated=0
[INFO] [1783058147.923030750] [simple_scan_filter]: scan stats: n=404, zeros=77, nan=0, inf=0, finite_raw=327, finite_out=311, removed_isolated=1
[INFO] [1783058152.917576356] [simple_scan_filter]: scan stats: n=404, zeros=78, nan=0, inf=0, finite_raw=326, finite_out=312, removed_isolated=0
[INFO] [1783058157.911430791] [simple_scan_filter]: scan stats: n=404, zeros=80, nan=0, inf=0, finite_raw=324, finite_out=311, removed_isolated=1
[INFO] [1783058162.909895640] [simple_scan_filter]: scan stats: n=404, zeros=80, nan=0, inf=0, finite_raw=324, finite_out=311, removed_isolated=1
[INFO] [1783058167.904623403] [simple_scan_filter]: scan stats: n=404, zeros=78, nan=0, inf=0, finite_raw=326, finite_out=310, removed_isolated=0
[INFO] [1783058172.909441620] [simple_scan_filter]: scan stats: n=404, zeros=81, nan=0, inf=0, finite_raw=323, finite_out=310, removed_isolated=1
[INFO] [1783058177.911948376] [simple_scan_filter]: scan stats: n=404, zeros=75, nan=0, inf=0, finite_raw=329, finite_out=316, removed_isolated=0
[INFO] [1783058182.938047210] [simple_scan_filter]: scan stats: n=404, zeros=54, nan=0, inf=0, finite_raw=350, finite_out=336, removed_isolated=2
[INFO] [1783058187.901122633] [simple_scan_filter]: scan stats: n=404, zeros=37, nan=0, inf=0, finite_raw=367, finite_out=358, removed_isolated=1
[INFO] [1783058192.899036798] [simple_scan_filter]: scan stats: n=404, zeros=32, nan=0, inf=0, finite_raw=372, finite_out=360, removed_isolated=0
[INFO] [1783058197.904741001] [simple_scan_filter]: scan stats: n=404, zeros=68, nan=0, inf=0, finite_raw=336, finite_out=318, removed_isolated=3
[INFO] [1783058202.935744947] [simple_scan_filter]: scan stats: n=404, zeros=89, nan=0, inf=0, finite_raw=315, finite_out=256, removed_isolated=5
[INFO] [1783058207.890503777] [simple_scan_filter]: scan stats: n=404, zeros=111, nan=0, inf=0, finite_raw=293, finite_out=233, removed_isolated=8
[INFO] [1783058212.881732933] [simple_scan_filter]: scan stats: n=404, zeros=104, nan=0, inf=0, finite_raw=300, finite_out=232, removed_isolated=4
[INFO] [1783058217.902150831] [simple_scan_filter]: scan stats: n=404, zeros=112, nan=0, inf=0, finite_raw=292, finite_out=242, removed_isolated=5
[INFO] [1783058222.878256191] [simple_scan_filter]: scan stats: n=404, zeros=106, nan=0, inf=0, finite_raw=298, finite_out=245, removed_isolated=2
[INFO] [1783058227.880591087] [simple_scan_filter]: scan stats: n=404, zeros=100, nan=0, inf=0, finite_raw=304, finite_out=249, removed_isolated=2
[INFO] [1783058232.874516814] [simple_scan_filter]: scan stats: n=404, zeros=95, nan=0, inf=0, finite_raw=309, finite_out=253, removed_isolated=3
[INFO] [1783058237.874683204] [simple_scan_filter]: scan stats: n=404, zeros=98, nan=0, inf=0, finite_raw=306, finite_out=248, removed_isolated=3
[INFO] [1783058242.876573300] [simple_scan_filter]: scan stats: n=404, zeros=98, nan=0, inf=0, finite_raw=306, finite_out=253, removed_isolated=5
[INFO] [1783058247.869487145] [simple_scan_filter]: scan stats: n=404, zeros=97, nan=0, inf=0, finite_raw=307, finite_out=253, removed_isolated=3
[INFO] [1783058252.868523027] [simple_scan_filter]: scan stats: n=404, zeros=93, nan=0, inf=0, finite_raw=311, finite_out=252, removed_isolated=6
[INFO] [1783058257.864601033] [simple_scan_filter]: scan stats: n=404, zeros=100, nan=0, inf=0, finite_raw=304, finite_out=247, removed_isolated=5
[INFO] [1783058262.872979325] [simple_scan_filter]: scan stats: n=404, zeros=95, nan=0, inf=0, finite_raw=309, finite_out=251, removed_isolated=4
[INFO] [1783058267.869803576] [simple_scan_filter]: scan stats: n=404, zeros=93, nan=0, inf=0, finite_raw=311, finite_out=253, removed_isolated=3
[INFO] [1783058272.863368407] [simple_scan_filter]: scan stats: n=404, zeros=94, nan=0, inf=0, finite_raw=310, finite_out=251, removed_isolated=3
[INFO] [1783058277.856852319] [simple_scan_filter]: scan stats: n=404, zeros=95, nan=0, inf=0, finite_raw=309, finite_out=253, removed_isolated=2
[INFO] [1783058282.864062727] [simple_scan_filter]: scan stats: n=404, zeros=99, nan=0, inf=0, finite_raw=305, finite_out=252, removed_isolated=2
[INFO] [1783058287.867733132] [simple_scan_filter]: scan stats: n=404, zeros=98, nan=0, inf=0, finite_raw=306, finite_out=248, removed_isolated=2
[INFO] [1783058292.848799206] [simple_scan_filter]: scan stats: n=404, zeros=92, nan=0, inf=0, finite_raw=312, finite_out=253, removed_isolated=5
[INFO] [1783058297.849093773] [simple_scan_filter]: scan stats: n=404, zeros=99, nan=0, inf=0, finite_raw=305, finite_out=251, removed_isolated=2
[INFO] [1783058302.846354214] [simple_scan_filter]: scan stats: n=404, zeros=92, nan=0, inf=0, finite_raw=312, finite_out=257, removed_isolated=1
[INFO] [1783058307.847915485] [simple_scan_filter]: scan stats: n=404, zeros=96, nan=0, inf=0, finite_raw=308, finite_out=254, removed_isolated=1
[INFO] [1783058312.839873005] [simple_scan_filter]: scan stats: n=404, zeros=97, nan=0, inf=0, finite_raw=307, finite_out=251, removed_isolated=4
[INFO] [1783058317.848193311] [simple_scan_filter]: scan stats: n=404, zeros=99, nan=0, inf=0, finite_raw=305, finite_out=250, removed_isolated=2
[INFO] [1783058322.832138411] [simple_scan_filter]: scan stats: n=404, zeros=97, nan=0, inf=0, finite_raw=307, finite_out=250, removed_isolated=4
[INFO] [1783058327.834397547] [simple_scan_filter]: scan stats: n=404, zeros=98, nan=0, inf=0, finite_raw=306, finite_out=250, removed_isolated=2
[INFO] [1783058332.827885723] [simple_scan_filter]: scan stats: n=404, zeros=93, nan=0, inf=0, finite_raw=311, finite_out=251, removed_isolated=3
[INFO] [1783058337.824518647] [simple_scan_filter]: scan stats: n=404, zeros=92, nan=0, inf=0, finite_raw=312, finite_out=254, removed_isolated=4
[INFO] [1783058342.822093901] [simple_scan_filter]: scan stats: n=404, zeros=94, nan=0, inf=0, finite_raw=310, finite_out=248, removed_isolated=5
[INFO] [1783058347.824026194] [simple_scan_filter]: scan stats: n=404, zeros=95, nan=0, inf=0, finite_raw=309, finite_out=249, removed_isolated=5
[INFO] [1783058352.821916319] [simple_scan_filter]: scan stats: n=404, zeros=96, nan=0, inf=0, finite_raw=308, finite_out=248, removed_isolated=5
[INFO] [1783058357.835050896] [simple_scan_filter]: scan stats: n=404, zeros=94, nan=0, inf=0, finite_raw=310, finite_out=251, removed_isolated=2
[INFO] [1783058362.820383852] [simple_scan_filter]: scan stats: n=404, zeros=98, nan=0, inf=0, finite_raw=306, finite_out=247, removed_isolated=3
[INFO] [1783058367.812507845] [simple_scan_filter]: scan stats: n=404, zeros=90, nan=0, inf=0, finite_raw=314, finite_out=251, removed_isolated=4
[INFO] [1783058372.827081666] [simple_scan_filter]: scan stats: n=404, zeros=95, nan=0, inf=0, finite_raw=309, finite_out=250, removed_isolated=2
[INFO] [1783058377.807148115] [simple_scan_filter]: scan stats: n=404, zeros=94, nan=0, inf=0, finite_raw=310, finite_out=252, removed_isolated=2
[INFO] [1783058382.810321224] [simple_scan_filter]: scan stats: n=404, zeros=102, nan=0, inf=0, finite_raw=302, finite_out=247, removed_isolated=3
[INFO] [1783058387.807853624] [simple_scan_filter]: scan stats: n=404, zeros=96, nan=0, inf=0, finite_raw=308, finite_out=248, removed_isolated=3
[INFO] [1783058392.810751646] [simple_scan_filter]: scan stats: n=404, zeros=95, nan=0, inf=0, finite_raw=309, finite_out=253, removed_isolated=4
[INFO] [1783058397.799258460] [simple_scan_filter]: scan stats: n=404, zeros=99, nan=0, inf=0, finite_raw=305, finite_out=246, removed_isolated=3
[INFO] [1783058402.796259144] [simple_scan_filter]: scan stats: n=404, zeros=99, nan=0, inf=0, finite_raw=305, finite_out=244, removed_isolated=4
[INFO] [1783058407.793717827] [simple_scan_filter]: scan stats: n=404, zeros=93, nan=0, inf=0, finite_raw=311, finite_out=253, removed_isolated=5
[INFO] [1783058412.795749256] [simple_scan_filter]: scan stats: n=404, zeros=98, nan=0, inf=0, finite_raw=306, finite_out=251, removed_isolated=2
[INFO] [1783058417.791134976] [simple_scan_filter]: scan stats: n=404, zeros=96, nan=0, inf=0, finite_raw=308, finite_out=251, removed_isolated=2
[INFO] [1783058422.800779525] [simple_scan_filter]: scan stats: n=404, zeros=92, nan=0, inf=0, finite_raw=312, finite_out=254, removed_isolated=4
[INFO] [1783058427.782341285] [simple_scan_filter]: scan stats: n=404, zeros=99, nan=0, inf=0, finite_raw=305, finite_out=250, removed_isolated=2
[INFO] [1783058432.785495913] [simple_scan_filter]: scan stats: n=404, zeros=100, nan=0, inf=0, finite_raw=304, finite_out=249, removed_isolated=2
[INFO] [1783058437.782914666] [simple_scan_filter]: scan stats: n=404, zeros=98, nan=0, inf=0, finite_raw=306, finite_out=252, removed_isolated=2
[INFO] [1783058442.793535080] [simple_scan_filter]: scan stats: n=404, zeros=97, nan=0, inf=0, finite_raw=307, finite_out=250, removed_isolated=3
[INFO] [1783058447.780784289] [simple_scan_filter]: scan stats: n=404, zeros=96, nan=0, inf=0, finite_raw=308, finite_out=250, removed_isolated=2
[INFO] [1783058452.774187577] [simple_scan_filter]: scan stats: n=404, zeros=97, nan=0, inf=0, finite_raw=307, finite_out=247, removed_isolated=4
[INFO] [1783058457.775552862] [simple_scan_filter]: scan stats: n=404, zeros=100, nan=0, inf=0, finite_raw=304, finite_out=247, removed_isolated=1
[INFO] [1783058462.766343688] [simple_scan_filter]: scan stats: n=404, zeros=98, nan=0, inf=0, finite_raw=306, finite_out=249, removed_isolated=3
[INFO] [1783058467.773131509] [simple_scan_filter]: scan stats: n=404, zeros=98, nan=0, inf=0, finite_raw=306, finite_out=252, removed_isolated=4
[INFO] [1783058472.768470289] [simple_scan_filter]: scan stats: n=404, zeros=96, nan=0, inf=0, finite_raw=308, finite_out=251, removed_isolated=2
[INFO] [1783058477.759395233] [simple_scan_filter]: scan stats: n=404, zeros=99, nan=0, inf=0, finite_raw=305, finite_out=248, removed_isolated=2
[INFO] [1783058482.769110506] [simple_scan_filter]: scan stats: n=404, zeros=102, nan=0, inf=0, finite_raw=302, finite_out=247, removed_isolated=3
[INFO] [1783058487.756117781] [simple_scan_filter]: scan stats: n=404, zeros=101, nan=0, inf=0, finite_raw=303, finite_out=251, removed_isolated=1
[INFO] [1783058492.762266467] [simple_scan_filter]: scan stats: n=404, zeros=99, nan=0, inf=0, finite_raw=305, finite_out=250, removed_isolated=3
[INFO] [1783058497.754296569] [simple_scan_filter]: scan stats: n=404, zeros=95, nan=0, inf=0, finite_raw=309, finite_out=249, removed_isolated=6
[INFO] [1783058502.771494707] [simple_scan_filter]: scan stats: n=404, zeros=93, nan=0, inf=0, finite_raw=311, finite_out=257, removed_isolated=2
[INFO] [1783058507.746822601] [simple_scan_filter]: scan stats: n=404, zeros=92, nan=0, inf=0, finite_raw=312, finite_out=255, removed_isolated=5
Traceback (most recent call last):
  File "/root/rdk_x5_vln_robot/ros2_bridge/simple_scan_filter.py", line 197, in <module>
    main()
  File "/root/rdk_x5_vln_robot/ros2_bridge/simple_scan_filter.py", line 191, in main
    rclpy.spin(node)
  File "/opt/ros/humble/local/lib/python3.10/dist-packages/rclpy/__init__.py", line 229, in spin
    executor.spin_once()
  File "/opt/ros/humble/local/lib/python3.10/dist-packages/rclpy/executors.py", line 751, in spin_once
    self._spin_once_impl(timeout_sec)
  File "/opt/ros/humble/local/lib/python3.10/dist-packages/rclpy/executors.py", line 740, in _spin_once_impl
    handler, entity, node = self.wait_for_ready_callbacks(timeout_sec=timeout_sec)
  File "/opt/ros/humble/local/lib/python3.10/dist-packages/rclpy/executors.py", line 723, in wait_for_ready_callbacks
    return next(self._cb_iter)
  File "/opt/ros/humble/local/lib/python3.10/dist-packages/rclpy/executors.py", line 624, in _wait_for_ready_callbacks
    raise ExternalShutdownException()
rclpy.executors.ExternalShutdownException
