[INFO] [launch]: All log files can be found below /root/.ros/log/2026-07-03-15-41-41-605677-ubuntu-95079
[INFO] [launch]: Default logging verbosity is set to INFO
[INFO] [map_server-1]: process started with pid [95120]
[INFO] [amcl-2]: process started with pid [95122]
[INFO] [lifecycle_manager-3]: process started with pid [95124]
[INFO] [controller_server-4]: process started with pid [95126]
[INFO] [smoother_server-5]: process started with pid [95128]
[INFO] [planner_server-6]: process started with pid [95130]
[INFO] [behavior_server-7]: process started with pid [95132]
[INFO] [bt_navigator-8]: process started with pid [95134]
[INFO] [waypoint_follower-9]: process started with pid [95136]
[INFO] [velocity_smoother-10]: process started with pid [95148]
[INFO] [lifecycle_manager-11]: process started with pid [95161]
[amcl-2] [INFO] [1783064504.017503132] [amcl]: 
[amcl-2] 	amcl lifecycle node launched. 
[amcl-2] 	Waiting on external lifecycle transitions to activate
[amcl-2] 	See https://design.ros2.org/articles/node_lifecycle.html for more information.
[amcl-2] [INFO] [1783064504.019166882] [amcl]: Creating
[lifecycle_manager-11] [INFO] [1783064504.461310356] [lifecycle_manager_navigation]: Creating
[lifecycle_manager-3] [INFO] [1783064504.508332450] [lifecycle_manager_localization]: Creating
[lifecycle_manager-11] [INFO] [1783064504.523521620] [lifecycle_manager_navigation]: [34m[1mCreating and initializing lifecycle service clients[0m[0m
[controller_server-4] [INFO] [1783064504.531535455] [controller_server]: 
[controller_server-4] 	controller_server lifecycle node launched. 
[controller_server-4] 	Waiting on external lifecycle transitions to activate
[controller_server-4] 	See https://design.ros2.org/articles/node_lifecycle.html for more information.
[controller_server-4] [INFO] [1783064504.593100386] [controller_server]: Creating controller server
[bt_navigator-8] [INFO] [1783064504.735180709] [bt_navigator]: 
[bt_navigator-8] 	bt_navigator lifecycle node launched. 
[bt_navigator-8] 	Waiting on external lifecycle transitions to activate
[bt_navigator-8] 	See https://design.ros2.org/articles/node_lifecycle.html for more information.
[lifecycle_manager-3] [INFO] [1783064504.735635126] [lifecycle_manager_localization]: [34m[1mCreating and initializing lifecycle service clients[0m[0m
[bt_navigator-8] [INFO] [1783064504.739382293] [bt_navigator]: Creating
[smoother_server-5] [INFO] [1783064504.749787254] [smoother_server]: 
[smoother_server-5] 	smoother_server lifecycle node launched. 
[smoother_server-5] 	Waiting on external lifecycle transitions to activate
[smoother_server-5] 	See https://design.ros2.org/articles/node_lifecycle.html for more information.
[smoother_server-5] [INFO] [1783064504.756354505] [smoother_server]: Creating smoother server
[planner_server-6] [INFO] [1783064504.759243798] [planner_server]: 
[planner_server-6] 	planner_server lifecycle node launched. 
[planner_server-6] 	Waiting on external lifecycle transitions to activate
[planner_server-6] 	See https://design.ros2.org/articles/node_lifecycle.html for more information.
[planner_server-6] [INFO] [1783064504.769697300] [planner_server]: Creating
[map_server-1] [INFO] [1783064504.786688846] [map_server]: 
[map_server-1] 	map_server lifecycle node launched. 
[map_server-1] 	Waiting on external lifecycle transitions to activate
[map_server-1] 	See https://design.ros2.org/articles/node_lifecycle.html for more information.
[map_server-1] [INFO] [1783064504.787346637] [map_server]: Creating
[waypoint_follower-9] [INFO] [1783064504.799850848] [waypoint_follower]: 
[waypoint_follower-9] 	waypoint_follower lifecycle node launched. 
[waypoint_follower-9] 	Waiting on external lifecycle transitions to activate
[waypoint_follower-9] 	See https://design.ros2.org/articles/node_lifecycle.html for more information.
[waypoint_follower-9] [INFO] [1783064504.805632350] [waypoint_follower]: Creating
[behavior_server-7] [INFO] [1783064504.817516019] [behavior_server]: 
[behavior_server-7] 	behavior_server lifecycle node launched. 
[behavior_server-7] 	Waiting on external lifecycle transitions to activate
[behavior_server-7] 	See https://design.ros2.org/articles/node_lifecycle.html for more information.
[velocity_smoother-10] [INFO] [1783064504.840626566] [velocity_smoother]: 
[velocity_smoother-10] 	velocity_smoother lifecycle node launched. 
[velocity_smoother-10] 	Waiting on external lifecycle transitions to activate
[velocity_smoother-10] 	See https://design.ros2.org/articles/node_lifecycle.html for more information.
[planner_server-6] [INFO] [1783064505.230243195] [global_costmap.global_costmap]: 
[planner_server-6] 	global_costmap lifecycle node launched. 
[planner_server-6] 	Waiting on external lifecycle transitions to activate
[planner_server-6] 	See https://design.ros2.org/articles/node_lifecycle.html for more information.
[planner_server-6] [INFO] [1783064505.244013364] [global_costmap.global_costmap]: Creating Costmap
[controller_server-4] [INFO] [1783064505.266541328] [local_costmap.local_costmap]: 
[controller_server-4] 	local_costmap lifecycle node launched. 
[controller_server-4] 	Waiting on external lifecycle transitions to activate
[controller_server-4] 	See https://design.ros2.org/articles/node_lifecycle.html for more information.
[controller_server-4] [INFO] [1783064505.299600710] [local_costmap.local_costmap]: Creating Costmap
[lifecycle_manager-3] [INFO] [1783064505.554253100] [lifecycle_manager_localization]: [34m[1mStarting managed nodes bringup...[0m[0m
[lifecycle_manager-3] [INFO] [1783064505.554483100] [lifecycle_manager_localization]: [34m[1mConfiguring map_server[0m[0m
[map_server-1] [INFO] [1783064505.890067009] [map_server]: Configuring
[map_server-1] [INFO] [1783064505.890418717] [map_io]: Loading yaml file: /root/rdk_x5_vln_robot/maps/joy_calibrated_corridor_map.yaml
[map_server-1] [INFO] [1783064505.891529426] [map_io]: resolution: 0.05
[map_server-1] [INFO] [1783064505.891616842] [map_io]: origin[0]: -4.84
[map_server-1] [INFO] [1783064505.891658009] [map_io]: origin[1]: -5.2
[map_server-1] [INFO] [1783064505.891690426] [map_io]: origin[2]: 0
[map_server-1] [INFO] [1783064505.891723467] [map_io]: free_thresh: 0.25
[map_server-1] [INFO] [1783064505.891753842] [map_io]: occupied_thresh: 0.65
[map_server-1] [INFO] [1783064505.891791926] [map_io]: mode: trinary
[map_server-1] [INFO] [1783064505.891823509] [map_io]: negate: 0
[map_server-1] [INFO] [1783064505.901299386] [map_io]: Loading image_file: /root/rdk_x5_vln_robot/maps/joy_calibrated_corridor_map.pgm
[map_server-1] [INFO] [1783064505.981740071] [map_io]: Read map /root/rdk_x5_vln_robot/maps/joy_calibrated_corridor_map.pgm: 163 X 168 map @ 0.05 m/cell
[lifecycle_manager-3] [INFO] [1783064506.105416348] [lifecycle_manager_localization]: [34m[1mConfiguring amcl[0m[0m
[amcl-2] [INFO] [1783064506.110114849] [amcl]: Configuring
[amcl-2] [INFO] [1783064506.110523350] [amcl]: initTransforms
[amcl-2] [INFO] [1783064506.292849057] [amcl]: initPubSub
[lifecycle_manager-11] [INFO] [1783064506.354402071] [lifecycle_manager_navigation]: [34m[1mStarting managed nodes bringup...[0m[0m
[lifecycle_manager-11] [INFO] [1783064506.356286321] [lifecycle_manager_navigation]: [34m[1mConfiguring controller_server[0m[0m
[controller_server-4] [INFO] [1783064506.358531530] [controller_server]: Configuring controller interface
[controller_server-4] [INFO] [1783064506.359665197] [controller_server]: getting goal checker plugins..
[controller_server-4] [INFO] [1783064506.360172114] [controller_server]: Controller frequency set to 20.0000Hz
[controller_server-4] [INFO] [1783064506.360412614] [local_costmap.local_costmap]: Configuring
[amcl-2] [INFO] [1783064506.365172698] [amcl]: Subscribed to map topic.
[lifecycle_manager-3] [INFO] [1783064506.420861877] [lifecycle_manager_localization]: [34m[1mActivating map_server[0m[0m
[map_server-1] [INFO] [1783064506.422547586] [map_server]: Activating
[map_server-1] [INFO] [1783064506.424510920] [map_server]: Creating bond (map_server) to lifecycle manager.
[amcl-2] [INFO] [1783064506.425697962] [amcl]: Received a 163 X 168 map @ 0.050 m/pix
[controller_server-4] [INFO] [1783064506.447640758] [local_costmap.local_costmap]: Using plugin "voxel_layer"
[controller_server-4] [INFO] [1783064506.501795645] [local_costmap.local_costmap]: Subscribed to Topics: scan
[lifecycle_manager-3] [INFO] [1783064506.548955197] [lifecycle_manager_localization]: Server map_server connected with bond.
[lifecycle_manager-3] [INFO] [1783064506.549167031] [lifecycle_manager_localization]: [34m[1mActivating amcl[0m[0m
[amcl-2] [INFO] [1783064506.552488740] [amcl]: Activating
[amcl-2] [INFO] [1783064506.552674865] [amcl]: Creating bond (amcl) to lifecycle manager.
[amcl-2] [INFO] [1783064506.600943417] [amcl]: createLaserObject
[controller_server-4] [INFO] [1783064506.605662585] [local_costmap.local_costmap]: Initialized plugin "voxel_layer"
[controller_server-4] [INFO] [1783064506.605800543] [local_costmap.local_costmap]: Using plugin "inflation_layer"
[controller_server-4] [INFO] [1783064506.616137587] [local_costmap.local_costmap]: Initialized plugin "inflation_layer"
[lifecycle_manager-3] [INFO] [1783064506.689571979] [lifecycle_manager_localization]: Server amcl connected with bond.
[lifecycle_manager-3] [INFO] [1783064506.689738187] [lifecycle_manager_localization]: [34m[1mManaged nodes are active[0m[0m
[lifecycle_manager-3] [INFO] [1783064506.689798896] [lifecycle_manager_localization]: [34m[1mCreating bond timer...[0m[0m
[controller_server-4] [INFO] [1783064506.694793897] [controller_server]: Created progress_checker : progress_checker of type nav2_controller::SimpleProgressChecker
[controller_server-4] [INFO] [1783064506.700466106] [controller_server]: Created goal checker : general_goal_checker of type nav2_controller::SimpleGoalChecker
[controller_server-4] [INFO] [1783064506.705242107] [controller_server]: Controller Server has general_goal_checker  goal checkers available.
[controller_server-4] [INFO] [1783064506.709568025] [controller_server]: Created controller : FollowPath of type nav2_regulated_pure_pursuit_controller::RegulatedPurePursuitController
[controller_server-4] [INFO] [1783064506.776358832] [controller_server]: Controller Server has FollowPath  controllers available.
[lifecycle_manager-11] [INFO] [1783064506.863735059] [lifecycle_manager_navigation]: [34m[1mConfiguring smoother_server[0m[0m
[smoother_server-5] [INFO] [1783064506.865756268] [smoother_server]: Configuring smoother server
[smoother_server-5] [INFO] [1783064506.986333337] [smoother_server]: Created smoother : simple_smoother of type nav2_smoother::SimpleSmoother
[smoother_server-5] [INFO] [1783064506.998077006] [smoother_server]: Smoother Server has simple_smoother  smoothers available.
[lifecycle_manager-11] [INFO] [1783064507.057235686] [lifecycle_manager_navigation]: [34m[1mConfiguring planner_server[0m[0m
[planner_server-6] [INFO] [1783064507.059082936] [planner_server]: Configuring
[planner_server-6] [INFO] [1783064507.059350061] [global_costmap.global_costmap]: Configuring
[planner_server-6] [INFO] [1783064507.106239822] [global_costmap.global_costmap]: Using plugin "static_layer"
[planner_server-6] [INFO] [1783064507.130422327] [global_costmap.global_costmap]: Subscribing to the map topic (/map) with transient local durability
[planner_server-6] [INFO] [1783064507.139504371] [global_costmap.global_costmap]: Initialized plugin "static_layer"
[planner_server-6] [INFO] [1783064507.139650288] [global_costmap.global_costmap]: Using plugin "inflation_layer"
[planner_server-6] [INFO] [1783064507.148313331] [global_costmap.global_costmap]: Initialized plugin "inflation_layer"
[planner_server-6] [INFO] [1783064507.218176680] [global_costmap.global_costmap]: StaticLayer: Resizing costmap to 163 X 168 at 0.050000 m/pix
[planner_server-6] [INFO] [1783064507.219510639] [planner_server]: Created global planner plugin GridBased of type nav2_navfn_planner/NavfnPlanner
[planner_server-6] [INFO] [1783064507.219670305] [planner_server]: Configuring plugin GridBased of type NavfnPlanner
[planner_server-6] [INFO] [1783064507.229207474] [planner_server]: Planner Server has GridBased  planners available.
[lifecycle_manager-11] [INFO] [1783064507.302504366] [lifecycle_manager_navigation]: [34m[1mConfiguring behavior_server[0m[0m
[behavior_server-7] [INFO] [1783064507.303795949] [behavior_server]: Configuring
[behavior_server-7] [INFO] [1783064507.350519710] [behavior_server]: Creating behavior plugin spin of type nav2_behaviors/Spin
[behavior_server-7] [INFO] [1783064507.354843002] [behavior_server]: Configuring spin
[behavior_server-7] [INFO] [1783064507.408258806] [behavior_server]: Creating behavior plugin backup of type nav2_behaviors/BackUp
[behavior_server-7] [INFO] [1783064507.411765557] [behavior_server]: Configuring backup
[behavior_server-7] [INFO] [1783064507.457162983] [behavior_server]: Creating behavior plugin drive_on_heading of type nav2_behaviors/DriveOnHeading
[behavior_server-7] [INFO] [1783064507.460740193] [behavior_server]: Configuring drive_on_heading
[behavior_server-7] [INFO] [1783064507.504630661] [behavior_server]: Creating behavior plugin assisted_teleop of type nav2_behaviors/AssistedTeleop
[behavior_server-7] [INFO] [1783064507.513932788] [behavior_server]: Configuring assisted_teleop
[behavior_server-7] [INFO] [1783064507.576465927] [behavior_server]: Creating behavior plugin wait of type nav2_behaviors/Wait
[behavior_server-7] [INFO] [1783064507.579943427] [behavior_server]: Configuring wait
[lifecycle_manager-11] [INFO] [1783064507.623003979] [lifecycle_manager_navigation]: [34m[1mConfiguring bt_navigator[0m[0m
[bt_navigator-8] [INFO] [1783064507.624547312] [bt_navigator]: Configuring
[amcl-2] [WARN] [1783064508.198358774] [amcl]: AMCL cannot publish a pose or update the transform. Please set the initial pose...
[lifecycle_manager-11] [INFO] [1783064508.372550896] [lifecycle_manager_navigation]: [34m[1mConfiguring waypoint_follower[0m[0m
[waypoint_follower-9] [INFO] [1783064508.373877354] [waypoint_follower]: Configuring
[waypoint_follower-9] [INFO] [1783064508.520574429] [waypoint_follower]: Created waypoint_task_executor : wait_at_waypoint of type nav2_waypoint_follower::WaitAtWaypoint
[lifecycle_manager-11] [INFO] [1783064508.531123681] [lifecycle_manager_navigation]: [34m[1mConfiguring velocity_smoother[0m[0m
[velocity_smoother-10] [INFO] [1783064508.533079640] [velocity_smoother]: Configuring velocity smoother
[lifecycle_manager-11] [INFO] [1783064508.568405315] [lifecycle_manager_navigation]: [34m[1mActivating controller_server[0m[0m
[controller_server-4] [INFO] [1783064508.570032523] [controller_server]: Activating
[controller_server-4] [INFO] [1783064508.570234398] [local_costmap.local_costmap]: Activating
[controller_server-4] [INFO] [1783064508.570308023] [local_costmap.local_costmap]: Checking transform
[controller_server-4] [INFO] [1783064508.570699190] [local_costmap.local_costmap]: start
[controller_server-4] [INFO] [1783064508.624005660] [controller_server]: Activating controller: FollowPath of type regulated_pure_pursuit_controller::RegulatedPurePursuitController
[controller_server-4] [INFO] [1783064508.624214285] [controller_server]: Creating bond (controller_server) to lifecycle manager.
[lifecycle_manager-11] [INFO] [1783064508.758552024] [lifecycle_manager_navigation]: Server controller_server connected with bond.
[lifecycle_manager-11] [INFO] [1783064508.758746649] [lifecycle_manager_navigation]: [34m[1mActivating smoother_server[0m[0m
[smoother_server-5] [INFO] [1783064508.760257066] [smoother_server]: Activating
[smoother_server-5] [INFO] [1783064508.760459232] [smoother_server]: Creating bond (smoother_server) to lifecycle manager.
[lifecycle_manager-11] [INFO] [1783064508.894905596] [lifecycle_manager_navigation]: Server smoother_server connected with bond.
[lifecycle_manager-11] [INFO] [1783064508.895079762] [lifecycle_manager_navigation]: [34m[1mActivating planner_server[0m[0m
[planner_server-6] [INFO] [1783064508.896510304] [planner_server]: Activating
[planner_server-6] [INFO] [1783064508.896727221] [global_costmap.global_costmap]: Activating
[planner_server-6] [INFO] [1783064508.896808638] [global_costmap.global_costmap]: Checking transform
[planner_server-6] [INFO] [1783064508.896941346] [global_costmap.global_costmap]: Timed out waiting for transform from base_link to map to become available, tf error: Invalid frame ID "map" passed to canTransform argument target_frame - frame does not exist
[planner_server-6] [INFO] [1783064509.396989041] [global_costmap.global_costmap]: Timed out waiting for transform from base_link to map to become available, tf error: Invalid frame ID "map" passed to canTransform argument target_frame - frame does not exist
[planner_server-6] [INFO] [1783064509.900906528] [global_costmap.global_costmap]: Timed out waiting for transform from base_link to map to become available, tf error: Invalid frame ID "map" passed to canTransform argument target_frame - frame does not exist
[amcl-2] [WARN] [1783064510.295720324] [amcl]: AMCL cannot publish a pose or update the transform. Please set the initial pose...
[planner_server-6] [INFO] [1783064510.396984138] [global_costmap.global_costmap]: Timed out waiting for transform from base_link to map to become available, tf error: Invalid frame ID "map" passed to canTransform argument target_frame - frame does not exist
[planner_server-6] [INFO] [1783064510.896971250] [global_costmap.global_costmap]: Timed out waiting for transform from base_link to map to become available, tf error: Invalid frame ID "map" passed to canTransform argument target_frame - frame does not exist
[planner_server-6] [INFO] [1783064511.396972778] [global_costmap.global_costmap]: Timed out waiting for transform from base_link to map to become available, tf error: Invalid frame ID "map" passed to canTransform argument target_frame - frame does not exist
[planner_server-6] [INFO] [1783064511.896983431] [global_costmap.global_costmap]: Timed out waiting for transform from base_link to map to become available, tf error: Invalid frame ID "map" passed to canTransform argument target_frame - frame does not exist
[amcl-2] [WARN] [1783064512.390050040] [amcl]: AMCL cannot publish a pose or update the transform. Please set the initial pose...
[planner_server-6] [INFO] [1783064512.396979000] [global_costmap.global_costmap]: Timed out waiting for transform from base_link to map to become available, tf error: Invalid frame ID "map" passed to canTransform argument target_frame - frame does not exist
[planner_server-6] [INFO] [1783064512.896979861] [global_costmap.global_costmap]: Timed out waiting for transform from base_link to map to become available, tf error: Invalid frame ID "map" passed to canTransform argument target_frame - frame does not exist
[planner_server-6] [INFO] [1783064513.397137181] [global_costmap.global_costmap]: Timed out waiting for transform from base_link to map to become available, tf error: Invalid frame ID "map" passed to canTransform argument target_frame - frame does not exist
[planner_server-6] [INFO] [1783064513.896977125] [global_costmap.global_costmap]: Timed out waiting for transform from base_link to map to become available, tf error: Invalid frame ID "map" passed to canTransform argument target_frame - frame does not exist
[planner_server-6] [INFO] [1783064514.396978736] [global_costmap.global_costmap]: Timed out waiting for transform from base_link to map to become available, tf error: Invalid frame ID "map" passed to canTransform argument target_frame - frame does not exist
[amcl-2] [WARN] [1783064514.487323381] [amcl]: AMCL cannot publish a pose or update the transform. Please set the initial pose...
[planner_server-6] [INFO] [1783064514.896967889] [global_costmap.global_costmap]: Timed out waiting for transform from base_link to map to become available, tf error: Invalid frame ID "map" passed to canTransform argument target_frame - frame does not exist
[planner_server-6] [INFO] [1783064515.396983166] [global_costmap.global_costmap]: Timed out waiting for transform from base_link to map to become available, tf error: Invalid frame ID "map" passed to canTransform argument target_frame - frame does not exist
[planner_server-6] [INFO] [1783064515.896999027] [global_costmap.global_costmap]: Timed out waiting for transform from base_link to map to become available, tf error: Invalid frame ID "map" passed to canTransform argument target_frame - frame does not exist
[planner_server-6] [INFO] [1783064516.396969055] [global_costmap.global_costmap]: Timed out waiting for transform from base_link to map to become available, tf error: Invalid frame ID "map" passed to canTransform argument target_frame - frame does not exist
[amcl-2] [WARN] [1783064516.489127575] [amcl]: AMCL cannot publish a pose or update the transform. Please set the initial pose...
[planner_server-6] [INFO] [1783064516.896987707] [global_costmap.global_costmap]: Timed out waiting for transform from base_link to map to become available, tf error: Invalid frame ID "map" passed to canTransform argument target_frame - frame does not exist
[planner_server-6] [INFO] [1783064517.396967651] [global_costmap.global_costmap]: Timed out waiting for transform from base_link to map to become available, tf error: Invalid frame ID "map" passed to canTransform argument target_frame - frame does not exist
[planner_server-6] [INFO] [1783064517.896981720] [global_costmap.global_costmap]: Timed out waiting for transform from base_link to map to become available, tf error: Invalid frame ID "map" passed to canTransform argument target_frame - frame does not exist
[planner_server-6] [INFO] [1783064518.396975956] [global_costmap.global_costmap]: Timed out waiting for transform from base_link to map to become available, tf error: Invalid frame ID "map" passed to canTransform argument target_frame - frame does not exist
[amcl-2] [WARN] [1783064518.583530914] [amcl]: AMCL cannot publish a pose or update the transform. Please set the initial pose...
[planner_server-6] [INFO] [1783064518.896988817] [global_costmap.global_costmap]: Timed out waiting for transform from base_link to map to become available, tf error: Invalid frame ID "map" passed to canTransform argument target_frame - frame does not exist
[planner_server-6] [INFO] [1783064519.396968094] [global_costmap.global_costmap]: Timed out waiting for transform from base_link to map to become available, tf error: Invalid frame ID "map" passed to canTransform argument target_frame - frame does not exist
[planner_server-6] [INFO] [1783064519.896966663] [global_costmap.global_costmap]: Timed out waiting for transform from base_link to map to become available, tf error: Invalid frame ID "map" passed to canTransform argument target_frame - frame does not exist
[planner_server-6] [INFO] [1783064520.396975690] [global_costmap.global_costmap]: Timed out waiting for transform from base_link to map to become available, tf error: Invalid frame ID "map" passed to canTransform argument target_frame - frame does not exist
[amcl-2] [WARN] [1783064520.681867045] [amcl]: AMCL cannot publish a pose or update the transform. Please set the initial pose...
[planner_server-6] [INFO] [1783064520.896989426] [global_costmap.global_costmap]: Timed out waiting for transform from base_link to map to become available, tf error: Invalid frame ID "map" passed to canTransform argument target_frame - frame does not exist
[planner_server-6] [INFO] [1783064521.396996494] [global_costmap.global_costmap]: Timed out waiting for transform from base_link to map to become available, tf error: Invalid frame ID "map" passed to canTransform argument target_frame - frame does not exist
[planner_server-6] [INFO] [1783064521.896965813] [global_costmap.global_costmap]: Timed out waiting for transform from base_link to map to become available, tf error: Invalid frame ID "map" passed to canTransform argument target_frame - frame does not exist
[planner_server-6] [INFO] [1783064522.396978049] [global_costmap.global_costmap]: Timed out waiting for transform from base_link to map to become available, tf error: Invalid frame ID "map" passed to canTransform argument target_frame - frame does not exist
[amcl-2] [WARN] [1783064522.779535300] [amcl]: AMCL cannot publish a pose or update the transform. Please set the initial pose...
[planner_server-6] [INFO] [1783064522.896973534] [global_costmap.global_costmap]: Timed out waiting for transform from base_link to map to become available, tf error: Invalid frame ID "map" passed to canTransform argument target_frame - frame does not exist
[planner_server-6] [INFO] [1783064523.397024561] [global_costmap.global_costmap]: Timed out waiting for transform from base_link to map to become available, tf error: Invalid frame ID "map" passed to canTransform argument target_frame - frame does not exist
[planner_server-6] [INFO] [1783064523.896966921] [global_costmap.global_costmap]: Timed out waiting for transform from base_link to map to become available, tf error: Invalid frame ID "map" passed to canTransform argument target_frame - frame does not exist
[amcl-2] [INFO] [1783064524.171878190] [amcl]: initialPoseReceived
[amcl-2] [WARN] [1783064524.172427607] [amcl]: Failed to transform initial pose in time (Lookup would require extrapolation into the future.  Requested time 1783064524.172083 but the latest data is at time 1783064523.806835, when looking up transform from frame [base_link] to frame [odom])
[amcl-2] [INFO] [1783064524.172584857] [amcl]: Setting pose (1783064524.172579): -1.898 -0.109 2.502
[planner_server-6] [INFO] [1783064524.397244490] [global_costmap.global_costmap]: Timed out waiting for transform from base_link to map to become available, tf error: Lookup would require extrapolation into the past.  Requested time 1783064524.360664 but the earliest data is at time 1783064524.879350, when looking up transform from frame [base_link] to frame [map]
[amcl-2] [INFO] [1783064524.614220829] [amcl]: initialPoseReceived
[amcl-2] [WARN] [1783064524.614552871] [amcl]: Failed to transform initial pose in time (Lookup would require extrapolation into the past.  Requested time 1783064524.614365 but the earliest data is at time 1783064524.879350, when looking up transform from frame [base_link] to frame [odom])
[amcl-2] [INFO] [1783064524.614635621] [amcl]: Setting pose (1783064524.614631): -1.898 -0.109 2.502
[planner_server-6] [INFO] [1783064524.897046350] [global_costmap.global_costmap]: Timed out waiting for transform from base_link to map to become available, tf error: Lookup would require extrapolation into the past.  Requested time 1783064524.860717 but the earliest data is at time 1783064524.879350, when looking up transform from frame [base_link] to frame [map]
[amcl-2] [INFO] [1783064525.037285548] [amcl]: initialPoseReceived
[amcl-2] [WARN] [1783064525.037628589] [amcl]: Failed to transform initial pose in time (Lookup would require extrapolation into the future.  Requested time 1783064525.037470 but the latest data is at time 1783064525.027581, when looking up transform from frame [base_link] to frame [odom])
[amcl-2] [INFO] [1783064525.038087423] [amcl]: Setting pose (1783064525.038081): -1.898 -0.109 2.502
[planner_server-6] [INFO] [1783064525.397294252] [global_costmap.global_costmap]: start
[amcl-2] [INFO] [1783064525.457191598] [amcl]: initialPoseReceived
[amcl-2] [WARN] [1783064525.457509849] [amcl]: Failed to transform initial pose in time (Lookup would require extrapolation into the future.  Requested time 1783064525.457359 but the latest data is at time 1783064525.427479, when looking up transform from frame [base_link] to frame [odom])
[amcl-2] [INFO] [1783064525.457605890] [amcl]: Setting pose (1783064525.457601): -1.898 -0.109 2.502
[amcl-2] [INFO] [1783064525.881804525] [amcl]: initialPoseReceived
[amcl-2] [WARN] [1783064525.882144525] [amcl]: Failed to transform initial pose in time (Lookup would require extrapolation into the future.  Requested time 1783064525.881965 but the latest data is at time 1783064525.860769, when looking up transform from frame [base_link] to frame [odom])
[amcl-2] [INFO] [1783064525.882240150] [amcl]: Setting pose (1783064525.882236): -1.898 -0.109 2.502
[amcl-2] [INFO] [1783064526.306626536] [amcl]: initialPoseReceived
[amcl-2] [WARN] [1783064526.306960702] [amcl]: Failed to transform initial pose in time (Lookup would require extrapolation into the future.  Requested time 1783064526.306805 but the latest data is at time 1783064526.294089, when looking up transform from frame [base_link] to frame [odom])
[amcl-2] [INFO] [1783064526.307310827] [amcl]: Setting pose (1783064526.307304): -1.898 -0.109 2.502
[planner_server-6] [INFO] [1783064526.447696025] [planner_server]: Activating plugin GridBased of type NavfnPlanner
[planner_server-6] [INFO] [1783064526.455117443] [planner_server]: Creating bond (planner_server) to lifecycle manager.
[lifecycle_manager-11] [INFO] [1783064526.576846053] [lifecycle_manager_navigation]: Server planner_server connected with bond.
[lifecycle_manager-11] [INFO] [1783064526.577130470] [lifecycle_manager_navigation]: [34m[1mActivating behavior_server[0m[0m
[behavior_server-7] [INFO] [1783064526.578644262] [behavior_server]: Activating
[behavior_server-7] [INFO] [1783064526.578797304] [behavior_server]: Activating spin
[behavior_server-7] [INFO] [1783064526.578870012] [behavior_server]: Activating backup
[behavior_server-7] [INFO] [1783064526.578925221] [behavior_server]: Activating drive_on_heading
[behavior_server-7] [INFO] [1783064526.578978679] [behavior_server]: Activating assisted_teleop
[behavior_server-7] [INFO] [1783064526.579031721] [behavior_server]: Activating wait
[behavior_server-7] [INFO] [1783064526.579102054] [behavior_server]: Creating bond (behavior_server) to lifecycle manager.
[lifecycle_manager-11] [INFO] [1783064526.709251291] [lifecycle_manager_navigation]: Server behavior_server connected with bond.
[lifecycle_manager-11] [INFO] [1783064526.709408333] [lifecycle_manager_navigation]: [34m[1mActivating bt_navigator[0m[0m
[bt_navigator-8] [INFO] [1783064526.710725750] [bt_navigator]: Activating
[amcl-2] [INFO] [1783064526.735138422] [amcl]: initialPoseReceived
[amcl-2] [WARN] [1783064526.736106838] [amcl]: Failed to transform initial pose in time (Lookup would require extrapolation into the future.  Requested time 1783064526.735946 but the latest data is at time 1783064526.727913, when looking up transform from frame [base_link] to frame [odom])
[amcl-2] [INFO] [1783064526.736203297] [amcl]: Setting pose (1783064526.736200): -1.898 -0.109 2.502
[bt_navigator-8] [INFO] [1783064527.094548001] [bt_navigator]: Creating bond (bt_navigator) to lifecycle manager.
[amcl-2] [INFO] [1783064527.164766433] [amcl]: initialPoseReceived
[amcl-2] [WARN] [1783064527.165092475] [amcl]: Failed to transform initial pose in time (Lookup would require extrapolation into the future.  Requested time 1783064527.164940 but the latest data is at time 1783064527.160744, when looking up transform from frame [base_link] to frame [odom])
[amcl-2] [INFO] [1783064527.165185391] [amcl]: Setting pose (1783064527.165181): -1.898 -0.109 2.502
[lifecycle_manager-11] [INFO] [1783064527.215890027] [lifecycle_manager_navigation]: Server bt_navigator connected with bond.
[lifecycle_manager-11] [INFO] [1783064527.216052819] [lifecycle_manager_navigation]: [34m[1mActivating waypoint_follower[0m[0m
[waypoint_follower-9] [INFO] [1783064527.217287486] [waypoint_follower]: Activating
[waypoint_follower-9] [INFO] [1783064527.217463028] [waypoint_follower]: Creating bond (waypoint_follower) to lifecycle manager.
[lifecycle_manager-11] [INFO] [1783064527.342146805] [lifecycle_manager_navigation]: Server waypoint_follower connected with bond.
[lifecycle_manager-11] [INFO] [1783064527.342331555] [lifecycle_manager_navigation]: [34m[1mActivating velocity_smoother[0m[0m
[velocity_smoother-10] [INFO] [1783064527.343773889] [velocity_smoother]: Activating
[velocity_smoother-10] [INFO] [1783064527.344048222] [velocity_smoother]: Creating bond (velocity_smoother) to lifecycle manager.
[lifecycle_manager-11] [INFO] [1783064527.467954583] [lifecycle_manager_navigation]: Server velocity_smoother connected with bond.
[lifecycle_manager-11] [INFO] [1783064527.468118500] [lifecycle_manager_navigation]: [34m[1mManaged nodes are active[0m[0m
[lifecycle_manager-11] [INFO] [1783064527.468171375] [lifecycle_manager_navigation]: [34m[1mCreating bond timer...[0m[0m
[amcl-2] [INFO] [1783064527.564778437] [amcl]: initialPoseReceived
[amcl-2] [WARN] [1783064527.565091229] [amcl]: Failed to transform initial pose in time (Lookup would require extrapolation into the future.  Requested time 1783064527.564932 but the latest data is at time 1783064527.560628, when looking up transform from frame [base_link] to frame [odom])
[amcl-2] [INFO] [1783064527.565178104] [amcl]: Setting pose (1783064527.565174): -1.898 -0.109 2.502
[amcl-2] [INFO] [1783064527.966696984] [amcl]: initialPoseReceived
[amcl-2] [WARN] [1783064527.967036234] [amcl]: Failed to transform initial pose in time (Lookup would require extrapolation into the future.  Requested time 1783064527.966859 but the latest data is at time 1783064527.960689, when looking up transform from frame [base_link] to frame [odom])
[amcl-2] [INFO] [1783064527.967123984] [amcl]: Setting pose (1783064527.967120): -1.898 -0.109 2.502
[amcl-2] [INFO] [1783064528.367103697] [amcl]: initialPoseReceived
[amcl-2] [WARN] [1783064528.368746989] [amcl]: Failed to transform initial pose in time (Lookup would require extrapolation into the future.  Requested time 1783064528.368565 but the latest data is at time 1783064528.360747, when looking up transform from frame [base_link] to frame [odom])
[amcl-2] [INFO] [1783064528.368889823] [amcl]: Setting pose (1783064528.368884): -1.898 -0.109 2.502
[amcl-2] [INFO] [1783064528.775938704] [amcl]: initialPoseReceived
[amcl-2] [WARN] [1783064528.776249037] [amcl]: Failed to transform initial pose in time (Lookup would require extrapolation into the future.  Requested time 1783064528.776096 but the latest data is at time 1783064528.760634, when looking up transform from frame [base_link] to frame [odom])
[amcl-2] [INFO] [1783064528.776337954] [amcl]: Setting pose (1783064528.776334): -1.898 -0.109 2.502
[amcl-2] [INFO] [1783064529.203169006] [amcl]: initialPoseReceived
[amcl-2] [WARN] [1783064529.203507923] [amcl]: Failed to transform initial pose in time (Lookup would require extrapolation into the future.  Requested time 1783064529.203345 but the latest data is at time 1783064529.195738, when looking up transform from frame [base_link] to frame [odom])
[amcl-2] [INFO] [1783064529.203601298] [amcl]: Setting pose (1783064529.203597): -1.898 -0.109 2.502
[amcl-2] [INFO] [1783064529.633189684] [amcl]: initialPoseReceived
[amcl-2] [WARN] [1783064529.633499267] [amcl]: Failed to transform initial pose in time (Lookup would require extrapolation into the future.  Requested time 1783064529.633339 but the latest data is at time 1783064529.627704, when looking up transform from frame [base_link] to frame [odom])
[amcl-2] [INFO] [1783064529.633577142] [amcl]: Setting pose (1783064529.633573): -1.898 -0.109 2.502
[amcl-2] [INFO] [1783064530.033485230] [amcl]: initialPoseReceived
[amcl-2] [WARN] [1783064530.033836022] [amcl]: Failed to transform initial pose in time (Lookup would require extrapolation into the future.  Requested time 1783064530.033672 but the latest data is at time 1783064530.027622, when looking up transform from frame [base_link] to frame [odom])
[amcl-2] [INFO] [1783064530.033929605] [amcl]: Setting pose (1783064530.033926): -1.898 -0.109 2.502
[amcl-2] [INFO] [1783064530.433490318] [amcl]: initialPoseReceived
[amcl-2] [WARN] [1783064530.434007401] [amcl]: Failed to transform initial pose in time (Lookup would require extrapolation into the future.  Requested time 1783064530.433837 but the latest data is at time 1783064530.427674, when looking up transform from frame [base_link] to frame [odom])
[amcl-2] [INFO] [1783064530.434143360] [amcl]: Setting pose (1783064530.434138): -1.898 -0.109 2.502
[amcl-2] [INFO] [1783064530.833863572] [amcl]: initialPoseReceived
[amcl-2] [WARN] [1783064530.834201948] [amcl]: Failed to transform initial pose in time (Lookup would require extrapolation into the future.  Requested time 1783064530.834027 but the latest data is at time 1783064530.827700, when looking up transform from frame [base_link] to frame [odom])
[amcl-2] [INFO] [1783064530.834295573] [amcl]: Setting pose (1783064530.834291): -1.898 -0.109 2.502
[amcl-2] [INFO] [1783064531.234751035] [amcl]: initialPoseReceived
[amcl-2] [WARN] [1783064531.235128244] [amcl]: Failed to transform initial pose in time (Lookup would require extrapolation into the future.  Requested time 1783064531.234959 but the latest data is at time 1783064531.228107, when looking up transform from frame [base_link] to frame [odom])
[amcl-2] [INFO] [1783064531.235239661] [amcl]: Setting pose (1783064531.235235): -1.898 -0.109 2.502
[amcl-2] [INFO] [1783064531.666144963] [amcl]: initialPoseReceived
[amcl-2] [WARN] [1783064531.666454505] [amcl]: Failed to transform initial pose in time (Lookup would require extrapolation into the future.  Requested time 1783064531.666299 but the latest data is at time 1783064531.660698, when looking up transform from frame [base_link] to frame [odom])
[amcl-2] [INFO] [1783064531.666533213] [amcl]: Setting pose (1783064531.666529): -1.898 -0.109 2.502
[amcl-2] [INFO] [1783064532.067312926] [amcl]: initialPoseReceived
[amcl-2] [WARN] [1783064532.067667260] [amcl]: Failed to transform initial pose in time (Lookup would require extrapolation into the future.  Requested time 1783064532.067496 but the latest data is at time 1783064532.060756, when looking up transform from frame [base_link] to frame [odom])
[amcl-2] [INFO] [1783064532.067761510] [amcl]: Setting pose (1783064532.067757): -1.898 -0.109 2.502
[amcl-2] [INFO] [1783064532.468150098] [amcl]: initialPoseReceived
[amcl-2] [WARN] [1783064532.468492389] [amcl]: Failed to transform initial pose in time (Lookup would require extrapolation into the future.  Requested time 1783064532.468316 but the latest data is at time 1783064532.460872, when looking up transform from frame [base_link] to frame [odom])
[amcl-2] [INFO] [1783064532.468595889] [amcl]: Setting pose (1783064532.468591): -1.898 -0.109 2.502
[amcl-2] [INFO] [1783064532.872117978] [amcl]: initialPoseReceived
[amcl-2] [WARN] [1783064532.872527020] [amcl]: Failed to transform initial pose in time (Lookup would require extrapolation into the future.  Requested time 1783064532.872338 but the latest data is at time 1783064532.860723, when looking up transform from frame [base_link] to frame [odom])
[amcl-2] [INFO] [1783064532.872677936] [amcl]: Setting pose (1783064532.872672): -1.898 -0.109 2.502
[amcl-2] [INFO] [1783064533.300029072] [amcl]: initialPoseReceived
[amcl-2] [WARN] [1783064533.300943655] [amcl]: Failed to transform initial pose in time (Lookup would require extrapolation into the future.  Requested time 1783064533.300758 but the latest data is at time 1783064533.294228, when looking up transform from frame [base_link] to frame [odom])
[amcl-2] [INFO] [1783064533.301100113] [amcl]: Setting pose (1783064533.301095): -1.898 -0.109 2.502
[planner_server-6] [WARN] [1783064603.070830661] [planner_server]: No planners specified in action call. Server will use only plugin GridBased  in server. This warning will appear once.
[bt_navigator-8] [INFO] [1783064603.081158079] [bt_navigator]: Begin navigating from current location (-1.91, -0.11) to (-3.45, -1.30)
[controller_server-4] [INFO] [1783064603.117229462] [controller_server]: Received a goal, begin computing control effort.
[controller_server-4] [WARN] [1783064603.118036962] [controller_server]: No goal checker was specified in parameter 'current_goal_checker'. Server will use only plugin loaded general_goal_checker . This warning will appear once.
[bt_navigator-8] [WARN] [1783064603.118017712] [BehaviorTreeEngine]: Behavior Tree tick rate 100.00 was exceeded!
[controller_server-4] [INFO] [1783064608.168324264] [controller_server]: Passing new path to controller.
[bt_navigator-8] [WARN] [1783064611.922564836] [BehaviorTreeEngine]: Behavior Tree tick rate 100.00 was exceeded!
[controller_server-4] [INFO] [1783064613.168314344] [controller_server]: Passing new path to controller.
[bt_navigator-8] [WARN] [1783064615.054234943] [BehaviorTreeEngine]: Behavior Tree tick rate 100.00 was exceeded!
[bt_navigator-8] [WARN] [1783064615.387637512] [BehaviorTreeEngine]: Behavior Tree tick rate 100.00 was exceeded!
[controller_server-4] [ERROR] [1783064618.168628670] [controller_server]: Failed to make progress
[controller_server-4] [WARN] [1783064618.168966795] [controller_server]: [follow_path] [ActionServer] Aborting handle.
[controller_server-4] [INFO] [1783064618.188256091] [local_costmap.local_costmap]: Received request to clear entirely the local_costmap
[controller_server-4] [INFO] [1783064618.193423342] [controller_server]: Received a goal, begin computing control effort.
[controller_server-4] [INFO] [1783064618.383809756] [controller_server]: Passing new path to controller.
[controller_server-4] [WARN] [1783064618.388352674] [controller_server]: Control loop missed its desired rate of 20.0000Hz
[controller_server-4] [INFO] [1783064623.238452257] [controller_server]: Passing new path to controller.
[controller_server-4] [INFO] [1783064628.288486502] [controller_server]: Passing new path to controller.
[controller_server-4] [INFO] [1783064633.338456494] [controller_server]: Passing new path to controller.
[controller_server-4] [ERROR] [1783064633.388695588] [controller_server]: Failed to make progress
[controller_server-4] [WARN] [1783064633.388974546] [controller_server]: [follow_path] [ActionServer] Aborting handle.
[controller_server-4] [INFO] [1783064633.418360635] [local_costmap.local_costmap]: Received request to clear entirely the local_costmap
[planner_server-6] [INFO] [1783064633.419776927] [global_costmap.global_costmap]: Received request to clear entirely the global_costmap
[behavior_server-7] [INFO] [1783064633.431846388] [behavior_server]: Running wait
[bt_navigator-8] [WARN] [1783064633.437284014] [BehaviorTreeEngine]: Behavior Tree tick rate 100.00 was exceeded!
[behavior_server-7] [INFO] [1783064634.433307009] [behavior_server]: wait completed successfully
[controller_server-4] [INFO] [1783064634.489876438] [controller_server]: Received a goal, begin computing control effort.
[controller_server-4] [INFO] [1783064639.540341758] [controller_server]: Passing new path to controller.
[bt_navigator-8] [WARN] [1783064642.286830150] [BehaviorTreeEngine]: Behavior Tree tick rate 100.00 was exceeded!
[controller_server-4] [INFO] [1783064644.590319117] [controller_server]: Passing new path to controller.
[controller_server-4] [ERROR] [1783064649.490509109] [controller_server]: Failed to make progress
[controller_server-4] [WARN] [1783064649.490806400] [controller_server]: [follow_path] [ActionServer] Aborting handle.
[controller_server-4] [INFO] [1783064649.508472237] [local_costmap.local_costmap]: Received request to clear entirely the local_costmap
[controller_server-4] [INFO] [1783064649.517564239] [controller_server]: Received a goal, begin computing control effort.
[controller_server-4] [WARN] [1783064649.585185544] [controller_server]: Control loop missed its desired rate of 20.0000Hz
[controller_server-4] [INFO] [1783064649.622595594] [controller_server]: Passing new path to controller.
[controller_server-4] [INFO] [1783064654.672593987] [controller_server]: Passing new path to controller.
[bt_navigator-8] [WARN] [1783064659.303780542] [BehaviorTreeEngine]: Behavior Tree tick rate 100.00 was exceeded!
[controller_server-4] [INFO] [1783064659.672597699] [controller_server]: Passing new path to controller.
[bt_navigator-8] [WARN] [1783064659.866320947] [BehaviorTreeEngine]: Behavior Tree tick rate 100.00 was exceeded!
[bt_navigator-8] [WARN] [1783064659.867515697] [BehaviorTreeEngine]: Behavior Tree tick rate 100.00 was exceeded!
[bt_navigator-8] [WARN] [1783064660.311853119] [BehaviorTreeEngine]: Behavior Tree tick rate 100.00 was exceeded!
[controller_server-4] [ERROR] [1783064664.622807815] [controller_server]: Failed to make progress
[controller_server-4] [WARN] [1783064664.623099690] [controller_server]: [follow_path] [ActionServer] Aborting handle.
[controller_server-4] [INFO] [1783064664.637439610] [local_costmap.local_costmap]: Received request to clear entirely the local_costmap
[planner_server-6] [INFO] [1783064664.640368485] [global_costmap.global_costmap]: Received request to clear entirely the global_costmap
[behavior_server-7] [INFO] [1783064664.645832278] [behavior_server]: Running wait
[behavior_server-7] [INFO] [1783064665.651163062] [behavior_server]: wait completed successfully
[controller_server-4] [INFO] [1783064665.709600616] [controller_server]: Received a goal, begin computing control effort.
[controller_server-4] [INFO] [1783064670.761811248] [controller_server]: Passing new path to controller.
[bt_navigator-8] [WARN] [1783064671.918329186] [BehaviorTreeEngine]: Behavior Tree tick rate 100.00 was exceeded!
[controller_server-4] [INFO] [1783064675.811814125] [controller_server]: Passing new path to controller.
[controller_server-4] [ERROR] [1783064680.712018137] [controller_server]: Failed to make progress
[controller_server-4] [WARN] [1783064680.712413720] [controller_server]: [follow_path] [ActionServer] Aborting handle.
[controller_server-4] [INFO] [1783064680.728289182] [local_costmap.local_costmap]: Received request to clear entirely the local_costmap
[controller_server-4] [INFO] [1783064680.739413184] [controller_server]: Received a goal, begin computing control effort.
[controller_server-4] [INFO] [1783064680.840074120] [controller_server]: Passing new path to controller.
[controller_server-4] [INFO] [1783064685.890063200] [controller_server]: Passing new path to controller.
[controller_server-4] [INFO] [1783064690.892712391] [controller_server]: Passing new path to controller.
[bt_navigator-8] [WARN] [1783064694.752993022] [BehaviorTreeEngine]: Behavior Tree tick rate 100.00 was exceeded!
[controller_server-4] [ERROR] [1783064695.790262058] [controller_server]: Failed to make progress
[controller_server-4] [WARN] [1783064695.790579724] [controller_server]: [follow_path] [ActionServer] Aborting handle.
[bt_navigator-8] [WARN] [1783064695.816586813] [bt_navigator]: [navigate_to_pose] [ActionServer] Aborting handle.
[bt_navigator-8] [ERROR] [1783064695.817490730] [bt_navigator]: Goal failed
[bt_navigator-8] [INFO] [1783064958.638680620] [bt_navigator]: Begin navigating from current location (-1.91, -0.11) to (-0.73, -0.38)
[controller_server-4] [INFO] [1783064958.663252582] [controller_server]: Received a goal, begin computing control effort.
[controller_server-4] [INFO] [1783064963.713792226] [controller_server]: Passing new path to controller.
[bt_navigator-8] [WARN] [1783064966.810378888] [BehaviorTreeEngine]: Behavior Tree tick rate 100.00 was exceeded!
[bt_navigator-8] [WARN] [1783064967.243540999] [BehaviorTreeEngine]: Behavior Tree tick rate 100.00 was exceeded!
[bt_navigator-8] [WARN] [1783064967.279192005] [BehaviorTreeEngine]: Behavior Tree tick rate 100.00 was exceeded!
[controller_server-4] [INFO] [1783064968.763563075] [controller_server]: Passing new path to controller.
[controller_server-4] [ERROR] [1783064973.663759856] [controller_server]: Failed to make progress
[controller_server-4] [WARN] [1783064973.664076273] [controller_server]: [follow_path] [ActionServer] Aborting handle.
[controller_server-4] [INFO] [1783064973.683664859] [local_costmap.local_costmap]: Received request to clear entirely the local_costmap
[controller_server-4] [INFO] [1783064973.695866028] [controller_server]: Received a goal, begin computing control effort.
[controller_server-4] [INFO] [1783064973.786199834] [controller_server]: Passing new path to controller.
[controller_server-4] [WARN] [1783064973.788448876] [controller_server]: Control loop missed its desired rate of 20.0000Hz
[bt_navigator-8] [WARN] [1783064974.850896336] [BehaviorTreeEngine]: Behavior Tree tick rate 100.00 was exceeded!
[controller_server-4] [INFO] [1783064978.846169345] [controller_server]: Passing new path to controller.
[bt_navigator-8] [WARN] [1783064981.922464374] [BehaviorTreeEngine]: Behavior Tree tick rate 100.00 was exceeded!
[controller_server-4] [INFO] [1783064983.896172269] [controller_server]: Passing new path to controller.
[bt_navigator-8] [WARN] [1783064984.509234949] [BehaviorTreeEngine]: Behavior Tree tick rate 100.00 was exceeded!
[controller_server-4] [ERROR] [1783064988.796407082] [controller_server]: Failed to make progress
[controller_server-4] [WARN] [1783064988.799167249] [controller_server]: [follow_path] [ActionServer] Aborting handle.
[controller_server-4] [INFO] [1783064988.820424294] [local_costmap.local_costmap]: Received request to clear entirely the local_costmap
[planner_server-6] [INFO] [1783064988.823723920] [global_costmap.global_costmap]: Received request to clear entirely the global_costmap
[behavior_server-7] [INFO] [1783064988.827876670] [behavior_server]: Running wait
[behavior_server-7] [INFO] [1783064989.832268495] [behavior_server]: wait completed successfully
[controller_server-4] [INFO] [1783064989.883564253] [controller_server]: Received a goal, begin computing control effort.
[bt_navigator-8] [WARN] [1783064990.591260489] [BehaviorTreeEngine]: Behavior Tree tick rate 100.00 was exceeded!
[bt_navigator-8] [WARN] [1783064990.687033046] [BehaviorTreeEngine]: Behavior Tree tick rate 100.00 was exceeded!
[bt_navigator-8] [WARN] [1783064994.133084044] [BehaviorTreeEngine]: Behavior Tree tick rate 100.00 was exceeded!
[bt_navigator-8] [WARN] [1783064994.270719691] [BehaviorTreeEngine]: Behavior Tree tick rate 100.00 was exceeded!
[controller_server-4] [INFO] [1783064994.933871878] [controller_server]: Passing new path to controller.
[bt_navigator-8] [WARN] [1783064994.962910174] [BehaviorTreeEngine]: Behavior Tree tick rate 100.00 was exceeded!
[bt_navigator-8] [WARN] [1783064995.794785012] [BehaviorTreeEngine]: Behavior Tree tick rate 100.00 was exceeded!
[bt_navigator-8] [WARN] [1783064995.912563697] [BehaviorTreeEngine]: Behavior Tree tick rate 100.00 was exceeded!
[bt_navigator-8] [WARN] [1783064996.861487887] [BehaviorTreeEngine]: Behavior Tree tick rate 100.00 was exceeded!
[bt_navigator-8] [WARN] [1783064997.660545929] [BehaviorTreeEngine]: Behavior Tree tick rate 100.00 was exceeded!
[velocity_smoother-10] [INFO] [1783064999.473202587] [rclcpp]: signal_handler(signum=2)
[velocity_smoother-10] [INFO] [1783064999.473529628] [velocity_smoother]: Running Nav2 LifecycleNode rcl preshutdown (velocity_smoother)
[velocity_smoother-10] [INFO] [1783064999.473802087] [velocity_smoother]: Deactivating
[smoother_server-5] [INFO] [1783064999.473207420] [rclcpp]: signal_handler(signum=2)
[waypoint_follower-9] [INFO] [1783064999.473202128] [rclcpp]: signal_handler(signum=2)
[waypoint_follower-9] [INFO] [1783064999.473551837] [waypoint_follower]: Running Nav2 LifecycleNode rcl preshutdown (waypoint_follower)
[waypoint_follower-9] [INFO] [1783064999.473802503] [waypoint_follower]: Deactivating
[waypoint_follower-9] [INFO] [1783064999.473910670] [waypoint_follower]: Destroying bond (waypoint_follower) to lifecycle manager.
[bt_navigator-8] [INFO] [1783064999.473237462] [rclcpp]: signal_handler(signum=2)
[map_server-1] [INFO] [1783064999.473358212] [rclcpp]: signal_handler(signum=2)
[behavior_server-7] [INFO] [1783064999.473415003] [rclcpp]: signal_handler(signum=2)
[amcl-2] [INFO] [1783064999.473493212] [rclcpp]: signal_handler(signum=2)
[velocity_smoother-10] [INFO] [1783064999.473910545] [velocity_smoother]: Destroying bond (velocity_smoother) to lifecycle manager.
[planner_server-6] [INFO] [1783064999.473636420] [rclcpp]: signal_handler(signum=2)
[lifecycle_manager-11] [INFO] [1783064999.473706670] [rclcpp]: signal_handler(signum=2)
[bt_navigator-8] [INFO] [1783064999.474322045] [bt_navigator]: Running Nav2 LifecycleNode rcl preshutdown (bt_navigator)
[bt_navigator-8] [INFO] [1783064999.474581712] [bt_navigator]: Deactivating
[bt_navigator-8] [WARN] [1783064999.474652754] [bt_navigator]: [navigate_to_pose] [ActionServer] Requested to deactivate server but goal is still executing. Should check if action server is running before deactivating.
[map_server-1] [INFO] [1783064999.474719295] [map_server]: Running Nav2 LifecycleNode rcl preshutdown (map_server)
[map_server-1] [INFO] [1783064999.474962545] [map_server]: Deactivating
[map_server-1] [INFO] [1783064999.475039170] [map_server]: Destroying bond (map_server) to lifecycle manager.
[amcl-2] [INFO] [1783064999.475768462] [amcl]: Running Nav2 LifecycleNode rcl preshutdown (amcl)
[amcl-2] [INFO] [1783064999.476040295] [amcl]: Deactivating
[amcl-2] [INFO] [1783064999.476145879] [amcl]: Destroying bond (amcl) to lifecycle manager.
[amcl-2] [INFO] [1783064999.502566966] [amcl]: Cleaning up
[smoother_server-5] [INFO] [1783064999.476499754] [smoother_server]: Running Nav2 LifecycleNode rcl preshutdown (smoother_server)
[smoother_server-5] [INFO] [1783064999.476759212] [smoother_server]: Deactivating
[smoother_server-5] [INFO] [1783064999.476849754] [smoother_server]: Destroying bond (smoother_server) to lifecycle manager.
[planner_server-6] [INFO] [1783064999.476661004] [planner_server]: Running Nav2 LifecycleNode rcl preshutdown (planner_server)
[planner_server-6] [INFO] [1783064999.476872671] [planner_server]: Deactivating
[planner_server-6] [INFO] [1783064999.482138713] [global_costmap.global_costmap]: Deactivating
[behavior_server-7] [INFO] [1783064999.477275962] [behavior_server]: Running Nav2 LifecycleNode rcl preshutdown (behavior_server)
[behavior_server-7] [INFO] [1783064999.477537921] [behavior_server]: Deactivating
[behavior_server-7] [INFO] [1783064999.477651587] [behavior_server]: Destroying bond (behavior_server) to lifecycle manager.
[lifecycle_manager-3] [INFO] [1783064999.477954421] [rclcpp]: signal_handler(signum=2)
[lifecycle_manager-3] [INFO] [1783064999.478546212] [lifecycle_manager_localization]: Running Nav2 LifecycleManager rcl preshutdown (lifecycle_manager_localization)
[lifecycle_manager-3] [INFO] [1783064999.478661421] [lifecycle_manager_localization]: [34m[1mTerminating bond timer...[0m[0m
[lifecycle_manager-11] [INFO] [1783064999.478517171] [lifecycle_manager_navigation]: Running Nav2 LifecycleManager rcl preshutdown (lifecycle_manager_navigation)
[lifecycle_manager-11] [INFO] [1783064999.478673588] [lifecycle_manager_navigation]: [34m[1mTerminating bond timer...[0m[0m
[controller_server-4] [INFO] [1783064999.478671213] [rclcpp]: signal_handler(signum=2)
[controller_server-4] [INFO] [1783064999.479102629] [controller_server]: Running Nav2 LifecycleNode rcl preshutdown (controller_server)
[controller_server-4] [INFO] [1783064999.481822963] [controller_server]: Deactivating
[controller_server-4] [WARN] [1783064999.481971088] [controller_server]: [follow_path] [ActionServer] Requested to deactivate server but goal is still executing. Should check if action server is running before deactivating.
[controller_server-4] [WARN] [1783064999.484082838] [controller_server]: [follow_path] [ActionServer] Stopping the thread per request.
[controller_server-4] [WARN] [1783064999.484235922] [controller_server]: [follow_path] [ActionServer] Aborting handle.
[map_server-1] [INFO] [1783064999.485969130] [map_server]: Cleaning up
[map_server-1] [INFO] [1783064999.486181380] [map_server]: Destroying bond (map_server) to lifecycle manager.
[velocity_smoother-10] [INFO] [1783064999.487941964] [velocity_smoother]: Cleaning up
[velocity_smoother-10] [INFO] [1783064999.488130881] [velocity_smoother]: Destroying bond (velocity_smoother) to lifecycle manager.
[waypoint_follower-9] [INFO] [1783064999.495561298] [waypoint_follower]: Cleaning up
[controller_server-4] [INFO] [1783064999.516621468] [controller_server]: Deactivating controller: FollowPath of type regulated_pure_pursuit_controller::RegulatedPurePursuitController
[controller_server-4] [INFO] [1783064999.516879552] [local_costmap.local_costmap]: Deactivating
[velocity_smoother-10] [INFO] [1783064999.542481347] [velocity_smoother]: Destroying
[bt_navigator-8] [ERROR] [1783064999.543429181] [bt_navigator_navigate_to_pose_rclcpp_node]: Failed to cancel action server for follow_path
[bt_navigator-8] [INFO] [1783064999.574895478] [bt_navigator]: [navigate_to_pose] [ActionServer] Waiting for async process to finish.
[bt_navigator-8] [ERROR] [1783064999.603804982] [bt_navigator_navigate_to_pose_rclcpp_node]: Failed to get result for follow_path in node halt!
[bt_navigator-8] [WARN] [1783064999.604044774] [bt_navigator]: [navigate_to_pose] [ActionServer] Aborting handle.
[bt_navigator-8] [INFO] [1783064999.604532065] [bt_navigator]: Goal canceled
[bt_navigator-8] [WARN] [1783064999.604654357] [bt_navigator]: [navigate_to_pose] [ActionServer] Stopping the thread per request.
[bt_navigator-8] [INFO] [1783064999.605030607] [bt_navigator]: Destroying bond (bt_navigator) to lifecycle manager.
[controller_server-4] [INFO] [1783064999.575835561] [controller_server]: Destroying bond (controller_server) to lifecycle manager.
[smoother_server-5] [INFO] [1783064999.579957312] [smoother_server]: Cleaning up
[behavior_server-7] [INFO] [1783064999.597791106] [behavior_server]: Cleaning up
[map_server-1] [INFO] [1783064999.603266149] [map_server]: Destroying
[amcl-2] [INFO] [1783064999.641388488] [amcl]: Destroying bond (amcl) to lifecycle manager.
[waypoint_follower-9] [INFO] [1783064999.670054992] [waypoint_follower]: Destroying bond (waypoint_follower) to lifecycle manager.
[controller_server-4] [INFO] [1783064999.691591496] [controller_server]: Cleaning up
[controller_server-4] [INFO] [1783064999.691715871] [controller_server]: Cleaning up controller: FollowPath of type regulated_pure_pursuit_controller::RegulatedPurePursuitController
[lifecycle_manager-3] [INFO] [1783064999.699954664] [lifecycle_manager_localization]: Destroying lifecycle_manager_localization
[bt_navigator-8] [INFO] [1783064999.715956458] [bt_navigator]: Cleaning up
[waypoint_follower-9] [INFO] [1783064999.720094917] [waypoint_follower]: Destroying
[smoother_server-5] [INFO] [1783064999.740003170] [smoother_server]: Destroying bond (smoother_server) to lifecycle manager.
[controller_server-4] [INFO] [1783064999.756039714] [local_costmap.local_costmap]: Cleaning up
[amcl-2] [INFO] [1783064999.781420176] [amcl]: Destroying
[smoother_server-5] [INFO] [1783064999.796061179] [smoother_server]: Destroying
[behavior_server-7] [INFO] [1783064999.840547852] [behavior_server]: Destroying bond (behavior_server) to lifecycle manager.
[controller_server-4] [INFO] [1783065000.172997779] [controller_server]: Destroying bond (controller_server) to lifecycle manager.
[controller_server-4] [INFO] [1783065000.200784533] [local_costmap.local_costmap]: Destroying
[lifecycle_manager-11] [INFO] [1783065000.258498959] [lifecycle_manager_navigation]: Destroying lifecycle_manager_navigation
[INFO] [velocity_smoother-10]: process has finished cleanly [pid 95148]
[INFO] [lifecycle_manager-3]: process has finished cleanly [pid 95124]
[behavior_server-7] [INFO] [1783065000.298644715] [behavior_server]: Destroying
[INFO] [map_server-1]: process has finished cleanly [pid 95120]
[INFO] [smoother_server-5]: process has finished cleanly [pid 95128]
[controller_server-4] [INFO] [1783065000.386462062] [controller_server]: Destroying
[INFO] [waypoint_follower-9]: process has finished cleanly [pid 95136]
[planner_server-6] [INFO] [1783065000.397745106] [planner_server]: Deactivating plugin GridBased of type NavfnPlanner
[planner_server-6] [INFO] [1783065000.397939981] [planner_server]: Destroying bond (planner_server) to lifecycle manager.
[INFO] [amcl-2]: process has finished cleanly [pid 95122]
[planner_server-6] [INFO] [1783065000.408449774] [planner_server]: Cleaning up
[INFO] [lifecycle_manager-11]: process has finished cleanly [pid 95161]
[planner_server-6] [INFO] [1783065000.566323799] [global_costmap.global_costmap]: Cleaning up
[planner_server-6] [INFO] [1783065000.641953144] [planner_server]: Cleaning up plugin GridBased of type NavfnPlanner
[planner_server-6] [INFO] [1783065000.643359519] [planner_server]: Destroying plugin GridBased of type NavfnPlanner
[INFO] [behavior_server-7]: process has finished cleanly [pid 95132]
[planner_server-6] [INFO] [1783065000.705893070] [planner_server]: Destroying bond (planner_server) to lifecycle manager.
[planner_server-6] [INFO] [1783065000.739947951] [global_costmap.global_costmap]: Destroying
[INFO] [controller_server-4]: process has finished cleanly [pid 95126]
[planner_server-6] [INFO] [1783065000.910817727] [planner_server]: Destroying
[bt_navigator-8] [INFO] [1783065001.013447952] [bt_navigator]: Completed Cleaning up
[bt_navigator-8] [INFO] [1783065001.013786785] [bt_navigator]: Destroying bond (bt_navigator) to lifecycle manager.
[bt_navigator-8] [INFO] [1783065001.088647422] [bt_navigator]: Destroying
[INFO] [planner_server-6]: process has finished cleanly [pid 95130]
[INFO] [bt_navigator-8]: process has finished cleanly [pid 95134]
