[INFO] [1783064481.265547672] [simple_scan_filter]: filter /scan -> /scan_filtered, keep=[0.18, 4.00], isolated_window=2, isolated_delta=0.25, min_support_neighbors=1
[INFO] [1783064494.920836842] [simple_scan_filter]: scan stats: n=404, zeros=81, nan=0, inf=0, finite_raw=323, finite_out=237, removed_isolated=5
[INFO] [1783064499.912998088] [simple_scan_filter]: scan stats: n=404, zeros=86, nan=0, inf=0, finite_raw=318, finite_out=237, removed_isolated=8
[INFO] [1783064504.919185417] [simple_scan_filter]: scan stats: n=404, zeros=86, nan=0, inf=0, finite_raw=318, finite_out=233, removed_isolated=11
[INFO] [1783064509.916891073] [simple_scan_filter]: scan stats: n=404, zeros=80, nan=0, inf=0, finite_raw=324, finite_out=233, removed_isolated=7
[INFO] [1783064514.895962055] [simple_scan_filter]: scan stats: n=404, zeros=88, nan=0, inf=0, finite_raw=316, finite_out=230, removed_isolated=10
[INFO] [1783064519.903666581] [simple_scan_filter]: scan stats: n=404, zeros=87, nan=0, inf=0, finite_raw=317, finite_out=235, removed_isolated=8
[INFO] [1783064524.888079681] [simple_scan_filter]: scan stats: n=404, zeros=82, nan=0, inf=0, finite_raw=322, finite_out=237, removed_isolated=8
[INFO] [1783064529.882582822] [simple_scan_filter]: scan stats: n=404, zeros=76, nan=0, inf=0, finite_raw=328, finite_out=234, removed_isolated=9
[INFO] [1783064534.874597000] [simple_scan_filter]: scan stats: n=404, zeros=88, nan=0, inf=0, finite_raw=316, finite_out=234, removed_isolated=5
[INFO] [1783064539.869015758] [simple_scan_filter]: scan stats: n=404, zeros=84, nan=0, inf=0, finite_raw=320, finite_out=231, removed_isolated=7
[INFO] [1783064544.865232387] [simple_scan_filter]: scan stats: n=404, zeros=86, nan=0, inf=0, finite_raw=318, finite_out=234, removed_isolated=8
[INFO] [1783064549.859430387] [simple_scan_filter]: scan stats: n=404, zeros=78, nan=0, inf=0, finite_raw=326, finite_out=240, removed_isolated=8
[INFO] [1783064554.856350968] [simple_scan_filter]: scan stats: n=404, zeros=85, nan=0, inf=0, finite_raw=319, finite_out=230, removed_isolated=9
[INFO] [1783064559.850279086] [simple_scan_filter]: scan stats: n=404, zeros=80, nan=0, inf=0, finite_raw=324, finite_out=236, removed_isolated=7
[INFO] [1783064564.859310411] [simple_scan_filter]: scan stats: n=404, zeros=77, nan=0, inf=0, finite_raw=327, finite_out=236, removed_isolated=9
[INFO] [1783064569.873826359] [simple_scan_filter]: scan stats: n=404, zeros=78, nan=0, inf=0, finite_raw=326, finite_out=240, removed_isolated=5
[INFO] [1783064574.833526000] [simple_scan_filter]: scan stats: n=404, zeros=82, nan=0, inf=0, finite_raw=322, finite_out=237, removed_isolated=7
[INFO] [1783064579.830375770] [simple_scan_filter]: scan stats: n=404, zeros=76, nan=0, inf=0, finite_raw=328, finite_out=242, removed_isolated=5
[INFO] [1783064584.825897787] [simple_scan_filter]: scan stats: n=404, zeros=78, nan=0, inf=0, finite_raw=326, finite_out=237, removed_isolated=8
[INFO] [1783064589.820553841] [simple_scan_filter]: scan stats: n=404, zeros=79, nan=0, inf=0, finite_raw=325, finite_out=242, removed_isolated=8
[INFO] [1783064594.811978765] [simple_scan_filter]: scan stats: n=404, zeros=79, nan=0, inf=0, finite_raw=325, finite_out=247, removed_isolated=5
[INFO] [1783064599.806354895] [simple_scan_filter]: scan stats: n=404, zeros=76, nan=0, inf=0, finite_raw=328, finite_out=241, removed_isolated=8
[INFO] [1783064604.809832440] [simple_scan_filter]: scan stats: n=404, zeros=83, nan=0, inf=0, finite_raw=321, finite_out=243, removed_isolated=5
[INFO] [1783064609.796274186] [simple_scan_filter]: scan stats: n=404, zeros=80, nan=0, inf=0, finite_raw=324, finite_out=243, removed_isolated=9
[INFO] [1783064614.797764723] [simple_scan_filter]: scan stats: n=404, zeros=85, nan=0, inf=0, finite_raw=319, finite_out=242, removed_isolated=5
[INFO] [1783064619.787558296] [simple_scan_filter]: scan stats: n=404, zeros=84, nan=0, inf=0, finite_raw=320, finite_out=244, removed_isolated=6
[INFO] [1783064624.778945115] [simple_scan_filter]: scan stats: n=404, zeros=87, nan=0, inf=0, finite_raw=317, finite_out=243, removed_isolated=6
[INFO] [1783064629.778745474] [simple_scan_filter]: scan stats: n=404, zeros=85, nan=0, inf=0, finite_raw=319, finite_out=239, removed_isolated=5
[INFO] [1783064634.776426871] [simple_scan_filter]: scan stats: n=404, zeros=81, nan=0, inf=0, finite_raw=323, finite_out=238, removed_isolated=8
[INFO] [1783064639.771525097] [simple_scan_filter]: scan stats: n=404, zeros=84, nan=0, inf=0, finite_raw=320, finite_out=239, removed_isolated=6
[INFO] [1783064644.764920111] [simple_scan_filter]: scan stats: n=404, zeros=86, nan=0, inf=0, finite_raw=318, finite_out=240, removed_isolated=8
[INFO] [1783064649.764217414] [simple_scan_filter]: scan stats: n=404, zeros=83, nan=0, inf=0, finite_raw=321, finite_out=238, removed_isolated=8
[INFO] [1783064654.768023881] [simple_scan_filter]: scan stats: n=404, zeros=83, nan=0, inf=0, finite_raw=321, finite_out=240, removed_isolated=5
[INFO] [1783064659.751309965] [simple_scan_filter]: scan stats: n=404, zeros=87, nan=0, inf=0, finite_raw=317, finite_out=239, removed_isolated=7
[INFO] [1783064664.743271881] [simple_scan_filter]: scan stats: n=404, zeros=81, nan=0, inf=0, finite_raw=323, finite_out=240, removed_isolated=9
[INFO] [1783064669.736640377] [simple_scan_filter]: scan stats: n=404, zeros=80, nan=0, inf=0, finite_raw=324, finite_out=237, removed_isolated=7
[INFO] [1783064674.738961038] [simple_scan_filter]: scan stats: n=404, zeros=82, nan=0, inf=0, finite_raw=322, finite_out=243, removed_isolated=6
[INFO] [1783064679.733376318] [simple_scan_filter]: scan stats: n=404, zeros=81, nan=0, inf=0, finite_raw=323, finite_out=237, removed_isolated=9
[INFO] [1783064684.733694013] [simple_scan_filter]: scan stats: n=404, zeros=86, nan=0, inf=0, finite_raw=318, finite_out=238, removed_isolated=8
[INFO] [1783064689.725717328] [simple_scan_filter]: scan stats: n=404, zeros=76, nan=0, inf=0, finite_raw=328, finite_out=245, removed_isolated=5
[INFO] [1783064694.732388476] [simple_scan_filter]: scan stats: n=404, zeros=86, nan=0, inf=0, finite_raw=318, finite_out=241, removed_isolated=6
[INFO] [1783064699.711622698] [simple_scan_filter]: scan stats: n=404, zeros=80, nan=0, inf=0, finite_raw=324, finite_out=237, removed_isolated=8
[INFO] [1783064704.711204712] [simple_scan_filter]: scan stats: n=404, zeros=78, nan=0, inf=0, finite_raw=326, finite_out=242, removed_isolated=7
[INFO] [1783064709.705977722] [simple_scan_filter]: scan stats: n=404, zeros=76, nan=0, inf=0, finite_raw=328, finite_out=245, removed_isolated=5
[INFO] [1783064714.706356354] [simple_scan_filter]: scan stats: n=404, zeros=84, nan=0, inf=0, finite_raw=320, finite_out=242, removed_isolated=6
[INFO] [1783064719.694852148] [simple_scan_filter]: scan stats: n=404, zeros=86, nan=0, inf=0, finite_raw=318, finite_out=235, removed_isolated=6
[INFO] [1783064724.690933231] [simple_scan_filter]: scan stats: n=404, zeros=87, nan=0, inf=0, finite_raw=317, finite_out=244, removed_isolated=4
[INFO] [1783064729.696360562] [simple_scan_filter]: scan stats: n=404, zeros=82, nan=0, inf=0, finite_raw=322, finite_out=233, removed_isolated=5
[INFO] [1783064734.681308136] [simple_scan_filter]: scan stats: n=404, zeros=82, nan=0, inf=0, finite_raw=322, finite_out=236, removed_isolated=10
[INFO] [1783064739.674417125] [simple_scan_filter]: scan stats: n=404, zeros=82, nan=0, inf=0, finite_raw=322, finite_out=236, removed_isolated=9
[INFO] [1783064744.671058319] [simple_scan_filter]: scan stats: n=404, zeros=74, nan=0, inf=0, finite_raw=330, finite_out=240, removed_isolated=6
[INFO] [1783064749.672087803] [simple_scan_filter]: scan stats: n=404, zeros=84, nan=0, inf=0, finite_raw=320, finite_out=235, removed_isolated=6
[INFO] [1783064754.662001822] [simple_scan_filter]: scan stats: n=404, zeros=82, nan=0, inf=0, finite_raw=322, finite_out=237, removed_isolated=6
[INFO] [1783064759.660690590] [simple_scan_filter]: scan stats: n=404, zeros=81, nan=0, inf=0, finite_raw=323, finite_out=238, removed_isolated=6
[INFO] [1783064764.651903061] [simple_scan_filter]: scan stats: n=404, zeros=76, nan=0, inf=0, finite_raw=328, finite_out=242, removed_isolated=5
[INFO] [1783064769.653370031] [simple_scan_filter]: scan stats: n=404, zeros=91, nan=0, inf=0, finite_raw=313, finite_out=230, removed_isolated=8
[INFO] [1783064774.649655289] [simple_scan_filter]: scan stats: n=404, zeros=81, nan=0, inf=0, finite_raw=323, finite_out=235, removed_isolated=8
[INFO] [1783064779.641228333] [simple_scan_filter]: scan stats: n=404, zeros=89, nan=0, inf=0, finite_raw=315, finite_out=237, removed_isolated=5
[INFO] [1783064784.634581583] [simple_scan_filter]: scan stats: n=404, zeros=76, nan=0, inf=0, finite_raw=328, finite_out=237, removed_isolated=7
[INFO] [1783064789.630819039] [simple_scan_filter]: scan stats: n=404, zeros=75, nan=0, inf=0, finite_raw=329, finite_out=242, removed_isolated=5
[INFO] [1783064794.625672824] [simple_scan_filter]: scan stats: n=404, zeros=82, nan=0, inf=0, finite_raw=322, finite_out=237, removed_isolated=6
[INFO] [1783064799.621974898] [simple_scan_filter]: scan stats: n=404, zeros=81, nan=0, inf=0, finite_raw=323, finite_out=235, removed_isolated=8
[INFO] [1783064804.627256262] [simple_scan_filter]: scan stats: n=404, zeros=81, nan=0, inf=0, finite_raw=323, finite_out=237, removed_isolated=6
[INFO] [1783064809.611419452] [simple_scan_filter]: scan stats: n=404, zeros=86, nan=0, inf=0, finite_raw=318, finite_out=236, removed_isolated=7
[INFO] [1783064814.610208933] [simple_scan_filter]: scan stats: n=404, zeros=84, nan=0, inf=0, finite_raw=320, finite_out=233, removed_isolated=10
[INFO] [1783064819.612671078] [simple_scan_filter]: scan stats: n=404, zeros=86, nan=0, inf=0, finite_raw=318, finite_out=244, removed_isolated=6
[INFO] [1783064824.604923343] [simple_scan_filter]: scan stats: n=404, zeros=79, nan=0, inf=0, finite_raw=325, finite_out=238, removed_isolated=7
[INFO] [1783064829.594432729] [simple_scan_filter]: scan stats: n=404, zeros=79, nan=0, inf=0, finite_raw=325, finite_out=239, removed_isolated=9
[INFO] [1783064834.596459822] [simple_scan_filter]: scan stats: n=404, zeros=76, nan=0, inf=0, finite_raw=328, finite_out=245, removed_isolated=4
[INFO] [1783064839.594768495] [simple_scan_filter]: scan stats: n=404, zeros=83, nan=0, inf=0, finite_raw=321, finite_out=239, removed_isolated=5
[INFO] [1783064844.583283413] [simple_scan_filter]: scan stats: n=404, zeros=83, nan=0, inf=0, finite_raw=321, finite_out=241, removed_isolated=7
[INFO] [1783064849.583837080] [simple_scan_filter]: scan stats: n=404, zeros=80, nan=0, inf=0, finite_raw=324, finite_out=236, removed_isolated=8
[INFO] [1783064854.577967784] [simple_scan_filter]: scan stats: n=404, zeros=82, nan=0, inf=0, finite_raw=322, finite_out=236, removed_isolated=6
[INFO] [1783064859.572572485] [simple_scan_filter]: scan stats: n=404, zeros=79, nan=0, inf=0, finite_raw=325, finite_out=244, removed_isolated=6
[INFO] [1783064864.565414099] [simple_scan_filter]: scan stats: n=404, zeros=81, nan=0, inf=0, finite_raw=323, finite_out=237, removed_isolated=8
[INFO] [1783064869.560058502] [simple_scan_filter]: scan stats: n=404, zeros=75, nan=0, inf=0, finite_raw=329, finite_out=242, removed_isolated=7
[INFO] [1783064874.556773485] [simple_scan_filter]: scan stats: n=404, zeros=85, nan=0, inf=0, finite_raw=319, finite_out=239, removed_isolated=5
[INFO] [1783064879.564426800] [simple_scan_filter]: scan stats: n=404, zeros=80, nan=0, inf=0, finite_raw=324, finite_out=238, removed_isolated=10
[INFO] [1783064884.549707233] [simple_scan_filter]: scan stats: n=404, zeros=86, nan=0, inf=0, finite_raw=318, finite_out=235, removed_isolated=11
[INFO] [1783064889.542869915] [simple_scan_filter]: scan stats: n=404, zeros=85, nan=0, inf=0, finite_raw=319, finite_out=234, removed_isolated=9
[INFO] [1783064894.538938719] [simple_scan_filter]: scan stats: n=404, zeros=78, nan=0, inf=0, finite_raw=326, finite_out=246, removed_isolated=6
[INFO] [1783064899.537251478] [simple_scan_filter]: scan stats: n=404, zeros=88, nan=0, inf=0, finite_raw=316, finite_out=239, removed_isolated=6
[INFO] [1783064904.535032442] [simple_scan_filter]: scan stats: n=404, zeros=82, nan=0, inf=0, finite_raw=322, finite_out=244, removed_isolated=6
[INFO] [1783064909.526047777] [simple_scan_filter]: scan stats: n=404, zeros=85, nan=0, inf=0, finite_raw=319, finite_out=238, removed_isolated=5
[INFO] [1783064914.520207985] [simple_scan_filter]: scan stats: n=404, zeros=80, nan=0, inf=0, finite_raw=324, finite_out=241, removed_isolated=7
[INFO] [1783064919.543121110] [simple_scan_filter]: scan stats: n=404, zeros=81, nan=0, inf=0, finite_raw=323, finite_out=238, removed_isolated=7
[INFO] [1783064924.515595725] [simple_scan_filter]: scan stats: n=404, zeros=86, nan=0, inf=0, finite_raw=318, finite_out=235, removed_isolated=7
[INFO] [1783064929.514595007] [simple_scan_filter]: scan stats: n=404, zeros=81, nan=0, inf=0, finite_raw=323, finite_out=238, removed_isolated=5
[INFO] [1783064934.518199620] [simple_scan_filter]: scan stats: n=404, zeros=82, nan=0, inf=0, finite_raw=322, finite_out=238, removed_isolated=6
[INFO] [1783064939.505626227] [simple_scan_filter]: scan stats: n=404, zeros=84, nan=0, inf=0, finite_raw=320, finite_out=239, removed_isolated=5
[INFO] [1783064944.498131582] [simple_scan_filter]: scan stats: n=404, zeros=78, nan=0, inf=0, finite_raw=326, finite_out=244, removed_isolated=3
[INFO] [1783064949.491277351] [simple_scan_filter]: scan stats: n=404, zeros=83, nan=0, inf=0, finite_raw=321, finite_out=236, removed_isolated=6
[INFO] [1783064954.493690368] [simple_scan_filter]: scan stats: n=404, zeros=84, nan=0, inf=0, finite_raw=320, finite_out=234, removed_isolated=6
[INFO] [1783064959.494007382] [simple_scan_filter]: scan stats: n=404, zeros=84, nan=0, inf=0, finite_raw=320, finite_out=239, removed_isolated=4
[INFO] [1783064964.478826682] [simple_scan_filter]: scan stats: n=404, zeros=90, nan=0, inf=0, finite_raw=314, finite_out=234, removed_isolated=5
[INFO] [1783064969.479624690] [simple_scan_filter]: scan stats: n=404, zeros=85, nan=0, inf=0, finite_raw=319, finite_out=240, removed_isolated=4
[INFO] [1783064974.474276568] [simple_scan_filter]: scan stats: n=404, zeros=92, nan=0, inf=0, finite_raw=312, finite_out=237, removed_isolated=7
[INFO] [1783064979.474455986] [simple_scan_filter]: scan stats: n=404, zeros=94, nan=0, inf=0, finite_raw=310, finite_out=235, removed_isolated=7
[INFO] [1783064984.475065485] [simple_scan_filter]: scan stats: n=404, zeros=80, nan=0, inf=0, finite_raw=324, finite_out=240, removed_isolated=5
[INFO] [1783064989.468241688] [simple_scan_filter]: scan stats: n=404, zeros=83, nan=0, inf=0, finite_raw=321, finite_out=239, removed_isolated=4
[INFO] [1783064994.484849558] [simple_scan_filter]: scan stats: n=404, zeros=95, nan=0, inf=0, finite_raw=309, finite_out=231, removed_isolated=10
[INFO] [1783064999.453760625] [simple_scan_filter]: scan stats: n=404, zeros=83, nan=0, inf=0, finite_raw=321, finite_out=237, removed_isolated=6
Traceback (most recent call last):
  File "/root/rdk_x5_vln_robot/ros2_bridge/simple_scan_filter.py", line 197, in <module>
    main()
  File "/root/rdk_x5_vln_robot/ros2_bridge/simple_scan_filter.py", line 191, in main
    rclpy.spin(node)
  File "/opt/ros/humble/local/lib/python3.10/dist-packages/rclpy/__init__.py", line 229, in spin
    executor.spin_once()
  File "/opt/ros/humble/local/lib/python3.10/dist-packages/rclpy/executors.py", line 751, in spin_once
    self._spin_once_impl(timeout_sec)
  File "/opt/ros/humble/local/lib/python3.10/dist-packages/rclpy/executors.py", line 740, in _spin_once_impl
    handler, entity, node = self.wait_for_ready_callbacks(timeout_sec=timeout_sec)
  File "/opt/ros/humble/local/lib/python3.10/dist-packages/rclpy/executors.py", line 723, in wait_for_ready_callbacks
    return next(self._cb_iter)
  File "/opt/ros/humble/local/lib/python3.10/dist-packages/rclpy/executors.py", line 624, in _wait_for_ready_callbacks
    raise ExternalShutdownException()
rclpy.executors.ExternalShutdownException
