[INFO] [1782979238.737323655] [planner_server]: 
	planner_server lifecycle node launched. 
	Waiting on external lifecycle transitions to activate
	See https://design.ros2.org/articles/node_lifecycle.html for more information.
[INFO] [1782979238.743817027] [planner_server]: Creating
[INFO] [1782979238.785882552] [global_costmap.global_costmap]: 
	global_costmap lifecycle node launched. 
	Waiting on external lifecycle transitions to activate
	See https://design.ros2.org/articles/node_lifecycle.html for more information.
[INFO] [1782979238.787984635] [global_costmap.global_costmap]: Creating Costmap
[INFO] [1782979245.160002663] [planner_server]: Configuring
[INFO] [1782979245.160347621] [global_costmap.global_costmap]: Configuring
[INFO] [1782979245.181432446] [global_costmap.global_costmap]: Using plugin "static_layer"
[INFO] [1782979245.198739148] [global_costmap.global_costmap]: Subscribing to the map topic (/map) with transient local durability
[INFO] [1782979245.204421313] [global_costmap.global_costmap]: Initialized plugin "static_layer"
[INFO] [1782979245.204701604] [global_costmap.global_costmap]: Using plugin "inflation_layer"
[INFO] [1782979245.206407978] [global_costmap.global_costmap]: Initialized plugin "inflation_layer"
[INFO] [1782979245.242227839] [global_costmap.global_costmap]: StaticLayer: Resizing costmap to 155 X 201 at 0.050000 m/pix
[INFO] [1782979245.243556089] [planner_server]: Created global planner plugin GridBased of type nav2_navfn_planner/NavfnPlanner
[INFO] [1782979245.243768297] [planner_server]: Configuring plugin GridBased of type NavfnPlanner
[INFO] [1782979245.245066255] [planner_server]: Planner Server has GridBased  planners available.
[INFO] [1782979254.618325057] [planner_server]: Activating
[INFO] [1782979254.618670515] [global_costmap.global_costmap]: Activating
[INFO] [1782979254.618856390] [global_costmap.global_costmap]: Checking transform
[INFO] [1782979254.619321681] [global_costmap.global_costmap]: start
[INFO] [1782979255.669752104] [planner_server]: Activating plugin GridBased of type NavfnPlanner
[INFO] [1782979255.678184475] [planner_server]: Creating bond (planner_server) to lifecycle manager.
[INFO] [1782979491.564112292] [rclcpp]: signal_handler(signum=2)
[INFO] [1782979491.564883001] [planner_server]: Running Nav2 LifecycleNode rcl preshutdown (planner_server)
[INFO] [1782979491.565139251] [planner_server]: Deactivating
[INFO] [1782979491.565303792] [global_costmap.global_costmap]: Deactivating
[INFO] [1782979491.619702645] [planner_server]: Deactivating plugin GridBased of type NavfnPlanner
[INFO] [1782979491.620286395] [planner_server]: Destroying bond (planner_server) to lifecycle manager.
[INFO] [1782979491.630862982] [planner_server]: Cleaning up
[INFO] [1782979491.669103037] [global_costmap.global_costmap]: Cleaning up
[INFO] [1782979491.681646917] [planner_server]: Cleaning up plugin GridBased of type NavfnPlanner
[INFO] [1782979491.682567500] [planner_server]: Destroying plugin GridBased of type NavfnPlanner
[INFO] [1782979491.707991218] [planner_server]: Destroying bond (planner_server) to lifecycle manager.
[INFO] [1782979491.720903347] [global_costmap.global_costmap]: Destroying
[INFO] [1782979491.761809570] [planner_server]: Destroying
