[INFO] [launch]: All log files can be found below /root/.ros/log/2026-07-06-16-06-19-358990-ubuntu-60855
[INFO] [launch]: Default logging verbosity is set to INFO
[INFO] [map_server-1]: process started with pid [60877]
[INFO] [amcl-2]: process started with pid [60879]
[INFO] [lifecycle_manager-3]: process started with pid [60881]
[INFO] [controller_server-4]: process started with pid [60883]
[INFO] [smoother_server-5]: process started with pid [60885]
[INFO] [planner_server-6]: process started with pid [60887]
[INFO] [behavior_server-7]: process started with pid [60889]
[INFO] [bt_navigator-8]: process started with pid [60891]
[INFO] [waypoint_follower-9]: process started with pid [60894]
[INFO] [velocity_smoother-10]: process started with pid [60915]
[INFO] [lifecycle_manager-11]: process started with pid [60930]
[lifecycle_manager-3] [INFO] [1783325181.727131467] [lifecycle_manager_localization]: Creating
[lifecycle_manager-11] [INFO] [1783325181.822591571] [lifecycle_manager_navigation]: Creating
[lifecycle_manager-11] [INFO] [1783325181.899755672] [lifecycle_manager_navigation]: [34m[1mCreating and initializing lifecycle service clients[0m[0m
[lifecycle_manager-3] [INFO] [1783325181.946778975] [lifecycle_manager_localization]: [34m[1mCreating and initializing lifecycle service clients[0m[0m
[velocity_smoother-10] [INFO] [1783325182.008373155] [velocity_smoother]: 
[velocity_smoother-10] 	velocity_smoother lifecycle node launched. 
[velocity_smoother-10] 	Waiting on external lifecycle transitions to activate
[planner_server-6] [INFO] [1783325182.015482198] [planner_server]: 
[planner_server-6] 	planner_server lifecycle node launched. 
[planner_server-6] 	Waiting on external lifecycle transitions to activate
[planner_server-6] 	See https://design.ros2.org/articles/node_lifecycle.html for more information.
[velocity_smoother-10] 	See https://design.ros2.org/articles/node_lifecycle.html for more information.
[waypoint_follower-9] [INFO] [1783325182.081262088] [waypoint_follower]: 
[waypoint_follower-9] 	waypoint_follower lifecycle node launched. 
[waypoint_follower-9] 	Waiting on external lifecycle transitions to activate
[waypoint_follower-9] 	See https://design.ros2.org/articles/node_lifecycle.html for more information.
[waypoint_follower-9] [INFO] [1783325182.086384131] [waypoint_follower]: Creating
[planner_server-6] [INFO] [1783325182.087993590] [planner_server]: Creating
[amcl-2] [INFO] [1783325182.147756645] [amcl]: 
[amcl-2] 	amcl lifecycle node launched. 
[amcl-2] 	Waiting on external lifecycle transitions to activate
[amcl-2] 	See https://design.ros2.org/articles/node_lifecycle.html for more information.
[amcl-2] [INFO] [1783325182.149664354] [amcl]: Creating
[controller_server-4] [INFO] [1783325182.152919146] [controller_server]: 
[controller_server-4] 	controller_server lifecycle node launched. 
[controller_server-4] 	Waiting on external lifecycle transitions to activate
[controller_server-4] 	See https://design.ros2.org/articles/node_lifecycle.html for more information.
[behavior_server-7] [INFO] [1783325182.233752206] [behavior_server]: 
[behavior_server-7] 	behavior_server lifecycle node launched. 
[behavior_server-7] 	Waiting on external lifecycle transitions to activate
[behavior_server-7] 	See https://design.ros2.org/articles/node_lifecycle.html for more information.
[smoother_server-5] [INFO] [1783325182.272206006] [smoother_server]: 
[smoother_server-5] 	smoother_server lifecycle node launched. 
[smoother_server-5] 	Waiting on external lifecycle transitions to activate
[smoother_server-5] 	See https://design.ros2.org/articles/node_lifecycle.html for more information.
[controller_server-4] [INFO] [1783325182.282688592] [controller_server]: Creating controller server
[smoother_server-5] [INFO] [1783325182.289380260] [smoother_server]: Creating smoother server
[bt_navigator-8] [INFO] [1783325182.493161890] [bt_navigator]: 
[bt_navigator-8] 	bt_navigator lifecycle node launched. 
[bt_navigator-8] 	Waiting on external lifecycle transitions to activate
[bt_navigator-8] 	See https://design.ros2.org/articles/node_lifecycle.html for more information.
[bt_navigator-8] [INFO] [1783325182.496866224] [bt_navigator]: Creating
[map_server-1] [INFO] [1783325182.575211992] [map_server]: 
[map_server-1] 	map_server lifecycle node launched. 
[map_server-1] 	Waiting on external lifecycle transitions to activate
[map_server-1] 	See https://design.ros2.org/articles/node_lifecycle.html for more information.
[map_server-1] [INFO] [1783325182.582094535] [map_server]: Creating
[planner_server-6] [INFO] [1783325182.829790799] [global_costmap.global_costmap]: 
[planner_server-6] 	global_costmap lifecycle node launched. 
[planner_server-6] 	Waiting on external lifecycle transitions to activate
[planner_server-6] 	See https://design.ros2.org/articles/node_lifecycle.html for more information.
[planner_server-6] [INFO] [1783325182.834455009] [global_costmap.global_costmap]: Creating Costmap
[controller_server-4] [INFO] [1783325183.325790703] [local_costmap.local_costmap]: 
[controller_server-4] 	local_costmap lifecycle node launched. 
[controller_server-4] 	Waiting on external lifecycle transitions to activate
[controller_server-4] 	See https://design.ros2.org/articles/node_lifecycle.html for more information.
[controller_server-4] [INFO] [1783325183.330417037] [local_costmap.local_costmap]: Creating Costmap
[lifecycle_manager-11] [INFO] [1783325183.521201039] [lifecycle_manager_navigation]: [34m[1mStarting managed nodes bringup...[0m[0m
[lifecycle_manager-11] [INFO] [1783325183.521409622] [lifecycle_manager_navigation]: [34m[1mConfiguring controller_server[0m[0m
[controller_server-4] [INFO] [1783325183.525049039] [controller_server]: Configuring controller interface
[controller_server-4] [INFO] [1783325183.525793581] [controller_server]: getting goal checker plugins..
[controller_server-4] [INFO] [1783325183.526198790] [controller_server]: Controller frequency set to 8.0000Hz
[controller_server-4] [INFO] [1783325183.526415456] [local_costmap.local_costmap]: Configuring
[controller_server-4] [INFO] [1783325183.586716178] [local_costmap.local_costmap]: Using plugin "voxel_layer"
[controller_server-4] [INFO] [1783325183.617071269] [local_costmap.local_costmap]: Subscribed to Topics: scan
[controller_server-4] [INFO] [1783325183.705285455] [local_costmap.local_costmap]: Initialized plugin "voxel_layer"
[controller_server-4] [INFO] [1783325183.705458997] [local_costmap.local_costmap]: Using plugin "inflation_layer"
[controller_server-4] [INFO] [1783325183.723510751] [local_costmap.local_costmap]: Initialized plugin "inflation_layer"
[controller_server-4] [INFO] [1783325183.853099738] [controller_server]: Created progress_checker : progress_checker of type nav2_controller::SimpleProgressChecker
[controller_server-4] [INFO] [1783325183.869981451] [controller_server]: Created goal checker : general_goal_checker of type nav2_controller::SimpleGoalChecker
[controller_server-4] [INFO] [1783325183.881452245] [controller_server]: Controller Server has general_goal_checker  goal checkers available.
[controller_server-4] [INFO] [1783325183.885300079] [controller_server]: Created controller : FollowPath of type nav2_regulated_pure_pursuit_controller::RegulatedPurePursuitController
[controller_server-4] [INFO] [1783325183.990722061] [controller_server]: Controller Server has FollowPath  controllers available.
[lifecycle_manager-3] [INFO] [1783325184.003806189] [lifecycle_manager_localization]: Waiting for service map_server/get_state...
[lifecycle_manager-11] [INFO] [1783325184.083230832] [lifecycle_manager_navigation]: [34m[1mConfiguring smoother_server[0m[0m
[smoother_server-5] [INFO] [1783325184.085581708] [smoother_server]: Configuring smoother server
[smoother_server-5] [INFO] [1783325184.154500890] [smoother_server]: Created smoother : simple_smoother of type nav2_smoother::SimpleSmoother
[smoother_server-5] [INFO] [1783325184.162108225] [smoother_server]: Smoother Server has simple_smoother  smoothers available.
[lifecycle_manager-11] [INFO] [1783325184.204423693] [lifecycle_manager_navigation]: [34m[1mConfiguring planner_server[0m[0m
[planner_server-6] [INFO] [1783325184.205531485] [planner_server]: Configuring
[planner_server-6] [INFO] [1783325184.205709776] [global_costmap.global_costmap]: Configuring
[planner_server-6] [INFO] [1783325184.243688535] [global_costmap.global_costmap]: Using plugin "static_layer"
[planner_server-6] [INFO] [1783325184.263937998] [global_costmap.global_costmap]: Subscribing to the map topic (/map) with transient local durability
[planner_server-6] [INFO] [1783325184.272262666] [global_costmap.global_costmap]: Initialized plugin "static_layer"
[planner_server-6] [INFO] [1783325184.272409125] [global_costmap.global_costmap]: Using plugin "inflation_layer"
[planner_server-6] [INFO] [1783325184.280593793] [global_costmap.global_costmap]: Initialized plugin "inflation_layer"
[planner_server-6] [INFO] [1783325184.351484684] [planner_server]: Created global planner plugin GridBased of type nav2_navfn_planner/NavfnPlanner
[planner_server-6] [INFO] [1783325184.351641809] [planner_server]: Configuring plugin GridBased of type NavfnPlanner
[planner_server-6] [INFO] [1783325184.359426894] [planner_server]: Planner Server has GridBased  planners available.
[lifecycle_manager-11] [INFO] [1783325184.506763302] [lifecycle_manager_navigation]: [34m[1mConfiguring behavior_server[0m[0m
[behavior_server-7] [INFO] [1783325184.508051553] [behavior_server]: Configuring
[behavior_server-7] [INFO] [1783325184.560431523] [behavior_server]: Creating behavior plugin spin of type nav2_behaviors/Spin
[behavior_server-7] [INFO] [1783325184.564098065] [behavior_server]: Configuring spin
[behavior_server-7] [INFO] [1783325184.609464950] [behavior_server]: Creating behavior plugin backup of type nav2_behaviors/BackUp
[behavior_server-7] [INFO] [1783325184.613240326] [behavior_server]: Configuring backup
[behavior_server-7] [INFO] [1783325184.672596006] [behavior_server]: Creating behavior plugin drive_on_heading of type nav2_behaviors/DriveOnHeading
[behavior_server-7] [INFO] [1783325184.676618174] [behavior_server]: Configuring drive_on_heading
[behavior_server-7] [INFO] [1783325184.730494978] [behavior_server]: Creating behavior plugin assisted_teleop of type nav2_behaviors/AssistedTeleop
[behavior_server-7] [INFO] [1783325184.739896688] [behavior_server]: Configuring assisted_teleop
[behavior_server-7] [INFO] [1783325184.803854994] [behavior_server]: Creating behavior plugin wait of type nav2_behaviors/Wait
[behavior_server-7] [INFO] [1783325184.808835079] [behavior_server]: Configuring wait
[lifecycle_manager-11] [INFO] [1783325184.852617922] [lifecycle_manager_navigation]: [34m[1mConfiguring bt_navigator[0m[0m
[bt_navigator-8] [INFO] [1783325184.854062214] [bt_navigator]: Configuring
[lifecycle_manager-3] [INFO] [1783325185.035582088] [lifecycle_manager_localization]: [34m[1mStarting managed nodes bringup...[0m[0m
[lifecycle_manager-3] [INFO] [1783325185.037002338] [lifecycle_manager_localization]: [34m[1mConfiguring map_server[0m[0m
[map_server-1] [INFO] [1783325185.212689878] [map_server]: Configuring
[map_server-1] [INFO] [1783325185.212987420] [map_io]: Loading yaml file: /root/rdk_x5_vln_robot/maps/joy_calibrated_corridor_map.yaml
[map_server-1] [INFO] [1783325185.214013128] [map_io]: resolution: 0.05
[map_server-1] [INFO] [1783325185.214094962] [map_io]: origin[0]: -8.38
[map_server-1] [INFO] [1783325185.214126920] [map_io]: origin[1]: -4.59
[map_server-1] [INFO] [1783325185.214155587] [map_io]: origin[2]: 0
[map_server-1] [INFO] [1783325185.214184212] [map_io]: free_thresh: 0.25
[map_server-1] [INFO] [1783325185.214212337] [map_io]: occupied_thresh: 0.65
[map_server-1] [INFO] [1783325185.214248087] [map_io]: mode: trinary
[map_server-1] [INFO] [1783325185.214278295] [map_io]: negate: 0
[map_server-1] [INFO] [1783325185.215044212] [map_io]: Loading image_file: /root/rdk_x5_vln_robot/maps/joy_calibrated_corridor_map.pgm
[map_server-1] [INFO] [1783325185.278019101] [map_io]: Read map /root/rdk_x5_vln_robot/maps/joy_calibrated_corridor_map.pgm: 223 X 302 map @ 0.05 m/cell
[lifecycle_manager-3] [INFO] [1783325185.340848157] [lifecycle_manager_localization]: [34m[1mConfiguring amcl[0m[0m
[amcl-2] [INFO] [1783325185.343807866] [amcl]: Configuring
[amcl-2] [INFO] [1783325185.344157116] [amcl]: initTransforms
[amcl-2] [INFO] [1783325185.453672890] [amcl]: initPubSub
[amcl-2] [INFO] [1783325185.560631248] [amcl]: Subscribed to map topic.
[lifecycle_manager-3] [INFO] [1783325185.628007805] [lifecycle_manager_localization]: [34m[1mActivating map_server[0m[0m
[map_server-1] [INFO] [1783325185.630791889] [map_server]: Activating
[map_server-1] [INFO] [1783325185.632030639] [map_server]: Creating bond (map_server) to lifecycle manager.
[planner_server-6] [INFO] [1783325185.637385098] [global_costmap.global_costmap]: StaticLayer: Resizing costmap to 223 X 302 at 0.050000 m/pix
[amcl-2] [INFO] [1783325185.639368807] [amcl]: Received a 223 X 302 map @ 0.050 m/pix
[lifecycle_manager-3] [INFO] [1783325185.771516337] [lifecycle_manager_localization]: Server map_server connected with bond.
[lifecycle_manager-3] [INFO] [1783325185.771739379] [lifecycle_manager_localization]: [34m[1mActivating amcl[0m[0m
[amcl-2] [INFO] [1783325185.775808754] [amcl]: Activating
[amcl-2] [INFO] [1783325185.776004213] [amcl]: Creating bond (amcl) to lifecycle manager.
[amcl-2] [INFO] [1783325185.808248137] [amcl]: createLaserObject
[lifecycle_manager-11] [INFO] [1783325185.835705435] [lifecycle_manager_navigation]: [34m[1mConfiguring waypoint_follower[0m[0m
[waypoint_follower-9] [INFO] [1783325185.837965602] [waypoint_follower]: Configuring
[lifecycle_manager-3] [INFO] [1783325185.917184911] [lifecycle_manager_localization]: Server amcl connected with bond.
[lifecycle_manager-3] [INFO] [1783325185.917396495] [lifecycle_manager_localization]: [34m[1mManaged nodes are active[0m[0m
[lifecycle_manager-3] [INFO] [1783325185.917471120] [lifecycle_manager_localization]: [34m[1mCreating bond timer...[0m[0m
[waypoint_follower-9] [INFO] [1783325185.980395759] [waypoint_follower]: Created waypoint_task_executor : wait_at_waypoint of type nav2_waypoint_follower::WaitAtWaypoint
[lifecycle_manager-11] [INFO] [1783325185.987570510] [lifecycle_manager_navigation]: [34m[1mConfiguring velocity_smoother[0m[0m
[velocity_smoother-10] [INFO] [1783325185.989178927] [velocity_smoother]: Configuring velocity smoother
[lifecycle_manager-11] [INFO] [1783325186.026653103] [lifecycle_manager_navigation]: [34m[1mActivating controller_server[0m[0m
[controller_server-4] [INFO] [1783325186.028040395] [controller_server]: Activating
[controller_server-4] [INFO] [1783325186.028507311] [local_costmap.local_costmap]: Activating
[controller_server-4] [INFO] [1783325186.028580520] [local_costmap.local_costmap]: Checking transform
[controller_server-4] [INFO] [1783325186.028945603] [local_costmap.local_costmap]: start
[controller_server-4] [INFO] [1783325186.082334782] [controller_server]: Activating controller: FollowPath of type regulated_pure_pursuit_controller::RegulatedPurePursuitController
[controller_server-4] [INFO] [1783325186.082524615] [controller_server]: Creating bond (controller_server) to lifecycle manager.
[lifecycle_manager-11] [INFO] [1783325186.215207895] [lifecycle_manager_navigation]: Server controller_server connected with bond.
[lifecycle_manager-11] [INFO] [1783325186.215366687] [lifecycle_manager_navigation]: [34m[1mActivating smoother_server[0m[0m
[smoother_server-5] [INFO] [1783325186.216652312] [smoother_server]: Activating
[smoother_server-5] [INFO] [1783325186.216834020] [smoother_server]: Creating bond (smoother_server) to lifecycle manager.
[lifecycle_manager-11] [INFO] [1783325186.332987046] [lifecycle_manager_navigation]: Server smoother_server connected with bond.
[lifecycle_manager-11] [INFO] [1783325186.333148213] [lifecycle_manager_navigation]: [34m[1mActivating planner_server[0m[0m
[planner_server-6] [INFO] [1783325186.334350838] [planner_server]: Activating
[planner_server-6] [INFO] [1783325186.334536005] [global_costmap.global_costmap]: Activating
[planner_server-6] [INFO] [1783325186.334602922] [global_costmap.global_costmap]: Checking transform
[planner_server-6] [INFO] [1783325186.334733463] [global_costmap.global_costmap]: Timed out waiting for transform from base_link to map to become available, tf error: Invalid frame ID "map" passed to canTransform argument target_frame - frame does not exist
[planner_server-6] [INFO] [1783325186.834779492] [global_costmap.global_costmap]: Timed out waiting for transform from base_link to map to become available, tf error: Invalid frame ID "map" passed to canTransform argument target_frame - frame does not exist
[planner_server-6] [INFO] [1783325187.335460479] [global_costmap.global_costmap]: Timed out waiting for transform from base_link to map to become available, tf error: Invalid frame ID "map" passed to canTransform argument target_frame - frame does not exist
[amcl-2] [WARN] [1783325187.386284657] [amcl]: AMCL cannot publish a pose or update the transform. Please set the initial pose...
[amcl-2] [INFO] [1783325187.625280461] [amcl]: Message Filter dropping message: frame 'laser' at time 1783325185.383 for reason 'the timestamp on the message is earlier than all the data in the transform cache'
[planner_server-6] [INFO] [1783325187.834787258] [global_costmap.global_costmap]: Timed out waiting for transform from base_link to map to become available, tf error: Invalid frame ID "map" passed to canTransform argument target_frame - frame does not exist
[planner_server-6] [INFO] [1783325188.334769745] [global_costmap.global_costmap]: Timed out waiting for transform from base_link to map to become available, tf error: Invalid frame ID "map" passed to canTransform argument target_frame - frame does not exist
[planner_server-6] [INFO] [1783325188.834773398] [global_costmap.global_costmap]: Timed out waiting for transform from base_link to map to become available, tf error: Invalid frame ID "map" passed to canTransform argument target_frame - frame does not exist
[planner_server-6] [INFO] [1783325189.334781135] [global_costmap.global_costmap]: Timed out waiting for transform from base_link to map to become available, tf error: Invalid frame ID "map" passed to canTransform argument target_frame - frame does not exist
[amcl-2] [WARN] [1783325189.481720209] [amcl]: AMCL cannot publish a pose or update the transform. Please set the initial pose...
[planner_server-6] [INFO] [1783325189.834768955] [global_costmap.global_costmap]: Timed out waiting for transform from base_link to map to become available, tf error: Invalid frame ID "map" passed to canTransform argument target_frame - frame does not exist
[planner_server-6] [INFO] [1783325190.334778400] [global_costmap.global_costmap]: Timed out waiting for transform from base_link to map to become available, tf error: Invalid frame ID "map" passed to canTransform argument target_frame - frame does not exist
[planner_server-6] [INFO] [1783325190.834772928] [global_costmap.global_costmap]: Timed out waiting for transform from base_link to map to become available, tf error: Invalid frame ID "map" passed to canTransform argument target_frame - frame does not exist
[planner_server-6] [INFO] [1783325191.334767289] [global_costmap.global_costmap]: Timed out waiting for transform from base_link to map to become available, tf error: Invalid frame ID "map" passed to canTransform argument target_frame - frame does not exist
[amcl-2] [WARN] [1783325191.580082760] [amcl]: AMCL cannot publish a pose or update the transform. Please set the initial pose...
[planner_server-6] [INFO] [1783325191.834770983] [global_costmap.global_costmap]: Timed out waiting for transform from base_link to map to become available, tf error: Invalid frame ID "map" passed to canTransform argument target_frame - frame does not exist
[planner_server-6] [INFO] [1783325192.334777469] [global_costmap.global_costmap]: Timed out waiting for transform from base_link to map to become available, tf error: Invalid frame ID "map" passed to canTransform argument target_frame - frame does not exist
[planner_server-6] [INFO] [1783325192.834754539] [global_costmap.global_costmap]: Timed out waiting for transform from base_link to map to become available, tf error: Invalid frame ID "map" passed to canTransform argument target_frame - frame does not exist
[planner_server-6] [INFO] [1783325193.334773233] [global_costmap.global_costmap]: Timed out waiting for transform from base_link to map to become available, tf error: Invalid frame ID "map" passed to canTransform argument target_frame - frame does not exist
[amcl-2] [WARN] [1783325193.679196393] [amcl]: AMCL cannot publish a pose or update the transform. Please set the initial pose...
[planner_server-6] [INFO] [1783325193.835127427] [global_costmap.global_costmap]: Timed out waiting for transform from base_link to map to become available, tf error: Invalid frame ID "map" passed to canTransform argument target_frame - frame does not exist
[planner_server-6] [INFO] [1783325194.335031913] [global_costmap.global_costmap]: Timed out waiting for transform from base_link to map to become available, tf error: Invalid frame ID "map" passed to canTransform argument target_frame - frame does not exist
[planner_server-6] [INFO] [1783325194.834769148] [global_costmap.global_costmap]: Timed out waiting for transform from base_link to map to become available, tf error: Invalid frame ID "map" passed to canTransform argument target_frame - frame does not exist
[planner_server-6] [INFO] [1783325195.334767801] [global_costmap.global_costmap]: Timed out waiting for transform from base_link to map to become available, tf error: Invalid frame ID "map" passed to canTransform argument target_frame - frame does not exist
[amcl-2] [WARN] [1783325195.680620627] [amcl]: AMCL cannot publish a pose or update the transform. Please set the initial pose...
[planner_server-6] [INFO] [1783325195.834771119] [global_costmap.global_costmap]: Timed out waiting for transform from base_link to map to become available, tf error: Invalid frame ID "map" passed to canTransform argument target_frame - frame does not exist
[planner_server-6] [INFO] [1783325196.334768729] [global_costmap.global_costmap]: Timed out waiting for transform from base_link to map to become available, tf error: Invalid frame ID "map" passed to canTransform argument target_frame - frame does not exist
[planner_server-6] [INFO] [1783325196.834776215] [global_costmap.global_costmap]: Timed out waiting for transform from base_link to map to become available, tf error: Invalid frame ID "map" passed to canTransform argument target_frame - frame does not exist
[planner_server-6] [INFO] [1783325197.334775950] [global_costmap.global_costmap]: Timed out waiting for transform from base_link to map to become available, tf error: Invalid frame ID "map" passed to canTransform argument target_frame - frame does not exist
[amcl-2] [WARN] [1783325197.780011464] [amcl]: AMCL cannot publish a pose or update the transform. Please set the initial pose...
[planner_server-6] [INFO] [1783325197.834804851] [global_costmap.global_costmap]: Timed out waiting for transform from base_link to map to become available, tf error: Invalid frame ID "map" passed to canTransform argument target_frame - frame does not exist
[planner_server-6] [INFO] [1783325198.334765545] [global_costmap.global_costmap]: Timed out waiting for transform from base_link to map to become available, tf error: Invalid frame ID "map" passed to canTransform argument target_frame - frame does not exist
[planner_server-6] [INFO] [1783325198.834842321] [global_costmap.global_costmap]: Timed out waiting for transform from base_link to map to become available, tf error: Invalid frame ID "map" passed to canTransform argument target_frame - frame does not exist
[planner_server-6] [INFO] [1783325199.334792139] [global_costmap.global_costmap]: Timed out waiting for transform from base_link to map to become available, tf error: Invalid frame ID "map" passed to canTransform argument target_frame - frame does not exist
[planner_server-6] [INFO] [1783325199.834796415] [global_costmap.global_costmap]: Timed out waiting for transform from base_link to map to become available, tf error: Invalid frame ID "map" passed to canTransform argument target_frame - frame does not exist
[amcl-2] [WARN] [1783325199.875461341] [amcl]: AMCL cannot publish a pose or update the transform. Please set the initial pose...
[planner_server-6] [INFO] [1783325200.334791608] [global_costmap.global_costmap]: Timed out waiting for transform from base_link to map to become available, tf error: Invalid frame ID "map" passed to canTransform argument target_frame - frame does not exist
[planner_server-6] [INFO] [1783325200.834763926] [global_costmap.global_costmap]: Timed out waiting for transform from base_link to map to become available, tf error: Invalid frame ID "map" passed to canTransform argument target_frame - frame does not exist
[planner_server-6] [INFO] [1783325201.334763577] [global_costmap.global_costmap]: Timed out waiting for transform from base_link to map to become available, tf error: Invalid frame ID "map" passed to canTransform argument target_frame - frame does not exist
[planner_server-6] [INFO] [1783325201.834766686] [global_costmap.global_costmap]: Timed out waiting for transform from base_link to map to become available, tf error: Invalid frame ID "map" passed to canTransform argument target_frame - frame does not exist
[amcl-2] [WARN] [1783325201.973132341] [amcl]: AMCL cannot publish a pose or update the transform. Please set the initial pose...
[planner_server-6] [INFO] [1783325202.334765378] [global_costmap.global_costmap]: Timed out waiting for transform from base_link to map to become available, tf error: Invalid frame ID "map" passed to canTransform argument target_frame - frame does not exist
[planner_server-6] [INFO] [1783325202.834773112] [global_costmap.global_costmap]: Timed out waiting for transform from base_link to map to become available, tf error: Invalid frame ID "map" passed to canTransform argument target_frame - frame does not exist
[planner_server-6] [INFO] [1783325203.335097805] [global_costmap.global_costmap]: Timed out waiting for transform from base_link to map to become available, tf error: Invalid frame ID "map" passed to canTransform argument target_frame - frame does not exist
[planner_server-6] [INFO] [1783325203.834758663] [global_costmap.global_costmap]: Timed out waiting for transform from base_link to map to become available, tf error: Invalid frame ID "map" passed to canTransform argument target_frame - frame does not exist
[amcl-2] [WARN] [1783325203.973796444] [amcl]: AMCL cannot publish a pose or update the transform. Please set the initial pose...
[planner_server-6] [INFO] [1783325204.334767272] [global_costmap.global_costmap]: Timed out waiting for transform from base_link to map to become available, tf error: Invalid frame ID "map" passed to canTransform argument target_frame - frame does not exist
[planner_server-6] [INFO] [1783325204.834784547] [global_costmap.global_costmap]: Timed out waiting for transform from base_link to map to become available, tf error: Invalid frame ID "map" passed to canTransform argument target_frame - frame does not exist
[planner_server-6] [INFO] [1783325205.334762114] [global_costmap.global_costmap]: Timed out waiting for transform from base_link to map to become available, tf error: Invalid frame ID "map" passed to canTransform argument target_frame - frame does not exist
[amcl-2] [INFO] [1783325205.342632741] [amcl]: initialPoseReceived
[amcl-2] [WARN] [1783325205.343006658] [amcl]: Failed to transform initial pose in time (Lookup would require extrapolation into the future.  Requested time 1783325205.342792 but the latest data is at time 1783325205.336641, when looking up transform from frame [base_link] to frame [odom])
[amcl-2] [INFO] [1783325205.343103116] [amcl]: Setting pose (1783325205.343098): -4.266 2.991 0.256
[planner_server-6] [INFO] [1783325205.835046181] [global_costmap.global_costmap]: Timed out waiting for transform from base_link to map to become available, tf error: Lookup would require extrapolation into the past.  Requested time 1783325205.802971 but the earliest data is at time 1783325207.263786, when looking up transform from frame [base_link] to frame [map]
[planner_server-6] [INFO] [1783325206.334840331] [global_costmap.global_costmap]: Timed out waiting for transform from base_link to map to become available, tf error: Lookup would require extrapolation into the past.  Requested time 1783325206.302819 but the earliest data is at time 1783325207.263786, when looking up transform from frame [base_link] to frame [map]
[planner_server-6] [INFO] [1783325206.835004689] [global_costmap.global_costmap]: Timed out waiting for transform from base_link to map to become available, tf error: Lookup would require extrapolation into the past.  Requested time 1783325206.804618 but the earliest data is at time 1783325207.263786, when looking up transform from frame [base_link] to frame [map]
[planner_server-6] [INFO] [1783325207.335138964] [global_costmap.global_costmap]: start
[planner_server-6] [INFO] [1783325208.385676107] [planner_server]: Activating plugin GridBased of type NavfnPlanner
[planner_server-6] [INFO] [1783325208.393000442] [planner_server]: Creating bond (planner_server) to lifecycle manager.
[lifecycle_manager-11] [INFO] [1783325208.514880218] [lifecycle_manager_navigation]: Server planner_server connected with bond.
[lifecycle_manager-11] [INFO] [1783325208.515094010] [lifecycle_manager_navigation]: [34m[1mActivating behavior_server[0m[0m
[behavior_server-7] [INFO] [1783325208.516433677] [behavior_server]: Activating
[behavior_server-7] [INFO] [1783325208.516562927] [behavior_server]: Activating spin
[behavior_server-7] [INFO] [1783325208.516620135] [behavior_server]: Activating backup
[behavior_server-7] [INFO] [1783325208.516664260] [behavior_server]: Activating drive_on_heading
[behavior_server-7] [INFO] [1783325208.516708677] [behavior_server]: Activating assisted_teleop
[behavior_server-7] [INFO] [1783325208.516751135] [behavior_server]: Activating wait
[behavior_server-7] [INFO] [1783325208.516809886] [behavior_server]: Creating bond (behavior_server) to lifecycle manager.
[amcl-2] [INFO] [1783325208.550872601] [amcl]: initialPoseReceived
[amcl-2] [WARN] [1783325208.551243393] [amcl]: Failed to transform initial pose in time (Lookup would require extrapolation into the future.  Requested time 1783325208.551076 but the latest data is at time 1783325208.536631, when looking up transform from frame [base_link] to frame [odom])
[amcl-2] [INFO] [1783325208.551801226] [amcl]: Setting pose (1783325208.551796): -4.266 2.991 0.256
[lifecycle_manager-11] [INFO] [1783325208.642890913] [lifecycle_manager_navigation]: Server behavior_server connected with bond.
[lifecycle_manager-11] [INFO] [1783325208.643164454] [lifecycle_manager_navigation]: [34m[1mActivating bt_navigator[0m[0m
[bt_navigator-8] [INFO] [1783325208.644817746] [bt_navigator]: Activating
[bt_navigator-8] [WARN] [1783325209.089285717] [bt_navigator_navigate_to_pose_rclcpp_node]: Wait duration is negative or zero (0). Setting to positive.
[bt_navigator-8] [INFO] [1783325209.094120427] [bt_navigator]: Creating bond (bt_navigator) to lifecycle manager.
[lifecycle_manager-11] [INFO] [1783325209.214783786] [lifecycle_manager_navigation]: Server bt_navigator connected with bond.
[lifecycle_manager-11] [INFO] [1783325209.214952536] [lifecycle_manager_navigation]: [34m[1mActivating waypoint_follower[0m[0m
[waypoint_follower-9] [INFO] [1783325209.216193620] [waypoint_follower]: Activating
[waypoint_follower-9] [INFO] [1783325209.216360161] [waypoint_follower]: Creating bond (waypoint_follower) to lifecycle manager.
[lifecycle_manager-11] [INFO] [1783325209.340896688] [lifecycle_manager_navigation]: Server waypoint_follower connected with bond.
[lifecycle_manager-11] [INFO] [1783325209.341063063] [lifecycle_manager_navigation]: [34m[1mActivating velocity_smoother[0m[0m
[velocity_smoother-10] [INFO] [1783325209.342442980] [velocity_smoother]: Activating
[velocity_smoother-10] [INFO] [1783325209.342700438] [velocity_smoother]: Creating bond (velocity_smoother) to lifecycle manager.
[lifecycle_manager-11] [INFO] [1783325209.463059339] [lifecycle_manager_navigation]: Server velocity_smoother connected with bond.
[lifecycle_manager-11] [INFO] [1783325209.463233589] [lifecycle_manager_navigation]: [34m[1mManaged nodes are active[0m[0m
[lifecycle_manager-11] [INFO] [1783325209.463293673] [lifecycle_manager_navigation]: [34m[1mCreating bond timer...[0m[0m
[planner_server-6] [WARN] [1783325398.051503713] [planner_server]: No planners specified in action call. Server will use only plugin GridBased  in server. This warning will appear once.
[bt_navigator-8] [INFO] [1783325398.276554288] [bt_navigator]: Begin navigating from current location (-4.28, 3.00) to (1.11, 1.92)
[smoother_server-5] [INFO] [1783325398.320925919] [smoother_server]: Received a path to smooth.
[controller_server-4] [INFO] [1783325398.380318095] [controller_server]: Received a goal, begin computing control effort.
[controller_server-4] [WARN] [1783325398.380906303] [controller_server]: No goal checker was specified in parameter 'current_goal_checker'. Server will use only plugin loaded general_goal_checker . This warning will appear once.
[smoother_server-5] [INFO] [1783325448.438491689] [smoother_server]: Received a path to smooth.
[controller_server-4] [WARN] [1783325448.478397194] [controller_server]: [follow_path] [ActionServer] Aborting handle.
[controller_server-4] [INFO] [1783325448.506251781] [controller_server]: Passing new path to controller.
[controller_server-4] [INFO] [1783325482.007290381] [controller_server]: Reached the goal!
[bt_navigator-8] [INFO] [1783325482.077990139] [bt_navigator]: Goal succeeded
[velocity_smoother-10] [INFO] [1783325497.905583141] [rclcpp]: signal_handler(signum=2)
[velocity_smoother-10] [INFO] [1783325497.905914641] [velocity_smoother]: Running Nav2 LifecycleNode rcl preshutdown (velocity_smoother)
[velocity_smoother-10] [INFO] [1783325497.906185016] [velocity_smoother]: Deactivating
[velocity_smoother-10] [INFO] [1783325497.906276808] [velocity_smoother]: Destroying bond (velocity_smoother) to lifecycle manager.
[waypoint_follower-9] [INFO] [1783325497.905588558] [rclcpp]: signal_handler(signum=2)
[amcl-2] [INFO] [1783325497.905634308] [rclcpp]: signal_handler(signum=2)
[lifecycle_manager-3] [INFO] [1783325497.905718516] [rclcpp]: signal_handler(signum=2)
[bt_navigator-8] [INFO] [1783325497.905780975] [rclcpp]: signal_handler(signum=2)
[lifecycle_manager-11] [INFO] [1783325497.906206808] [rclcpp]: signal_handler(signum=2)
[lifecycle_manager-3] [INFO] [1783325497.906820266] [lifecycle_manager_localization]: Running Nav2 LifecycleManager rcl preshutdown (lifecycle_manager_localization)
[lifecycle_manager-3] [INFO] [1783325497.906983725] [lifecycle_manager_localization]: [34m[1mTerminating bond timer...[0m[0m
[smoother_server-5] [INFO] [1783325497.906384516] [rclcpp]: signal_handler(signum=2)
[smoother_server-5] [INFO] [1783325497.906911558] [smoother_server]: Running Nav2 LifecycleNode rcl preshutdown (smoother_server)
[smoother_server-5] [INFO] [1783325497.907143183] [smoother_server]: Deactivating
[smoother_server-5] [INFO] [1783325497.907235475] [smoother_server]: Destroying bond (smoother_server) to lifecycle manager.
[amcl-2] [INFO] [1783325497.906995100] [amcl]: Running Nav2 LifecycleNode rcl preshutdown (amcl)
[amcl-2] [INFO] [1783325497.907221183] [amcl]: Deactivating
[amcl-2] [INFO] [1783325497.907299350] [amcl]: Destroying bond (amcl) to lifecycle manager.
[waypoint_follower-9] [INFO] [1783325497.907303266] [waypoint_follower]: Running Nav2 LifecycleNode rcl preshutdown (waypoint_follower)
[waypoint_follower-9] [INFO] [1783325497.907550433] [waypoint_follower]: Deactivating
[waypoint_follower-9] [INFO] [1783325497.907656266] [waypoint_follower]: Destroying bond (waypoint_follower) to lifecycle manager.
[waypoint_follower-9] [INFO] [1783325497.938431103] [waypoint_follower]: Cleaning up
[bt_navigator-8] [INFO] [1783325497.909695183] [bt_navigator]: Running Nav2 LifecycleNode rcl preshutdown (bt_navigator)
[bt_navigator-8] [INFO] [1783325497.910067225] [bt_navigator]: Deactivating
[bt_navigator-8] [INFO] [1783325497.910229558] [bt_navigator]: Destroying bond (bt_navigator) to lifecycle manager.
[map_server-1] [INFO] [1783325497.910053725] [rclcpp]: signal_handler(signum=2)
[map_server-1] [INFO] [1783325497.914866684] [map_server]: Running Nav2 LifecycleNode rcl preshutdown (map_server)
[map_server-1] [INFO] [1783325497.915169809] [map_server]: Deactivating
[map_server-1] [INFO] [1783325497.915260976] [map_server]: Destroying bond (map_server) to lifecycle manager.
[lifecycle_manager-11] [INFO] [1783325497.911306725] [lifecycle_manager_navigation]: Running Nav2 LifecycleManager rcl preshutdown (lifecycle_manager_navigation)
[lifecycle_manager-11] [INFO] [1783325497.911501267] [lifecycle_manager_navigation]: [34m[1mTerminating bond timer...[0m[0m
[behavior_server-7] [INFO] [1783325497.905712850] [rclcpp]: signal_handler(signum=2)
[behavior_server-7] [INFO] [1783325497.912369517] [behavior_server]: Running Nav2 LifecycleNode rcl preshutdown (behavior_server)
[behavior_server-7] [INFO] [1783325497.912634975] [behavior_server]: Deactivating
[behavior_server-7] [INFO] [1783325497.912742392] [behavior_server]: Destroying bond (behavior_server) to lifecycle manager.
[planner_server-6] [INFO] [1783325497.912360767] [rclcpp]: signal_handler(signum=2)
[planner_server-6] [INFO] [1783325497.913442392] [planner_server]: Running Nav2 LifecycleNode rcl preshutdown (planner_server)
[planner_server-6] [INFO] [1783325497.930542061] [planner_server]: Deactivating
[planner_server-6] [INFO] [1783325497.930727936] [global_costmap.global_costmap]: Deactivating
[controller_server-4] [INFO] [1783325497.926046644] [rclcpp]: signal_handler(signum=2)
[controller_server-4] [INFO] [1783325497.926298310] [controller_server]: Running Nav2 LifecycleNode rcl preshutdown (controller_server)
[controller_server-4] [INFO] [1783325497.926595185] [controller_server]: Deactivating
[controller_server-4] [INFO] [1783325497.926699727] [controller_server]: Deactivating controller: FollowPath of type regulated_pure_pursuit_controller::RegulatedPurePursuitController
[controller_server-4] [INFO] [1783325497.926846935] [local_costmap.local_costmap]: Deactivating
[velocity_smoother-10] [INFO] [1783325497.944180854] [velocity_smoother]: Cleaning up
[velocity_smoother-10] [INFO] [1783325497.944392646] [velocity_smoother]: Destroying bond (velocity_smoother) to lifecycle manager.
[map_server-1] [INFO] [1783325497.948082146] [map_server]: Cleaning up
[map_server-1] [INFO] [1783325497.948279938] [map_server]: Destroying bond (map_server) to lifecycle manager.
[amcl-2] [INFO] [1783325497.988276193] [amcl]: Cleaning up
[velocity_smoother-10] [INFO] [1783325497.996838194] [velocity_smoother]: Destroying
[smoother_server-5] [INFO] [1783325498.008037695] [smoother_server]: Cleaning up
[behavior_server-7] [INFO] [1783325498.018664404] [behavior_server]: Cleaning up
[waypoint_follower-9] [INFO] [1783325498.021334113] [waypoint_follower]: Destroying bond (waypoint_follower) to lifecycle manager.
[bt_navigator-8] [INFO] [1783325498.028392322] [bt_navigator]: Cleaning up
[controller_server-4] [INFO] [1783325498.036740698] [controller_server]: Destroying bond (controller_server) to lifecycle manager.
[waypoint_follower-9] [INFO] [1783325498.060458159] [waypoint_follower]: Destroying
[map_server-1] [INFO] [1783325498.077443286] [map_server]: Destroying
[lifecycle_manager-3] [INFO] [1783325498.112833499] [lifecycle_manager_localization]: Destroying lifecycle_manager_localization
[controller_server-4] [INFO] [1783325498.137822710] [controller_server]: Cleaning up
[controller_server-4] [INFO] [1783325498.137948793] [controller_server]: Cleaning up controller: FollowPath of type regulated_pure_pursuit_controller::RegulatedPurePursuitController
[controller_server-4] [INFO] [1783325498.138126252] [local_costmap.local_costmap]: Cleaning up
[smoother_server-5] [INFO] [1783325498.161123379] [smoother_server]: Destroying bond (smoother_server) to lifecycle manager.
[smoother_server-5] [INFO] [1783325498.218538886] [smoother_server]: Destroying
[behavior_server-7] [INFO] [1783325498.316296314] [behavior_server]: Destroying bond (behavior_server) to lifecycle manager.
[planner_server-6] [INFO] [1783325498.335512066] [planner_server]: Deactivating plugin GridBased of type NavfnPlanner
[planner_server-6] [INFO] [1783325498.335704816] [planner_server]: Destroying bond (planner_server) to lifecycle manager.
[planner_server-6] [INFO] [1783325498.436597078] [planner_server]: Cleaning up
[INFO] [velocity_smoother-10]: process has finished cleanly [pid 60915]
[INFO] [lifecycle_manager-3]: process has finished cleanly [pid 60881]
[lifecycle_manager-11] [INFO] [1783325498.569880968] [lifecycle_manager_navigation]: Destroying lifecycle_manager_navigation
[planner_server-6] [INFO] [1783325498.594786055] [global_costmap.global_costmap]: Cleaning up
[controller_server-4] [INFO] [1783325498.600643639] [controller_server]: Destroying bond (controller_server) to lifecycle manager.
[amcl-2] [INFO] [1783325498.614353807] [amcl]: Destroying bond (amcl) to lifecycle manager.
[controller_server-4] [INFO] [1783325498.626151850] [local_costmap.local_costmap]: Destroying
[amcl-2] [INFO] [1783325498.651084644] [amcl]: Destroying
[INFO] [waypoint_follower-9]: process has finished cleanly [pid 60894]
[planner_server-6] [INFO] [1783325498.695329191] [planner_server]: Cleaning up plugin GridBased of type NavfnPlanner
[planner_server-6] [INFO] [1783325498.696375025] [planner_server]: Destroying plugin GridBased of type NavfnPlanner
[INFO] [map_server-1]: process has finished cleanly [pid 60877]
[INFO] [smoother_server-5]: process has finished cleanly [pid 60885]
[planner_server-6] [INFO] [1783325498.777509367] [planner_server]: Destroying bond (planner_server) to lifecycle manager.
[planner_server-6] [INFO] [1783325498.789560577] [global_costmap.global_costmap]: Destroying
[behavior_server-7] [INFO] [1783325498.817979539] [behavior_server]: Destroying
[controller_server-4] [INFO] [1783325498.870871670] [controller_server]: Destroying
[INFO] [lifecycle_manager-11]: process has finished cleanly [pid 60930]
[planner_server-6] [INFO] [1783325498.957451597] [planner_server]: Destroying
[INFO] [amcl-2]: process has finished cleanly [pid 60879]
[INFO] [behavior_server-7]: process has finished cleanly [pid 60889]
[INFO] [controller_server-4]: process has finished cleanly [pid 60883]
[bt_navigator-8] [INFO] [1783325499.247125297] [bt_navigator]: Completed Cleaning up
[bt_navigator-8] [INFO] [1783325499.247786214] [bt_navigator]: Destroying bond (bt_navigator) to lifecycle manager.
[INFO] [planner_server-6]: process has finished cleanly [pid 60887]
[bt_navigator-8] [INFO] [1783325499.295334469] [bt_navigator]: Destroying
[INFO] [bt_navigator-8]: process has finished cleanly [pid 60891]
