[INFO] [1783325157.009274914] [simple_scan_filter]: filter /scan -> /scan_filtered, keep=[0.22, 4.00], isolated_window=2, isolated_delta=0.25, min_support_neighbors=1
[INFO] [1783325170.599277881] [simple_scan_filter]: scan stats: n=404, zeros=169, nan=0, inf=0, finite_raw=235, finite_out=152, removed_isolated=13
[INFO] [1783325175.595437238] [simple_scan_filter]: scan stats: n=404, zeros=159, nan=0, inf=0, finite_raw=245, finite_out=162, removed_isolated=13
[INFO] [1783325180.591603751] [simple_scan_filter]: scan stats: n=404, zeros=164, nan=0, inf=0, finite_raw=240, finite_out=152, removed_isolated=15
[INFO] [1783325185.597848464] [simple_scan_filter]: scan stats: n=404, zeros=168, nan=0, inf=0, finite_raw=236, finite_out=157, removed_isolated=10
[INFO] [1783325190.583922372] [simple_scan_filter]: scan stats: n=404, zeros=178, nan=0, inf=0, finite_raw=226, finite_out=148, removed_isolated=8
[INFO] [1783325195.684089628] [simple_scan_filter]: scan stats: n=404, zeros=170, nan=0, inf=0, finite_raw=234, finite_out=151, removed_isolated=10
[INFO] [1783325200.677523600] [simple_scan_filter]: scan stats: n=404, zeros=176, nan=0, inf=0, finite_raw=228, finite_out=144, removed_isolated=10
[INFO] [1783325205.674161188] [simple_scan_filter]: scan stats: n=404, zeros=178, nan=0, inf=0, finite_raw=226, finite_out=149, removed_isolated=9
[INFO] [1783325210.670618724] [simple_scan_filter]: scan stats: n=404, zeros=173, nan=0, inf=0, finite_raw=231, finite_out=151, removed_isolated=11
[INFO] [1783325215.668689959] [simple_scan_filter]: scan stats: n=404, zeros=166, nan=0, inf=0, finite_raw=238, finite_out=156, removed_isolated=10
[INFO] [1783325220.668795352] [simple_scan_filter]: scan stats: n=404, zeros=177, nan=0, inf=0, finite_raw=227, finite_out=147, removed_isolated=9
[INFO] [1783325225.658366566] [simple_scan_filter]: scan stats: n=404, zeros=169, nan=0, inf=0, finite_raw=235, finite_out=145, removed_isolated=17
[INFO] [1783325230.654674938] [simple_scan_filter]: scan stats: n=404, zeros=163, nan=0, inf=0, finite_raw=241, finite_out=155, removed_isolated=14
[INFO] [1783325235.651308342] [simple_scan_filter]: scan stats: n=404, zeros=173, nan=0, inf=0, finite_raw=231, finite_out=145, removed_isolated=14
[INFO] [1783325240.647284279] [simple_scan_filter]: scan stats: n=404, zeros=162, nan=0, inf=0, finite_raw=242, finite_out=159, removed_isolated=12
[INFO] [1783325245.643031872] [simple_scan_filter]: scan stats: n=404, zeros=173, nan=0, inf=0, finite_raw=231, finite_out=154, removed_isolated=7
[INFO] [1783325250.643778332] [simple_scan_filter]: scan stats: n=404, zeros=159, nan=0, inf=0, finite_raw=245, finite_out=158, removed_isolated=12
[INFO] [1783325255.641962865] [simple_scan_filter]: scan stats: n=404, zeros=171, nan=0, inf=0, finite_raw=233, finite_out=153, removed_isolated=12
[INFO] [1783325260.636869513] [simple_scan_filter]: scan stats: n=404, zeros=175, nan=0, inf=0, finite_raw=229, finite_out=155, removed_isolated=11
[INFO] [1783325265.640716404] [simple_scan_filter]: scan stats: n=404, zeros=161, nan=0, inf=0, finite_raw=243, finite_out=163, removed_isolated=12
[INFO] [1783325270.644719660] [simple_scan_filter]: scan stats: n=404, zeros=177, nan=0, inf=0, finite_raw=227, finite_out=149, removed_isolated=14
[INFO] [1783325275.644454573] [simple_scan_filter]: scan stats: n=404, zeros=164, nan=0, inf=0, finite_raw=240, finite_out=150, removed_isolated=15
[INFO] [1783325280.676947067] [simple_scan_filter]: scan stats: n=404, zeros=164, nan=0, inf=0, finite_raw=240, finite_out=154, removed_isolated=13
[INFO] [1783325285.634371120] [simple_scan_filter]: scan stats: n=404, zeros=168, nan=0, inf=0, finite_raw=236, finite_out=148, removed_isolated=9
[INFO] [1783325290.617552002] [simple_scan_filter]: scan stats: n=404, zeros=167, nan=0, inf=0, finite_raw=237, finite_out=152, removed_isolated=9
[INFO] [1783325295.617825337] [simple_scan_filter]: scan stats: n=404, zeros=162, nan=0, inf=0, finite_raw=242, finite_out=159, removed_isolated=11
[INFO] [1783325300.611708370] [simple_scan_filter]: scan stats: n=404, zeros=166, nan=0, inf=0, finite_raw=238, finite_out=154, removed_isolated=12
[INFO] [1783325305.616016437] [simple_scan_filter]: scan stats: n=404, zeros=170, nan=0, inf=0, finite_raw=234, finite_out=155, removed_isolated=10
[INFO] [1783325310.606144868] [simple_scan_filter]: scan stats: n=404, zeros=150, nan=0, inf=0, finite_raw=254, finite_out=168, removed_isolated=10
[INFO] [1783325315.603323333] [simple_scan_filter]: scan stats: n=404, zeros=166, nan=0, inf=0, finite_raw=238, finite_out=161, removed_isolated=7
[INFO] [1783325320.598467288] [simple_scan_filter]: scan stats: n=404, zeros=148, nan=0, inf=0, finite_raw=256, finite_out=179, removed_isolated=9
[INFO] [1783325325.598939403] [simple_scan_filter]: scan stats: n=404, zeros=151, nan=0, inf=0, finite_raw=253, finite_out=172, removed_isolated=10
[INFO] [1783325330.592737966] [simple_scan_filter]: scan stats: n=404, zeros=162, nan=0, inf=0, finite_raw=242, finite_out=161, removed_isolated=7
[INFO] [1783325335.590928146] [simple_scan_filter]: scan stats: n=404, zeros=161, nan=0, inf=0, finite_raw=243, finite_out=166, removed_isolated=11
[INFO] [1783325340.588337317] [simple_scan_filter]: scan stats: n=404, zeros=171, nan=0, inf=0, finite_raw=233, finite_out=158, removed_isolated=7
[INFO] [1783325345.585088437] [simple_scan_filter]: scan stats: n=404, zeros=155, nan=0, inf=0, finite_raw=249, finite_out=167, removed_isolated=10
[INFO] [1783325350.578742716] [simple_scan_filter]: scan stats: n=404, zeros=151, nan=0, inf=0, finite_raw=253, finite_out=174, removed_isolated=11
[INFO] [1783325355.575274777] [simple_scan_filter]: scan stats: n=404, zeros=152, nan=0, inf=0, finite_raw=252, finite_out=170, removed_isolated=7
[INFO] [1783325360.573257956] [simple_scan_filter]: scan stats: n=404, zeros=155, nan=0, inf=0, finite_raw=249, finite_out=166, removed_isolated=8
[INFO] [1783325365.567312833] [simple_scan_filter]: scan stats: n=404, zeros=157, nan=0, inf=0, finite_raw=247, finite_out=170, removed_isolated=7
[INFO] [1783325370.569479246] [simple_scan_filter]: scan stats: n=404, zeros=160, nan=0, inf=0, finite_raw=244, finite_out=167, removed_isolated=7
[INFO] [1783325375.564464982] [simple_scan_filter]: scan stats: n=404, zeros=154, nan=0, inf=0, finite_raw=250, finite_out=172, removed_isolated=9
[INFO] [1783325380.558337417] [simple_scan_filter]: scan stats: n=404, zeros=158, nan=0, inf=0, finite_raw=246, finite_out=168, removed_isolated=11
[INFO] [1783325385.554957887] [simple_scan_filter]: scan stats: n=404, zeros=159, nan=0, inf=0, finite_raw=245, finite_out=171, removed_isolated=11
[INFO] [1783325390.550631556] [simple_scan_filter]: scan stats: n=404, zeros=158, nan=0, inf=0, finite_raw=246, finite_out=171, removed_isolated=6
[INFO] [1783325395.547911301] [simple_scan_filter]: scan stats: n=404, zeros=167, nan=0, inf=0, finite_raw=237, finite_out=162, removed_isolated=6
[INFO] [1783325400.549104038] [simple_scan_filter]: scan stats: n=404, zeros=148, nan=0, inf=0, finite_raw=256, finite_out=173, removed_isolated=7
[INFO] [1783325405.542360349] [simple_scan_filter]: scan stats: n=404, zeros=164, nan=0, inf=0, finite_raw=240, finite_out=159, removed_isolated=6
[INFO] [1783325410.541794987] [simple_scan_filter]: scan stats: n=404, zeros=130, nan=0, inf=0, finite_raw=274, finite_out=194, removed_isolated=6
[INFO] [1783325415.537979532] [simple_scan_filter]: scan stats: n=404, zeros=126, nan=0, inf=0, finite_raw=278, finite_out=206, removed_isolated=4
[INFO] [1783325420.544354196] [simple_scan_filter]: scan stats: n=404, zeros=131, nan=0, inf=0, finite_raw=273, finite_out=226, removed_isolated=5
[INFO] [1783325425.532929599] [simple_scan_filter]: scan stats: n=404, zeros=97, nan=0, inf=0, finite_raw=307, finite_out=255, removed_isolated=3
[INFO] [1783325430.530237204] [simple_scan_filter]: scan stats: n=404, zeros=101, nan=0, inf=0, finite_raw=303, finite_out=253, removed_isolated=7
[INFO] [1783325435.524055092] [simple_scan_filter]: scan stats: n=404, zeros=114, nan=0, inf=0, finite_raw=290, finite_out=252, removed_isolated=5
[INFO] [1783325440.519739431] [simple_scan_filter]: scan stats: n=404, zeros=106, nan=0, inf=0, finite_raw=298, finite_out=212, removed_isolated=3
[INFO] [1783325445.517449554] [simple_scan_filter]: scan stats: n=404, zeros=136, nan=0, inf=0, finite_raw=268, finite_out=226, removed_isolated=2
[INFO] [1783325450.512370794] [simple_scan_filter]: scan stats: n=404, zeros=152, nan=0, inf=0, finite_raw=252, finite_out=191, removed_isolated=15
[INFO] [1783325455.507419901] [simple_scan_filter]: scan stats: n=404, zeros=149, nan=0, inf=0, finite_raw=255, finite_out=181, removed_isolated=10
[INFO] [1783325460.511617376] [simple_scan_filter]: scan stats: n=404, zeros=141, nan=0, inf=0, finite_raw=263, finite_out=193, removed_isolated=10
[INFO] [1783325465.507733551] [simple_scan_filter]: scan stats: n=404, zeros=130, nan=0, inf=0, finite_raw=274, finite_out=218, removed_isolated=7
[INFO] [1783325470.498712760] [simple_scan_filter]: scan stats: n=404, zeros=108, nan=0, inf=0, finite_raw=296, finite_out=260, removed_isolated=7
[INFO] [1783325475.496146378] [simple_scan_filter]: scan stats: n=404, zeros=105, nan=0, inf=0, finite_raw=299, finite_out=274, removed_isolated=8
[INFO] [1783325480.494272739] [simple_scan_filter]: scan stats: n=404, zeros=96, nan=0, inf=0, finite_raw=308, finite_out=291, removed_isolated=3
[INFO] [1783325485.490779009] [simple_scan_filter]: scan stats: n=404, zeros=89, nan=0, inf=0, finite_raw=315, finite_out=297, removed_isolated=5
[INFO] [1783325490.486177312] [simple_scan_filter]: scan stats: n=404, zeros=89, nan=0, inf=0, finite_raw=315, finite_out=299, removed_isolated=6
[INFO] [1783325495.483106734] [simple_scan_filter]: scan stats: n=404, zeros=93, nan=0, inf=0, finite_raw=311, finite_out=295, removed_isolated=3
Traceback (most recent call last):
  File "/root/rdk_x5_vln_robot/ros2_bridge/simple_scan_filter.py", line 197, in <module>
    main()
  File "/root/rdk_x5_vln_robot/ros2_bridge/simple_scan_filter.py", line 191, in main
    rclpy.spin(node)
  File "/opt/ros/humble/local/lib/python3.10/dist-packages/rclpy/__init__.py", line 229, in spin
    executor.spin_once()
  File "/opt/ros/humble/local/lib/python3.10/dist-packages/rclpy/executors.py", line 751, in spin_once
    self._spin_once_impl(timeout_sec)
  File "/opt/ros/humble/local/lib/python3.10/dist-packages/rclpy/executors.py", line 740, in _spin_once_impl
    handler, entity, node = self.wait_for_ready_callbacks(timeout_sec=timeout_sec)
  File "/opt/ros/humble/local/lib/python3.10/dist-packages/rclpy/executors.py", line 723, in wait_for_ready_callbacks
    return next(self._cb_iter)
  File "/opt/ros/humble/local/lib/python3.10/dist-packages/rclpy/executors.py", line 624, in _wait_for_ready_callbacks
    raise ExternalShutdownException()
rclpy.executors.ExternalShutdownException
