[INFO] [launch]: All log files can be found below /root/.ros/log/2026-07-02-15-13-46-234225-ubuntu-113906
[INFO] [launch]: Default logging verbosity is set to INFO
[INFO] [foxglove_bridge-1]: process started with pid [113964]
[foxglove_bridge-1] [INFO] [1782976427.321813268] [foxglove_bridge]: Starting foxglove_bridge (humble, 3.3.0@)
[foxglove_bridge-1] [INFO] [1782976427.327936219] [foxglove_bridge]: Server listening on port 8765
[foxglove_bridge-1] [INFO] [1782976427.330781840] [foxglove_bridge]: Advertising new channel 2 for topic "/rosout"
[foxglove_bridge-1] [INFO] [1782976427.333524212] [foxglove_bridge]: Advertising new channel 3 for topic "/tf_static"
[foxglove_bridge-1] [INFO] [1782976427.334887502] [foxglove_bridge]: Advertising new channel 4 for topic "/parameter_events"
[foxglove_bridge-1] [INFO] [1782976427.337231083] [foxglove_bridge]: Advertising new channel 5 for topic "/map_server/transition_event"
[foxglove_bridge-1] [INFO] [1782976428.297026866] [foxglove_bridge]: received connection graph subscribe request
[foxglove_bridge-1] [INFO] [1782976428.297771157] [foxglove_bridge]: received subscribe request for channel 3 from client 1
[foxglove_bridge-1] [INFO] [1782976428.309276101] [foxglove_bridge]: Created ROS subscription on /tf_static (tf2_msgs/msg/TFMessage) for channel 3
[foxglove_bridge-1] [INFO] [1782976428.421151381] [foxglove_bridge]: publishing connection graph
[foxglove_bridge-1] [INFO] [1782976428.798621169] [foxglove_bridge]: received subscribe request for channel 3 from client 2
[foxglove_bridge-1] [INFO] [1782976429.931911949] [foxglove_bridge]: publishing connection graph
[foxglove_bridge-1] [INFO] [1782976430.436289665] [foxglove_bridge]: publishing connection graph
[foxglove_bridge-1] [INFO] [1782976430.921252114] [foxglove_bridge]: received subscribe request for channel 3 from client 3
[foxglove_bridge-1] [INFO] [1782976430.941732672] [foxglove_bridge]: publishing connection graph
[foxglove_bridge-1] [INFO] [1782976430.947465748] [foxglove_bridge]: Client ID 3 is advertising "/move_base_simple/goal" (geometry_msgs/PoseStamped) on channel 1 with encoding "cdr"
[foxglove_bridge-1] [INFO] [1782976430.950256911] [foxglove_bridge]: Client ID 3 is advertising "/clicked_point" (geometry_msgs/PointStamped) on channel 2 with encoding "cdr"
[foxglove_bridge-1] [INFO] [1782976430.953521157] [foxglove_bridge]: Client ID 3 is advertising "/initialpose" (geometry_msgs/PoseWithCovarianceStamped) on channel 3 with encoding "cdr"
[foxglove_bridge-1] [INFO] [1782976431.444198682] [foxglove_bridge]: Advertising new channel 6 for topic "/move_base_simple/goal"
[foxglove_bridge-1] [INFO] [1782976431.445368180] [foxglove_bridge]: Advertising new channel 7 for topic "/initialpose"
[foxglove_bridge-1] [INFO] [1782976431.446088763] [foxglove_bridge]: Advertising new channel 8 for topic "/clicked_point"
[foxglove_bridge-1] [INFO] [1782976431.448296510] [foxglove_bridge]: publishing connection graph
[foxglove_bridge-1] [INFO] [1782976432.581988956] [foxglove_bridge]: publishing connection graph
[foxglove_bridge-1] [INFO] [1782976433.085725757] [foxglove_bridge]: publishing connection graph
[foxglove_bridge-1] [INFO] [1782976433.589266724] [foxglove_bridge]: publishing connection graph
[foxglove_bridge-1] [INFO] [1782976434.092573483] [foxglove_bridge]: Advertising new channel 9 for topic "/map"
[foxglove_bridge-1] [INFO] [1782976434.097573060] [foxglove_bridge]: received subscribe request for channel 9 from client 1
[foxglove_bridge-1] [INFO] [1782976434.114735122] [foxglove_bridge]: Created ROS subscription on /map (nav_msgs/msg/OccupancyGrid) for channel 9
[foxglove_bridge-1] [INFO] [1782976434.123287070] [foxglove_bridge]: publishing connection graph
[foxglove_bridge-1] [INFO] [1782976434.125878025] [foxglove_bridge]: received subscribe request for channel 3 from client 4
[foxglove_bridge-1] [INFO] [1782976434.134343765] [foxglove_bridge]: Client ID 4 is advertising "/move_base_simple/goal" (geometry_msgs/PoseStamped) on channel 1 with encoding "cdr"
[foxglove_bridge-1] [INFO] [1782976434.137913302] [foxglove_bridge]: Client ID 4 is advertising "/clicked_point" (geometry_msgs/PointStamped) on channel 2 with encoding "cdr"
[foxglove_bridge-1] [INFO] [1782976434.141138007] [foxglove_bridge]: Client ID 4 is advertising "/initialpose" (geometry_msgs/PoseWithCovarianceStamped) on channel 3 with encoding "cdr"
[foxglove_bridge-1] [INFO] [1782976434.141596465] [foxglove_bridge]: received subscribe request for channel 9 from client 3
[foxglove_bridge-1] [INFO] [1782976434.245586421] [foxglove_bridge]: received subscribe request for channel 7 from client 4
[foxglove_bridge-1] [INFO] [1782976434.248374126] [foxglove_bridge]: Created ROS subscription on /initialpose (geometry_msgs/msg/PoseWithCovarianceStamped) for channel 7
[foxglove_bridge-1] [INFO] [1782976434.248901000] [foxglove_bridge]: received subscribe request for channel 9 from client 4
[foxglove_bridge-1] [INFO] [1782976434.249091583] [foxglove_bridge]: received subscribe request for channel 6 from client 4
[foxglove_bridge-1] [INFO] [1782976434.252693829] [foxglove_bridge]: Created ROS subscription on /move_base_simple/goal (geometry_msgs/msg/PoseStamped) for channel 6
[foxglove_bridge-1] [INFO] [1782976434.462675947] [foxglove_bridge]: received subscribe request for channel 3 from client 5
[foxglove_bridge-1] [INFO] [1782976434.462947113] [foxglove_bridge]: received subscribe request for channel 6 from client 5
[foxglove_bridge-1] [INFO] [1782976434.463095321] [foxglove_bridge]: received subscribe request for channel 9 from client 5
[foxglove_bridge-1] [INFO] [1782976434.626594413] [foxglove_bridge]: publishing connection graph
[foxglove_bridge-1] [INFO] [1782976437.648627673] [foxglove_bridge]: publishing connection graph
[foxglove_bridge-1] [INFO] [1782976438.152469848] [foxglove_bridge]: publishing connection graph
[foxglove_bridge-1] [INFO] [1782976438.658755604] [foxglove_bridge]: publishing connection graph
[foxglove_bridge-1] [INFO] [1782976440.272553337] [foxglove_bridge]: publishing connection graph
[foxglove_bridge-1] [INFO] [1782976440.776880304] [foxglove_bridge]: publishing connection graph
[foxglove_bridge-1] [INFO] [1782976441.278838814] [foxglove_bridge]: Advertising new channel 10 for topic "/bond"
[foxglove_bridge-1] [INFO] [1782976441.282034936] [foxglove_bridge]: publishing connection graph
[foxglove_bridge-1] [INFO] [1782976444.566738000] [foxglove_bridge]: received unsubscribe request for channel 9 from client 4
[foxglove_bridge-1] [INFO] [1782976444.917622154] [foxglove_bridge]: publishing connection graph
[foxglove_bridge-1] [INFO] [1782976445.166697307] [foxglove_bridge]: received subscribe request for channel 9 from client 4
[foxglove_bridge-1] [INFO] [1782976445.420866413] [foxglove_bridge]: publishing connection graph
[foxglove_bridge-1] [INFO] [1782976445.924927296] [foxglove_bridge]: publishing connection graph
[foxglove_bridge-1] [INFO] [1782976446.749577287] [foxglove_bridge]: received unsubscribe request for channel 7 from client 4
[foxglove_bridge-1] [INFO] [1782976446.749762454] [foxglove_bridge]: Cleaned up ROS subscription for channel 7 (no more subscribers)
[foxglove_bridge-1] [INFO] [1782976447.377077061] [foxglove_bridge]: received subscribe request for channel 7 from client 4
[foxglove_bridge-1] [INFO] [1782976447.379673683] [foxglove_bridge]: Created ROS subscription on /initialpose (geometry_msgs/msg/PoseWithCovarianceStamped) for channel 7
[foxglove_bridge-1] [INFO] [1782976447.382322180] [foxglove_bridge]: publishing connection graph
[foxglove_bridge-1] [INFO] [1782976447.888616393] [foxglove_bridge]: publishing connection graph
[foxglove_bridge-1] [INFO] [1782976448.394263358] [foxglove_bridge]: publishing connection graph
[foxglove_bridge-1] [INFO] [1782976448.901175988] [foxglove_bridge]: publishing connection graph
[foxglove_bridge-1] [ERROR] [1782976461.012557961] [foxglove_bridge]: Exception thrown in rosgraphPollThread: failed to get service names and types by node: error not set
[foxglove_bridge-1] [INFO] [1782976461.015505041] [foxglove_bridge]: publishing connection graph
