[INFO] [launch]: All log files can be found below /root/.ros/log/2026-07-05-19-56-52-833472-ubuntu-100915
[INFO] [launch]: Default logging verbosity is set to INFO
[INFO] [foxglove_bridge-1]: process started with pid [100958]
[foxglove_bridge-1] [INFO] [1783252613.936052415] [foxglove_bridge]: Starting foxglove_bridge (humble, 3.3.0@)
[foxglove_bridge-1] [INFO] [1783252613.941145958] [foxglove_bridge]: Server listening on port 8765
[foxglove_bridge-1] [INFO] [1783252613.944346875] [foxglove_bridge]: Advertising new channel 2 for topic "/rosout"
[foxglove_bridge-1] [INFO] [1783252613.946587792] [foxglove_bridge]: Advertising new channel 3 for topic "/parameter_events"
[foxglove_bridge-1] [INFO] [1783252614.346104028] [foxglove_bridge]: received connection graph subscribe request
[foxglove_bridge-1] [INFO] [1783252614.470982062] [foxglove_bridge]: Advertising new channel 4 for topic "/tf_static"
[foxglove_bridge-1] [INFO] [1783252614.477053814] [foxglove_bridge]: received subscribe request for channel 4 from client 1
[foxglove_bridge-1] [INFO] [1783252614.504761322] [foxglove_bridge]: Created ROS subscription on /tf_static (tf2_msgs/msg/TFMessage) for channel 4
[foxglove_bridge-1] [INFO] [1783252614.512316157] [foxglove_bridge]: publishing connection graph
[foxglove_bridge-1] [INFO] [1783252615.014084879] [foxglove_bridge]: Advertising new channel 5 for topic "/scan"
[foxglove_bridge-1] [INFO] [1783252615.016324422] [foxglove_bridge]: received subscribe request for channel 5 from client 1
[foxglove_bridge-1] [INFO] [1783252615.024457716] [foxglove_bridge]: Created ROS subscription on /scan (sensor_msgs/msg/LaserScan) for channel 5
[foxglove_bridge-1] [INFO] [1783252615.050402348] [foxglove_bridge]: publishing connection graph
[foxglove_bridge-1] [INFO] [1783252615.551717278] [foxglove_bridge]: Advertising new channel 6 for topic "/tf"
[foxglove_bridge-1] [INFO] [1783252615.552494570] [foxglove_bridge]: Advertising new channel 7 for topic "/semantic_save_event"
[foxglove_bridge-1] [INFO] [1783252615.556425196] [foxglove_bridge]: Advertising new channel 8 for topic "/semantic_viewpoints"
[foxglove_bridge-1] [INFO] [1783252615.556713196] [foxglove_bridge]: Advertising new channel 9 for topic "/semantic_observation_rays"
[foxglove_bridge-1] [INFO] [1783252615.556817529] [foxglove_bridge]: Advertising new channel 10 for topic "/semantic_status"
[foxglove_bridge-1] [INFO] [1783252615.556898612] [foxglove_bridge]: Advertising new channel 11 for topic "/semantic_map_json"
[foxglove_bridge-1] [INFO] [1783252615.556980029] [foxglove_bridge]: Advertising new channel 12 for topic "/target_bbox_json"
[foxglove_bridge-1] [INFO] [1783252615.557058737] [foxglove_bridge]: Advertising new channel 13 for topic "/semantic_observations"
[foxglove_bridge-1] [INFO] [1783252615.557136321] [foxglove_bridge]: Advertising new channel 14 for topic "/semantic_loop_error"
[foxglove_bridge-1] [INFO] [1783252615.557336321] [foxglove_bridge]: Advertising new channel 15 for topic "/semantic_landmarks"
[foxglove_bridge-1] [INFO] [1783252615.557498488] [foxglove_bridge]: Advertising new channel 16 for topic "/semantic_candidate_objects"
[foxglove_bridge-1] [INFO] [1783252615.559423405] [foxglove_bridge]: Advertising new channel 17 for topic "/odom"
[foxglove_bridge-1] [INFO] [1783252615.559640238] [foxglove_bridge]: received subscribe request for channel 6 from client 1
[foxglove_bridge-1] [INFO] [1783252615.560541863] [foxglove_bridge]: Advertising new channel 18 for topic "/map"
[foxglove_bridge-1] [INFO] [1783252615.560799030] [foxglove_bridge]: Advertising new channel 19 for topic "/semantic_observed_cones"
[foxglove_bridge-1] [INFO] [1783252615.561557197] [foxglove_bridge]: Advertising new channel 20 for topic "/image_raw"
[foxglove_bridge-1] [INFO] [1783252615.562073864] [foxglove_bridge]: Advertising new channel 21 for topic "/cmd_vel_sent"
[foxglove_bridge-1] [INFO] [1783252615.562184739] [foxglove_bridge]: Advertising new channel 22 for topic "/semantic_map/save"
[foxglove_bridge-1] [INFO] [1783252615.562261822] [foxglove_bridge]: Advertising new channel 23 for topic "/cmd_vel"
[foxglove_bridge-1] [INFO] [1783252615.562393906] [foxglove_bridge]: Advertising new channel 24 for topic "/scan_filtered"
[foxglove_bridge-1] [INFO] [1783252615.562472322] [foxglove_bridge]: Advertising new channel 25 for topic "/chassis_bridge_state"
[foxglove_bridge-1] [INFO] [1783252615.567539074] [foxglove_bridge]: Created ROS subscription on /tf (tf2_msgs/msg/TFMessage) for channel 6
[foxglove_bridge-1] [INFO] [1783252615.567832532] [foxglove_bridge]: received subscribe request for channel 8 from client 1
[foxglove_bridge-1] [INFO] [1783252615.580526661] [foxglove_bridge]: Created ROS subscription on /semantic_viewpoints (visualization_msgs/msg/MarkerArray) for channel 8
[foxglove_bridge-1] [INFO] [1783252615.580773577] [foxglove_bridge]: received subscribe request for channel 11 from client 1
[foxglove_bridge-1] [INFO] [1783252615.593517831] [foxglove_bridge]: Created ROS subscription on /semantic_map_json (std_msgs/msg/String) for channel 11
[foxglove_bridge-1] [INFO] [1783252615.593872623] [foxglove_bridge]: received subscribe request for channel 15 from client 1
[foxglove_bridge-1] [INFO] [1783252615.600722458] [foxglove_bridge]: Created ROS subscription on /semantic_landmarks (visualization_msgs/msg/MarkerArray) for channel 15
[foxglove_bridge-1] [INFO] [1783252615.600982916] [foxglove_bridge]: received subscribe request for channel 16 from client 1
[foxglove_bridge-1] [INFO] [1783252615.610307544] [foxglove_bridge]: Created ROS subscription on /semantic_candidate_objects (visualization_msgs/msg/MarkerArray) for channel 16
[foxglove_bridge-1] [INFO] [1783252615.619859546] [foxglove_bridge]: received subscribe request for channel 18 from client 1
[foxglove_bridge-1] [INFO] [1783252615.627747465] [foxglove_bridge]: Created ROS subscription on /map (nav_msgs/msg/OccupancyGrid) for channel 18
[foxglove_bridge-1] [INFO] [1783252615.628357799] [foxglove_bridge]: received subscribe request for channel 19 from client 1
[foxglove_bridge-1] [INFO] [1783252615.633204925] [foxglove_bridge]: Created ROS subscription on /semantic_observed_cones (visualization_msgs/msg/MarkerArray) for channel 19
[foxglove_bridge-1] [INFO] [1783252615.633444050] [foxglove_bridge]: received subscribe request for channel 23 from client 1
[foxglove_bridge-1] [INFO] [1783252615.639208343] [foxglove_bridge]: Created ROS subscription on /cmd_vel (geometry_msgs/msg/Twist) for channel 23
[foxglove_bridge-1] [INFO] [1783252615.721852366] [foxglove_bridge]: publishing connection graph
[foxglove_bridge-1] [INFO] [1783252616.227315214] [foxglove_bridge]: publishing connection graph
[foxglove_bridge-1] [INFO] [1783252619.866739713] [foxglove_bridge]: publishing connection graph
[foxglove_bridge-1] [INFO] [1783252620.372467726] [foxglove_bridge]: publishing connection graph
[foxglove_bridge-1] [INFO] [1783252624.125944955] [foxglove_bridge]: publishing connection graph
[foxglove_bridge-1] [INFO] [1783252625.243158257] [foxglove_bridge]: publishing connection graph
[foxglove_bridge-1] [INFO] [1783252625.756810771] [foxglove_bridge]: Advertising new channel 26 for topic "/planner_server/transition_event"
[foxglove_bridge-1] [INFO] [1783252625.770617316] [foxglove_bridge]: Advertising new channel 27 for topic "/diagnostics"
[foxglove_bridge-1] [INFO] [1783252625.776210360] [foxglove_bridge]: Advertising new channel 28 for topic "/controller_server/transition_event"
[foxglove_bridge-1] [INFO] [1783252625.777746277] [foxglove_bridge]: Advertising new channel 29 for topic "/amcl/transition_event"
[foxglove_bridge-1] [INFO] [1783252627.777419107] [foxglove_bridge]: publishing connection graph
[foxglove_bridge-1] [INFO] [1783252628.283967160] [foxglove_bridge]: Advertising new channel 30 for topic "/speed_limit"
[foxglove_bridge-1] [INFO] [1783252628.285326702] [foxglove_bridge]: Advertising new channel 31 for topic "/received_global_plan"
[foxglove_bridge-1] [INFO] [1783252628.286684077] [foxglove_bridge]: Advertising new channel 32 for topic "/particle_cloud"
[foxglove_bridge-1] [INFO] [1783252628.287348619] [foxglove_bridge]: Advertising new channel 33 for topic "/map_server/transition_event"
[foxglove_bridge-1] [INFO] [1783252628.288266536] [foxglove_bridge]: Advertising new channel 34 for topic "/lookahead_point"
[foxglove_bridge-1] [INFO] [1783252628.288586661] [foxglove_bridge]: Advertising new channel 35 for topic "/lookahead_collision_arc"
[foxglove_bridge-1] [INFO] [1783252628.290804995] [foxglove_bridge]: Advertising new channel 36 for topic "/local_costmap/footprint"
[foxglove_bridge-1] [INFO] [1783252628.291465703] [foxglove_bridge]: Advertising new channel 37 for topic "/local_costmap/costmap_updates"
[foxglove_bridge-1] [INFO] [1783252628.293352787] [foxglove_bridge]: Advertising new channel 38 for topic "/local_costmap/costmap_raw"
[foxglove_bridge-1] [INFO] [1783252628.294892204] [foxglove_bridge]: Advertising new channel 39 for topic "/initialpose"
[foxglove_bridge-1] [INFO] [1783252628.296848871] [foxglove_bridge]: Advertising new channel 40 for topic "/global_costmap/published_footprint"
[foxglove_bridge-1] [INFO] [1783252628.297124746] [foxglove_bridge]: Advertising new channel 41 for topic "/velocity_smoother/transition_event"
[foxglove_bridge-1] [INFO] [1783252628.297261913] [foxglove_bridge]: Advertising new channel 42 for topic "/plan_smoothed"
[foxglove_bridge-1] [INFO] [1783252628.297388122] [foxglove_bridge]: Advertising new channel 43 for topic "/global_costmap/global_costmap/transition_event"
[foxglove_bridge-1] [INFO] [1783252628.297484038] [foxglove_bridge]: Advertising new channel 44 for topic "/global_costmap/costmap_updates"
[foxglove_bridge-1] [INFO] [1783252628.299239914] [foxglove_bridge]: Advertising new channel 45 for topic "/local_costmap/clearing_endpoints"
[foxglove_bridge-1] [INFO] [1783252628.299446205] [foxglove_bridge]: Advertising new channel 46 for topic "/global_costmap/costmap_raw"
[foxglove_bridge-1] [INFO] [1783252628.299787581] [foxglove_bridge]: Advertising new channel 47 for topic "/local_costmap/published_footprint"
[foxglove_bridge-1] [INFO] [1783252628.299931831] [foxglove_bridge]: Advertising new channel 48 for topic "/global_costmap/costmap"
[foxglove_bridge-1] [INFO] [1783252628.300038622] [foxglove_bridge]: Advertising new channel 49 for topic "/local_costmap/costmap"
[foxglove_bridge-1] [INFO] [1783252628.300193247] [foxglove_bridge]: Advertising new channel 50 for topic "/plan"
[foxglove_bridge-1] [INFO] [1783252628.300286039] [foxglove_bridge]: Advertising new channel 51 for topic "/cmd_vel_nav"
[foxglove_bridge-1] [INFO] [1783252628.300394956] [foxglove_bridge]: Advertising new channel 52 for topic "/global_costmap/footprint"
[foxglove_bridge-1] [INFO] [1783252628.300567122] [foxglove_bridge]: Advertising new channel 53 for topic "/smoother_server/transition_event"
[foxglove_bridge-1] [INFO] [1783252628.300736997] [foxglove_bridge]: Advertising new channel 54 for topic "/bt_navigator/transition_event"
[foxglove_bridge-1] [INFO] [1783252628.302018623] [foxglove_bridge]: Advertising new channel 55 for topic "/bond"
[foxglove_bridge-1] [INFO] [1783252628.302341373] [foxglove_bridge]: Advertising new channel 56 for topic "/behavior_server/transition_event"
[foxglove_bridge-1] [INFO] [1783252628.302611331] [foxglove_bridge]: Advertising new channel 57 for topic "/amcl_pose"
[foxglove_bridge-1] [INFO] [1783252628.302820915] [foxglove_bridge]: Advertising new channel 58 for topic "/waypoint_follower/transition_event"
[foxglove_bridge-1] [INFO] [1783252628.303005831] [foxglove_bridge]: Advertising new channel 59 for topic "/local_costmap/local_costmap/transition_event"
[foxglove_bridge-1] [INFO] [1783252629.579891840] [foxglove_bridge]: publishing connection graph
[foxglove_bridge-1] [INFO] [1783252630.087055351] [foxglove_bridge]: Advertising new channel 60 for topic "/preempt_teleop"
[foxglove_bridge-1] [INFO] [1783252630.087412143] [foxglove_bridge]: Advertising new channel 61 for topic "/cmd_vel_teleop"
[foxglove_bridge-1] [INFO] [1783252630.088074643] [foxglove_bridge]: Advertising new channel 62 for topic "/goal_pose"
[foxglove_bridge-1] [INFO] [1783252630.228605847] [foxglove_bridge]: publishing connection graph
[foxglove_bridge-1] [INFO] [1783252630.775034285] [foxglove_bridge]: publishing connection graph
[foxglove_bridge-1] [INFO] [1783252631.322801973] [foxglove_bridge]: publishing connection graph
[foxglove_bridge-1] [INFO] [1783252631.867894160] [foxglove_bridge]: publishing connection graph
[foxglove_bridge-1] [ERROR] [1783252636.096963448] [foxglove_bridge]: Failed to retrieve parameters from node '/bt_navigator_navigate_through_poses_rclcpp_node': Failed to retrieve parameter names for node '/bt_navigator_navigate_through_poses_rclcpp_node'
[foxglove_bridge-1] [WARN] [1783252636.097158323] [foxglove_bridge]: Adding node /bt_navigator_navigate_through_poses_rclcpp_node to the ignore list to prevent repeated timeouts or failures in future parameter requests.
[foxglove_bridge-1] [ERROR] [1783252636.097727281] [foxglove_bridge]: Failed to retrieve parameters from node '/controller_server': Failed to retrieve parameter names for node '/controller_server'
[foxglove_bridge-1] [WARN] [1783252636.097813489] [foxglove_bridge]: Adding node /controller_server to the ignore list to prevent repeated timeouts or failures in future parameter requests.
[foxglove_bridge-1] [ERROR] [1783252636.098758406] [foxglove_bridge]: Failed to retrieve parameters from node '/bt_navigator_navigate_to_pose_rclcpp_node': Failed to retrieve parameter names for node '/bt_navigator_navigate_to_pose_rclcpp_node'
[foxglove_bridge-1] [WARN] [1783252636.098869906] [foxglove_bridge]: Adding node /bt_navigator_navigate_to_pose_rclcpp_node to the ignore list to prevent repeated timeouts or failures in future parameter requests.
[foxglove_bridge-1] [INFO] [1783252636.181289345] [foxglove_bridge]: publishing connection graph
[foxglove_bridge-1] [INFO] [1783252636.985610349] [foxglove_bridge]: publishing connection graph
[foxglove_bridge-1] [INFO] [1783252638.580626268] [foxglove_bridge]: publishing connection graph
[foxglove_bridge-1] [INFO] [1783252639.127499578] [foxglove_bridge]: publishing connection graph
[foxglove_bridge-1] [INFO] [1783252639.940715791] [foxglove_bridge]: publishing connection graph
[foxglove_bridge-1] [INFO] [1783252641.151555024] [foxglove_bridge]: publishing connection graph
[foxglove_bridge-1] [INFO] [1783252646.367980669] [foxglove_bridge]: publishing connection graph
[foxglove_bridge-1] [INFO] [1783252648.009654217] [foxglove_bridge]: publishing connection graph
[foxglove_bridge-1] [INFO] [1783252648.628515460] [foxglove_bridge]: publishing connection graph
[foxglove_bridge-1] [INFO] [1783252649.175383642] [foxglove_bridge]: publishing connection graph
[foxglove_bridge-1] [INFO] [1783252652.546216919] [foxglove_bridge]: publishing connection graph
[foxglove_bridge-1] [INFO] [1783252653.096205809] [foxglove_bridge]: publishing connection graph
[foxglove_bridge-1] [INFO] [1783252654.158612704] [foxglove_bridge]: publishing connection graph
[foxglove_bridge-1] [INFO] [1783252654.763303190] [foxglove_bridge]: publishing connection graph
[foxglove_bridge-1] [INFO] [1783252655.279225279] [foxglove_bridge]: Advertising new channel 63 for topic "/behavior_tree_log"
[foxglove_bridge-1] [INFO] [1783252655.348495047] [foxglove_bridge]: publishing connection graph
[foxglove_bridge-1] [INFO] [1783252655.921005442] [foxglove_bridge]: publishing connection graph
[foxglove_bridge-1] [INFO] [1783252657.809533793] [foxglove_bridge]: publishing connection graph
[foxglove_bridge-1] [INFO] [1783252660.419949280] [foxglove_bridge]: publishing connection graph
[foxglove_bridge-1] [INFO] [1783252660.991181215] [foxglove_bridge]: publishing connection graph
[foxglove_bridge-1] [INFO] [1783252662.669096133] [foxglove_bridge]: publishing connection graph
[foxglove_bridge-1] [INFO] [1783252663.537694724] [foxglove_bridge]: publishing connection graph
[foxglove_bridge-1] [INFO] [1783252664.235497980] [foxglove_bridge]: publishing connection graph
[foxglove_bridge-1] [INFO] [1783252664.983261624] [foxglove_bridge]: publishing connection graph
[foxglove_bridge-1] [INFO] [1783252665.917524730] [foxglove_bridge]: publishing connection graph
[foxglove_bridge-1] [INFO] [1783252666.496883706] [foxglove_bridge]: publishing connection graph
[foxglove_bridge-1] [ERROR] [1783252669.828020316] [foxglove_bridge]: Failed to retrieve parameters from node '/simple_scan_filter': Timed out waiting for 1 parameter(s) from node '/simple_scan_filter'
[foxglove_bridge-1] [WARN] [1783252669.828230941] [foxglove_bridge]: Adding node /simple_scan_filter to the ignore list to prevent repeated timeouts or failures in future parameter requests.
[foxglove_bridge-1] [ERROR] [1783252669.920047714] [foxglove_bridge]: Failed to retrieve parameters from node '/lifecycle_manager_navigation': Timed out waiting for 13 parameter(s) from node '/lifecycle_manager_navigation'
[foxglove_bridge-1] [WARN] [1783252669.920221505] [foxglove_bridge]: Adding node /lifecycle_manager_navigation to the ignore list to prevent repeated timeouts or failures in future parameter requests.
[foxglove_bridge-1] [ERROR] [1783252669.920565964] [foxglove_bridge]: Failed to retrieve parameters from node '/local_costmap/local_costmap': Failed to retrieve parameter names for node '/local_costmap/local_costmap'
[foxglove_bridge-1] [WARN] [1783252669.920676214] [foxglove_bridge]: Adding node /local_costmap/local_costmap to the ignore list to prevent repeated timeouts or failures in future parameter requests.
[foxglove_bridge-1] [ERROR] [1783252669.920880672] [foxglove_bridge]: Failed to retrieve parameters from node '/lifecycle_manager_localization': Failed to retrieve parameter names for node '/lifecycle_manager_localization'
[foxglove_bridge-1] [WARN] [1783252669.920959589] [foxglove_bridge]: Adding node /lifecycle_manager_localization to the ignore list to prevent repeated timeouts or failures in future parameter requests.
[foxglove_bridge-1] [ERROR] [1783252669.923841006] [foxglove_bridge]: Failed to retrieve parameters from node '/nav2_bootstrap_amcl': Failed to retrieve parameter names for node '/nav2_bootstrap_amcl'
[foxglove_bridge-1] [WARN] [1783252669.923978090] [foxglove_bridge]: Adding node /nav2_bootstrap_amcl to the ignore list to prevent repeated timeouts or failures in future parameter requests.
[foxglove_bridge-1] [ERROR] [1783252669.924299340] [foxglove_bridge]: Failed to retrieve parameters from node '/ydlidar_ros2_driver_node': Timed out waiting for 27 parameter(s) from node '/ydlidar_ros2_driver_node'
[foxglove_bridge-1] [WARN] [1783252669.924407756] [foxglove_bridge]: Adding node /ydlidar_ros2_driver_node to the ignore list to prevent repeated timeouts or failures in future parameter requests.
[foxglove_bridge-1] [ERROR] [1783252669.924633756] [foxglove_bridge]: Failed to retrieve parameters from node '/static_transform_publisher_cp7ZBj5oTAWS4yn1': Failed to retrieve parameter names for node '/static_transform_publisher_cp7ZBj5oTAWS4yn1'
[foxglove_bridge-1] [WARN] [1783252669.924718965] [foxglove_bridge]: Adding node /static_transform_publisher_cp7ZBj5oTAWS4yn1 to the ignore list to prevent repeated timeouts or failures in future parameter requests.
[foxglove_bridge-1] [ERROR] [1783252669.924892465] [foxglove_bridge]: Failed to retrieve parameters from node '/behavior_server': Failed to retrieve parameter names for node '/behavior_server'
[foxglove_bridge-1] [WARN] [1783252669.925083090] [foxglove_bridge]: Adding node /behavior_server to the ignore list to prevent repeated timeouts or failures in future parameter requests.
[foxglove_bridge-1] [ERROR] [1783252669.925281173] [foxglove_bridge]: Failed to retrieve parameters from node '/smoother_server': Timed out waiting for 13 parameter(s) from node '/smoother_server'
[foxglove_bridge-1] [WARN] [1783252669.925344882] [foxglove_bridge]: Adding node /smoother_server to the ignore list to prevent repeated timeouts or failures in future parameter requests.
[foxglove_bridge-1] [ERROR] [1783252669.925690132] [foxglove_bridge]: Failed to retrieve parameters from node '/map_server': Failed to retrieve parameter names for node '/map_server'
[foxglove_bridge-1] [WARN] [1783252669.925761465] [foxglove_bridge]: Adding node /map_server to the ignore list to prevent repeated timeouts or failures in future parameter requests.
[foxglove_bridge-1] [ERROR] [1783252669.925927923] [foxglove_bridge]: Failed to retrieve parameters from node '/m1_pwm_cmd_vel_bridge': Failed to retrieve parameter names for node '/m1_pwm_cmd_vel_bridge'
[foxglove_bridge-1] [WARN] [1783252669.925983215] [foxglove_bridge]: Adding node /m1_pwm_cmd_vel_bridge to the ignore list to prevent repeated timeouts or failures in future parameter requests.
[foxglove_bridge-1] [ERROR] [1783252669.926119007] [foxglove_bridge]: Failed to retrieve parameters from node '/waypoint_follower': Timed out waiting for 8 parameter(s) from node '/waypoint_follower'
[foxglove_bridge-1] [WARN] [1783252669.926170840] [foxglove_bridge]: Adding node /waypoint_follower to the ignore list to prevent repeated timeouts or failures in future parameter requests.
[foxglove_bridge-1] [INFO] [1783252675.369593414] [foxglove_bridge]: publishing connection graph
[foxglove_bridge-1] [INFO] [1783252675.964658849] [foxglove_bridge]: publishing connection graph
[foxglove_bridge-1] [ERROR] [1783252680.445983675] [foxglove_bridge]: Failed to retrieve parameters from node '/planner_server': Failed to retrieve parameter names for node '/planner_server'
[foxglove_bridge-1] [WARN] [1783252680.446172175] [foxglove_bridge]: Adding node /planner_server to the ignore list to prevent repeated timeouts or failures in future parameter requests.
[foxglove_bridge-1] [ERROR] [1783252680.446266467] [foxglove_bridge]: Failed to retrieve parameters from node '/global_costmap/global_costmap': Failed to retrieve parameter names for node '/global_costmap/global_costmap'
[foxglove_bridge-1] [WARN] [1783252680.446322175] [foxglove_bridge]: Adding node /global_costmap/global_costmap to the ignore list to prevent repeated timeouts or failures in future parameter requests.
[foxglove_bridge-1] [ERROR] [1783252680.446390467] [foxglove_bridge]: Failed to retrieve parameters from node '/amcl': Failed to retrieve parameter names for node '/amcl'
[foxglove_bridge-1] [WARN] [1783252680.446432050] [foxglove_bridge]: Adding node /amcl to the ignore list to prevent repeated timeouts or failures in future parameter requests.
[foxglove_bridge-1] [ERROR] [1783252680.446496967] [foxglove_bridge]: Failed to retrieve parameters from node '/bt_navigator': Failed to retrieve parameter names for node '/bt_navigator'
[foxglove_bridge-1] [WARN] [1783252680.446539009] [foxglove_bridge]: Adding node /bt_navigator to the ignore list to prevent repeated timeouts or failures in future parameter requests.
[foxglove_bridge-1] [ERROR] [1783252680.446696009] [foxglove_bridge]: Failed to retrieve parameters from node '/velocity_smoother': Failed to retrieve parameter names for node '/velocity_smoother'
[foxglove_bridge-1] [WARN] [1783252680.446746550] [foxglove_bridge]: Adding node /velocity_smoother to the ignore list to prevent repeated timeouts or failures in future parameter requests.
[foxglove_bridge-1] [ERROR] [1783252681.671167426] [foxglove_bridge]: Failed to retrieve parameters from node '/nav2_wait_amcl_settle': Timed out waiting for 1 parameter(s) from node '/nav2_wait_amcl_settle'
[foxglove_bridge-1] [WARN] [1783252681.671357551] [foxglove_bridge]: Adding node /nav2_wait_amcl_settle to the ignore list to prevent repeated timeouts or failures in future parameter requests.
[foxglove_bridge-1] [INFO] [1783252688.198509718] [foxglove_bridge]: publishing connection graph
[foxglove_bridge-1] [INFO] [1783252724.518468588] [foxglove_bridge]: publishing connection graph
[foxglove_bridge-1] [INFO] [1783252725.152130433] [foxglove_bridge]: publishing connection graph
[foxglove_bridge-1] [INFO] [1783252726.919984978] [foxglove_bridge]: publishing connection graph
[foxglove_bridge-1] [INFO] [1783252729.169115499] [foxglove_bridge]: publishing connection graph
[foxglove_bridge-1] [INFO] [1783252729.811709344] [foxglove_bridge]: publishing connection graph
[foxglove_bridge-1] [INFO] [1783252730.447850812] [foxglove_bridge]: publishing connection graph
[foxglove_bridge-1] [INFO] [1783252732.044349108] [foxglove_bridge]: publishing connection graph
[foxglove_bridge-1] [INFO] [1783252734.480843704] [foxglove_bridge]: publishing connection graph
[foxglove_bridge-1] [INFO] [1783252735.515999671] [foxglove_bridge]: publishing connection graph
[foxglove_bridge-1] [INFO] [1783252738.059641493] [foxglove_bridge]: publishing connection graph
[foxglove_bridge-1] [INFO] [1783252738.921483755] [foxglove_bridge]: publishing connection graph
[foxglove_bridge-1] [INFO] [1783252739.598807937] [foxglove_bridge]: publishing connection graph
[foxglove_bridge-1] [INFO] [1783252742.214731144] [foxglove_bridge]: publishing connection graph
[foxglove_bridge-1] [INFO] [1783252742.822171519] [foxglove_bridge]: publishing connection graph
[foxglove_bridge-1] [INFO] [1783252783.511556929] [foxglove_bridge]: publishing connection graph
[foxglove_bridge-1] [INFO] [1783252784.196977493] [foxglove_bridge]: publishing connection graph
[foxglove_bridge-1] [INFO] [1783252786.761098226] [foxglove_bridge]: publishing connection graph
[foxglove_bridge-1] [INFO] [1783252787.276682211] [foxglove_bridge]: Advertising new channel 64 for topic "/foxglove_map_viz"
[foxglove_bridge-1] [INFO] [1783252787.278407292] [foxglove_bridge]: Advertising new channel 65 for topic "/foxglove_click_trajectory_dots"
[foxglove_bridge-1] [INFO] [1783252787.278899166] [foxglove_bridge]: Advertising new channel 66 for topic "/foxglove_click_start_marker"
[foxglove_bridge-1] [INFO] [1783252787.279313874] [foxglove_bridge]: Advertising new channel 67 for topic "/foxglove_click_planned_path"
[foxglove_bridge-1] [INFO] [1783252787.279675166] [foxglove_bridge]: Advertising new channel 68 for topic "/foxglove_click_path_marker"
[foxglove_bridge-1] [INFO] [1783252787.279910207] [foxglove_bridge]: Advertising new channel 69 for topic "/foxglove_click_goal_marker"
[foxglove_bridge-1] [INFO] [1783252787.280095582] [foxglove_bridge]: Advertising new channel 70 for topic "/foxglove_click_goal_label"
[foxglove_bridge-1] [INFO] [1783252787.280217415] [foxglove_bridge]: Advertising new channel 71 for topic "/foxglove_click_accepted_goal"
[foxglove_bridge-1] [INFO] [1783252787.749693957] [foxglove_bridge]: publishing connection graph
[foxglove_bridge-1] [INFO] [1783252788.259711741] [foxglove_bridge]: Advertising new channel 72 for topic "/foxglove_goal_pose"
[foxglove_bridge-1] [INFO] [1783252788.263958986] [foxglove_bridge]: Advertising new channel 73 for topic "/foxglove_goal_point"
[foxglove_bridge-1] [INFO] [1783252788.341857473] [foxglove_bridge]: publishing connection graph
[foxglove_bridge-1] [INFO] [1783252789.421091217] [foxglove_bridge]: publishing connection graph
[foxglove_bridge-1] [INFO] [1783252790.654868979] [foxglove_bridge]: publishing connection graph
[foxglove_bridge-1] [INFO] [1783252791.273727837] [foxglove_bridge]: publishing connection graph
[foxglove_bridge-1] [ERROR] [1783252796.209038101] [foxglove_bridge]: Failed to retrieve parameters from node '/foxglove_click_goal_bridge': Timed out waiting for 1 parameter(s) from node '/foxglove_click_goal_bridge'
[foxglove_bridge-1] [WARN] [1783252796.209311225] [foxglove_bridge]: Adding node /foxglove_click_goal_bridge to the ignore list to prevent repeated timeouts or failures in future parameter requests.
[foxglove_bridge-1] [ERROR] [1783252796.209410975] [foxglove_bridge]: Failed to retrieve parameters from node '/pose_memory_node': Failed to retrieve parameter names for node '/pose_memory_node'
[foxglove_bridge-1] [WARN] [1783252796.209460767] [foxglove_bridge]: Adding node /pose_memory_node to the ignore list to prevent repeated timeouts or failures in future parameter requests.
[foxglove_bridge-1] [INFO] [1783252796.227290870] [foxglove_bridge]: Advertising new channel 74 for topic "/move_base_simple/goal"
[foxglove_bridge-1] [INFO] [1783252796.248775051] [foxglove_bridge]: Client ID 2 is advertising "/move_base_simple/goal" (geometry_msgs/PoseStamped) on channel 1 with encoding "cdr"
[foxglove_bridge-1] [INFO] [1783252796.279495263] [foxglove_bridge]: Client ID 2 is advertising "/foxglove_goal_point" (geometry_msgs/PointStamped) on channel 2 with encoding "cdr"
[foxglove_bridge-1] [INFO] [1783252796.306723105] [foxglove_bridge]: Client ID 2 is advertising "/initialpose" (geometry_msgs/PoseWithCovarianceStamped) on channel 3 with encoding "cdr"
[foxglove_bridge-1] [INFO] [1783252796.333987321] [foxglove_bridge]: Client ID 2 is advertising "/clicked_point" (geometry_msgs/PointStamped) on channel 4 with encoding "cdr"
[foxglove_bridge-1] [INFO] [1783252796.390272001] [foxglove_bridge]: publishing connection graph
[foxglove_bridge-1] [INFO] [1783252796.437602026] [foxglove_bridge]: received subscribe request for channel 6 from client 2
[foxglove_bridge-1] [INFO] [1783252796.437887526] [foxglove_bridge]: received subscribe request for channel 4 from client 2
[foxglove_bridge-1] [INFO] [1783252796.438108609] [foxglove_bridge]: received subscribe request for channel 57 from client 2
[foxglove_bridge-1] [INFO] [1783252796.460893247] [foxglove_bridge]: Created ROS subscription on /amcl_pose (geometry_msgs/msg/PoseWithCovarianceStamped) for channel 57
[foxglove_bridge-1] [INFO] [1783252796.461520122] [foxglove_bridge]: received subscribe request for channel 71 from client 2
[foxglove_bridge-1] [INFO] [1783252796.485697550] [foxglove_bridge]: Created ROS subscription on /foxglove_click_accepted_goal (geometry_msgs/msg/PoseStamped) for channel 71
[foxglove_bridge-1] [INFO] [1783252796.486059799] [foxglove_bridge]: received subscribe request for channel 70 from client 2
[foxglove_bridge-1] [INFO] [1783252796.506182316] [foxglove_bridge]: Created ROS subscription on /foxglove_click_goal_label (visualization_msgs/msg/Marker) for channel 70
[foxglove_bridge-1] [INFO] [1783252796.507180357] [foxglove_bridge]: received subscribe request for channel 69 from client 2
[foxglove_bridge-1] [INFO] [1783252796.526360958] [foxglove_bridge]: Created ROS subscription on /foxglove_click_goal_marker (visualization_msgs/msg/Marker) for channel 69
[foxglove_bridge-1] [INFO] [1783252796.527201790] [foxglove_bridge]: received subscribe request for channel 68 from client 2
[foxglove_bridge-1] [INFO] [1783252796.548837013] [foxglove_bridge]: Created ROS subscription on /foxglove_click_path_marker (visualization_msgs/msg/Marker) for channel 68
[foxglove_bridge-1] [INFO] [1783252796.554129174] [foxglove_bridge]: received subscribe request for channel 66 from client 2
[foxglove_bridge-1] [INFO] [1783252796.571817027] [foxglove_bridge]: Created ROS subscription on /foxglove_click_start_marker (visualization_msgs/msg/Marker) for channel 66
[foxglove_bridge-1] [INFO] [1783252796.572356901] [foxglove_bridge]: received subscribe request for channel 65 from client 2
[foxglove_bridge-1] [INFO] [1783252796.595740205] [foxglove_bridge]: Created ROS subscription on /foxglove_click_trajectory_dots (visualization_msgs/msg/Marker) for channel 65
[foxglove_bridge-1] [INFO] [1783252796.596034830] [foxglove_bridge]: received subscribe request for channel 72 from client 2
[foxglove_bridge-1] [INFO] [1783252796.609385480] [foxglove_bridge]: Created ROS subscription on /foxglove_goal_pose (geometry_msgs/msg/PoseStamped) for channel 72
[foxglove_bridge-1] [INFO] [1783252796.611097645] [foxglove_bridge]: received subscribe request for channel 64 from client 2
[foxglove_bridge-1] [INFO] [1783252796.634366324] [foxglove_bridge]: Created ROS subscription on /foxglove_map_viz (nav_msgs/msg/OccupancyGrid) for channel 64
[foxglove_bridge-1] [INFO] [1783252796.634650116] [foxglove_bridge]: received subscribe request for channel 40 from client 2
[foxglove_bridge-1] [INFO] [1783252796.657022088] [foxglove_bridge]: Created ROS subscription on /global_costmap/published_footprint (geometry_msgs/msg/PolygonStamped) for channel 40
[foxglove_bridge-1] [INFO] [1783252796.657935295] [foxglove_bridge]: received subscribe request for channel 62 from client 2
[foxglove_bridge-1] [INFO] [1783252796.676164939] [foxglove_bridge]: Created ROS subscription on /goal_pose (geometry_msgs/msg/PoseStamped) for channel 62
[foxglove_bridge-1] [INFO] [1783252796.679167269] [foxglove_bridge]: received subscribe request for channel 20 from client 2
[foxglove_bridge-1] [INFO] [1783252796.700398743] [foxglove_bridge]: Created ROS subscription on /image_raw (sensor_msgs/msg/Image) for channel 20
[foxglove_bridge-1] [INFO] [1783252796.700696117] [foxglove_bridge]: received subscribe request for channel 39 from client 2
[foxglove_bridge-1] [INFO] [1783252796.724930379] [foxglove_bridge]: Created ROS subscription on /initialpose (geometry_msgs/msg/PoseWithCovarianceStamped) for channel 39
[foxglove_bridge-1] [INFO] [1783252796.725357753] [foxglove_bridge]: received subscribe request for channel 45 from client 2
[foxglove_bridge-1] [INFO] [1783252796.745304479] [foxglove_bridge]: Created ROS subscription on /local_costmap/clearing_endpoints (sensor_msgs/msg/PointCloud2) for channel 45
[foxglove_bridge-1] [INFO] [1783252796.745643020] [foxglove_bridge]: received subscribe request for channel 47 from client 2
[foxglove_bridge-1] [INFO] [1783252796.765402329] [foxglove_bridge]: Created ROS subscription on /local_costmap/published_footprint (geometry_msgs/msg/PolygonStamped) for channel 47
[foxglove_bridge-1] [INFO] [1783252796.765879245] [foxglove_bridge]: received subscribe request for channel 35 from client 2
[foxglove_bridge-1] [INFO] [1783252796.786741678] [foxglove_bridge]: Created ROS subscription on /lookahead_collision_arc (nav_msgs/msg/Path) for channel 35
[foxglove_bridge-1] [INFO] [1783252796.787032219] [foxglove_bridge]: received subscribe request for channel 18 from client 2
[foxglove_bridge-1] [INFO] [1783252796.787156177] [foxglove_bridge]: received subscribe request for channel 50 from client 2
[foxglove_bridge-1] [INFO] [1783252796.806607861] [foxglove_bridge]: Created ROS subscription on /plan (nav_msgs/msg/Path) for channel 50
[foxglove_bridge-1] [INFO] [1783252796.807149027] [foxglove_bridge]: received subscribe request for channel 42 from client 2
[foxglove_bridge-1] [INFO] [1783252796.828094376] [foxglove_bridge]: Created ROS subscription on /plan_smoothed (nav_msgs/msg/Path) for channel 42
[foxglove_bridge-1] [INFO] [1783252796.828448793] [foxglove_bridge]: received subscribe request for channel 31 from client 2
[foxglove_bridge-1] [INFO] [1783252796.848595601] [foxglove_bridge]: Created ROS subscription on /received_global_plan (nav_msgs/msg/Path) for channel 31
[foxglove_bridge-1] [INFO] [1783252796.848890226] [foxglove_bridge]: received subscribe request for channel 5 from client 2
[foxglove_bridge-1] [INFO] [1783252796.849034600] [foxglove_bridge]: received subscribe request for channel 24 from client 2
[foxglove_bridge-1] [INFO] [1783252796.883987099] [foxglove_bridge]: Created ROS subscription on /scan_filtered (sensor_msgs/msg/LaserScan) for channel 24
[foxglove_bridge-1] [INFO] [1783252796.884262349] [foxglove_bridge]: received subscribe request for channel 16 from client 2
[foxglove_bridge-1] [INFO] [1783252796.884396890] [foxglove_bridge]: received subscribe request for channel 15 from client 2
[foxglove_bridge-1] [INFO] [1783252796.884480182] [foxglove_bridge]: received subscribe request for channel 9 from client 2
[foxglove_bridge-1] [INFO] [1783252796.910923941] [foxglove_bridge]: Created ROS subscription on /semantic_observation_rays (visualization_msgs/msg/MarkerArray) for channel 9
[foxglove_bridge-1] [INFO] [1783252796.911692815] [foxglove_bridge]: received subscribe request for channel 19 from client 2
[foxglove_bridge-1] [INFO] [1783252796.911883273] [foxglove_bridge]: received subscribe request for channel 8 from client 2
[foxglove_bridge-1] [INFO] [1783252796.912018064] [foxglove_bridge]: received subscribe request for channel 74 from client 2
[foxglove_bridge-1] [INFO] [1783252796.912867313] [foxglove_bridge]: Advertising new channel 75 for topic "/clicked_point"
[foxglove_bridge-1] [INFO] [1783252796.939114989] [foxglove_bridge]: Created ROS subscription on /move_base_simple/goal (geometry_msgs/msg/PoseStamped) for channel 74
[foxglove_bridge-1] [INFO] [1783252797.076218986] [foxglove_bridge]: publishing connection graph
[foxglove_bridge-1] [INFO] [1783252797.727783097] [foxglove_bridge]: publishing connection graph
[foxglove_bridge-1] [INFO] [1783252819.909834105] [foxglove_bridge]: received subscribe request for channel 67 from client 2
[foxglove_bridge-1] [INFO] [1783252819.937740196] [foxglove_bridge]: Created ROS subscription on /foxglove_click_planned_path (nav_msgs/msg/Path) for channel 67
[foxglove_bridge-1] [INFO] [1783252820.057732716] [foxglove_bridge]: publishing connection graph
[foxglove_bridge-1] [INFO] [1783252820.746563329] [foxglove_bridge]: publishing connection graph
[foxglove_bridge-1] [INFO] [1783252828.611816235] [foxglove_bridge]: received unsubscribe request for channel 67 from client 2
[foxglove_bridge-1] [INFO] [1783252828.612048485] [foxglove_bridge]: Cleaned up ROS subscription for channel 67 (no more subscribers)
[foxglove_bridge-1] [INFO] [1783252828.901133381] [foxglove_bridge]: publishing connection graph
[foxglove_bridge-1] [INFO] [1783252829.204640718] [foxglove_bridge]: received subscribe request for channel 67 from client 2
[foxglove_bridge-1] [INFO] [1783252829.229943104] [foxglove_bridge]: Created ROS subscription on /foxglove_click_planned_path (nav_msgs/msg/Path) for channel 67
[foxglove_bridge-1] [INFO] [1783252829.542251055] [foxglove_bridge]: publishing connection graph
[foxglove_bridge-1] [INFO] [1783252940.643444699] [foxglove_bridge]: received unsubscribe request for channel 47 from client 2
[foxglove_bridge-1] [INFO] [1783252940.643660657] [foxglove_bridge]: Cleaned up ROS subscription for channel 47 (no more subscribers)
[foxglove_bridge-1] [INFO] [1783252940.643748949] [foxglove_bridge]: received unsubscribe request for channel 40 from client 2
[foxglove_bridge-1] [INFO] [1783252940.643794949] [foxglove_bridge]: Cleaned up ROS subscription for channel 40 (no more subscribers)
[foxglove_bridge-1] [INFO] [1783252940.644059407] [foxglove_bridge]: received unsubscribe request for channel 69 from client 2
[foxglove_bridge-1] [INFO] [1783252940.644119407] [foxglove_bridge]: Cleaned up ROS subscription for channel 69 (no more subscribers)
[foxglove_bridge-1] [INFO] [1783252940.644174448] [foxglove_bridge]: received unsubscribe request for channel 62 from client 2
[foxglove_bridge-1] [INFO] [1783252940.644214657] [foxglove_bridge]: Cleaned up ROS subscription for channel 62 (no more subscribers)
[foxglove_bridge-1] [INFO] [1783252940.644260865] [foxglove_bridge]: received unsubscribe request for channel 8 from client 2
[foxglove_bridge-1] [INFO] [1783252940.644300532] [foxglove_bridge]: received unsubscribe request for channel 39 from client 2
[foxglove_bridge-1] [INFO] [1783252940.644338157] [foxglove_bridge]: Cleaned up ROS subscription for channel 39 (no more subscribers)
[foxglove_bridge-1] [INFO] [1783252940.644391240] [foxglove_bridge]: received unsubscribe request for channel 4 from client 2
[foxglove_bridge-1] [INFO] [1783252940.644433573] [foxglove_bridge]: received unsubscribe request for channel 68 from client 2
[foxglove_bridge-1] [INFO] [1783252940.644471990] [foxglove_bridge]: Cleaned up ROS subscription for channel 68 (no more subscribers)
[foxglove_bridge-1] [INFO] [1783252940.644523823] [foxglove_bridge]: received unsubscribe request for channel 9 from client 2
[foxglove_bridge-1] [INFO] [1783252940.644562490] [foxglove_bridge]: Cleaned up ROS subscription for channel 9 (no more subscribers)
[foxglove_bridge-1] [INFO] [1783252940.644609448] [foxglove_bridge]: received unsubscribe request for channel 57 from client 2
[foxglove_bridge-1] [INFO] [1783252940.644647656] [foxglove_bridge]: Cleaned up ROS subscription for channel 57 (no more subscribers)
[foxglove_bridge-1] [INFO] [1783252940.644700906] [foxglove_bridge]: received unsubscribe request for channel 16 from client 2
[foxglove_bridge-1] [INFO] [1783252940.644741906] [foxglove_bridge]: received unsubscribe request for channel 6 from client 2
[foxglove_bridge-1] [INFO] [1783252940.644782114] [foxglove_bridge]: received unsubscribe request for channel 35 from client 2
[foxglove_bridge-1] [INFO] [1783252940.644819948] [foxglove_bridge]: Cleaned up ROS subscription for channel 35 (no more subscribers)
[foxglove_bridge-1] [INFO] [1783252940.644865114] [foxglove_bridge]: received unsubscribe request for channel 45 from client 2
[foxglove_bridge-1] [INFO] [1783252940.644904198] [foxglove_bridge]: Cleaned up ROS subscription for channel 45 (no more subscribers)
[foxglove_bridge-1] [INFO] [1783252940.644957989] [foxglove_bridge]: received unsubscribe request for channel 42 from client 2
[foxglove_bridge-1] [INFO] [1783252940.644998281] [foxglove_bridge]: Cleaned up ROS subscription for channel 42 (no more subscribers)
[foxglove_bridge-1] [INFO] [1783252940.645042322] [foxglove_bridge]: received unsubscribe request for channel 5 from client 2
[foxglove_bridge-1] [INFO] [1783252940.645082072] [foxglove_bridge]: received unsubscribe request for channel 20 from client 2
[foxglove_bridge-1] [INFO] [1783252940.645119447] [foxglove_bridge]: Cleaned up ROS subscription for channel 20 (no more subscribers)
[foxglove_bridge-1] [INFO] [1783252940.645167072] [foxglove_bridge]: received unsubscribe request for channel 66 from client 2
[foxglove_bridge-1] [INFO] [1783252940.645206572] [foxglove_bridge]: Cleaned up ROS subscription for channel 66 (no more subscribers)
[foxglove_bridge-1] [INFO] [1783252940.645256114] [foxglove_bridge]: received unsubscribe request for channel 72 from client 2
[foxglove_bridge-1] [INFO] [1783252940.645295197] [foxglove_bridge]: Cleaned up ROS subscription for channel 72 (no more subscribers)
[foxglove_bridge-1] [INFO] [1783252940.645344155] [foxglove_bridge]: received unsubscribe request for channel 74 from client 2
[foxglove_bridge-1] [INFO] [1783252940.645382155] [foxglove_bridge]: Cleaned up ROS subscription for channel 74 (no more subscribers)
[foxglove_bridge-1] [INFO] [1783252940.645432239] [foxglove_bridge]: received unsubscribe request for channel 19 from client 2
[foxglove_bridge-1] [INFO] [1783252940.645472489] [foxglove_bridge]: received unsubscribe request for channel 71 from client 2
[foxglove_bridge-1] [INFO] [1783252940.645509280] [foxglove_bridge]: Cleaned up ROS subscription for channel 71 (no more subscribers)
[foxglove_bridge-1] [INFO] [1783252940.645563405] [foxglove_bridge]: received unsubscribe request for channel 65 from client 2
[foxglove_bridge-1] [INFO] [1783252940.645601947] [foxglove_bridge]: Cleaned up ROS subscription for channel 65 (no more subscribers)
[foxglove_bridge-1] [INFO] [1783252940.645651738] [foxglove_bridge]: received unsubscribe request for channel 64 from client 2
[foxglove_bridge-1] [INFO] [1783252940.645690363] [foxglove_bridge]: Cleaned up ROS subscription for channel 64 (no more subscribers)
[foxglove_bridge-1] [INFO] [1783252940.645876905] [foxglove_bridge]: received unsubscribe request for channel 18 from client 2
[foxglove_bridge-1] [INFO] [1783252940.645927530] [foxglove_bridge]: received unsubscribe request for channel 50 from client 2
[foxglove_bridge-1] [INFO] [1783252940.645966821] [foxglove_bridge]: Cleaned up ROS subscription for channel 50 (no more subscribers)
[foxglove_bridge-1] [INFO] [1783252940.646014571] [foxglove_bridge]: received unsubscribe request for channel 31 from client 2
[foxglove_bridge-1] [INFO] [1783252940.646052988] [foxglove_bridge]: Cleaned up ROS subscription for channel 31 (no more subscribers)
[foxglove_bridge-1] [INFO] [1783252940.646098654] [foxglove_bridge]: received unsubscribe request for channel 24 from client 2
[foxglove_bridge-1] [INFO] [1783252940.646136946] [foxglove_bridge]: Cleaned up ROS subscription for channel 24 (no more subscribers)
[foxglove_bridge-1] [INFO] [1783252940.646182404] [foxglove_bridge]: received unsubscribe request for channel 15 from client 2
[foxglove_bridge-1] [INFO] [1783252940.646221738] [foxglove_bridge]: received unsubscribe request for channel 70 from client 2
[foxglove_bridge-1] [INFO] [1783252940.646258238] [foxglove_bridge]: Cleaned up ROS subscription for channel 70 (no more subscribers)
[foxglove_bridge-1] [INFO] [1783252940.646311404] [foxglove_bridge]: received unsubscribe request for channel 67 from client 2
[foxglove_bridge-1] [INFO] [1783252940.646351238] [foxglove_bridge]: Cleaned up ROS subscription for channel 67 (no more subscribers)
[foxglove_bridge-1] [INFO] [1783252941.365593641] [foxglove_bridge]: publishing connection graph
[foxglove_bridge-1] [INFO] [1783252942.024754657] [foxglove_bridge]: publishing connection graph
[foxglove_bridge-1] [INFO] [1783252943.197774777] [rclcpp]: signal_handler(signum=2)
[foxglove_bridge-1] [INFO] [1783252943.212804467] [foxglove_bridge]: Shutting down foxglove_bridge
[foxglove_bridge-1] [INFO] [1783252945.428984362] [foxglove_bridge]: received connection graph subscribe request
[foxglove_bridge-1] [INFO] [1783252945.429139320] [foxglove_bridge]: received unsubscribe request for channel 18 from client 1
[foxglove_bridge-1] [INFO] [1783252945.429175570] [foxglove_bridge]: Cleaned up ROS subscription for channel 18 (no more subscribers)
[foxglove_bridge-1] [INFO] [1783252945.441795263] [foxglove_bridge]: received unsubscribe request for channel 5 from client 1
[foxglove_bridge-1] [INFO] [1783252945.441868138] [foxglove_bridge]: Cleaned up ROS subscription for channel 5 (no more subscribers)
[foxglove_bridge-1] [INFO] [1783252945.454771331] [foxglove_bridge]: received unsubscribe request for channel 6 from client 1
[foxglove_bridge-1] [INFO] [1783252945.454847790] [foxglove_bridge]: Cleaned up ROS subscription for channel 6 (no more subscribers)
[foxglove_bridge-1] [INFO] [1783252945.466754901] [foxglove_bridge]: received unsubscribe request for channel 23 from client 1
[foxglove_bridge-1] [INFO] [1783252945.466875942] [foxglove_bridge]: Cleaned up ROS subscription for channel 23 (no more subscribers)
[foxglove_bridge-1] [INFO] [1783252945.480530301] [foxglove_bridge]: received unsubscribe request for channel 4 from client 1
[foxglove_bridge-1] [INFO] [1783252945.480604343] [foxglove_bridge]: Cleaned up ROS subscription for channel 4 (no more subscribers)
[foxglove_bridge-1] [INFO] [1783252945.493580577] [foxglove_bridge]: received unsubscribe request for channel 15 from client 1
[foxglove_bridge-1] [INFO] [1783252945.493657827] [foxglove_bridge]: Cleaned up ROS subscription for channel 15 (no more subscribers)
[foxglove_bridge-1] [INFO] [1783252945.505629105] [foxglove_bridge]: received unsubscribe request for channel 19 from client 1
[foxglove_bridge-1] [INFO] [1783252945.505743313] [foxglove_bridge]: Cleaned up ROS subscription for channel 19 (no more subscribers)
[foxglove_bridge-1] [INFO] [1783252945.518530048] [foxglove_bridge]: received unsubscribe request for channel 16 from client 1
[foxglove_bridge-1] [INFO] [1783252945.521317170] [foxglove_bridge]: Cleaned up ROS subscription for channel 16 (no more subscribers)
[foxglove_bridge-1] [INFO] [1783252945.536521069] [foxglove_bridge]: received unsubscribe request for channel 8 from client 1
[foxglove_bridge-1] [INFO] [1783252945.539941190] [foxglove_bridge]: Cleaned up ROS subscription for channel 8 (no more subscribers)
[foxglove_bridge-1] [INFO] [1783252945.556218379] [foxglove_bridge]: received unsubscribe request for channel 11 from client 1
[foxglove_bridge-1] [INFO] [1783252945.559309292] [foxglove_bridge]: Cleaned up ROS subscription for channel 11 (no more subscribers)
[foxglove_bridge-1] [INFO] [1783252945.578917102] [foxglove_bridge]: Shutdown complete
[INFO] [foxglove_bridge-1]: process has finished cleanly [pid 100958]
