[INFO] [1783252602.907628325] [simple_scan_filter]: filter /scan -> /scan_filtered, keep=[0.22, 4.00], isolated_window=2, isolated_delta=0.25, min_support_neighbors=1
[INFO] [1783252616.753781026] [simple_scan_filter]: scan stats: n=404, zeros=68, nan=0, inf=0, finite_raw=336, finite_out=315, removed_isolated=7
[INFO] [1783252621.748705726] [simple_scan_filter]: scan stats: n=404, zeros=72, nan=0, inf=0, finite_raw=332, finite_out=318, removed_isolated=2
[INFO] [1783252626.755386082] [simple_scan_filter]: scan stats: n=404, zeros=67, nan=0, inf=0, finite_raw=337, finite_out=318, removed_isolated=6
[INFO] [1783252631.742974126] [simple_scan_filter]: scan stats: n=404, zeros=65, nan=0, inf=0, finite_raw=339, finite_out=321, removed_isolated=4
[INFO] [1783252636.743139201] [simple_scan_filter]: scan stats: n=404, zeros=75, nan=0, inf=0, finite_raw=329, finite_out=315, removed_isolated=2
[INFO] [1783252641.734228509] [simple_scan_filter]: scan stats: n=404, zeros=67, nan=0, inf=0, finite_raw=337, finite_out=320, removed_isolated=4
[INFO] [1783252646.730149513] [simple_scan_filter]: scan stats: n=404, zeros=71, nan=0, inf=0, finite_raw=333, finite_out=318, removed_isolated=2
[INFO] [1783252651.721341667] [simple_scan_filter]: scan stats: n=404, zeros=67, nan=0, inf=0, finite_raw=337, finite_out=318, removed_isolated=6
[INFO] [1783252656.723972686] [simple_scan_filter]: scan stats: n=404, zeros=70, nan=0, inf=0, finite_raw=334, finite_out=316, removed_isolated=5
[INFO] [1783252661.721234564] [simple_scan_filter]: scan stats: n=404, zeros=66, nan=0, inf=0, finite_raw=338, finite_out=318, removed_isolated=3
[INFO] [1783252666.716767594] [simple_scan_filter]: scan stats: n=404, zeros=66, nan=0, inf=0, finite_raw=338, finite_out=319, removed_isolated=6
[INFO] [1783252671.708194025] [simple_scan_filter]: scan stats: n=404, zeros=67, nan=0, inf=0, finite_raw=337, finite_out=318, removed_isolated=6
[INFO] [1783252676.705023444] [simple_scan_filter]: scan stats: n=404, zeros=66, nan=0, inf=0, finite_raw=338, finite_out=320, removed_isolated=4
[INFO] [1783252681.706562476] [simple_scan_filter]: scan stats: n=404, zeros=66, nan=0, inf=0, finite_raw=338, finite_out=319, removed_isolated=3
[INFO] [1783252686.699808616] [simple_scan_filter]: scan stats: n=404, zeros=72, nan=0, inf=0, finite_raw=332, finite_out=319, removed_isolated=3
[INFO] [1783252691.694582577] [simple_scan_filter]: scan stats: n=404, zeros=69, nan=0, inf=0, finite_raw=335, finite_out=320, removed_isolated=1
[INFO] [1783252696.689561357] [simple_scan_filter]: scan stats: n=404, zeros=70, nan=0, inf=0, finite_raw=334, finite_out=316, removed_isolated=7
[INFO] [1783252701.685141749] [simple_scan_filter]: scan stats: n=404, zeros=67, nan=0, inf=0, finite_raw=337, finite_out=318, removed_isolated=3
[INFO] [1783252706.683309045] [simple_scan_filter]: scan stats: n=404, zeros=65, nan=0, inf=0, finite_raw=339, finite_out=318, removed_isolated=6
[INFO] [1783252711.681888827] [simple_scan_filter]: scan stats: n=404, zeros=67, nan=0, inf=0, finite_raw=337, finite_out=320, removed_isolated=3
[INFO] [1783252716.672393260] [simple_scan_filter]: scan stats: n=404, zeros=66, nan=0, inf=0, finite_raw=338, finite_out=320, removed_isolated=4
[INFO] [1783252721.672044141] [simple_scan_filter]: scan stats: n=404, zeros=68, nan=0, inf=0, finite_raw=336, finite_out=319, removed_isolated=4
[INFO] [1783252726.720089186] [simple_scan_filter]: scan stats: n=404, zeros=67, nan=0, inf=0, finite_raw=337, finite_out=319, removed_isolated=3
[INFO] [1783252731.663044569] [simple_scan_filter]: scan stats: n=404, zeros=67, nan=0, inf=0, finite_raw=337, finite_out=320, removed_isolated=2
[INFO] [1783252736.664019077] [simple_scan_filter]: scan stats: n=404, zeros=69, nan=0, inf=0, finite_raw=335, finite_out=318, removed_isolated=2
[INFO] [1783252741.655130195] [simple_scan_filter]: scan stats: n=404, zeros=71, nan=0, inf=0, finite_raw=333, finite_out=318, removed_isolated=3
[INFO] [1783252746.651731218] [simple_scan_filter]: scan stats: n=404, zeros=69, nan=0, inf=0, finite_raw=335, finite_out=319, removed_isolated=2
[INFO] [1783252751.663475095] [simple_scan_filter]: scan stats: n=404, zeros=66, nan=0, inf=0, finite_raw=338, finite_out=320, removed_isolated=5
[INFO] [1783252756.649839259] [simple_scan_filter]: scan stats: n=404, zeros=68, nan=0, inf=0, finite_raw=336, finite_out=318, removed_isolated=3
[INFO] [1783252761.642980251] [simple_scan_filter]: scan stats: n=404, zeros=70, nan=0, inf=0, finite_raw=334, finite_out=316, removed_isolated=5
[INFO] [1783252766.634768422] [simple_scan_filter]: scan stats: n=404, zeros=74, nan=0, inf=0, finite_raw=330, finite_out=319, removed_isolated=1
[INFO] [1783252771.641688377] [simple_scan_filter]: scan stats: n=404, zeros=69, nan=0, inf=0, finite_raw=335, finite_out=319, removed_isolated=3
[INFO] [1783252776.627483160] [simple_scan_filter]: scan stats: n=404, zeros=65, nan=0, inf=0, finite_raw=339, finite_out=319, removed_isolated=6
[INFO] [1783252781.632205515] [simple_scan_filter]: scan stats: n=404, zeros=71, nan=0, inf=0, finite_raw=333, finite_out=315, removed_isolated=5
[INFO] [1783252786.633080260] [simple_scan_filter]: scan stats: n=404, zeros=65, nan=0, inf=0, finite_raw=339, finite_out=319, removed_isolated=3
[INFO] [1783252791.620748115] [simple_scan_filter]: scan stats: n=404, zeros=70, nan=0, inf=0, finite_raw=334, finite_out=317, removed_isolated=4
[INFO] [1783252796.630729954] [simple_scan_filter]: scan stats: n=404, zeros=67, nan=0, inf=0, finite_raw=337, finite_out=318, removed_isolated=5
[INFO] [1783252801.620546745] [simple_scan_filter]: scan stats: n=404, zeros=64, nan=0, inf=0, finite_raw=340, finite_out=319, removed_isolated=2
[INFO] [1783252806.606847051] [simple_scan_filter]: scan stats: n=404, zeros=70, nan=0, inf=0, finite_raw=334, finite_out=319, removed_isolated=2
[INFO] [1783252811.601605565] [simple_scan_filter]: scan stats: n=404, zeros=65, nan=0, inf=0, finite_raw=339, finite_out=319, removed_isolated=3
[INFO] [1783252816.604205581] [simple_scan_filter]: scan stats: n=404, zeros=64, nan=0, inf=0, finite_raw=340, finite_out=319, removed_isolated=3
[INFO] [1783252821.597608202] [simple_scan_filter]: scan stats: n=404, zeros=71, nan=0, inf=0, finite_raw=333, finite_out=312, removed_isolated=8
[INFO] [1783252826.589187585] [simple_scan_filter]: scan stats: n=404, zeros=68, nan=0, inf=0, finite_raw=336, finite_out=319, removed_isolated=5
[INFO] [1783252831.587018014] [simple_scan_filter]: scan stats: n=404, zeros=68, nan=0, inf=0, finite_raw=336, finite_out=317, removed_isolated=3
[INFO] [1783252836.584335453] [simple_scan_filter]: scan stats: n=404, zeros=65, nan=0, inf=0, finite_raw=339, finite_out=320, removed_isolated=3
[INFO] [1783252841.578378699] [simple_scan_filter]: scan stats: n=404, zeros=69, nan=0, inf=0, finite_raw=335, finite_out=317, removed_isolated=3
[INFO] [1783252846.576630158] [simple_scan_filter]: scan stats: n=404, zeros=67, nan=0, inf=0, finite_raw=337, finite_out=319, removed_isolated=1
[INFO] [1783252851.580389246] [simple_scan_filter]: scan stats: n=404, zeros=65, nan=0, inf=0, finite_raw=339, finite_out=319, removed_isolated=6
[INFO] [1783252856.568050073] [simple_scan_filter]: scan stats: n=404, zeros=65, nan=0, inf=0, finite_raw=339, finite_out=320, removed_isolated=6
[INFO] [1783252861.564653815] [simple_scan_filter]: scan stats: n=404, zeros=65, nan=0, inf=0, finite_raw=339, finite_out=317, removed_isolated=8
[INFO] [1783252866.558485238] [simple_scan_filter]: scan stats: n=404, zeros=75, nan=0, inf=0, finite_raw=329, finite_out=314, removed_isolated=3
[INFO] [1783252871.565101531] [simple_scan_filter]: scan stats: n=404, zeros=38, nan=0, inf=0, finite_raw=366, finite_out=284, removed_isolated=4
[INFO] [1783252876.565746009] [simple_scan_filter]: scan stats: n=404, zeros=56, nan=0, inf=0, finite_raw=348, finite_out=294, removed_isolated=1
[INFO] [1783252881.559161380] [simple_scan_filter]: scan stats: n=404, zeros=29, nan=0, inf=0, finite_raw=375, finite_out=371, removed_isolated=0
[INFO] [1783252886.554324134] [simple_scan_filter]: scan stats: n=404, zeros=29, nan=0, inf=0, finite_raw=375, finite_out=367, removed_isolated=0
[INFO] [1783252891.569386334] [simple_scan_filter]: scan stats: n=404, zeros=33, nan=0, inf=0, finite_raw=371, finite_out=365, removed_isolated=0
[INFO] [1783252896.536940434] [simple_scan_filter]: scan stats: n=404, zeros=49, nan=0, inf=0, finite_raw=355, finite_out=312, removed_isolated=3
[INFO] [1783252901.537370712] [simple_scan_filter]: scan stats: n=404, zeros=43, nan=0, inf=0, finite_raw=361, finite_out=346, removed_isolated=1
[INFO] [1783252906.528176430] [simple_scan_filter]: scan stats: n=404, zeros=79, nan=0, inf=0, finite_raw=325, finite_out=286, removed_isolated=5
[INFO] [1783252911.529216812] [simple_scan_filter]: scan stats: n=404, zeros=101, nan=0, inf=0, finite_raw=303, finite_out=239, removed_isolated=2
[INFO] [1783252916.524985543] [simple_scan_filter]: scan stats: n=404, zeros=80, nan=0, inf=0, finite_raw=324, finite_out=259, removed_isolated=2
[INFO] [1783252921.519264745] [simple_scan_filter]: scan stats: n=404, zeros=77, nan=0, inf=0, finite_raw=327, finite_out=259, removed_isolated=3
[INFO] [1783252926.520163699] [simple_scan_filter]: scan stats: n=404, zeros=89, nan=0, inf=0, finite_raw=315, finite_out=264, removed_isolated=5
[INFO] [1783252931.512258799] [simple_scan_filter]: scan stats: n=404, zeros=98, nan=0, inf=0, finite_raw=306, finite_out=248, removed_isolated=8
[INFO] [1783252936.507345322] [simple_scan_filter]: scan stats: n=404, zeros=99, nan=0, inf=0, finite_raw=305, finite_out=247, removed_isolated=6
[INFO] [1783252941.514877590] [simple_scan_filter]: scan stats: n=404, zeros=99, nan=0, inf=0, finite_raw=305, finite_out=249, removed_isolated=3
Traceback (most recent call last):
  File "/root/rdk_x5_vln_robot/ros2_bridge/simple_scan_filter.py", line 197, in <module>
    main()
  File "/root/rdk_x5_vln_robot/ros2_bridge/simple_scan_filter.py", line 191, in main
    rclpy.spin(node)
  File "/opt/ros/humble/local/lib/python3.10/dist-packages/rclpy/__init__.py", line 229, in spin
    executor.spin_once()
  File "/opt/ros/humble/local/lib/python3.10/dist-packages/rclpy/executors.py", line 751, in spin_once
    self._spin_once_impl(timeout_sec)
  File "/opt/ros/humble/local/lib/python3.10/dist-packages/rclpy/executors.py", line 748, in _spin_once_impl
    raise handler.exception()
  File "/opt/ros/humble/local/lib/python3.10/dist-packages/rclpy/task.py", line 254, in __call__
    self._handler.send(None)
  File "/opt/ros/humble/local/lib/python3.10/dist-packages/rclpy/executors.py", line 447, in handler
    await call_coroutine(entity, arg)
  File "/opt/ros/humble/local/lib/python3.10/dist-packages/rclpy/executors.py", line 372, in _execute_subscription
    await await_or_execute(sub.callback, msg)
  File "/opt/ros/humble/local/lib/python3.10/dist-packages/rclpy/executors.py", line 107, in await_or_execute
    return callback(*args)
  File "/root/rdk_x5_vln_robot/ros2_bridge/simple_scan_filter.py", line 143, in cb
    self.pub.publish(out)
  File "/opt/ros/humble/local/lib/python3.10/dist-packages/rclpy/publisher.py", line 70, in publish
    self.__publisher.publish(msg)
rclpy._rclpy_pybind11.RCLError: Failed to publish: publisher's context is invalid, at ./src/rcl/publisher.c:389
