[INFO] [1782983714.421194548] [map_server]: 
	map_server lifecycle node launched. 
	Waiting on external lifecycle transitions to activate
	See https://design.ros2.org/articles/node_lifecycle.html for more information.
[INFO] [1782983714.421863006] [map_server]: Creating
[INFO] [1782983727.575622182] [map_server]: Configuring
[INFO] [1782983727.576095307] [map_io]: Loading yaml file: /root/rdk_x5_vln_robot/maps/joy_calibrated_corridor_map.yaml
[INFO] [1782983727.577206181] [map_io]: resolution: 0.05
[INFO] [1782983727.577368681] [map_io]: origin[0]: -3.98
[INFO] [1782983727.577441848] [map_io]: origin[1]: -5.16
[INFO] [1782983727.577497348] [map_io]: origin[2]: 0
[INFO] [1782983727.577553848] [map_io]: free_thresh: 0.25
[INFO] [1782983727.577608140] [map_io]: occupied_thresh: 0.65
[INFO] [1782983727.577681015] [map_io]: mode: trinary
[INFO] [1782983727.577747098] [map_io]: negate: 0
[INFO] [1782983727.579071056] [map_io]: Loading image_file: /root/rdk_x5_vln_robot/maps/joy_calibrated_corridor_map.pgm
[INFO] [1782983727.599035921] [map_io]: Read map /root/rdk_x5_vln_robot/maps/joy_calibrated_corridor_map.pgm: 146 X 167 map @ 0.05 m/cell
[INFO] [1782983736.756475445] [map_server]: Activating
[INFO] [1782983736.757377861] [map_server]: Creating bond (map_server) to lifecycle manager.
[INFO] [1782983828.905193697] [rclcpp]: signal_handler(signum=15)
[INFO] [1782983828.905648155] [map_server]: Running Nav2 LifecycleNode rcl preshutdown (map_server)
[INFO] [1782983828.906019863] [map_server]: Deactivating
[INFO] [1782983828.906208905] [map_server]: Destroying bond (map_server) to lifecycle manager.
[INFO] [1782983828.916770441] [map_server]: Cleaning up
[INFO] [1782983828.917088525] [map_server]: Destroying bond (map_server) to lifecycle manager.
[INFO] [1782983828.933395183] [map_server]: Destroying
