[INFO] [launch]: All log files can be found below /root/.ros/log/2026-07-06-14-33-20-682705-ubuntu-14319
[INFO] [launch]: Default logging verbosity is set to INFO
[INFO] [foxglove_bridge-1]: process started with pid [14357]
[foxglove_bridge-1] [INFO] [1783319601.802577718] [foxglove_bridge]: Starting foxglove_bridge (humble, 3.3.0@)
[foxglove_bridge-1] [INFO] [1783319601.808996800] [foxglove_bridge]: Server listening on port 8765
[foxglove_bridge-1] [INFO] [1783319601.813344091] [foxglove_bridge]: Advertising new channel 2 for topic "/tf_static"
[foxglove_bridge-1] [INFO] [1783319601.813531174] [foxglove_bridge]: Advertising new channel 3 for topic "/tf"
[foxglove_bridge-1] [INFO] [1783319601.814260507] [foxglove_bridge]: Advertising new channel 4 for topic "/rosout"
[foxglove_bridge-1] [INFO] [1783319601.815123798] [foxglove_bridge]: Advertising new channel 5 for topic "/scan"
[foxglove_bridge-1] [INFO] [1783319601.816495881] [foxglove_bridge]: Advertising new channel 6 for topic "/parameter_events"
[foxglove_bridge-1] [INFO] [1783319601.818690506] [foxglove_bridge]: Advertising new channel 7 for topic "/odom"
[foxglove_bridge-1] [INFO] [1783319601.819230172] [foxglove_bridge]: Advertising new channel 8 for topic "/cmd_vel_sent"
[foxglove_bridge-1] [INFO] [1783319601.819348797] [foxglove_bridge]: Advertising new channel 9 for topic "/scan_filtered"
[foxglove_bridge-1] [INFO] [1783319601.819408756] [foxglove_bridge]: Advertising new channel 10 for topic "/cmd_vel"
[foxglove_bridge-1] [INFO] [1783319601.819851839] [foxglove_bridge]: Advertising new channel 11 for topic "/chassis_bridge_state"
[foxglove_bridge-1] [INFO] [1783319602.247603515] [foxglove_bridge]: received connection graph subscribe request
[foxglove_bridge-1] [INFO] [1783319602.248125598] [foxglove_bridge]: received subscribe request for channel 2 from client 1
[foxglove_bridge-1] [INFO] [1783319602.260743970] [foxglove_bridge]: Created ROS subscription on /tf_static (tf2_msgs/msg/TFMessage) for channel 2
[foxglove_bridge-1] [INFO] [1783319602.260986345] [foxglove_bridge]: received subscribe request for channel 5 from client 1
[foxglove_bridge-1] [INFO] [1783319602.268404009] [foxglove_bridge]: Created ROS subscription on /scan (sensor_msgs/msg/LaserScan) for channel 5
[foxglove_bridge-1] [INFO] [1783319602.268654384] [foxglove_bridge]: received subscribe request for channel 3 from client 1
[foxglove_bridge-1] [INFO] [1783319602.271511300] [foxglove_bridge]: Created ROS subscription on /tf (tf2_msgs/msg/TFMessage) for channel 3
[foxglove_bridge-1] [INFO] [1783319602.271768467] [foxglove_bridge]: received subscribe request for channel 10 from client 1
[foxglove_bridge-1] [INFO] [1783319602.276006966] [foxglove_bridge]: Created ROS subscription on /cmd_vel (geometry_msgs/msg/Twist) for channel 10
[foxglove_bridge-1] [INFO] [1783319602.440611754] [foxglove_bridge]: publishing connection graph
[foxglove_bridge-1] [INFO] [1783319607.140368518] [foxglove_bridge]: received subscribe request for channel 3 from client 2
[foxglove_bridge-1] [INFO] [1783319607.140593226] [foxglove_bridge]: received subscribe request for channel 2 from client 2
[foxglove_bridge-1] [INFO] [1783319607.140702726] [foxglove_bridge]: received subscribe request for channel 5 from client 2
[foxglove_bridge-1] [INFO] [1783319607.140777101] [foxglove_bridge]: received subscribe request for channel 9 from client 2
[foxglove_bridge-1] [INFO] [1783319607.143302351] [foxglove_bridge]: Created ROS subscription on /scan_filtered (sensor_msgs/msg/LaserScan) for channel 9
[foxglove_bridge-1] [INFO] [1783319607.147357266] [foxglove_bridge]: publishing connection graph
[foxglove_bridge-1] [INFO] [1783319607.651848961] [foxglove_bridge]: publishing connection graph
[foxglove_bridge-1] [INFO] [1783319608.156257573] [foxglove_bridge]: publishing connection graph
[foxglove_bridge-1] [INFO] [1783319612.001229931] [foxglove_bridge]: publishing connection graph
[foxglove_bridge-1] [INFO] [1783319612.509198832] [foxglove_bridge]: Advertising new channel 12 for topic "/controller_server/transition_event"
[foxglove_bridge-1] [INFO] [1783319615.194316544] [foxglove_bridge]: publishing connection graph
[foxglove_bridge-1] [INFO] [1783319615.699783278] [foxglove_bridge]: Advertising new channel 13 for topic "/velocity_smoother/transition_event"
[foxglove_bridge-1] [INFO] [1783319615.700776111] [foxglove_bridge]: Advertising new channel 14 for topic "/speed_limit"
[foxglove_bridge-1] [INFO] [1783319615.701988111] [foxglove_bridge]: Advertising new channel 15 for topic "/received_global_plan"
[foxglove_bridge-1] [INFO] [1783319615.703407568] [foxglove_bridge]: Advertising new channel 16 for topic "/particle_cloud"
[foxglove_bridge-1] [INFO] [1783319615.703736027] [foxglove_bridge]: Advertising new channel 17 for topic "/waypoint_follower/transition_event"
[foxglove_bridge-1] [INFO] [1783319615.704032193] [foxglove_bridge]: Advertising new channel 18 for topic "/map_server/transition_event"
[foxglove_bridge-1] [INFO] [1783319615.705146235] [foxglove_bridge]: Advertising new channel 19 for topic "/map"
[foxglove_bridge-1] [INFO] [1783319615.705750901] [foxglove_bridge]: Advertising new channel 20 for topic "/lookahead_point"
[foxglove_bridge-1] [INFO] [1783319615.706103943] [foxglove_bridge]: Advertising new channel 21 for topic "/lookahead_collision_arc"
[foxglove_bridge-1] [INFO] [1783319615.707383026] [foxglove_bridge]: Advertising new channel 22 for topic "/local_costmap/published_footprint"
[foxglove_bridge-1] [INFO] [1783319615.708546234] [foxglove_bridge]: Advertising new channel 23 for topic "/local_costmap/costmap_raw"
[foxglove_bridge-1] [INFO] [1783319615.708766359] [foxglove_bridge]: Advertising new channel 24 for topic "/plan"
[foxglove_bridge-1] [INFO] [1783319615.708936525] [foxglove_bridge]: Advertising new channel 25 for topic "/local_costmap/costmap"
[foxglove_bridge-1] [INFO] [1783319615.710164817] [foxglove_bridge]: Advertising new channel 26 for topic "/local_costmap/clearing_endpoints"
[foxglove_bridge-1] [INFO] [1783319615.710373817] [foxglove_bridge]: Advertising new channel 27 for topic "/plan_smoothed"
[foxglove_bridge-1] [INFO] [1783319615.711013775] [foxglove_bridge]: Advertising new channel 28 for topic "/initialpose"
[foxglove_bridge-1] [INFO] [1783319615.711273525] [foxglove_bridge]: Advertising new channel 29 for topic "/planner_server/transition_event"
[foxglove_bridge-1] [INFO] [1783319615.711809066] [foxglove_bridge]: Advertising new channel 30 for topic "/local_costmap/footprint"
[foxglove_bridge-1] [INFO] [1783319615.711973983] [foxglove_bridge]: Advertising new channel 31 for topic "/global_costmap/published_footprint"
[foxglove_bridge-1] [INFO] [1783319615.712096691] [foxglove_bridge]: Advertising new channel 32 for topic "/global_costmap/footprint"
[foxglove_bridge-1] [INFO] [1783319615.712326566] [foxglove_bridge]: Advertising new channel 33 for topic "/local_costmap/local_costmap/transition_event"
[foxglove_bridge-1] [INFO] [1783319615.712977482] [foxglove_bridge]: Advertising new channel 34 for topic "/global_costmap/costmap_updates"
[foxglove_bridge-1] [INFO] [1783319615.713271316] [foxglove_bridge]: Advertising new channel 35 for topic "/global_costmap/costmap"
[foxglove_bridge-1] [INFO] [1783319615.714623815] [foxglove_bridge]: Advertising new channel 36 for topic "/diagnostics"
[foxglove_bridge-1] [INFO] [1783319615.714962732] [foxglove_bridge]: Advertising new channel 37 for topic "/global_costmap/global_costmap/transition_event"
[foxglove_bridge-1] [INFO] [1783319615.715168232] [foxglove_bridge]: Advertising new channel 38 for topic "/cmd_vel_nav"
[foxglove_bridge-1] [INFO] [1783319615.715329398] [foxglove_bridge]: Advertising new channel 39 for topic "/local_costmap/costmap_updates"
[foxglove_bridge-1] [INFO] [1783319615.715496773] [foxglove_bridge]: Advertising new channel 40 for topic "/global_costmap/costmap_raw"
[foxglove_bridge-1] [INFO] [1783319615.715689565] [foxglove_bridge]: Advertising new channel 41 for topic "/smoother_server/transition_event"
[foxglove_bridge-1] [INFO] [1783319615.715928357] [foxglove_bridge]: Advertising new channel 42 for topic "/bt_navigator/transition_event"
[foxglove_bridge-1] [INFO] [1783319615.716608940] [foxglove_bridge]: Advertising new channel 43 for topic "/bond"
[foxglove_bridge-1] [INFO] [1783319615.716958648] [foxglove_bridge]: Advertising new channel 44 for topic "/behavior_server/transition_event"
[foxglove_bridge-1] [INFO] [1783319615.717208106] [foxglove_bridge]: Advertising new channel 45 for topic "/amcl_pose"
[foxglove_bridge-1] [INFO] [1783319615.717507023] [foxglove_bridge]: Advertising new channel 46 for topic "/amcl/transition_event"
[foxglove_bridge-1] [INFO] [1783319615.735101935] [foxglove_bridge]: received subscribe request for channel 19 from client 2
[foxglove_bridge-1] [INFO] [1783319615.750080514] [foxglove_bridge]: received subscribe request for channel 19 from client 1
[foxglove_bridge-1] [INFO] [1783319615.761923594] [foxglove_bridge]: Created ROS subscription on /map (nav_msgs/msg/OccupancyGrid) for channel 19
[foxglove_bridge-1] [INFO] [1783319615.762415594] [foxglove_bridge]: received subscribe request for channel 22 from client 2
[foxglove_bridge-1] [INFO] [1783319615.791583711] [foxglove_bridge]: Created ROS subscription on /local_costmap/published_footprint (geometry_msgs/msg/PolygonStamped) for channel 22
[foxglove_bridge-1] [INFO] [1783319615.791906085] [foxglove_bridge]: received subscribe request for channel 26 from client 2
[foxglove_bridge-1] [INFO] [1783319615.811470247] [foxglove_bridge]: Created ROS subscription on /local_costmap/clearing_endpoints (sensor_msgs/msg/PointCloud2) for channel 26
[foxglove_bridge-1] [INFO] [1783319615.811760288] [foxglove_bridge]: received subscribe request for channel 27 from client 2
[foxglove_bridge-1] [INFO] [1783319615.835262907] [foxglove_bridge]: Created ROS subscription on /plan_smoothed (nav_msgs/msg/Path) for channel 27
[foxglove_bridge-1] [INFO] [1783319615.835900782] [foxglove_bridge]: received subscribe request for channel 28 from client 2
[foxglove_bridge-1] [INFO] [1783319615.862231858] [foxglove_bridge]: Created ROS subscription on /initialpose (geometry_msgs/msg/PoseWithCovarianceStamped) for channel 28
[foxglove_bridge-1] [INFO] [1783319615.862573441] [foxglove_bridge]: received subscribe request for channel 31 from client 2
[foxglove_bridge-1] [INFO] [1783319615.884854351] [foxglove_bridge]: Created ROS subscription on /global_costmap/published_footprint (geometry_msgs/msg/PolygonStamped) for channel 31
[foxglove_bridge-1] [INFO] [1783319615.885176184] [foxglove_bridge]: received subscribe request for channel 45 from client 2
[foxglove_bridge-1] [INFO] [1783319615.905146054] [foxglove_bridge]: Created ROS subscription on /amcl_pose (geometry_msgs/msg/PoseWithCovarianceStamped) for channel 45
[foxglove_bridge-1] [INFO] [1783319617.371477685] [foxglove_bridge]: publishing connection graph
[foxglove_bridge-1] [INFO] [1783319617.878055168] [foxglove_bridge]: Advertising new channel 47 for topic "/preempt_teleop"
[foxglove_bridge-1] [INFO] [1783319617.878941501] [foxglove_bridge]: Advertising new channel 48 for topic "/goal_pose"
[foxglove_bridge-1] [INFO] [1783319617.879258585] [foxglove_bridge]: Advertising new channel 49 for topic "/cmd_vel_teleop"
[foxglove_bridge-1] [INFO] [1783319617.902331953] [foxglove_bridge]: received subscribe request for channel 48 from client 2
[foxglove_bridge-1] [INFO] [1783319617.919373782] [foxglove_bridge]: Created ROS subscription on /goal_pose (geometry_msgs/msg/PoseStamped) for channel 48
[foxglove_bridge-1] [INFO] [1783319618.151198967] [foxglove_bridge]: publishing connection graph
[foxglove_bridge-1] [INFO] [1783319618.712862184] [foxglove_bridge]: publishing connection graph
[foxglove_bridge-1] [INFO] [1783319619.250793449] [foxglove_bridge]: publishing connection graph
[foxglove_bridge-1] [ERROR] [1783319623.696252151] [foxglove_bridge]: Failed to retrieve parameters from node '/controller_server': Failed to retrieve parameter names for node '/controller_server'
[foxglove_bridge-1] [WARN] [1783319623.696438942] [foxglove_bridge]: Adding node /controller_server to the ignore list to prevent repeated timeouts or failures in future parameter requests.
[foxglove_bridge-1] [ERROR] [1783319623.696900692] [foxglove_bridge]: Failed to retrieve parameters from node '/bt_navigator_navigate_to_pose_rclcpp_node': Failed to retrieve parameter names for node '/bt_navigator_navigate_to_pose_rclcpp_node'
[foxglove_bridge-1] [WARN] [1783319623.696975442] [foxglove_bridge]: Adding node /bt_navigator_navigate_to_pose_rclcpp_node to the ignore list to prevent repeated timeouts or failures in future parameter requests.
[foxglove_bridge-1] [ERROR] [1783319623.697267942] [foxglove_bridge]: Failed to retrieve parameters from node '/bt_navigator_navigate_through_poses_rclcpp_node': Failed to retrieve parameter names for node '/bt_navigator_navigate_through_poses_rclcpp_node'
[foxglove_bridge-1] [WARN] [1783319623.697324609] [foxglove_bridge]: Adding node /bt_navigator_navigate_through_poses_rclcpp_node to the ignore list to prevent repeated timeouts or failures in future parameter requests.
[foxglove_bridge-1] [INFO] [1783319623.882847139] [foxglove_bridge]: publishing connection graph
[foxglove_bridge-1] [INFO] [1783319624.618595263] [foxglove_bridge]: publishing connection graph
[foxglove_bridge-1] [INFO] [1783319625.259527581] [foxglove_bridge]: publishing connection graph
[foxglove_bridge-1] [INFO] [1783319625.801192926] [foxglove_bridge]: publishing connection graph
[foxglove_bridge-1] [INFO] [1783319626.889791240] [foxglove_bridge]: publishing connection graph
[foxglove_bridge-1] [INFO] [1783319628.146121130] [foxglove_bridge]: publishing connection graph
[foxglove_bridge-1] [INFO] [1783319633.098017202] [foxglove_bridge]: publishing connection graph
[foxglove_bridge-1] [INFO] [1783319633.898202303] [foxglove_bridge]: publishing connection graph
[foxglove_bridge-1] [INFO] [1783319634.449301268] [foxglove_bridge]: publishing connection graph
[foxglove_bridge-1] [INFO] [1783319635.060191257] [foxglove_bridge]: publishing connection graph
[foxglove_bridge-1] [INFO] [1783319635.597028433] [foxglove_bridge]: publishing connection graph
[foxglove_bridge-1] [INFO] [1783319637.559471152] [foxglove_bridge]: publishing connection graph
[foxglove_bridge-1] [INFO] [1783319638.105200367] [foxglove_bridge]: publishing connection graph
[foxglove_bridge-1] [INFO] [1783319638.650411666] [foxglove_bridge]: publishing connection graph
[foxglove_bridge-1] [INFO] [1783319639.290473603] [foxglove_bridge]: publishing connection graph
[foxglove_bridge-1] [INFO] [1783319639.952804367] [foxglove_bridge]: publishing connection graph
[foxglove_bridge-1] [INFO] [1783319640.467644757] [foxglove_bridge]: Advertising new channel 50 for topic "/behavior_tree_log"
[foxglove_bridge-1] [INFO] [1783319640.526497281] [foxglove_bridge]: publishing connection graph
[foxglove_bridge-1] [INFO] [1783319641.079546577] [foxglove_bridge]: publishing connection graph
[foxglove_bridge-1] [INFO] [1783319644.286654712] [foxglove_bridge]: publishing connection graph
[foxglove_bridge-1] [INFO] [1783319644.858031751] [foxglove_bridge]: publishing connection graph
[foxglove_bridge-1] [INFO] [1783319646.169429361] [foxglove_bridge]: publishing connection graph
[foxglove_bridge-1] [INFO] [1783319647.086972380] [foxglove_bridge]: publishing connection graph
[foxglove_bridge-1] [INFO] [1783319647.863735939] [foxglove_bridge]: publishing connection graph
[foxglove_bridge-1] [INFO] [1783319648.415041608] [foxglove_bridge]: publishing connection graph
[foxglove_bridge-1] [INFO] [1783319648.960511612] [foxglove_bridge]: publishing connection graph
[foxglove_bridge-1] [INFO] [1783319707.063389093] [foxglove_bridge]: publishing connection graph
[foxglove_bridge-1] [INFO] [1783319707.615790661] [foxglove_bridge]: publishing connection graph
[foxglove_bridge-1] [INFO] [1783319708.743877540] [foxglove_bridge]: publishing connection graph
[foxglove_bridge-1] [INFO] [1783319709.883597081] [foxglove_bridge]: publishing connection graph
[foxglove_bridge-1] [INFO] [1783319711.681303196] [foxglove_bridge]: publishing connection graph
[foxglove_bridge-1] [INFO] [1783319712.741298012] [foxglove_bridge]: publishing connection graph
[foxglove_bridge-1] [INFO] [1783319715.117231974] [foxglove_bridge]: publishing connection graph
[foxglove_bridge-1] [INFO] [1783319716.060960452] [foxglove_bridge]: publishing connection graph
[foxglove_bridge-1] [INFO] [1783319716.652816464] [foxglove_bridge]: publishing connection graph
[foxglove_bridge-1] [INFO] [1783319717.242332142] [foxglove_bridge]: publishing connection graph
[foxglove_bridge-1] [INFO] [1783319719.839518818] [foxglove_bridge]: publishing connection graph
[foxglove_bridge-1] [INFO] [1783319720.450428822] [foxglove_bridge]: publishing connection graph
[foxglove_bridge-1] [INFO] [1783319729.120233865] [foxglove_bridge]: publishing connection graph
[foxglove_bridge-1] [INFO] [1783319729.918556970] [foxglove_bridge]: publishing connection graph
[foxglove_bridge-1] [INFO] [1783319730.565863917] [foxglove_bridge]: publishing connection graph
[foxglove_bridge-1] [INFO] [1783319731.175432128] [foxglove_bridge]: publishing connection graph
[foxglove_bridge-1] [INFO] [1783319731.689974036] [foxglove_bridge]: Advertising new channel 51 for topic "/foxglove_map_viz"
[foxglove_bridge-1] [INFO] [1783319731.691827369] [foxglove_bridge]: Advertising new channel 52 for topic "/foxglove_goal_pose"
[foxglove_bridge-1] [INFO] [1783319731.692130827] [foxglove_bridge]: Advertising new channel 53 for topic "/foxglove_goal_point"
[foxglove_bridge-1] [INFO] [1783319731.692430827] [foxglove_bridge]: Advertising new channel 54 for topic "/foxglove_click_planned_path"
[foxglove_bridge-1] [INFO] [1783319731.696962617] [foxglove_bridge]: Advertising new channel 55 for topic "/foxglove_click_path_marker"
[foxglove_bridge-1] [INFO] [1783319731.697336451] [foxglove_bridge]: Advertising new channel 56 for topic "/foxglove_click_goal_marker"
[foxglove_bridge-1] [INFO] [1783319731.697673409] [foxglove_bridge]: Advertising new channel 57 for topic "/foxglove_click_goal_label"
[foxglove_bridge-1] [INFO] [1783319731.697855325] [foxglove_bridge]: Advertising new channel 58 for topic "/foxglove_click_accepted_goal"
[foxglove_bridge-1] [INFO] [1783319731.698067409] [foxglove_bridge]: Advertising new channel 59 for topic "/foxglove_click_trajectory_dots"
[foxglove_bridge-1] [INFO] [1783319731.698292909] [foxglove_bridge]: Advertising new channel 60 for topic "/foxglove_click_start_marker"
[foxglove_bridge-1] [INFO] [1783319731.754705473] [foxglove_bridge]: received subscribe request for channel 51 from client 2
[foxglove_bridge-1] [INFO] [1783319731.793644293] [foxglove_bridge]: Created ROS subscription on /foxglove_map_viz (nav_msgs/msg/OccupancyGrid) for channel 51
[foxglove_bridge-1] [INFO] [1783319731.794009960] [foxglove_bridge]: received subscribe request for channel 52 from client 2
[foxglove_bridge-1] [INFO] [1783319731.850678440] [foxglove_bridge]: Created ROS subscription on /foxglove_goal_pose (geometry_msgs/msg/PoseStamped) for channel 52
[foxglove_bridge-1] [INFO] [1783319731.850988274] [foxglove_bridge]: received subscribe request for channel 55 from client 2
[foxglove_bridge-1] [INFO] [1783319731.925910331] [foxglove_bridge]: Created ROS subscription on /foxglove_click_path_marker (visualization_msgs/msg/Marker) for channel 55
[foxglove_bridge-1] [INFO] [1783319731.926837331] [foxglove_bridge]: received subscribe request for channel 56 from client 2
[foxglove_bridge-1] [INFO] [1783319731.998119224] [foxglove_bridge]: Created ROS subscription on /foxglove_click_goal_marker (visualization_msgs/msg/Marker) for channel 56
[foxglove_bridge-1] [INFO] [1783319731.999277307] [foxglove_bridge]: received subscribe request for channel 57 from client 2
[foxglove_bridge-1] [INFO] [1783319732.065036951] [foxglove_bridge]: Created ROS subscription on /foxglove_click_goal_label (visualization_msgs/msg/Marker) for channel 57
[foxglove_bridge-1] [INFO] [1783319732.065347576] [foxglove_bridge]: received subscribe request for channel 58 from client 2
[foxglove_bridge-1] [INFO] [1783319732.098956273] [foxglove_bridge]: Created ROS subscription on /foxglove_click_accepted_goal (geometry_msgs/msg/PoseStamped) for channel 58
[foxglove_bridge-1] [INFO] [1783319732.099658314] [foxglove_bridge]: received subscribe request for channel 59 from client 2
[foxglove_bridge-1] [INFO] [1783319732.163581417] [foxglove_bridge]: Created ROS subscription on /foxglove_click_trajectory_dots (visualization_msgs/msg/Marker) for channel 59
[foxglove_bridge-1] [INFO] [1783319732.163898292] [foxglove_bridge]: received subscribe request for channel 60 from client 2
[foxglove_bridge-1] [INFO] [1783319732.190223158] [foxglove_bridge]: Created ROS subscription on /foxglove_click_start_marker (visualization_msgs/msg/Marker) for channel 60
[foxglove_bridge-1] [INFO] [1783319732.277675337] [foxglove_bridge]: publishing connection graph
[foxglove_bridge-1] [INFO] [1783319732.912100163] [foxglove_bridge]: publishing connection graph
[foxglove_bridge-1] [INFO] [1783319737.826240865] [foxglove_bridge]: publishing connection graph
[foxglove_bridge-1] [INFO] [1783319740.879167612] [foxglove_bridge]: publishing connection graph
[foxglove_bridge-1] [INFO] [1783319741.542687467] [foxglove_bridge]: publishing connection graph
[foxglove_bridge-1] [ERROR] [1783319746.234147520] [foxglove_bridge]: Failed to retrieve parameters from node '/local_costmap/local_costmap': Failed to retrieve parameter names for node '/local_costmap/local_costmap'
[foxglove_bridge-1] [WARN] [1783319746.234350604] [foxglove_bridge]: Adding node /local_costmap/local_costmap to the ignore list to prevent repeated timeouts or failures in future parameter requests.
[foxglove_bridge-1] [ERROR] [1783319746.245647600] [foxglove_bridge]: Failed to retrieve parameters from node '/global_costmap/global_costmap': Failed to retrieve parameter names for node '/global_costmap/global_costmap'
[foxglove_bridge-1] [WARN] [1783319746.245818308] [foxglove_bridge]: Adding node /global_costmap/global_costmap to the ignore list to prevent repeated timeouts or failures in future parameter requests.
[foxglove_bridge-1] [ERROR] [1783319746.245911183] [foxglove_bridge]: Failed to retrieve parameters from node '/map_server': Failed to retrieve parameter names for node '/map_server'
[foxglove_bridge-1] [WARN] [1783319746.245956475] [foxglove_bridge]: Adding node /map_server to the ignore list to prevent repeated timeouts or failures in future parameter requests.
[foxglove_bridge-1] [ERROR] [1783319746.246126099] [foxglove_bridge]: Failed to retrieve parameters from node '/m1_pwm_cmd_vel_bridge': Failed to retrieve parameter names for node '/m1_pwm_cmd_vel_bridge'
[foxglove_bridge-1] [WARN] [1783319746.246198724] [foxglove_bridge]: Adding node /m1_pwm_cmd_vel_bridge to the ignore list to prevent repeated timeouts or failures in future parameter requests.
[foxglove_bridge-1] [ERROR] [1783319746.246360391] [foxglove_bridge]: Failed to retrieve parameters from node '/bt_navigator': Failed to retrieve parameter names for node '/bt_navigator'
[foxglove_bridge-1] [WARN] [1783319746.246407641] [foxglove_bridge]: Adding node /bt_navigator to the ignore list to prevent repeated timeouts or failures in future parameter requests.
[foxglove_bridge-1] [ERROR] [1783319746.246559849] [foxglove_bridge]: Failed to retrieve parameters from node '/lifecycle_manager_localization': Failed to retrieve parameter names for node '/lifecycle_manager_localization'
[foxglove_bridge-1] [WARN] [1783319746.246612599] [foxglove_bridge]: Adding node /lifecycle_manager_localization to the ignore list to prevent repeated timeouts or failures in future parameter requests.
[foxglove_bridge-1] [ERROR] [1783319746.246736266] [foxglove_bridge]: Failed to retrieve parameters from node '/behavior_server': Failed to retrieve parameter names for node '/behavior_server'
[foxglove_bridge-1] [WARN] [1783319746.246783099] [foxglove_bridge]: Adding node /behavior_server to the ignore list to prevent repeated timeouts or failures in future parameter requests.
[foxglove_bridge-1] [ERROR] [1783319746.246921849] [foxglove_bridge]: Failed to retrieve parameters from node '/simple_scan_filter': Failed to retrieve parameter names for node '/simple_scan_filter'
[foxglove_bridge-1] [WARN] [1783319746.247962140] [foxglove_bridge]: Adding node /simple_scan_filter to the ignore list to prevent repeated timeouts or failures in future parameter requests.
[foxglove_bridge-1] [ERROR] [1783319746.248295015] [foxglove_bridge]: Failed to retrieve parameters from node '/pose_memory_node': Failed to retrieve parameter names for node '/pose_memory_node'
[foxglove_bridge-1] [WARN] [1783319746.248379349] [foxglove_bridge]: Adding node /pose_memory_node to the ignore list to prevent repeated timeouts or failures in future parameter requests.
[foxglove_bridge-1] [ERROR] [1783319746.248540099] [foxglove_bridge]: Failed to retrieve parameters from node '/waypoint_follower': Failed to retrieve parameter names for node '/waypoint_follower'
[foxglove_bridge-1] [WARN] [1783319746.248604057] [foxglove_bridge]: Adding node /waypoint_follower to the ignore list to prevent repeated timeouts or failures in future parameter requests.
[foxglove_bridge-1] [ERROR] [1783319746.248762849] [foxglove_bridge]: Failed to retrieve parameters from node '/static_transform_publisher_xr9pzBLcmmWEduCc': Failed to retrieve parameter names for node '/static_transform_publisher_xr9pzBLcmmWEduCc'
[foxglove_bridge-1] [WARN] [1783319746.248812807] [foxglove_bridge]: Adding node /static_transform_publisher_xr9pzBLcmmWEduCc to the ignore list to prevent repeated timeouts or failures in future parameter requests.
[foxglove_bridge-1] [ERROR] [1783319746.248951182] [foxglove_bridge]: Failed to retrieve parameters from node '/foxglove_click_goal_bridge': Failed to retrieve parameter names for node '/foxglove_click_goal_bridge'
[foxglove_bridge-1] [WARN] [1783319746.248999015] [foxglove_bridge]: Adding node /foxglove_click_goal_bridge to the ignore list to prevent repeated timeouts or failures in future parameter requests.
[foxglove_bridge-1] [ERROR] [1783319746.249273848] [foxglove_bridge]: Failed to retrieve parameters from node '/lifecycle_manager_navigation': Failed to retrieve parameter names for node '/lifecycle_manager_navigation'
[foxglove_bridge-1] [WARN] [1783319746.249332848] [foxglove_bridge]: Adding node /lifecycle_manager_navigation to the ignore list to prevent repeated timeouts or failures in future parameter requests.
[foxglove_bridge-1] [ERROR] [1783319746.249473307] [foxglove_bridge]: Failed to retrieve parameters from node '/velocity_smoother': Failed to retrieve parameter names for node '/velocity_smoother'
[foxglove_bridge-1] [WARN] [1783319746.249520723] [foxglove_bridge]: Adding node /velocity_smoother to the ignore list to prevent repeated timeouts or failures in future parameter requests.
[foxglove_bridge-1] [ERROR] [1783319746.249655473] [foxglove_bridge]: Failed to retrieve parameters from node '/ydlidar_ros2_driver_node': Failed to retrieve parameter names for node '/ydlidar_ros2_driver_node'
[foxglove_bridge-1] [WARN] [1783319746.249708098] [foxglove_bridge]: Adding node /ydlidar_ros2_driver_node to the ignore list to prevent repeated timeouts or failures in future parameter requests.
[foxglove_bridge-1] [ERROR] [1783319746.249823515] [foxglove_bridge]: Failed to retrieve parameters from node '/planner_server': Failed to retrieve parameter names for node '/planner_server'
[foxglove_bridge-1] [WARN] [1783319746.249871598] [foxglove_bridge]: Adding node /planner_server to the ignore list to prevent repeated timeouts or failures in future parameter requests.
[foxglove_bridge-1] [ERROR] [1783319761.519716038] [foxglove_bridge]: Failed to retrieve parameters from node '/amcl': Failed to retrieve parameter names for node '/amcl'
[foxglove_bridge-1] [WARN] [1783319761.519944496] [foxglove_bridge]: Adding node /amcl to the ignore list to prevent repeated timeouts or failures in future parameter requests.
[foxglove_bridge-1] [ERROR] [1783319761.520083329] [foxglove_bridge]: Failed to retrieve parameters from node '/smoother_server': Failed to retrieve parameter names for node '/smoother_server'
[foxglove_bridge-1] [WARN] [1783319761.520164371] [foxglove_bridge]: Adding node /smoother_server to the ignore list to prevent repeated timeouts or failures in future parameter requests.
[foxglove_bridge-1] [INFO] [1783319765.673085203] [foxglove_bridge]: received unsubscribe request for channel 3 from client 2
[foxglove_bridge-1] [INFO] [1783319765.673461953] [foxglove_bridge]: received unsubscribe request for channel 2 from client 2
[foxglove_bridge-1] [INFO] [1783319765.673594870] [foxglove_bridge]: received unsubscribe request for channel 5 from client 2
[foxglove_bridge-1] [INFO] [1783319765.674258744] [foxglove_bridge]: received unsubscribe request for channel 9 from client 2
[foxglove_bridge-1] [INFO] [1783319765.674371786] [foxglove_bridge]: Cleaned up ROS subscription for channel 9 (no more subscribers)
[foxglove_bridge-1] [INFO] [1783319765.674510953] [foxglove_bridge]: received unsubscribe request for channel 19 from client 2
[foxglove_bridge-1] [INFO] [1783319765.674930244] [foxglove_bridge]: received unsubscribe request for channel 22 from client 2
[foxglove_bridge-1] [INFO] [1783319765.675193036] [foxglove_bridge]: Cleaned up ROS subscription for channel 22 (no more subscribers)
[foxglove_bridge-1] [INFO] [1783319765.675314619] [foxglove_bridge]: received unsubscribe request for channel 26 from client 2
[foxglove_bridge-1] [INFO] [1783319765.675364202] [foxglove_bridge]: Cleaned up ROS subscription for channel 26 (no more subscribers)
[foxglove_bridge-1] [INFO] [1783319765.675449202] [foxglove_bridge]: received unsubscribe request for channel 27 from client 2
[foxglove_bridge-1] [INFO] [1783319765.675493244] [foxglove_bridge]: Cleaned up ROS subscription for channel 27 (no more subscribers)
[foxglove_bridge-1] [INFO] [1783319765.675567994] [foxglove_bridge]: received unsubscribe request for channel 28 from client 2
[foxglove_bridge-1] [INFO] [1783319765.675610411] [foxglove_bridge]: Cleaned up ROS subscription for channel 28 (no more subscribers)
[foxglove_bridge-1] [INFO] [1783319765.675681577] [foxglove_bridge]: received unsubscribe request for channel 31 from client 2
[foxglove_bridge-1] [INFO] [1783319765.675724452] [foxglove_bridge]: Cleaned up ROS subscription for channel 31 (no more subscribers)
[foxglove_bridge-1] [INFO] [1783319765.675797994] [foxglove_bridge]: received unsubscribe request for channel 45 from client 2
[foxglove_bridge-1] [INFO] [1783319765.675840744] [foxglove_bridge]: Cleaned up ROS subscription for channel 45 (no more subscribers)
[foxglove_bridge-1] [INFO] [1783319765.675914160] [foxglove_bridge]: received unsubscribe request for channel 48 from client 2
[foxglove_bridge-1] [INFO] [1783319765.675961452] [foxglove_bridge]: Cleaned up ROS subscription for channel 48 (no more subscribers)
[foxglove_bridge-1] [INFO] [1783319765.676037202] [foxglove_bridge]: received unsubscribe request for channel 51 from client 2
[foxglove_bridge-1] [INFO] [1783319765.676080285] [foxglove_bridge]: Cleaned up ROS subscription for channel 51 (no more subscribers)
[foxglove_bridge-1] [INFO] [1783319765.676160744] [foxglove_bridge]: received unsubscribe request for channel 52 from client 2
[foxglove_bridge-1] [INFO] [1783319765.676206494] [foxglove_bridge]: Cleaned up ROS subscription for channel 52 (no more subscribers)
[foxglove_bridge-1] [INFO] [1783319765.676277244] [foxglove_bridge]: received unsubscribe request for channel 55 from client 2
[foxglove_bridge-1] [INFO] [1783319765.676320244] [foxglove_bridge]: Cleaned up ROS subscription for channel 55 (no more subscribers)
[foxglove_bridge-1] [INFO] [1783319765.676394660] [foxglove_bridge]: received unsubscribe request for channel 56 from client 2
[foxglove_bridge-1] [INFO] [1783319765.676436910] [foxglove_bridge]: Cleaned up ROS subscription for channel 56 (no more subscribers)
[foxglove_bridge-1] [INFO] [1783319765.684247991] [foxglove_bridge]: received unsubscribe request for channel 57 from client 2
[foxglove_bridge-1] [INFO] [1783319765.684409533] [foxglove_bridge]: Cleaned up ROS subscription for channel 57 (no more subscribers)
[foxglove_bridge-1] [INFO] [1783319765.684567907] [foxglove_bridge]: received unsubscribe request for channel 58 from client 2
[foxglove_bridge-1] [INFO] [1783319765.684619907] [foxglove_bridge]: Cleaned up ROS subscription for channel 58 (no more subscribers)
[foxglove_bridge-1] [INFO] [1783319765.684710657] [foxglove_bridge]: received unsubscribe request for channel 59 from client 2
[foxglove_bridge-1] [INFO] [1783319765.684757324] [foxglove_bridge]: Cleaned up ROS subscription for channel 59 (no more subscribers)
[foxglove_bridge-1] [INFO] [1783319765.684831574] [foxglove_bridge]: received unsubscribe request for channel 60 from client 2
[foxglove_bridge-1] [INFO] [1783319765.684874949] [foxglove_bridge]: Cleaned up ROS subscription for channel 60 (no more subscribers)
[foxglove_bridge-1] [INFO] [1783319765.784098331] [foxglove_bridge]: received subscribe request for channel 3 from client 2
[foxglove_bridge-1] [INFO] [1783319765.784333581] [foxglove_bridge]: received subscribe request for channel 2 from client 2
[foxglove_bridge-1] [INFO] [1783319765.891494418] [foxglove_bridge]: publishing connection graph
[foxglove_bridge-1] [INFO] [1783319765.943240191] [foxglove_bridge]: Client ID 2 is advertising "/move_base_simple/goal" (geometry_msgs/PoseStamped) on channel 1 with encoding "cdr"
[foxglove_bridge-1] [INFO] [1783319765.973337931] [foxglove_bridge]: Client ID 2 is advertising "/foxglove_goal_point" (geometry_msgs/PointStamped) on channel 2 with encoding "cdr"
[foxglove_bridge-1] [INFO] [1783319766.015073124] [foxglove_bridge]: Client ID 2 is advertising "/initialpose" (geometry_msgs/PoseWithCovarianceStamped) on channel 3 with encoding "cdr"
[foxglove_bridge-1] [INFO] [1783319766.069768147] [foxglove_bridge]: Client ID 2 is advertising "/clicked_point" (geometry_msgs/PointStamped) on channel 4 with encoding "cdr"
[foxglove_bridge-1] [INFO] [1783319766.074136770] [foxglove_bridge]: received subscribe request for channel 45 from client 2
[foxglove_bridge-1] [INFO] [1783319766.114748756] [foxglove_bridge]: Created ROS subscription on /amcl_pose (geometry_msgs/msg/PoseWithCovarianceStamped) for channel 45
[foxglove_bridge-1] [INFO] [1783319766.115035089] [foxglove_bridge]: received subscribe request for channel 58 from client 2
[foxglove_bridge-1] [INFO] [1783319766.153866326] [foxglove_bridge]: Created ROS subscription on /foxglove_click_accepted_goal (geometry_msgs/msg/PoseStamped) for channel 58
[foxglove_bridge-1] [INFO] [1783319766.155197825] [foxglove_bridge]: received subscribe request for channel 57 from client 2
[foxglove_bridge-1] [INFO] [1783319766.191317146] [foxglove_bridge]: Created ROS subscription on /foxglove_click_goal_label (visualization_msgs/msg/Marker) for channel 57
[foxglove_bridge-1] [INFO] [1783319766.196392186] [foxglove_bridge]: received subscribe request for channel 56 from client 2
[foxglove_bridge-1] [INFO] [1783319766.224264426] [foxglove_bridge]: Created ROS subscription on /foxglove_click_goal_marker (visualization_msgs/msg/Marker) for channel 56
[foxglove_bridge-1] [INFO] [1783319766.224557009] [foxglove_bridge]: received subscribe request for channel 55 from client 2
[foxglove_bridge-1] [INFO] [1783319766.250731208] [foxglove_bridge]: Created ROS subscription on /foxglove_click_path_marker (visualization_msgs/msg/Marker) for channel 55
[foxglove_bridge-1] [INFO] [1783319766.251020375] [foxglove_bridge]: received subscribe request for channel 60 from client 2
[foxglove_bridge-1] [INFO] [1783319766.279548323] [foxglove_bridge]: Created ROS subscription on /foxglove_click_start_marker (visualization_msgs/msg/Marker) for channel 60
[foxglove_bridge-1] [INFO] [1783319766.282009614] [foxglove_bridge]: received subscribe request for channel 59 from client 2
[foxglove_bridge-1] [INFO] [1783319766.293412276] [foxglove_bridge]: Created ROS subscription on /foxglove_click_trajectory_dots (visualization_msgs/msg/Marker) for channel 59
[foxglove_bridge-1] [INFO] [1783319766.294366984] [foxglove_bridge]: received subscribe request for channel 52 from client 2
[foxglove_bridge-1] [INFO] [1783319766.313590019] [foxglove_bridge]: Created ROS subscription on /foxglove_goal_pose (geometry_msgs/msg/PoseStamped) for channel 52
[foxglove_bridge-1] [INFO] [1783319766.313887102] [foxglove_bridge]: received subscribe request for channel 51 from client 2
[foxglove_bridge-1] [INFO] [1783319766.333214221] [foxglove_bridge]: Created ROS subscription on /foxglove_map_viz (nav_msgs/msg/OccupancyGrid) for channel 51
[foxglove_bridge-1] [INFO] [1783319766.333476471] [foxglove_bridge]: received subscribe request for channel 31 from client 2
[foxglove_bridge-1] [INFO] [1783319766.352964839] [foxglove_bridge]: Created ROS subscription on /global_costmap/published_footprint (geometry_msgs/msg/PolygonStamped) for channel 31
[foxglove_bridge-1] [INFO] [1783319766.353352047] [foxglove_bridge]: received subscribe request for channel 48 from client 2
[foxglove_bridge-1] [INFO] [1783319766.373385581] [foxglove_bridge]: Created ROS subscription on /goal_pose (geometry_msgs/msg/PoseStamped) for channel 48
[foxglove_bridge-1] [INFO] [1783319766.373656831] [foxglove_bridge]: received subscribe request for channel 28 from client 2
[foxglove_bridge-1] [INFO] [1783319766.388545034] [foxglove_bridge]: Created ROS subscription on /initialpose (geometry_msgs/msg/PoseWithCovarianceStamped) for channel 28
[foxglove_bridge-1] [INFO] [1783319766.388880451] [foxglove_bridge]: received subscribe request for channel 26 from client 2
[foxglove_bridge-1] [INFO] [1783319766.413218609] [foxglove_bridge]: Created ROS subscription on /local_costmap/clearing_endpoints (sensor_msgs/msg/PointCloud2) for channel 26
[foxglove_bridge-1] [INFO] [1783319766.413759651] [foxglove_bridge]: received subscribe request for channel 22 from client 2
[foxglove_bridge-1] [INFO] [1783319766.429107395] [foxglove_bridge]: Created ROS subscription on /local_costmap/published_footprint (geometry_msgs/msg/PolygonStamped) for channel 22
[foxglove_bridge-1] [INFO] [1783319766.429784687] [foxglove_bridge]: received subscribe request for channel 19 from client 2
[foxglove_bridge-1] [INFO] [1783319766.430226978] [foxglove_bridge]: received subscribe request for channel 27 from client 2
[foxglove_bridge-1] [INFO] [1783319766.452600012] [foxglove_bridge]: Created ROS subscription on /plan_smoothed (nav_msgs/msg/Path) for channel 27
[foxglove_bridge-1] [INFO] [1783319766.453104595] [foxglove_bridge]: received subscribe request for channel 5 from client 2
[foxglove_bridge-1] [INFO] [1783319766.453587178] [foxglove_bridge]: Advertising new channel 61 for topic "/move_base_simple/goal"
[foxglove_bridge-1] [INFO] [1783319766.453944428] [foxglove_bridge]: Advertising new channel 62 for topic "/clicked_point"
[foxglove_bridge-1] [INFO] [1783319766.454254428] [foxglove_bridge]: received subscribe request for channel 9 from client 2
[foxglove_bridge-1] [INFO] [1783319766.502299911] [foxglove_bridge]: Created ROS subscription on /scan_filtered (sensor_msgs/msg/LaserScan) for channel 9
[foxglove_bridge-1] [INFO] [1783319766.597905711] [foxglove_bridge]: publishing connection graph
[foxglove_bridge-1] [INFO] [1783319766.607968249] [foxglove_bridge]: received subscribe request for channel 61 from client 2
[foxglove_bridge-1] [INFO] [1783319766.628194367] [foxglove_bridge]: Created ROS subscription on /move_base_simple/goal (geometry_msgs/msg/PoseStamped) for channel 61
[foxglove_bridge-1] [INFO] [1783319767.203881914] [foxglove_bridge]: publishing connection graph
[foxglove_bridge-1] [INFO] [1783319830.550946332] [foxglove_bridge]: received subscribe request for channel 54 from client 2
[foxglove_bridge-1] [INFO] [1783319830.584585945] [foxglove_bridge]: Created ROS subscription on /foxglove_click_planned_path (nav_msgs/msg/Path) for channel 54
[foxglove_bridge-1] [INFO] [1783319830.759803504] [foxglove_bridge]: publishing connection graph
[foxglove_bridge-1] [INFO] [1783319831.396513642] [foxglove_bridge]: publishing connection graph
[foxglove_bridge-1] [INFO] [1783319832.726831854] [foxglove_bridge]: received unsubscribe request for channel 54 from client 2
[foxglove_bridge-1] [INFO] [1783319832.727031979] [foxglove_bridge]: Cleaned up ROS subscription for channel 54 (no more subscribers)
[foxglove_bridge-1] [INFO] [1783319832.962123266] [foxglove_bridge]: publishing connection graph
[foxglove_bridge-1] [INFO] [1783319833.662080171] [foxglove_bridge]: publishing connection graph
[foxglove_bridge-1] [INFO] [1783319838.753784350] [foxglove_bridge]: publishing connection graph
[foxglove_bridge-1] [INFO] [1783319839.444016216] [foxglove_bridge]: publishing connection graph
[foxglove_bridge-1] [INFO] [1783319859.316437086] [foxglove_bridge]: publishing connection graph
[foxglove_bridge-1] [INFO] [1783319867.672871109] [foxglove_bridge]: publishing connection graph
[foxglove_bridge-1] [INFO] [1783319868.369592218] [foxglove_bridge]: publishing connection graph
[foxglove_bridge-1] [INFO] [1783319869.086645860] [foxglove_bridge]: publishing connection graph
[foxglove_bridge-1] [INFO] [1783319871.802473862] [foxglove_bridge]: publishing connection graph
[foxglove_bridge-1] [INFO] [1783319872.775298989] [foxglove_bridge]: publishing connection graph
[foxglove_bridge-1] [INFO] [1783319932.026727930] [foxglove_bridge]: received unsubscribe request for channel 9 from client 2
[foxglove_bridge-1] [INFO] [1783319932.026949180] [foxglove_bridge]: Cleaned up ROS subscription for channel 9 (no more subscribers)
[foxglove_bridge-1] [INFO] [1783319932.027039346] [foxglove_bridge]: received unsubscribe request for channel 58 from client 2
[foxglove_bridge-1] [INFO] [1783319932.027085305] [foxglove_bridge]: Cleaned up ROS subscription for channel 58 (no more subscribers)
[foxglove_bridge-1] [INFO] [1783319932.027144388] [foxglove_bridge]: received unsubscribe request for channel 48 from client 2
[foxglove_bridge-1] [INFO] [1783319932.027185596] [foxglove_bridge]: Cleaned up ROS subscription for channel 48 (no more subscribers)
[foxglove_bridge-1] [INFO] [1783319932.027233679] [foxglove_bridge]: received unsubscribe request for channel 2 from client 2
[foxglove_bridge-1] [INFO] [1783319932.027281971] [foxglove_bridge]: received unsubscribe request for channel 57 from client 2
[foxglove_bridge-1] [INFO] [1783319932.027324179] [foxglove_bridge]: Cleaned up ROS subscription for channel 57 (no more subscribers)
[foxglove_bridge-1] [INFO] [1783319932.027375846] [foxglove_bridge]: received unsubscribe request for channel 60 from client 2
[foxglove_bridge-1] [INFO] [1783319932.027417263] [foxglove_bridge]: Cleaned up ROS subscription for channel 60 (no more subscribers)
[foxglove_bridge-1] [INFO] [1783319932.027472388] [foxglove_bridge]: received unsubscribe request for channel 28 from client 2
[foxglove_bridge-1] [INFO] [1783319932.027513429] [foxglove_bridge]: Cleaned up ROS subscription for channel 28 (no more subscribers)
[foxglove_bridge-1] [INFO] [1783319932.027979846] [foxglove_bridge]: received unsubscribe request for channel 26 from client 2
[foxglove_bridge-1] [INFO] [1783319932.028070512] [foxglove_bridge]: Cleaned up ROS subscription for channel 26 (no more subscribers)
[foxglove_bridge-1] [INFO] [1783319932.028130971] [foxglove_bridge]: received unsubscribe request for channel 22 from client 2
[foxglove_bridge-1] [INFO] [1783319932.028174762] [foxglove_bridge]: Cleaned up ROS subscription for channel 22 (no more subscribers)
[foxglove_bridge-1] [INFO] [1783319932.028226971] [foxglove_bridge]: received unsubscribe request for channel 51 from client 2
[foxglove_bridge-1] [INFO] [1783319932.028489804] [foxglove_bridge]: Cleaned up ROS subscription for channel 51 (no more subscribers)
[foxglove_bridge-1] [INFO] [1783319932.028915012] [foxglove_bridge]: received unsubscribe request for channel 56 from client 2
[foxglove_bridge-1] [INFO] [1783319932.029177970] [foxglove_bridge]: Cleaned up ROS subscription for channel 56 (no more subscribers)
[foxglove_bridge-1] [INFO] [1783319932.029410304] [foxglove_bridge]: received unsubscribe request for channel 45 from client 2
[foxglove_bridge-1] [INFO] [1783319932.029475679] [foxglove_bridge]: Cleaned up ROS subscription for channel 45 (no more subscribers)
[foxglove_bridge-1] [INFO] [1783319932.029536429] [foxglove_bridge]: received unsubscribe request for channel 3 from client 2
[foxglove_bridge-1] [INFO] [1783319932.029581220] [foxglove_bridge]: received unsubscribe request for channel 27 from client 2
[foxglove_bridge-1] [INFO] [1783319932.029620387] [foxglove_bridge]: Cleaned up ROS subscription for channel 27 (no more subscribers)
[foxglove_bridge-1] [INFO] [1783319932.029668928] [foxglove_bridge]: received unsubscribe request for channel 5 from client 2
[foxglove_bridge-1] [INFO] [1783319932.029710178] [foxglove_bridge]: received unsubscribe request for channel 31 from client 2
[foxglove_bridge-1] [INFO] [1783319932.029749178] [foxglove_bridge]: Cleaned up ROS subscription for channel 31 (no more subscribers)
[foxglove_bridge-1] [INFO] [1783319932.029804345] [foxglove_bridge]: received unsubscribe request for channel 61 from client 2
[foxglove_bridge-1] [INFO] [1783319932.029845095] [foxglove_bridge]: Cleaned up ROS subscription for channel 61 (no more subscribers)
[foxglove_bridge-1] [INFO] [1783319932.029895845] [foxglove_bridge]: received unsubscribe request for channel 19 from client 2
[foxglove_bridge-1] [INFO] [1783319932.029938762] [foxglove_bridge]: received unsubscribe request for channel 59 from client 2
[foxglove_bridge-1] [INFO] [1783319932.029977387] [foxglove_bridge]: Cleaned up ROS subscription for channel 59 (no more subscribers)
[foxglove_bridge-1] [INFO] [1783319932.030031553] [foxglove_bridge]: received unsubscribe request for channel 55 from client 2
[foxglove_bridge-1] [INFO] [1783319932.030070762] [foxglove_bridge]: Cleaned up ROS subscription for channel 55 (no more subscribers)
[foxglove_bridge-1] [INFO] [1783319932.030846386] [foxglove_bridge]: received unsubscribe request for channel 52 from client 2
[foxglove_bridge-1] [INFO] [1783319932.030967970] [foxglove_bridge]: Cleaned up ROS subscription for channel 52 (no more subscribers)
[foxglove_bridge-1] [INFO] [1783319932.260832004] [foxglove_bridge]: publishing connection graph
[foxglove_bridge-1] [INFO] [1783319932.956431062] [foxglove_bridge]: publishing connection graph
[foxglove_bridge-1] [INFO] [1783319934.142388508] [rclcpp]: signal_handler(signum=2)
[foxglove_bridge-1] [INFO] [1783319934.153402962] [foxglove_bridge]: Shutting down foxglove_bridge
[foxglove_bridge-1] [INFO] [1783319936.058511790] [foxglove_bridge]: received connection graph subscribe request
[foxglove_bridge-1] [INFO] [1783319936.058597290] [foxglove_bridge]: received unsubscribe request for channel 19 from client 1
[foxglove_bridge-1] [INFO] [1783319936.058623124] [foxglove_bridge]: Cleaned up ROS subscription for channel 19 (no more subscribers)
[foxglove_bridge-1] [INFO] [1783319936.069449994] [foxglove_bridge]: received unsubscribe request for channel 2 from client 1
[foxglove_bridge-1] [INFO] [1783319936.069517703] [foxglove_bridge]: Cleaned up ROS subscription for channel 2 (no more subscribers)
[foxglove_bridge-1] [INFO] [1783319936.079529449] [foxglove_bridge]: received unsubscribe request for channel 3 from client 1
[foxglove_bridge-1] [INFO] [1783319936.079599449] [foxglove_bridge]: Cleaned up ROS subscription for channel 3 (no more subscribers)
[foxglove_bridge-1] [INFO] [1783319936.090589194] [foxglove_bridge]: received unsubscribe request for channel 5 from client 1
[foxglove_bridge-1] [INFO] [1783319936.090656444] [foxglove_bridge]: Cleaned up ROS subscription for channel 5 (no more subscribers)
[foxglove_bridge-1] [INFO] [1783319936.101796815] [foxglove_bridge]: received unsubscribe request for channel 10 from client 1
[foxglove_bridge-1] [INFO] [1783319936.101866148] [foxglove_bridge]: Cleaned up ROS subscription for channel 10 (no more subscribers)
[foxglove_bridge-1] [INFO] [1783319936.114401185] [foxglove_bridge]: Shutdown complete
[INFO] [foxglove_bridge-1]: process has finished cleanly [pid 14357]
