[INFO] [1783319590.600467533] [simple_scan_filter]: filter /scan -> /scan_filtered, keep=[0.22, 4.00], isolated_window=2, isolated_delta=0.25, min_support_neighbors=1
[INFO] [1783319604.152513166] [simple_scan_filter]: scan stats: n=404, zeros=68, nan=0, inf=0, finite_raw=336, finite_out=318, removed_isolated=5
[INFO] [1783319609.144799219] [simple_scan_filter]: scan stats: n=404, zeros=74, nan=0, inf=0, finite_raw=330, finite_out=312, removed_isolated=2
[INFO] [1783319614.148181793] [simple_scan_filter]: scan stats: n=404, zeros=63, nan=0, inf=0, finite_raw=341, finite_out=318, removed_isolated=6
[INFO] [1783319619.133188774] [simple_scan_filter]: scan stats: n=404, zeros=61, nan=0, inf=0, finite_raw=343, finite_out=321, removed_isolated=5
[INFO] [1783319624.141219691] [simple_scan_filter]: scan stats: n=404, zeros=63, nan=0, inf=0, finite_raw=341, finite_out=319, removed_isolated=6
[INFO] [1783319629.122683558] [simple_scan_filter]: scan stats: n=404, zeros=69, nan=0, inf=0, finite_raw=335, finite_out=319, removed_isolated=3
[INFO] [1783319634.115065823] [simple_scan_filter]: scan stats: n=404, zeros=68, nan=0, inf=0, finite_raw=336, finite_out=318, removed_isolated=3
[INFO] [1783319639.105281491] [simple_scan_filter]: scan stats: n=404, zeros=67, nan=0, inf=0, finite_raw=337, finite_out=318, removed_isolated=3
[INFO] [1783319644.102486100] [simple_scan_filter]: scan stats: n=404, zeros=67, nan=0, inf=0, finite_raw=337, finite_out=319, removed_isolated=3
[INFO] [1783319649.099085612] [simple_scan_filter]: scan stats: n=404, zeros=68, nan=0, inf=0, finite_raw=336, finite_out=318, removed_isolated=3
[INFO] [1783319654.091728777] [simple_scan_filter]: scan stats: n=404, zeros=61, nan=0, inf=0, finite_raw=343, finite_out=321, removed_isolated=5
[INFO] [1783319659.081789305] [simple_scan_filter]: scan stats: n=404, zeros=65, nan=0, inf=0, finite_raw=339, finite_out=320, removed_isolated=3
[INFO] [1783319664.076407776] [simple_scan_filter]: scan stats: n=404, zeros=69, nan=0, inf=0, finite_raw=335, finite_out=319, removed_isolated=3
[INFO] [1783319669.074147483] [simple_scan_filter]: scan stats: n=404, zeros=71, nan=0, inf=0, finite_raw=333, finite_out=318, removed_isolated=3
[INFO] [1783319674.067575678] [simple_scan_filter]: scan stats: n=404, zeros=68, nan=0, inf=0, finite_raw=336, finite_out=319, removed_isolated=2
[INFO] [1783319679.058250819] [simple_scan_filter]: scan stats: n=404, zeros=67, nan=0, inf=0, finite_raw=337, finite_out=320, removed_isolated=3
[INFO] [1783319684.050652448] [simple_scan_filter]: scan stats: n=404, zeros=68, nan=0, inf=0, finite_raw=336, finite_out=318, removed_isolated=4
[INFO] [1783319689.052109352] [simple_scan_filter]: scan stats: n=404, zeros=69, nan=0, inf=0, finite_raw=335, finite_out=319, removed_isolated=3
[INFO] [1783319694.042597165] [simple_scan_filter]: scan stats: n=404, zeros=70, nan=0, inf=0, finite_raw=334, finite_out=317, removed_isolated=3
[INFO] [1783319699.033106342] [simple_scan_filter]: scan stats: n=404, zeros=66, nan=0, inf=0, finite_raw=338, finite_out=320, removed_isolated=4
[INFO] [1783319704.028483380] [simple_scan_filter]: scan stats: n=404, zeros=67, nan=0, inf=0, finite_raw=337, finite_out=319, removed_isolated=3
[INFO] [1783319709.051881439] [simple_scan_filter]: scan stats: n=404, zeros=73, nan=0, inf=0, finite_raw=331, finite_out=317, removed_isolated=3
[INFO] [1783319714.061020616] [simple_scan_filter]: scan stats: n=404, zeros=71, nan=0, inf=0, finite_raw=333, finite_out=316, removed_isolated=3
[INFO] [1783319719.013305635] [simple_scan_filter]: scan stats: n=404, zeros=67, nan=0, inf=0, finite_raw=337, finite_out=318, removed_isolated=6
[INFO] [1783319724.010724962] [simple_scan_filter]: scan stats: n=404, zeros=73, nan=0, inf=0, finite_raw=331, finite_out=316, removed_isolated=3
[INFO] [1783319729.024902730] [simple_scan_filter]: scan stats: n=404, zeros=67, nan=0, inf=0, finite_raw=337, finite_out=319, removed_isolated=4
[INFO] [1783319733.996647837] [simple_scan_filter]: scan stats: n=404, zeros=69, nan=0, inf=0, finite_raw=335, finite_out=319, removed_isolated=3
[INFO] [1783319738.992757633] [simple_scan_filter]: scan stats: n=404, zeros=65, nan=0, inf=0, finite_raw=339, finite_out=319, removed_isolated=5
[INFO] [1783319743.986116586] [simple_scan_filter]: scan stats: n=404, zeros=69, nan=0, inf=0, finite_raw=335, finite_out=319, removed_isolated=2
[INFO] [1783319748.978633447] [simple_scan_filter]: scan stats: n=404, zeros=66, nan=0, inf=0, finite_raw=338, finite_out=320, removed_isolated=3
[INFO] [1783319753.969948174] [simple_scan_filter]: scan stats: n=404, zeros=68, nan=0, inf=0, finite_raw=336, finite_out=318, removed_isolated=3
[INFO] [1783319758.974662762] [simple_scan_filter]: scan stats: n=404, zeros=66, nan=0, inf=0, finite_raw=338, finite_out=319, removed_isolated=4
[INFO] [1783319763.957862515] [simple_scan_filter]: scan stats: n=404, zeros=69, nan=0, inf=0, finite_raw=335, finite_out=316, removed_isolated=5
[INFO] [1783319768.961410835] [simple_scan_filter]: scan stats: n=404, zeros=69, nan=0, inf=0, finite_raw=335, finite_out=318, removed_isolated=3
[INFO] [1783319773.946449986] [simple_scan_filter]: scan stats: n=404, zeros=69, nan=0, inf=0, finite_raw=335, finite_out=317, removed_isolated=3
[INFO] [1783319778.945574707] [simple_scan_filter]: scan stats: n=404, zeros=66, nan=0, inf=0, finite_raw=338, finite_out=319, removed_isolated=5
[INFO] [1783319783.936823714] [simple_scan_filter]: scan stats: n=404, zeros=68, nan=0, inf=0, finite_raw=336, finite_out=319, removed_isolated=3
[INFO] [1783319788.935925793] [simple_scan_filter]: scan stats: n=404, zeros=68, nan=0, inf=0, finite_raw=336, finite_out=318, removed_isolated=5
[INFO] [1783319793.927019700] [simple_scan_filter]: scan stats: n=404, zeros=66, nan=0, inf=0, finite_raw=338, finite_out=319, removed_isolated=5
[INFO] [1783319798.919484724] [simple_scan_filter]: scan stats: n=404, zeros=67, nan=0, inf=0, finite_raw=337, finite_out=317, removed_isolated=4
[INFO] [1783319803.915035738] [simple_scan_filter]: scan stats: n=404, zeros=69, nan=0, inf=0, finite_raw=335, finite_out=319, removed_isolated=3
[INFO] [1783319808.904020206] [simple_scan_filter]: scan stats: n=404, zeros=69, nan=0, inf=0, finite_raw=335, finite_out=318, removed_isolated=3
[INFO] [1783319813.902595705] [simple_scan_filter]: scan stats: n=404, zeros=63, nan=0, inf=0, finite_raw=341, finite_out=318, removed_isolated=6
[INFO] [1783319818.895929864] [simple_scan_filter]: scan stats: n=404, zeros=68, nan=0, inf=0, finite_raw=336, finite_out=318, removed_isolated=4
[INFO] [1783319823.890040683] [simple_scan_filter]: scan stats: n=404, zeros=67, nan=0, inf=0, finite_raw=337, finite_out=317, removed_isolated=4
[INFO] [1783319828.896902115] [simple_scan_filter]: scan stats: n=404, zeros=68, nan=0, inf=0, finite_raw=336, finite_out=317, removed_isolated=5
[INFO] [1783319833.878239799] [simple_scan_filter]: scan stats: n=404, zeros=66, nan=0, inf=0, finite_raw=338, finite_out=318, removed_isolated=5
[INFO] [1783319838.931857283] [simple_scan_filter]: scan stats: n=404, zeros=68, nan=0, inf=0, finite_raw=336, finite_out=318, removed_isolated=3
[INFO] [1783319843.864589680] [simple_scan_filter]: scan stats: n=404, zeros=65, nan=0, inf=0, finite_raw=339, finite_out=319, removed_isolated=5
[INFO] [1783319848.861475297] [simple_scan_filter]: scan stats: n=404, zeros=67, nan=0, inf=0, finite_raw=337, finite_out=319, removed_isolated=3
[INFO] [1783319853.854364617] [simple_scan_filter]: scan stats: n=404, zeros=66, nan=0, inf=0, finite_raw=338, finite_out=319, removed_isolated=5
[INFO] [1783319858.847414514] [simple_scan_filter]: scan stats: n=404, zeros=64, nan=0, inf=0, finite_raw=340, finite_out=319, removed_isolated=3
[INFO] [1783319863.858201149] [simple_scan_filter]: scan stats: n=404, zeros=63, nan=0, inf=0, finite_raw=341, finite_out=321, removed_isolated=3
[INFO] [1783319868.846278410] [simple_scan_filter]: scan stats: n=404, zeros=64, nan=0, inf=0, finite_raw=340, finite_out=321, removed_isolated=4
[INFO] [1783319873.832030584] [simple_scan_filter]: scan stats: n=404, zeros=69, nan=0, inf=0, finite_raw=335, finite_out=318, removed_isolated=3
[INFO] [1783319878.826697331] [simple_scan_filter]: scan stats: n=404, zeros=67, nan=0, inf=0, finite_raw=337, finite_out=319, removed_isolated=4
[INFO] [1783319883.818076449] [simple_scan_filter]: scan stats: n=404, zeros=71, nan=0, inf=0, finite_raw=333, finite_out=318, removed_isolated=4
[INFO] [1783319888.814034768] [simple_scan_filter]: scan stats: n=404, zeros=67, nan=0, inf=0, finite_raw=337, finite_out=316, removed_isolated=3
[INFO] [1783319893.807097083] [simple_scan_filter]: scan stats: n=404, zeros=69, nan=0, inf=0, finite_raw=335, finite_out=318, removed_isolated=3
[INFO] [1783319898.800073267] [simple_scan_filter]: scan stats: n=404, zeros=68, nan=0, inf=0, finite_raw=336, finite_out=316, removed_isolated=6
[INFO] [1783319903.805124608] [simple_scan_filter]: scan stats: n=404, zeros=68, nan=0, inf=0, finite_raw=336, finite_out=317, removed_isolated=4
[INFO] [1783319908.794879408] [simple_scan_filter]: scan stats: n=404, zeros=69, nan=0, inf=0, finite_raw=335, finite_out=319, removed_isolated=3
[INFO] [1783319913.789534909] [simple_scan_filter]: scan stats: n=404, zeros=66, nan=0, inf=0, finite_raw=338, finite_out=317, removed_isolated=5
[INFO] [1783319918.782666906] [simple_scan_filter]: scan stats: n=404, zeros=68, nan=0, inf=0, finite_raw=336, finite_out=319, removed_isolated=4
[INFO] [1783319923.816020882] [simple_scan_filter]: scan stats: n=404, zeros=64, nan=0, inf=0, finite_raw=340, finite_out=319, removed_isolated=3
[INFO] [1783319928.774814966] [simple_scan_filter]: scan stats: n=404, zeros=66, nan=0, inf=0, finite_raw=338, finite_out=317, removed_isolated=4
[INFO] [1783319933.773163446] [simple_scan_filter]: scan stats: n=404, zeros=70, nan=0, inf=0, finite_raw=334, finite_out=318, removed_isolated=3
Traceback (most recent call last):
  File "/root/rdk_x5_vln_robot/ros2_bridge/simple_scan_filter.py", line 197, in <module>
    main()
  File "/root/rdk_x5_vln_robot/ros2_bridge/simple_scan_filter.py", line 191, in main
    rclpy.spin(node)
  File "/opt/ros/humble/local/lib/python3.10/dist-packages/rclpy/__init__.py", line 229, in spin
    executor.spin_once()
  File "/opt/ros/humble/local/lib/python3.10/dist-packages/rclpy/executors.py", line 751, in spin_once
    self._spin_once_impl(timeout_sec)
  File "/opt/ros/humble/local/lib/python3.10/dist-packages/rclpy/executors.py", line 740, in _spin_once_impl
    handler, entity, node = self.wait_for_ready_callbacks(timeout_sec=timeout_sec)
  File "/opt/ros/humble/local/lib/python3.10/dist-packages/rclpy/executors.py", line 723, in wait_for_ready_callbacks
    return next(self._cb_iter)
  File "/opt/ros/humble/local/lib/python3.10/dist-packages/rclpy/executors.py", line 624, in _wait_for_ready_callbacks
    raise ExternalShutdownException()
rclpy.executors.ExternalShutdownException
