[foxglove] starting bridge on port 8765 whitelist=['.*']
[INFO] [launch]: All log files can be found below /root/.ros/log/2026-07-02-15-53-02-286084-ubuntu-141776
[INFO] [launch]: Default logging verbosity is set to INFO
[INFO] [foxglove_bridge-1]: process started with pid [141983]
[foxglove_bridge-1] [INFO] [1782978784.530121458] [foxglove_bridge]: Starting foxglove_bridge (humble, 3.3.0@)
[foxglove_bridge-1] [INFO] [1782978784.543427372] [foxglove_bridge]: Server listening on port 8765
[foxglove_bridge-1] [INFO] [1782978784.550743328] [foxglove_bridge]: Advertising new channel 2 for topic "/tf"
[foxglove_bridge-1] [INFO] [1782978784.550945953] [foxglove_bridge]: Advertising new channel 3 for topic "/tf_static"
[foxglove_bridge-1] [INFO] [1782978784.551920995] [foxglove_bridge]: Advertising new channel 4 for topic "/scan_filtered"
[foxglove_bridge-1] [INFO] [1782978784.552803078] [foxglove_bridge]: Advertising new channel 5 for topic "/rosout"
[foxglove_bridge-1] [INFO] [1782978784.554914660] [foxglove_bridge]: Advertising new channel 6 for topic "/slam_toolbox/feedback"
[foxglove_bridge-1] [INFO] [1782978784.556822618] [foxglove_bridge]: Advertising new channel 7 for topic "/parameter_events"
[foxglove_bridge-1] [INFO] [1782978784.557737826] [foxglove_bridge]: Advertising new channel 8 for topic "/nav_state"
[foxglove_bridge-1] [INFO] [1782978784.558749243] [foxglove_bridge]: Advertising new channel 9 for topic "/map"
[foxglove_bridge-1] [INFO] [1782978784.559617618] [foxglove_bridge]: Advertising new channel 10 for topic "/image_raw"
[foxglove_bridge-1] [INFO] [1782978784.560586242] [foxglove_bridge]: Advertising new channel 11 for topic "/global_costmap/footprint"
[foxglove_bridge-1] [INFO] [1782978784.560761909] [foxglove_bridge]: Advertising new channel 12 for topic "/nav_target_point"
[foxglove_bridge-1] [INFO] [1782978784.561291117] [foxglove_bridge]: Advertising new channel 13 for topic "/cmd_vel"
[foxglove_bridge-1] [INFO] [1782978784.561420034] [foxglove_bridge]: Advertising new channel 14 for topic "/target_words"
[foxglove_bridge-1] [INFO] [1782978784.562077867] [foxglove_bridge]: Advertising new channel 15 for topic "/image"
[foxglove_bridge-1] [INFO] [1782978784.562591659] [foxglove_bridge]: Advertising new channel 16 for topic "/bond"
[foxglove_bridge-1] [INFO] [1782978785.534179834] [foxglove_bridge]: received connection graph subscribe request
[foxglove_bridge-1] [INFO] [1782978785.534504167] [foxglove_bridge]: received subscribe request for channel 2 from client 1
[foxglove_bridge-1] [INFO] [1782978785.555099746] [foxglove_bridge]: Created ROS subscription on /tf (tf2_msgs/msg/TFMessage) for channel 2
[foxglove_bridge-1] [INFO] [1782978785.556105870] [foxglove_bridge]: received subscribe request for channel 3 from client 1
[foxglove_bridge-1] [INFO] [1782978785.586046071] [foxglove_bridge]: Created ROS subscription on /tf_static (tf2_msgs/msg/TFMessage) for channel 3
[foxglove_bridge-1] [INFO] [1782978785.586344613] [foxglove_bridge]: received subscribe request for channel 8 from client 1
[foxglove_bridge-1] [INFO] [1782978785.619852938] [foxglove_bridge]: Created ROS subscription on /nav_state (std_msgs/msg/String) for channel 8
[foxglove_bridge-1] [INFO] [1782978785.620151396] [foxglove_bridge]: received subscribe request for channel 13 from client 1
[foxglove_bridge-1] [INFO] [1782978785.650693722] [foxglove_bridge]: Created ROS subscription on /cmd_vel (geometry_msgs/msg/Twist) for channel 13
[foxglove_bridge-1] [INFO] [1782978785.923462362] [foxglove_bridge]: Advertising new channel 17 for topic "/yolov5s_bpu/debug"
[foxglove_bridge-1] [INFO] [1782978785.925572862] [foxglove_bridge]: Advertising new channel 18 for topic "/slam_toolbox/update"
[foxglove_bridge-1] [INFO] [1782978785.925859404] [foxglove_bridge]: Advertising new channel 19 for topic "/slam_toolbox/scan_visualization"
[foxglove_bridge-1] [INFO] [1782978785.926007695] [foxglove_bridge]: Advertising new channel 20 for topic "/semantic_status"
[foxglove_bridge-1] [INFO] [1782978785.927221362] [foxglove_bridge]: Advertising new channel 21 for topic "/semantic_observed_cones"
[foxglove_bridge-1] [INFO] [1782978785.927497820] [foxglove_bridge]: Advertising new channel 22 for topic "/semantic_observations"
[foxglove_bridge-1] [INFO] [1782978785.927704986] [foxglove_bridge]: Advertising new channel 23 for topic "/semantic_map/save"
[foxglove_bridge-1] [INFO] [1782978785.927879903] [foxglove_bridge]: Advertising new channel 24 for topic "/semantic_loop_error"
[foxglove_bridge-1] [INFO] [1782978785.928081278] [foxglove_bridge]: Advertising new channel 25 for topic "/scan"
[foxglove_bridge-1] [INFO] [1782978785.928703445] [foxglove_bridge]: Advertising new channel 26 for topic "/semantic_observation_rays"
[foxglove_bridge-1] [INFO] [1782978785.931468652] [foxglove_bridge]: Advertising new channel 27 for topic "/pose"
[foxglove_bridge-1] [INFO] [1782978785.933003193] [foxglove_bridge]: Advertising new channel 28 for topic "/plan"
[foxglove_bridge-1] [INFO] [1782978785.933461777] [foxglove_bridge]: Advertising new channel 29 for topic "/semantic_viewpoints"
[foxglove_bridge-1] [INFO] [1782978785.935565901] [foxglove_bridge]: Advertising new channel 30 for topic "/odom"
[foxglove_bridge-1] [INFO] [1782978785.936413193] [foxglove_bridge]: Advertising new channel 31 for topic "/slam_toolbox/graph_visualization"
[foxglove_bridge-1] [INFO] [1782978785.937927067] [foxglove_bridge]: Advertising new channel 32 for topic "/map_server/transition_event"
[foxglove_bridge-1] [INFO] [1782978785.939349192] [foxglove_bridge]: Advertising new channel 33 for topic "/map_metadata"
[foxglove_bridge-1] [INFO] [1782978785.939905275] [foxglove_bridge]: Advertising new channel 34 for topic "/planner_server/transition_event"
[foxglove_bridge-1] [INFO] [1782978785.942826774] [foxglove_bridge]: Advertising new channel 35 for topic "/global_costmap/published_footprint"
[foxglove_bridge-1] [INFO] [1782978785.945876149] [foxglove_bridge]: Advertising new channel 36 for topic "/semantic_candidate_objects"
[foxglove_bridge-1] [INFO] [1782978785.946279857] [foxglove_bridge]: Advertising new channel 37 for topic "/global_costmap/global_costmap/transition_event"
[foxglove_bridge-1] [INFO] [1782978785.946472232] [foxglove_bridge]: Advertising new channel 38 for topic "/semantic_map_json"
[foxglove_bridge-1] [INFO] [1782978785.947153815] [foxglove_bridge]: Advertising new channel 39 for topic "/global_costmap/costmap_updates"
[foxglove_bridge-1] [INFO] [1782978785.947608856] [foxglove_bridge]: Advertising new channel 40 for topic "/semantic_landmarks"
[foxglove_bridge-1] [INFO] [1782978785.947846148] [foxglove_bridge]: Advertising new channel 41 for topic "/global_costmap/costmap"
[foxglove_bridge-1] [INFO] [1782978785.948018148] [foxglove_bridge]: Advertising new channel 42 for topic "/yolov5s_bpu/annotated/compressed"
[foxglove_bridge-1] [INFO] [1782978785.948150148] [foxglove_bridge]: Advertising new channel 43 for topic "/cmd_vel_sent"
[foxglove_bridge-1] [INFO] [1782978785.949051273] [foxglove_bridge]: Advertising new channel 44 for topic "/global_costmap/costmap_raw"
[foxglove_bridge-1] [INFO] [1782978785.949290731] [foxglove_bridge]: Advertising new channel 45 for topic "/target_bbox_json"
[foxglove_bridge-1] [INFO] [1782978785.949413773] [foxglove_bridge]: Advertising new channel 46 for topic "/chassis_bridge_state"
[foxglove_bridge-1] [INFO] [1782978785.953363730] [foxglove_bridge]: Advertising new channel 47 for topic "/camera_info"
[foxglove_bridge-1] [INFO] [1782978785.953608397] [foxglove_bridge]: Advertising new channel 48 for topic "/semantic_save_event"
[foxglove_bridge-1] [INFO] [1782978786.940789485] [foxglove_bridge]: publishing connection graph
[foxglove_bridge-1] [INFO] [1782978787.094333071] [foxglove_bridge]: received subscribe request for channel 25 from client 1
[foxglove_bridge-1] [INFO] [1782978787.144562850] [foxglove_bridge]: Created ROS subscription on /scan (sensor_msgs/msg/LaserScan) for channel 25
[foxglove_bridge-1] [INFO] [1782978787.145047892] [foxglove_bridge]: received subscribe request for channel 42 from client 1
[foxglove_bridge-1] [INFO] [1782978787.182357674] [foxglove_bridge]: Created ROS subscription on /yolov5s_bpu/annotated/compressed (sensor_msgs/msg/CompressedImage) for channel 42
[foxglove_bridge-1] [INFO] [1782978787.189085548] [foxglove_bridge]: received subscribe request for channel 45 from client 1
[foxglove_bridge-1] [INFO] [1782978787.231821995] [foxglove_bridge]: Created ROS subscription on /target_bbox_json (std_msgs/msg/String) for channel 45
[foxglove_bridge-1] [INFO] [1782978787.347262842] [foxglove_bridge]: received subscribe request for channel 2 from client 4
[foxglove_bridge-1] [INFO] [1782978787.347564300] [foxglove_bridge]: received subscribe request for channel 9 from client 4
[foxglove_bridge-1] [INFO] [1782978787.427318613] [foxglove_bridge]: Created ROS subscription on /map (nav_msgs/msg/OccupancyGrid) for channel 9
[foxglove_bridge-1] [INFO] [1782978787.430500654] [foxglove_bridge]: received subscribe request for channel 3 from client 4
[foxglove_bridge-1] [INFO] [1782978787.438725736] [foxglove_bridge]: received subscribe request for channel 25 from client 4
[foxglove_bridge-1] [INFO] [1782978787.439004610] [foxglove_bridge]: received subscribe request for channel 8 from client 4
[foxglove_bridge-1] [INFO] [1782978787.439095694] [foxglove_bridge]: received subscribe request for channel 42 from client 4
[foxglove_bridge-1] [INFO] [1782978787.439174110] [foxglove_bridge]: received subscribe request for channel 13 from client 4
[foxglove_bridge-1] [INFO] [1782978787.439259860] [foxglove_bridge]: received subscribe request for channel 45 from client 4
[foxglove_bridge-1] [INFO] [1782978787.518996299] [foxglove_bridge]: publishing connection graph
[foxglove_bridge-1] [INFO] [1782978788.062385330] [foxglove_bridge]: received subscribe request for channel 2 from client 3
[foxglove_bridge-1] [INFO] [1782978788.068447870] [foxglove_bridge]: received subscribe request for channel 3 from client 3
[foxglove_bridge-1] [INFO] [1782978788.111760610] [foxglove_bridge]: publishing connection graph
[foxglove_bridge-1] [INFO] [1782978788.531295297] [foxglove_bridge]: Client ID 5 is advertising "/move_base_simple/goal" (geometry_msgs/PoseStamped) on channel 1 with encoding "cdr"
[foxglove_bridge-1] [INFO] [1782978788.553424083] [foxglove_bridge]: Client ID 5 is advertising "/clicked_point" (geometry_msgs/PointStamped) on channel 2 with encoding "cdr"
[foxglove_bridge-1] [INFO] [1782978788.567186996] [foxglove_bridge]: Client ID 5 is advertising "/initialpose" (geometry_msgs/PoseWithCovarianceStamped) on channel 3 with encoding "cdr"
[foxglove_bridge-1] [INFO] [1782978788.609046486] [foxglove_bridge]: received subscribe request for channel 2 from client 5
[foxglove_bridge-1] [INFO] [1782978788.609475402] [foxglove_bridge]: received subscribe request for channel 3 from client 5
[foxglove_bridge-1] [INFO] [1782978788.618927316] [foxglove_bridge]: Advertising new channel 49 for topic "/move_base_simple/goal"
[foxglove_bridge-1] [INFO] [1782978788.620128024] [foxglove_bridge]: Advertising new channel 50 for topic "/joy/set_feedback"
[foxglove_bridge-1] [INFO] [1782978788.621098358] [foxglove_bridge]: Advertising new channel 51 for topic "/joy"
[foxglove_bridge-1] [INFO] [1782978788.622667024] [foxglove_bridge]: Advertising new channel 52 for topic "/initialpose"
[foxglove_bridge-1] [INFO] [1782978788.623875690] [foxglove_bridge]: Advertising new channel 53 for topic "/clicked_point"
[foxglove_bridge-1] [INFO] [1782978788.630549647] [foxglove_bridge]: received subscribe request for channel 38 from client 5
[foxglove_bridge-1] [INFO] [1782978788.642939144] [foxglove_bridge]: Created ROS subscription on /semantic_map_json (std_msgs/msg/String) for channel 38
[foxglove_bridge-1] [INFO] [1782978788.643449602] [foxglove_bridge]: received subscribe request for channel 22 from client 5
[foxglove_bridge-1] [INFO] [1782978788.669035846] [foxglove_bridge]: Created ROS subscription on /semantic_observations (std_msgs/msg/String) for channel 22
[foxglove_bridge-1] [INFO] [1782978788.669334262] [foxglove_bridge]: received subscribe request for channel 20 from client 5
[foxglove_bridge-1] [INFO] [1782978788.680270593] [foxglove_bridge]: Created ROS subscription on /semantic_status (std_msgs/msg/String) for channel 20
[foxglove_bridge-1] [INFO] [1782978788.680837218] [foxglove_bridge]: received subscribe request for channel 24 from client 5
[foxglove_bridge-1] [INFO] [1782978788.710840585] [foxglove_bridge]: Created ROS subscription on /semantic_loop_error (std_msgs/msg/String) for channel 24
[foxglove_bridge-1] [INFO] [1782978788.711139335] [foxglove_bridge]: received subscribe request for channel 45 from client 5
[foxglove_bridge-1] [INFO] [1782978788.739897620] [foxglove_bridge]: received subscribe request for channel 9 from client 5
[foxglove_bridge-1] [INFO] [1782978788.742247286] [foxglove_bridge]: received subscribe request for channel 4 from client 5
[foxglove_bridge-1] [INFO] [1782978788.761053781] [foxglove_bridge]: Created ROS subscription on /scan_filtered (sensor_msgs/msg/LaserScan) for channel 4
[foxglove_bridge-1] [INFO] [1782978788.762937781] [foxglove_bridge]: received subscribe request for channel 36 from client 5
[foxglove_bridge-1] [INFO] [1782978788.788513732] [foxglove_bridge]: Created ROS subscription on /semantic_candidate_objects (visualization_msgs/msg/MarkerArray) for channel 36
[foxglove_bridge-1] [INFO] [1782978788.788856691] [foxglove_bridge]: received subscribe request for channel 40 from client 5
[foxglove_bridge-1] [INFO] [1782978788.811765643] [foxglove_bridge]: Created ROS subscription on /semantic_landmarks (visualization_msgs/msg/MarkerArray) for channel 40
[foxglove_bridge-1] [INFO] [1782978788.812074185] [foxglove_bridge]: received subscribe request for channel 26 from client 5
[foxglove_bridge-1] [INFO] [1782978788.829140472] [foxglove_bridge]: Created ROS subscription on /semantic_observation_rays (visualization_msgs/msg/MarkerArray) for channel 26
[foxglove_bridge-1] [INFO] [1782978788.830563639] [foxglove_bridge]: received subscribe request for channel 21 from client 5
[foxglove_bridge-1] [INFO] [1782978788.834592013] [foxglove_bridge]: publishing connection graph
[foxglove_bridge-1] [INFO] [1782978788.842704052] [foxglove_bridge]: Created ROS subscription on /semantic_observed_cones (visualization_msgs/msg/MarkerArray) for channel 21
[foxglove_bridge-1] [INFO] [1782978788.844996302] [foxglove_bridge]: received subscribe request for channel 29 from client 5
[foxglove_bridge-1] [INFO] [1782978788.866978296] [foxglove_bridge]: Created ROS subscription on /semantic_viewpoints (visualization_msgs/msg/MarkerArray) for channel 29
[foxglove_bridge-1] [INFO] [1782978788.869678046] [foxglove_bridge]: received subscribe request for channel 42 from client 5
[foxglove_bridge-1] [INFO] [1782978789.373568128] [foxglove_bridge]: publishing connection graph
[foxglove_bridge-1] [INFO] [1782978791.431841114] [foxglove_bridge]: publishing connection graph
[foxglove_bridge-1] [INFO] [1782978792.034890254] [foxglove_bridge]: publishing connection graph
[foxglove_bridge-1] [INFO] [1782978792.748239659] [foxglove_bridge]: publishing connection graph
[foxglove_bridge-1] [INFO] [1782978793.275401735] [foxglove_bridge]: publishing connection graph
[foxglove_bridge-1] [INFO] [1782978794.011724092] [foxglove_bridge]: publishing connection graph
[foxglove_bridge-1] [INFO] [1782978794.648099598] [foxglove_bridge]: publishing connection graph
[foxglove_bridge-1] [INFO] [1782978795.173774716] [foxglove_bridge]: publishing connection graph
[foxglove_bridge-1] [INFO] [1782978796.742057404] [foxglove_bridge]: publishing connection graph
[foxglove_bridge-1] [INFO] [1782978797.301647055] [foxglove_bridge]: publishing connection graph
[foxglove_bridge-1] [INFO] [1782978797.870100328] [foxglove_bridge]: publishing connection graph
[foxglove_bridge-1] [INFO] [1782978798.400461986] [foxglove_bridge]: publishing connection graph
[foxglove_bridge-1] [INFO] [1782978800.237979021] [foxglove_bridge]: publishing connection graph
[foxglove_bridge-1] [INFO] [1782978800.763297263] [foxglove_bridge]: publishing connection graph
[foxglove_bridge-1] [ERROR] [1782978805.302173942] [foxglove_bridge]: Failed to retrieve parameters from node '/tf2_echo': Failed to retrieve parameter names for node '/tf2_echo'
[foxglove_bridge-1] [WARN] [1782978805.302374067] [foxglove_bridge]: Adding node /tf2_echo to the ignore list to prevent repeated timeouts or failures in future parameter requests.
[foxglove_bridge-1] [INFO] [1782978806.137342687] [foxglove_bridge]: publishing connection graph
[foxglove_bridge-1] [INFO] [1782978806.671158051] [foxglove_bridge]: publishing connection graph
[foxglove_bridge-1] [INFO] [1782978821.242254250] [foxglove_bridge]: publishing connection graph
[foxglove_bridge-1] [INFO] [1782978821.770920904] [foxglove_bridge]: publishing connection graph
[foxglove_bridge-1] [INFO] [1782979008.962016592] [foxglove_bridge]: publishing connection graph
[foxglove_bridge-1] [INFO] [1782979009.515522957] [foxglove_bridge]: publishing connection graph
[foxglove_bridge-1] [INFO] [1782979010.049683744] [foxglove_bridge]: publishing connection graph
[foxglove_bridge-1] [INFO] [1782979010.699842618] [foxglove_bridge]: publishing connection graph
[foxglove_bridge-1] [INFO] [1782979011.234227863] [foxglove_bridge]: publishing connection graph
[foxglove_bridge-1] [INFO] [1782979012.664466737] [foxglove_bridge]: publishing connection graph
[foxglove_bridge-1] [INFO] [1782979013.200046689] [foxglove_bridge]: publishing connection graph
[foxglove_bridge-1] [ERROR] [1782979017.734320852] [foxglove_bridge]: Failed to retrieve parameters from node '/scan_probe': Failed to retrieve parameter names for node '/scan_probe'
[foxglove_bridge-1] [WARN] [1782979017.734523102] [foxglove_bridge]: Adding node /scan_probe to the ignore list to prevent repeated timeouts or failures in future parameter requests.
[foxglove_bridge-1] [INFO] [1782979083.028270938] [foxglove_bridge]: publishing connection graph
[foxglove_bridge-1] [INFO] [1782979083.537199638] [foxglove_bridge]: Removing channel 51 for topic "/joy" (sensor_msgs/msg/Joy)
[foxglove_bridge-1] [INFO] [1782979083.537380096] [foxglove_bridge]: Removing channel 50 for topic "/joy/set_feedback" (sensor_msgs/msg/JoyFeedback)
[foxglove_bridge-1] [INFO] [1782979083.537440846] [foxglove_bridge]: Removing channel 48 for topic "/semantic_save_event" (std_msgs/msg/String)
[foxglove_bridge-1] [INFO] [1782979083.537490305] [foxglove_bridge]: Removing channel 47 for topic "/camera_info" (sensor_msgs/msg/CameraInfo)
[foxglove_bridge-1] [INFO] [1782979083.537589346] [foxglove_bridge]: Removing channel 14 for topic "/target_words" (std_msgs/msg/String)
[foxglove_bridge-1] [INFO] [1782979083.537639430] [foxglove_bridge]: Removing channel 12 for topic "/nav_target_point" (std_msgs/msg/String)
[foxglove_bridge-1] [INFO] [1782979083.537685513] [foxglove_bridge]: Removing channel 10 for topic "/image_raw" (sensor_msgs/msg/Image)
[foxglove_bridge-1] [INFO] [1782979083.537754055] [foxglove_bridge]: Removing channel 15 for topic "/image" (sensor_msgs/msg/CompressedImage)
[foxglove_bridge-1] [INFO] [1782979083.537803805] [foxglove_bridge]: Removing channel 17 for topic "/yolov5s_bpu/debug" (std_msgs/msg/String)
[foxglove_bridge-1] [INFO] [1782979083.537875638] [foxglove_bridge]: Removing channel 23 for topic "/semantic_map/save" (std_msgs/msg/String)
[foxglove_bridge-1] [INFO] [1782979083.567841461] [foxglove_bridge]: publishing connection graph
[foxglove_bridge-1] [INFO] [1782979086.268699075] [foxglove_bridge]: publishing connection graph
[foxglove_bridge-1] [INFO] [1782979086.789702896] [foxglove_bridge]: publishing connection graph
[foxglove_bridge-1] [INFO] [1782979089.932232689] [foxglove_bridge]: publishing connection graph
[foxglove_bridge-1] [INFO] [1782979090.590939712] [foxglove_bridge]: publishing connection graph
[foxglove_bridge-1] [INFO] [1782979091.129570192] [foxglove_bridge]: publishing connection graph
[foxglove_bridge-1] [INFO] [1782979091.648422013] [foxglove_bridge]: publishing connection graph
[foxglove_bridge-1] [INFO] [1782979093.322107185] [foxglove_bridge]: publishing connection graph
