[INFO] [launch]: All log files can be found below /root/.ros/log/2026-07-05-13-11-03-347944-ubuntu-20297
[INFO] [launch]: Default logging verbosity is set to INFO
[INFO] [map_server-1]: process started with pid [20333]
[INFO] [amcl-2]: process started with pid [20335]
[INFO] [lifecycle_manager-3]: process started with pid [20337]
[INFO] [controller_server-4]: process started with pid [20339]
[INFO] [smoother_server-5]: process started with pid [20341]
[INFO] [planner_server-6]: process started with pid [20343]
[INFO] [behavior_server-7]: process started with pid [20345]
[INFO] [bt_navigator-8]: process started with pid [20347]
[INFO] [waypoint_follower-9]: process started with pid [20349]
[INFO] [velocity_smoother-10]: process started with pid [20371]
[INFO] [lifecycle_manager-11]: process started with pid [20382]
[behavior_server-7] [INFO] [1783228266.005270146] [behavior_server]: 
[behavior_server-7] 	behavior_server lifecycle node launched. 
[behavior_server-7] 	Waiting on external lifecycle transitions to activate
[behavior_server-7] 	See https://design.ros2.org/articles/node_lifecycle.html for more information.
[lifecycle_manager-3] [INFO] [1783228266.030091567] [lifecycle_manager_localization]: Creating
[bt_navigator-8] [INFO] [1783228266.177636675] [bt_navigator]: 
[bt_navigator-8] 	bt_navigator lifecycle node launched. 
[bt_navigator-8] 	Waiting on external lifecycle transitions to activate
[bt_navigator-8] 	See https://design.ros2.org/articles/node_lifecycle.html for more information.
[bt_navigator-8] [INFO] [1783228266.178383925] [bt_navigator]: Creating
[planner_server-6] [INFO] [1783228266.183668634] [planner_server]: 
[planner_server-6] 	planner_server lifecycle node launched. 
[planner_server-6] 	Waiting on external lifecycle transitions to activate
[planner_server-6] 	See https://design.ros2.org/articles/node_lifecycle.html for more information.
[velocity_smoother-10] [INFO] [1783228266.194384470] [velocity_smoother]: 
[velocity_smoother-10] 	velocity_smoother lifecycle node launched. 
[velocity_smoother-10] 	Waiting on external lifecycle transitions to activate
[velocity_smoother-10] 	See https://design.ros2.org/articles/node_lifecycle.html for more information.
[lifecycle_manager-3] [INFO] [1783228266.204583930] [lifecycle_manager_localization]: [34m[1mCreating and initializing lifecycle service clients[0m[0m
[planner_server-6] [INFO] [1783228266.246060728] [planner_server]: Creating
[smoother_server-5] [INFO] [1783228266.263671981] [smoother_server]: 
[smoother_server-5] 	smoother_server lifecycle node launched. 
[smoother_server-5] 	Waiting on external lifecycle transitions to activate
[smoother_server-5] 	See https://design.ros2.org/articles/node_lifecycle.html for more information.
[amcl-2] [INFO] [1783228266.331976451] [amcl]: 
[amcl-2] 	amcl lifecycle node launched. 
[amcl-2] 	Waiting on external lifecycle transitions to activate
[amcl-2] 	See https://design.ros2.org/articles/node_lifecycle.html for more information.
[smoother_server-5] [INFO] [1783228266.337699036] [smoother_server]: Creating smoother server
[amcl-2] [INFO] [1783228266.338920619] [amcl]: Creating
[lifecycle_manager-11] [INFO] [1783228266.426675676] [lifecycle_manager_navigation]: Creating
[controller_server-4] [INFO] [1783228266.448197888] [controller_server]: 
[controller_server-4] 	controller_server lifecycle node launched. 
[controller_server-4] 	Waiting on external lifecycle transitions to activate
[controller_server-4] 	See https://design.ros2.org/articles/node_lifecycle.html for more information.
[waypoint_follower-9] [INFO] [1783228266.456107139] [waypoint_follower]: 
[waypoint_follower-9] 	waypoint_follower lifecycle node launched. 
[waypoint_follower-9] 	Waiting on external lifecycle transitions to activate
[waypoint_follower-9] 	See https://design.ros2.org/articles/node_lifecycle.html for more information.
[waypoint_follower-9] [INFO] [1783228266.479959185] [waypoint_follower]: Creating
[lifecycle_manager-11] [INFO] [1783228266.490254978] [lifecycle_manager_navigation]: [34m[1mCreating and initializing lifecycle service clients[0m[0m
[map_server-1] [INFO] [1783228266.490289603] [map_server]: 
[map_server-1] 	map_server lifecycle node launched. 
[map_server-1] 	Waiting on external lifecycle transitions to activate
[map_server-1] 	See https://design.ros2.org/articles/node_lifecycle.html for more information.
[map_server-1] [INFO] [1783228266.490920354] [map_server]: Creating
[controller_server-4] [INFO] [1783228266.519011192] [controller_server]: Creating controller server
[planner_server-6] [INFO] [1783228266.706949390] [global_costmap.global_costmap]: 
[planner_server-6] 	global_costmap lifecycle node launched. 
[planner_server-6] 	Waiting on external lifecycle transitions to activate
[planner_server-6] 	See https://design.ros2.org/articles/node_lifecycle.html for more information.
[planner_server-6] [INFO] [1783228266.709268182] [global_costmap.global_costmap]: Creating Costmap
[controller_server-4] [INFO] [1783228266.960331184] [local_costmap.local_costmap]: 
[controller_server-4] 	local_costmap lifecycle node launched. 
[controller_server-4] 	Waiting on external lifecycle transitions to activate
[controller_server-4] 	See https://design.ros2.org/articles/node_lifecycle.html for more information.
[controller_server-4] [INFO] [1783228266.967515602] [local_costmap.local_costmap]: Creating Costmap
[lifecycle_manager-3] [INFO] [1783228267.399133926] [lifecycle_manager_localization]: [34m[1mStarting managed nodes bringup...[0m[0m
[lifecycle_manager-3] [INFO] [1783228267.423104555] [lifecycle_manager_localization]: [34m[1mConfiguring map_server[0m[0m
[map_server-1] [INFO] [1783228267.426559472] [map_server]: Configuring
[map_server-1] [INFO] [1783228267.426839180] [map_io]: Loading yaml file: /root/rdk_x5_vln_robot/maps/joy_calibrated_corridor_map.yaml
[map_server-1] [INFO] [1783228267.428856514] [map_io]: resolution: 0.05
[map_server-1] [INFO] [1783228267.428945681] [map_io]: origin[0]: -4.34
[map_server-1] [INFO] [1783228267.428978014] [map_io]: origin[1]: -5.46
[map_server-1] [INFO] [1783228267.429006056] [map_io]: origin[2]: 0
[map_server-1] [INFO] [1783228267.429034389] [map_io]: free_thresh: 0.25
[map_server-1] [INFO] [1783228267.429063014] [map_io]: occupied_thresh: 0.65
[map_server-1] [INFO] [1783228267.429100514] [map_io]: mode: trinary
[map_server-1] [INFO] [1783228267.429131181] [map_io]: negate: 0
[map_server-1] [INFO] [1783228267.431419098] [map_io]: Loading image_file: /root/rdk_x5_vln_robot/maps/joy_calibrated_corridor_map.pgm
[map_server-1] [INFO] [1783228267.506578402] [map_io]: Read map /root/rdk_x5_vln_robot/maps/joy_calibrated_corridor_map.pgm: 154 X 200 map @ 0.05 m/cell
[lifecycle_manager-3] [INFO] [1783228267.761199238] [lifecycle_manager_localization]: [34m[1mConfiguring amcl[0m[0m
[amcl-2] [INFO] [1783228267.922051515] [amcl]: Configuring
[amcl-2] [INFO] [1783228267.922497765] [amcl]: initTransforms
[lifecycle_manager-11] [INFO] [1783228267.974198441] [lifecycle_manager_navigation]: [34m[1mStarting managed nodes bringup...[0m[0m
[lifecycle_manager-11] [INFO] [1783228267.977476983] [lifecycle_manager_navigation]: [34m[1mConfiguring controller_server[0m[0m
[controller_server-4] [INFO] [1783228267.982271651] [controller_server]: Configuring controller interface
[controller_server-4] [INFO] [1783228267.982988068] [controller_server]: getting goal checker plugins..
[controller_server-4] [INFO] [1783228267.983429276] [controller_server]: Controller frequency set to 10.0000Hz
[controller_server-4] [INFO] [1783228267.983672901] [local_costmap.local_costmap]: Configuring
[amcl-2] [INFO] [1783228268.023958366] [amcl]: initPubSub
[controller_server-4] [INFO] [1783228268.070209041] [local_costmap.local_costmap]: Using plugin "static_layer"
[amcl-2] [INFO] [1783228268.101359546] [amcl]: Subscribed to map topic.
[controller_server-4] [INFO] [1783228268.114227924] [local_costmap.local_costmap]: Subscribing to the map topic (/map) with transient local durability
[controller_server-4] [INFO] [1783228268.126468259] [local_costmap.local_costmap]: Initialized plugin "static_layer"
[controller_server-4] [INFO] [1783228268.126688342] [local_costmap.local_costmap]: Using plugin "voxel_layer"
[controller_server-4] [INFO] [1783228268.130883718] [local_costmap.local_costmap]: Subscribed to Topics: scan
[lifecycle_manager-3] [INFO] [1783228268.192010729] [lifecycle_manager_localization]: [34m[1mActivating map_server[0m[0m
[map_server-1] [INFO] [1783228268.193040479] [map_server]: Activating
[map_server-1] [INFO] [1783228268.193909687] [map_server]: Creating bond (map_server) to lifecycle manager.
[amcl-2] [INFO] [1783228268.195249604] [amcl]: Received a 154 X 200 map @ 0.050 m/pix
[controller_server-4] [INFO] [1783228268.223295901] [local_costmap.local_costmap]: Initialized plugin "voxel_layer"
[controller_server-4] [INFO] [1783228268.223464234] [local_costmap.local_costmap]: Using plugin "inflation_layer"
[controller_server-4] [INFO] [1783228268.254003198] [local_costmap.local_costmap]: Initialized plugin "inflation_layer"
[lifecycle_manager-3] [INFO] [1783228268.342875421] [lifecycle_manager_localization]: Server map_server connected with bond.
[lifecycle_manager-3] [INFO] [1783228268.343095463] [lifecycle_manager_localization]: [34m[1mActivating amcl[0m[0m
[amcl-2] [INFO] [1783228268.344083338] [amcl]: Activating
[amcl-2] [INFO] [1783228268.344286963] [amcl]: Creating bond (amcl) to lifecycle manager.
[amcl-2] [INFO] [1783228268.373604635] [amcl]: createLaserObject
[controller_server-4] [INFO] [1783228268.436932271] [controller_server]: Created progress_checker : progress_checker of type nav2_controller::SimpleProgressChecker
[controller_server-4] [INFO] [1783228268.461115275] [local_costmap.local_costmap]: StaticLayer: Resizing static layer to 154 X 200 at 0.050000 m/pix
[controller_server-4] [INFO] [1783228268.462998359] [controller_server]: Created goal checker : general_goal_checker of type nav2_controller::SimpleGoalChecker
[controller_server-4] [INFO] [1783228268.485616738] [controller_server]: Controller Server has general_goal_checker  goal checkers available.
[controller_server-4] [INFO] [1783228268.488781530] [controller_server]: Created controller : FollowPath of type nav2_regulated_pure_pursuit_controller::RegulatedPurePursuitController
[lifecycle_manager-3] [INFO] [1783228268.514155326] [lifecycle_manager_localization]: Server amcl connected with bond.
[lifecycle_manager-3] [INFO] [1783228268.514320243] [lifecycle_manager_localization]: [34m[1mManaged nodes are active[0m[0m
[lifecycle_manager-3] [INFO] [1783228268.514453743] [lifecycle_manager_localization]: [34m[1mCreating bond timer...[0m[0m
[controller_server-4] [INFO] [1783228268.574436253] [controller_server]: Controller Server has FollowPath  controllers available.
[lifecycle_manager-11] [INFO] [1783228268.725791113] [lifecycle_manager_navigation]: [34m[1mConfiguring smoother_server[0m[0m
[smoother_server-5] [INFO] [1783228268.727399155] [smoother_server]: Configuring smoother server
[smoother_server-5] [INFO] [1783228268.831351339] [smoother_server]: Created smoother : simple_smoother of type nav2_smoother::SimpleSmoother
[smoother_server-5] [INFO] [1783228268.843694216] [smoother_server]: Smoother Server has simple_smoother  smoothers available.
[lifecycle_manager-11] [INFO] [1783228268.971889613] [lifecycle_manager_navigation]: [34m[1mConfiguring planner_server[0m[0m
[planner_server-6] [INFO] [1783228268.975554489] [planner_server]: Configuring
[planner_server-6] [INFO] [1783228268.975783281] [global_costmap.global_costmap]: Configuring
[planner_server-6] [INFO] [1783228269.045623918] [global_costmap.global_costmap]: Using plugin "static_layer"
[planner_server-6] [INFO] [1783228269.072042297] [global_costmap.global_costmap]: Subscribing to the map topic (/map) with transient local durability
[planner_server-6] [INFO] [1783228269.083286383] [global_costmap.global_costmap]: Initialized plugin "static_layer"
[planner_server-6] [INFO] [1783228269.083447383] [global_costmap.global_costmap]: Using plugin "inflation_layer"
[planner_server-6] [INFO] [1783228269.096619510] [global_costmap.global_costmap]: Initialized plugin "inflation_layer"
[planner_server-6] [INFO] [1783228269.201544403] [global_costmap.global_costmap]: StaticLayer: Resizing costmap to 154 X 200 at 0.050000 m/pix
[planner_server-6] [INFO] [1783228269.202491987] [planner_server]: Created global planner plugin GridBased of type nav2_navfn_planner/NavfnPlanner
[planner_server-6] [INFO] [1783228269.202647862] [planner_server]: Configuring plugin GridBased of type NavfnPlanner
[planner_server-6] [INFO] [1783228269.213353780] [planner_server]: Planner Server has GridBased  planners available.
[lifecycle_manager-11] [INFO] [1783228269.322334133] [lifecycle_manager_navigation]: [34m[1mConfiguring behavior_server[0m[0m
[behavior_server-7] [INFO] [1783228269.323603175] [behavior_server]: Configuring
[behavior_server-7] [INFO] [1783228269.397540479] [behavior_server]: Creating behavior plugin spin of type nav2_behaviors/Spin
[behavior_server-7] [INFO] [1783228269.402714397] [behavior_server]: Configuring spin
[behavior_server-7] [INFO] [1783228269.490571370] [behavior_server]: Creating behavior plugin backup of type nav2_behaviors/BackUp
[behavior_server-7] [INFO] [1783228269.497099205] [behavior_server]: Configuring backup
[behavior_server-7] [INFO] [1783228269.609849849] [behavior_server]: Creating behavior plugin drive_on_heading of type nav2_behaviors/DriveOnHeading
[behavior_server-7] [INFO] [1783228269.614981934] [behavior_server]: Configuring drive_on_heading
[behavior_server-7] [INFO] [1783228269.707385408] [behavior_server]: Creating behavior plugin assisted_teleop of type nav2_behaviors/AssistedTeleop
[behavior_server-7] [INFO] [1783228269.716368993] [behavior_server]: Configuring assisted_teleop
[behavior_server-7] [INFO] [1783228269.782664088] [behavior_server]: Creating behavior plugin wait of type nav2_behaviors/Wait
[behavior_server-7] [INFO] [1783228269.786172255] [behavior_server]: Configuring wait
[lifecycle_manager-11] [INFO] [1783228269.827629929] [lifecycle_manager_navigation]: [34m[1mConfiguring bt_navigator[0m[0m
[bt_navigator-8] [INFO] [1783228269.828841637] [bt_navigator]: Configuring
[amcl-2] [WARN] [1783228269.968839078] [amcl]: AMCL cannot publish a pose or update the transform. Please set the initial pose...
[amcl-2] [INFO] [1783228270.191400826] [amcl]: Message Filter dropping message: frame 'laser' at time 1783228267.960 for reason 'the timestamp on the message is earlier than all the data in the transform cache'
[lifecycle_manager-11] [INFO] [1783228270.397214487] [lifecycle_manager_navigation]: [34m[1mConfiguring waypoint_follower[0m[0m
[waypoint_follower-9] [INFO] [1783228270.399970404] [waypoint_follower]: Configuring
[waypoint_follower-9] [INFO] [1783228270.535699928] [waypoint_follower]: Created waypoint_task_executor : wait_at_waypoint of type nav2_waypoint_follower::WaitAtWaypoint
[lifecycle_manager-11] [INFO] [1783228270.544141179] [lifecycle_manager_navigation]: [34m[1mConfiguring velocity_smoother[0m[0m
[velocity_smoother-10] [INFO] [1783228270.546246763] [velocity_smoother]: Configuring velocity smoother
[lifecycle_manager-11] [INFO] [1783228270.585912270] [lifecycle_manager_navigation]: [34m[1mActivating controller_server[0m[0m
[controller_server-4] [INFO] [1783228270.587372270] [controller_server]: Activating
[controller_server-4] [INFO] [1783228270.587571562] [local_costmap.local_costmap]: Activating
[controller_server-4] [INFO] [1783228270.587636978] [local_costmap.local_costmap]: Checking transform
[controller_server-4] [INFO] [1783228270.587775728] [local_costmap.local_costmap]: Timed out waiting for transform from base_link to map to become available, tf error: Invalid frame ID "map" passed to canTransform argument target_frame - frame does not exist
[controller_server-4] [INFO] [1783228271.087828899] [local_costmap.local_costmap]: Timed out waiting for transform from base_link to map to become available, tf error: Invalid frame ID "map" passed to canTransform argument target_frame - frame does not exist
[controller_server-4] [INFO] [1783228271.587802571] [local_costmap.local_costmap]: Timed out waiting for transform from base_link to map to become available, tf error: Invalid frame ID "map" passed to canTransform argument target_frame - frame does not exist
[amcl-2] [WARN] [1783228272.062219404] [amcl]: AMCL cannot publish a pose or update the transform. Please set the initial pose...
[controller_server-4] [INFO] [1783228272.087804492] [local_costmap.local_costmap]: Timed out waiting for transform from base_link to map to become available, tf error: Invalid frame ID "map" passed to canTransform argument target_frame - frame does not exist
[controller_server-4] [INFO] [1783228272.587804956] [local_costmap.local_costmap]: Timed out waiting for transform from base_link to map to become available, tf error: Invalid frame ID "map" passed to canTransform argument target_frame - frame does not exist
[controller_server-4] [INFO] [1783228273.087797419] [local_costmap.local_costmap]: Timed out waiting for transform from base_link to map to become available, tf error: Invalid frame ID "map" passed to canTransform argument target_frame - frame does not exist
[controller_server-4] [INFO] [1783228273.587798342] [local_costmap.local_costmap]: Timed out waiting for transform from base_link to map to become available, tf error: Invalid frame ID "map" passed to canTransform argument target_frame - frame does not exist
[controller_server-4] [INFO] [1783228274.087801931] [local_costmap.local_costmap]: Timed out waiting for transform from base_link to map to become available, tf error: Invalid frame ID "map" passed to canTransform argument target_frame - frame does not exist
[amcl-2] [WARN] [1783228274.159830444] [amcl]: AMCL cannot publish a pose or update the transform. Please set the initial pose...
[controller_server-4] [INFO] [1783228274.587808979] [local_costmap.local_costmap]: Timed out waiting for transform from base_link to map to become available, tf error: Invalid frame ID "map" passed to canTransform argument target_frame - frame does not exist
[controller_server-4] [INFO] [1783228275.087818402] [local_costmap.local_costmap]: Timed out waiting for transform from base_link to map to become available, tf error: Invalid frame ID "map" passed to canTransform argument target_frame - frame does not exist
[controller_server-4] [INFO] [1783228275.587820033] [local_costmap.local_costmap]: Timed out waiting for transform from base_link to map to become available, tf error: Invalid frame ID "map" passed to canTransform argument target_frame - frame does not exist
[controller_server-4] [INFO] [1783228276.087823040] [local_costmap.local_costmap]: Timed out waiting for transform from base_link to map to become available, tf error: Invalid frame ID "map" passed to canTransform argument target_frame - frame does not exist
[amcl-2] [WARN] [1783228276.164719054] [amcl]: AMCL cannot publish a pose or update the transform. Please set the initial pose...
[controller_server-4] [INFO] [1783228276.587812214] [local_costmap.local_costmap]: Timed out waiting for transform from base_link to map to become available, tf error: Invalid frame ID "map" passed to canTransform argument target_frame - frame does not exist
[controller_server-4] [INFO] [1783228277.087807013] [local_costmap.local_costmap]: Timed out waiting for transform from base_link to map to become available, tf error: Invalid frame ID "map" passed to canTransform argument target_frame - frame does not exist
[controller_server-4] [INFO] [1783228277.587807313] [local_costmap.local_costmap]: Timed out waiting for transform from base_link to map to become available, tf error: Invalid frame ID "map" passed to canTransform argument target_frame - frame does not exist
[controller_server-4] [INFO] [1783228278.087754404] [local_costmap.local_costmap]: Timed out waiting for transform from base_link to map to become available, tf error: Invalid frame ID "map" passed to canTransform argument target_frame - frame does not exist
[amcl-2] [WARN] [1783228278.174332378] [amcl]: AMCL cannot publish a pose or update the transform. Please set the initial pose...
[controller_server-4] [INFO] [1783228278.587801121] [local_costmap.local_costmap]: Timed out waiting for transform from base_link to map to become available, tf error: Invalid frame ID "map" passed to canTransform argument target_frame - frame does not exist
[controller_server-4] [INFO] [1783228279.087808546] [local_costmap.local_costmap]: Timed out waiting for transform from base_link to map to become available, tf error: Invalid frame ID "map" passed to canTransform argument target_frame - frame does not exist
[controller_server-4] [INFO] [1783228279.587796513] [local_costmap.local_costmap]: Timed out waiting for transform from base_link to map to become available, tf error: Invalid frame ID "map" passed to canTransform argument target_frame - frame does not exist
[controller_server-4] [INFO] [1783228280.087794480] [local_costmap.local_costmap]: Timed out waiting for transform from base_link to map to become available, tf error: Invalid frame ID "map" passed to canTransform argument target_frame - frame does not exist
[amcl-2] [WARN] [1783228280.256020095] [amcl]: AMCL cannot publish a pose or update the transform. Please set the initial pose...
[controller_server-4] [INFO] [1783228280.587796531] [local_costmap.local_costmap]: Timed out waiting for transform from base_link to map to become available, tf error: Invalid frame ID "map" passed to canTransform argument target_frame - frame does not exist
[controller_server-4] [INFO] [1783228281.087806583] [local_costmap.local_costmap]: Timed out waiting for transform from base_link to map to become available, tf error: Invalid frame ID "map" passed to canTransform argument target_frame - frame does not exist
[controller_server-4] [INFO] [1783228281.587799051] [local_costmap.local_costmap]: Timed out waiting for transform from base_link to map to become available, tf error: Invalid frame ID "map" passed to canTransform argument target_frame - frame does not exist
[controller_server-4] [INFO] [1783228282.087787769] [local_costmap.local_costmap]: Timed out waiting for transform from base_link to map to become available, tf error: Invalid frame ID "map" passed to canTransform argument target_frame - frame does not exist
[amcl-2] [WARN] [1783228282.257024634] [amcl]: AMCL cannot publish a pose or update the transform. Please set the initial pose...
[controller_server-4] [INFO] [1783228282.587789071] [local_costmap.local_costmap]: Timed out waiting for transform from base_link to map to become available, tf error: Invalid frame ID "map" passed to canTransform argument target_frame - frame does not exist
[controller_server-4] [INFO] [1783228283.087786998] [local_costmap.local_costmap]: Timed out waiting for transform from base_link to map to become available, tf error: Invalid frame ID "map" passed to canTransform argument target_frame - frame does not exist
[controller_server-4] [INFO] [1783228283.587793593] [local_costmap.local_costmap]: Timed out waiting for transform from base_link to map to become available, tf error: Invalid frame ID "map" passed to canTransform argument target_frame - frame does not exist
[controller_server-4] [INFO] [1783228284.087820478] [local_costmap.local_costmap]: Timed out waiting for transform from base_link to map to become available, tf error: Invalid frame ID "map" passed to canTransform argument target_frame - frame does not exist
[amcl-2] [WARN] [1783228284.360691447] [amcl]: AMCL cannot publish a pose or update the transform. Please set the initial pose...
[controller_server-4] [INFO] [1783228284.587823865] [local_costmap.local_costmap]: Timed out waiting for transform from base_link to map to become available, tf error: Invalid frame ID "map" passed to canTransform argument target_frame - frame does not exist
[controller_server-4] [INFO] [1783228285.087806251] [local_costmap.local_costmap]: Timed out waiting for transform from base_link to map to become available, tf error: Invalid frame ID "map" passed to canTransform argument target_frame - frame does not exist
[controller_server-4] [INFO] [1783228285.587794347] [local_costmap.local_costmap]: Timed out waiting for transform from base_link to map to become available, tf error: Invalid frame ID "map" passed to canTransform argument target_frame - frame does not exist
[controller_server-4] [INFO] [1783228286.087800900] [local_costmap.local_costmap]: Timed out waiting for transform from base_link to map to become available, tf error: Invalid frame ID "map" passed to canTransform argument target_frame - frame does not exist
[amcl-2] [WARN] [1783228286.468784765] [amcl]: AMCL cannot publish a pose or update the transform. Please set the initial pose...
[controller_server-4] [INFO] [1783228286.587812579] [local_costmap.local_costmap]: Timed out waiting for transform from base_link to map to become available, tf error: Invalid frame ID "map" passed to canTransform argument target_frame - frame does not exist
[controller_server-4] [INFO] [1783228287.087796675] [local_costmap.local_costmap]: Timed out waiting for transform from base_link to map to become available, tf error: Invalid frame ID "map" passed to canTransform argument target_frame - frame does not exist
[controller_server-4] [INFO] [1783228287.587779646] [local_costmap.local_costmap]: Timed out waiting for transform from base_link to map to become available, tf error: Invalid frame ID "map" passed to canTransform argument target_frame - frame does not exist
[controller_server-4] [INFO] [1783228288.087814451] [local_costmap.local_costmap]: Timed out waiting for transform from base_link to map to become available, tf error: Invalid frame ID "map" passed to canTransform argument target_frame - frame does not exist
[amcl-2] [INFO] [1783228288.254107317] [amcl]: initialPoseReceived
[amcl-2] [WARN] [1783228288.254470692] [amcl]: Failed to transform initial pose in time (Lookup would require extrapolation into the future.  Requested time 1783228288.254277 but the latest data is at time 1783228288.242671, when looking up transform from frame [base_link] to frame [odom])
[amcl-2] [INFO] [1783228288.254566650] [amcl]: Setting pose (1783228288.254563): 0.633 -0.201 0.563
[controller_server-4] [INFO] [1783228288.588146381] [local_costmap.local_costmap]: Timed out waiting for transform from base_link to map to become available, tf error: Lookup would require extrapolation into the past.  Requested time 1783228288.576437 but the earliest data is at time 1783228290.246799, when looking up transform from frame [base_link] to frame [map]
[controller_server-4] [INFO] [1783228289.087941436] [local_costmap.local_costmap]: Timed out waiting for transform from base_link to map to become available, tf error: Lookup would require extrapolation into the past.  Requested time 1783228289.075880 but the earliest data is at time 1783228290.246799, when looking up transform from frame [base_link] to frame [map]
[controller_server-4] [INFO] [1783228289.587868659] [local_costmap.local_costmap]: Timed out waiting for transform from base_link to map to become available, tf error: Lookup would require extrapolation into the past.  Requested time 1783228289.576454 but the earliest data is at time 1783228290.246799, when looking up transform from frame [base_link] to frame [map]
[controller_server-4] [INFO] [1783228290.087862173] [local_costmap.local_costmap]: Timed out waiting for transform from base_link to map to become available, tf error: Lookup would require extrapolation into the past.  Requested time 1783228290.076083 but the earliest data is at time 1783228290.246799, when looking up transform from frame [base_link] to frame [map]
[controller_server-4] [INFO] [1783228290.588017104] [local_costmap.local_costmap]: start
[controller_server-4] [INFO] [1783228290.841639653] [controller_server]: Activating controller: FollowPath of type regulated_pure_pursuit_controller::RegulatedPurePursuitController
[controller_server-4] [INFO] [1783228290.841835528] [controller_server]: Creating bond (controller_server) to lifecycle manager.
[lifecycle_manager-11] [INFO] [1783228290.961475968] [lifecycle_manager_navigation]: Server controller_server connected with bond.
[lifecycle_manager-11] [INFO] [1783228290.961669093] [lifecycle_manager_navigation]: [34m[1mActivating smoother_server[0m[0m
[smoother_server-5] [INFO] [1783228290.962983594] [smoother_server]: Activating
[smoother_server-5] [INFO] [1783228290.963165010] [smoother_server]: Creating bond (smoother_server) to lifecycle manager.
[lifecycle_manager-11] [INFO] [1783228291.080597950] [lifecycle_manager_navigation]: Server smoother_server connected with bond.
[lifecycle_manager-11] [INFO] [1783228291.080840533] [lifecycle_manager_navigation]: [34m[1mActivating planner_server[0m[0m
[planner_server-6] [INFO] [1783228291.082445659] [planner_server]: Activating
[planner_server-6] [INFO] [1783228291.082668617] [global_costmap.global_costmap]: Activating
[planner_server-6] [INFO] [1783228291.082739784] [global_costmap.global_costmap]: Checking transform
[planner_server-6] [INFO] [1783228291.083081409] [global_costmap.global_costmap]: start
[amcl-2] [INFO] [1783228291.428410227] [amcl]: initialPoseReceived
[amcl-2] [WARN] [1783228291.428758393] [amcl]: Failed to transform initial pose in time (Lookup would require extrapolation into the future.  Requested time 1783228291.428591 but the latest data is at time 1783228291.409204, when looking up transform from frame [base_link] to frame [odom])
[amcl-2] [INFO] [1783228291.428886768] [amcl]: Setting pose (1783228291.428881): 0.633 -0.201 0.563
[planner_server-6] [INFO] [1783228292.133344032] [planner_server]: Activating plugin GridBased of type NavfnPlanner
[planner_server-6] [INFO] [1783228292.141965450] [planner_server]: Creating bond (planner_server) to lifecycle manager.
[lifecycle_manager-11] [INFO] [1783228292.270463476] [lifecycle_manager_navigation]: Server planner_server connected with bond.
[lifecycle_manager-11] [INFO] [1783228292.270657767] [lifecycle_manager_navigation]: [34m[1mActivating behavior_server[0m[0m
[behavior_server-7] [INFO] [1783228292.272153309] [behavior_server]: Activating
[behavior_server-7] [INFO] [1783228292.272313934] [behavior_server]: Activating spin
[behavior_server-7] [INFO] [1783228292.272382893] [behavior_server]: Activating backup
[behavior_server-7] [INFO] [1783228292.272428684] [behavior_server]: Activating drive_on_heading
[behavior_server-7] [INFO] [1783228292.272474726] [behavior_server]: Activating assisted_teleop
[behavior_server-7] [INFO] [1783228292.272520309] [behavior_server]: Activating wait
[behavior_server-7] [INFO] [1783228292.272583976] [behavior_server]: Creating bond (behavior_server) to lifecycle manager.
[lifecycle_manager-11] [INFO] [1783228292.395719625] [lifecycle_manager_navigation]: Server behavior_server connected with bond.
[lifecycle_manager-11] [INFO] [1783228292.395881917] [lifecycle_manager_navigation]: [34m[1mActivating bt_navigator[0m[0m
[bt_navigator-8] [INFO] [1783228292.397249667] [bt_navigator]: Activating
[bt_navigator-8] [INFO] [1783228292.798916663] [bt_navigator]: Creating bond (bt_navigator) to lifecycle manager.
[lifecycle_manager-11] [INFO] [1783228292.921660896] [lifecycle_manager_navigation]: Server bt_navigator connected with bond.
[lifecycle_manager-11] [INFO] [1783228292.921826938] [lifecycle_manager_navigation]: [34m[1mActivating waypoint_follower[0m[0m
[waypoint_follower-9] [INFO] [1783228292.926782064] [waypoint_follower]: Activating
[waypoint_follower-9] [INFO] [1783228292.927009272] [waypoint_follower]: Creating bond (waypoint_follower) to lifecycle manager.
[lifecycle_manager-11] [INFO] [1783228293.059175881] [lifecycle_manager_navigation]: Server waypoint_follower connected with bond.
[lifecycle_manager-11] [INFO] [1783228293.059370423] [lifecycle_manager_navigation]: [34m[1mActivating velocity_smoother[0m[0m
[velocity_smoother-10] [INFO] [1783228293.060840673] [velocity_smoother]: Activating
[velocity_smoother-10] [INFO] [1783228293.061128090] [velocity_smoother]: Creating bond (velocity_smoother) to lifecycle manager.
[lifecycle_manager-11] [INFO] [1783228293.190900866] [lifecycle_manager_navigation]: Server velocity_smoother connected with bond.
[lifecycle_manager-11] [INFO] [1783228293.192955700] [lifecycle_manager_navigation]: [34m[1mManaged nodes are active[0m[0m
[lifecycle_manager-11] [INFO] [1783228293.193034158] [lifecycle_manager_navigation]: [34m[1mCreating bond timer...[0m[0m
[planner_server-6] [WARN] [1783228398.630159374] [planner_server]: No planners specified in action call. Server will use only plugin GridBased  in server. This warning will appear once.
[bt_navigator-8] [INFO] [1783228398.817256843] [bt_navigator]: Begin navigating from current location (0.63, -0.15) to (2.76, 1.27)
[controller_server-4] [INFO] [1783228398.864679981] [controller_server]: Received a goal, begin computing control effort.
[controller_server-4] [WARN] [1783228398.864918231] [controller_server]: No goal checker was specified in parameter 'current_goal_checker'. Server will use only plugin loaded general_goal_checker . This warning will appear once.
[bt_navigator-8] [WARN] [1783228407.185579437] [BehaviorTreeEngine]: Behavior Tree tick rate 50.00 was exceeded!
[controller_server-4] [INFO] [1783228408.965186409] [controller_server]: Passing new path to controller.
[controller_server-4] [INFO] [1783228419.065184149] [controller_server]: Passing new path to controller.
[controller_server-4] [INFO] [1783228421.466149609] [controller_server]: Reached the goal!
[bt_navigator-8] [INFO] [1783228421.541726090] [bt_navigator]: Goal succeeded
[planner_server-6] [INFO] [1783228598.394286867] [rclcpp]: signal_handler(signum=2)
[velocity_smoother-10] [INFO] [1783228598.394282700] [rclcpp]: signal_handler(signum=2)
[behavior_server-7] [INFO] [1783228598.394294159] [rclcpp]: signal_handler(signum=2)
[controller_server-4] [INFO] [1783228598.394630991] [rclcpp]: signal_handler(signum=2)
[bt_navigator-8] [INFO] [1783228598.394915616] [rclcpp]: signal_handler(signum=2)
[bt_navigator-8] [INFO] [1783228598.396278280] [bt_navigator]: Running Nav2 LifecycleNode rcl preshutdown (bt_navigator)
[bt_navigator-8] [INFO] [1783228598.396618154] [bt_navigator]: Deactivating
[bt_navigator-8] [INFO] [1783228598.396739446] [bt_navigator]: Destroying bond (bt_navigator) to lifecycle manager.
[velocity_smoother-10] [INFO] [1783228598.395090199] [velocity_smoother]: Running Nav2 LifecycleNode rcl preshutdown (velocity_smoother)
[velocity_smoother-10] [INFO] [1783228598.395380448] [velocity_smoother]: Deactivating
[velocity_smoother-10] [INFO] [1783228598.395485531] [velocity_smoother]: Destroying bond (velocity_smoother) to lifecycle manager.
[smoother_server-5] [INFO] [1783228598.395157407] [rclcpp]: signal_handler(signum=2)
[smoother_server-5] [INFO] [1783228598.400355522] [smoother_server]: Running Nav2 LifecycleNode rcl preshutdown (smoother_server)
[smoother_server-5] [INFO] [1783228598.400670813] [smoother_server]: Deactivating
[smoother_server-5] [INFO] [1783228598.400773980] [smoother_server]: Destroying bond (smoother_server) to lifecycle manager.
[amcl-2] [INFO] [1783228598.395312698] [rclcpp]: signal_handler(signum=2)
[amcl-2] [INFO] [1783228598.398619192] [amcl]: Running Nav2 LifecycleNode rcl preshutdown (amcl)
[amcl-2] [INFO] [1783228598.398863983] [amcl]: Deactivating
[amcl-2] [INFO] [1783228598.398953108] [amcl]: Destroying bond (amcl) to lifecycle manager.
[planner_server-6] [INFO] [1783228598.397672277] [planner_server]: Running Nav2 LifecycleNode rcl preshutdown (planner_server)
[planner_server-6] [INFO] [1783228598.397930568] [planner_server]: Deactivating
[planner_server-6] [INFO] [1783228598.398071526] [global_costmap.global_costmap]: Deactivating
[controller_server-4] [INFO] [1783228598.397831027] [controller_server]: Running Nav2 LifecycleNode rcl preshutdown (controller_server)
[controller_server-4] [INFO] [1783228598.398063526] [controller_server]: Deactivating
[controller_server-4] [INFO] [1783228598.398141860] [controller_server]: Deactivating controller: FollowPath of type regulated_pure_pursuit_controller::RegulatedPurePursuitController
[controller_server-4] [INFO] [1783228598.398303401] [local_costmap.local_costmap]: Deactivating
[lifecycle_manager-11] [INFO] [1783228598.403746141] [rclcpp]: signal_handler(signum=2)
[lifecycle_manager-11] [INFO] [1783228598.404640847] [lifecycle_manager_navigation]: Running Nav2 LifecycleManager rcl preshutdown (lifecycle_manager_navigation)
[lifecycle_manager-11] [INFO] [1783228598.404839222] [lifecycle_manager_navigation]: [34m[1mTerminating bond timer...[0m[0m
[lifecycle_manager-3] [INFO] [1783228598.406311678] [rclcpp]: signal_handler(signum=2)
[lifecycle_manager-3] [INFO] [1783228598.408015508] [lifecycle_manager_localization]: Running Nav2 LifecycleManager rcl preshutdown (lifecycle_manager_localization)
[lifecycle_manager-3] [INFO] [1783228598.408181466] [lifecycle_manager_localization]: [34m[1mTerminating bond timer...[0m[0m
[waypoint_follower-9] [INFO] [1783228598.420517651] [rclcpp]: signal_handler(signum=2)
[waypoint_follower-9] [INFO] [1783228598.421575441] [waypoint_follower]: Running Nav2 LifecycleNode rcl preshutdown (waypoint_follower)
[waypoint_follower-9] [INFO] [1783228598.421892440] [waypoint_follower]: Deactivating
[waypoint_follower-9] [INFO] [1783228598.422007982] [waypoint_follower]: Destroying bond (waypoint_follower) to lifecycle manager.
[map_server-1] [INFO] [1783228598.422769147] [rclcpp]: signal_handler(signum=2)
[map_server-1] [INFO] [1783228598.423789020] [map_server]: Running Nav2 LifecycleNode rcl preshutdown (map_server)
[map_server-1] [INFO] [1783228598.424108394] [map_server]: Deactivating
[map_server-1] [INFO] [1783228598.424200352] [map_server]: Destroying bond (map_server) to lifecycle manager.
[velocity_smoother-10] [INFO] [1783228598.426823764] [velocity_smoother]: Cleaning up
[velocity_smoother-10] [INFO] [1783228598.427035680] [velocity_smoother]: Destroying bond (velocity_smoother) to lifecycle manager.
[behavior_server-7] [INFO] [1783228598.432648753] [behavior_server]: Running Nav2 LifecycleNode rcl preshutdown (behavior_server)
[behavior_server-7] [INFO] [1783228598.432975836] [behavior_server]: Deactivating
[behavior_server-7] [INFO] [1783228598.433109336] [behavior_server]: Destroying bond (behavior_server) to lifecycle manager.
[map_server-1] [INFO] [1783228598.445751645] [map_server]: Cleaning up
[map_server-1] [INFO] [1783228598.445993312] [map_server]: Destroying bond (map_server) to lifecycle manager.
[smoother_server-5] [INFO] [1783228598.466802439] [smoother_server]: Cleaning up
[amcl-2] [INFO] [1783228598.469813392] [amcl]: Cleaning up
[waypoint_follower-9] [INFO] [1783228598.479260249] [waypoint_follower]: Cleaning up
[bt_navigator-8] [INFO] [1783228598.497853381] [bt_navigator]: Cleaning up
[behavior_server-7] [INFO] [1783228598.540281385] [behavior_server]: Cleaning up
[velocity_smoother-10] [INFO] [1783228598.561769678] [velocity_smoother]: Destroying
[controller_server-4] [INFO] [1783228598.588550377] [controller_server]: Destroying bond (controller_server) to lifecycle manager.
[lifecycle_manager-3] [INFO] [1783228598.605318346] [lifecycle_manager_localization]: Destroying lifecycle_manager_localization
[map_server-1] [INFO] [1783228598.627786387] [map_server]: Destroying
[waypoint_follower-9] [INFO] [1783228598.683858365] [waypoint_follower]: Destroying bond (waypoint_follower) to lifecycle manager.
[controller_server-4] [INFO] [1783228598.712364770] [controller_server]: Cleaning up
[controller_server-4] [INFO] [1783228598.712498478] [controller_server]: Cleaning up controller: FollowPath of type regulated_pure_pursuit_controller::RegulatedPurePursuitController
[controller_server-4] [INFO] [1783228598.712696020] [local_costmap.local_costmap]: Cleaning up
[waypoint_follower-9] [INFO] [1783228598.749330617] [waypoint_follower]: Destroying
[behavior_server-7] [INFO] [1783228598.784737801] [behavior_server]: Destroying bond (behavior_server) to lifecycle manager.
[smoother_server-5] [INFO] [1783228598.803510516] [smoother_server]: Destroying bond (smoother_server) to lifecycle manager.
[smoother_server-5] [INFO] [1783228598.814886078] [smoother_server]: Destroying
[amcl-2] [INFO] [1783228598.982886429] [amcl]: Destroying bond (amcl) to lifecycle manager.
[planner_server-6] [INFO] [1783228599.083657032] [planner_server]: Deactivating plugin GridBased of type NavfnPlanner
[planner_server-6] [INFO] [1783228599.083870324] [planner_server]: Destroying bond (planner_server) to lifecycle manager.
[planner_server-6] [INFO] [1783228599.164826797] [planner_server]: Cleaning up
[INFO] [lifecycle_manager-3]: process has finished cleanly [pid 20337]
[amcl-2] [INFO] [1783228599.387175965] [amcl]: Destroying
[lifecycle_manager-11] [INFO] [1783228599.453866132] [lifecycle_manager_navigation]: Destroying lifecycle_manager_navigation
[INFO] [smoother_server-5]: process has finished cleanly [pid 20341]
[planner_server-6] [INFO] [1783228599.529927740] [global_costmap.global_costmap]: Cleaning up
[INFO] [velocity_smoother-10]: process has finished cleanly [pid 20371]
[controller_server-4] [INFO] [1783228599.548019665] [controller_server]: Destroying bond (controller_server) to lifecycle manager.
[INFO] [map_server-1]: process has finished cleanly [pid 20333]
[controller_server-4] [INFO] [1783228599.578345442] [local_costmap.local_costmap]: Destroying
[planner_server-6] [INFO] [1783228599.612084045] [planner_server]: Cleaning up plugin GridBased of type NavfnPlanner
[planner_server-6] [INFO] [1783228599.613483959] [planner_server]: Destroying plugin GridBased of type NavfnPlanner
[behavior_server-7] [INFO] [1783228599.664892446] [behavior_server]: Destroying
[INFO] [waypoint_follower-9]: process has finished cleanly [pid 20349]
[planner_server-6] [INFO] [1783228599.770987373] [planner_server]: Destroying bond (planner_server) to lifecycle manager.
[planner_server-6] [INFO] [1783228599.786602927] [global_costmap.global_costmap]: Destroying
[controller_server-4] [INFO] [1783228599.968664004] [controller_server]: Destroying
[INFO] [lifecycle_manager-11]: process has finished cleanly [pid 20382]
[planner_server-6] [INFO] [1783228600.060364125] [planner_server]: Destroying
[INFO] [amcl-2]: process has finished cleanly [pid 20335]
[INFO] [behavior_server-7]: process has finished cleanly [pid 20345]
[bt_navigator-8] [INFO] [1783228600.395205293] [bt_navigator]: Completed Cleaning up
[bt_navigator-8] [INFO] [1783228600.398813078] [bt_navigator]: Destroying bond (bt_navigator) to lifecycle manager.
[INFO] [controller_server-4]: process has finished cleanly [pid 20339]
[INFO] [planner_server-6]: process has finished cleanly [pid 20343]
[bt_navigator-8] [INFO] [1783228600.499014392] [bt_navigator]: Destroying
[INFO] [bt_navigator-8]: process has finished cleanly [pid 20347]
