[INFO] [1783228243.756655679] [simple_scan_filter]: filter /scan -> /scan_filtered, keep=[0.22, 4.00], isolated_window=2, isolated_delta=0.25, min_support_neighbors=1
[INFO] [1783228257.273762702] [simple_scan_filter]: scan stats: n=404, zeros=85, nan=0, inf=0, finite_raw=319, finite_out=255, removed_isolated=3
[INFO] [1783228262.270132476] [simple_scan_filter]: scan stats: n=404, zeros=85, nan=0, inf=0, finite_raw=319, finite_out=255, removed_isolated=3
[INFO] [1783228267.277060905] [simple_scan_filter]: scan stats: n=404, zeros=99, nan=0, inf=0, finite_raw=305, finite_out=245, removed_isolated=3
[INFO] [1783228272.266858232] [simple_scan_filter]: scan stats: n=404, zeros=85, nan=0, inf=0, finite_raw=319, finite_out=261, removed_isolated=1
[INFO] [1783228277.259879836] [simple_scan_filter]: scan stats: n=404, zeros=80, nan=0, inf=0, finite_raw=324, finite_out=259, removed_isolated=2
[INFO] [1783228282.260297385] [simple_scan_filter]: scan stats: n=404, zeros=80, nan=0, inf=0, finite_raw=324, finite_out=258, removed_isolated=4
[INFO] [1783228287.269450085] [simple_scan_filter]: scan stats: n=404, zeros=94, nan=0, inf=0, finite_raw=310, finite_out=252, removed_isolated=1
[INFO] [1783228292.251901889] [simple_scan_filter]: scan stats: n=404, zeros=90, nan=0, inf=0, finite_raw=314, finite_out=254, removed_isolated=1
[INFO] [1783228297.252605429] [simple_scan_filter]: scan stats: n=404, zeros=91, nan=0, inf=0, finite_raw=313, finite_out=260, removed_isolated=1
[INFO] [1783228302.255081243] [simple_scan_filter]: scan stats: n=404, zeros=92, nan=0, inf=0, finite_raw=312, finite_out=251, removed_isolated=4
[INFO] [1783228307.249573954] [simple_scan_filter]: scan stats: n=404, zeros=86, nan=0, inf=0, finite_raw=318, finite_out=257, removed_isolated=2
[INFO] [1783228312.245581605] [simple_scan_filter]: scan stats: n=404, zeros=84, nan=0, inf=0, finite_raw=320, finite_out=260, removed_isolated=2
[INFO] [1783228317.244264821] [simple_scan_filter]: scan stats: n=404, zeros=86, nan=0, inf=0, finite_raw=318, finite_out=257, removed_isolated=1
[INFO] [1783228322.245077018] [simple_scan_filter]: scan stats: n=404, zeros=84, nan=0, inf=0, finite_raw=320, finite_out=255, removed_isolated=4
[INFO] [1783228327.239423193] [simple_scan_filter]: scan stats: n=404, zeros=83, nan=0, inf=0, finite_raw=321, finite_out=260, removed_isolated=1
[INFO] [1783228332.238881516] [simple_scan_filter]: scan stats: n=404, zeros=89, nan=0, inf=0, finite_raw=315, finite_out=253, removed_isolated=1
[INFO] [1783228337.235451068] [simple_scan_filter]: scan stats: n=404, zeros=93, nan=0, inf=0, finite_raw=311, finite_out=252, removed_isolated=2
[INFO] [1783228342.239208975] [simple_scan_filter]: scan stats: n=404, zeros=90, nan=0, inf=0, finite_raw=314, finite_out=251, removed_isolated=3
[INFO] [1783228347.231936150] [simple_scan_filter]: scan stats: n=404, zeros=95, nan=0, inf=0, finite_raw=309, finite_out=250, removed_isolated=3
[INFO] [1783228352.230553304] [simple_scan_filter]: scan stats: n=404, zeros=89, nan=0, inf=0, finite_raw=315, finite_out=254, removed_isolated=1
[INFO] [1783228357.229024060] [simple_scan_filter]: scan stats: n=404, zeros=91, nan=0, inf=0, finite_raw=313, finite_out=253, removed_isolated=1
[INFO] [1783228362.225450044] [simple_scan_filter]: scan stats: n=404, zeros=90, nan=0, inf=0, finite_raw=314, finite_out=255, removed_isolated=1
[INFO] [1783228367.227391256] [simple_scan_filter]: scan stats: n=404, zeros=89, nan=0, inf=0, finite_raw=315, finite_out=252, removed_isolated=2
[INFO] [1783228372.233278695] [simple_scan_filter]: scan stats: n=404, zeros=87, nan=0, inf=0, finite_raw=317, finite_out=255, removed_isolated=1
[INFO] [1783228377.229294233] [simple_scan_filter]: scan stats: n=404, zeros=91, nan=0, inf=0, finite_raw=313, finite_out=255, removed_isolated=1
[INFO] [1783228382.261961424] [simple_scan_filter]: scan stats: n=404, zeros=84, nan=0, inf=0, finite_raw=320, finite_out=255, removed_isolated=1
[INFO] [1783228387.224853696] [simple_scan_filter]: scan stats: n=404, zeros=86, nan=0, inf=0, finite_raw=318, finite_out=256, removed_isolated=1
[INFO] [1783228392.219844369] [simple_scan_filter]: scan stats: n=404, zeros=93, nan=0, inf=0, finite_raw=311, finite_out=250, removed_isolated=3
[INFO] [1783228397.209759598] [simple_scan_filter]: scan stats: n=404, zeros=89, nan=0, inf=0, finite_raw=315, finite_out=256, removed_isolated=2
[INFO] [1783228402.209834513] [simple_scan_filter]: scan stats: n=404, zeros=72, nan=0, inf=0, finite_raw=332, finite_out=293, removed_isolated=4
[INFO] [1783228407.205339443] [simple_scan_filter]: scan stats: n=404, zeros=46, nan=0, inf=0, finite_raw=358, finite_out=341, removed_isolated=1
[INFO] [1783228412.201545347] [simple_scan_filter]: scan stats: n=404, zeros=41, nan=0, inf=0, finite_raw=363, finite_out=278, removed_isolated=1
[INFO] [1783228417.198044891] [simple_scan_filter]: scan stats: n=404, zeros=60, nan=0, inf=0, finite_raw=344, finite_out=302, removed_isolated=1
[INFO] [1783228422.200926786] [simple_scan_filter]: scan stats: n=404, zeros=68, nan=0, inf=0, finite_raw=336, finite_out=312, removed_isolated=5
[INFO] [1783228427.196935734] [simple_scan_filter]: scan stats: n=404, zeros=69, nan=0, inf=0, finite_raw=335, finite_out=309, removed_isolated=8
[INFO] [1783228432.188197654] [simple_scan_filter]: scan stats: n=404, zeros=77, nan=0, inf=0, finite_raw=327, finite_out=309, removed_isolated=5
[INFO] [1783228437.189501342] [simple_scan_filter]: scan stats: n=404, zeros=67, nan=0, inf=0, finite_raw=337, finite_out=312, removed_isolated=7
[INFO] [1783228442.190977335] [simple_scan_filter]: scan stats: n=404, zeros=73, nan=0, inf=0, finite_raw=331, finite_out=311, removed_isolated=6
[INFO] [1783228447.183901338] [simple_scan_filter]: scan stats: n=404, zeros=71, nan=0, inf=0, finite_raw=333, finite_out=308, removed_isolated=8
[INFO] [1783228452.180364732] [simple_scan_filter]: scan stats: n=404, zeros=69, nan=0, inf=0, finite_raw=335, finite_out=308, removed_isolated=8
[INFO] [1783228457.174574971] [simple_scan_filter]: scan stats: n=404, zeros=74, nan=0, inf=0, finite_raw=330, finite_out=313, removed_isolated=3
[INFO] [1783228462.170898723] [simple_scan_filter]: scan stats: n=404, zeros=75, nan=0, inf=0, finite_raw=329, finite_out=309, removed_isolated=4
[INFO] [1783228467.168691197] [simple_scan_filter]: scan stats: n=404, zeros=70, nan=0, inf=0, finite_raw=334, finite_out=312, removed_isolated=5
[INFO] [1783228472.169764017] [simple_scan_filter]: scan stats: n=404, zeros=73, nan=0, inf=0, finite_raw=331, finite_out=309, removed_isolated=5
[INFO] [1783228477.169047391] [simple_scan_filter]: scan stats: n=404, zeros=73, nan=0, inf=0, finite_raw=331, finite_out=308, removed_isolated=5
[INFO] [1783228482.163900650] [simple_scan_filter]: scan stats: n=404, zeros=71, nan=0, inf=0, finite_raw=333, finite_out=311, removed_isolated=4
[INFO] [1783228487.156760503] [simple_scan_filter]: scan stats: n=404, zeros=73, nan=0, inf=0, finite_raw=331, finite_out=310, removed_isolated=6
[INFO] [1783228492.159066204] [simple_scan_filter]: scan stats: n=404, zeros=75, nan=0, inf=0, finite_raw=329, finite_out=310, removed_isolated=5
[INFO] [1783228497.163393483] [simple_scan_filter]: scan stats: n=404, zeros=74, nan=0, inf=0, finite_raw=330, finite_out=310, removed_isolated=5
[INFO] [1783228502.149540771] [simple_scan_filter]: scan stats: n=404, zeros=72, nan=0, inf=0, finite_raw=332, finite_out=310, removed_isolated=7
[INFO] [1783228507.146660223] [simple_scan_filter]: scan stats: n=404, zeros=72, nan=0, inf=0, finite_raw=332, finite_out=309, removed_isolated=6
[INFO] [1783228512.151167804] [simple_scan_filter]: scan stats: n=404, zeros=77, nan=0, inf=0, finite_raw=327, finite_out=309, removed_isolated=5
[INFO] [1783228517.144183267] [simple_scan_filter]: scan stats: n=404, zeros=73, nan=0, inf=0, finite_raw=331, finite_out=307, removed_isolated=5
[INFO] [1783228522.140837900] [simple_scan_filter]: scan stats: n=404, zeros=73, nan=0, inf=0, finite_raw=331, finite_out=312, removed_isolated=5
[INFO] [1783228527.146077353] [simple_scan_filter]: scan stats: n=404, zeros=77, nan=0, inf=0, finite_raw=327, finite_out=307, removed_isolated=5
[INFO] [1783228532.145872197] [simple_scan_filter]: scan stats: n=404, zeros=75, nan=0, inf=0, finite_raw=329, finite_out=308, removed_isolated=5
[INFO] [1783228537.138467974] [simple_scan_filter]: scan stats: n=404, zeros=70, nan=0, inf=0, finite_raw=334, finite_out=308, removed_isolated=6
[INFO] [1783228542.133641529] [simple_scan_filter]: scan stats: n=404, zeros=74, nan=0, inf=0, finite_raw=330, finite_out=308, removed_isolated=6
[INFO] [1783228547.127465533] [simple_scan_filter]: scan stats: n=404, zeros=72, nan=0, inf=0, finite_raw=332, finite_out=308, removed_isolated=5
[INFO] [1783228552.128881170] [simple_scan_filter]: scan stats: n=404, zeros=73, nan=0, inf=0, finite_raw=331, finite_out=311, removed_isolated=5
[INFO] [1783228557.122910220] [simple_scan_filter]: scan stats: n=404, zeros=74, nan=0, inf=0, finite_raw=330, finite_out=308, removed_isolated=4
[INFO] [1783228562.126065434] [simple_scan_filter]: scan stats: n=404, zeros=71, nan=0, inf=0, finite_raw=333, finite_out=310, removed_isolated=5
[INFO] [1783228567.128126620] [simple_scan_filter]: scan stats: n=404, zeros=75, nan=0, inf=0, finite_raw=329, finite_out=311, removed_isolated=5
[INFO] [1783228572.118510964] [simple_scan_filter]: scan stats: n=404, zeros=71, nan=0, inf=0, finite_raw=333, finite_out=312, removed_isolated=6
[INFO] [1783228577.126072026] [simple_scan_filter]: scan stats: n=404, zeros=73, nan=0, inf=0, finite_raw=331, finite_out=310, removed_isolated=6
[INFO] [1783228582.117462996] [simple_scan_filter]: scan stats: n=404, zeros=77, nan=0, inf=0, finite_raw=327, finite_out=311, removed_isolated=3
[INFO] [1783228587.110056041] [simple_scan_filter]: scan stats: n=404, zeros=70, nan=0, inf=0, finite_raw=334, finite_out=311, removed_isolated=7
[INFO] [1783228592.109761815] [simple_scan_filter]: scan stats: n=404, zeros=73, nan=0, inf=0, finite_raw=331, finite_out=310, removed_isolated=5
[INFO] [1783228597.119646557] [simple_scan_filter]: scan stats: n=404, zeros=75, nan=0, inf=0, finite_raw=329, finite_out=312, removed_isolated=2
Traceback (most recent call last):
  File "/root/rdk_x5_vln_robot/ros2_bridge/simple_scan_filter.py", line 197, in <module>
    main()
  File "/root/rdk_x5_vln_robot/ros2_bridge/simple_scan_filter.py", line 191, in main
    rclpy.spin(node)
  File "/opt/ros/humble/local/lib/python3.10/dist-packages/rclpy/__init__.py", line 229, in spin
    executor.spin_once()
  File "/opt/ros/humble/local/lib/python3.10/dist-packages/rclpy/executors.py", line 751, in spin_once
    self._spin_once_impl(timeout_sec)
  File "/opt/ros/humble/local/lib/python3.10/dist-packages/rclpy/executors.py", line 748, in _spin_once_impl
    raise handler.exception()
  File "/opt/ros/humble/local/lib/python3.10/dist-packages/rclpy/task.py", line 254, in __call__
    self._handler.send(None)
  File "/opt/ros/humble/local/lib/python3.10/dist-packages/rclpy/executors.py", line 447, in handler
    await call_coroutine(entity, arg)
  File "/opt/ros/humble/local/lib/python3.10/dist-packages/rclpy/executors.py", line 372, in _execute_subscription
    await await_or_execute(sub.callback, msg)
  File "/opt/ros/humble/local/lib/python3.10/dist-packages/rclpy/executors.py", line 107, in await_or_execute
    return callback(*args)
  File "/root/rdk_x5_vln_robot/ros2_bridge/simple_scan_filter.py", line 143, in cb
    self.pub.publish(out)
  File "/opt/ros/humble/local/lib/python3.10/dist-packages/rclpy/publisher.py", line 70, in publish
    self.__publisher.publish(msg)
rclpy._rclpy_pybind11.RCLError: Failed to publish: publisher's context is invalid, at ./src/rcl/publisher.c:389
