[INFO] [launch]: All log files can be found below /root/.ros/log/2026-07-06-17-07-41-543514-ubuntu-87055
[INFO] [launch]: Default logging verbosity is set to INFO
[INFO] [foxglove_bridge-1]: process started with pid [87091]
[foxglove_bridge-1] [INFO] [1783328862.728641628] [foxglove_bridge]: Starting foxglove_bridge (humble, 3.3.0@)
[foxglove_bridge-1] [INFO] [1783328862.733899044] [foxglove_bridge]: Server listening on port 8765
[foxglove_bridge-1] [INFO] [1783328862.736310669] [foxglove_bridge]: Advertising new channel 2 for topic "/rosout"
[foxglove_bridge-1] [INFO] [1783328862.737879085] [foxglove_bridge]: Advertising new channel 3 for topic "/parameter_events"
[foxglove_bridge-1] [INFO] [1783328863.269766625] [foxglove_bridge]: Advertising new channel 4 for topic "/tf_static"
[foxglove_bridge-1] [INFO] [1783328863.269970625] [foxglove_bridge]: Advertising new channel 5 for topic "/tf"
[foxglove_bridge-1] [INFO] [1783328863.270760999] [foxglove_bridge]: Advertising new channel 6 for topic "/scan"
[foxglove_bridge-1] [INFO] [1783328863.273099916] [foxglove_bridge]: Advertising new channel 7 for topic "/odom"
[foxglove_bridge-1] [INFO] [1783328863.273665999] [foxglove_bridge]: Advertising new channel 8 for topic "/cmd_vel_sent"
[foxglove_bridge-1] [INFO] [1783328863.273793249] [foxglove_bridge]: Advertising new channel 9 for topic "/scan_filtered"
[foxglove_bridge-1] [INFO] [1783328863.273854416] [foxglove_bridge]: Advertising new channel 10 for topic "/cmd_vel"
[foxglove_bridge-1] [INFO] [1783328863.274317708] [foxglove_bridge]: Advertising new channel 11 for topic "/chassis_bridge_state"
[foxglove_bridge-1] [INFO] [1783328865.176463884] [foxglove_bridge]: received connection graph subscribe request
[foxglove_bridge-1] [INFO] [1783328865.177199134] [foxglove_bridge]: received subscribe request for channel 6 from client 1
[foxglove_bridge-1] [INFO] [1783328865.189529633] [foxglove_bridge]: Created ROS subscription on /scan (sensor_msgs/msg/LaserScan) for channel 6
[foxglove_bridge-1] [INFO] [1783328865.189775800] [foxglove_bridge]: received subscribe request for channel 5 from client 1
[foxglove_bridge-1] [INFO] [1783328865.208678798] [foxglove_bridge]: Created ROS subscription on /tf (tf2_msgs/msg/TFMessage) for channel 5
[foxglove_bridge-1] [INFO] [1783328865.208926715] [foxglove_bridge]: received subscribe request for channel 10 from client 1
[foxglove_bridge-1] [INFO] [1783328865.223590547] [foxglove_bridge]: Created ROS subscription on /cmd_vel (geometry_msgs/msg/Twist) for channel 10
[foxglove_bridge-1] [INFO] [1783328865.223854672] [foxglove_bridge]: received subscribe request for channel 4 from client 1
[foxglove_bridge-1] [INFO] [1783328865.231823505] [foxglove_bridge]: Created ROS subscription on /tf_static (tf2_msgs/msg/TFMessage) for channel 4
[foxglove_bridge-1] [INFO] [1783328865.500961816] [foxglove_bridge]: publishing connection graph
[foxglove_bridge-1] [INFO] [1783328868.910537535] [foxglove_bridge]: publishing connection graph
[foxglove_bridge-1] [INFO] [1783328869.415371869] [foxglove_bridge]: publishing connection graph
[foxglove_bridge-1] [INFO] [1783328872.895881333] [foxglove_bridge]: publishing connection graph
[foxglove_bridge-1] [INFO] [1783328873.398687666] [foxglove_bridge]: Advertising new channel 12 for topic "/diagnostics"
[foxglove_bridge-1] [INFO] [1783328875.205759476] [foxglove_bridge]: publishing connection graph
[foxglove_bridge-1] [INFO] [1783328875.711733685] [foxglove_bridge]: Advertising new channel 13 for topic "/waypoint_follower/transition_event"
[foxglove_bridge-1] [INFO] [1783328875.712022602] [foxglove_bridge]: Advertising new channel 14 for topic "/velocity_smoother/transition_event"
[foxglove_bridge-1] [INFO] [1783328875.712446227] [foxglove_bridge]: Advertising new channel 15 for topic "/smoother_server/transition_event"
[foxglove_bridge-1] [INFO] [1783328875.714016935] [foxglove_bridge]: Advertising new channel 16 for topic "/particle_cloud"
[foxglove_bridge-1] [INFO] [1783328875.715072101] [foxglove_bridge]: Advertising new channel 17 for topic "/map"
[foxglove_bridge-1] [INFO] [1783328875.715314935] [foxglove_bridge]: Advertising new channel 18 for topic "/local_costmap/local_costmap/transition_event"
[foxglove_bridge-1] [INFO] [1783328875.716257935] [foxglove_bridge]: Advertising new channel 19 for topic "/local_costmap/footprint"
[foxglove_bridge-1] [INFO] [1783328875.717506268] [foxglove_bridge]: Advertising new channel 20 for topic "/local_costmap/costmap_raw"
[foxglove_bridge-1] [INFO] [1783328875.718626434] [foxglove_bridge]: Advertising new channel 21 for topic "/global_costmap/published_footprint"
[foxglove_bridge-1] [INFO] [1783328875.718905643] [foxglove_bridge]: Advertising new channel 22 for topic "/global_costmap/global_costmap/transition_event"
[foxglove_bridge-1] [INFO] [1783328875.719071393] [foxglove_bridge]: Advertising new channel 23 for topic "/global_costmap/costmap_raw"
[foxglove_bridge-1] [INFO] [1783328875.720315726] [foxglove_bridge]: Advertising new channel 24 for topic "/plan_smoothed"
[foxglove_bridge-1] [INFO] [1783328875.720585601] [foxglove_bridge]: Advertising new channel 25 for topic "/controller_server/transition_event"
[foxglove_bridge-1] [INFO] [1783328875.721395101] [foxglove_bridge]: Advertising new channel 26 for topic "/map_server/transition_event"
[foxglove_bridge-1] [INFO] [1783328875.721813517] [foxglove_bridge]: Advertising new channel 27 for topic "/bt_navigator/transition_event"
[foxglove_bridge-1] [INFO] [1783328875.721953351] [foxglove_bridge]: Advertising new channel 28 for topic "/local_costmap/published_footprint"
[foxglove_bridge-1] [INFO] [1783328875.722098934] [foxglove_bridge]: Advertising new channel 29 for topic "/local_costmap/costmap"
[foxglove_bridge-1] [INFO] [1783328875.722867642] [foxglove_bridge]: Advertising new channel 30 for topic "/initialpose"
[foxglove_bridge-1] [INFO] [1783328875.723463767] [foxglove_bridge]: Advertising new channel 31 for topic "/bond"
[foxglove_bridge-1] [INFO] [1783328875.723664351] [foxglove_bridge]: Advertising new channel 32 for topic "/behavior_server/transition_event"
[foxglove_bridge-1] [INFO] [1783328875.723792642] [foxglove_bridge]: Advertising new channel 33 for topic "/amcl_pose"
[foxglove_bridge-1] [INFO] [1783328875.723923809] [foxglove_bridge]: Advertising new channel 34 for topic "/planner_server/transition_event"
[foxglove_bridge-1] [INFO] [1783328875.724089642] [foxglove_bridge]: Advertising new channel 35 for topic "/amcl/transition_event"
[foxglove_bridge-1] [INFO] [1783328875.734810183] [foxglove_bridge]: received subscribe request for channel 17 from client 1
[foxglove_bridge-1] [INFO] [1783328875.773803263] [foxglove_bridge]: Created ROS subscription on /map (nav_msgs/msg/OccupancyGrid) for channel 17
[foxglove_bridge-1] [INFO] [1783328877.540794410] [foxglove_bridge]: publishing connection graph
[foxglove_bridge-1] [INFO] [1783328878.049921993] [foxglove_bridge]: Advertising new channel 36 for topic "/speed_limit"
[foxglove_bridge-1] [INFO] [1783328878.050959743] [foxglove_bridge]: Advertising new channel 37 for topic "/preempt_teleop"
[foxglove_bridge-1] [INFO] [1783328878.051324202] [foxglove_bridge]: Advertising new channel 38 for topic "/plan"
[foxglove_bridge-1] [INFO] [1783328878.051653077] [foxglove_bridge]: Advertising new channel 39 for topic "/lookahead_collision_arc"
[foxglove_bridge-1] [INFO] [1783328878.051923410] [foxglove_bridge]: Advertising new channel 40 for topic "/received_global_plan"
[foxglove_bridge-1] [INFO] [1783328878.052836618] [foxglove_bridge]: Advertising new channel 41 for topic "/lookahead_point"
[foxglove_bridge-1] [INFO] [1783328878.053516326] [foxglove_bridge]: Advertising new channel 42 for topic "/goal_pose"
[foxglove_bridge-1] [INFO] [1783328878.053729035] [foxglove_bridge]: Advertising new channel 43 for topic "/global_costmap/footprint"
[foxglove_bridge-1] [INFO] [1783328878.053906201] [foxglove_bridge]: Advertising new channel 44 for topic "/global_costmap/costmap"
[foxglove_bridge-1] [INFO] [1783328878.054043076] [foxglove_bridge]: Advertising new channel 45 for topic "/cmd_vel_teleop"
[foxglove_bridge-1] [INFO] [1783328878.054149326] [foxglove_bridge]: Advertising new channel 46 for topic "/cmd_vel_nav"
[foxglove_bridge-1] [INFO] [1783328878.054814076] [foxglove_bridge]: Advertising new channel 47 for topic "/local_costmap/costmap_updates"
[foxglove_bridge-1] [INFO] [1783328878.055083576] [foxglove_bridge]: Advertising new channel 48 for topic "/global_costmap/costmap_updates"
[foxglove_bridge-1] [INFO] [1783328878.285314516] [foxglove_bridge]: publishing connection graph
[foxglove_bridge-1] [INFO] [1783328878.823099972] [foxglove_bridge]: publishing connection graph
[foxglove_bridge-1] [INFO] [1783328880.866083805] [foxglove_bridge]: publishing connection graph
[foxglove_bridge-1] [INFO] [1783328881.427995967] [foxglove_bridge]: publishing connection graph
[foxglove_bridge-1] [INFO] [1783328881.968192839] [foxglove_bridge]: publishing connection graph
[foxglove_bridge-1] [INFO] [1783328885.185668910] [foxglove_bridge]: publishing connection graph
[foxglove_bridge-1] [ERROR] [1783328885.971507304] [foxglove_bridge]: Failed to retrieve parameters from node '/bt_navigator_navigate_to_pose_rclcpp_node': Failed to retrieve parameter names for node '/bt_navigator_navigate_to_pose_rclcpp_node'
[foxglove_bridge-1] [WARN] [1783328885.971685179] [foxglove_bridge]: Adding node /bt_navigator_navigate_to_pose_rclcpp_node to the ignore list to prevent repeated timeouts or failures in future parameter requests.
[foxglove_bridge-1] [ERROR] [1783328886.032600216] [foxglove_bridge]: Failed to retrieve parameters from node '/bt_navigator_navigate_through_poses_rclcpp_node': Failed to retrieve parameter names for node '/bt_navigator_navigate_through_poses_rclcpp_node'
[foxglove_bridge-1] [WARN] [1783328886.032813216] [foxglove_bridge]: Adding node /bt_navigator_navigate_through_poses_rclcpp_node to the ignore list to prevent repeated timeouts or failures in future parameter requests.
[foxglove_bridge-1] [ERROR] [1783328886.265201947] [foxglove_bridge]: Failed to retrieve parameters from node '/planner_server': Failed to retrieve parameter names for node '/planner_server'
[foxglove_bridge-1] [WARN] [1783328886.265387864] [foxglove_bridge]: Adding node /planner_server to the ignore list to prevent repeated timeouts or failures in future parameter requests.
[foxglove_bridge-1] [INFO] [1783328886.491258345] [foxglove_bridge]: publishing connection graph
[foxglove_bridge-1] [INFO] [1783328887.148074417] [foxglove_bridge]: publishing connection graph
[foxglove_bridge-1] [INFO] [1783328887.691699747] [foxglove_bridge]: publishing connection graph
[foxglove_bridge-1] [INFO] [1783328888.683829041] [foxglove_bridge]: publishing connection graph
[foxglove_bridge-1] [INFO] [1783328889.381875443] [foxglove_bridge]: publishing connection graph
[foxglove_bridge-1] [INFO] [1783328889.950299772] [foxglove_bridge]: publishing connection graph
[foxglove_bridge-1] [INFO] [1783328890.563788430] [foxglove_bridge]: publishing connection graph
[foxglove_bridge-1] [INFO] [1783328891.101929428] [foxglove_bridge]: publishing connection graph
[foxglove_bridge-1] [INFO] [1783328895.648608975] [foxglove_bridge]: publishing connection graph
[foxglove_bridge-1] [INFO] [1783328897.717768765] [foxglove_bridge]: publishing connection graph
[foxglove_bridge-1] [INFO] [1783328898.323638466] [foxglove_bridge]: publishing connection graph
[foxglove_bridge-1] [INFO] [1783328898.863062881] [foxglove_bridge]: publishing connection graph
[foxglove_bridge-1] [INFO] [1783328902.926624385] [foxglove_bridge]: publishing connection graph
[foxglove_bridge-1] [INFO] [1783328903.438900885] [foxglove_bridge]: Advertising new channel 49 for topic "/behavior_tree_log"
[foxglove_bridge-1] [INFO] [1783328903.567775125] [foxglove_bridge]: publishing connection graph
[foxglove_bridge-1] [INFO] [1783328904.153125161] [foxglove_bridge]: publishing connection graph
[foxglove_bridge-1] [INFO] [1783328904.768656361] [foxglove_bridge]: publishing connection graph
[foxglove_bridge-1] [INFO] [1783328906.153930916] [foxglove_bridge]: publishing connection graph
[foxglove_bridge-1] [INFO] [1783328908.853593739] [foxglove_bridge]: publishing connection graph
[foxglove_bridge-1] [INFO] [1783328909.681215172] [foxglove_bridge]: publishing connection graph
[foxglove_bridge-1] [INFO] [1783328910.260166542] [foxglove_bridge]: publishing connection graph
[foxglove_bridge-1] [INFO] [1783328910.942227404] [foxglove_bridge]: publishing connection graph
[foxglove_bridge-1] [INFO] [1783328911.527419565] [foxglove_bridge]: publishing connection graph
[foxglove_bridge-1] [ERROR] [1783328916.036047994] [foxglove_bridge]: Failed to retrieve parameters from node '/controller_server': Failed to retrieve parameter names for node '/controller_server'
[foxglove_bridge-1] [WARN] [1783328916.036254452] [foxglove_bridge]: Adding node /controller_server to the ignore list to prevent repeated timeouts or failures in future parameter requests.
[foxglove_bridge-1] [ERROR] [1783328916.156757109] [foxglove_bridge]: Failed to retrieve parameters from node '/local_costmap/local_costmap': Timed out waiting for 53 parameter(s) from node '/local_costmap/local_costmap'
[foxglove_bridge-1] [WARN] [1783328916.156937526] [foxglove_bridge]: Adding node /local_costmap/local_costmap to the ignore list to prevent repeated timeouts or failures in future parameter requests.
[foxglove_bridge-1] [ERROR] [1783328916.157071151] [foxglove_bridge]: Failed to retrieve parameters from node '/waypoint_follower': Failed to retrieve parameter names for node '/waypoint_follower'
[foxglove_bridge-1] [WARN] [1783328916.157126442] [foxglove_bridge]: Adding node /waypoint_follower to the ignore list to prevent repeated timeouts or failures in future parameter requests.
[foxglove_bridge-1] [ERROR] [1783328916.157275276] [foxglove_bridge]: Failed to retrieve parameters from node '/bt_navigator': Failed to retrieve parameter names for node '/bt_navigator'
[foxglove_bridge-1] [WARN] [1783328916.157323734] [foxglove_bridge]: Adding node /bt_navigator to the ignore list to prevent repeated timeouts or failures in future parameter requests.
[foxglove_bridge-1] [ERROR] [1783328916.157449026] [foxglove_bridge]: Failed to retrieve parameters from node '/behavior_server': Failed to retrieve parameter names for node '/behavior_server'
[foxglove_bridge-1] [WARN] [1783328916.157495901] [foxglove_bridge]: Adding node /behavior_server to the ignore list to prevent repeated timeouts or failures in future parameter requests.
[foxglove_bridge-1] [ERROR] [1783328916.157890692] [foxglove_bridge]: Failed to retrieve parameters from node '/simple_scan_filter': Failed to retrieve parameter names for node '/simple_scan_filter'
[foxglove_bridge-1] [WARN] [1783328916.158091234] [foxglove_bridge]: Adding node /simple_scan_filter to the ignore list to prevent repeated timeouts or failures in future parameter requests.
[foxglove_bridge-1] [ERROR] [1783328917.854278639] [foxglove_bridge]: Failed to retrieve parameters from node '/nav2_wait_amcl_settle': Timed out waiting for 1 parameter(s) from node '/nav2_wait_amcl_settle'
[foxglove_bridge-1] [WARN] [1783328917.854471931] [foxglove_bridge]: Adding node /nav2_wait_amcl_settle to the ignore list to prevent repeated timeouts or failures in future parameter requests.
[foxglove_bridge-1] [ERROR] [1783328917.854658598] [foxglove_bridge]: Failed to retrieve parameters from node '/static_transform_publisher_PiRRviYhsMV9LLvT': Failed to retrieve parameter names for node '/static_transform_publisher_PiRRviYhsMV9LLvT'
[foxglove_bridge-1] [WARN] [1783328917.854727264] [foxglove_bridge]: Adding node /static_transform_publisher_PiRRviYhsMV9LLvT to the ignore list to prevent repeated timeouts or failures in future parameter requests.
[foxglove_bridge-1] [ERROR] [1783328917.854942348] [foxglove_bridge]: Failed to retrieve parameters from node '/m1_pwm_cmd_vel_bridge': Timed out waiting for 1 parameter(s) from node '/m1_pwm_cmd_vel_bridge'
[foxglove_bridge-1] [WARN] [1783328917.855002014] [foxglove_bridge]: Adding node /m1_pwm_cmd_vel_bridge to the ignore list to prevent repeated timeouts or failures in future parameter requests.
[foxglove_bridge-1] [ERROR] [1783328917.855122389] [foxglove_bridge]: Failed to retrieve parameters from node '/ydlidar_ros2_driver_node': Failed to retrieve parameter names for node '/ydlidar_ros2_driver_node'
[foxglove_bridge-1] [WARN] [1783328917.855180639] [foxglove_bridge]: Adding node /ydlidar_ros2_driver_node to the ignore list to prevent repeated timeouts or failures in future parameter requests.
[foxglove_bridge-1] [ERROR] [1783328917.855320223] [foxglove_bridge]: Failed to retrieve parameters from node '/lifecycle_manager_navigation': Failed to retrieve parameter names for node '/lifecycle_manager_navigation'
[foxglove_bridge-1] [WARN] [1783328917.855370306] [foxglove_bridge]: Adding node /lifecycle_manager_navigation to the ignore list to prevent repeated timeouts or failures in future parameter requests.
[foxglove_bridge-1] [ERROR] [1783328917.855486348] [foxglove_bridge]: Failed to retrieve parameters from node '/velocity_smoother': Failed to retrieve parameter names for node '/velocity_smoother'
[foxglove_bridge-1] [WARN] [1783328917.855534264] [foxglove_bridge]: Adding node /velocity_smoother to the ignore list to prevent repeated timeouts or failures in future parameter requests.
[foxglove_bridge-1] [ERROR] [1783328917.855668681] [foxglove_bridge]: Failed to retrieve parameters from node '/amcl': Failed to retrieve parameter names for node '/amcl'
[foxglove_bridge-1] [WARN] [1783328917.855716973] [foxglove_bridge]: Adding node /amcl to the ignore list to prevent repeated timeouts or failures in future parameter requests.
[foxglove_bridge-1] [ERROR] [1783328930.964799881] [foxglove_bridge]: Failed to retrieve parameters from node '/smoother_server': Timed out waiting for 13 parameter(s) from node '/smoother_server'
[foxglove_bridge-1] [WARN] [1783328930.965021089] [foxglove_bridge]: Adding node /smoother_server to the ignore list to prevent repeated timeouts or failures in future parameter requests.
[foxglove_bridge-1] [ERROR] [1783328930.971912005] [foxglove_bridge]: Failed to retrieve parameters from node '/lifecycle_manager_localization': Timed out waiting for 13 parameter(s) from node '/lifecycle_manager_localization'
[foxglove_bridge-1] [WARN] [1783328930.972077547] [foxglove_bridge]: Adding node /lifecycle_manager_localization to the ignore list to prevent repeated timeouts or failures in future parameter requests.
[foxglove_bridge-1] [ERROR] [1783328930.972239880] [foxglove_bridge]: Failed to retrieve parameters from node '/global_costmap/global_costmap': Failed to retrieve parameter names for node '/global_costmap/global_costmap'
[foxglove_bridge-1] [WARN] [1783328930.972330672] [foxglove_bridge]: Adding node /global_costmap/global_costmap to the ignore list to prevent repeated timeouts or failures in future parameter requests.
[foxglove_bridge-1] [ERROR] [1783328945.829656948] [foxglove_bridge]: Failed to retrieve parameters from node '/map_server': Failed to retrieve parameter names for node '/map_server'
[foxglove_bridge-1] [WARN] [1783328945.830032323] [foxglove_bridge]: Adding node /map_server to the ignore list to prevent repeated timeouts or failures in future parameter requests.
[foxglove_bridge-1] [INFO] [1783328966.836726290] [foxglove_bridge]: publishing connection graph
[foxglove_bridge-1] [INFO] [1783328967.413937832] [foxglove_bridge]: publishing connection graph
[foxglove_bridge-1] [INFO] [1783328968.711483145] [foxglove_bridge]: publishing connection graph
[foxglove_bridge-1] [INFO] [1783328971.814091325] [foxglove_bridge]: publishing connection graph
[foxglove_bridge-1] [INFO] [1783328972.718165862] [foxglove_bridge]: publishing connection graph
[foxglove_bridge-1] [INFO] [1783328973.302805972] [foxglove_bridge]: publishing connection graph
[foxglove_bridge-1] [INFO] [1783328974.887231452] [foxglove_bridge]: publishing connection graph
[foxglove_bridge-1] [INFO] [1783328977.528779087] [foxglove_bridge]: publishing connection graph
[foxglove_bridge-1] [INFO] [1783328979.972264190] [foxglove_bridge]: publishing connection graph
[foxglove_bridge-1] [INFO] [1783328980.753636004] [foxglove_bridge]: publishing connection graph
[foxglove_bridge-1] [INFO] [1783328981.615596039] [foxglove_bridge]: publishing connection graph
[foxglove_bridge-1] [INFO] [1783328982.319907922] [foxglove_bridge]: publishing connection graph
[foxglove_bridge-1] [INFO] [1783328984.130844750] [foxglove_bridge]: publishing connection graph
[foxglove_bridge-1] [INFO] [1783328984.734870180] [foxglove_bridge]: publishing connection graph
[foxglove_bridge-1] [INFO] [1783328985.366757043] [foxglove_bridge]: publishing connection graph
[foxglove_bridge-1] [INFO] [1783329009.589261946] [foxglove_bridge]: publishing connection graph
[foxglove_bridge-1] [INFO] [1783329012.407064382] [foxglove_bridge]: publishing connection graph
[foxglove_bridge-1] [INFO] [1783329012.922123520] [foxglove_bridge]: Advertising new channel 50 for topic "/foxglove_map_viz"
[foxglove_bridge-1] [INFO] [1783329012.926204391] [foxglove_bridge]: Advertising new channel 51 for topic "/foxglove_goal_pose"
[foxglove_bridge-1] [INFO] [1783329012.926531516] [foxglove_bridge]: Advertising new channel 52 for topic "/foxglove_goal_point"
[foxglove_bridge-1] [INFO] [1783329012.930666388] [foxglove_bridge]: Advertising new channel 53 for topic "/foxglove_click_planned_path"
[foxglove_bridge-1] [INFO] [1783329012.939869421] [foxglove_bridge]: Advertising new channel 54 for topic "/foxglove_click_path_marker"
[foxglove_bridge-1] [INFO] [1783329012.941277170] [foxglove_bridge]: Advertising new channel 55 for topic "/foxglove_click_goal_marker"
[foxglove_bridge-1] [INFO] [1783329012.941582628] [foxglove_bridge]: Advertising new channel 56 for topic "/foxglove_click_goal_label"
[foxglove_bridge-1] [INFO] [1783329012.941839378] [foxglove_bridge]: Advertising new channel 57 for topic "/foxglove_click_accepted_goal"
[foxglove_bridge-1] [INFO] [1783329012.942041836] [foxglove_bridge]: Advertising new channel 58 for topic "/foxglove_click_trajectory_dots"
[foxglove_bridge-1] [INFO] [1783329012.942580586] [foxglove_bridge]: Advertising new channel 59 for topic "/foxglove_click_start_marker"
[foxglove_bridge-1] [INFO] [1783329013.519422587] [foxglove_bridge]: publishing connection graph
[foxglove_bridge-1] [INFO] [1783329014.125582479] [foxglove_bridge]: publishing connection graph
[foxglove_bridge-1] [INFO] [1783329026.409055852] [foxglove_bridge]: publishing connection graph
[foxglove_bridge-1] [INFO] [1783329027.144170012] [foxglove_bridge]: publishing connection graph
[foxglove_bridge-1] [ERROR] [1783329031.523831753] [foxglove_bridge]: Failed to retrieve parameters from node '/pose_memory_node': Failed to retrieve parameter names for node '/pose_memory_node'
[foxglove_bridge-1] [WARN] [1783329031.524021711] [foxglove_bridge]: Adding node /pose_memory_node to the ignore list to prevent repeated timeouts or failures in future parameter requests.
[foxglove_bridge-1] [ERROR] [1783329031.747807686] [foxglove_bridge]: Failed to retrieve parameters from node '/foxglove_click_goal_bridge': Timed out waiting for 1 parameter(s) from node '/foxglove_click_goal_bridge'
[foxglove_bridge-1] [WARN] [1783329031.747991186] [foxglove_bridge]: Adding node /foxglove_click_goal_bridge to the ignore list to prevent repeated timeouts or failures in future parameter requests.
[foxglove_bridge-1] [INFO] [1783329031.749506185] [foxglove_bridge]: received subscribe request for channel 5 from client 2
[foxglove_bridge-1] [INFO] [1783329031.749709143] [foxglove_bridge]: received subscribe request for channel 4 from client 2
[foxglove_bridge-1] [INFO] [1783329031.774013122] [foxglove_bridge]: Client ID 2 is advertising "/move_base_simple/goal" (geometry_msgs/PoseStamped) on channel 1 with encoding "cdr"
[foxglove_bridge-1] [INFO] [1783329031.774134497] [foxglove_bridge]: Advertising new channel 60 for topic "/move_base_simple/goal"
[foxglove_bridge-1] [INFO] [1783329031.807250844] [foxglove_bridge]: Client ID 2 is advertising "/foxglove_goal_point" (geometry_msgs/PointStamped) on channel 2 with encoding "cdr"
[foxglove_bridge-1] [INFO] [1783329031.831875322] [foxglove_bridge]: Client ID 2 is advertising "/initialpose" (geometry_msgs/PoseWithCovarianceStamped) on channel 3 with encoding "cdr"
[foxglove_bridge-1] [INFO] [1783329031.869855373] [foxglove_bridge]: Client ID 2 is advertising "/clicked_point" (geometry_msgs/PointStamped) on channel 4 with encoding "cdr"
[foxglove_bridge-1] [INFO] [1783329031.870372039] [foxglove_bridge]: received subscribe request for channel 33 from client 2
[foxglove_bridge-1] [INFO] [1783329031.903378844] [foxglove_bridge]: Created ROS subscription on /amcl_pose (geometry_msgs/msg/PoseWithCovarianceStamped) for channel 33
[foxglove_bridge-1] [INFO] [1783329031.903648511] [foxglove_bridge]: received subscribe request for channel 57 from client 2
[foxglove_bridge-1] [INFO] [1783329031.928040240] [foxglove_bridge]: Created ROS subscription on /foxglove_click_accepted_goal (geometry_msgs/msg/PoseStamped) for channel 57
[foxglove_bridge-1] [INFO] [1783329031.928317656] [foxglove_bridge]: received subscribe request for channel 56 from client 2
[foxglove_bridge-1] [INFO] [1783329031.933825568] [foxglove_bridge]: publishing connection graph
[foxglove_bridge-1] [INFO] [1783329031.974677617] [foxglove_bridge]: Created ROS subscription on /foxglove_click_goal_label (visualization_msgs/msg/Marker) for channel 56
[foxglove_bridge-1] [INFO] [1783329031.974988658] [foxglove_bridge]: received subscribe request for channel 55 from client 2
[foxglove_bridge-1] [INFO] [1783329031.996393515] [foxglove_bridge]: Created ROS subscription on /foxglove_click_goal_marker (visualization_msgs/msg/Marker) for channel 55
[foxglove_bridge-1] [INFO] [1783329032.001437927] [foxglove_bridge]: received subscribe request for channel 54 from client 2
[foxglove_bridge-1] [INFO] [1783329032.021674201] [foxglove_bridge]: Created ROS subscription on /foxglove_click_path_marker (visualization_msgs/msg/Marker) for channel 54
[foxglove_bridge-1] [INFO] [1783329032.022074784] [foxglove_bridge]: received subscribe request for channel 53 from client 2
[foxglove_bridge-1] [INFO] [1783329032.040507977] [foxglove_bridge]: Created ROS subscription on /foxglove_click_planned_path (nav_msgs/msg/Path) for channel 53
[foxglove_bridge-1] [INFO] [1783329032.040938727] [foxglove_bridge]: received subscribe request for channel 59 from client 2
[foxglove_bridge-1] [INFO] [1783329032.055587547] [foxglove_bridge]: Created ROS subscription on /foxglove_click_start_marker (visualization_msgs/msg/Marker) for channel 59
[foxglove_bridge-1] [INFO] [1783329032.055864214] [foxglove_bridge]: received subscribe request for channel 58 from client 2
[foxglove_bridge-1] [INFO] [1783329032.072701033] [foxglove_bridge]: Created ROS subscription on /foxglove_click_trajectory_dots (visualization_msgs/msg/Marker) for channel 58
[foxglove_bridge-1] [INFO] [1783329032.073102616] [foxglove_bridge]: received subscribe request for channel 51 from client 2
[foxglove_bridge-1] [INFO] [1783329032.092913307] [foxglove_bridge]: Created ROS subscription on /foxglove_goal_pose (geometry_msgs/msg/PoseStamped) for channel 51
[foxglove_bridge-1] [INFO] [1783329032.093185973] [foxglove_bridge]: received subscribe request for channel 50 from client 2
[foxglove_bridge-1] [INFO] [1783329032.116978995] [foxglove_bridge]: Created ROS subscription on /foxglove_map_viz (nav_msgs/msg/OccupancyGrid) for channel 50
[foxglove_bridge-1] [INFO] [1783329032.117320869] [foxglove_bridge]: received subscribe request for channel 21 from client 2
[foxglove_bridge-1] [INFO] [1783329032.141582849] [foxglove_bridge]: Created ROS subscription on /global_costmap/published_footprint (geometry_msgs/msg/PolygonStamped) for channel 21
[foxglove_bridge-1] [INFO] [1783329032.141935307] [foxglove_bridge]: received subscribe request for channel 42 from client 2
[foxglove_bridge-1] [INFO] [1783329032.159970500] [foxglove_bridge]: Created ROS subscription on /goal_pose (geometry_msgs/msg/PoseStamped) for channel 42
[foxglove_bridge-1] [INFO] [1783329032.160263458] [foxglove_bridge]: received subscribe request for channel 30 from client 2
[foxglove_bridge-1] [INFO] [1783329032.182959105] [foxglove_bridge]: Created ROS subscription on /initialpose (geometry_msgs/msg/PoseWithCovarianceStamped) for channel 30
[foxglove_bridge-1] [INFO] [1783329032.183244771] [foxglove_bridge]: received subscribe request for channel 28 from client 2
[foxglove_bridge-1] [INFO] [1783329032.206635960] [foxglove_bridge]: Created ROS subscription on /local_costmap/published_footprint (geometry_msgs/msg/PolygonStamped) for channel 28
[foxglove_bridge-1] [INFO] [1783329032.208153625] [foxglove_bridge]: received subscribe request for channel 39 from client 2
[foxglove_bridge-1] [INFO] [1783329032.228007691] [foxglove_bridge]: Created ROS subscription on /lookahead_collision_arc (nav_msgs/msg/Path) for channel 39
[foxglove_bridge-1] [INFO] [1783329032.228285149] [foxglove_bridge]: received subscribe request for channel 17 from client 2
[foxglove_bridge-1] [INFO] [1783329032.228512316] [foxglove_bridge]: received subscribe request for channel 38 from client 2
[foxglove_bridge-1] [INFO] [1783329032.244186552] [foxglove_bridge]: Created ROS subscription on /plan (nav_msgs/msg/Path) for channel 38
[foxglove_bridge-1] [INFO] [1783329032.246228092] [foxglove_bridge]: received subscribe request for channel 24 from client 2
[foxglove_bridge-1] [INFO] [1783329032.270126863] [foxglove_bridge]: Created ROS subscription on /plan_smoothed (nav_msgs/msg/Path) for channel 24
[foxglove_bridge-1] [INFO] [1783329032.270429488] [foxglove_bridge]: received subscribe request for channel 40 from client 2
[foxglove_bridge-1] [INFO] [1783329032.287218349] [foxglove_bridge]: Created ROS subscription on /received_global_plan (nav_msgs/msg/Path) for channel 40
[foxglove_bridge-1] [INFO] [1783329032.446081546] [foxglove_bridge]: Advertising new channel 61 for topic "/clicked_point"
[foxglove_bridge-1] [INFO] [1783329032.480797475] [foxglove_bridge]: received subscribe request for channel 60 from client 2
[foxglove_bridge-1] [INFO] [1783329032.520257441] [foxglove_bridge]: Created ROS subscription on /move_base_simple/goal (geometry_msgs/msg/PoseStamped) for channel 60
[foxglove_bridge-1] [INFO] [1783329032.598879415] [foxglove_bridge]: publishing connection graph
[foxglove_bridge-1] [INFO] [1783329033.282742412] [foxglove_bridge]: publishing connection graph
[foxglove_bridge-1] [INFO] [1783329055.436978865] [foxglove_bridge]: received unsubscribe request for channel 39 from client 2
[foxglove_bridge-1] [INFO] [1783329055.437195989] [foxglove_bridge]: Cleaned up ROS subscription for channel 39 (no more subscribers)
[foxglove_bridge-1] [INFO] [1783329055.644131981] [foxglove_bridge]: publishing connection graph
[foxglove_bridge-1] [INFO] [1783329056.289529725] [foxglove_bridge]: received subscribe request for channel 39 from client 2
[foxglove_bridge-1] [INFO] [1783329056.341691348] [foxglove_bridge]: Created ROS subscription on /lookahead_collision_arc (nav_msgs/msg/Path) for channel 39
[foxglove_bridge-1] [INFO] [1783329056.394953011] [foxglove_bridge]: publishing connection graph
[foxglove_bridge-1] [INFO] [1783329057.048212291] [foxglove_bridge]: publishing connection graph
[foxglove_bridge-1] [INFO] [1783329057.853915316] [foxglove_bridge]: received unsubscribe request for channel 40 from client 2
[foxglove_bridge-1] [INFO] [1783329057.854088566] [foxglove_bridge]: Cleaned up ROS subscription for channel 40 (no more subscribers)
[foxglove_bridge-1] [INFO] [1783329058.169617757] [foxglove_bridge]: publishing connection graph
[foxglove_bridge-1] [INFO] [1783329058.785622153] [foxglove_bridge]: publishing connection graph
[foxglove_bridge-1] [INFO] [1783329058.791181273] [foxglove_bridge]: received subscribe request for channel 40 from client 2
[foxglove_bridge-1] [INFO] [1783329058.825308161] [foxglove_bridge]: Created ROS subscription on /received_global_plan (nav_msgs/msg/Path) for channel 40
[foxglove_bridge-1] [INFO] [1783329059.442914096] [foxglove_bridge]: publishing connection graph
[foxglove_bridge-1] [INFO] [1783329062.546415638] [foxglove_bridge]: received unsubscribe request for channel 21 from client 2
[foxglove_bridge-1] [INFO] [1783329062.546632721] [foxglove_bridge]: Cleaned up ROS subscription for channel 21 (no more subscribers)
[foxglove_bridge-1] [INFO] [1783329062.903081503] [foxglove_bridge]: publishing connection graph
[foxglove_bridge-1] [INFO] [1783329063.082057102] [foxglove_bridge]: received subscribe request for channel 21 from client 2
[foxglove_bridge-1] [INFO] [1783329063.103541917] [foxglove_bridge]: Created ROS subscription on /global_costmap/published_footprint (geometry_msgs/msg/PolygonStamped) for channel 21
[foxglove_bridge-1] [INFO] [1783329063.571034272] [foxglove_bridge]: publishing connection graph
[foxglove_bridge-1] [INFO] [1783329066.167417789] [foxglove_bridge]: received unsubscribe request for channel 60 from client 2
[foxglove_bridge-1] [INFO] [1783329066.167606664] [foxglove_bridge]: Cleaned up ROS subscription for channel 60 (no more subscribers)
[foxglove_bridge-1] [INFO] [1783329066.558149834] [foxglove_bridge]: publishing connection graph
[foxglove_bridge-1] [INFO] [1783329066.811376246] [foxglove_bridge]: received subscribe request for channel 60 from client 2
[foxglove_bridge-1] [INFO] [1783329066.849897505] [foxglove_bridge]: Created ROS subscription on /move_base_simple/goal (geometry_msgs/msg/PoseStamped) for channel 60
[foxglove_bridge-1] [INFO] [1783329067.246281087] [foxglove_bridge]: publishing connection graph
[foxglove_bridge-1] [INFO] [1783329071.284404727] [foxglove_bridge]: received unsubscribe request for channel 42 from client 2
[foxglove_bridge-1] [INFO] [1783329071.298683381] [foxglove_bridge]: Cleaned up ROS subscription for channel 42 (no more subscribers)
[foxglove_bridge-1] [INFO] [1783329071.623199233] [foxglove_bridge]: publishing connection graph
[foxglove_bridge-1] [INFO] [1783329072.245745293] [foxglove_bridge]: publishing connection graph
[foxglove_bridge-1] [INFO] [1783329072.577572055] [foxglove_bridge]: received subscribe request for channel 42 from client 2
[foxglove_bridge-1] [INFO] [1783329072.609835320] [foxglove_bridge]: Created ROS subscription on /goal_pose (geometry_msgs/msg/PoseStamped) for channel 42
[foxglove_bridge-1] [INFO] [1783329072.973643430] [foxglove_bridge]: publishing connection graph
[foxglove_bridge-1] [INFO] [1783329074.659735138] [foxglove_bridge]: received unsubscribe request for channel 30 from client 2
[foxglove_bridge-1] [INFO] [1783329074.659924596] [foxglove_bridge]: Cleaned up ROS subscription for channel 30 (no more subscribers)
[foxglove_bridge-1] [INFO] [1783329075.010542343] [foxglove_bridge]: publishing connection graph
[foxglove_bridge-1] [INFO] [1783329075.649722264] [foxglove_bridge]: publishing connection graph
[foxglove_bridge-1] [INFO] [1783329078.293875753] [foxglove_bridge]: received subscribe request for channel 30 from client 2
[foxglove_bridge-1] [INFO] [1783329078.333400428] [foxglove_bridge]: Created ROS subscription on /initialpose (geometry_msgs/msg/PoseWithCovarianceStamped) for channel 30
[foxglove_bridge-1] [INFO] [1783329078.444569210] [foxglove_bridge]: publishing connection graph
[foxglove_bridge-1] [INFO] [1783329079.086017297] [foxglove_bridge]: publishing connection graph
[foxglove_bridge-1] [INFO] [1783329081.123273797] [foxglove_bridge]: received unsubscribe request for channel 58 from client 2
[foxglove_bridge-1] [INFO] [1783329081.123489964] [foxglove_bridge]: Cleaned up ROS subscription for channel 58 (no more subscribers)
[foxglove_bridge-1] [INFO] [1783329081.354551145] [foxglove_bridge]: publishing connection graph
[foxglove_bridge-1] [INFO] [1783329081.743171403] [foxglove_bridge]: received subscribe request for channel 58 from client 2
[foxglove_bridge-1] [INFO] [1783329081.771124880] [foxglove_bridge]: Created ROS subscription on /foxglove_click_trajectory_dots (visualization_msgs/msg/Marker) for channel 58
[foxglove_bridge-1] [INFO] [1783329081.982019911] [foxglove_bridge]: publishing connection graph
[foxglove_bridge-1] [INFO] [1783329084.468420455] [foxglove_bridge]: received unsubscribe request for channel 33 from client 2
[foxglove_bridge-1] [INFO] [1783329084.468626455] [foxglove_bridge]: Cleaned up ROS subscription for channel 33 (no more subscribers)
[foxglove_bridge-1] [INFO] [1783329084.724508116] [foxglove_bridge]: publishing connection graph
[foxglove_bridge-1] [INFO] [1783329085.353774214] [foxglove_bridge]: publishing connection graph
[foxglove_bridge-1] [INFO] [1783329085.464598247] [foxglove_bridge]: received subscribe request for channel 33 from client 2
[foxglove_bridge-1] [INFO] [1783329085.496006679] [foxglove_bridge]: Created ROS subscription on /amcl_pose (geometry_msgs/msg/PoseWithCovarianceStamped) for channel 33
[foxglove_bridge-1] [INFO] [1783329085.984791604] [foxglove_bridge]: publishing connection graph
[foxglove_bridge-1] [INFO] [1783329088.536171722] [foxglove_bridge]: received unsubscribe request for channel 30 from client 2
[foxglove_bridge-1] [INFO] [1783329088.536370222] [foxglove_bridge]: Cleaned up ROS subscription for channel 30 (no more subscribers)
[foxglove_bridge-1] [INFO] [1783329089.375804188] [foxglove_bridge]: publishing connection graph
[foxglove_bridge-1] [INFO] [1783329090.010399533] [foxglove_bridge]: publishing connection graph
[foxglove_bridge-1] [INFO] [1783329090.990218965] [foxglove_bridge]: received subscribe request for channel 30 from client 2
[foxglove_bridge-1] [INFO] [1783329091.015963652] [foxglove_bridge]: Created ROS subscription on /initialpose (geometry_msgs/msg/PoseWithCovarianceStamped) for channel 30
[foxglove_bridge-1] [INFO] [1783329091.118955775] [foxglove_bridge]: publishing connection graph
[foxglove_bridge-1] [INFO] [1783329091.754625245] [foxglove_bridge]: publishing connection graph
[foxglove_bridge-1] [INFO] [1783329273.256192273] [foxglove_bridge]: received unsubscribe request for channel 38 from client 2
[foxglove_bridge-1] [INFO] [1783329273.256404231] [foxglove_bridge]: Cleaned up ROS subscription for channel 38 (no more subscribers)
[foxglove_bridge-1] [INFO] [1783329273.284541953] [foxglove_bridge]: received unsubscribe request for channel 28 from client 2
[foxglove_bridge-1] [INFO] [1783329273.289580323] [foxglove_bridge]: Cleaned up ROS subscription for channel 28 (no more subscribers)
[foxglove_bridge-1] [INFO] [1783329273.294579401] [foxglove_bridge]: received unsubscribe request for channel 21 from client 2
[foxglove_bridge-1] [INFO] [1783329273.299590771] [foxglove_bridge]: Cleaned up ROS subscription for channel 21 (no more subscribers)
[foxglove_bridge-1] [INFO] [1783329273.299717896] [foxglove_bridge]: received unsubscribe request for channel 54 from client 2
[foxglove_bridge-1] [INFO] [1783329273.299767896] [foxglove_bridge]: Cleaned up ROS subscription for channel 54 (no more subscribers)
[foxglove_bridge-1] [INFO] [1783329273.303136518] [foxglove_bridge]: received unsubscribe request for channel 56 from client 2
[foxglove_bridge-1] [INFO] [1783329273.303223892] [foxglove_bridge]: Cleaned up ROS subscription for channel 56 (no more subscribers)
[foxglove_bridge-1] [INFO] [1783329273.303291059] [foxglove_bridge]: received unsubscribe request for channel 57 from client 2
[foxglove_bridge-1] [INFO] [1783329273.303334559] [foxglove_bridge]: Cleaned up ROS subscription for channel 57 (no more subscribers)
[foxglove_bridge-1] [INFO] [1783329273.303386392] [foxglove_bridge]: received unsubscribe request for channel 4 from client 2
[foxglove_bridge-1] [INFO] [1783329273.303427392] [foxglove_bridge]: received unsubscribe request for channel 58 from client 2
[foxglove_bridge-1] [INFO] [1783329273.303465434] [foxglove_bridge]: Cleaned up ROS subscription for channel 58 (no more subscribers)
[foxglove_bridge-1] [INFO] [1783329273.303519309] [foxglove_bridge]: received unsubscribe request for channel 51 from client 2
[foxglove_bridge-1] [INFO] [1783329273.303558892] [foxglove_bridge]: Cleaned up ROS subscription for channel 51 (no more subscribers)
[foxglove_bridge-1] [INFO] [1783329273.303603850] [foxglove_bridge]: received unsubscribe request for channel 50 from client 2
[foxglove_bridge-1] [INFO] [1783329273.303641767] [foxglove_bridge]: Cleaned up ROS subscription for channel 50 (no more subscribers)
[foxglove_bridge-1] [INFO] [1783329273.303693475] [foxglove_bridge]: received unsubscribe request for channel 60 from client 2
[foxglove_bridge-1] [INFO] [1783329273.303732850] [foxglove_bridge]: Cleaned up ROS subscription for channel 60 (no more subscribers)
[foxglove_bridge-1] [INFO] [1783329273.303783892] [foxglove_bridge]: received unsubscribe request for channel 17 from client 2
[foxglove_bridge-1] [INFO] [1783329273.303823642] [foxglove_bridge]: received unsubscribe request for channel 55 from client 2
[foxglove_bridge-1] [INFO] [1783329273.303860517] [foxglove_bridge]: Cleaned up ROS subscription for channel 55 (no more subscribers)
[foxglove_bridge-1] [INFO] [1783329273.303910558] [foxglove_bridge]: received unsubscribe request for channel 53 from client 2
[foxglove_bridge-1] [INFO] [1783329273.303949475] [foxglove_bridge]: Cleaned up ROS subscription for channel 53 (no more subscribers)
[foxglove_bridge-1] [INFO] [1783329273.304007475] [foxglove_bridge]: received unsubscribe request for channel 24 from client 2
[foxglove_bridge-1] [INFO] [1783329273.304047975] [foxglove_bridge]: Cleaned up ROS subscription for channel 24 (no more subscribers)
[foxglove_bridge-1] [INFO] [1783329273.306058931] [foxglove_bridge]: received unsubscribe request for channel 5 from client 2
[foxglove_bridge-1] [INFO] [1783329273.306232306] [foxglove_bridge]: received unsubscribe request for channel 30 from client 2
[foxglove_bridge-1] [INFO] [1783329273.306282723] [foxglove_bridge]: Cleaned up ROS subscription for channel 30 (no more subscribers)
[foxglove_bridge-1] [INFO] [1783329273.306353348] [foxglove_bridge]: received unsubscribe request for channel 42 from client 2
[foxglove_bridge-1] [INFO] [1783329273.306394514] [foxglove_bridge]: Cleaned up ROS subscription for channel 42 (no more subscribers)
[foxglove_bridge-1] [INFO] [1783329273.306443889] [foxglove_bridge]: received unsubscribe request for channel 33 from client 2
[foxglove_bridge-1] [INFO] [1783329273.306484348] [foxglove_bridge]: Cleaned up ROS subscription for channel 33 (no more subscribers)
[foxglove_bridge-1] [INFO] [1783329273.306537306] [foxglove_bridge]: received unsubscribe request for channel 59 from client 2
[foxglove_bridge-1] [INFO] [1783329273.306576681] [foxglove_bridge]: Cleaned up ROS subscription for channel 59 (no more subscribers)
[foxglove_bridge-1] [INFO] [1783329273.307370972] [foxglove_bridge]: received unsubscribe request for channel 39 from client 2
[foxglove_bridge-1] [INFO] [1783329273.307496930] [foxglove_bridge]: Cleaned up ROS subscription for channel 39 (no more subscribers)
[foxglove_bridge-1] [INFO] [1783329273.308678137] [foxglove_bridge]: received unsubscribe request for channel 40 from client 2
[foxglove_bridge-1] [INFO] [1783329273.309168136] [foxglove_bridge]: Cleaned up ROS subscription for channel 40 (no more subscribers)
[foxglove_bridge-1] [INFO] [1783329273.446948623] [foxglove_bridge]: publishing connection graph
[foxglove_bridge-1] [INFO] [1783329274.144637545] [foxglove_bridge]: publishing connection graph
[foxglove_bridge-1] [INFO] [1783329275.906144063] [rclcpp]: signal_handler(signum=2)
[foxglove_bridge-1] [INFO] [1783329275.915236637] [foxglove_bridge]: Shutting down foxglove_bridge
[foxglove_bridge-1] [INFO] [1783329277.832361833] [foxglove_bridge]: received connection graph subscribe request
[foxglove_bridge-1] [INFO] [1783329277.832440416] [foxglove_bridge]: received unsubscribe request for channel 17 from client 1
[foxglove_bridge-1] [INFO] [1783329277.832461583] [foxglove_bridge]: Cleaned up ROS subscription for channel 17 (no more subscribers)
[foxglove_bridge-1] [INFO] [1783329277.840836283] [foxglove_bridge]: received unsubscribe request for channel 10 from client 1
[foxglove_bridge-1] [INFO] [1783329277.840902825] [foxglove_bridge]: Cleaned up ROS subscription for channel 10 (no more subscribers)
[foxglove_bridge-1] [INFO] [1783329277.849195691] [foxglove_bridge]: received unsubscribe request for channel 6 from client 1
[foxglove_bridge-1] [INFO] [1783329277.849259399] [foxglove_bridge]: Cleaned up ROS subscription for channel 6 (no more subscribers)
[foxglove_bridge-1] [INFO] [1783329277.858171099] [foxglove_bridge]: received unsubscribe request for channel 5 from client 1
[foxglove_bridge-1] [INFO] [1783329277.858236182] [foxglove_bridge]: Cleaned up ROS subscription for channel 5 (no more subscribers)
[foxglove_bridge-1] [INFO] [1783329277.865959758] [foxglove_bridge]: received unsubscribe request for channel 4 from client 1
[foxglove_bridge-1] [INFO] [1783329277.866023633] [foxglove_bridge]: Cleaned up ROS subscription for channel 4 (no more subscribers)
[foxglove_bridge-1] [INFO] [1783329277.878397120] [foxglove_bridge]: Shutdown complete
[INFO] [foxglove_bridge-1]: process has finished cleanly [pid 87091]
