[INFO] [1783328851.563090593] [simple_scan_filter]: filter /scan -> /scan_filtered, keep=[0.22, 4.00], isolated_window=2, isolated_delta=0.25, min_support_neighbors=1
[INFO] [1783328865.184010592] [simple_scan_filter]: scan stats: n=404, zeros=123, nan=0, inf=0, finite_raw=281, finite_out=236, removed_isolated=8
[INFO] [1783328870.174186139] [simple_scan_filter]: scan stats: n=404, zeros=121, nan=0, inf=0, finite_raw=283, finite_out=237, removed_isolated=9
[INFO] [1783328875.176436979] [simple_scan_filter]: scan stats: n=404, zeros=124, nan=0, inf=0, finite_raw=280, finite_out=239, removed_isolated=7
[INFO] [1783328880.160318154] [simple_scan_filter]: scan stats: n=404, zeros=118, nan=0, inf=0, finite_raw=286, finite_out=239, removed_isolated=6
[INFO] [1783328885.169144411] [simple_scan_filter]: scan stats: n=404, zeros=122, nan=0, inf=0, finite_raw=282, finite_out=237, removed_isolated=7
[INFO] [1783328890.151423255] [simple_scan_filter]: scan stats: n=404, zeros=117, nan=0, inf=0, finite_raw=287, finite_out=238, removed_isolated=9
[INFO] [1783328895.139947141] [simple_scan_filter]: scan stats: n=404, zeros=123, nan=0, inf=0, finite_raw=281, finite_out=235, removed_isolated=9
[INFO] [1783328900.132609028] [simple_scan_filter]: scan stats: n=404, zeros=114, nan=0, inf=0, finite_raw=290, finite_out=237, removed_isolated=8
[INFO] [1783328905.128973040] [simple_scan_filter]: scan stats: n=404, zeros=118, nan=0, inf=0, finite_raw=286, finite_out=238, removed_isolated=9
[INFO] [1783328910.121768470] [simple_scan_filter]: scan stats: n=404, zeros=118, nan=0, inf=0, finite_raw=286, finite_out=239, removed_isolated=8
[INFO] [1783328915.118595276] [simple_scan_filter]: scan stats: n=404, zeros=119, nan=0, inf=0, finite_raw=285, finite_out=241, removed_isolated=8
[INFO] [1783328920.108239750] [simple_scan_filter]: scan stats: n=404, zeros=125, nan=0, inf=0, finite_raw=279, finite_out=230, removed_isolated=9
[INFO] [1783328925.100201391] [simple_scan_filter]: scan stats: n=404, zeros=119, nan=0, inf=0, finite_raw=285, finite_out=235, removed_isolated=7
[INFO] [1783328930.098809491] [simple_scan_filter]: scan stats: n=404, zeros=114, nan=0, inf=0, finite_raw=290, finite_out=241, removed_isolated=6
[INFO] [1783328935.086292760] [simple_scan_filter]: scan stats: n=404, zeros=120, nan=0, inf=0, finite_raw=284, finite_out=229, removed_isolated=13
[INFO] [1783328940.080389238] [simple_scan_filter]: scan stats: n=404, zeros=112, nan=0, inf=0, finite_raw=292, finite_out=240, removed_isolated=6
[INFO] [1783328945.082105674] [simple_scan_filter]: scan stats: n=404, zeros=116, nan=0, inf=0, finite_raw=288, finite_out=234, removed_isolated=11
[INFO] [1783328950.074126528] [simple_scan_filter]: scan stats: n=404, zeros=116, nan=0, inf=0, finite_raw=288, finite_out=242, removed_isolated=6
[INFO] [1783328955.061070009] [simple_scan_filter]: scan stats: n=404, zeros=111, nan=0, inf=0, finite_raw=293, finite_out=245, removed_isolated=6
[INFO] [1783328960.054687448] [simple_scan_filter]: scan stats: n=404, zeros=121, nan=0, inf=0, finite_raw=283, finite_out=236, removed_isolated=7
[INFO] [1783328965.046920764] [simple_scan_filter]: scan stats: n=404, zeros=120, nan=0, inf=0, finite_raw=284, finite_out=238, removed_isolated=8
[INFO] [1783328970.039459848] [simple_scan_filter]: scan stats: n=404, zeros=116, nan=0, inf=0, finite_raw=288, finite_out=244, removed_isolated=8
[INFO] [1783328975.034898989] [simple_scan_filter]: scan stats: n=404, zeros=119, nan=0, inf=0, finite_raw=285, finite_out=241, removed_isolated=7
[INFO] [1783328980.036221384] [simple_scan_filter]: scan stats: n=404, zeros=121, nan=0, inf=0, finite_raw=283, finite_out=239, removed_isolated=9
[INFO] [1783328985.019502013] [simple_scan_filter]: scan stats: n=404, zeros=112, nan=0, inf=0, finite_raw=292, finite_out=243, removed_isolated=4
[INFO] [1783328990.009423772] [simple_scan_filter]: scan stats: n=404, zeros=126, nan=0, inf=0, finite_raw=278, finite_out=235, removed_isolated=8
[INFO] [1783328995.003236205] [simple_scan_filter]: scan stats: n=404, zeros=112, nan=0, inf=0, finite_raw=292, finite_out=242, removed_isolated=7
[INFO] [1783329000.001973601] [simple_scan_filter]: scan stats: n=404, zeros=115, nan=0, inf=0, finite_raw=289, finite_out=239, removed_isolated=14
[INFO] [1783329004.999138384] [simple_scan_filter]: scan stats: n=404, zeros=118, nan=0, inf=0, finite_raw=286, finite_out=243, removed_isolated=9
[INFO] [1783329009.981132190] [simple_scan_filter]: scan stats: n=404, zeros=125, nan=0, inf=0, finite_raw=279, finite_out=236, removed_isolated=8
[INFO] [1783329014.973668330] [simple_scan_filter]: scan stats: n=404, zeros=111, nan=0, inf=0, finite_raw=293, finite_out=239, removed_isolated=13
[INFO] [1783329019.969551186] [simple_scan_filter]: scan stats: n=404, zeros=119, nan=0, inf=0, finite_raw=285, finite_out=239, removed_isolated=5
[INFO] [1783329024.960911055] [simple_scan_filter]: scan stats: n=404, zeros=124, nan=0, inf=0, finite_raw=280, finite_out=232, removed_isolated=12
[INFO] [1783329029.958944845] [simple_scan_filter]: scan stats: n=404, zeros=114, nan=0, inf=0, finite_raw=290, finite_out=245, removed_isolated=4
[INFO] [1783329034.948514236] [simple_scan_filter]: scan stats: n=404, zeros=109, nan=0, inf=0, finite_raw=295, finite_out=241, removed_isolated=7
[INFO] [1783329039.946355838] [simple_scan_filter]: scan stats: n=404, zeros=108, nan=0, inf=0, finite_raw=296, finite_out=246, removed_isolated=4
[INFO] [1783329044.933324626] [simple_scan_filter]: scan stats: n=404, zeros=121, nan=0, inf=0, finite_raw=283, finite_out=240, removed_isolated=5
[INFO] [1783329049.926729543] [simple_scan_filter]: scan stats: n=404, zeros=112, nan=0, inf=0, finite_raw=292, finite_out=242, removed_isolated=7
[INFO] [1783329054.919188637] [simple_scan_filter]: scan stats: n=404, zeros=112, nan=0, inf=0, finite_raw=292, finite_out=239, removed_isolated=11
[INFO] [1783329059.912893407] [simple_scan_filter]: scan stats: n=404, zeros=112, nan=0, inf=0, finite_raw=292, finite_out=241, removed_isolated=7
[INFO] [1783329064.911023182] [simple_scan_filter]: scan stats: n=404, zeros=113, nan=0, inf=0, finite_raw=291, finite_out=243, removed_isolated=8
[INFO] [1783329069.903105015] [simple_scan_filter]: scan stats: n=404, zeros=118, nan=0, inf=0, finite_raw=286, finite_out=239, removed_isolated=7
[INFO] [1783329074.894116858] [simple_scan_filter]: scan stats: n=404, zeros=114, nan=0, inf=0, finite_raw=290, finite_out=242, removed_isolated=11
[INFO] [1783329079.895943576] [simple_scan_filter]: scan stats: n=404, zeros=116, nan=0, inf=0, finite_raw=288, finite_out=243, removed_isolated=5
[INFO] [1783329084.882478234] [simple_scan_filter]: scan stats: n=404, zeros=113, nan=0, inf=0, finite_raw=291, finite_out=241, removed_isolated=11
[INFO] [1783329089.876818644] [simple_scan_filter]: scan stats: n=404, zeros=118, nan=0, inf=0, finite_raw=286, finite_out=240, removed_isolated=7
[INFO] [1783329094.872165105] [simple_scan_filter]: scan stats: n=404, zeros=112, nan=0, inf=0, finite_raw=292, finite_out=242, removed_isolated=5
[INFO] [1783329099.885079520] [simple_scan_filter]: scan stats: n=404, zeros=118, nan=0, inf=0, finite_raw=286, finite_out=240, removed_isolated=7
[INFO] [1783329104.856493728] [simple_scan_filter]: scan stats: n=404, zeros=116, nan=0, inf=0, finite_raw=288, finite_out=237, removed_isolated=7
[INFO] [1783329109.850602761] [simple_scan_filter]: scan stats: n=404, zeros=117, nan=0, inf=0, finite_raw=287, finite_out=227, removed_isolated=5
[INFO] [1783329114.844744845] [simple_scan_filter]: scan stats: n=404, zeros=113, nan=0, inf=0, finite_raw=291, finite_out=234, removed_isolated=4
[INFO] [1783329119.842917893] [simple_scan_filter]: scan stats: n=404, zeros=90, nan=0, inf=0, finite_raw=314, finite_out=247, removed_isolated=4
[INFO] [1783329124.837070746] [simple_scan_filter]: scan stats: n=404, zeros=64, nan=0, inf=0, finite_raw=340, finite_out=313, removed_isolated=2
[INFO] [1783329129.828898110] [simple_scan_filter]: scan stats: n=404, zeros=48, nan=0, inf=0, finite_raw=356, finite_out=337, removed_isolated=3
[INFO] [1783329134.831669849] [simple_scan_filter]: scan stats: n=404, zeros=38, nan=0, inf=0, finite_raw=366, finite_out=352, removed_isolated=0
[INFO] [1783329139.817016654] [simple_scan_filter]: scan stats: n=404, zeros=33, nan=0, inf=0, finite_raw=371, finite_out=371, removed_isolated=0
[INFO] [1783329144.811553878] [simple_scan_filter]: scan stats: n=404, zeros=27, nan=0, inf=0, finite_raw=377, finite_out=372, removed_isolated=0
[INFO] [1783329149.823350013] [simple_scan_filter]: scan stats: n=404, zeros=56, nan=0, inf=0, finite_raw=348, finite_out=336, removed_isolated=3
[INFO] [1783329154.807838305] [simple_scan_filter]: scan stats: n=404, zeros=59, nan=0, inf=0, finite_raw=345, finite_out=332, removed_isolated=2
[INFO] [1783329159.798698601] [simple_scan_filter]: scan stats: n=404, zeros=59, nan=0, inf=0, finite_raw=345, finite_out=327, removed_isolated=2
[INFO] [1783329164.787807824] [simple_scan_filter]: scan stats: n=404, zeros=57, nan=0, inf=0, finite_raw=347, finite_out=327, removed_isolated=2
[INFO] [1783329169.782501719] [simple_scan_filter]: scan stats: n=404, zeros=52, nan=0, inf=0, finite_raw=352, finite_out=328, removed_isolated=3
[INFO] [1783329174.781748328] [simple_scan_filter]: scan stats: n=404, zeros=62, nan=0, inf=0, finite_raw=342, finite_out=326, removed_isolated=1
[INFO] [1783329179.768896372] [simple_scan_filter]: scan stats: n=404, zeros=60, nan=0, inf=0, finite_raw=344, finite_out=326, removed_isolated=1
[INFO] [1783329184.761784713] [simple_scan_filter]: scan stats: n=404, zeros=60, nan=0, inf=0, finite_raw=344, finite_out=326, removed_isolated=1
[INFO] [1783329189.761844224] [simple_scan_filter]: scan stats: n=404, zeros=58, nan=0, inf=0, finite_raw=346, finite_out=325, removed_isolated=2
[INFO] [1783329194.763286826] [simple_scan_filter]: scan stats: n=404, zeros=60, nan=0, inf=0, finite_raw=344, finite_out=325, removed_isolated=1
[INFO] [1783329199.760491107] [simple_scan_filter]: scan stats: n=404, zeros=54, nan=0, inf=0, finite_raw=350, finite_out=327, removed_isolated=3
[INFO] [1783329204.741391869] [simple_scan_filter]: scan stats: n=404, zeros=57, nan=0, inf=0, finite_raw=347, finite_out=328, removed_isolated=2
[INFO] [1783329209.739588876] [simple_scan_filter]: scan stats: n=404, zeros=61, nan=0, inf=0, finite_raw=343, finite_out=324, removed_isolated=3
[INFO] [1783329214.732722563] [simple_scan_filter]: scan stats: n=404, zeros=57, nan=0, inf=0, finite_raw=347, finite_out=328, removed_isolated=2
[INFO] [1783329219.733182670] [simple_scan_filter]: scan stats: n=404, zeros=61, nan=0, inf=0, finite_raw=343, finite_out=324, removed_isolated=1
[INFO] [1783329224.727998540] [simple_scan_filter]: scan stats: n=404, zeros=57, nan=0, inf=0, finite_raw=347, finite_out=326, removed_isolated=2
[INFO] [1783329229.714833218] [simple_scan_filter]: scan stats: n=404, zeros=59, nan=0, inf=0, finite_raw=345, finite_out=325, removed_isolated=2
[INFO] [1783329234.716197517] [simple_scan_filter]: scan stats: n=404, zeros=53, nan=0, inf=0, finite_raw=351, finite_out=328, removed_isolated=3
[INFO] [1783329239.703813837] [simple_scan_filter]: scan stats: n=404, zeros=58, nan=0, inf=0, finite_raw=346, finite_out=324, removed_isolated=3
[INFO] [1783329244.698871410] [simple_scan_filter]: scan stats: n=404, zeros=57, nan=0, inf=0, finite_raw=347, finite_out=328, removed_isolated=3
[INFO] [1783329249.687948954] [simple_scan_filter]: scan stats: n=404, zeros=57, nan=0, inf=0, finite_raw=347, finite_out=329, removed_isolated=2
[INFO] [1783329254.701228447] [simple_scan_filter]: scan stats: n=404, zeros=61, nan=0, inf=0, finite_raw=343, finite_out=328, removed_isolated=0
[INFO] [1783329259.681264017] [simple_scan_filter]: scan stats: n=404, zeros=50, nan=0, inf=0, finite_raw=354, finite_out=327, removed_isolated=3
[INFO] [1783329264.671147587] [simple_scan_filter]: scan stats: n=404, zeros=59, nan=0, inf=0, finite_raw=345, finite_out=330, removed_isolated=0
[INFO] [1783329269.673932573] [simple_scan_filter]: scan stats: n=404, zeros=60, nan=0, inf=0, finite_raw=344, finite_out=325, removed_isolated=1
[INFO] [1783329274.663662022] [simple_scan_filter]: scan stats: n=404, zeros=65, nan=0, inf=0, finite_raw=339, finite_out=326, removed_isolated=0
Traceback (most recent call last):
  File "/root/rdk_x5_vln_robot/ros2_bridge/simple_scan_filter.py", line 197, in <module>
    main()
  File "/root/rdk_x5_vln_robot/ros2_bridge/simple_scan_filter.py", line 191, in main
    rclpy.spin(node)
  File "/opt/ros/humble/local/lib/python3.10/dist-packages/rclpy/__init__.py", line 229, in spin
    executor.spin_once()
  File "/opt/ros/humble/local/lib/python3.10/dist-packages/rclpy/executors.py", line 751, in spin_once
    self._spin_once_impl(timeout_sec)
  File "/opt/ros/humble/local/lib/python3.10/dist-packages/rclpy/executors.py", line 740, in _spin_once_impl
    handler, entity, node = self.wait_for_ready_callbacks(timeout_sec=timeout_sec)
  File "/opt/ros/humble/local/lib/python3.10/dist-packages/rclpy/executors.py", line 723, in wait_for_ready_callbacks
    return next(self._cb_iter)
  File "/opt/ros/humble/local/lib/python3.10/dist-packages/rclpy/executors.py", line 624, in _wait_for_ready_callbacks
    raise ExternalShutdownException()
rclpy.executors.ExternalShutdownException
