[INFO] [launch]: All log files can be found below /root/.ros/log/2026-07-02-17-47-58-795930-ubuntu-214461
[INFO] [launch]: Default logging verbosity is set to INFO
[INFO] [map_server-1]: process started with pid [214517]
[INFO] [amcl-2]: process started with pid [214519]
[INFO] [lifecycle_manager-3]: process started with pid [214521]
[INFO] [controller_server-4]: process started with pid [214523]
[INFO] [smoother_server-5]: process started with pid [214525]
[INFO] [planner_server-6]: process started with pid [214527]
[INFO] [behavior_server-7]: process started with pid [214529]
[INFO] [bt_navigator-8]: process started with pid [214531]
[INFO] [waypoint_follower-9]: process started with pid [214533]
[INFO] [velocity_smoother-10]: process started with pid [214538]
[INFO] [lifecycle_manager-11]: process started with pid [214544]
[bt_navigator-8] [INFO] [1782985681.318676473] [bt_navigator]: 
[bt_navigator-8] 	bt_navigator lifecycle node launched. 
[bt_navigator-8] 	Waiting on external lifecycle transitions to activate
[bt_navigator-8] 	See https://design.ros2.org/articles/node_lifecycle.html for more information.
[bt_navigator-8] [INFO] [1782985681.332375671] [bt_navigator]: Creating
[lifecycle_manager-3] [INFO] [1782985681.510370244] [lifecycle_manager_localization]: Creating
[planner_server-6] [INFO] [1782985681.586220727] [planner_server]: 
[planner_server-6] 	planner_server lifecycle node launched. 
[planner_server-6] 	Waiting on external lifecycle transitions to activate
[planner_server-6] 	See https://design.ros2.org/articles/node_lifecycle.html for more information.
[planner_server-6] [INFO] [1782985681.599234634] [planner_server]: Creating
[lifecycle_manager-3] [INFO] [1782985681.602448507] [lifecycle_manager_localization]: [34m[1mCreating and initializing lifecycle service clients[0m[0m
[map_server-1] [INFO] [1782985681.607254336] [map_server]: 
[map_server-1] 	map_server lifecycle node launched. 
[map_server-1] 	Waiting on external lifecycle transitions to activate
[map_server-1] 	See https://design.ros2.org/articles/node_lifecycle.html for more information.
[map_server-1] [INFO] [1782985681.639948645] [map_server]: Creating
[smoother_server-5] [INFO] [1782985681.842407073] [smoother_server]: 
[smoother_server-5] 	smoother_server lifecycle node launched. 
[smoother_server-5] 	Waiting on external lifecycle transitions to activate
[smoother_server-5] 	See https://design.ros2.org/articles/node_lifecycle.html for more information.
[amcl-2] [INFO] [1782985681.865287056] [amcl]: 
[amcl-2] 	amcl lifecycle node launched. 
[amcl-2] 	Waiting on external lifecycle transitions to activate
[amcl-2] 	See https://design.ros2.org/articles/node_lifecycle.html for more information.
[amcl-2] [INFO] [1782985681.867059054] [amcl]: Creating
[smoother_server-5] [INFO] [1782985681.900511112] [smoother_server]: Creating smoother server
[controller_server-4] [INFO] [1782985682.362471843] [controller_server]: 
[controller_server-4] 	controller_server lifecycle node launched. 
[controller_server-4] 	Waiting on external lifecycle transitions to activate
[controller_server-4] 	See https://design.ros2.org/articles/node_lifecycle.html for more information.
[velocity_smoother-10] [INFO] [1782985682.460927184] [velocity_smoother]: 
[velocity_smoother-10] 	velocity_smoother lifecycle node launched. 
[velocity_smoother-10] 	Waiting on external lifecycle transitions to activate
[velocity_smoother-10] 	See https://design.ros2.org/articles/node_lifecycle.html for more information.
[lifecycle_manager-11] [INFO] [1782985682.514461143] [lifecycle_manager_navigation]: Creating
[controller_server-4] [INFO] [1782985682.535742377] [controller_server]: Creating controller server
[planner_server-6] [INFO] [1782985682.630963429] [global_costmap.global_costmap]: 
[planner_server-6] 	global_costmap lifecycle node launched. 
[planner_server-6] 	Waiting on external lifecycle transitions to activate
[planner_server-6] 	See https://design.ros2.org/articles/node_lifecycle.html for more information.
[planner_server-6] [INFO] [1782985682.656954826] [global_costmap.global_costmap]: Creating Costmap
[waypoint_follower-9] [INFO] [1782985682.775460444] [waypoint_follower]: 
[waypoint_follower-9] 	waypoint_follower lifecycle node launched. 
[waypoint_follower-9] 	Waiting on external lifecycle transitions to activate
[waypoint_follower-9] 	See https://design.ros2.org/articles/node_lifecycle.html for more information.
[waypoint_follower-9] [INFO] [1782985682.785539353] [waypoint_follower]: Creating
[lifecycle_manager-11] [INFO] [1782985682.823407032] [lifecycle_manager_navigation]: [34m[1mCreating and initializing lifecycle service clients[0m[0m
[behavior_server-7] [INFO] [1782985683.024573253] [behavior_server]: 
[behavior_server-7] 	behavior_server lifecycle node launched. 
[behavior_server-7] 	Waiting on external lifecycle transitions to activate
[behavior_server-7] 	See https://design.ros2.org/articles/node_lifecycle.html for more information.
[lifecycle_manager-3] [INFO] [1782985684.196853233] [lifecycle_manager_localization]: [34m[1mStarting managed nodes bringup...[0m[0m
[lifecycle_manager-3] [INFO] [1782985684.197272566] [lifecycle_manager_localization]: [34m[1mConfiguring map_server[0m[0m
[map_server-1] [INFO] [1782985684.199093315] [map_server]: Configuring
[map_server-1] [INFO] [1782985684.199369523] [map_io]: Loading yaml file: /root/rdk_x5_vln_robot/maps/joy_calibrated_corridor_map_saved_20260702_1743.yaml
[map_server-1] [INFO] [1782985684.200406855] [map_io]: resolution: 0.05
[map_server-1] [INFO] [1782985684.200481105] [map_io]: origin[0]: -4.24
[map_server-1] [INFO] [1782985684.200512647] [map_io]: origin[1]: -4.8
[map_server-1] [INFO] [1782985684.200539980] [map_io]: origin[2]: 0
[map_server-1] [INFO] [1782985684.200567730] [map_io]: free_thresh: 0.25
[map_server-1] [INFO] [1782985684.200595688] [map_io]: occupied_thresh: 0.65
[map_server-1] [INFO] [1782985684.200629063] [map_io]: mode: trinary
[map_server-1] [INFO] [1782985684.200659188] [map_io]: negate: 0
[map_server-1] [INFO] [1782985684.201416604] [map_io]: Loading image_file: /root/rdk_x5_vln_robot/maps/joy_calibrated_corridor_map_saved_20260702_1743.pgm
[map_server-1] [INFO] [1782985684.307602232] [map_io]: Read map /root/rdk_x5_vln_robot/maps/joy_calibrated_corridor_map_saved_20260702_1743.pgm: 151 X 182 map @ 0.05 m/cell
[lifecycle_manager-3] [INFO] [1782985684.571195614] [lifecycle_manager_localization]: [34m[1mConfiguring amcl[0m[0m
[amcl-2] [INFO] [1782985684.572906029] [amcl]: Configuring
[amcl-2] [INFO] [1782985684.573444070] [amcl]: initTransforms
[amcl-2] [INFO] [1782985684.896678115] [amcl]: initPubSub
[controller_server-4] [INFO] [1782985684.965193896] [local_costmap.local_costmap]: 
[controller_server-4] 	local_costmap lifecycle node launched. 
[controller_server-4] 	Waiting on external lifecycle transitions to activate
[controller_server-4] 	See https://design.ros2.org/articles/node_lifecycle.html for more information.
[controller_server-4] [INFO] [1782985684.967384519] [local_costmap.local_costmap]: Creating Costmap
[amcl-2] [INFO] [1782985685.128348647] [amcl]: Subscribed to map topic.
[lifecycle_manager-3] [INFO] [1782985685.238279813] [lifecycle_manager_localization]: [34m[1mActivating map_server[0m[0m
[map_server-1] [INFO] [1782985685.239449478] [map_server]: Activating
[map_server-1] [INFO] [1782985685.240306811] [map_server]: Creating bond (map_server) to lifecycle manager.
[amcl-2] [INFO] [1782985685.243146476] [amcl]: Received a 151 X 182 map @ 0.050 m/pix
[lifecycle_manager-3] [INFO] [1782985685.381688495] [lifecycle_manager_localization]: Server map_server connected with bond.
[lifecycle_manager-3] [INFO] [1782985685.385533867] [lifecycle_manager_localization]: [34m[1mActivating amcl[0m[0m
[amcl-2] [INFO] [1782985685.390949654] [amcl]: Activating
[amcl-2] [INFO] [1782985685.391135113] [amcl]: Creating bond (amcl) to lifecycle manager.
[amcl-2] [INFO] [1782985685.419610591] [amcl]: createLaserObject
[lifecycle_manager-11] [INFO] [1782985685.481827002] [lifecycle_manager_navigation]: [34m[1mStarting managed nodes bringup...[0m[0m
[lifecycle_manager-11] [INFO] [1782985685.482066460] [lifecycle_manager_navigation]: [34m[1mConfiguring controller_server[0m[0m
[controller_server-4] [INFO] [1782985685.485057374] [controller_server]: Configuring controller interface
[controller_server-4] [INFO] [1782985685.487515081] [controller_server]: getting goal checker plugins..
[controller_server-4] [INFO] [1782985685.488128497] [controller_server]: Controller frequency set to 20.0000Hz
[controller_server-4] [INFO] [1782985685.488390580] [local_costmap.local_costmap]: Configuring
[lifecycle_manager-3] [INFO] [1782985685.537860167] [lifecycle_manager_localization]: Server amcl connected with bond.
[lifecycle_manager-3] [INFO] [1782985685.538033875] [lifecycle_manager_localization]: [34m[1mManaged nodes are active[0m[0m
[lifecycle_manager-3] [INFO] [1782985685.538097500] [lifecycle_manager_localization]: [34m[1mCreating bond timer...[0m[0m
[controller_server-4] [INFO] [1782985685.589806919] [local_costmap.local_costmap]: Using plugin "voxel_layer"
[controller_server-4] [INFO] [1782985685.625726892] [local_costmap.local_costmap]: Subscribed to Topics: scan
[controller_server-4] [INFO] [1782985685.886884859] [local_costmap.local_costmap]: Initialized plugin "voxel_layer"
[controller_server-4] [INFO] [1782985685.887063651] [local_costmap.local_costmap]: Using plugin "inflation_layer"
[controller_server-4] [INFO] [1782985685.921312083] [local_costmap.local_costmap]: Initialized plugin "inflation_layer"
[controller_server-4] [INFO] [1782985686.113995727] [controller_server]: Created progress_checker : progress_checker of type nav2_controller::SimpleProgressChecker
[controller_server-4] [INFO] [1782985686.128980466] [controller_server]: Created goal checker : general_goal_checker of type nav2_controller::SimpleGoalChecker
[controller_server-4] [INFO] [1782985686.130468548] [controller_server]: Controller Server has general_goal_checker  goal checkers available.
[controller_server-4] [INFO] [1782985686.144578954] [controller_server]: Created controller : FollowPath of type dwb_core::DWBLocalPlanner
[controller_server-4] [INFO] [1782985686.161429608] [controller_server]: Setting transform_tolerance to 0.200000
[controller_server-4] [INFO] [1782985686.327068190] [controller_server]: Using critic "RotateToGoal" (dwb_critics::RotateToGoalCritic)
[controller_server-4] [INFO] [1782985686.347608882] [controller_server]: Critic plugin initialized
[controller_server-4] [INFO] [1782985686.351110630] [controller_server]: Using critic "Oscillation" (dwb_critics::OscillationCritic)
[controller_server-4] [INFO] [1782985686.362314246] [controller_server]: Critic plugin initialized
[controller_server-4] [INFO] [1782985686.366302826] [controller_server]: Using critic "BaseObstacle" (dwb_critics::BaseObstacleCritic)
[controller_server-4] [INFO] [1782985686.375176445] [controller_server]: Critic plugin initialized
[controller_server-4] [INFO] [1782985686.377138860] [controller_server]: Using critic "GoalAlign" (dwb_critics::GoalAlignCritic)
[controller_server-4] [INFO] [1782985686.385033687] [controller_server]: Critic plugin initialized
[controller_server-4] [INFO] [1782985686.387630018] [controller_server]: Using critic "PathAlign" (dwb_critics::PathAlignCritic)
[controller_server-4] [INFO] [1782985686.393546472] [controller_server]: Critic plugin initialized
[controller_server-4] [INFO] [1782985686.396265262] [controller_server]: Using critic "PathDist" (dwb_critics::PathDistCritic)
[controller_server-4] [INFO] [1782985686.399538509] [controller_server]: Critic plugin initialized
[controller_server-4] [INFO] [1782985686.401449091] [controller_server]: Using critic "GoalDist" (dwb_critics::GoalDistCritic)
[controller_server-4] [INFO] [1782985686.404783047] [controller_server]: Critic plugin initialized
[controller_server-4] [INFO] [1782985686.404958797] [controller_server]: Controller Server has FollowPath  controllers available.
[lifecycle_manager-11] [INFO] [1782985686.500368599] [lifecycle_manager_navigation]: [34m[1mConfiguring smoother_server[0m[0m
[smoother_server-5] [INFO] [1782985686.501996056] [smoother_server]: Configuring smoother server
[amcl-2] [WARN] [1782985686.618428384] [amcl]: AMCL cannot publish a pose or update the transform. Please set the initial pose...
[smoother_server-5] [INFO] [1782985686.636367037] [smoother_server]: Created smoother : simple_smoother of type nav2_smoother::SimpleSmoother
[smoother_server-5] [INFO] [1782985686.643637948] [smoother_server]: Smoother Server has simple_smoother  smoothers available.
[lifecycle_manager-11] [INFO] [1782985686.711526396] [lifecycle_manager_navigation]: [34m[1mConfiguring planner_server[0m[0m
[planner_server-6] [INFO] [1782985686.713065687] [planner_server]: Configuring
[planner_server-6] [INFO] [1782985686.713368020] [global_costmap.global_costmap]: Configuring
[planner_server-6] [INFO] [1782985686.814126026] [global_costmap.global_costmap]: Using plugin "static_layer"
[planner_server-6] [INFO] [1782985686.850390207] [global_costmap.global_costmap]: Subscribing to the map topic (/map) with transient local durability
[planner_server-6] [INFO] [1782985686.866610778] [global_costmap.global_costmap]: Initialized plugin "static_layer"
[planner_server-6] [INFO] [1782985686.866784069] [global_costmap.global_costmap]: Using plugin "obstacle_layer"
[planner_server-6] [INFO] [1782985686.880123434] [global_costmap.global_costmap]: Subscribed to Topics: scan
[planner_server-6] [INFO] [1782985686.951144296] [global_costmap.global_costmap]: Initialized plugin "obstacle_layer"
[planner_server-6] [INFO] [1782985686.951305255] [global_costmap.global_costmap]: Using plugin "inflation_layer"
[planner_server-6] [INFO] [1782985686.970325948] [global_costmap.global_costmap]: Initialized plugin "inflation_layer"
[planner_server-6] [INFO] [1782985687.111310508] [global_costmap.global_costmap]: StaticLayer: Resizing costmap to 151 X 182 at 0.050000 m/pix
[planner_server-6] [INFO] [1782985687.112679631] [planner_server]: Created global planner plugin GridBased of type nav2_navfn_planner/NavfnPlanner
[planner_server-6] [INFO] [1782985687.112847298] [planner_server]: Configuring plugin GridBased of type NavfnPlanner
[planner_server-6] [INFO] [1782985687.122533582] [planner_server]: Planner Server has GridBased  planners available.
[lifecycle_manager-11] [INFO] [1782985687.289761913] [lifecycle_manager_navigation]: [34m[1mConfiguring behavior_server[0m[0m
[behavior_server-7] [INFO] [1782985687.294835659] [behavior_server]: Configuring
[behavior_server-7] [INFO] [1782985687.413519902] [behavior_server]: Creating behavior plugin spin of type nav2_behaviors/Spin
[behavior_server-7] [INFO] [1782985687.417932773] [behavior_server]: Configuring spin
[behavior_server-7] [INFO] [1782985687.540543263] [behavior_server]: Creating behavior plugin backup of type nav2_behaviors/BackUp
[behavior_server-7] [INFO] [1782985687.546619509] [behavior_server]: Configuring backup
[behavior_server-7] [INFO] [1782985687.648110306] [behavior_server]: Creating behavior plugin drive_on_heading of type nav2_behaviors/DriveOnHeading
[behavior_server-7] [INFO] [1782985687.653615135] [behavior_server]: Configuring drive_on_heading
[behavior_server-7] [INFO] [1782985687.736837822] [behavior_server]: Creating behavior plugin assisted_teleop of type nav2_behaviors/AssistedTeleop
[behavior_server-7] [INFO] [1782985687.745645607] [behavior_server]: Configuring assisted_teleop
[behavior_server-7] [INFO] [1782985687.817495968] [behavior_server]: Creating behavior plugin wait of type nav2_behaviors/Wait
[behavior_server-7] [INFO] [1782985687.821942507] [behavior_server]: Configuring wait
[lifecycle_manager-11] [INFO] [1782985687.886408291] [lifecycle_manager_navigation]: [34m[1mConfiguring bt_navigator[0m[0m
[bt_navigator-8] [INFO] [1782985687.888130581] [bt_navigator]: Configuring
[lifecycle_manager-11] [INFO] [1782985688.556334863] [lifecycle_manager_navigation]: [34m[1mConfiguring waypoint_follower[0m[0m
[waypoint_follower-9] [INFO] [1782985688.559865318] [waypoint_follower]: Configuring
[amcl-2] [WARN] [1782985688.717023199] [amcl]: AMCL cannot publish a pose or update the transform. Please set the initial pose...
[waypoint_follower-9] [INFO] [1782985688.809798794] [waypoint_follower]: Created waypoint_task_executor : wait_at_waypoint of type nav2_waypoint_follower::WaitAtWaypoint
[lifecycle_manager-11] [INFO] [1782985688.820828453] [lifecycle_manager_navigation]: [34m[1mConfiguring velocity_smoother[0m[0m
[velocity_smoother-10] [INFO] [1782985688.822739493] [velocity_smoother]: Configuring velocity smoother
[lifecycle_manager-11] [INFO] [1782985688.858476507] [lifecycle_manager_navigation]: [34m[1mActivating controller_server[0m[0m
[controller_server-4] [INFO] [1782985688.859947423] [controller_server]: Activating
[controller_server-4] [INFO] [1782985688.860195006] [local_costmap.local_costmap]: Activating
[controller_server-4] [INFO] [1782985688.860335381] [local_costmap.local_costmap]: Checking transform
[controller_server-4] [INFO] [1782985688.860808880] [local_costmap.local_costmap]: start
[controller_server-4] [INFO] [1782985689.074330968] [controller_server]: Creating bond (controller_server) to lifecycle manager.
[lifecycle_manager-11] [INFO] [1782985689.212456654] [lifecycle_manager_navigation]: Server controller_server connected with bond.
[lifecycle_manager-11] [INFO] [1782985689.212644987] [lifecycle_manager_navigation]: [34m[1mActivating smoother_server[0m[0m
[smoother_server-5] [INFO] [1782985689.214145652] [smoother_server]: Activating
[smoother_server-5] [INFO] [1782985689.214322694] [smoother_server]: Creating bond (smoother_server) to lifecycle manager.
[lifecycle_manager-11] [INFO] [1782985689.353597004] [lifecycle_manager_navigation]: Server smoother_server connected with bond.
[lifecycle_manager-11] [INFO] [1782985689.353785754] [lifecycle_manager_navigation]: [34m[1mActivating planner_server[0m[0m
[planner_server-6] [INFO] [1782985689.355074670] [planner_server]: Activating
[planner_server-6] [INFO] [1782985689.355275211] [global_costmap.global_costmap]: Activating
[planner_server-6] [INFO] [1782985689.355345378] [global_costmap.global_costmap]: Checking transform
[planner_server-6] [INFO] [1782985689.355485378] [global_costmap.global_costmap]: Timed out waiting for transform from base_link to map to become available, tf error: Invalid frame ID "map" passed to canTransform argument target_frame - frame does not exist
[planner_server-6] [INFO] [1782985689.855593538] [global_costmap.global_costmap]: Timed out waiting for transform from base_link to map to become available, tf error: Invalid frame ID "map" passed to canTransform argument target_frame - frame does not exist
[planner_server-6] [INFO] [1782985690.355511198] [global_costmap.global_costmap]: Timed out waiting for transform from base_link to map to become available, tf error: Invalid frame ID "map" passed to canTransform argument target_frame - frame does not exist
[amcl-2] [WARN] [1782985690.814592473] [amcl]: AMCL cannot publish a pose or update the transform. Please set the initial pose...
[planner_server-6] [INFO] [1782985690.855508650] [global_costmap.global_costmap]: Timed out waiting for transform from base_link to map to become available, tf error: Invalid frame ID "map" passed to canTransform argument target_frame - frame does not exist
[planner_server-6] [INFO] [1782985691.355575894] [global_costmap.global_costmap]: Timed out waiting for transform from base_link to map to become available, tf error: Invalid frame ID "map" passed to canTransform argument target_frame - frame does not exist
[planner_server-6] [INFO] [1782985691.855515387] [global_costmap.global_costmap]: Timed out waiting for transform from base_link to map to become available, tf error: Invalid frame ID "map" passed to canTransform argument target_frame - frame does not exist
[planner_server-6] [INFO] [1782985692.355510214] [global_costmap.global_costmap]: Timed out waiting for transform from base_link to map to become available, tf error: Invalid frame ID "map" passed to canTransform argument target_frame - frame does not exist
[planner_server-6] [INFO] [1782985692.855531999] [global_costmap.global_costmap]: Timed out waiting for transform from base_link to map to become available, tf error: Invalid frame ID "map" passed to canTransform argument target_frame - frame does not exist
[amcl-2] [WARN] [1782985692.911449665] [amcl]: AMCL cannot publish a pose or update the transform. Please set the initial pose...
[planner_server-6] [INFO] [1782985693.355513035] [global_costmap.global_costmap]: Timed out waiting for transform from base_link to map to become available, tf error: Invalid frame ID "map" passed to canTransform argument target_frame - frame does not exist
[planner_server-6] [INFO] [1782985693.855519112] [global_costmap.global_costmap]: Timed out waiting for transform from base_link to map to become available, tf error: Invalid frame ID "map" passed to canTransform argument target_frame - frame does not exist
[planner_server-6] [INFO] [1782985694.355506897] [global_costmap.global_costmap]: Timed out waiting for transform from base_link to map to become available, tf error: Invalid frame ID "map" passed to canTransform argument target_frame - frame does not exist
[planner_server-6] [INFO] [1782985694.855510933] [global_costmap.global_costmap]: Timed out waiting for transform from base_link to map to become available, tf error: Invalid frame ID "map" passed to canTransform argument target_frame - frame does not exist
[amcl-2] [WARN] [1782985695.009341274] [amcl]: AMCL cannot publish a pose or update the transform. Please set the initial pose...
[planner_server-6] [INFO] [1782985695.355527260] [global_costmap.global_costmap]: Timed out waiting for transform from base_link to map to become available, tf error: Invalid frame ID "map" passed to canTransform argument target_frame - frame does not exist
[planner_server-6] [INFO] [1782985695.855519587] [global_costmap.global_costmap]: Timed out waiting for transform from base_link to map to become available, tf error: Invalid frame ID "map" passed to canTransform argument target_frame - frame does not exist
[planner_server-6] [INFO] [1782985696.355516081] [global_costmap.global_costmap]: Timed out waiting for transform from base_link to map to become available, tf error: Invalid frame ID "map" passed to canTransform argument target_frame - frame does not exist
[planner_server-6] [INFO] [1782985696.855505617] [global_costmap.global_costmap]: Timed out waiting for transform from base_link to map to become available, tf error: Invalid frame ID "map" passed to canTransform argument target_frame - frame does not exist
[amcl-2] [WARN] [1782985697.012031664] [amcl]: AMCL cannot publish a pose or update the transform. Please set the initial pose...
[planner_server-6] [INFO] [1782985697.355525485] [global_costmap.global_costmap]: Timed out waiting for transform from base_link to map to become available, tf error: Invalid frame ID "map" passed to canTransform argument target_frame - frame does not exist
[planner_server-6] [INFO] [1782985697.855504771] [global_costmap.global_costmap]: Timed out waiting for transform from base_link to map to become available, tf error: Invalid frame ID "map" passed to canTransform argument target_frame - frame does not exist
[planner_server-6] [INFO] [1782985698.355504973] [global_costmap.global_costmap]: Timed out waiting for transform from base_link to map to become available, tf error: Invalid frame ID "map" passed to canTransform argument target_frame - frame does not exist
[planner_server-6] [INFO] [1782985698.855614176] [global_costmap.global_costmap]: Timed out waiting for transform from base_link to map to become available, tf error: Invalid frame ID "map" passed to canTransform argument target_frame - frame does not exist
[amcl-2] [WARN] [1782985699.012293431] [amcl]: AMCL cannot publish a pose or update the transform. Please set the initial pose...
[planner_server-6] [INFO] [1782985699.355867628] [global_costmap.global_costmap]: Timed out waiting for transform from base_link to map to become available, tf error: Invalid frame ID "map" passed to canTransform argument target_frame - frame does not exist
[planner_server-6] [INFO] [1782985699.855563914] [global_costmap.global_costmap]: Timed out waiting for transform from base_link to map to become available, tf error: Invalid frame ID "map" passed to canTransform argument target_frame - frame does not exist
[planner_server-6] [INFO] [1782985700.355547241] [global_costmap.global_costmap]: Timed out waiting for transform from base_link to map to become available, tf error: Invalid frame ID "map" passed to canTransform argument target_frame - frame does not exist
[planner_server-6] [INFO] [1782985700.855530402] [global_costmap.global_costmap]: Timed out waiting for transform from base_link to map to become available, tf error: Invalid frame ID "map" passed to canTransform argument target_frame - frame does not exist
[amcl-2] [WARN] [1782985701.108974418] [amcl]: AMCL cannot publish a pose or update the transform. Please set the initial pose...
[planner_server-6] [INFO] [1782985701.355512855] [global_costmap.global_costmap]: Timed out waiting for transform from base_link to map to become available, tf error: Invalid frame ID "map" passed to canTransform argument target_frame - frame does not exist
[planner_server-6] [INFO] [1782985701.855521141] [global_costmap.global_costmap]: Timed out waiting for transform from base_link to map to become available, tf error: Invalid frame ID "map" passed to canTransform argument target_frame - frame does not exist
[planner_server-6] [INFO] [1782985702.355497510] [global_costmap.global_costmap]: Timed out waiting for transform from base_link to map to become available, tf error: Invalid frame ID "map" passed to canTransform argument target_frame - frame does not exist
[planner_server-6] [INFO] [1782985702.855530004] [global_costmap.global_costmap]: Timed out waiting for transform from base_link to map to become available, tf error: Invalid frame ID "map" passed to canTransform argument target_frame - frame does not exist
[amcl-2] [WARN] [1782985703.203026698] [amcl]: AMCL cannot publish a pose or update the transform. Please set the initial pose...
[planner_server-6] [INFO] [1782985703.355508207] [global_costmap.global_costmap]: Timed out waiting for transform from base_link to map to become available, tf error: Invalid frame ID "map" passed to canTransform argument target_frame - frame does not exist
[planner_server-6] [INFO] [1782985703.856080701] [global_costmap.global_costmap]: Timed out waiting for transform from base_link to map to become available, tf error: Invalid frame ID "map" passed to canTransform argument target_frame - frame does not exist
[planner_server-6] [INFO] [1782985704.355490237] [global_costmap.global_costmap]: Timed out waiting for transform from base_link to map to become available, tf error: Invalid frame ID "map" passed to canTransform argument target_frame - frame does not exist
[planner_server-6] [INFO] [1782985704.855560315] [global_costmap.global_costmap]: Timed out waiting for transform from base_link to map to become available, tf error: Invalid frame ID "map" passed to canTransform argument target_frame - frame does not exist
[amcl-2] [WARN] [1782985705.206122757] [amcl]: AMCL cannot publish a pose or update the transform. Please set the initial pose...
[planner_server-6] [INFO] [1782985705.355501893] [global_costmap.global_costmap]: Timed out waiting for transform from base_link to map to become available, tf error: Invalid frame ID "map" passed to canTransform argument target_frame - frame does not exist
[planner_server-6] [INFO] [1782985705.855509679] [global_costmap.global_costmap]: Timed out waiting for transform from base_link to map to become available, tf error: Invalid frame ID "map" passed to canTransform argument target_frame - frame does not exist
[planner_server-6] [INFO] [1782985706.355512257] [global_costmap.global_costmap]: Timed out waiting for transform from base_link to map to become available, tf error: Invalid frame ID "map" passed to canTransform argument target_frame - frame does not exist
[amcl-2] [INFO] [1782985706.533812080] [amcl]: initialPoseReceived
[amcl-2] [WARN] [1782985706.534758537] [amcl]: Failed to transform initial pose in time (Lookup would require extrapolation into the future.  Requested time 1782985706.534019 but the latest data is at time 1782985706.484714, when looking up transform from frame [base_link] to frame [odom])
[amcl-2] [INFO] [1782985706.534931995] [amcl]: Setting pose (1782985706.534928): 0.000 0.000 0.000
[planner_server-6] [INFO] [1782985706.855857793] [global_costmap.global_costmap]: Timed out waiting for transform from base_link to map to become available, tf error: Lookup would require extrapolation into the past.  Requested time 1782985706.754930 but the earliest data is at time 1782985707.505823, when looking up transform from frame [base_link] to frame [map]
[amcl-2] [INFO] [1782985707.088464824] [amcl]: initialPoseReceived
[amcl-2] [WARN] [1782985707.088835407] [amcl]: Failed to transform initial pose in time (Lookup would require extrapolation into the past.  Requested time 1782985707.088659 but the earliest data is at time 1782985707.505823, when looking up transform from frame [base_link] to frame [odom])
[amcl-2] [INFO] [1782985707.097753525] [amcl]: Setting pose (1782985707.097750): 0.000 0.000 0.000
[planner_server-6] [INFO] [1782985707.355721288] [global_costmap.global_costmap]: Timed out waiting for transform from base_link to map to become available, tf error: Lookup would require extrapolation into the past.  Requested time 1782985707.333334 but the earliest data is at time 1782985707.505823, when looking up transform from frame [base_link] to frame [map]
[amcl-2] [INFO] [1782985707.748108572] [amcl]: initialPoseReceived
[amcl-2] [WARN] [1782985707.748416280] [amcl]: Failed to transform initial pose in time (Lookup would require extrapolation into the future.  Requested time 1782985707.748264 but the latest data is at time 1782985707.719755, when looking up transform from frame [base_link] to frame [odom])
[amcl-2] [INFO] [1782985707.748507447] [amcl]: Setting pose (1782985707.748504): 0.000 0.000 0.000
[planner_server-6] [INFO] [1782985707.855722032] [global_costmap.global_costmap]: start
[amcl-2] [INFO] [1782985708.399574327] [amcl]: initialPoseReceived
[amcl-2] [WARN] [1782985708.399898327] [amcl]: Failed to transform initial pose in time (Lookup would require extrapolation into the future.  Requested time 1782985708.399742 but the latest data is at time 1782985708.383450, when looking up transform from frame [base_link] to frame [odom])
[amcl-2] [INFO] [1782985708.399973243] [amcl]: Setting pose (1782985708.399971): 0.000 0.000 0.000
[planner_server-6] [INFO] [1782985708.866356430] [planner_server]: Activating plugin GridBased of type NavfnPlanner
[planner_server-6] [INFO] [1782985708.873745758] [planner_server]: Creating bond (planner_server) to lifecycle manager.
[lifecycle_manager-11] [INFO] [1782985708.999994120] [lifecycle_manager_navigation]: Server planner_server connected with bond.
[lifecycle_manager-11] [INFO] [1782985709.000184578] [lifecycle_manager_navigation]: [34m[1mActivating behavior_server[0m[0m
[behavior_server-7] [INFO] [1782985709.002215618] [behavior_server]: Activating
[behavior_server-7] [INFO] [1782985709.002395243] [behavior_server]: Activating spin
[behavior_server-7] [INFO] [1782985709.002491785] [behavior_server]: Activating backup
[behavior_server-7] [INFO] [1782985709.002557535] [behavior_server]: Activating drive_on_heading
[behavior_server-7] [INFO] [1782985709.002612285] [behavior_server]: Activating assisted_teleop
[behavior_server-7] [INFO] [1782985709.002661910] [behavior_server]: Activating wait
[behavior_server-7] [INFO] [1782985709.002728118] [behavior_server]: Creating bond (behavior_server) to lifecycle manager.
[amcl-2] [INFO] [1782985709.035490718] [amcl]: initialPoseReceived
[amcl-2] [WARN] [1782985709.035822593] [amcl]: Failed to transform initial pose in time (Lookup would require extrapolation into the future.  Requested time 1782985709.035664 but the latest data is at time 1782985709.017666, when looking up transform from frame [base_link] to frame [odom])
[amcl-2] [INFO] [1782985709.035912176] [amcl]: Setting pose (1782985709.035910): 0.000 0.000 0.000
[lifecycle_manager-11] [INFO] [1782985709.127863231] [lifecycle_manager_navigation]: Server behavior_server connected with bond.
[lifecycle_manager-11] [INFO] [1782985709.128013773] [lifecycle_manager_navigation]: [34m[1mActivating bt_navigator[0m[0m
[bt_navigator-8] [INFO] [1782985709.129708938] [bt_navigator]: Activating
[amcl-2] [INFO] [1782985709.686157723] [amcl]: initialPoseReceived
[amcl-2] [WARN] [1782985709.688602180] [amcl]: Failed to transform initial pose in time (Lookup would require extrapolation into the future.  Requested time 1782985709.688421 but the latest data is at time 1782985709.684674, when looking up transform from frame [base_link] to frame [odom])
[amcl-2] [INFO] [1782985709.688761013] [amcl]: Setting pose (1782985709.688757): 0.000 0.000 0.000
[bt_navigator-8] [INFO] [1782985709.751258299] [bt_navigator]: Creating bond (bt_navigator) to lifecycle manager.
[lifecycle_manager-11] [INFO] [1782985709.874544288] [lifecycle_manager_navigation]: Server bt_navigator connected with bond.
[lifecycle_manager-11] [INFO] [1782985709.874692163] [lifecycle_manager_navigation]: [34m[1mActivating waypoint_follower[0m[0m
[waypoint_follower-9] [INFO] [1782985709.877109078] [waypoint_follower]: Activating
[waypoint_follower-9] [INFO] [1782985709.877299120] [waypoint_follower]: Creating bond (waypoint_follower) to lifecycle manager.
[lifecycle_manager-11] [INFO] [1782985710.006761938] [lifecycle_manager_navigation]: Server waypoint_follower connected with bond.
[lifecycle_manager-11] [INFO] [1782985710.006970563] [lifecycle_manager_navigation]: [34m[1mActivating velocity_smoother[0m[0m
[velocity_smoother-10] [INFO] [1782985710.010659518] [velocity_smoother]: Activating
[velocity_smoother-10] [INFO] [1782985710.010987226] [velocity_smoother]: Creating bond (velocity_smoother) to lifecycle manager.
[lifecycle_manager-11] [INFO] [1782985710.136975630] [lifecycle_manager_navigation]: Server velocity_smoother connected with bond.
[lifecycle_manager-11] [INFO] [1782985710.137137464] [lifecycle_manager_navigation]: [34m[1mManaged nodes are active[0m[0m
[lifecycle_manager-11] [INFO] [1782985710.137194797] [lifecycle_manager_navigation]: [34m[1mCreating bond timer...[0m[0m
[planner_server-6] [INFO] [1782985848.044462420] [global_costmap.global_costmap]: Message Filter dropping message: frame 'laser' at time 1782985847.612 for reason 'the timestamp on the message is earlier than all the data in the transform cache'
[controller_server-4] [INFO] [1782985868.817569759] [local_costmap.local_costmap]: Message Filter dropping message: frame 'laser' at time 1782985868.397 for reason 'the timestamp on the message is earlier than all the data in the transform cache'
[planner_server-6] [INFO] [1782985868.835336746] [global_costmap.global_costmap]: Message Filter dropping message: frame 'laser' at time 1782985868.397 for reason 'the timestamp on the message is earlier than all the data in the transform cache'
[bt_navigator-8] [INFO] [1782985916.054521998] [bt_navigator]: Begin navigating from current location (0.00, 0.04) to (0.60, 0.00)
[bt_navigator-8] [WARN] [1782985916.084786143] [BehaviorTreeEngine]: Behavior Tree tick rate 100.00 was exceeded!
[bt_navigator-8] [WARN] [1782985916.117859368] [BehaviorTreeEngine]: Behavior Tree tick rate 100.00 was exceeded!
[bt_navigator-8] [WARN] [1782985916.127143861] [BehaviorTreeEngine]: Behavior Tree tick rate 100.00 was exceeded!
[controller_server-4] [INFO] [1782985916.131152192] [controller_server]: Received a goal, begin computing control effort.
[controller_server-4] [WARN] [1782985916.132349899] [controller_server]: No goal checker was specified in parameter 'current_goal_checker'. Server will use only plugin loaded general_goal_checker . This warning will appear once.
[bt_navigator-8] [WARN] [1782985916.576853364] [BehaviorTreeEngine]: Behavior Tree tick rate 100.00 was exceeded!
[controller_server-4] [WARN] [1782985916.584170901] [controller_server]: Control loop missed its desired rate of 20.0000Hz
[bt_navigator-8] [WARN] [1782985916.664112050] [BehaviorTreeEngine]: Behavior Tree tick rate 100.00 was exceeded!
[bt_navigator-8] [WARN] [1782985916.716610345] [BehaviorTreeEngine]: Behavior Tree tick rate 100.00 was exceeded!
[bt_navigator-8] [WARN] [1782985916.720675467] [BehaviorTreeEngine]: Behavior Tree tick rate 100.00 was exceeded!
[bt_navigator-8] [WARN] [1782985916.731010376] [BehaviorTreeEngine]: Behavior Tree tick rate 100.00 was exceeded!
[bt_navigator-8] [WARN] [1782985916.749145946] [BehaviorTreeEngine]: Behavior Tree tick rate 100.00 was exceeded!
[bt_navigator-8] [WARN] [1782985916.796580620] [BehaviorTreeEngine]: Behavior Tree tick rate 100.00 was exceeded!
[controller_server-4] [WARN] [1782985916.878398101] [controller_server]: Control loop missed its desired rate of 20.0000Hz
[bt_navigator-8] [WARN] [1782985916.926136983] [BehaviorTreeEngine]: Behavior Tree tick rate 100.00 was exceeded!
[bt_navigator-8] [WARN] [1782985917.080465661] [BehaviorTreeEngine]: Behavior Tree tick rate 100.00 was exceeded!
[controller_server-4] [WARN] [1782985917.118278967] [controller_server]: Control loop missed its desired rate of 20.0000Hz
[bt_navigator-8] [WARN] [1782985917.138102160] [BehaviorTreeEngine]: Behavior Tree tick rate 100.00 was exceeded!
[bt_navigator-8] [WARN] [1782985917.147946528] [BehaviorTreeEngine]: Behavior Tree tick rate 100.00 was exceeded!
[bt_navigator-8] [WARN] [1782985917.180298296] [BehaviorTreeEngine]: Behavior Tree tick rate 100.00 was exceeded!
[controller_server-4] [INFO] [1782985917.209116733] [controller_server]: Passing new path to controller.
[controller_server-4] [WARN] [1782985917.428995113] [controller_server]: Control loop missed its desired rate of 20.0000Hz
[controller_server-4] [WARN] [1782985917.586257373] [controller_server]: Control loop missed its desired rate of 20.0000Hz
[controller_server-4] [WARN] [1782985917.774271401] [controller_server]: Control loop missed its desired rate of 20.0000Hz
[bt_navigator-8] [WARN] [1782985917.847944097] [BehaviorTreeEngine]: Behavior Tree tick rate 100.00 was exceeded!
[controller_server-4] [INFO] [1782985918.220515032] [controller_server]: Passing new path to controller.
[controller_server-4] [WARN] [1782985918.425203173] [controller_server]: Control loop missed its desired rate of 20.0000Hz
[controller_server-4] [WARN] [1782985918.471615056] [controller_server]: Control loop missed its desired rate of 20.0000Hz
[controller_server-4] [ERROR] [1782985918.567079486] [DWBLocalPlanner]: No valid trajectories out of 420! 
[controller_server-4] [ERROR] [1782985918.567907110] [DWBLocalPlanner]: 1.00: BaseObstacle/Trajectory Hits Obstacle.
[controller_server-4] [WARN] [1782985918.574184814] [controller_server]: No valid trajectories out of 420! 
[controller_server-4] [WARN] [1782985918.575761271] [controller_server]: Control loop missed its desired rate of 20.0000Hz
[controller_server-4] [ERROR] [1782985918.612792827] [DWBLocalPlanner]: No valid trajectories out of 420! 
[controller_server-4] [ERROR] [1782985918.616207950] [DWBLocalPlanner]: 1.00: BaseObstacle/Trajectory Hits Obstacle.
[controller_server-4] [WARN] [1782985918.622948653] [controller_server]: No valid trajectories out of 420! 
[controller_server-4] [WARN] [1782985918.623773277] [controller_server]: Control loop missed its desired rate of 20.0000Hz
[controller_server-4] [ERROR] [1782985918.661524083] [DWBLocalPlanner]: No valid trajectories out of 420! 
[controller_server-4] [ERROR] [1782985918.661631083] [DWBLocalPlanner]: 1.00: BaseObstacle/Trajectory Hits Obstacle.
[controller_server-4] [WARN] [1782985918.662560166] [controller_server]: No valid trajectories out of 420! 
[controller_server-4] [ERROR] [1782985918.706209259] [DWBLocalPlanner]: No valid trajectories out of 420! 
[controller_server-4] [ERROR] [1782985918.706355758] [DWBLocalPlanner]: 1.00: BaseObstacle/Trajectory Hits Obstacle.
[controller_server-4] [WARN] [1782985918.707424633] [controller_server]: No valid trajectories out of 420! 
[controller_server-4] [ERROR] [1782985918.763036175] [DWBLocalPlanner]: No valid trajectories out of 420! 
[controller_server-4] [ERROR] [1782985918.765299548] [DWBLocalPlanner]: 1.00: BaseObstacle/Trajectory Hits Obstacle.
[controller_server-4] [WARN] [1782985918.766516839] [controller_server]: No valid trajectories out of 420! 
[controller_server-4] [ERROR] [1782985918.800067023] [DWBLocalPlanner]: No valid trajectories out of 420! 
[controller_server-4] [ERROR] [1782985918.800167315] [DWBLocalPlanner]: 1.00: BaseObstacle/Trajectory Hits Obstacle.
[controller_server-4] [WARN] [1782985918.801089772] [controller_server]: No valid trajectories out of 420! 
[controller_server-4] [ERROR] [1782985918.853646984] [DWBLocalPlanner]: No valid trajectories out of 420! 
[controller_server-4] [ERROR] [1782985918.855234441] [DWBLocalPlanner]: 1.00: BaseObstacle/Trajectory Hits Obstacle.
[controller_server-4] [WARN] [1782985918.861908436] [controller_server]: No valid trajectories out of 420! 
[controller_server-4] [ERROR] [1782985918.865281433] [controller_server]: Controller patience exceeded
[controller_server-4] [WARN] [1782985918.867772890] [controller_server]: [follow_path] [ActionServer] Aborting handle.
[controller_server-4] [INFO] [1782985918.887567250] [local_costmap.local_costmap]: Received request to clear entirely the local_costmap
[controller_server-4] [INFO] [1782985918.892964163] [controller_server]: Received a goal, begin computing control effort.
[controller_server-4] [WARN] [1782985919.099413011] [controller_server]: Control loop missed its desired rate of 20.0000Hz
[controller_server-4] [INFO] [1782985919.250550484] [controller_server]: Passing new path to controller.
[controller_server-4] [ERROR] [1782985919.320777682] [DWBLocalPlanner]: No valid trajectories out of 420! 
[controller_server-4] [ERROR] [1782985919.322564014] [DWBLocalPlanner]: 1.00: BaseObstacle/Trajectory Hits Obstacle.
[controller_server-4] [WARN] [1782985919.324888054] [controller_server]: No valid trajectories out of 420! 
[controller_server-4] [WARN] [1782985919.327111886] [controller_server]: Control loop missed its desired rate of 20.0000Hz
[controller_server-4] [ERROR] [1782985919.372035895] [DWBLocalPlanner]: No valid trajectories out of 420! 
[controller_server-4] [ERROR] [1782985919.372141478] [DWBLocalPlanner]: 1.00: BaseObstacle/Trajectory Hits Obstacle.
[controller_server-4] [WARN] [1782985919.373130102] [controller_server]: No valid trajectories out of 420! 
[controller_server-4] [WARN] [1782985919.374202935] [controller_server]: Control loop missed its desired rate of 20.0000Hz
[controller_server-4] [ERROR] [1782985919.418670319] [DWBLocalPlanner]: No valid trajectories out of 420! 
[controller_server-4] [ERROR] [1782985919.418785194] [DWBLocalPlanner]: 1.00: BaseObstacle/Trajectory Hits Obstacle.
[controller_server-4] [WARN] [1782985919.419601110] [controller_server]: No valid trajectories out of 420! 
[controller_server-4] [WARN] [1782985919.420115901] [controller_server]: Control loop missed its desired rate of 20.0000Hz
[controller_server-4] [ERROR] [1782985919.464505577] [DWBLocalPlanner]: No valid trajectories out of 420! 
[controller_server-4] [ERROR] [1782985919.464610452] [DWBLocalPlanner]: 1.00: BaseObstacle/Trajectory Hits Obstacle.
[controller_server-4] [WARN] [1782985919.465460576] [controller_server]: No valid trajectories out of 420! 
[controller_server-4] [WARN] [1782985919.466720117] [controller_server]: Control loop missed its desired rate of 20.0000Hz
[controller_server-4] [INFO] [1782985920.300244505] [controller_server]: Passing new path to controller.
[controller_server-4] [WARN] [1782985920.513523598] [controller_server]: Control loop missed its desired rate of 20.0000Hz
[controller_server-4] [ERROR] [1782985920.547185323] [DWBLocalPlanner]: No valid trajectories out of 420! 
[controller_server-4] [ERROR] [1782985920.551205029] [DWBLocalPlanner]: 1.00: RotateToGoal/Not slowing down near goal.
[controller_server-4] [WARN] [1782985920.556524941] [controller_server]: No valid trajectories out of 420! 
[controller_server-4] [WARN] [1782985920.561625146] [controller_server]: Control loop missed its desired rate of 20.0000Hz
[controller_server-4] [ERROR] [1782985920.595177163] [DWBLocalPlanner]: No valid trajectories out of 420! 
[controller_server-4] [ERROR] [1782985920.599282702] [DWBLocalPlanner]: 1.00: RotateToGoal/Not slowing down near goal.
[controller_server-4] [WARN] [1782985920.600911576] [controller_server]: No valid trajectories out of 420! 
[controller_server-4] [WARN] [1782985920.602878241] [controller_server]: Control loop missed its desired rate of 20.0000Hz
[controller_server-4] [ERROR] [1782985920.663849113] [DWBLocalPlanner]: No valid trajectories out of 420! 
[controller_server-4] [ERROR] [1782985920.663963113] [DWBLocalPlanner]: 1.00: RotateToGoal/Not slowing down near goal.
[controller_server-4] [WARN] [1782985920.665119237] [controller_server]: No valid trajectories out of 420! 
[controller_server-4] [WARN] [1782985920.666931360] [controller_server]: Control loop missed its desired rate of 20.0000Hz
[controller_server-4] [ERROR] [1782985920.715160117] [DWBLocalPlanner]: No valid trajectories out of 420! 
[controller_server-4] [ERROR] [1782985920.718324781] [DWBLocalPlanner]: 1.00: RotateToGoal/Not slowing down near goal.
[controller_server-4] [WARN] [1782985920.722794486] [controller_server]: No valid trajectories out of 420! 
[controller_server-4] [WARN] [1782985920.729302731] [controller_server]: Control loop missed its desired rate of 20.0000Hz
[controller_server-4] [ERROR] [1782985920.772664241] [DWBLocalPlanner]: No valid trajectories out of 420! 
[controller_server-4] [ERROR] [1782985920.772773699] [DWBLocalPlanner]: 1.00: RotateToGoal/Not slowing down near goal.
[controller_server-4] [WARN] [1782985920.776575488] [controller_server]: No valid trajectories out of 420! 
[controller_server-4] [WARN] [1782985920.778213654] [controller_server]: Control loop missed its desired rate of 20.0000Hz
[controller_server-4] [ERROR] [1782985920.819699373] [DWBLocalPlanner]: No valid trajectories out of 420! 
[controller_server-4] [ERROR] [1782985920.819806373] [DWBLocalPlanner]: 1.00: RotateToGoal/Not slowing down near goal.
[controller_server-4] [WARN] [1782985920.823360954] [controller_server]: No valid trajectories out of 420! 
[controller_server-4] [ERROR] [1782985920.823598162] [controller_server]: Controller patience exceeded
[controller_server-4] [WARN] [1782985920.824660245] [controller_server]: [follow_path] [ActionServer] Aborting handle.
[controller_server-4] [INFO] [1782985920.867209797] [local_costmap.local_costmap]: Received request to clear entirely the local_costmap
[planner_server-6] [INFO] [1782985920.888667864] [global_costmap.global_costmap]: Received request to clear entirely the global_costmap
[planner_server-6] [WARN] [1782985921.870966893] [planner_server]: Planner loop missed its desired rate of 20.0000 Hz. Current loop rate is 1.0290 Hz
[controller_server-4] [INFO] [1782985921.887417173] [controller_server]: Received a goal, begin computing control effort.
[bt_navigator-8] [WARN] [1782985921.950846626] [BehaviorTreeEngine]: Behavior Tree tick rate 100.00 was exceeded!
[controller_server-4] [ERROR] [1782985922.538116237] [DWBLocalPlanner]: No valid trajectories out of 420! 
[controller_server-4] [ERROR] [1782985922.538248028] [DWBLocalPlanner]: 1.00: BaseObstacle/Trajectory Hits Obstacle.
[controller_server-4] [WARN] [1782985922.542525692] [controller_server]: No valid trajectories out of 420! 
[controller_server-4] [WARN] [1782985922.543189191] [controller_server]: Control loop missed its desired rate of 20.0000Hz
[controller_server-4] [ERROR] [1782985922.581033997] [DWBLocalPlanner]: No valid trajectories out of 420! 
[controller_server-4] [ERROR] [1782985922.581142164] [DWBLocalPlanner]: 1.00: BaseObstacle/Trajectory Hits Obstacle.
[controller_server-4] [WARN] [1782985922.582590787] [controller_server]: No valid trajectories out of 420! 
[controller_server-4] [ERROR] [1782985922.628763212] [DWBLocalPlanner]: No valid trajectories out of 420! 
[controller_server-4] [ERROR] [1782985922.632116084] [DWBLocalPlanner]: 1.00: BaseObstacle/Trajectory Hits Obstacle.
[controller_server-4] [WARN] [1782985922.634322416] [controller_server]: No valid trajectories out of 420! 
[controller_server-4] [INFO] [1782985922.938780068] [controller_server]: Passing new path to controller.
[controller_server-4] [WARN] [1782985923.900458570] [controller_server]: Control loop missed its desired rate of 20.0000Hz
[controller_server-4] [ERROR] [1782985923.936151961] [DWBLocalPlanner]: No valid trajectories out of 420! 
[controller_server-4] [ERROR] [1782985923.941827873] [DWBLocalPlanner]: 1.00: BaseObstacle/Trajectory Hits Obstacle.
[controller_server-4] [WARN] [1782985923.947038703] [controller_server]: No valid trajectories out of 420! 
[controller_server-4] [WARN] [1782985923.953942656] [controller_server]: Control loop missed its desired rate of 20.0000Hz
[controller_server-4] [INFO] [1782985923.957931111] [controller_server]: Passing new path to controller.
[controller_server-4] [ERROR] [1782985923.998953706] [DWBLocalPlanner]: No valid trajectories out of 420! 
[controller_server-4] [ERROR] [1782985923.999067831] [DWBLocalPlanner]: 1.00: RotateToGoal/Not slowing down near goal.
[controller_server-4] [WARN] [1782985924.000104705] [controller_server]: No valid trajectories out of 420! 
[controller_server-4] [INFO] [1782985924.001344788] [controller_server]: Reached the goal!
[bt_navigator-8] [INFO] [1782985924.037035095] [bt_navigator]: Goal succeeded
