[INFO] [1783064176.847153546] [simple_scan_filter]: filter /scan -> /scan_filtered, keep=[0.18, 4.00], isolated_window=2, isolated_delta=0.25, min_support_neighbors=1
[INFO] [1783064190.593766185] [simple_scan_filter]: scan stats: n=404, zeros=85, nan=0, inf=0, finite_raw=319, finite_out=240, removed_isolated=5
[INFO] [1783064195.588618435] [simple_scan_filter]: scan stats: n=404, zeros=87, nan=0, inf=0, finite_raw=317, finite_out=235, removed_isolated=5
[INFO] [1783064200.598113393] [simple_scan_filter]: scan stats: n=404, zeros=84, nan=0, inf=0, finite_raw=320, finite_out=233, removed_isolated=5
[INFO] [1783064205.591422050] [simple_scan_filter]: scan stats: n=404, zeros=83, nan=0, inf=0, finite_raw=321, finite_out=235, removed_isolated=5
[INFO] [1783064210.592157746] [simple_scan_filter]: scan stats: n=404, zeros=88, nan=0, inf=0, finite_raw=316, finite_out=233, removed_isolated=7
[INFO] [1783064215.584246144] [simple_scan_filter]: scan stats: n=404, zeros=77, nan=0, inf=0, finite_raw=327, finite_out=239, removed_isolated=4
[INFO] [1783064220.587972124] [simple_scan_filter]: scan stats: n=404, zeros=93, nan=0, inf=0, finite_raw=311, finite_out=230, removed_isolated=6
[INFO] [1783064225.572376719] [simple_scan_filter]: scan stats: n=404, zeros=85, nan=0, inf=0, finite_raw=319, finite_out=232, removed_isolated=8
[INFO] [1783064230.585583651] [simple_scan_filter]: scan stats: n=404, zeros=80, nan=0, inf=0, finite_raw=324, finite_out=242, removed_isolated=3
[INFO] [1783064235.566022570] [simple_scan_filter]: scan stats: n=404, zeros=89, nan=0, inf=0, finite_raw=315, finite_out=228, removed_isolated=8
[INFO] [1783064240.562853488] [simple_scan_filter]: scan stats: n=404, zeros=82, nan=0, inf=0, finite_raw=322, finite_out=235, removed_isolated=5
[INFO] [1783064245.559838486] [simple_scan_filter]: scan stats: n=404, zeros=88, nan=0, inf=0, finite_raw=316, finite_out=239, removed_isolated=6
[INFO] [1783064250.558312980] [simple_scan_filter]: scan stats: n=404, zeros=86, nan=0, inf=0, finite_raw=318, finite_out=239, removed_isolated=5
Traceback (most recent call last):
  File "/root/rdk_x5_vln_robot/ros2_bridge/simple_scan_filter.py", line 197, in <module>
    main()
  File "/root/rdk_x5_vln_robot/ros2_bridge/simple_scan_filter.py", line 191, in main
    rclpy.spin(node)
  File "/opt/ros/humble/local/lib/python3.10/dist-packages/rclpy/__init__.py", line 229, in spin
    executor.spin_once()
  File "/opt/ros/humble/local/lib/python3.10/dist-packages/rclpy/executors.py", line 751, in spin_once
    self._spin_once_impl(timeout_sec)
  File "/opt/ros/humble/local/lib/python3.10/dist-packages/rclpy/executors.py", line 740, in _spin_once_impl
    handler, entity, node = self.wait_for_ready_callbacks(timeout_sec=timeout_sec)
  File "/opt/ros/humble/local/lib/python3.10/dist-packages/rclpy/executors.py", line 723, in wait_for_ready_callbacks
    return next(self._cb_iter)
  File "/opt/ros/humble/local/lib/python3.10/dist-packages/rclpy/executors.py", line 624, in _wait_for_ready_callbacks
    raise ExternalShutdownException()
rclpy.executors.ExternalShutdownException
