[INFO] [1783231764.333276949] [simple_scan_filter]: filter /scan -> /scan_filtered, keep=[0.22, 4.00], isolated_window=2, isolated_delta=0.25, min_support_neighbors=1
[INFO] [1783231777.949298789] [simple_scan_filter]: scan stats: n=404, zeros=105, nan=0, inf=0, finite_raw=299, finite_out=235, removed_isolated=3
[INFO] [1783231782.938794110] [simple_scan_filter]: scan stats: n=404, zeros=105, nan=0, inf=0, finite_raw=299, finite_out=233, removed_isolated=4
[INFO] [1783231788.039257794] [simple_scan_filter]: scan stats: n=404, zeros=105, nan=0, inf=0, finite_raw=299, finite_out=239, removed_isolated=2
[INFO] [1783231795.004394390] [simple_scan_filter]: scan stats: n=404, zeros=95, nan=0, inf=0, finite_raw=309, finite_out=238, removed_isolated=5
[INFO] [1783231799.890734143] [simple_scan_filter]: scan stats: n=404, zeros=103, nan=0, inf=0, finite_raw=301, finite_out=233, removed_isolated=6
[INFO] [1783231804.960499799] [simple_scan_filter]: scan stats: n=404, zeros=100, nan=0, inf=0, finite_raw=304, finite_out=233, removed_isolated=6
[INFO] [1783231809.898714000] [simple_scan_filter]: scan stats: n=404, zeros=102, nan=0, inf=0, finite_raw=302, finite_out=245, removed_isolated=3
[INFO] [1783231814.941628027] [simple_scan_filter]: scan stats: n=404, zeros=103, nan=0, inf=0, finite_raw=301, finite_out=238, removed_isolated=3
[INFO] [1783231819.766349481] [simple_scan_filter]: scan stats: n=404, zeros=110, nan=0, inf=0, finite_raw=294, finite_out=225, removed_isolated=9
[INFO] [1783231824.877360489] [simple_scan_filter]: scan stats: n=404, zeros=102, nan=0, inf=0, finite_raw=302, finite_out=235, removed_isolated=4
[INFO] [1783231829.741206650] [simple_scan_filter]: scan stats: n=404, zeros=105, nan=0, inf=0, finite_raw=299, finite_out=234, removed_isolated=2
[INFO] [1783231834.715387466] [simple_scan_filter]: scan stats: n=404, zeros=106, nan=0, inf=0, finite_raw=298, finite_out=233, removed_isolated=4
[INFO] [1783231839.712384905] [simple_scan_filter]: scan stats: n=404, zeros=103, nan=0, inf=0, finite_raw=301, finite_out=234, removed_isolated=4
[INFO] [1783231844.941448263] [simple_scan_filter]: scan stats: n=404, zeros=108, nan=0, inf=0, finite_raw=296, finite_out=231, removed_isolated=3
[INFO] [1783231849.900231911] [simple_scan_filter]: scan stats: n=404, zeros=104, nan=0, inf=0, finite_raw=300, finite_out=235, removed_isolated=5
[INFO] [1783231854.871292145] [simple_scan_filter]: scan stats: n=404, zeros=106, nan=0, inf=0, finite_raw=298, finite_out=231, removed_isolated=7
Traceback (most recent call last):
  File "/root/rdk_x5_vln_robot/ros2_bridge/simple_scan_filter.py", line 197, in <module>
    main()
  File "/root/rdk_x5_vln_robot/ros2_bridge/simple_scan_filter.py", line 191, in main
    rclpy.spin(node)
  File "/opt/ros/humble/local/lib/python3.10/dist-packages/rclpy/__init__.py", line 229, in spin
    executor.spin_once()
  File "/opt/ros/humble/local/lib/python3.10/dist-packages/rclpy/executors.py", line 751, in spin_once
    self._spin_once_impl(timeout_sec)
  File "/opt/ros/humble/local/lib/python3.10/dist-packages/rclpy/executors.py", line 740, in _spin_once_impl
    handler, entity, node = self.wait_for_ready_callbacks(timeout_sec=timeout_sec)
  File "/opt/ros/humble/local/lib/python3.10/dist-packages/rclpy/executors.py", line 723, in wait_for_ready_callbacks
    return next(self._cb_iter)
  File "/opt/ros/humble/local/lib/python3.10/dist-packages/rclpy/executors.py", line 624, in _wait_for_ready_callbacks
    raise ExternalShutdownException()
rclpy.executors.ExternalShutdownException
