[INFO] [launch]: All log files can be found below /root/.ros/log/2026-07-05-16-43-05-019400-ubuntu-158644
[INFO] [launch]: Default logging verbosity is set to INFO
[INFO] [foxglove_bridge-1]: process started with pid [158730]
[foxglove_bridge-1] [INFO] [1783240986.571511221] [foxglove_bridge]: Starting foxglove_bridge (humble, 3.3.0@)
[foxglove_bridge-1] [INFO] [1783240986.578088345] [foxglove_bridge]: Server listening on port 8765
[foxglove_bridge-1] [INFO] [1783240986.582946094] [foxglove_bridge]: Advertising new channel 2 for topic "/tf_static"
[foxglove_bridge-1] [INFO] [1783240986.583127636] [foxglove_bridge]: Advertising new channel 3 for topic "/tf"
[foxglove_bridge-1] [INFO] [1783240986.583602136] [foxglove_bridge]: Advertising new channel 4 for topic "/semantic_save_event"
[foxglove_bridge-1] [INFO] [1783240986.587257885] [foxglove_bridge]: Advertising new channel 5 for topic "/semantic_viewpoints"
[foxglove_bridge-1] [INFO] [1783240986.587427135] [foxglove_bridge]: Advertising new channel 6 for topic "/semantic_observation_rays"
[foxglove_bridge-1] [INFO] [1783240986.587488010] [foxglove_bridge]: Advertising new channel 7 for topic "/semantic_status"
[foxglove_bridge-1] [INFO] [1783240986.587547885] [foxglove_bridge]: Advertising new channel 8 for topic "/semantic_map_json"
[foxglove_bridge-1] [INFO] [1783240986.587600010] [foxglove_bridge]: Advertising new channel 9 for topic "/target_bbox_json"
[foxglove_bridge-1] [INFO] [1783240986.587650302] [foxglove_bridge]: Advertising new channel 10 for topic "/semantic_observations"
[foxglove_bridge-1] [INFO] [1783240986.587700385] [foxglove_bridge]: Advertising new channel 11 for topic "/semantic_loop_error"
[foxglove_bridge-1] [INFO] [1783240986.587763718] [foxglove_bridge]: Advertising new channel 12 for topic "/semantic_landmarks"
[foxglove_bridge-1] [INFO] [1783240986.587829760] [foxglove_bridge]: Advertising new channel 13 for topic "/semantic_candidate_objects"
[foxglove_bridge-1] [INFO] [1783240986.589328260] [foxglove_bridge]: Advertising new channel 14 for topic "/parameter_events"
[foxglove_bridge-1] [INFO] [1783240986.591251759] [foxglove_bridge]: Advertising new channel 15 for topic "/odom"
[foxglove_bridge-1] [INFO] [1783240986.592225218] [foxglove_bridge]: Advertising new channel 16 for topic "/map"
[foxglove_bridge-1] [INFO] [1783240986.592469551] [foxglove_bridge]: Advertising new channel 17 for topic "/semantic_observed_cones"
[foxglove_bridge-1] [INFO] [1783240986.593310884] [foxglove_bridge]: Advertising new channel 18 for topic "/image_raw"
[foxglove_bridge-1] [INFO] [1783240986.594228926] [foxglove_bridge]: Advertising new channel 19 for topic "/scan"
[foxglove_bridge-1] [INFO] [1783240986.594837592] [foxglove_bridge]: Advertising new channel 20 for topic "/cmd_vel_sent"
[foxglove_bridge-1] [INFO] [1783240986.594967759] [foxglove_bridge]: Advertising new channel 21 for topic "/semantic_map/save"
[foxglove_bridge-1] [INFO] [1783240986.595033509] [foxglove_bridge]: Advertising new channel 22 for topic "/cmd_vel"
[foxglove_bridge-1] [INFO] [1783240986.595093175] [foxglove_bridge]: Advertising new channel 23 for topic "/scan_filtered"
[foxglove_bridge-1] [INFO] [1783240986.595873717] [foxglove_bridge]: Advertising new channel 24 for topic "/rosout"
[foxglove_bridge-1] [INFO] [1783240986.596019759] [foxglove_bridge]: Advertising new channel 25 for topic "/chassis_bridge_state"
[foxglove_bridge-1] [ERROR] [1783240994.926919176] [foxglove_bridge]: Failed to retrieve parameters from node '/tf2_echo': Failed to retrieve parameter names for node '/tf2_echo'
[foxglove_bridge-1] [WARN] [1783240994.927119426] [foxglove_bridge]: Adding node /tf2_echo to the ignore list to prevent repeated timeouts or failures in future parameter requests.
[foxglove_bridge-1] [INFO] [1783240994.928183967] [foxglove_bridge]: received connection graph subscribe request
[foxglove_bridge-1] [INFO] [1783240994.928532926] [foxglove_bridge]: received subscribe request for channel 3 from client 1
[foxglove_bridge-1] [INFO] [1783240994.943858631] [foxglove_bridge]: Created ROS subscription on /tf (tf2_msgs/msg/TFMessage) for channel 3
[foxglove_bridge-1] [INFO] [1783240994.944110131] [foxglove_bridge]: received subscribe request for channel 2 from client 1
[foxglove_bridge-1] [INFO] [1783240994.949482797] [foxglove_bridge]: publishing connection graph
[foxglove_bridge-1] [INFO] [1783240994.951125630] [foxglove_bridge]: Created ROS subscription on /tf_static (tf2_msgs/msg/TFMessage) for channel 2
[foxglove_bridge-1] [INFO] [1783240994.951369588] [foxglove_bridge]: received subscribe request for channel 16 from client 1
[foxglove_bridge-1] [INFO] [1783240994.959391087] [foxglove_bridge]: Created ROS subscription on /map (nav_msgs/msg/OccupancyGrid) for channel 16
[foxglove_bridge-1] [INFO] [1783240994.959640337] [foxglove_bridge]: received subscribe request for channel 19 from client 1
[foxglove_bridge-1] [INFO] [1783240994.969014377] [foxglove_bridge]: Created ROS subscription on /scan (sensor_msgs/msg/LaserScan) for channel 19
[foxglove_bridge-1] [INFO] [1783240994.969417794] [foxglove_bridge]: received subscribe request for channel 23 from client 1
[foxglove_bridge-1] [INFO] [1783240994.974884334] [foxglove_bridge]: Created ROS subscription on /scan_filtered (sensor_msgs/msg/LaserScan) for channel 23
[foxglove_bridge-1] [INFO] [1783240995.455870461] [foxglove_bridge]: publishing connection graph
[foxglove_bridge-1] [INFO] [1783240995.620586891] [foxglove_bridge]: received subscribe request for channel 22 from client 2
[foxglove_bridge-1] [INFO] [1783240995.630388473] [foxglove_bridge]: Created ROS subscription on /cmd_vel (geometry_msgs/msg/Twist) for channel 22
[foxglove_bridge-1] [INFO] [1783240995.630647139] [foxglove_bridge]: received subscribe request for channel 8 from client 2
[foxglove_bridge-1] [INFO] [1783240995.639125888] [foxglove_bridge]: Created ROS subscription on /semantic_map_json (std_msgs/msg/String) for channel 8
[foxglove_bridge-1] [INFO] [1783240995.639389138] [foxglove_bridge]: received subscribe request for channel 3 from client 2
[foxglove_bridge-1] [INFO] [1783240995.639621429] [foxglove_bridge]: received subscribe request for channel 2 from client 2
[foxglove_bridge-1] [INFO] [1783240995.639801596] [foxglove_bridge]: received subscribe request for channel 16 from client 2
[foxglove_bridge-1] [INFO] [1783240995.639926971] [foxglove_bridge]: received subscribe request for channel 19 from client 2
[foxglove_bridge-1] [INFO] [1783240995.640030138] [foxglove_bridge]: received subscribe request for channel 13 from client 2
[foxglove_bridge-1] [INFO] [1783240995.651790302] [foxglove_bridge]: Created ROS subscription on /semantic_candidate_objects (visualization_msgs/msg/MarkerArray) for channel 13
[foxglove_bridge-1] [INFO] [1783240995.652061427] [foxglove_bridge]: received subscribe request for channel 12 from client 2
[foxglove_bridge-1] [INFO] [1783240995.659388676] [foxglove_bridge]: Created ROS subscription on /semantic_landmarks (visualization_msgs/msg/MarkerArray) for channel 12
[foxglove_bridge-1] [INFO] [1783240995.659644176] [foxglove_bridge]: received subscribe request for channel 17 from client 2
[foxglove_bridge-1] [INFO] [1783240995.664543300] [foxglove_bridge]: Created ROS subscription on /semantic_observed_cones (visualization_msgs/msg/MarkerArray) for channel 17
[foxglove_bridge-1] [INFO] [1783240995.664777759] [foxglove_bridge]: received subscribe request for channel 5 from client 2
[foxglove_bridge-1] [INFO] [1783240995.669397883] [foxglove_bridge]: Created ROS subscription on /semantic_viewpoints (visualization_msgs/msg/MarkerArray) for channel 5
[foxglove_bridge-1] [INFO] [1783240995.962462333] [foxglove_bridge]: publishing connection graph
[foxglove_bridge-1] [INFO] [1783240997.552611395] [foxglove_bridge]: publishing connection graph
[foxglove_bridge-1] [INFO] [1783240998.069114515] [foxglove_bridge]: Advertising new channel 26 for topic "/waypoint_follower/transition_event"
[foxglove_bridge-1] [INFO] [1783240999.871502415] [foxglove_bridge]: publishing connection graph
[foxglove_bridge-1] [INFO] [1783241000.382612953] [foxglove_bridge]: Advertising new channel 27 for topic "/diagnostics"
[foxglove_bridge-1] [INFO] [1783241002.489014343] [foxglove_bridge]: publishing connection graph
[foxglove_bridge-1] [INFO] [1783241002.995053506] [foxglove_bridge]: Advertising new channel 28 for topic "/velocity_smoother/transition_event"
[foxglove_bridge-1] [INFO] [1783241002.996084756] [foxglove_bridge]: Advertising new channel 29 for topic "/speed_limit"
[foxglove_bridge-1] [INFO] [1783241002.996396381] [foxglove_bridge]: Advertising new channel 30 for topic "/smoother_server/transition_event"
[foxglove_bridge-1] [INFO] [1783241002.998458380] [foxglove_bridge]: Advertising new channel 31 for topic "/received_global_plan"
[foxglove_bridge-1] [INFO] [1783241002.998826547] [foxglove_bridge]: Advertising new channel 32 for topic "/planner_server/transition_event"
[foxglove_bridge-1] [INFO] [1783241002.999098130] [foxglove_bridge]: Advertising new channel 33 for topic "/plan_smoothed"
[foxglove_bridge-1] [INFO] [1783241003.001507922] [foxglove_bridge]: Advertising new channel 34 for topic "/particle_cloud"
[foxglove_bridge-1] [INFO] [1783241003.002361963] [foxglove_bridge]: Advertising new channel 35 for topic "/map_server/transition_event"
[foxglove_bridge-1] [INFO] [1783241003.003423713] [foxglove_bridge]: Advertising new channel 36 for topic "/lookahead_point"
[foxglove_bridge-1] [INFO] [1783241003.003739213] [foxglove_bridge]: Advertising new channel 37 for topic "/lookahead_collision_arc"
[foxglove_bridge-1] [INFO] [1783241003.004064046] [foxglove_bridge]: Advertising new channel 38 for topic "/local_costmap/local_costmap/transition_event"
[foxglove_bridge-1] [INFO] [1783241003.005416546] [foxglove_bridge]: Advertising new channel 39 for topic "/local_costmap/footprint"
[foxglove_bridge-1] [INFO] [1783241003.007288421] [foxglove_bridge]: Advertising new channel 40 for topic "/local_costmap/clearing_endpoints"
[foxglove_bridge-1] [INFO] [1783241003.008213045] [foxglove_bridge]: Advertising new channel 41 for topic "/initialpose"
[foxglove_bridge-1] [INFO] [1783241003.008652254] [foxglove_bridge]: Advertising new channel 42 for topic "/global_costmap/global_costmap/transition_event"
[foxglove_bridge-1] [INFO] [1783241003.008914337] [foxglove_bridge]: Advertising new channel 43 for topic "/plan"
[foxglove_bridge-1] [INFO] [1783241003.010156295] [foxglove_bridge]: Advertising new channel 44 for topic "/local_costmap/costmap_updates"
[foxglove_bridge-1] [INFO] [1783241003.010441628] [foxglove_bridge]: Advertising new channel 45 for topic "/global_costmap/footprint"
[foxglove_bridge-1] [INFO] [1783241003.011606378] [foxglove_bridge]: Advertising new channel 46 for topic "/local_costmap/published_footprint"
[foxglove_bridge-1] [INFO] [1783241003.013060378] [foxglove_bridge]: Advertising new channel 47 for topic "/global_costmap/costmap_raw"
[foxglove_bridge-1] [INFO] [1783241003.013377670] [foxglove_bridge]: Advertising new channel 48 for topic "/local_costmap/costmap_raw"
[foxglove_bridge-1] [INFO] [1783241003.013619711] [foxglove_bridge]: Advertising new channel 49 for topic "/global_costmap/costmap_updates"
[foxglove_bridge-1] [INFO] [1783241003.013821878] [foxglove_bridge]: Advertising new channel 50 for topic "/global_costmap/costmap"
[foxglove_bridge-1] [INFO] [1783241003.014076461] [foxglove_bridge]: Advertising new channel 51 for topic "/controller_server/transition_event"
[foxglove_bridge-1] [INFO] [1783241003.014238419] [foxglove_bridge]: Advertising new channel 52 for topic "/cmd_vel_nav"
[foxglove_bridge-1] [INFO] [1783241003.014456169] [foxglove_bridge]: Advertising new channel 53 for topic "/bt_navigator/transition_event"
[foxglove_bridge-1] [INFO] [1783241003.014811919] [foxglove_bridge]: Advertising new channel 54 for topic "/behavior_server/transition_event"
[foxglove_bridge-1] [INFO] [1783241003.015034503] [foxglove_bridge]: Advertising new channel 55 for topic "/global_costmap/published_footprint"
[foxglove_bridge-1] [INFO] [1783241003.015214294] [foxglove_bridge]: Advertising new channel 56 for topic "/amcl_pose"
[foxglove_bridge-1] [INFO] [1783241003.015407378] [foxglove_bridge]: Advertising new channel 57 for topic "/local_costmap/costmap"
[foxglove_bridge-1] [INFO] [1783241003.016082044] [foxglove_bridge]: Advertising new channel 58 for topic "/bond"
[foxglove_bridge-1] [INFO] [1783241003.016419377] [foxglove_bridge]: Advertising new channel 59 for topic "/amcl/transition_event"
[foxglove_bridge-1] [INFO] [1783241003.071577076] [foxglove_bridge]: received subscribe request for channel 41 from client 1
[foxglove_bridge-1] [INFO] [1783241003.082474366] [foxglove_bridge]: Created ROS subscription on /initialpose (geometry_msgs/msg/PoseWithCovarianceStamped) for channel 41
[foxglove_bridge-1] [INFO] [1783241004.087231152] [foxglove_bridge]: publishing connection graph
[foxglove_bridge-1] [INFO] [1783241004.598346690] [foxglove_bridge]: Advertising new channel 60 for topic "/preempt_teleop"
[foxglove_bridge-1] [INFO] [1783241004.598946314] [foxglove_bridge]: Advertising new channel 61 for topic "/cmd_vel_teleop"
[foxglove_bridge-1] [INFO] [1783241004.600216314] [foxglove_bridge]: Advertising new channel 62 for topic "/goal_pose"
[foxglove_bridge-1] [INFO] [1783241004.753166205] [foxglove_bridge]: publishing connection graph
[foxglove_bridge-1] [INFO] [1783241005.290382279] [foxglove_bridge]: publishing connection graph
[foxglove_bridge-1] [INFO] [1783241005.839923518] [foxglove_bridge]: publishing connection graph
[foxglove_bridge-1] [INFO] [1783241006.392349674] [foxglove_bridge]: publishing connection graph
[foxglove_bridge-1] [INFO] [1783241006.938745746] [foxglove_bridge]: publishing connection graph
[foxglove_bridge-1] [INFO] [1783241009.818908377] [foxglove_bridge]: publishing connection graph
[foxglove_bridge-1] [INFO] [1783241011.518127459] [foxglove_bridge]: publishing connection graph
[foxglove_bridge-1] [ERROR] [1783241011.662167809] [foxglove_bridge]: Failed to retrieve parameters from node '/controller_server': Failed to retrieve parameter names for node '/controller_server'
[foxglove_bridge-1] [WARN] [1783241011.662351851] [foxglove_bridge]: Adding node /controller_server to the ignore list to prevent repeated timeouts or failures in future parameter requests.
[foxglove_bridge-1] [ERROR] [1783241011.662968226] [foxglove_bridge]: Failed to retrieve parameters from node '/bt_navigator_navigate_to_pose_rclcpp_node': Failed to retrieve parameter names for node '/bt_navigator_navigate_to_pose_rclcpp_node'
[foxglove_bridge-1] [WARN] [1783241011.663069476] [foxglove_bridge]: Adding node /bt_navigator_navigate_to_pose_rclcpp_node to the ignore list to prevent repeated timeouts or failures in future parameter requests.
[foxglove_bridge-1] [ERROR] [1783241011.664387934] [foxglove_bridge]: Failed to retrieve parameters from node '/bt_navigator_navigate_through_poses_rclcpp_node': Failed to retrieve parameter names for node '/bt_navigator_navigate_through_poses_rclcpp_node'
[foxglove_bridge-1] [WARN] [1783241011.664555726] [foxglove_bridge]: Adding node /bt_navigator_navigate_through_poses_rclcpp_node to the ignore list to prevent repeated timeouts or failures in future parameter requests.
[foxglove_bridge-1] [INFO] [1783241012.062194782] [foxglove_bridge]: publishing connection graph
[foxglove_bridge-1] [INFO] [1783241012.605355564] [foxglove_bridge]: publishing connection graph
[foxglove_bridge-1] [INFO] [1783241013.265023158] [foxglove_bridge]: publishing connection graph
[foxglove_bridge-1] [INFO] [1783241015.302181557] [foxglove_bridge]: publishing connection graph
[foxglove_bridge-1] [INFO] [1783241015.951053903] [foxglove_bridge]: publishing connection graph
[foxglove_bridge-1] [INFO] [1783241016.496722267] [foxglove_bridge]: publishing connection graph
[foxglove_bridge-1] [INFO] [1783241020.846333849] [foxglove_bridge]: publishing connection graph
[foxglove_bridge-1] [INFO] [1783241021.389466171] [foxglove_bridge]: publishing connection graph
[foxglove_bridge-1] [INFO] [1783241021.934782702] [foxglove_bridge]: publishing connection graph
[foxglove_bridge-1] [INFO] [1783241024.607459280] [foxglove_bridge]: publishing connection graph
[foxglove_bridge-1] [INFO] [1783241025.151523811] [foxglove_bridge]: publishing connection graph
[foxglove_bridge-1] [INFO] [1783241029.558756794] [foxglove_bridge]: publishing connection graph
[foxglove_bridge-1] [INFO] [1783241031.184363595] [foxglove_bridge]: publishing connection graph
[foxglove_bridge-1] [INFO] [1783241032.062716775] [foxglove_bridge]: publishing connection graph
[foxglove_bridge-1] [INFO] [1783241032.608020555] [foxglove_bridge]: publishing connection graph
[foxglove_bridge-1] [INFO] [1783241033.164378000] [foxglove_bridge]: publishing connection graph
[foxglove_bridge-1] [INFO] [1783241034.087564547] [foxglove_bridge]: publishing connection graph
[foxglove_bridge-1] [INFO] [1783241034.598567291] [foxglove_bridge]: Advertising new channel 63 for topic "/behavior_tree_log"
[foxglove_bridge-1] [INFO] [1783241034.707801855] [foxglove_bridge]: publishing connection graph
[foxglove_bridge-1] [INFO] [1783241035.286557546] [foxglove_bridge]: publishing connection graph
[foxglove_bridge-1] [INFO] [1783241036.434664970] [foxglove_bridge]: publishing connection graph
[foxglove_bridge-1] [INFO] [1783241039.294068928] [foxglove_bridge]: publishing connection graph
[foxglove_bridge-1] [INFO] [1783241040.048848130] [foxglove_bridge]: publishing connection graph
[foxglove_bridge-1] [INFO] [1783241040.642897734] [foxglove_bridge]: publishing connection graph
[foxglove_bridge-1] [ERROR] [1783241045.172891356] [foxglove_bridge]: Failed to retrieve parameters from node '/bt_navigator': Failed to retrieve parameter names for node '/bt_navigator'
[foxglove_bridge-1] [WARN] [1783241045.173089731] [foxglove_bridge]: Adding node /bt_navigator to the ignore list to prevent repeated timeouts or failures in future parameter requests.
[foxglove_bridge-1] [ERROR] [1783241045.182710937] [foxglove_bridge]: Failed to retrieve parameters from node '/behavior_server': Failed to retrieve parameter names for node '/behavior_server'
[foxglove_bridge-1] [WARN] [1783241045.182881479] [foxglove_bridge]: Adding node /behavior_server to the ignore list to prevent repeated timeouts or failures in future parameter requests.
[foxglove_bridge-1] [ERROR] [1783241045.341575743] [foxglove_bridge]: Failed to retrieve parameters from node '/nav2_wait_amcl_settle': Failed to retrieve parameter names for node '/nav2_wait_amcl_settle'
[foxglove_bridge-1] [WARN] [1783241045.341755743] [foxglove_bridge]: Adding node /nav2_wait_amcl_settle to the ignore list to prevent repeated timeouts or failures in future parameter requests.
[foxglove_bridge-1] [ERROR] [1783241050.142756065] [foxglove_bridge]: Failed to retrieve parameters from node '/map_server': Timed out waiting for 5 parameter(s) from node '/map_server'
[foxglove_bridge-1] [WARN] [1783241050.142950231] [foxglove_bridge]: Adding node /map_server to the ignore list to prevent repeated timeouts or failures in future parameter requests.
[foxglove_bridge-1] [ERROR] [1783241050.143206731] [foxglove_bridge]: Failed to retrieve parameters from node '/smoother_server': Timed out waiting for 13 parameter(s) from node '/smoother_server'
[foxglove_bridge-1] [WARN] [1783241050.143281690] [foxglove_bridge]: Adding node /smoother_server to the ignore list to prevent repeated timeouts or failures in future parameter requests.
[foxglove_bridge-1] [ERROR] [1783241050.143723606] [foxglove_bridge]: Failed to retrieve parameters from node '/global_costmap/global_costmap': Timed out waiting for 39 parameter(s) from node '/global_costmap/global_costmap'
[foxglove_bridge-1] [WARN] [1783241050.143830773] [foxglove_bridge]: Adding node /global_costmap/global_costmap to the ignore list to prevent repeated timeouts or failures in future parameter requests.
[foxglove_bridge-1] [ERROR] [1783241055.832109436] [foxglove_bridge]: Failed to retrieve parameters from node '/velocity_smoother': Failed to retrieve parameter names for node '/velocity_smoother'
[foxglove_bridge-1] [WARN] [1783241055.832297394] [foxglove_bridge]: Adding node /velocity_smoother to the ignore list to prevent repeated timeouts or failures in future parameter requests.
[foxglove_bridge-1] [ERROR] [1783241055.832391186] [foxglove_bridge]: Failed to retrieve parameters from node '/static_transform_publisher_zVObcSw6Bb9gd16p': Failed to retrieve parameter names for node '/static_transform_publisher_zVObcSw6Bb9gd16p'
[foxglove_bridge-1] [WARN] [1783241055.832448061] [foxglove_bridge]: Adding node /static_transform_publisher_zVObcSw6Bb9gd16p to the ignore list to prevent repeated timeouts or failures in future parameter requests.
[foxglove_bridge-1] [ERROR] [1783241055.832520936] [foxglove_bridge]: Failed to retrieve parameters from node '/ydlidar_ros2_driver_node': Failed to retrieve parameter names for node '/ydlidar_ros2_driver_node'
[foxglove_bridge-1] [WARN] [1783241055.832571769] [foxglove_bridge]: Adding node /ydlidar_ros2_driver_node to the ignore list to prevent repeated timeouts or failures in future parameter requests.
[foxglove_bridge-1] [ERROR] [1783241056.025260527] [foxglove_bridge]: Failed to retrieve parameters from node '/planner_server': Timed out waiting for 9 parameter(s) from node '/planner_server'
[foxglove_bridge-1] [WARN] [1783241056.025461443] [foxglove_bridge]: Adding node /planner_server to the ignore list to prevent repeated timeouts or failures in future parameter requests.
[foxglove_bridge-1] [ERROR] [1783241056.025755485] [foxglove_bridge]: Failed to retrieve parameters from node '/m1_pwm_cmd_vel_bridge': Failed to retrieve parameter names for node '/m1_pwm_cmd_vel_bridge'
[foxglove_bridge-1] [WARN] [1783241056.025843235] [foxglove_bridge]: Adding node /m1_pwm_cmd_vel_bridge to the ignore list to prevent repeated timeouts or failures in future parameter requests.
[foxglove_bridge-1] [ERROR] [1783241056.026231151] [foxglove_bridge]: Failed to retrieve parameters from node '/lifecycle_manager_localization': Timed out waiting for 13 parameter(s) from node '/lifecycle_manager_localization'
[foxglove_bridge-1] [WARN] [1783241056.026312026] [foxglove_bridge]: Adding node /lifecycle_manager_localization to the ignore list to prevent repeated timeouts or failures in future parameter requests.
[foxglove_bridge-1] [ERROR] [1783241056.026433610] [foxglove_bridge]: Failed to retrieve parameters from node '/local_costmap/local_costmap': Failed to retrieve parameter names for node '/local_costmap/local_costmap'
[foxglove_bridge-1] [WARN] [1783241056.026491276] [foxglove_bridge]: Adding node /local_costmap/local_costmap to the ignore list to prevent repeated timeouts or failures in future parameter requests.
[foxglove_bridge-1] [INFO] [1783241059.255133538] [foxglove_bridge]: received unsubscribe request for channel 3 from client 1
[foxglove_bridge-1] [INFO] [1783241059.255410288] [foxglove_bridge]: received unsubscribe request for channel 2 from client 1
[foxglove_bridge-1] [INFO] [1783241059.255521122] [foxglove_bridge]: received unsubscribe request for channel 16 from client 1
[foxglove_bridge-1] [INFO] [1783241059.255691955] [foxglove_bridge]: received unsubscribe request for channel 19 from client 1
[foxglove_bridge-1] [INFO] [1783241059.255767038] [foxglove_bridge]: received unsubscribe request for channel 23 from client 1
[foxglove_bridge-1] [INFO] [1783241059.255811538] [foxglove_bridge]: Cleaned up ROS subscription for channel 23 (no more subscribers)
[foxglove_bridge-1] [INFO] [1783241059.255924122] [foxglove_bridge]: received unsubscribe request for channel 41 from client 1
[foxglove_bridge-1] [INFO] [1783241059.255971038] [foxglove_bridge]: Cleaned up ROS subscription for channel 41 (no more subscribers)
[foxglove_bridge-1] [INFO] [1783241059.402319179] [foxglove_bridge]: received subscribe request for channel 3 from client 1
[foxglove_bridge-1] [INFO] [1783241059.402554221] [foxglove_bridge]: received subscribe request for channel 2 from client 1
[foxglove_bridge-1] [INFO] [1783241059.549177445] [foxglove_bridge]: Client ID 1 is advertising "/move_base_simple/goal" (geometry_msgs/PoseStamped) on channel 1 with encoding "cdr"
[foxglove_bridge-1] [INFO] [1783241059.566591150] [foxglove_bridge]: publishing connection graph
[foxglove_bridge-1] [INFO] [1783241059.585399772] [foxglove_bridge]: Client ID 1 is advertising "/foxglove_goal_point" (geometry_msgs/PointStamped) on channel 2 with encoding "cdr"
[foxglove_bridge-1] [INFO] [1783241059.614164558] [foxglove_bridge]: Client ID 1 is advertising "/initialpose" (geometry_msgs/PoseWithCovarianceStamped) on channel 3 with encoding "cdr"
[foxglove_bridge-1] [INFO] [1783241059.684120796] [foxglove_bridge]: Client ID 1 is advertising "/clicked_point" (geometry_msgs/PointStamped) on channel 4 with encoding "cdr"
[foxglove_bridge-1] [INFO] [1783241059.699837335] [foxglove_bridge]: received subscribe request for channel 56 from client 1
[foxglove_bridge-1] [INFO] [1783241059.717846706] [foxglove_bridge]: Created ROS subscription on /amcl_pose (geometry_msgs/msg/PoseWithCovarianceStamped) for channel 56
[foxglove_bridge-1] [INFO] [1783241059.720997164] [foxglove_bridge]: received subscribe request for channel 55 from client 1
[foxglove_bridge-1] [INFO] [1783241059.745641201] [foxglove_bridge]: Created ROS subscription on /global_costmap/published_footprint (geometry_msgs/msg/PolygonStamped) for channel 55
[foxglove_bridge-1] [INFO] [1783241059.747829576] [foxglove_bridge]: received subscribe request for channel 62 from client 1
[foxglove_bridge-1] [INFO] [1783241059.771927197] [foxglove_bridge]: Created ROS subscription on /goal_pose (geometry_msgs/msg/PoseStamped) for channel 62
[foxglove_bridge-1] [INFO] [1783241059.772879363] [foxglove_bridge]: received subscribe request for channel 41 from client 1
[foxglove_bridge-1] [INFO] [1783241059.785432403] [foxglove_bridge]: Created ROS subscription on /initialpose (geometry_msgs/msg/PoseWithCovarianceStamped) for channel 41
[foxglove_bridge-1] [INFO] [1783241059.786289028] [foxglove_bridge]: received subscribe request for channel 40 from client 1
[foxglove_bridge-1] [INFO] [1783241059.799325734] [foxglove_bridge]: Created ROS subscription on /local_costmap/clearing_endpoints (sensor_msgs/msg/PointCloud2) for channel 40
[foxglove_bridge-1] [INFO] [1783241059.799615484] [foxglove_bridge]: received subscribe request for channel 46 from client 1
[foxglove_bridge-1] [INFO] [1783241059.814320564] [foxglove_bridge]: Created ROS subscription on /local_costmap/published_footprint (geometry_msgs/msg/PolygonStamped) for channel 46
[foxglove_bridge-1] [INFO] [1783241059.814686564] [foxglove_bridge]: received subscribe request for channel 37 from client 1
[foxglove_bridge-1] [INFO] [1783241059.830093895] [foxglove_bridge]: Created ROS subscription on /lookahead_collision_arc (nav_msgs/msg/Path) for channel 37
[foxglove_bridge-1] [INFO] [1783241059.830378311] [foxglove_bridge]: received subscribe request for channel 16 from client 1
[foxglove_bridge-1] [INFO] [1783241059.830654353] [foxglove_bridge]: received subscribe request for channel 43 from client 1
[foxglove_bridge-1] [INFO] [1783241059.847186017] [foxglove_bridge]: Created ROS subscription on /plan (nav_msgs/msg/Path) for channel 43
[foxglove_bridge-1] [INFO] [1783241059.847458017] [foxglove_bridge]: received subscribe request for channel 33 from client 1
[foxglove_bridge-1] [INFO] [1783241059.869511888] [foxglove_bridge]: Created ROS subscription on /plan_smoothed (nav_msgs/msg/Path) for channel 33
[foxglove_bridge-1] [INFO] [1783241059.869804388] [foxglove_bridge]: received subscribe request for channel 31 from client 1
[foxglove_bridge-1] [INFO] [1783241059.889362884] [foxglove_bridge]: Created ROS subscription on /received_global_plan (nav_msgs/msg/Path) for channel 31
[foxglove_bridge-1] [INFO] [1783241059.889648718] [foxglove_bridge]: received subscribe request for channel 19 from client 1
[foxglove_bridge-1] [INFO] [1783241059.889769426] [foxglove_bridge]: received subscribe request for channel 23 from client 1
[foxglove_bridge-1] [INFO] [1783241059.907879631] [foxglove_bridge]: Created ROS subscription on /scan_filtered (sensor_msgs/msg/LaserScan) for channel 23
[foxglove_bridge-1] [INFO] [1783241060.080417725] [foxglove_bridge]: Advertising new channel 64 for topic "/move_base_simple/goal"
[foxglove_bridge-1] [INFO] [1783241060.081038684] [foxglove_bridge]: Advertising new channel 65 for topic "/foxglove_goal_point"
[foxglove_bridge-1] [INFO] [1783241060.081522184] [foxglove_bridge]: Advertising new channel 66 for topic "/clicked_point"
[foxglove_bridge-1] [INFO] [1783241060.171876501] [foxglove_bridge]: publishing connection graph
[foxglove_bridge-1] [INFO] [1783241060.301444686] [foxglove_bridge]: received subscribe request for channel 64 from client 1
[foxglove_bridge-1] [INFO] [1783241060.325819807] [foxglove_bridge]: Created ROS subscription on /move_base_simple/goal (geometry_msgs/msg/PoseStamped) for channel 64
[foxglove_bridge-1] [INFO] [1783241060.850150047] [foxglove_bridge]: publishing connection graph
[foxglove_bridge-1] [ERROR] [1783241061.038568056] [foxglove_bridge]: Failed to retrieve parameters from node '/lifecycle_manager_navigation': Failed to retrieve parameter names for node '/lifecycle_manager_navigation'
[foxglove_bridge-1] [WARN] [1783241061.038788472] [foxglove_bridge]: Adding node /lifecycle_manager_navigation to the ignore list to prevent repeated timeouts or failures in future parameter requests.
[foxglove_bridge-1] [ERROR] [1783241061.060224385] [foxglove_bridge]: Failed to retrieve parameters from node '/simple_scan_filter': Failed to retrieve parameter names for node '/simple_scan_filter'
[foxglove_bridge-1] [WARN] [1783241061.060417635] [foxglove_bridge]: Adding node /simple_scan_filter to the ignore list to prevent repeated timeouts or failures in future parameter requests.
[foxglove_bridge-1] [ERROR] [1783241061.060738468] [foxglove_bridge]: Failed to retrieve parameters from node '/waypoint_follower': Failed to retrieve parameter names for node '/waypoint_follower'
[foxglove_bridge-1] [WARN] [1783241061.060824260] [foxglove_bridge]: Adding node /waypoint_follower to the ignore list to prevent repeated timeouts or failures in future parameter requests.
[foxglove_bridge-1] [ERROR] [1783241084.844729847] [foxglove_bridge]: Failed to retrieve parameters from node '/amcl': Failed to retrieve parameter names for node '/amcl'
[foxglove_bridge-1] [WARN] [1783241084.844928847] [foxglove_bridge]: Adding node /amcl to the ignore list to prevent repeated timeouts or failures in future parameter requests.
[foxglove_bridge-1] [INFO] [1783241087.211741005] [foxglove_bridge]: received subscribe request for channel 18 from client 1
[foxglove_bridge-1] [INFO] [1783241087.236212792] [foxglove_bridge]: Created ROS subscription on /image_raw (sensor_msgs/msg/Image) for channel 18
[foxglove_bridge-1] [INFO] [1783241087.370316310] [foxglove_bridge]: publishing connection graph
[foxglove_bridge-1] [INFO] [1783241088.023454275] [foxglove_bridge]: publishing connection graph
[foxglove_bridge-1] [INFO] [1783241088.733454523] [foxglove_bridge]: received unsubscribe request for channel 18 from client 1
[foxglove_bridge-1] [INFO] [1783241088.733630689] [foxglove_bridge]: Cleaned up ROS subscription for channel 18 (no more subscribers)
[foxglove_bridge-1] [INFO] [1783241088.891978702] [foxglove_bridge]: publishing connection graph
[foxglove_bridge-1] [INFO] [1783241089.501539967] [foxglove_bridge]: publishing connection graph
[foxglove_bridge-1] [INFO] [1783241094.850034002] [foxglove_bridge]: received subscribe request for channel 13 from client 1
[foxglove_bridge-1] [INFO] [1783241096.226049420] [foxglove_bridge]: received subscribe request for channel 12 from client 1
[foxglove_bridge-1] [INFO] [1783241097.176392415] [foxglove_bridge]: received subscribe request for channel 6 from client 1
[foxglove_bridge-1] [INFO] [1783241097.198019202] [foxglove_bridge]: Created ROS subscription on /semantic_observation_rays (visualization_msgs/msg/MarkerArray) for channel 6
[foxglove_bridge-1] [INFO] [1783241097.309870391] [foxglove_bridge]: publishing connection graph
[foxglove_bridge-1] [INFO] [1783241097.921716030] [foxglove_bridge]: publishing connection graph
[foxglove_bridge-1] [INFO] [1783241098.132885617] [foxglove_bridge]: received subscribe request for channel 17 from client 1
[foxglove_bridge-1] [INFO] [1783241098.990920878] [foxglove_bridge]: received subscribe request for channel 5 from client 1
[foxglove_bridge-1] [INFO] [1783241099.739890867] [foxglove_bridge]: publishing connection graph
[foxglove_bridge-1] [INFO] [1783241101.455382306] [foxglove_bridge]: publishing connection graph
[foxglove_bridge-1] [INFO] [1783241102.241302455] [foxglove_bridge]: publishing connection graph
[foxglove_bridge-1] [INFO] [1783241103.532550637] [foxglove_bridge]: publishing connection graph
[foxglove_bridge-1] [INFO] [1783241104.154490274] [foxglove_bridge]: publishing connection graph
[foxglove_bridge-1] [INFO] [1783241106.461527855] [foxglove_bridge]: publishing connection graph
[foxglove_bridge-1] [INFO] [1783241110.959955160] [foxglove_bridge]: publishing connection graph
[foxglove_bridge-1] [INFO] [1783241113.339667893] [foxglove_bridge]: publishing connection graph
[foxglove_bridge-1] [INFO] [1783241113.965957153] [foxglove_bridge]: publishing connection graph
[foxglove_bridge-1] [INFO] [1783241115.181348181] [foxglove_bridge]: publishing connection graph
[foxglove_bridge-1] [INFO] [1783241115.954492165] [foxglove_bridge]: publishing connection graph
[foxglove_bridge-1] [INFO] [1783241116.610458378] [foxglove_bridge]: publishing connection graph
[foxglove_bridge-1] [INFO] [1783241134.474907469] [foxglove_bridge]: publishing connection graph
[foxglove_bridge-1] [INFO] [1783241136.448673771] [foxglove_bridge]: publishing connection graph
[foxglove_bridge-1] [INFO] [1783241136.965252509] [foxglove_bridge]: Advertising new channel 67 for topic "/foxglove_map_viz"
[foxglove_bridge-1] [INFO] [1783241136.971889674] [foxglove_bridge]: Advertising new channel 68 for topic "/foxglove_goal_pose"
[foxglove_bridge-1] [INFO] [1783241136.983456506] [foxglove_bridge]: Advertising new channel 69 for topic "/foxglove_click_trajectory_dots"
[foxglove_bridge-1] [INFO] [1783241136.991224171] [foxglove_bridge]: Advertising new channel 70 for topic "/foxglove_click_planned_path"
[foxglove_bridge-1] [INFO] [1783241136.992686545] [foxglove_bridge]: Advertising new channel 71 for topic "/foxglove_click_path_marker"
[foxglove_bridge-1] [INFO] [1783241136.995108753] [foxglove_bridge]: Advertising new channel 72 for topic "/foxglove_click_goal_marker"
[foxglove_bridge-1] [INFO] [1783241136.999286919] [foxglove_bridge]: Advertising new channel 73 for topic "/foxglove_click_goal_label"
[foxglove_bridge-1] [INFO] [1783241137.002472960] [foxglove_bridge]: Advertising new channel 74 for topic "/foxglove_click_accepted_goal"
[foxglove_bridge-1] [INFO] [1783241137.006349335] [foxglove_bridge]: Advertising new channel 75 for topic "/foxglove_click_start_marker"
[foxglove_bridge-1] [INFO] [1783241137.264108954] [foxglove_bridge]: received subscribe request for channel 74 from client 1
[foxglove_bridge-1] [INFO] [1783241137.313920403] [foxglove_bridge]: Created ROS subscription on /foxglove_click_accepted_goal (geometry_msgs/msg/PoseStamped) for channel 74
[foxglove_bridge-1] [INFO] [1783241137.318722027] [foxglove_bridge]: received subscribe request for channel 73 from client 1
[foxglove_bridge-1] [INFO] [1783241137.371214434] [foxglove_bridge]: Created ROS subscription on /foxglove_click_goal_label (visualization_msgs/msg/Marker) for channel 73
[foxglove_bridge-1] [INFO] [1783241137.372389392] [foxglove_bridge]: received subscribe request for channel 72 from client 1
[foxglove_bridge-1] [INFO] [1783241137.427079798] [foxglove_bridge]: Created ROS subscription on /foxglove_click_goal_marker (visualization_msgs/msg/Marker) for channel 72
[foxglove_bridge-1] [INFO] [1783241137.433878256] [foxglove_bridge]: received subscribe request for channel 71 from client 1
[foxglove_bridge-1] [INFO] [1783241137.495321911] [foxglove_bridge]: Created ROS subscription on /foxglove_click_path_marker (visualization_msgs/msg/Marker) for channel 71
[foxglove_bridge-1] [INFO] [1783241137.495635702] [foxglove_bridge]: received subscribe request for channel 70 from client 1
[foxglove_bridge-1] [INFO] [1783241137.569624439] [foxglove_bridge]: Created ROS subscription on /foxglove_click_planned_path (nav_msgs/msg/Path) for channel 70
[foxglove_bridge-1] [INFO] [1783241137.570227730] [foxglove_bridge]: received subscribe request for channel 75 from client 1
[foxglove_bridge-1] [INFO] [1783241137.603447141] [foxglove_bridge]: Created ROS subscription on /foxglove_click_start_marker (visualization_msgs/msg/Marker) for channel 75
[foxglove_bridge-1] [INFO] [1783241137.603850224] [foxglove_bridge]: received subscribe request for channel 69 from client 1
[foxglove_bridge-1] [INFO] [1783241137.652261673] [foxglove_bridge]: Created ROS subscription on /foxglove_click_trajectory_dots (visualization_msgs/msg/Marker) for channel 69
[foxglove_bridge-1] [INFO] [1783241137.652584673] [foxglove_bridge]: received subscribe request for channel 68 from client 1
[foxglove_bridge-1] [INFO] [1783241137.679833043] [foxglove_bridge]: Created ROS subscription on /foxglove_goal_pose (geometry_msgs/msg/PoseStamped) for channel 68
[foxglove_bridge-1] [INFO] [1783241137.721941744] [foxglove_bridge]: publishing connection graph
[foxglove_bridge-1] [INFO] [1783241138.426379447] [foxglove_bridge]: publishing connection graph
[foxglove_bridge-1] [INFO] [1783241140.308979223] [foxglove_bridge]: publishing connection graph
[foxglove_bridge-1] [INFO] [1783241140.961370894] [foxglove_bridge]: publishing connection graph
[foxglove_bridge-1] [ERROR] [1783241145.467214391] [foxglove_bridge]: Failed to retrieve parameters from node '/foxglove_click_goal_bridge': Failed to retrieve parameter names for node '/foxglove_click_goal_bridge'
[foxglove_bridge-1] [WARN] [1783241145.467422349] [foxglove_bridge]: Adding node /foxglove_click_goal_bridge to the ignore list to prevent repeated timeouts or failures in future parameter requests.
[foxglove_bridge-1] [INFO] [1783241167.484955485] [foxglove_bridge]: received subscribe request for channel 67 from client 1
[foxglove_bridge-1] [INFO] [1783241167.524583977] [foxglove_bridge]: Created ROS subscription on /foxglove_map_viz (nav_msgs/msg/OccupancyGrid) for channel 67
[foxglove_bridge-1] [INFO] [1783241167.704112860] [foxglove_bridge]: publishing connection graph
[foxglove_bridge-1] [INFO] [1783241168.454675844] [foxglove_bridge]: publishing connection graph
[foxglove_bridge-1] [INFO] [1783241201.624350344] [foxglove_bridge]: received unsubscribe request for channel 31 from client 1
[foxglove_bridge-1] [INFO] [1783241201.624564969] [foxglove_bridge]: Cleaned up ROS subscription for channel 31 (no more subscribers)
[foxglove_bridge-1] [INFO] [1783241201.841161553] [foxglove_bridge]: publishing connection graph
[foxglove_bridge-1] [INFO] [1783241202.512347424] [foxglove_bridge]: publishing connection graph
[foxglove_bridge-1] [INFO] [1783241322.693282082] [foxglove_bridge]: publishing connection graph
[foxglove_bridge-1] [INFO] [1783241336.028705331] [foxglove_bridge]: publishing connection graph
[foxglove_bridge-1] [INFO] [1783241336.765670347] [foxglove_bridge]: publishing connection graph
[foxglove_bridge-1] [ERROR] [1783241341.444878101] [foxglove_bridge]: Failed to retrieve parameters from node '/pose_memory_node': Timed out waiting for 1 parameter(s) from node '/pose_memory_node'
[foxglove_bridge-1] [WARN] [1783241341.445076309] [foxglove_bridge]: Adding node /pose_memory_node to the ignore list to prevent repeated timeouts or failures in future parameter requests.
[foxglove_bridge-1] [INFO] [1783241347.776803306] [rclcpp]: signal_handler(signum=2)
[foxglove_bridge-1] [INFO] [1783241347.813814548] [foxglove_bridge]: Shutting down foxglove_bridge
[foxglove_bridge-1] [INFO] [1783241347.867962746] [foxglove_bridge]: received unsubscribe request for channel 68 from client 1
[foxglove_bridge-1] [INFO] [1783241347.872463953] [foxglove_bridge]: Cleaned up ROS subscription for channel 68 (no more subscribers)
[foxglove_bridge-1] [INFO] [1783241347.938377981] [foxglove_bridge]: received unsubscribe request for channel 64 from client 1
[foxglove_bridge-1] [INFO] [1783241347.943196605] [foxglove_bridge]: Cleaned up ROS subscription for channel 64 (no more subscribers)
[foxglove_bridge-1] [INFO] [1783241348.051354041] [foxglove_bridge]: received unsubscribe request for channel 16 from client 1
[foxglove_bridge-1] [INFO] [1783241348.059204415] [foxglove_bridge]: received unsubscribe request for channel 37 from client 1
[foxglove_bridge-1] [INFO] [1783241348.064037289] [foxglove_bridge]: Cleaned up ROS subscription for channel 37 (no more subscribers)
[foxglove_bridge-1] [INFO] [1783241348.542597732] [foxglove_bridge]: received unsubscribe request for channel 72 from client 1
[foxglove_bridge-1] [INFO] [1783241348.542675649] [foxglove_bridge]: Cleaned up ROS subscription for channel 72 (no more subscribers)
[foxglove_bridge-1] [INFO] [1783241349.074544290] [foxglove_bridge]: received unsubscribe request for channel 6 from client 1
[foxglove_bridge-1] [INFO] [1783241349.079863122] [foxglove_bridge]: Cleaned up ROS subscription for channel 6 (no more subscribers)
[foxglove_bridge-1] [INFO] [1783241349.316019824] [foxglove_bridge]: received unsubscribe request for channel 67 from client 1
[foxglove_bridge-1] [INFO] [1783241349.316113157] [foxglove_bridge]: Cleaned up ROS subscription for channel 67 (no more subscribers)
[foxglove_bridge-1] [INFO] [1783241349.788343394] [foxglove_bridge]: received unsubscribe request for channel 2 from client 1
[foxglove_bridge-1] [INFO] [1783241349.788417686] [foxglove_bridge]: received unsubscribe request for channel 46 from client 1
[foxglove_bridge-1] [INFO] [1783241349.788435561] [foxglove_bridge]: Cleaned up ROS subscription for channel 46 (no more subscribers)
[foxglove_bridge-1] [INFO] [1783241349.814912013] [foxglove_bridge]: received unsubscribe request for channel 56 from client 1
[foxglove_bridge-1] [INFO] [1783241349.814992722] [foxglove_bridge]: Cleaned up ROS subscription for channel 56 (no more subscribers)
[foxglove_bridge-1] [INFO] [1783241349.841339633] [foxglove_bridge]: received unsubscribe request for channel 43 from client 1
[foxglove_bridge-1] [INFO] [1783241349.841411091] [foxglove_bridge]: Cleaned up ROS subscription for channel 43 (no more subscribers)
[foxglove_bridge-1] [INFO] [1783241349.865985420] [foxglove_bridge]: received unsubscribe request for channel 74 from client 1
[foxglove_bridge-1] [INFO] [1783241349.866052295] [foxglove_bridge]: Cleaned up ROS subscription for channel 74 (no more subscribers)
[foxglove_bridge-1] [INFO] [1783241349.890821915] [foxglove_bridge]: received unsubscribe request for channel 3 from client 1
[foxglove_bridge-1] [INFO] [1783241349.890893581] [foxglove_bridge]: received unsubscribe request for channel 13 from client 1
[foxglove_bridge-1] [INFO] [1783241349.890912998] [foxglove_bridge]: received unsubscribe request for channel 71 from client 1
[foxglove_bridge-1] [INFO] [1783241349.890926456] [foxglove_bridge]: Cleaned up ROS subscription for channel 71 (no more subscribers)
[foxglove_bridge-1] [INFO] [1783241349.915757409] [foxglove_bridge]: received unsubscribe request for channel 75 from client 1
[foxglove_bridge-1] [INFO] [1783241349.915837326] [foxglove_bridge]: Cleaned up ROS subscription for channel 75 (no more subscribers)
[foxglove_bridge-1] [INFO] [1783241349.942457237] [foxglove_bridge]: received unsubscribe request for channel 12 from client 1
[foxglove_bridge-1] [INFO] [1783241349.942537237] [foxglove_bridge]: received unsubscribe request for channel 70 from client 1
[foxglove_bridge-1] [INFO] [1783241349.942557071] [foxglove_bridge]: Cleaned up ROS subscription for channel 70 (no more subscribers)
[foxglove_bridge-1] [INFO] [1783241349.967116232] [foxglove_bridge]: received unsubscribe request for channel 73 from client 1
[foxglove_bridge-1] [INFO] [1783241349.967194816] [foxglove_bridge]: Cleaned up ROS subscription for channel 73 (no more subscribers)
[foxglove_bridge-1] [INFO] [1783241349.991591644] [foxglove_bridge]: received unsubscribe request for channel 33 from client 1
[foxglove_bridge-1] [INFO] [1783241349.991663769] [foxglove_bridge]: Cleaned up ROS subscription for channel 33 (no more subscribers)
[foxglove_bridge-1] [INFO] [1783241350.004439641] [foxglove_bridge]: received connection graph subscribe request
[foxglove_bridge-1] [INFO] [1783241350.004527850] [foxglove_bridge]: received unsubscribe request for channel 8 from client 2
[foxglove_bridge-1] [INFO] [1783241350.014191806] [foxglove_bridge]: received unsubscribe request for channel 17 from client 1
[foxglove_bridge-1] [INFO] [1783241350.014217181] [foxglove_bridge]: Cleaned up ROS subscription for channel 8 (no more subscribers)
[foxglove_bridge-1] [INFO] [1783241350.027994053] [foxglove_bridge]: received unsubscribe request for channel 5 from client 2
[foxglove_bridge-1] [INFO] [1783241350.028009470] [foxglove_bridge]: received unsubscribe request for channel 55 from client 1
[foxglove_bridge-1] [INFO] [1783241350.028065553] [foxglove_bridge]: received unsubscribe request for channel 22 from client 2
[foxglove_bridge-1] [INFO] [1783241350.028078011] [foxglove_bridge]: Cleaned up ROS subscription for channel 55 (no more subscribers)
[foxglove_bridge-1] [INFO] [1783241350.041482300] [foxglove_bridge]: received unsubscribe request for channel 62 from client 1
[foxglove_bridge-1] [INFO] [1783241350.041500092] [foxglove_bridge]: Cleaned up ROS subscription for channel 22 (no more subscribers)
[foxglove_bridge-1] [INFO] [1783241350.054647881] [foxglove_bridge]: received unsubscribe request for channel 3 from client 2
[foxglove_bridge-1] [INFO] [1783241350.054665548] [foxglove_bridge]: Cleaned up ROS subscription for channel 62 (no more subscribers)
[foxglove_bridge-1] [INFO] [1783241350.067835587] [foxglove_bridge]: received unsubscribe request for channel 40 from client 1
[foxglove_bridge-1] [INFO] [1783241350.067858545] [foxglove_bridge]: Cleaned up ROS subscription for channel 3 (no more subscribers)
[foxglove_bridge-1] [INFO] [1783241350.080397209] [foxglove_bridge]: received unsubscribe request for channel 2 from client 2
[foxglove_bridge-1] [INFO] [1783241350.080425292] [foxglove_bridge]: Cleaned up ROS subscription for channel 40 (no more subscribers)
[foxglove_bridge-1] [INFO] [1783241350.094280164] [foxglove_bridge]: received unsubscribe request for channel 5 from client 1
[foxglove_bridge-1] [INFO] [1783241350.094289956] [foxglove_bridge]: Cleaned up ROS subscription for channel 2 (no more subscribers)
[foxglove_bridge-1] [INFO] [1783241350.107553412] [foxglove_bridge]: received unsubscribe request for channel 17 from client 2
[foxglove_bridge-1] [INFO] [1783241350.107565745] [foxglove_bridge]: Cleaned up ROS subscription for channel 5 (no more subscribers)
[foxglove_bridge-1] [INFO] [1783241350.121441076] [foxglove_bridge]: received unsubscribe request for channel 69 from client 1
[foxglove_bridge-1] [INFO] [1783241350.121447076] [foxglove_bridge]: Cleaned up ROS subscription for channel 17 (no more subscribers)
[foxglove_bridge-1] [INFO] [1783241350.133530948] [foxglove_bridge]: received unsubscribe request for channel 16 from client 2
[foxglove_bridge-1] [INFO] [1783241350.133539698] [foxglove_bridge]: Cleaned up ROS subscription for channel 69 (no more subscribers)
[foxglove_bridge-1] [INFO] [1783241350.147384570] [foxglove_bridge]: Cleaned up ROS subscription for channel 16 (no more subscribers)
[foxglove_bridge-1] [INFO] [1783241350.160462193] [foxglove_bridge]: received unsubscribe request for channel 13 from client 2
[foxglove_bridge-1] [INFO] [1783241350.160540859] [foxglove_bridge]: Cleaned up ROS subscription for channel 13 (no more subscribers)
[foxglove_bridge-1] [INFO] [1783241350.160908484] [foxglove_bridge]: received unsubscribe request for channel 19 from client 1
[foxglove_bridge-1] [INFO] [1783241350.173143898] [foxglove_bridge]: received unsubscribe request for channel 23 from client 1
[foxglove_bridge-1] [INFO] [1783241350.173208690] [foxglove_bridge]: Cleaned up ROS subscription for channel 23 (no more subscribers)
[foxglove_bridge-1] [INFO] [1783241350.173634315] [foxglove_bridge]: received unsubscribe request for channel 12 from client 2
[foxglove_bridge-1] [INFO] [1783241350.185330062] [foxglove_bridge]: received unsubscribe request for channel 41 from client 1
[foxglove_bridge-1] [INFO] [1783241350.185342646] [foxglove_bridge]: Cleaned up ROS subscription for channel 12 (no more subscribers)
[foxglove_bridge-1] [INFO] [1783241350.198774768] [foxglove_bridge]: received unsubscribe request for channel 19 from client 2
[foxglove_bridge-1] [INFO] [1783241350.198787685] [foxglove_bridge]: Cleaned up ROS subscription for channel 41 (no more subscribers)
[foxglove_bridge-1] [INFO] [1783241350.211633849] [foxglove_bridge]: Cleaned up ROS subscription for channel 19 (no more subscribers)
[foxglove_bridge-1] [INFO] [1783241350.228114554] [foxglove_bridge]: Shutdown complete
[INFO] [foxglove_bridge-1]: process has finished cleanly [pid 158730]
