[INFO] [1783240975.005521883] [simple_scan_filter]: filter /scan -> /scan_filtered, keep=[0.22, 4.00], isolated_window=2, isolated_delta=0.25, min_support_neighbors=1
[INFO] [1783240988.786352804] [simple_scan_filter]: scan stats: n=404, zeros=72, nan=0, inf=0, finite_raw=332, finite_out=314, removed_isolated=0
[INFO] [1783240993.792068953] [simple_scan_filter]: scan stats: n=404, zeros=68, nan=0, inf=0, finite_raw=336, finite_out=311, removed_isolated=1
[INFO] [1783240998.843313424] [simple_scan_filter]: scan stats: n=404, zeros=71, nan=0, inf=0, finite_raw=333, finite_out=312, removed_isolated=4
[INFO] [1783241004.174021512] [simple_scan_filter]: scan stats: n=404, zeros=74, nan=0, inf=0, finite_raw=330, finite_out=310, removed_isolated=4
[INFO] [1783241009.185016152] [simple_scan_filter]: scan stats: n=404, zeros=75, nan=0, inf=0, finite_raw=329, finite_out=311, removed_isolated=2
[INFO] [1783241013.943943625] [simple_scan_filter]: scan stats: n=404, zeros=72, nan=0, inf=0, finite_raw=332, finite_out=308, removed_isolated=3
[INFO] [1783241018.892541645] [simple_scan_filter]: scan stats: n=404, zeros=71, nan=0, inf=0, finite_raw=333, finite_out=309, removed_isolated=2
[INFO] [1783241023.903740152] [simple_scan_filter]: scan stats: n=404, zeros=68, nan=0, inf=0, finite_raw=336, finite_out=312, removed_isolated=2
[INFO] [1783241028.895013577] [simple_scan_filter]: scan stats: n=404, zeros=73, nan=0, inf=0, finite_raw=331, finite_out=312, removed_isolated=1
[INFO] [1783241033.902413329] [simple_scan_filter]: scan stats: n=404, zeros=72, nan=0, inf=0, finite_raw=332, finite_out=309, removed_isolated=2
[INFO] [1783241038.944884323] [simple_scan_filter]: scan stats: n=404, zeros=74, nan=0, inf=0, finite_raw=330, finite_out=311, removed_isolated=1
[INFO] [1783241043.919254284] [simple_scan_filter]: scan stats: n=404, zeros=67, nan=0, inf=0, finite_raw=337, finite_out=312, removed_isolated=4
[INFO] [1783241048.926564487] [simple_scan_filter]: scan stats: n=404, zeros=68, nan=0, inf=0, finite_raw=336, finite_out=312, removed_isolated=2
[INFO] [1783241053.935998521] [simple_scan_filter]: scan stats: n=404, zeros=70, nan=0, inf=0, finite_raw=334, finite_out=311, removed_isolated=4
[INFO] [1783241058.924029639] [simple_scan_filter]: scan stats: n=404, zeros=70, nan=0, inf=0, finite_raw=334, finite_out=313, removed_isolated=2
[INFO] [1783241063.930708334] [simple_scan_filter]: scan stats: n=404, zeros=73, nan=0, inf=0, finite_raw=331, finite_out=308, removed_isolated=2
[INFO] [1783241068.936784652] [simple_scan_filter]: scan stats: n=404, zeros=73, nan=0, inf=0, finite_raw=331, finite_out=309, removed_isolated=1
[INFO] [1783241073.963315672] [simple_scan_filter]: scan stats: n=404, zeros=70, nan=0, inf=0, finite_raw=334, finite_out=308, removed_isolated=3
[INFO] [1783241078.943507531] [simple_scan_filter]: scan stats: n=404, zeros=69, nan=0, inf=0, finite_raw=335, finite_out=314, removed_isolated=1
[INFO] [1783241083.944543509] [simple_scan_filter]: scan stats: n=404, zeros=66, nan=0, inf=0, finite_raw=338, finite_out=313, removed_isolated=2
[INFO] [1783241088.968833105] [simple_scan_filter]: scan stats: n=404, zeros=73, nan=0, inf=0, finite_raw=331, finite_out=313, removed_isolated=2
[INFO] [1783241093.946225832] [simple_scan_filter]: scan stats: n=404, zeros=75, nan=0, inf=0, finite_raw=329, finite_out=313, removed_isolated=0
[INFO] [1783241098.969183423] [simple_scan_filter]: scan stats: n=404, zeros=63, nan=0, inf=0, finite_raw=341, finite_out=315, removed_isolated=2
[INFO] [1783241103.999480886] [simple_scan_filter]: scan stats: n=404, zeros=69, nan=0, inf=0, finite_raw=335, finite_out=313, removed_isolated=3
[INFO] [1783241109.072476004] [simple_scan_filter]: scan stats: n=404, zeros=68, nan=0, inf=0, finite_raw=336, finite_out=313, removed_isolated=2
[INFO] [1783241114.033092308] [simple_scan_filter]: scan stats: n=404, zeros=73, nan=0, inf=0, finite_raw=331, finite_out=312, removed_isolated=1
[INFO] [1783241119.052781806] [simple_scan_filter]: scan stats: n=404, zeros=70, nan=0, inf=0, finite_raw=334, finite_out=314, removed_isolated=0
[INFO] [1783241124.045149015] [simple_scan_filter]: scan stats: n=404, zeros=63, nan=0, inf=0, finite_raw=341, finite_out=316, removed_isolated=2
[INFO] [1783241129.058829968] [simple_scan_filter]: scan stats: n=404, zeros=69, nan=0, inf=0, finite_raw=335, finite_out=314, removed_isolated=2
[INFO] [1783241134.060627921] [simple_scan_filter]: scan stats: n=404, zeros=65, nan=0, inf=0, finite_raw=339, finite_out=315, removed_isolated=2
[INFO] [1783241139.064143662] [simple_scan_filter]: scan stats: n=404, zeros=66, nan=0, inf=0, finite_raw=338, finite_out=315, removed_isolated=1
[INFO] [1783241144.060950194] [simple_scan_filter]: scan stats: n=404, zeros=73, nan=0, inf=0, finite_raw=331, finite_out=311, removed_isolated=1
[INFO] [1783241149.060420139] [simple_scan_filter]: scan stats: n=404, zeros=71, nan=0, inf=0, finite_raw=333, finite_out=313, removed_isolated=1
[INFO] [1783241154.078011829] [simple_scan_filter]: scan stats: n=404, zeros=64, nan=0, inf=0, finite_raw=340, finite_out=315, removed_isolated=2
[INFO] [1783241159.068463771] [simple_scan_filter]: scan stats: n=404, zeros=75, nan=0, inf=0, finite_raw=329, finite_out=310, removed_isolated=1
[INFO] [1783241163.771528224] [simple_scan_filter]: scan stats: n=404, zeros=67, nan=0, inf=0, finite_raw=337, finite_out=315, removed_isolated=1
[INFO] [1783241168.791151781] [simple_scan_filter]: scan stats: n=404, zeros=75, nan=0, inf=0, finite_raw=329, finite_out=308, removed_isolated=2
[INFO] [1783241173.781028007] [simple_scan_filter]: scan stats: n=404, zeros=65, nan=0, inf=0, finite_raw=339, finite_out=315, removed_isolated=1
[INFO] [1783241178.795427269] [simple_scan_filter]: scan stats: n=404, zeros=69, nan=0, inf=0, finite_raw=335, finite_out=316, removed_isolated=0
[INFO] [1783241183.796632156] [simple_scan_filter]: scan stats: n=404, zeros=74, nan=0, inf=0, finite_raw=330, finite_out=313, removed_isolated=0
[INFO] [1783241188.799908248] [simple_scan_filter]: scan stats: n=404, zeros=66, nan=0, inf=0, finite_raw=338, finite_out=320, removed_isolated=4
[INFO] [1783241193.784021091] [simple_scan_filter]: scan stats: n=404, zeros=33, nan=0, inf=0, finite_raw=371, finite_out=368, removed_isolated=0
[INFO] [1783241198.804334175] [simple_scan_filter]: scan stats: n=404, zeros=37, nan=0, inf=0, finite_raw=367, finite_out=362, removed_isolated=2
[INFO] [1783241203.806332885] [simple_scan_filter]: scan stats: n=404, zeros=42, nan=0, inf=0, finite_raw=362, finite_out=343, removed_isolated=2
[INFO] [1783241208.816820716] [simple_scan_filter]: scan stats: n=404, zeros=75, nan=0, inf=0, finite_raw=329, finite_out=266, removed_isolated=4
[INFO] [1783241213.811551173] [simple_scan_filter]: scan stats: n=404, zeros=71, nan=0, inf=0, finite_raw=333, finite_out=259, removed_isolated=8
[INFO] [1783241218.814233126] [simple_scan_filter]: scan stats: n=404, zeros=82, nan=0, inf=0, finite_raw=322, finite_out=214, removed_isolated=5
[INFO] [1783241223.833863073] [simple_scan_filter]: scan stats: n=404, zeros=103, nan=0, inf=0, finite_raw=301, finite_out=234, removed_isolated=7
[INFO] [1783241228.837866020] [simple_scan_filter]: scan stats: n=404, zeros=96, nan=0, inf=0, finite_raw=308, finite_out=230, removed_isolated=9
[INFO] [1783241233.831819676] [simple_scan_filter]: scan stats: n=404, zeros=102, nan=0, inf=0, finite_raw=302, finite_out=247, removed_isolated=2
[INFO] [1783241238.892343358] [simple_scan_filter]: scan stats: n=404, zeros=100, nan=0, inf=0, finite_raw=304, finite_out=247, removed_isolated=6
[INFO] [1783241243.859132306] [simple_scan_filter]: scan stats: n=404, zeros=99, nan=0, inf=0, finite_raw=305, finite_out=249, removed_isolated=4
[INFO] [1783241248.844046331] [simple_scan_filter]: scan stats: n=404, zeros=104, nan=0, inf=0, finite_raw=300, finite_out=246, removed_isolated=3
[INFO] [1783241253.860294640] [simple_scan_filter]: scan stats: n=404, zeros=100, nan=0, inf=0, finite_raw=304, finite_out=245, removed_isolated=3
[INFO] [1783241258.854094867] [simple_scan_filter]: scan stats: n=404, zeros=96, nan=0, inf=0, finite_raw=308, finite_out=250, removed_isolated=3
[INFO] [1783241263.851363717] [simple_scan_filter]: scan stats: n=404, zeros=93, nan=0, inf=0, finite_raw=311, finite_out=251, removed_isolated=3
[INFO] [1783241268.845634981] [simple_scan_filter]: scan stats: n=404, zeros=97, nan=0, inf=0, finite_raw=307, finite_out=251, removed_isolated=3
[INFO] [1783241273.856033823] [simple_scan_filter]: scan stats: n=404, zeros=102, nan=0, inf=0, finite_raw=302, finite_out=247, removed_isolated=5
[INFO] [1783241278.850421916] [simple_scan_filter]: scan stats: n=404, zeros=94, nan=0, inf=0, finite_raw=310, finite_out=248, removed_isolated=5
[INFO] [1783241283.859529795] [simple_scan_filter]: scan stats: n=404, zeros=94, nan=0, inf=0, finite_raw=310, finite_out=254, removed_isolated=3
[INFO] [1783241288.857078425] [simple_scan_filter]: scan stats: n=404, zeros=98, nan=0, inf=0, finite_raw=306, finite_out=247, removed_isolated=6
[INFO] [1783241293.866868174] [simple_scan_filter]: scan stats: n=404, zeros=100, nan=0, inf=0, finite_raw=304, finite_out=251, removed_isolated=3
[INFO] [1783241298.869370631] [simple_scan_filter]: scan stats: n=404, zeros=100, nan=0, inf=0, finite_raw=304, finite_out=246, removed_isolated=5
[INFO] [1783241303.861921005] [simple_scan_filter]: scan stats: n=404, zeros=91, nan=0, inf=0, finite_raw=313, finite_out=254, removed_isolated=5
[INFO] [1783241308.874202247] [simple_scan_filter]: scan stats: n=404, zeros=100, nan=0, inf=0, finite_raw=304, finite_out=248, removed_isolated=2
[INFO] [1783241313.888577445] [simple_scan_filter]: scan stats: n=404, zeros=97, nan=0, inf=0, finite_raw=307, finite_out=250, removed_isolated=3
[INFO] [1783241318.904013723] [simple_scan_filter]: scan stats: n=404, zeros=97, nan=0, inf=0, finite_raw=307, finite_out=250, removed_isolated=3
[INFO] [1783241323.903724253] [simple_scan_filter]: scan stats: n=404, zeros=99, nan=0, inf=0, finite_raw=305, finite_out=250, removed_isolated=3
[INFO] [1783241328.904754697] [simple_scan_filter]: scan stats: n=404, zeros=97, nan=0, inf=0, finite_raw=307, finite_out=250, removed_isolated=3
[INFO] [1783241333.913663428] [simple_scan_filter]: scan stats: n=404, zeros=100, nan=0, inf=0, finite_raw=304, finite_out=250, removed_isolated=4
[INFO] [1783241338.922614491] [simple_scan_filter]: scan stats: n=404, zeros=102, nan=0, inf=0, finite_raw=302, finite_out=249, removed_isolated=2
[INFO] [1783241343.919180220] [simple_scan_filter]: scan stats: n=404, zeros=96, nan=0, inf=0, finite_raw=308, finite_out=251, removed_isolated=2
Traceback (most recent call last):
  File "/root/rdk_x5_vln_robot/ros2_bridge/simple_scan_filter.py", line 197, in <module>
    main()
  File "/root/rdk_x5_vln_robot/ros2_bridge/simple_scan_filter.py", line 191, in main
    rclpy.spin(node)
  File "/opt/ros/humble/local/lib/python3.10/dist-packages/rclpy/__init__.py", line 229, in spin
    executor.spin_once()
  File "/opt/ros/humble/local/lib/python3.10/dist-packages/rclpy/executors.py", line 751, in spin_once
    self._spin_once_impl(timeout_sec)
  File "/opt/ros/humble/local/lib/python3.10/dist-packages/rclpy/executors.py", line 740, in _spin_once_impl
    handler, entity, node = self.wait_for_ready_callbacks(timeout_sec=timeout_sec)
  File "/opt/ros/humble/local/lib/python3.10/dist-packages/rclpy/executors.py", line 723, in wait_for_ready_callbacks
    return next(self._cb_iter)
  File "/opt/ros/humble/local/lib/python3.10/dist-packages/rclpy/executors.py", line 624, in _wait_for_ready_callbacks
    raise ExternalShutdownException()
rclpy.executors.ExternalShutdownException
