[INFO] [launch]: All log files can be found below /root/.ros/log/2026-07-05-19-48-25-141728-ubuntu-97320
[INFO] [launch]: Default logging verbosity is set to INFO
[INFO] [foxglove_bridge-1]: process started with pid [97359]
[foxglove_bridge-1] [INFO] [1783252106.262466993] [foxglove_bridge]: Starting foxglove_bridge (humble, 3.3.0@)
[foxglove_bridge-1] [INFO] [1783252106.269338247] [foxglove_bridge]: Server listening on port 8765
[foxglove_bridge-1] [INFO] [1783252106.273966376] [foxglove_bridge]: Advertising new channel 2 for topic "/tf_static"
[foxglove_bridge-1] [INFO] [1783252106.274147417] [foxglove_bridge]: Advertising new channel 3 for topic "/tf"
[foxglove_bridge-1] [INFO] [1783252106.274620334] [foxglove_bridge]: Advertising new channel 4 for topic "/semantic_save_event"
[foxglove_bridge-1] [INFO] [1783252106.278076753] [foxglove_bridge]: Advertising new channel 5 for topic "/semantic_viewpoints"
[foxglove_bridge-1] [INFO] [1783252106.278236337] [foxglove_bridge]: Advertising new channel 6 for topic "/semantic_observation_rays"
[foxglove_bridge-1] [INFO] [1783252106.278299878] [foxglove_bridge]: Advertising new channel 7 for topic "/semantic_status"
[foxglove_bridge-1] [INFO] [1783252106.278359253] [foxglove_bridge]: Advertising new channel 8 for topic "/semantic_map_json"
[foxglove_bridge-1] [INFO] [1783252106.278410962] [foxglove_bridge]: Advertising new channel 9 for topic "/target_bbox_json"
[foxglove_bridge-1] [INFO] [1783252106.278461545] [foxglove_bridge]: Advertising new channel 10 for topic "/semantic_observations"
[foxglove_bridge-1] [INFO] [1783252106.278512712] [foxglove_bridge]: Advertising new channel 11 for topic "/semantic_loop_error"
[foxglove_bridge-1] [INFO] [1783252106.278580379] [foxglove_bridge]: Advertising new channel 12 for topic "/semantic_landmarks"
[foxglove_bridge-1] [INFO] [1783252106.278659337] [foxglove_bridge]: Advertising new channel 13 for topic "/semantic_candidate_objects"
[foxglove_bridge-1] [INFO] [1783252106.280238213] [foxglove_bridge]: Advertising new channel 14 for topic "/parameter_events"
[foxglove_bridge-1] [INFO] [1783252106.281990381] [foxglove_bridge]: Advertising new channel 15 for topic "/odom"
[foxglove_bridge-1] [INFO] [1783252106.282858881] [foxglove_bridge]: Advertising new channel 16 for topic "/map"
[foxglove_bridge-1] [INFO] [1783252106.283079423] [foxglove_bridge]: Advertising new channel 17 for topic "/semantic_observed_cones"
[foxglove_bridge-1] [INFO] [1783252106.283928299] [foxglove_bridge]: Advertising new channel 18 for topic "/image_raw"
[foxglove_bridge-1] [INFO] [1783252106.284881924] [foxglove_bridge]: Advertising new channel 19 for topic "/scan"
[foxglove_bridge-1] [INFO] [1783252106.285477925] [foxglove_bridge]: Advertising new channel 20 for topic "/cmd_vel_sent"
[foxglove_bridge-1] [INFO] [1783252106.285596800] [foxglove_bridge]: Advertising new channel 21 for topic "/semantic_map/save"
[foxglove_bridge-1] [INFO] [1783252106.285653633] [foxglove_bridge]: Advertising new channel 22 for topic "/cmd_vel"
[foxglove_bridge-1] [INFO] [1783252106.285729217] [foxglove_bridge]: Advertising new channel 23 for topic "/scan_filtered"
[foxglove_bridge-1] [INFO] [1783252106.286483467] [foxglove_bridge]: Advertising new channel 24 for topic "/rosout"
[foxglove_bridge-1] [INFO] [1783252106.286591967] [foxglove_bridge]: Advertising new channel 25 for topic "/chassis_bridge_state"
[foxglove_bridge-1] [INFO] [1783252106.641919828] [foxglove_bridge]: received connection graph subscribe request
[foxglove_bridge-1] [INFO] [1783252106.645987414] [foxglove_bridge]: received subscribe request for channel 22 from client 1
[foxglove_bridge-1] [INFO] [1783252106.656723380] [foxglove_bridge]: Created ROS subscription on /cmd_vel (geometry_msgs/msg/Twist) for channel 22
[foxglove_bridge-1] [INFO] [1783252106.656986547] [foxglove_bridge]: received subscribe request for channel 19 from client 1
[foxglove_bridge-1] [INFO] [1783252106.671910057] [foxglove_bridge]: Created ROS subscription on /scan (sensor_msgs/msg/LaserScan) for channel 19
[foxglove_bridge-1] [INFO] [1783252106.672165848] [foxglove_bridge]: received subscribe request for channel 3 from client 1
[foxglove_bridge-1] [INFO] [1783252106.676599851] [foxglove_bridge]: publishing connection graph
[foxglove_bridge-1] [INFO] [1783252106.683036606] [foxglove_bridge]: Created ROS subscription on /tf (tf2_msgs/msg/TFMessage) for channel 3
[foxglove_bridge-1] [INFO] [1783252106.683295564] [foxglove_bridge]: received subscribe request for channel 2 from client 1
[foxglove_bridge-1] [INFO] [1783252106.688055984] [foxglove_bridge]: Created ROS subscription on /tf_static (tf2_msgs/msg/TFMessage) for channel 2
[foxglove_bridge-1] [INFO] [1783252106.688308109] [foxglove_bridge]: received subscribe request for channel 5 from client 1
[foxglove_bridge-1] [INFO] [1783252106.702084493] [foxglove_bridge]: Created ROS subscription on /semantic_viewpoints (visualization_msgs/msg/MarkerArray) for channel 5
[foxglove_bridge-1] [INFO] [1783252106.702518369] [foxglove_bridge]: received subscribe request for channel 8 from client 1
[foxglove_bridge-1] [INFO] [1783252106.708995748] [foxglove_bridge]: Created ROS subscription on /semantic_map_json (std_msgs/msg/String) for channel 8
[foxglove_bridge-1] [INFO] [1783252106.709276373] [foxglove_bridge]: received subscribe request for channel 12 from client 1
[foxglove_bridge-1] [INFO] [1783252106.715963169] [foxglove_bridge]: Created ROS subscription on /semantic_landmarks (visualization_msgs/msg/MarkerArray) for channel 12
[foxglove_bridge-1] [INFO] [1783252106.716227169] [foxglove_bridge]: received subscribe request for channel 13 from client 1
[foxglove_bridge-1] [INFO] [1783252106.726690385] [foxglove_bridge]: Created ROS subscription on /semantic_candidate_objects (visualization_msgs/msg/MarkerArray) for channel 13
[foxglove_bridge-1] [INFO] [1783252106.726993927] [foxglove_bridge]: received subscribe request for channel 16 from client 1
[foxglove_bridge-1] [INFO] [1783252106.739850435] [foxglove_bridge]: Created ROS subscription on /map (nav_msgs/msg/OccupancyGrid) for channel 16
[foxglove_bridge-1] [INFO] [1783252106.740126810] [foxglove_bridge]: received subscribe request for channel 17 from client 1
[foxglove_bridge-1] [INFO] [1783252106.747173273] [foxglove_bridge]: Created ROS subscription on /semantic_observed_cones (visualization_msgs/msg/MarkerArray) for channel 17
[foxglove_bridge-1] [INFO] [1783252106.968558170] [foxglove_bridge]: received subscribe request for channel 3 from client 2
[foxglove_bridge-1] [INFO] [1783252106.968788962] [foxglove_bridge]: received subscribe request for channel 2 from client 2
[foxglove_bridge-1] [INFO] [1783252106.993469854] [foxglove_bridge]: Client ID 2 is advertising "/move_base_simple/goal" (geometry_msgs/PoseStamped) on channel 1 with encoding "cdr"
[foxglove_bridge-1] [INFO] [1783252106.999534274] [foxglove_bridge]: Client ID 2 is advertising "/foxglove_goal_point" (geometry_msgs/PointStamped) on channel 2 with encoding "cdr"
[foxglove_bridge-1] [INFO] [1783252107.005980237] [foxglove_bridge]: Client ID 2 is advertising "/initialpose" (geometry_msgs/PoseWithCovarianceStamped) on channel 3 with encoding "cdr"
[foxglove_bridge-1] [INFO] [1783252107.149924999] [foxglove_bridge]: Client ID 2 is advertising "/clicked_point" (geometry_msgs/PointStamped) on channel 4 with encoding "cdr"
[foxglove_bridge-1] [INFO] [1783252107.178778268] [foxglove_bridge]: Advertising new channel 26 for topic "/move_base_simple/goal"
[foxglove_bridge-1] [INFO] [1783252107.179634227] [foxglove_bridge]: Advertising new channel 27 for topic "/initialpose"
[foxglove_bridge-1] [INFO] [1783252107.180245603] [foxglove_bridge]: Advertising new channel 28 for topic "/foxglove_goal_point"
[foxglove_bridge-1] [INFO] [1783252107.180489269] [foxglove_bridge]: Advertising new channel 29 for topic "/clicked_point"
[foxglove_bridge-1] [INFO] [1783252107.185264273] [foxglove_bridge]: publishing connection graph
[foxglove_bridge-1] [INFO] [1783252107.248056564] [foxglove_bridge]: received subscribe request for channel 18 from client 2
[foxglove_bridge-1] [INFO] [1783252107.252530567] [foxglove_bridge]: Created ROS subscription on /image_raw (sensor_msgs/msg/Image) for channel 18
[foxglove_bridge-1] [INFO] [1783252107.252781776] [foxglove_bridge]: received subscribe request for channel 16 from client 2
[foxglove_bridge-1] [INFO] [1783252107.252884109] [foxglove_bridge]: received subscribe request for channel 19 from client 2
[foxglove_bridge-1] [INFO] [1783252107.252956818] [foxglove_bridge]: received subscribe request for channel 23 from client 2
[foxglove_bridge-1] [INFO] [1783252107.256925695] [foxglove_bridge]: Created ROS subscription on /scan_filtered (sensor_msgs/msg/LaserScan) for channel 23
[foxglove_bridge-1] [INFO] [1783252107.257171695] [foxglove_bridge]: received subscribe request for channel 13 from client 2
[foxglove_bridge-1] [INFO] [1783252107.257304154] [foxglove_bridge]: received subscribe request for channel 12 from client 2
[foxglove_bridge-1] [INFO] [1783252107.257489987] [foxglove_bridge]: received subscribe request for channel 6 from client 2
[foxglove_bridge-1] [INFO] [1783252107.263016574] [foxglove_bridge]: Created ROS subscription on /semantic_observation_rays (visualization_msgs/msg/MarkerArray) for channel 6
[foxglove_bridge-1] [INFO] [1783252107.263272158] [foxglove_bridge]: received subscribe request for channel 17 from client 2
[foxglove_bridge-1] [INFO] [1783252107.263388324] [foxglove_bridge]: received subscribe request for channel 5 from client 2
[foxglove_bridge-1] [INFO] [1783252107.352793550] [foxglove_bridge]: received subscribe request for channel 27 from client 2
[foxglove_bridge-1] [INFO] [1783252107.357348220] [foxglove_bridge]: Created ROS subscription on /initialpose (geometry_msgs/msg/PoseWithCovarianceStamped) for channel 27
[foxglove_bridge-1] [INFO] [1783252107.357743845] [foxglove_bridge]: received subscribe request for channel 26 from client 2
[foxglove_bridge-1] [INFO] [1783252107.362118057] [foxglove_bridge]: Created ROS subscription on /move_base_simple/goal (geometry_msgs/msg/PoseStamped) for channel 26
[foxglove_bridge-1] [INFO] [1783252107.691471484] [foxglove_bridge]: publishing connection graph
[foxglove_bridge-1] [INFO] [1783252112.328468299] [foxglove_bridge]: publishing connection graph
[foxglove_bridge-1] [INFO] [1783252112.834955216] [foxglove_bridge]: publishing connection graph
[foxglove_bridge-1] [INFO] [1783252116.612666447] [foxglove_bridge]: publishing connection graph
[foxglove_bridge-1] [INFO] [1783252119.205930017] [foxglove_bridge]: publishing connection graph
[foxglove_bridge-1] [INFO] [1783252119.715520724] [foxglove_bridge]: Advertising new channel 30 for topic "/planner_server/transition_event"
[foxglove_bridge-1] [INFO] [1783252119.717397267] [foxglove_bridge]: Advertising new channel 31 for topic "/amcl/transition_event"
[foxglove_bridge-1] [INFO] [1783252121.418966875] [foxglove_bridge]: publishing connection graph
[foxglove_bridge-1] [INFO] [1783252121.925882413] [foxglove_bridge]: Advertising new channel 32 for topic "/speed_limit"
[foxglove_bridge-1] [INFO] [1783252121.926277663] [foxglove_bridge]: Advertising new channel 33 for topic "/smoother_server/transition_event"
[foxglove_bridge-1] [INFO] [1783252121.926559247] [foxglove_bridge]: Advertising new channel 34 for topic "/velocity_smoother/transition_event"
[foxglove_bridge-1] [INFO] [1783252121.927685039] [foxglove_bridge]: Advertising new channel 35 for topic "/received_global_plan"
[foxglove_bridge-1] [INFO] [1783252121.927959998] [foxglove_bridge]: Advertising new channel 36 for topic "/plan_smoothed"
[foxglove_bridge-1] [INFO] [1783252121.928141956] [foxglove_bridge]: Advertising new channel 37 for topic "/plan"
[foxglove_bridge-1] [INFO] [1783252121.930387874] [foxglove_bridge]: Advertising new channel 38 for topic "/particle_cloud"
[foxglove_bridge-1] [INFO] [1783252121.930676499] [foxglove_bridge]: Advertising new channel 39 for topic "/lookahead_point"
[foxglove_bridge-1] [INFO] [1783252121.930853666] [foxglove_bridge]: Advertising new channel 40 for topic "/lookahead_collision_arc"
[foxglove_bridge-1] [INFO] [1783252121.932358667] [foxglove_bridge]: Advertising new channel 41 for topic "/local_costmap/published_footprint"
[foxglove_bridge-1] [INFO] [1783252121.932690126] [foxglove_bridge]: Advertising new channel 42 for topic "/local_costmap/local_costmap/transition_event"
[foxglove_bridge-1] [INFO] [1783252121.933372043] [foxglove_bridge]: Advertising new channel 43 for topic "/local_costmap/footprint"
[foxglove_bridge-1] [INFO] [1783252121.934000377] [foxglove_bridge]: Advertising new channel 44 for topic "/local_costmap/costmap_updates"
[foxglove_bridge-1] [INFO] [1783252121.936103545] [foxglove_bridge]: Advertising new channel 45 for topic "/local_costmap/costmap_raw"
[foxglove_bridge-1] [INFO] [1783252121.936400420] [foxglove_bridge]: Advertising new channel 46 for topic "/local_costmap/costmap"
[foxglove_bridge-1] [INFO] [1783252121.937961212] [foxglove_bridge]: Advertising new channel 47 for topic "/local_costmap/clearing_endpoints"
[foxglove_bridge-1] [INFO] [1783252121.938630796] [foxglove_bridge]: Advertising new channel 48 for topic "/preempt_teleop"
[foxglove_bridge-1] [INFO] [1783252121.938966171] [foxglove_bridge]: Advertising new channel 49 for topic "/global_costmap/global_costmap/transition_event"
[foxglove_bridge-1] [INFO] [1783252121.939221672] [foxglove_bridge]: Advertising new channel 50 for topic "/global_costmap/footprint"
[foxglove_bridge-1] [INFO] [1783252121.939381005] [foxglove_bridge]: Advertising new channel 51 for topic "/global_costmap/costmap_updates"
[foxglove_bridge-1] [INFO] [1783252121.939510922] [foxglove_bridge]: Advertising new channel 52 for topic "/global_costmap/published_footprint"
[foxglove_bridge-1] [INFO] [1783252121.939643089] [foxglove_bridge]: Advertising new channel 53 for topic "/global_costmap/costmap_raw"
[foxglove_bridge-1] [INFO] [1783252121.939781547] [foxglove_bridge]: Advertising new channel 54 for topic "/global_costmap/costmap"
[foxglove_bridge-1] [INFO] [1783252121.940069880] [foxglove_bridge]: Advertising new channel 55 for topic "/map_server/transition_event"
[foxglove_bridge-1] [INFO] [1783252121.943144966] [foxglove_bridge]: Advertising new channel 56 for topic "/diagnostics"
[foxglove_bridge-1] [INFO] [1783252121.943733425] [foxglove_bridge]: Advertising new channel 57 for topic "/controller_server/transition_event"
[foxglove_bridge-1] [INFO] [1783252121.943967841] [foxglove_bridge]: Advertising new channel 58 for topic "/cmd_vel_nav"
[foxglove_bridge-1] [INFO] [1783252121.944086508] [foxglove_bridge]: Advertising new channel 59 for topic "/cmd_vel_teleop"
[foxglove_bridge-1] [INFO] [1783252121.945091050] [foxglove_bridge]: Advertising new channel 60 for topic "/bt_navigator/transition_event"
[foxglove_bridge-1] [INFO] [1783252121.946187093] [foxglove_bridge]: Advertising new channel 61 for topic "/bond"
[foxglove_bridge-1] [INFO] [1783252121.946849885] [foxglove_bridge]: Advertising new channel 62 for topic "/waypoint_follower/transition_event"
[foxglove_bridge-1] [INFO] [1783252121.947360010] [foxglove_bridge]: Advertising new channel 63 for topic "/behavior_server/transition_event"
[foxglove_bridge-1] [INFO] [1783252121.947697594] [foxglove_bridge]: Advertising new channel 64 for topic "/amcl_pose"
[foxglove_bridge-1] [INFO] [1783252123.687569556] [foxglove_bridge]: publishing connection graph
[foxglove_bridge-1] [INFO] [1783252124.194419218] [foxglove_bridge]: Advertising new channel 65 for topic "/goal_pose"
[foxglove_bridge-1] [INFO] [1783252124.295759242] [foxglove_bridge]: publishing connection graph
[foxglove_bridge-1] [INFO] [1783252124.836617717] [foxglove_bridge]: publishing connection graph
[foxglove_bridge-1] [ERROR] [1783252128.183773752] [foxglove_bridge]: Failed to retrieve parameters from node '/controller_server': Failed to retrieve parameter names for node '/controller_server'
[foxglove_bridge-1] [WARN] [1783252128.184033169] [foxglove_bridge]: Adding node /controller_server to the ignore list to prevent repeated timeouts or failures in future parameter requests.
[foxglove_bridge-1] [ERROR] [1783252128.184542502] [foxglove_bridge]: Failed to retrieve parameters from node '/bt_navigator_navigate_to_pose_rclcpp_node': Failed to retrieve parameter names for node '/bt_navigator_navigate_to_pose_rclcpp_node'
[foxglove_bridge-1] [WARN] [1783252128.184641211] [foxglove_bridge]: Adding node /bt_navigator_navigate_to_pose_rclcpp_node to the ignore list to prevent repeated timeouts or failures in future parameter requests.
[foxglove_bridge-1] [INFO] [1783252128.256365424] [foxglove_bridge]: publishing connection graph
[foxglove_bridge-1] [INFO] [1783252128.972214593] [foxglove_bridge]: publishing connection graph
[foxglove_bridge-1] [INFO] [1783252130.466267261] [foxglove_bridge]: publishing connection graph
[foxglove_bridge-1] [INFO] [1783252131.010957902] [foxglove_bridge]: publishing connection graph
[foxglove_bridge-1] [INFO] [1783252131.899017262] [foxglove_bridge]: publishing connection graph
[foxglove_bridge-1] [INFO] [1783252133.070225303] [foxglove_bridge]: publishing connection graph
[foxglove_bridge-1] [ERROR] [1783252133.300837659] [foxglove_bridge]: Failed to retrieve parameters from node '/bt_navigator_navigate_through_poses_rclcpp_node': Failed to retrieve parameter names for node '/bt_navigator_navigate_through_poses_rclcpp_node'
[foxglove_bridge-1] [WARN] [1783252133.301021492] [foxglove_bridge]: Adding node /bt_navigator_navigate_through_poses_rclcpp_node to the ignore list to prevent repeated timeouts or failures in future parameter requests.
[foxglove_bridge-1] [INFO] [1783252133.423266445] [foxglove_bridge]: received subscribe request for channel 64 from client 2
[foxglove_bridge-1] [INFO] [1783252133.430869242] [foxglove_bridge]: Created ROS subscription on /amcl_pose (geometry_msgs/msg/PoseWithCovarianceStamped) for channel 64
[foxglove_bridge-1] [INFO] [1783252133.431173325] [foxglove_bridge]: received subscribe request for channel 52 from client 2
[foxglove_bridge-1] [INFO] [1783252133.440013914] [foxglove_bridge]: Created ROS subscription on /global_costmap/published_footprint (geometry_msgs/msg/PolygonStamped) for channel 52
[foxglove_bridge-1] [INFO] [1783252133.440306040] [foxglove_bridge]: received subscribe request for channel 65 from client 2
[foxglove_bridge-1] [INFO] [1783252133.447620836] [foxglove_bridge]: Created ROS subscription on /goal_pose (geometry_msgs/msg/PoseStamped) for channel 65
[foxglove_bridge-1] [INFO] [1783252133.447908711] [foxglove_bridge]: received subscribe request for channel 47 from client 2
[foxglove_bridge-1] [INFO] [1783252133.457934134] [foxglove_bridge]: Created ROS subscription on /local_costmap/clearing_endpoints (sensor_msgs/msg/PointCloud2) for channel 47
[foxglove_bridge-1] [INFO] [1783252133.458410885] [foxglove_bridge]: received subscribe request for channel 41 from client 2
[foxglove_bridge-1] [INFO] [1783252133.466315598] [foxglove_bridge]: Created ROS subscription on /local_costmap/published_footprint (geometry_msgs/msg/PolygonStamped) for channel 41
[foxglove_bridge-1] [INFO] [1783252133.466592598] [foxglove_bridge]: received subscribe request for channel 40 from client 2
[foxglove_bridge-1] [INFO] [1783252133.475382604] [foxglove_bridge]: Created ROS subscription on /lookahead_collision_arc (nav_msgs/msg/Path) for channel 40
[foxglove_bridge-1] [INFO] [1783252133.475828229] [foxglove_bridge]: received subscribe request for channel 36 from client 2
[foxglove_bridge-1] [INFO] [1783252133.485803402] [foxglove_bridge]: Created ROS subscription on /plan_smoothed (nav_msgs/msg/Path) for channel 36
[foxglove_bridge-1] [INFO] [1783252133.614700609] [foxglove_bridge]: publishing connection graph
[foxglove_bridge-1] [INFO] [1783252137.891590291] [foxglove_bridge]: publishing connection graph
[foxglove_bridge-1] [INFO] [1783252138.675939371] [foxglove_bridge]: publishing connection graph
[foxglove_bridge-1] [INFO] [1783252139.421813844] [foxglove_bridge]: publishing connection graph
[foxglove_bridge-1] [INFO] [1783252140.056040745] [foxglove_bridge]: publishing connection graph
[foxglove_bridge-1] [INFO] [1783252140.599172880] [foxglove_bridge]: publishing connection graph
[foxglove_bridge-1] [INFO] [1783252144.846723057] [foxglove_bridge]: publishing connection graph
[foxglove_bridge-1] [INFO] [1783252145.412974496] [foxglove_bridge]: publishing connection graph
[foxglove_bridge-1] [INFO] [1783252145.926091234] [foxglove_bridge]: Advertising new channel 66 for topic "/behavior_tree_log"
[foxglove_bridge-1] [INFO] [1783252146.027140173] [foxglove_bridge]: publishing connection graph
[foxglove_bridge-1] [INFO] [1783252146.580313102] [foxglove_bridge]: publishing connection graph
[foxglove_bridge-1] [INFO] [1783252147.511062769] [foxglove_bridge]: publishing connection graph
[foxglove_bridge-1] [INFO] [1783252148.078725499] [foxglove_bridge]: publishing connection graph
[foxglove_bridge-1] [INFO] [1783252149.312095894] [foxglove_bridge]: publishing connection graph
[foxglove_bridge-1] [INFO] [1783252152.211518657] [foxglove_bridge]: publishing connection graph
[foxglove_bridge-1] [INFO] [1783252153.004692358] [foxglove_bridge]: publishing connection graph
[foxglove_bridge-1] [INFO] [1783252153.576381504] [foxglove_bridge]: publishing connection graph
[foxglove_bridge-1] [ERROR] [1783252157.265051327] [foxglove_bridge]: Failed to retrieve parameters from node '/waypoint_follower': Failed to retrieve parameter names for node '/waypoint_follower'
[foxglove_bridge-1] [WARN] [1783252157.265274952] [foxglove_bridge]: Adding node /waypoint_follower to the ignore list to prevent repeated timeouts or failures in future parameter requests.
[foxglove_bridge-1] [ERROR] [1783252157.265543744] [foxglove_bridge]: Failed to retrieve parameters from node '/ydlidar_ros2_driver_node': Failed to retrieve parameter names for node '/ydlidar_ros2_driver_node'
[foxglove_bridge-1] [WARN] [1783252157.265652869] [foxglove_bridge]: Adding node /ydlidar_ros2_driver_node to the ignore list to prevent repeated timeouts or failures in future parameter requests.
[foxglove_bridge-1] [ERROR] [1783252157.355052424] [foxglove_bridge]: Failed to retrieve parameters from node '/static_transform_publisher_KVUUBBEOFjvGR44V': Timed out waiting for 17 parameter(s) from node '/static_transform_publisher_KVUUBBEOFjvGR44V'
[foxglove_bridge-1] [WARN] [1783252157.355229632] [foxglove_bridge]: Adding node /static_transform_publisher_KVUUBBEOFjvGR44V to the ignore list to prevent repeated timeouts or failures in future parameter requests.
[foxglove_bridge-1] [ERROR] [1783252157.357580925] [foxglove_bridge]: Failed to retrieve parameters from node '/map_server': Timed out waiting for 5 parameter(s) from node '/map_server'
[foxglove_bridge-1] [WARN] [1783252157.357743592] [foxglove_bridge]: Adding node /map_server to the ignore list to prevent repeated timeouts or failures in future parameter requests.
[foxglove_bridge-1] [ERROR] [1783252157.358071259] [foxglove_bridge]: Failed to retrieve parameters from node '/lifecycle_manager_navigation': Timed out waiting for 13 parameter(s) from node '/lifecycle_manager_navigation'
[foxglove_bridge-1] [WARN] [1783252157.358161926] [foxglove_bridge]: Adding node /lifecycle_manager_navigation to the ignore list to prevent repeated timeouts or failures in future parameter requests.
[foxglove_bridge-1] [ERROR] [1783252157.358298676] [foxglove_bridge]: Failed to retrieve parameters from node '/velocity_smoother': Timed out waiting for 13 parameter(s) from node '/velocity_smoother'
[foxglove_bridge-1] [WARN] [1783252157.358355884] [foxglove_bridge]: Adding node /velocity_smoother to the ignore list to prevent repeated timeouts or failures in future parameter requests.
[foxglove_bridge-1] [ERROR] [1783252157.358484426] [foxglove_bridge]: Failed to retrieve parameters from node '/amcl': Timed out waiting for 51 parameter(s) from node '/amcl'
[foxglove_bridge-1] [WARN] [1783252157.358532468] [foxglove_bridge]: Adding node /amcl to the ignore list to prevent repeated timeouts or failures in future parameter requests.
[foxglove_bridge-1] [ERROR] [1783252157.361515886] [foxglove_bridge]: Failed to retrieve parameters from node '/lifecycle_manager_localization': Failed to retrieve parameter names for node '/lifecycle_manager_localization'
[foxglove_bridge-1] [WARN] [1783252157.361678886] [foxglove_bridge]: Adding node /lifecycle_manager_localization to the ignore list to prevent repeated timeouts or failures in future parameter requests.
[foxglove_bridge-1] [INFO] [1783252166.874752876] [foxglove_bridge]: publishing connection graph
[foxglove_bridge-1] [INFO] [1783252167.477088575] [foxglove_bridge]: publishing connection graph
[foxglove_bridge-1] [ERROR] [1783252172.106292877] [foxglove_bridge]: Failed to retrieve parameters from node '/nav2_wait_amcl_settle': Timed out waiting for 1 parameter(s) from node '/nav2_wait_amcl_settle'
[foxglove_bridge-1] [WARN] [1783252172.106482918] [foxglove_bridge]: Adding node /nav2_wait_amcl_settle to the ignore list to prevent repeated timeouts or failures in future parameter requests.
[foxglove_bridge-1] [ERROR] [1783252172.106592669] [foxglove_bridge]: Failed to retrieve parameters from node '/local_costmap/local_costmap': Timed out waiting for 66 parameter(s) from node '/local_costmap/local_costmap'
[foxglove_bridge-1] [WARN] [1783252172.106657002] [foxglove_bridge]: Adding node /local_costmap/local_costmap to the ignore list to prevent repeated timeouts or failures in future parameter requests.
[foxglove_bridge-1] [ERROR] [1783252172.106730085] [foxglove_bridge]: Failed to retrieve parameters from node '/m1_pwm_cmd_vel_bridge': Timed out waiting for 1 parameter(s) from node '/m1_pwm_cmd_vel_bridge'
[foxglove_bridge-1] [WARN] [1783252172.106793460] [foxglove_bridge]: Adding node /m1_pwm_cmd_vel_bridge to the ignore list to prevent repeated timeouts or failures in future parameter requests.
[foxglove_bridge-1] [ERROR] [1783252172.106972544] [foxglove_bridge]: Failed to retrieve parameters from node '/smoother_server': Failed to retrieve parameter names for node '/smoother_server'
[foxglove_bridge-1] [WARN] [1783252172.107024210] [foxglove_bridge]: Adding node /smoother_server to the ignore list to prevent repeated timeouts or failures in future parameter requests.
[foxglove_bridge-1] [ERROR] [1783252172.107162294] [foxglove_bridge]: Failed to retrieve parameters from node '/behavior_server': Failed to retrieve parameter names for node '/behavior_server'
[foxglove_bridge-1] [WARN] [1783252172.107209544] [foxglove_bridge]: Adding node /behavior_server to the ignore list to prevent repeated timeouts or failures in future parameter requests.
[foxglove_bridge-1] [ERROR] [1783252172.107369586] [foxglove_bridge]: Failed to retrieve parameters from node '/planner_server': Failed to retrieve parameter names for node '/planner_server'
[foxglove_bridge-1] [WARN] [1783252172.107418336] [foxglove_bridge]: Adding node /planner_server to the ignore list to prevent repeated timeouts or failures in future parameter requests.
[foxglove_bridge-1] [ERROR] [1783252172.107537002] [foxglove_bridge]: Failed to retrieve parameters from node '/global_costmap/global_costmap': Failed to retrieve parameter names for node '/global_costmap/global_costmap'
[foxglove_bridge-1] [WARN] [1783252172.107586502] [foxglove_bridge]: Adding node /global_costmap/global_costmap to the ignore list to prevent repeated timeouts or failures in future parameter requests.
[foxglove_bridge-1] [ERROR] [1783252172.107696336] [foxglove_bridge]: Failed to retrieve parameters from node '/bt_navigator': Timed out waiting for 23 parameter(s) from node '/bt_navigator'
[foxglove_bridge-1] [WARN] [1783252172.107742378] [foxglove_bridge]: Adding node /bt_navigator to the ignore list to prevent repeated timeouts or failures in future parameter requests.
[foxglove_bridge-1] [ERROR] [1783252177.115956178] [foxglove_bridge]: Failed to retrieve parameters from node '/simple_scan_filter': Failed to retrieve parameter names for node '/simple_scan_filter'
[foxglove_bridge-1] [WARN] [1783252177.116314011] [foxglove_bridge]: Adding node /simple_scan_filter to the ignore list to prevent repeated timeouts or failures in future parameter requests.
[foxglove_bridge-1] [INFO] [1783252210.849576899] [foxglove_bridge]: publishing connection graph
[foxglove_bridge-1] [INFO] [1783252211.502828061] [foxglove_bridge]: publishing connection graph
[foxglove_bridge-1] [INFO] [1783252213.330594056] [foxglove_bridge]: publishing connection graph
[foxglove_bridge-1] [INFO] [1783252215.103283725] [foxglove_bridge]: publishing connection graph
[foxglove_bridge-1] [INFO] [1783252216.041544547] [foxglove_bridge]: publishing connection graph
[foxglove_bridge-1] [INFO] [1783252216.651321515] [foxglove_bridge]: publishing connection graph
[foxglove_bridge-1] [INFO] [1783252218.216078479] [foxglove_bridge]: publishing connection graph
[foxglove_bridge-1] [INFO] [1783252220.633921377] [foxglove_bridge]: publishing connection graph
[foxglove_bridge-1] [INFO] [1783252221.602994544] [foxglove_bridge]: publishing connection graph
[foxglove_bridge-1] [INFO] [1783252222.597485891] [foxglove_bridge]: publishing connection graph
[foxglove_bridge-1] [INFO] [1783252223.710699179] [foxglove_bridge]: publishing connection graph
[foxglove_bridge-1] [INFO] [1783252224.585508499] [foxglove_bridge]: publishing connection graph
[foxglove_bridge-1] [INFO] [1783252225.225398022] [foxglove_bridge]: publishing connection graph
[foxglove_bridge-1] [INFO] [1783252226.894191032] [foxglove_bridge]: publishing connection graph
[foxglove_bridge-1] [ERROR] [1783252227.177073397] [foxglove_bridge]: Failed to retrieve parameters from node '/click_nav_wait_map_base': Parameter service for node '/click_nav_wait_map_base' is not ready
[foxglove_bridge-1] [WARN] [1783252227.177915648] [foxglove_bridge]: Adding node /click_nav_wait_map_base to the ignore list to prevent repeated timeouts or failures in future parameter requests.
[foxglove_bridge-1] [INFO] [1783252227.573908034] [foxglove_bridge]: publishing connection graph
[foxglove_bridge-1] [ERROR] [1783252232.813111257] [foxglove_bridge]: Failed to retrieve parameters from node '/pose_memory_node': Timed out waiting for 1 parameter(s) from node '/pose_memory_node'
[foxglove_bridge-1] [WARN] [1783252232.813322049] [foxglove_bridge]: Adding node /pose_memory_node to the ignore list to prevent repeated timeouts or failures in future parameter requests.
[foxglove_bridge-1] [INFO] [1783252248.744331027] [foxglove_bridge]: publishing connection graph
[foxglove_bridge-1] [INFO] [1783252251.629839653] [foxglove_bridge]: publishing connection graph
[foxglove_bridge-1] [INFO] [1783252252.142367468] [foxglove_bridge]: Advertising new channel 67 for topic "/foxglove_map_viz"
[foxglove_bridge-1] [INFO] [1783252252.142778552] [foxglove_bridge]: Advertising new channel 68 for topic "/foxglove_goal_pose"
[foxglove_bridge-1] [INFO] [1783252252.144439178] [foxglove_bridge]: Advertising new channel 69 for topic "/foxglove_click_trajectory_dots"
[foxglove_bridge-1] [INFO] [1783252252.144820136] [foxglove_bridge]: Advertising new channel 70 for topic "/foxglove_click_planned_path"
[foxglove_bridge-1] [INFO] [1783252252.145202970] [foxglove_bridge]: Advertising new channel 71 for topic "/foxglove_click_path_marker"
[foxglove_bridge-1] [INFO] [1783252252.145573428] [foxglove_bridge]: Advertising new channel 72 for topic "/foxglove_click_goal_marker"
[foxglove_bridge-1] [INFO] [1783252252.145946470] [foxglove_bridge]: Advertising new channel 73 for topic "/foxglove_click_goal_label"
[foxglove_bridge-1] [INFO] [1783252252.146224220] [foxglove_bridge]: Advertising new channel 74 for topic "/foxglove_click_accepted_goal"
[foxglove_bridge-1] [INFO] [1783252252.146634179] [foxglove_bridge]: Advertising new channel 75 for topic "/foxglove_click_start_marker"
[foxglove_bridge-1] [INFO] [1783252252.379457803] [foxglove_bridge]: received subscribe request for channel 74 from client 2
[foxglove_bridge-1] [INFO] [1783252252.505520579] [foxglove_bridge]: Created ROS subscription on /foxglove_click_accepted_goal (geometry_msgs/msg/PoseStamped) for channel 74
[foxglove_bridge-1] [INFO] [1783252252.510550290] [foxglove_bridge]: received subscribe request for channel 73 from client 2
[foxglove_bridge-1] [INFO] [1783252252.705347893] [foxglove_bridge]: Created ROS subscription on /foxglove_click_goal_label (visualization_msgs/msg/Marker) for channel 73
[foxglove_bridge-1] [INFO] [1783252252.705620643] [foxglove_bridge]: received subscribe request for channel 72 from client 2
[foxglove_bridge-1] [INFO] [1783252252.731172365] [foxglove_bridge]: Created ROS subscription on /foxglove_click_goal_marker (visualization_msgs/msg/Marker) for channel 72
[foxglove_bridge-1] [INFO] [1783252252.731585241] [foxglove_bridge]: received subscribe request for channel 71 from client 2
[foxglove_bridge-1] [INFO] [1783252252.769318761] [foxglove_bridge]: Created ROS subscription on /foxglove_click_path_marker (visualization_msgs/msg/Marker) for channel 71
[foxglove_bridge-1] [INFO] [1783252252.769620928] [foxglove_bridge]: received subscribe request for channel 75 from client 2
[foxglove_bridge-1] [INFO] [1783252252.795119983] [foxglove_bridge]: Created ROS subscription on /foxglove_click_start_marker (visualization_msgs/msg/Marker) for channel 75
[foxglove_bridge-1] [INFO] [1783252252.795913192] [foxglove_bridge]: received subscribe request for channel 69 from client 2
[foxglove_bridge-1] [INFO] [1783252252.825707624] [foxglove_bridge]: Created ROS subscription on /foxglove_click_trajectory_dots (visualization_msgs/msg/Marker) for channel 69
[foxglove_bridge-1] [INFO] [1783252252.827927250] [foxglove_bridge]: received subscribe request for channel 68 from client 2
[foxglove_bridge-1] [INFO] [1783252252.858417392] [foxglove_bridge]: Created ROS subscription on /foxglove_goal_pose (geometry_msgs/msg/PoseStamped) for channel 68
[foxglove_bridge-1] [INFO] [1783252252.863848311] [foxglove_bridge]: received subscribe request for channel 67 from client 2
[foxglove_bridge-1] [INFO] [1783252252.867501396] [foxglove_bridge]: publishing connection graph
[foxglove_bridge-1] [INFO] [1783252252.903974249] [foxglove_bridge]: Created ROS subscription on /foxglove_map_viz (nav_msgs/msg/OccupancyGrid) for channel 67
[foxglove_bridge-1] [INFO] [1783252253.492706729] [foxglove_bridge]: publishing connection graph
[foxglove_bridge-1] [INFO] [1783252266.919284087] [foxglove_bridge]: publishing connection graph
[foxglove_bridge-1] [INFO] [1783252272.095352604] [foxglove_bridge]: publishing connection graph
[foxglove_bridge-1] [INFO] [1783252272.782842709] [foxglove_bridge]: publishing connection graph
[foxglove_bridge-1] [ERROR] [1783252277.452336859] [foxglove_bridge]: Failed to retrieve parameters from node '/foxglove_click_goal_bridge': Timed out waiting for 1 parameter(s) from node '/foxglove_click_goal_bridge'
[foxglove_bridge-1] [WARN] [1783252277.452558942] [foxglove_bridge]: Adding node /foxglove_click_goal_bridge to the ignore list to prevent repeated timeouts or failures in future parameter requests.
[foxglove_bridge-1] [INFO] [1783252403.331143238] [foxglove_bridge]: received subscribe request for channel 35 from client 2
[foxglove_bridge-1] [INFO] [1783252403.370707880] [foxglove_bridge]: Created ROS subscription on /received_global_plan (nav_msgs/msg/Path) for channel 35
[foxglove_bridge-1] [INFO] [1783252403.531367821] [foxglove_bridge]: publishing connection graph
[foxglove_bridge-1] [INFO] [1783252404.162181583] [foxglove_bridge]: publishing connection graph
[foxglove_bridge-1] [INFO] [1783252405.109916767] [foxglove_bridge]: received subscribe request for channel 37 from client 2
[foxglove_bridge-1] [INFO] [1783252405.131281901] [foxglove_bridge]: Created ROS subscription on /plan (nav_msgs/msg/Path) for channel 37
[foxglove_bridge-1] [INFO] [1783252405.324885106] [foxglove_bridge]: publishing connection graph
[foxglove_bridge-1] [INFO] [1783252406.070334247] [foxglove_bridge]: publishing connection graph
[foxglove_bridge-1] [INFO] [1783252551.601061987] [foxglove_bridge]: received unsubscribe request for channel 36 from client 2
[foxglove_bridge-1] [INFO] [1783252551.601269112] [foxglove_bridge]: Cleaned up ROS subscription for channel 36 (no more subscribers)
[foxglove_bridge-1] [INFO] [1783252551.601365903] [foxglove_bridge]: received unsubscribe request for channel 19 from client 2
[foxglove_bridge-1] [INFO] [1783252551.601413112] [foxglove_bridge]: received unsubscribe request for channel 71 from client 2
[foxglove_bridge-1] [INFO] [1783252551.601451612] [foxglove_bridge]: Cleaned up ROS subscription for channel 71 (no more subscribers)
[foxglove_bridge-1] [INFO] [1783252551.601504695] [foxglove_bridge]: received unsubscribe request for channel 41 from client 2
[foxglove_bridge-1] [INFO] [1783252551.601543320] [foxglove_bridge]: Cleaned up ROS subscription for channel 41 (no more subscribers)
[foxglove_bridge-1] [INFO] [1783252551.601594445] [foxglove_bridge]: received unsubscribe request for channel 52 from client 2
[foxglove_bridge-1] [INFO] [1783252551.601632570] [foxglove_bridge]: Cleaned up ROS subscription for channel 52 (no more subscribers)
[foxglove_bridge-1] [INFO] [1783252551.601743612] [foxglove_bridge]: received unsubscribe request for channel 40 from client 2
[foxglove_bridge-1] [INFO] [1783252551.601784362] [foxglove_bridge]: Cleaned up ROS subscription for channel 40 (no more subscribers)
[foxglove_bridge-1] [INFO] [1783252551.601829779] [foxglove_bridge]: received unsubscribe request for channel 27 from client 2
[foxglove_bridge-1] [INFO] [1783252551.601868779] [foxglove_bridge]: Cleaned up ROS subscription for channel 27 (no more subscribers)
[foxglove_bridge-1] [INFO] [1783252551.601923945] [foxglove_bridge]: received unsubscribe request for channel 73 from client 2
[foxglove_bridge-1] [INFO] [1783252551.601963445] [foxglove_bridge]: Cleaned up ROS subscription for channel 73 (no more subscribers)
[foxglove_bridge-1] [INFO] [1783252551.602013904] [foxglove_bridge]: received unsubscribe request for channel 18 from client 2
[foxglove_bridge-1] [INFO] [1783252551.602051695] [foxglove_bridge]: Cleaned up ROS subscription for channel 18 (no more subscribers)
[foxglove_bridge-1] [INFO] [1783252551.602097029] [foxglove_bridge]: received unsubscribe request for channel 5 from client 2
[foxglove_bridge-1] [INFO] [1783252551.602911987] [foxglove_bridge]: received unsubscribe request for channel 23 from client 2
[foxglove_bridge-1] [INFO] [1783252551.603025987] [foxglove_bridge]: Cleaned up ROS subscription for channel 23 (no more subscribers)
[foxglove_bridge-1] [INFO] [1783252551.603373529] [foxglove_bridge]: received unsubscribe request for channel 35 from client 2
[foxglove_bridge-1] [INFO] [1783252551.603455112] [foxglove_bridge]: Cleaned up ROS subscription for channel 35 (no more subscribers)
[foxglove_bridge-1] [INFO] [1783252551.603511404] [foxglove_bridge]: received unsubscribe request for channel 75 from client 2
[foxglove_bridge-1] [INFO] [1783252551.603817029] [foxglove_bridge]: Cleaned up ROS subscription for channel 75 (no more subscribers)
[foxglove_bridge-1] [INFO] [1783252551.604158154] [foxglove_bridge]: received unsubscribe request for channel 74 from client 2
[foxglove_bridge-1] [INFO] [1783252551.604216571] [foxglove_bridge]: Cleaned up ROS subscription for channel 74 (no more subscribers)
[foxglove_bridge-1] [INFO] [1783252551.604274529] [foxglove_bridge]: received unsubscribe request for channel 68 from client 2
[foxglove_bridge-1] [INFO] [1783252551.604314321] [foxglove_bridge]: Cleaned up ROS subscription for channel 68 (no more subscribers)
[foxglove_bridge-1] [INFO] [1783252551.604361988] [foxglove_bridge]: received unsubscribe request for channel 67 from client 2
[foxglove_bridge-1] [INFO] [1783252551.604401321] [foxglove_bridge]: Cleaned up ROS subscription for channel 67 (no more subscribers)
[foxglove_bridge-1] [INFO] [1783252551.604457571] [foxglove_bridge]: received unsubscribe request for channel 2 from client 2
[foxglove_bridge-1] [INFO] [1783252551.604506363] [foxglove_bridge]: received unsubscribe request for channel 12 from client 2
[foxglove_bridge-1] [INFO] [1783252551.604546196] [foxglove_bridge]: received unsubscribe request for channel 13 from client 2
[foxglove_bridge-1] [INFO] [1783252551.604585196] [foxglove_bridge]: received unsubscribe request for channel 3 from client 2
[foxglove_bridge-1] [INFO] [1783252551.604623821] [foxglove_bridge]: received unsubscribe request for channel 17 from client 2
[foxglove_bridge-1] [INFO] [1783252551.604661488] [foxglove_bridge]: received unsubscribe request for channel 47 from client 2
[foxglove_bridge-1] [INFO] [1783252551.604697904] [foxglove_bridge]: Cleaned up ROS subscription for channel 47 (no more subscribers)
[foxglove_bridge-1] [INFO] [1783252551.604749946] [foxglove_bridge]: received unsubscribe request for channel 37 from client 2
[foxglove_bridge-1] [INFO] [1783252551.604788821] [foxglove_bridge]: Cleaned up ROS subscription for channel 37 (no more subscribers)
[foxglove_bridge-1] [INFO] [1783252551.604834988] [foxglove_bridge]: received unsubscribe request for channel 26 from client 2
[foxglove_bridge-1] [INFO] [1783252551.604874571] [foxglove_bridge]: Cleaned up ROS subscription for channel 26 (no more subscribers)
[foxglove_bridge-1] [INFO] [1783252551.604926405] [foxglove_bridge]: received unsubscribe request for channel 69 from client 2
[foxglove_bridge-1] [INFO] [1783252551.604964655] [foxglove_bridge]: Cleaned up ROS subscription for channel 69 (no more subscribers)
[foxglove_bridge-1] [INFO] [1783252551.605015988] [foxglove_bridge]: received unsubscribe request for channel 64 from client 2
[foxglove_bridge-1] [INFO] [1783252551.605055446] [foxglove_bridge]: Cleaned up ROS subscription for channel 64 (no more subscribers)
[foxglove_bridge-1] [INFO] [1783252551.605106780] [foxglove_bridge]: received unsubscribe request for channel 6 from client 2
[foxglove_bridge-1] [INFO] [1783252551.605145821] [foxglove_bridge]: Cleaned up ROS subscription for channel 6 (no more subscribers)
[foxglove_bridge-1] [INFO] [1783252551.605195071] [foxglove_bridge]: received unsubscribe request for channel 16 from client 2
[foxglove_bridge-1] [INFO] [1783252551.605235405] [foxglove_bridge]: received unsubscribe request for channel 72 from client 2
[foxglove_bridge-1] [INFO] [1783252551.605272363] [foxglove_bridge]: Cleaned up ROS subscription for channel 72 (no more subscribers)
[foxglove_bridge-1] [INFO] [1783252551.605326030] [foxglove_bridge]: received unsubscribe request for channel 65 from client 2
[foxglove_bridge-1] [INFO] [1783252551.605364446] [foxglove_bridge]: Cleaned up ROS subscription for channel 65 (no more subscribers)
[foxglove_bridge-1] [INFO] [1783252551.892692745] [foxglove_bridge]: publishing connection graph
[foxglove_bridge-1] [INFO] [1783252552.541360491] [foxglove_bridge]: publishing connection graph
[foxglove_bridge-1] [INFO] [1783252557.122351507] [rclcpp]: signal_handler(signum=2)
[foxglove_bridge-1] [INFO] [1783252557.131669218] [foxglove_bridge]: Shutting down foxglove_bridge
[foxglove_bridge-1] [INFO] [1783252559.117200252] [foxglove_bridge]: received connection graph subscribe request
[foxglove_bridge-1] [INFO] [1783252559.117290418] [foxglove_bridge]: received unsubscribe request for channel 3 from client 1
[foxglove_bridge-1] [INFO] [1783252559.117311002] [foxglove_bridge]: Cleaned up ROS subscription for channel 3 (no more subscribers)
[foxglove_bridge-1] [INFO] [1783252559.127864213] [foxglove_bridge]: received unsubscribe request for channel 13 from client 1
[foxglove_bridge-1] [INFO] [1783252559.127939672] [foxglove_bridge]: Cleaned up ROS subscription for channel 13 (no more subscribers)
[foxglove_bridge-1] [INFO] [1783252559.143553677] [foxglove_bridge]: received unsubscribe request for channel 19 from client 1
[foxglove_bridge-1] [INFO] [1783252559.145129635] [foxglove_bridge]: Cleaned up ROS subscription for channel 19 (no more subscribers)
[foxglove_bridge-1] [INFO] [1783252559.158503806] [foxglove_bridge]: received unsubscribe request for channel 5 from client 1
[foxglove_bridge-1] [INFO] [1783252559.161626765] [foxglove_bridge]: Cleaned up ROS subscription for channel 5 (no more subscribers)
[foxglove_bridge-1] [INFO] [1783252559.175695228] [foxglove_bridge]: received unsubscribe request for channel 12 from client 1
[foxglove_bridge-1] [INFO] [1783252559.178882104] [foxglove_bridge]: Cleaned up ROS subscription for channel 12 (no more subscribers)
[foxglove_bridge-1] [INFO] [1783252559.194208984] [foxglove_bridge]: received unsubscribe request for channel 22 from client 1
[foxglove_bridge-1] [INFO] [1783252559.197254943] [foxglove_bridge]: Cleaned up ROS subscription for channel 22 (no more subscribers)
[foxglove_bridge-1] [INFO] [1783252559.212067656] [foxglove_bridge]: received unsubscribe request for channel 2 from client 1
[foxglove_bridge-1] [INFO] [1783252559.215021532] [foxglove_bridge]: Cleaned up ROS subscription for channel 2 (no more subscribers)
[foxglove_bridge-1] [INFO] [1783252559.230779537] [foxglove_bridge]: received unsubscribe request for channel 8 from client 1
[foxglove_bridge-1] [INFO] [1783252559.232248954] [foxglove_bridge]: Cleaned up ROS subscription for channel 8 (no more subscribers)
[foxglove_bridge-1] [INFO] [1783252559.243871791] [foxglove_bridge]: received unsubscribe request for channel 16 from client 1
[foxglove_bridge-1] [INFO] [1783252559.243946583] [foxglove_bridge]: Cleaned up ROS subscription for channel 16 (no more subscribers)
[foxglove_bridge-1] [INFO] [1783252559.255185336] [foxglove_bridge]: received unsubscribe request for channel 17 from client 1
[foxglove_bridge-1] [INFO] [1783252559.255258878] [foxglove_bridge]: Cleaned up ROS subscription for channel 17 (no more subscribers)
[foxglove_bridge-1] [INFO] [1783252559.269230215] [foxglove_bridge]: Shutdown complete
[INFO] [foxglove_bridge-1]: process has finished cleanly [pid 97359]
