[INFO] [launch]: All log files can be found below /root/.ros/log/2026-07-05-19-48-34-491255-ubuntu-97501
[INFO] [launch]: Default logging verbosity is set to INFO
[INFO] [map_server-1]: process started with pid [97513]
[INFO] [amcl-2]: process started with pid [97515]
[INFO] [lifecycle_manager-3]: process started with pid [97517]
[INFO] [controller_server-4]: process started with pid [97519]
[INFO] [smoother_server-5]: process started with pid [97521]
[INFO] [planner_server-6]: process started with pid [97523]
[INFO] [behavior_server-7]: process started with pid [97525]
[INFO] [bt_navigator-8]: process started with pid [97527]
[INFO] [waypoint_follower-9]: process started with pid [97529]
[INFO] [velocity_smoother-10]: process started with pid [97531]
[INFO] [lifecycle_manager-11]: process started with pid [97550]
[lifecycle_manager-3] [INFO] [1783252117.114877443] [lifecycle_manager_localization]: Creating
[lifecycle_manager-11] [INFO] [1783252117.116027235] [lifecycle_manager_navigation]: Creating
[waypoint_follower-9] [INFO] [1783252117.139679750] [waypoint_follower]: 
[waypoint_follower-9] 	waypoint_follower lifecycle node launched. 
[waypoint_follower-9] 	Waiting on external lifecycle transitions to activate
[waypoint_follower-9] 	See https://design.ros2.org/articles/node_lifecycle.html for more information.
[waypoint_follower-9] [INFO] [1783252117.167062935] [waypoint_follower]: Creating
[lifecycle_manager-3] [INFO] [1783252117.211302131] [lifecycle_manager_localization]: [34m[1mCreating and initializing lifecycle service clients[0m[0m
[planner_server-6] [INFO] [1783252117.234216646] [planner_server]: 
[planner_server-6] 	planner_server lifecycle node launched. 
[planner_server-6] 	Waiting on external lifecycle transitions to activate
[planner_server-6] 	See https://design.ros2.org/articles/node_lifecycle.html for more information.
[lifecycle_manager-11] [INFO] [1783252117.245138111] [lifecycle_manager_navigation]: [34m[1mCreating and initializing lifecycle service clients[0m[0m
[behavior_server-7] [INFO] [1783252117.324359788] [behavior_server]: 
[behavior_server-7] 	behavior_server lifecycle node launched. 
[behavior_server-7] 	Waiting on external lifecycle transitions to activate
[behavior_server-7] 	See https://design.ros2.org/articles/node_lifecycle.html for more information.
[planner_server-6] [INFO] [1783252117.331030667] [planner_server]: Creating
[controller_server-4] [INFO] [1783252117.358953435] [controller_server]: 
[controller_server-4] 	controller_server lifecycle node launched. 
[controller_server-4] 	Waiting on external lifecycle transitions to activate
[controller_server-4] 	See https://design.ros2.org/articles/node_lifecycle.html for more information.
[bt_navigator-8] [INFO] [1783252117.435231069] [bt_navigator]: 
[bt_navigator-8] 	bt_navigator lifecycle node launched. 
[bt_navigator-8] 	Waiting on external lifecycle transitions to activate
[bt_navigator-8] 	See https://design.ros2.org/articles/node_lifecycle.html for more information.
[amcl-2] [INFO] [1783252117.437754362] [amcl]: 
[amcl-2] 	amcl lifecycle node launched. 
[amcl-2] 	Waiting on external lifecycle transitions to activate
[amcl-2] 	See https://design.ros2.org/articles/node_lifecycle.html for more information.
[amcl-2] [INFO] [1783252117.445232742] [amcl]: Creating
[bt_navigator-8] [INFO] [1783252117.445888242] [bt_navigator]: Creating
[velocity_smoother-10] [INFO] [1783252117.487353644] [velocity_smoother]: 
[velocity_smoother-10] 	velocity_smoother lifecycle node launched. 
[velocity_smoother-10] 	Waiting on external lifecycle transitions to activate
[velocity_smoother-10] 	See https://design.ros2.org/articles/node_lifecycle.html for more information.
[map_server-1] [INFO] [1783252117.552887271] [map_server]: 
[map_server-1] 	map_server lifecycle node launched. 
[map_server-1] 	Waiting on external lifecycle transitions to activate
[map_server-1] 	See https://design.ros2.org/articles/node_lifecycle.html for more information.
[map_server-1] [INFO] [1783252117.559315025] [map_server]: Creating
[controller_server-4] [INFO] [1783252117.554072605] [controller_server]: Creating controller server
[smoother_server-5] [INFO] [1783252117.560690401] [smoother_server]: 
[smoother_server-5] 	smoother_server lifecycle node launched. 
[smoother_server-5] 	Waiting on external lifecycle transitions to activate
[smoother_server-5] 	See https://design.ros2.org/articles/node_lifecycle.html for more information.
[smoother_server-5] [INFO] [1783252117.574039785] [smoother_server]: Creating smoother server
[planner_server-6] [INFO] [1783252118.206653948] [global_costmap.global_costmap]: 
[planner_server-6] 	global_costmap lifecycle node launched. 
[planner_server-6] 	Waiting on external lifecycle transitions to activate
[planner_server-6] 	See https://design.ros2.org/articles/node_lifecycle.html for more information.
[planner_server-6] [INFO] [1783252118.208663866] [global_costmap.global_costmap]: Creating Costmap
[controller_server-4] [INFO] [1783252118.787574036] [local_costmap.local_costmap]: 
[controller_server-4] 	local_costmap lifecycle node launched. 
[controller_server-4] 	Waiting on external lifecycle transitions to activate
[controller_server-4] 	See https://design.ros2.org/articles/node_lifecycle.html for more information.
[controller_server-4] [INFO] [1783252118.799305543] [local_costmap.local_costmap]: Creating Costmap
[lifecycle_manager-3] [INFO] [1783252119.507175088] [lifecycle_manager_localization]: [34m[1mStarting managed nodes bringup...[0m[0m
[lifecycle_manager-3] [INFO] [1783252119.511896842] [lifecycle_manager_localization]: [34m[1mConfiguring map_server[0m[0m
[map_server-1] [INFO] [1783252119.523576891] [map_server]: Configuring
[map_server-1] [INFO] [1783252119.523882308] [map_io]: Loading yaml file: /root/rdk_x5_vln_robot/maps/joy_calibrated_corridor_map.yaml
[map_server-1] [INFO] [1783252119.524991058] [map_io]: resolution: 0.05
[map_server-1] [INFO] [1783252119.525078183] [map_io]: origin[0]: -10
[map_server-1] [INFO] [1783252119.525110809] [map_io]: origin[1]: -4.17
[map_server-1] [INFO] [1783252119.525139475] [map_io]: origin[2]: 0
[map_server-1] [INFO] [1783252119.525168184] [map_io]: free_thresh: 0.25
[map_server-1] [INFO] [1783252119.525196642] [map_io]: occupied_thresh: 0.65
[map_server-1] [INFO] [1783252119.525230350] [map_io]: mode: trinary
[map_server-1] [INFO] [1783252119.525259684] [map_io]: negate: 0
[map_server-1] [INFO] [1783252119.526029892] [map_io]: Loading image_file: /root/rdk_x5_vln_robot/maps/joy_calibrated_corridor_map.pgm
[map_server-1] [INFO] [1783252119.677854283] [map_io]: Read map /root/rdk_x5_vln_robot/maps/joy_calibrated_corridor_map.pgm: 226 X 293 map @ 0.05 m/cell
[lifecycle_manager-3] [INFO] [1783252119.897647593] [lifecycle_manager_localization]: [34m[1mConfiguring amcl[0m[0m
[amcl-2] [INFO] [1783252119.899137177] [amcl]: Configuring
[amcl-2] [INFO] [1783252119.899495011] [amcl]: initTransforms
[lifecycle_manager-11] [INFO] [1783252119.930152448] [lifecycle_manager_navigation]: [34m[1mStarting managed nodes bringup...[0m[0m
[lifecycle_manager-11] [INFO] [1783252119.930373989] [lifecycle_manager_navigation]: [34m[1mConfiguring controller_server[0m[0m
[controller_server-4] [INFO] [1783252119.933671408] [controller_server]: Configuring controller interface
[controller_server-4] [INFO] [1783252119.934442742] [controller_server]: getting goal checker plugins..
[controller_server-4] [INFO] [1783252119.934936159] [controller_server]: Controller frequency set to 10.0000Hz
[controller_server-4] [INFO] [1783252119.935167493] [local_costmap.local_costmap]: Configuring
[amcl-2] [INFO] [1783252120.024353842] [amcl]: initPubSub
[controller_server-4] [INFO] [1783252120.089918760] [local_costmap.local_costmap]: Using plugin "static_layer"
[amcl-2] [INFO] [1783252120.093555596] [amcl]: Subscribed to map topic.
[controller_server-4] [INFO] [1783252120.140296751] [local_costmap.local_costmap]: Subscribing to the map topic (/map) with transient local durability
[lifecycle_manager-3] [INFO] [1783252120.148834173] [lifecycle_manager_localization]: [34m[1mActivating map_server[0m[0m
[map_server-1] [INFO] [1783252120.149938424] [map_server]: Activating
[map_server-1] [INFO] [1783252120.151505258] [map_server]: Creating bond (map_server) to lifecycle manager.
[amcl-2] [INFO] [1783252120.158101263] [amcl]: Received a 226 X 293 map @ 0.050 m/pix
[controller_server-4] [INFO] [1783252120.171815438] [local_costmap.local_costmap]: Initialized plugin "static_layer"
[controller_server-4] [INFO] [1783252120.171961730] [local_costmap.local_costmap]: Using plugin "voxel_layer"
[controller_server-4] [INFO] [1783252120.195245912] [local_costmap.local_costmap]: Subscribed to Topics: scan
[controller_server-4] [INFO] [1783252120.297857104] [local_costmap.local_costmap]: Initialized plugin "voxel_layer"
[controller_server-4] [INFO] [1783252120.298019187] [local_costmap.local_costmap]: Using plugin "inflation_layer"
[lifecycle_manager-3] [INFO] [1783252120.298432021] [lifecycle_manager_localization]: Server map_server connected with bond.
[lifecycle_manager-3] [INFO] [1783252120.298648646] [lifecycle_manager_localization]: [34m[1mActivating amcl[0m[0m
[amcl-2] [INFO] [1783252120.305164442] [amcl]: Activating
[amcl-2] [INFO] [1783252120.305680609] [amcl]: Creating bond (amcl) to lifecycle manager.
[controller_server-4] [INFO] [1783252120.324064079] [local_costmap.local_costmap]: Initialized plugin "inflation_layer"
[amcl-2] [INFO] [1783252120.355842475] [amcl]: createLaserObject
[lifecycle_manager-3] [INFO] [1783252120.464597296] [lifecycle_manager_localization]: Server amcl connected with bond.
[lifecycle_manager-3] [INFO] [1783252120.464781879] [lifecycle_manager_localization]: [34m[1mManaged nodes are active[0m[0m
[lifecycle_manager-3] [INFO] [1783252120.464847254] [lifecycle_manager_localization]: [34m[1mCreating bond timer...[0m[0m
[controller_server-4] [INFO] [1783252120.471437550] [local_costmap.local_costmap]: StaticLayer: Resizing static layer to 226 X 293 at 0.050000 m/pix
[controller_server-4] [INFO] [1783252120.472770051] [controller_server]: Created progress_checker : progress_checker of type nav2_controller::SimpleProgressChecker
[controller_server-4] [INFO] [1783252120.487839144] [controller_server]: Created goal checker : general_goal_checker of type nav2_controller::SimpleGoalChecker
[controller_server-4] [INFO] [1783252120.498215693] [controller_server]: Controller Server has general_goal_checker  goal checkers available.
[controller_server-4] [INFO] [1783252120.502874029] [controller_server]: Created controller : FollowPath of type nav2_regulated_pure_pursuit_controller::RegulatedPurePursuitController
[controller_server-4] [INFO] [1783252120.584268374] [controller_server]: Controller Server has FollowPath  controllers available.
[lifecycle_manager-11] [INFO] [1783252120.731438136] [lifecycle_manager_navigation]: [34m[1mConfiguring smoother_server[0m[0m
[smoother_server-5] [INFO] [1783252120.732721179] [smoother_server]: Configuring smoother server
[smoother_server-5] [INFO] [1783252120.837741330] [smoother_server]: Created smoother : simple_smoother of type nav2_smoother::SimpleSmoother
[smoother_server-5] [INFO] [1783252120.840226290] [smoother_server]: Smoother Server has simple_smoother  smoothers available.
[lifecycle_manager-11] [INFO] [1783252120.908719668] [lifecycle_manager_navigation]: [34m[1mConfiguring planner_server[0m[0m
[planner_server-6] [INFO] [1783252120.910299836] [planner_server]: Configuring
[planner_server-6] [INFO] [1783252120.910513836] [global_costmap.global_costmap]: Configuring
[planner_server-6] [INFO] [1783252120.970676500] [global_costmap.global_costmap]: Using plugin "static_layer"
[planner_server-6] [INFO] [1783252120.993558973] [global_costmap.global_costmap]: Subscribing to the map topic (/map) with transient local durability
[planner_server-6] [INFO] [1783252121.010306776] [global_costmap.global_costmap]: Initialized plugin "static_layer"
[planner_server-6] [INFO] [1783252121.010493276] [global_costmap.global_costmap]: Using plugin "inflation_layer"
[planner_server-6] [INFO] [1783252121.028608621] [global_costmap.global_costmap]: Initialized plugin "inflation_layer"
[planner_server-6] [INFO] [1783252121.129360728] [global_costmap.global_costmap]: StaticLayer: Resizing costmap to 226 X 293 at 0.050000 m/pix
[planner_server-6] [INFO] [1783252121.130418187] [planner_server]: Created global planner plugin GridBased of type nav2_navfn_planner/NavfnPlanner
[planner_server-6] [INFO] [1783252121.130571438] [planner_server]: Configuring plugin GridBased of type NavfnPlanner
[planner_server-6] [INFO] [1783252121.139001985] [planner_server]: Planner Server has GridBased  planners available.
[lifecycle_manager-11] [INFO] [1783252121.234604672] [lifecycle_manager_navigation]: [34m[1mConfiguring behavior_server[0m[0m
[behavior_server-7] [INFO] [1783252121.236870548] [behavior_server]: Configuring
[behavior_server-7] [INFO] [1783252121.307499553] [behavior_server]: Creating behavior plugin spin of type nav2_behaviors/Spin
[behavior_server-7] [INFO] [1783252121.312477306] [behavior_server]: Configuring spin
[behavior_server-7] [INFO] [1783252121.383130060] [behavior_server]: Creating behavior plugin backup of type nav2_behaviors/BackUp
[behavior_server-7] [INFO] [1783252121.386790604] [behavior_server]: Configuring backup
[behavior_server-7] [INFO] [1783252121.435819761] [behavior_server]: Creating behavior plugin drive_on_heading of type nav2_behaviors/DriveOnHeading
[behavior_server-7] [INFO] [1783252121.439302888] [behavior_server]: Configuring drive_on_heading
[behavior_server-7] [INFO] [1783252121.484802418] [behavior_server]: Creating behavior plugin assisted_teleop of type nav2_behaviors/AssistedTeleop
[behavior_server-7] [INFO] [1783252121.492876548] [behavior_server]: Configuring assisted_teleop
[behavior_server-7] [INFO] [1783252121.540434079] [behavior_server]: Creating behavior plugin wait of type nav2_behaviors/Wait
[behavior_server-7] [INFO] [1783252121.543739623] [behavior_server]: Configuring wait
[lifecycle_manager-11] [INFO] [1783252121.582906273] [lifecycle_manager_navigation]: [34m[1mConfiguring bt_navigator[0m[0m
[bt_navigator-8] [INFO] [1783252121.584596566] [bt_navigator]: Configuring
[amcl-2] [WARN] [1783252121.960137894] [amcl]: AMCL cannot publish a pose or update the transform. Please set the initial pose...
[lifecycle_manager-11] [INFO] [1783252122.139166051] [lifecycle_manager_navigation]: [34m[1mConfiguring waypoint_follower[0m[0m
[waypoint_follower-9] [INFO] [1783252122.140593844] [waypoint_follower]: Configuring
[amcl-2] [INFO] [1783252122.157802105] [amcl]: Message Filter dropping message: frame 'laser' at time 1783252119.947 for reason 'the timestamp on the message is earlier than all the data in the transform cache'
[waypoint_follower-9] [INFO] [1783252122.257695712] [waypoint_follower]: Created waypoint_task_executor : wait_at_waypoint of type nav2_waypoint_follower::WaitAtWaypoint
[lifecycle_manager-11] [INFO] [1783252122.263371924] [lifecycle_manager_navigation]: [34m[1mConfiguring velocity_smoother[0m[0m
[velocity_smoother-10] [INFO] [1783252122.265663509] [velocity_smoother]: Configuring velocity smoother
[lifecycle_manager-11] [INFO] [1783252122.292001026] [lifecycle_manager_navigation]: [34m[1mActivating controller_server[0m[0m
[controller_server-4] [INFO] [1783252122.293555527] [controller_server]: Activating
[controller_server-4] [INFO] [1783252122.293752027] [local_costmap.local_costmap]: Activating
[controller_server-4] [INFO] [1783252122.293819319] [local_costmap.local_costmap]: Checking transform
[controller_server-4] [INFO] [1783252122.293951819] [local_costmap.local_costmap]: Timed out waiting for transform from base_link to map to become available, tf error: Invalid frame ID "map" passed to canTransform argument target_frame - frame does not exist
[controller_server-4] [INFO] [1783252122.793984185] [local_costmap.local_costmap]: Timed out waiting for transform from base_link to map to become available, tf error: Invalid frame ID "map" passed to canTransform argument target_frame - frame does not exist
[controller_server-4] [INFO] [1783252123.293981093] [local_costmap.local_costmap]: Timed out waiting for transform from base_link to map to become available, tf error: Invalid frame ID "map" passed to canTransform argument target_frame - frame does not exist
[controller_server-4] [INFO] [1783252123.794008250] [local_costmap.local_costmap]: Timed out waiting for transform from base_link to map to become available, tf error: Invalid frame ID "map" passed to canTransform argument target_frame - frame does not exist
[amcl-2] [WARN] [1783252124.052285417] [amcl]: AMCL cannot publish a pose or update the transform. Please set the initial pose...
[controller_server-4] [INFO] [1783252124.293975949] [local_costmap.local_costmap]: Timed out waiting for transform from base_link to map to become available, tf error: Invalid frame ID "map" passed to canTransform argument target_frame - frame does not exist
[controller_server-4] [INFO] [1783252124.794008314] [local_costmap.local_costmap]: Timed out waiting for transform from base_link to map to become available, tf error: Invalid frame ID "map" passed to canTransform argument target_frame - frame does not exist
[controller_server-4] [INFO] [1783252125.294054096] [local_costmap.local_costmap]: Timed out waiting for transform from base_link to map to become available, tf error: Invalid frame ID "map" passed to canTransform argument target_frame - frame does not exist
[controller_server-4] [INFO] [1783252125.794007461] [local_costmap.local_costmap]: Timed out waiting for transform from base_link to map to become available, tf error: Invalid frame ID "map" passed to canTransform argument target_frame - frame does not exist
[amcl-2] [WARN] [1783252126.053435628] [amcl]: AMCL cannot publish a pose or update the transform. Please set the initial pose...
[controller_server-4] [INFO] [1783252126.293978659] [local_costmap.local_costmap]: Timed out waiting for transform from base_link to map to become available, tf error: Invalid frame ID "map" passed to canTransform argument target_frame - frame does not exist
[controller_server-4] [INFO] [1783252126.793999148] [local_costmap.local_costmap]: Timed out waiting for transform from base_link to map to become available, tf error: Invalid frame ID "map" passed to canTransform argument target_frame - frame does not exist
[controller_server-4] [INFO] [1783252127.293983470] [local_costmap.local_costmap]: Timed out waiting for transform from base_link to map to become available, tf error: Invalid frame ID "map" passed to canTransform argument target_frame - frame does not exist
[controller_server-4] [INFO] [1783252127.794022709] [local_costmap.local_costmap]: Timed out waiting for transform from base_link to map to become available, tf error: Invalid frame ID "map" passed to canTransform argument target_frame - frame does not exist
[amcl-2] [WARN] [1783252128.147380395] [amcl]: AMCL cannot publish a pose or update the transform. Please set the initial pose...
[controller_server-4] [INFO] [1783252128.293995031] [local_costmap.local_costmap]: Timed out waiting for transform from base_link to map to become available, tf error: Invalid frame ID "map" passed to canTransform argument target_frame - frame does not exist
[controller_server-4] [INFO] [1783252128.794604103] [local_costmap.local_costmap]: Timed out waiting for transform from base_link to map to become available, tf error: Invalid frame ID "map" passed to canTransform argument target_frame - frame does not exist
[controller_server-4] [INFO] [1783252129.293982674] [local_costmap.local_costmap]: Timed out waiting for transform from base_link to map to become available, tf error: Invalid frame ID "map" passed to canTransform argument target_frame - frame does not exist
[controller_server-4] [INFO] [1783252129.793988496] [local_costmap.local_costmap]: Timed out waiting for transform from base_link to map to become available, tf error: Invalid frame ID "map" passed to canTransform argument target_frame - frame does not exist
[amcl-2] [WARN] [1783252130.148466223] [amcl]: AMCL cannot publish a pose or update the transform. Please set the initial pose...
[controller_server-4] [INFO] [1783252130.293983483] [local_costmap.local_costmap]: Timed out waiting for transform from base_link to map to become available, tf error: Invalid frame ID "map" passed to canTransform argument target_frame - frame does not exist
[controller_server-4] [INFO] [1783252130.793980304] [local_costmap.local_costmap]: Timed out waiting for transform from base_link to map to become available, tf error: Invalid frame ID "map" passed to canTransform argument target_frame - frame does not exist
[controller_server-4] [INFO] [1783252131.293981708] [local_costmap.local_costmap]: Timed out waiting for transform from base_link to map to become available, tf error: Invalid frame ID "map" passed to canTransform argument target_frame - frame does not exist
[controller_server-4] [INFO] [1783252131.794011737] [local_costmap.local_costmap]: Timed out waiting for transform from base_link to map to become available, tf error: Invalid frame ID "map" passed to canTransform argument target_frame - frame does not exist
[amcl-2] [WARN] [1783252132.249240695] [amcl]: AMCL cannot publish a pose or update the transform. Please set the initial pose...
[controller_server-4] [INFO] [1783252132.293997390] [local_costmap.local_costmap]: Timed out waiting for transform from base_link to map to become available, tf error: Invalid frame ID "map" passed to canTransform argument target_frame - frame does not exist
[controller_server-4] [INFO] [1783252132.793985627] [local_costmap.local_costmap]: Timed out waiting for transform from base_link to map to become available, tf error: Invalid frame ID "map" passed to canTransform argument target_frame - frame does not exist
[controller_server-4] [INFO] [1783252133.293979279] [local_costmap.local_costmap]: Timed out waiting for transform from base_link to map to become available, tf error: Invalid frame ID "map" passed to canTransform argument target_frame - frame does not exist
[controller_server-4] [INFO] [1783252133.793974724] [local_costmap.local_costmap]: Timed out waiting for transform from base_link to map to become available, tf error: Invalid frame ID "map" passed to canTransform argument target_frame - frame does not exist
[controller_server-4] [INFO] [1783252134.293975751] [local_costmap.local_costmap]: Timed out waiting for transform from base_link to map to become available, tf error: Invalid frame ID "map" passed to canTransform argument target_frame - frame does not exist
[amcl-2] [WARN] [1783252134.341553657] [amcl]: AMCL cannot publish a pose or update the transform. Please set the initial pose...
[controller_server-4] [INFO] [1783252134.793977695] [local_costmap.local_costmap]: Timed out waiting for transform from base_link to map to become available, tf error: Invalid frame ID "map" passed to canTransform argument target_frame - frame does not exist
[controller_server-4] [INFO] [1783252135.293979305] [local_costmap.local_costmap]: Timed out waiting for transform from base_link to map to become available, tf error: Invalid frame ID "map" passed to canTransform argument target_frame - frame does not exist
[controller_server-4] [INFO] [1783252135.793998541] [local_costmap.local_costmap]: Timed out waiting for transform from base_link to map to become available, tf error: Invalid frame ID "map" passed to canTransform argument target_frame - frame does not exist
[controller_server-4] [INFO] [1783252136.293979567] [local_costmap.local_costmap]: Timed out waiting for transform from base_link to map to become available, tf error: Invalid frame ID "map" passed to canTransform argument target_frame - frame does not exist
[amcl-2] [WARN] [1783252136.437252158] [amcl]: AMCL cannot publish a pose or update the transform. Please set the initial pose...
[controller_server-4] [INFO] [1783252136.793990468] [local_costmap.local_costmap]: Timed out waiting for transform from base_link to map to become available, tf error: Invalid frame ID "map" passed to canTransform argument target_frame - frame does not exist
[controller_server-4] [INFO] [1783252137.293973869] [local_costmap.local_costmap]: Timed out waiting for transform from base_link to map to become available, tf error: Invalid frame ID "map" passed to canTransform argument target_frame - frame does not exist
[controller_server-4] [INFO] [1783252137.793986312] [local_costmap.local_costmap]: Timed out waiting for transform from base_link to map to become available, tf error: Invalid frame ID "map" passed to canTransform argument target_frame - frame does not exist
[controller_server-4] [INFO] [1783252138.293981087] [local_costmap.local_costmap]: Timed out waiting for transform from base_link to map to become available, tf error: Invalid frame ID "map" passed to canTransform argument target_frame - frame does not exist
[amcl-2] [WARN] [1783252138.439037096] [amcl]: AMCL cannot publish a pose or update the transform. Please set the initial pose...
[controller_server-4] [INFO] [1783252138.793985238] [local_costmap.local_costmap]: Timed out waiting for transform from base_link to map to become available, tf error: Invalid frame ID "map" passed to canTransform argument target_frame - frame does not exist
[controller_server-4] [INFO] [1783252139.293989805] [local_costmap.local_costmap]: Timed out waiting for transform from base_link to map to become available, tf error: Invalid frame ID "map" passed to canTransform argument target_frame - frame does not exist
[controller_server-4] [INFO] [1783252139.794052580] [local_costmap.local_costmap]: Timed out waiting for transform from base_link to map to become available, tf error: Invalid frame ID "map" passed to canTransform argument target_frame - frame does not exist
[controller_server-4] [INFO] [1783252140.294001521] [local_costmap.local_costmap]: Timed out waiting for transform from base_link to map to become available, tf error: Invalid frame ID "map" passed to canTransform argument target_frame - frame does not exist
[amcl-2] [WARN] [1783252140.535135382] [amcl]: AMCL cannot publish a pose or update the transform. Please set the initial pose...
[controller_server-4] [INFO] [1783252140.793976420] [local_costmap.local_costmap]: Timed out waiting for transform from base_link to map to become available, tf error: Invalid frame ID "map" passed to canTransform argument target_frame - frame does not exist
[controller_server-4] [INFO] [1783252141.293972819] [local_costmap.local_costmap]: Timed out waiting for transform from base_link to map to become available, tf error: Invalid frame ID "map" passed to canTransform argument target_frame - frame does not exist
[controller_server-4] [INFO] [1783252141.793983677] [local_costmap.local_costmap]: Timed out waiting for transform from base_link to map to become available, tf error: Invalid frame ID "map" passed to canTransform argument target_frame - frame does not exist
[controller_server-4] [INFO] [1783252142.293997742] [local_costmap.local_costmap]: Timed out waiting for transform from base_link to map to become available, tf error: Invalid frame ID "map" passed to canTransform argument target_frame - frame does not exist
[amcl-2] [INFO] [1783252142.348983110] [amcl]: initialPoseReceived
[amcl-2] [WARN] [1783252142.349664652] [amcl]: Failed to transform initial pose in time (Lookup would require extrapolation into the future.  Requested time 1783252142.349319 but the latest data is at time 1783252142.345543, when looking up transform from frame [base_link] to frame [odom])
[amcl-2] [INFO] [1783252142.349844444] [amcl]: Setting pose (1783252142.349838): -2.435 1.880 -2.131
[controller_server-4] [INFO] [1783252142.794194266] [local_costmap.local_costmap]: Timed out waiting for transform from base_link to map to become available, tf error: Lookup would require extrapolation into the past.  Requested time 1783252142.778732 but the earliest data is at time 1783252144.323954, when looking up transform from frame [base_link] to frame [map]
[controller_server-4] [INFO] [1783252143.294040080] [local_costmap.local_costmap]: Timed out waiting for transform from base_link to map to become available, tf error: Lookup would require extrapolation into the past.  Requested time 1783252143.278259 but the earliest data is at time 1783252144.323954, when looking up transform from frame [base_link] to frame [map]
[controller_server-4] [INFO] [1783252143.794048145] [local_costmap.local_costmap]: Timed out waiting for transform from base_link to map to become available, tf error: Lookup would require extrapolation into the past.  Requested time 1783252143.778657 but the earliest data is at time 1783252144.323954, when looking up transform from frame [base_link] to frame [map]
[controller_server-4] [INFO] [1783252144.294091501] [local_costmap.local_costmap]: Timed out waiting for transform from base_link to map to become available, tf error: Lookup would require extrapolation into the past.  Requested time 1783252144.278317 but the earliest data is at time 1783252144.323954, when looking up transform from frame [base_link] to frame [map]
[controller_server-4] [INFO] [1783252144.794340190] [local_costmap.local_costmap]: start
[controller_server-4] [INFO] [1783252145.000213695] [controller_server]: Activating controller: FollowPath of type regulated_pure_pursuit_controller::RegulatedPurePursuitController
[controller_server-4] [INFO] [1783252145.000421320] [controller_server]: Creating bond (controller_server) to lifecycle manager.
[lifecycle_manager-11] [INFO] [1783252145.130722610] [lifecycle_manager_navigation]: Server controller_server connected with bond.
[lifecycle_manager-11] [INFO] [1783252145.130937694] [lifecycle_manager_navigation]: [34m[1mActivating smoother_server[0m[0m
[smoother_server-5] [INFO] [1783252145.133270153] [smoother_server]: Activating
[smoother_server-5] [INFO] [1783252145.133462653] [smoother_server]: Creating bond (smoother_server) to lifecycle manager.
[lifecycle_manager-11] [INFO] [1783252145.253960146] [lifecycle_manager_navigation]: Server smoother_server connected with bond.
[lifecycle_manager-11] [INFO] [1783252145.254113479] [lifecycle_manager_navigation]: [34m[1mActivating planner_server[0m[0m
[planner_server-6] [INFO] [1783252145.255289230] [planner_server]: Activating
[planner_server-6] [INFO] [1783252145.255483522] [global_costmap.global_costmap]: Activating
[planner_server-6] [INFO] [1783252145.255549313] [global_costmap.global_costmap]: Checking transform
[planner_server-6] [INFO] [1783252145.255925814] [global_costmap.global_costmap]: start
[planner_server-6] [INFO] [1783252145.306231095] [planner_server]: Activating plugin GridBased of type NavfnPlanner
[planner_server-6] [INFO] [1783252145.313320391] [planner_server]: Creating bond (planner_server) to lifecycle manager.
[lifecycle_manager-11] [INFO] [1783252145.439911762] [lifecycle_manager_navigation]: Server planner_server connected with bond.
[lifecycle_manager-11] [INFO] [1783252145.440071013] [lifecycle_manager_navigation]: [34m[1mActivating behavior_server[0m[0m
[behavior_server-7] [INFO] [1783252145.441608764] [behavior_server]: Activating
[behavior_server-7] [INFO] [1783252145.441765389] [behavior_server]: Activating spin
[behavior_server-7] [INFO] [1783252145.441832430] [behavior_server]: Activating backup
[behavior_server-7] [INFO] [1783252145.441878680] [behavior_server]: Activating drive_on_heading
[behavior_server-7] [INFO] [1783252145.441923722] [behavior_server]: Activating assisted_teleop
[behavior_server-7] [INFO] [1783252145.441968055] [behavior_server]: Activating wait
[behavior_server-7] [INFO] [1783252145.442030680] [behavior_server]: Creating bond (behavior_server) to lifecycle manager.
[amcl-2] [INFO] [1783252145.533590196] [amcl]: initialPoseReceived
[amcl-2] [WARN] [1783252145.533958946] [amcl]: Failed to transform initial pose in time (Lookup would require extrapolation into the future.  Requested time 1783252145.533794 but the latest data is at time 1783252145.512131, when looking up transform from frame [base_link] to frame [odom])
[amcl-2] [INFO] [1783252145.534075113] [amcl]: Setting pose (1783252145.534070): -2.435 1.880 -2.131
[lifecycle_manager-11] [INFO] [1783252145.570570469] [lifecycle_manager_navigation]: Server behavior_server connected with bond.
[lifecycle_manager-11] [INFO] [1783252145.570737095] [lifecycle_manager_navigation]: [34m[1mActivating bt_navigator[0m[0m
[bt_navigator-8] [INFO] [1783252145.572097554] [bt_navigator]: Activating
[bt_navigator-8] [INFO] [1783252145.980866227] [bt_navigator]: Creating bond (bt_navigator) to lifecycle manager.
[lifecycle_manager-11] [INFO] [1783252146.109658141] [lifecycle_manager_navigation]: Server bt_navigator connected with bond.
[lifecycle_manager-11] [INFO] [1783252146.109826391] [lifecycle_manager_navigation]: [34m[1mActivating waypoint_follower[0m[0m
[waypoint_follower-9] [INFO] [1783252146.111115475] [waypoint_follower]: Activating
[waypoint_follower-9] [INFO] [1783252146.111362934] [waypoint_follower]: Creating bond (waypoint_follower) to lifecycle manager.
[lifecycle_manager-11] [INFO] [1783252146.234833469] [lifecycle_manager_navigation]: Server waypoint_follower connected with bond.
[lifecycle_manager-11] [INFO] [1783252146.234999136] [lifecycle_manager_navigation]: [34m[1mActivating velocity_smoother[0m[0m
[velocity_smoother-10] [INFO] [1783252146.236398429] [velocity_smoother]: Activating
[velocity_smoother-10] [INFO] [1783252146.236690846] [velocity_smoother]: Creating bond (velocity_smoother) to lifecycle manager.
[lifecycle_manager-11] [INFO] [1783252146.369645471] [lifecycle_manager_navigation]: Server velocity_smoother connected with bond.
[lifecycle_manager-11] [INFO] [1783252146.369827471] [lifecycle_manager_navigation]: [34m[1mManaged nodes are active[0m[0m
[lifecycle_manager-11] [INFO] [1783252146.369899846] [lifecycle_manager_navigation]: [34m[1mCreating bond timer...[0m[0m
[planner_server-6] [WARN] [1783252389.468193708] [planner_server]: No planners specified in action call. Server will use only plugin GridBased  in server. This warning will appear once.
[bt_navigator-8] [INFO] [1783252389.600713098] [bt_navigator]: Begin navigating from current location (-2.43, 1.89) to (-3.86, -0.51)
[controller_server-4] [INFO] [1783252389.657856247] [controller_server]: Received a goal, begin computing control effort.
[controller_server-4] [WARN] [1783252389.658760289] [controller_server]: No goal checker was specified in parameter 'current_goal_checker'. Server will use only plugin loaded general_goal_checker . This warning will appear once.
[controller_server-4] [INFO] [1783252394.759085239] [controller_server]: Passing new path to controller.
[controller_server-4] [INFO] [1783252399.859074252] [controller_server]: Passing new path to controller.
[controller_server-4] [INFO] [1783252404.859223413] [controller_server]: Passing new path to controller.
[controller_server-4] [INFO] [1783252409.959088639] [controller_server]: Passing new path to controller.
[controller_server-4] [INFO] [1783252414.959069139] [controller_server]: Passing new path to controller.
[controller_server-4] [INFO] [1783252420.059347369] [controller_server]: Passing new path to controller.
[controller_server-4] [INFO] [1783252424.260012472] [controller_server]: Reached the goal!
[bt_navigator-8] [INFO] [1783252424.331457834] [bt_navigator]: Goal succeeded
[bt_navigator-8] [INFO] [1783252435.111592019] [bt_navigator]: Begin navigating from current location (-3.68, -0.46) to (-5.13, 0.19)
[controller_server-4] [INFO] [1783252435.153941203] [controller_server]: Received a goal, begin computing control effort.
[controller_server-4] [INFO] [1783252440.258201112] [controller_server]: Passing new path to controller.
[controller_server-4] [INFO] [1783252445.358214209] [controller_server]: Passing new path to controller.
[bt_navigator-8] [WARN] [1783252446.839115487] [BehaviorTreeEngine]: Behavior Tree tick rate 50.00 was exceeded!
[controller_server-4] [INFO] [1783252450.358219459] [controller_server]: Passing new path to controller.
[controller_server-4] [INFO] [1783252452.259255767] [controller_server]: Reached the goal!
[bt_navigator-8] [INFO] [1783252452.332384378] [bt_navigator]: Goal succeeded
[bt_navigator-8] [INFO] [1783252467.370910892] [bt_navigator]: Begin navigating from current location (-5.12, 0.02) to (0.29, 0.23)
[controller_server-4] [INFO] [1783252467.435907250] [controller_server]: Received a goal, begin computing control effort.
[controller_server-4] [INFO] [1783252472.536891002] [controller_server]: Passing new path to controller.
[controller_server-4] [INFO] [1783252477.636904570] [controller_server]: Passing new path to controller.
[controller_server-4] [INFO] [1783252482.636897710] [controller_server]: Passing new path to controller.
[controller_server-4] [INFO] [1783252487.736898660] [controller_server]: Passing new path to controller.
[controller_server-4] [INFO] [1783252492.736898307] [controller_server]: Passing new path to controller.
[controller_server-4] [INFO] [1783252497.837181890] [controller_server]: Passing new path to controller.
[controller_server-4] [INFO] [1783252502.936892205] [controller_server]: Passing new path to controller.
[controller_server-4] [INFO] [1783252507.936893135] [controller_server]: Passing new path to controller.
[controller_server-4] [INFO] [1783252513.036942500] [controller_server]: Passing new path to controller.
[controller_server-4] [INFO] [1783252518.136898306] [controller_server]: Passing new path to controller.
[controller_server-4] [INFO] [1783252523.136892228] [controller_server]: Passing new path to controller.
[controller_server-4] [INFO] [1783252528.236900668] [controller_server]: Passing new path to controller.
[controller_server-4] [INFO] [1783252533.336890340] [controller_server]: Passing new path to controller.
[controller_server-4] [INFO] [1783252537.137731493] [controller_server]: Reached the goal!
[bt_navigator-8] [INFO] [1783252537.211821725] [bt_navigator]: Goal succeeded
[velocity_smoother-10] [INFO] [1783252557.122080340] [rclcpp]: signal_handler(signum=2)
[velocity_smoother-10] [INFO] [1783252557.122672632] [velocity_smoother]: Running Nav2 LifecycleNode rcl preshutdown (velocity_smoother)
[waypoint_follower-9] [INFO] [1783252557.122080132] [rclcpp]: signal_handler(signum=2)
[smoother_server-5] [INFO] [1783252557.122090965] [rclcpp]: signal_handler(signum=2)
[smoother_server-5] [INFO] [1783252557.122412007] [smoother_server]: Running Nav2 LifecycleNode rcl preshutdown (smoother_server)
[smoother_server-5] [INFO] [1783252557.122677590] [smoother_server]: Deactivating
[smoother_server-5] [INFO] [1783252557.122781174] [smoother_server]: Destroying bond (smoother_server) to lifecycle manager.
[controller_server-4] [INFO] [1783252557.122144215] [rclcpp]: signal_handler(signum=2)
[amcl-2] [INFO] [1783252557.122334132] [rclcpp]: signal_handler(signum=2)
[amcl-2] [INFO] [1783252557.122645840] [amcl]: Running Nav2 LifecycleNode rcl preshutdown (amcl)
[amcl-2] [INFO] [1783252557.122873924] [amcl]: Deactivating
[amcl-2] [INFO] [1783252557.122954049] [amcl]: Destroying bond (amcl) to lifecycle manager.
[velocity_smoother-10] [INFO] [1783252557.122887049] [velocity_smoother]: Deactivating
[velocity_smoother-10] [INFO] [1783252557.122976965] [velocity_smoother]: Destroying bond (velocity_smoother) to lifecycle manager.
[planner_server-6] [INFO] [1783252557.122593674] [rclcpp]: signal_handler(signum=2)
[planner_server-6] [INFO] [1783252557.122870924] [planner_server]: Running Nav2 LifecycleNode rcl preshutdown (planner_server)
[planner_server-6] [INFO] [1783252557.123078549] [planner_server]: Deactivating
[planner_server-6] [INFO] [1783252557.123228007] [global_costmap.global_costmap]: Deactivating
[controller_server-4] [INFO] [1783252557.123291799] [controller_server]: Running Nav2 LifecycleNode rcl preshutdown (controller_server)
[controller_server-4] [INFO] [1783252557.123601632] [controller_server]: Deactivating
[controller_server-4] [INFO] [1783252557.123687757] [controller_server]: Deactivating controller: FollowPath of type regulated_pure_pursuit_controller::RegulatedPurePursuitController
[controller_server-4] [INFO] [1783252557.123795091] [local_costmap.local_costmap]: Deactivating
[waypoint_follower-9] [INFO] [1783252557.123711299] [waypoint_follower]: Running Nav2 LifecycleNode rcl preshutdown (waypoint_follower)
[waypoint_follower-9] [INFO] [1783252557.123941216] [waypoint_follower]: Deactivating
[waypoint_follower-9] [INFO] [1783252557.124024966] [waypoint_follower]: Destroying bond (waypoint_follower) to lifecycle manager.
[behavior_server-7] [INFO] [1783252557.124898258] [rclcpp]: signal_handler(signum=2)
[behavior_server-7] [INFO] [1783252557.125334049] [behavior_server]: Running Nav2 LifecycleNode rcl preshutdown (behavior_server)
[behavior_server-7] [INFO] [1783252557.125607675] [behavior_server]: Deactivating
[behavior_server-7] [INFO] [1783252557.125751633] [behavior_server]: Destroying bond (behavior_server) to lifecycle manager.
[map_server-1] [INFO] [1783252557.124954216] [rclcpp]: signal_handler(signum=2)
[map_server-1] [INFO] [1783252557.126091341] [map_server]: Running Nav2 LifecycleNode rcl preshutdown (map_server)
[map_server-1] [INFO] [1783252557.126378675] [map_server]: Deactivating
[map_server-1] [INFO] [1783252557.126486133] [map_server]: Destroying bond (map_server) to lifecycle manager.
[lifecycle_manager-3] [INFO] [1783252557.125055049] [rclcpp]: signal_handler(signum=2)
[lifecycle_manager-3] [INFO] [1783252557.126090925] [lifecycle_manager_localization]: Running Nav2 LifecycleManager rcl preshutdown (lifecycle_manager_localization)
[lifecycle_manager-3] [INFO] [1783252557.126242508] [lifecycle_manager_localization]: [34m[1mTerminating bond timer...[0m[0m
[lifecycle_manager-11] [INFO] [1783252557.127342883] [rclcpp]: signal_handler(signum=2)
[lifecycle_manager-11] [INFO] [1783252557.127983675] [lifecycle_manager_navigation]: Running Nav2 LifecycleManager rcl preshutdown (lifecycle_manager_navigation)
[lifecycle_manager-11] [INFO] [1783252557.128152384] [lifecycle_manager_navigation]: [34m[1mTerminating bond timer...[0m[0m
[bt_navigator-8] [INFO] [1783252557.129694551] [rclcpp]: signal_handler(signum=2)
[bt_navigator-8] [INFO] [1783252557.134583969] [bt_navigator]: Running Nav2 LifecycleNode rcl preshutdown (bt_navigator)
[bt_navigator-8] [INFO] [1783252557.134933427] [bt_navigator]: Deactivating
[bt_navigator-8] [INFO] [1783252557.135054552] [bt_navigator]: Destroying bond (bt_navigator) to lifecycle manager.
[smoother_server-5] [INFO] [1783252557.146167764] [smoother_server]: Cleaning up
[map_server-1] [INFO] [1783252557.148799348] [map_server]: Cleaning up
[map_server-1] [INFO] [1783252557.149084432] [map_server]: Destroying bond (map_server) to lifecycle manager.
[velocity_smoother-10] [INFO] [1783252557.163999520] [velocity_smoother]: Cleaning up
[velocity_smoother-10] [INFO] [1783252557.164204145] [velocity_smoother]: Destroying bond (velocity_smoother) to lifecycle manager.
[controller_server-4] [INFO] [1783252557.194881571] [controller_server]: Destroying bond (controller_server) to lifecycle manager.
[velocity_smoother-10] [INFO] [1783252557.219957037] [velocity_smoother]: Destroying
[waypoint_follower-9] [INFO] [1783252557.224931205] [waypoint_follower]: Cleaning up
[behavior_server-7] [INFO] [1783252557.231502416] [behavior_server]: Cleaning up
[amcl-2] [INFO] [1783252557.249597005] [amcl]: Cleaning up
[bt_navigator-8] [INFO] [1783252557.254685340] [bt_navigator]: Cleaning up
[planner_server-6] [INFO] [1783252557.256744340] [planner_server]: Deactivating plugin GridBased of type NavfnPlanner
[planner_server-6] [INFO] [1783252557.256911424] [planner_server]: Destroying bond (planner_server) to lifecycle manager.
[controller_server-4] [INFO] [1783252557.296582144] [controller_server]: Cleaning up
[controller_server-4] [INFO] [1783252557.296734103] [controller_server]: Cleaning up controller: FollowPath of type regulated_pure_pursuit_controller::RegulatedPurePursuitController
[controller_server-4] [INFO] [1783252557.296993353] [local_costmap.local_costmap]: Cleaning up
[lifecycle_manager-3] [INFO] [1783252557.352938287] [lifecycle_manager_localization]: Destroying lifecycle_manager_localization
[planner_server-6] [INFO] [1783252557.362027706] [planner_server]: Cleaning up
[map_server-1] [INFO] [1783252557.366855750] [map_server]: Destroying
[waypoint_follower-9] [INFO] [1783252557.408346929] [waypoint_follower]: Destroying bond (waypoint_follower) to lifecycle manager.
[smoother_server-5] [INFO] [1783252557.416927182] [smoother_server]: Destroying bond (smoother_server) to lifecycle manager.
[waypoint_follower-9] [INFO] [1783252557.429391936] [waypoint_follower]: Destroying
[smoother_server-5] [INFO] [1783252557.436158604] [smoother_server]: Destroying
[behavior_server-7] [INFO] [1783252557.457185819] [behavior_server]: Destroying bond (behavior_server) to lifecycle manager.
[amcl-2] [INFO] [1783252557.725734278] [amcl]: Destroying bond (amcl) to lifecycle manager.
[amcl-2] [INFO] [1783252557.730638904] [amcl]: Destroying
[INFO] [velocity_smoother-10]: process has finished cleanly [pid 97531]
[lifecycle_manager-11] [INFO] [1783252557.748567410] [lifecycle_manager_navigation]: Destroying lifecycle_manager_navigation
[planner_server-6] [INFO] [1783252557.761053331] [global_costmap.global_costmap]: Cleaning up
[controller_server-4] [INFO] [1783252557.832791770] [controller_server]: Destroying bond (controller_server) to lifecycle manager.
[controller_server-4] [INFO] [1783252557.868041614] [local_costmap.local_costmap]: Destroying
[INFO] [lifecycle_manager-3]: process has finished cleanly [pid 97517]
[planner_server-6] [INFO] [1783252557.901602624] [planner_server]: Cleaning up plugin GridBased of type NavfnPlanner
[planner_server-6] [INFO] [1783252557.902291458] [planner_server]: Destroying plugin GridBased of type NavfnPlanner
[INFO] [map_server-1]: process has finished cleanly [pid 97513]
[INFO] [waypoint_follower-9]: process has finished cleanly [pid 97529]
[planner_server-6] [INFO] [1783252558.025166704] [planner_server]: Destroying bond (planner_server) to lifecycle manager.
[planner_server-6] [INFO] [1783252558.040478751] [global_costmap.global_costmap]: Destroying
[behavior_server-7] [INFO] [1783252558.077541637] [behavior_server]: Destroying
[controller_server-4] [INFO] [1783252558.104911687] [controller_server]: Destroying
[INFO] [smoother_server-5]: process has finished cleanly [pid 97521]
[INFO] [lifecycle_manager-11]: process has finished cleanly [pid 97550]
[planner_server-6] [INFO] [1783252558.261805820] [planner_server]: Destroying
[INFO] [amcl-2]: process has finished cleanly [pid 97515]
[INFO] [controller_server-4]: process has finished cleanly [pid 97519]
[INFO] [behavior_server-7]: process has finished cleanly [pid 97525]
[INFO] [planner_server-6]: process has finished cleanly [pid 97523]
[bt_navigator-8] [INFO] [1783252558.606451052] [bt_navigator]: Completed Cleaning up
[bt_navigator-8] [INFO] [1783252558.606749843] [bt_navigator]: Destroying bond (bt_navigator) to lifecycle manager.
[bt_navigator-8] [INFO] [1783252558.674592906] [bt_navigator]: Destroying
[INFO] [bt_navigator-8]: process has finished cleanly [pid 97527]
