[INFO] [launch]: All log files can be found below /root/.ros/log/2026-07-03-19-03-44-982710-ubuntu-206714
[INFO] [launch]: Default logging verbosity is set to INFO
[INFO] [foxglove_bridge-1]: process started with pid [206827]
[foxglove_bridge-1] [INFO] [1783076626.239323319] [foxglove_bridge]: Starting foxglove_bridge (humble, 3.3.0@)
[foxglove_bridge-1] [INFO] [1783076626.260639388] [foxglove_bridge]: Server listening on port 8765
[foxglove_bridge-1] [INFO] [1783076626.265018301] [foxglove_bridge]: Advertising new channel 2 for topic "/tf_static"
[foxglove_bridge-1] [INFO] [1783076626.265200009] [foxglove_bridge]: Advertising new channel 3 for topic "/tf"
[foxglove_bridge-1] [INFO] [1783076626.266100092] [foxglove_bridge]: Advertising new channel 4 for topic "/scan_filtered"
[foxglove_bridge-1] [INFO] [1783076626.266952925] [foxglove_bridge]: Advertising new channel 5 for topic "/rosout"
[foxglove_bridge-1] [INFO] [1783076626.270291298] [foxglove_bridge]: Advertising new channel 6 for topic "/odom"
[foxglove_bridge-1] [INFO] [1783076626.270901506] [foxglove_bridge]: Advertising new channel 7 for topic "/image"
[foxglove_bridge-1] [INFO] [1783076626.271341464] [foxglove_bridge]: Advertising new channel 8 for topic "/cmd_vel_sent"
[foxglove_bridge-1] [INFO] [1783076626.271417839] [foxglove_bridge]: Advertising new channel 9 for topic "/scan"
[foxglove_bridge-1] [INFO] [1783076626.271471047] [foxglove_bridge]: Advertising new channel 10 for topic "/cmd_vel"
[foxglove_bridge-1] [INFO] [1783076626.272811963] [foxglove_bridge]: Advertising new channel 11 for topic "/parameter_events"
[foxglove_bridge-1] [INFO] [1783076626.273298962] [foxglove_bridge]: Advertising new channel 12 for topic "/chassis_bridge_state"
[foxglove_bridge-1] [INFO] [1783076626.275396378] [foxglove_bridge]: Advertising new channel 13 for topic "/camera_info"
[foxglove_bridge-1] [INFO] [1783076626.814950179] [foxglove_bridge]: received connection graph subscribe request
[foxglove_bridge-1] [INFO] [1783076626.815239303] [foxglove_bridge]: received subscribe request for channel 3 from client 1
[foxglove_bridge-1] [INFO] [1783076626.838722037] [foxglove_bridge]: Created ROS subscription on /tf (tf2_msgs/msg/TFMessage) for channel 3
[foxglove_bridge-1] [INFO] [1783076626.838960162] [foxglove_bridge]: received subscribe request for channel 2 from client 1
[foxglove_bridge-1] [INFO] [1783076626.866695435] [foxglove_bridge]: Created ROS subscription on /tf_static (tf2_msgs/msg/TFMessage) for channel 2
[foxglove_bridge-1] [INFO] [1783076626.867225810] [foxglove_bridge]: received subscribe request for channel 10 from client 1
[foxglove_bridge-1] [INFO] [1783076626.877870886] [foxglove_bridge]: Created ROS subscription on /cmd_vel (geometry_msgs/msg/Twist) for channel 10
[foxglove_bridge-1] [INFO] [1783076626.878217719] [foxglove_bridge]: received subscribe request for channel 9 from client 1
[foxglove_bridge-1] [INFO] [1783076626.892027501] [foxglove_bridge]: Created ROS subscription on /scan (sensor_msgs/msg/LaserScan) for channel 9
[foxglove_bridge-1] [INFO] [1783076626.892276293] [foxglove_bridge]: received subscribe request for channel 4 from client 1
[foxglove_bridge-1] [INFO] [1783076626.903253660] [foxglove_bridge]: Created ROS subscription on /scan_filtered (sensor_msgs/msg/LaserScan) for channel 4
[foxglove_bridge-1] [INFO] [1783076627.009323672] [foxglove_bridge]: publishing connection graph
[foxglove_bridge-1] [INFO] [1783076627.522753407] [foxglove_bridge]: received subscribe request for channel 3 from client 2
[foxglove_bridge-1] [INFO] [1783076627.522957699] [foxglove_bridge]: received subscribe request for channel 2 from client 2
[foxglove_bridge-1] [INFO] [1783076627.523055990] [foxglove_bridge]: received subscribe request for channel 4 from client 2
[foxglove_bridge-1] [INFO] [1783076627.528046279] [foxglove_bridge]: publishing connection graph
[foxglove_bridge-1] [INFO] [1783076628.032657312] [foxglove_bridge]: publishing connection graph
[foxglove_bridge-1] [INFO] [1783076628.356368176] [foxglove_bridge]: received subscribe request for channel 2 from client 3
[foxglove_bridge-1] [INFO] [1783076628.356613717] [foxglove_bridge]: received subscribe request for channel 9 from client 3
[foxglove_bridge-1] [INFO] [1783076628.356713467] [foxglove_bridge]: received subscribe request for channel 3 from client 3
[foxglove_bridge-1] [INFO] [1783076628.356791342] [foxglove_bridge]: received subscribe request for channel 4 from client 3
[foxglove_bridge-1] [INFO] [1783076628.356860176] [foxglove_bridge]: received subscribe request for channel 10 from client 3
[foxglove_bridge-1] [INFO] [1783076632.285810139] [foxglove_bridge]: publishing connection graph
[foxglove_bridge-1] [INFO] [1783076632.790267840] [foxglove_bridge]: publishing connection graph
[foxglove_bridge-1] [INFO] [1783076636.671803296] [foxglove_bridge]: publishing connection graph
[foxglove_bridge-1] [INFO] [1783076636.766332398] [rclcpp]: signal_handler(signum=2)
[foxglove_bridge-1] [INFO] [1783076636.771638436] [foxglove_bridge]: Shutting down foxglove_bridge
[foxglove_bridge-1] [INFO] [1783076637.178694828] [foxglove_bridge]: received unsubscribe request for channel 3 from client 2
[foxglove_bridge-1] [INFO] [1783076637.178782078] [foxglove_bridge]: received unsubscribe request for channel 2 from client 2
[foxglove_bridge-1] [INFO] [1783076637.178801328] [foxglove_bridge]: received unsubscribe request for channel 4 from client 2
[foxglove_bridge-1] [INFO] [1783076637.179135661] [foxglove_bridge]: received unsubscribe request for channel 4 from client 1
[foxglove_bridge-1] [INFO] [1783076637.179175827] [foxglove_bridge]: received unsubscribe request for channel 9 from client 1
[foxglove_bridge-1] [INFO] [1783076637.179190077] [foxglove_bridge]: received unsubscribe request for channel 2 from client 1
[foxglove_bridge-1] [INFO] [1783076637.179203536] [foxglove_bridge]: received unsubscribe request for channel 3 from client 1
[foxglove_bridge-1] [INFO] [1783076637.179216619] [foxglove_bridge]: received unsubscribe request for channel 10 from client 1
[foxglove_bridge-1] [INFO] [1783076637.748481067] [foxglove_bridge]: received connection graph subscribe request
[foxglove_bridge-1] [INFO] [1783076637.748561150] [foxglove_bridge]: received unsubscribe request for channel 2 from client 3
[foxglove_bridge-1] [INFO] [1783076637.748586317] [foxglove_bridge]: Cleaned up ROS subscription for channel 2 (no more subscribers)
[foxglove_bridge-1] [INFO] [1783076637.751190482] [foxglove_bridge]: received unsubscribe request for channel 9 from client 3
[foxglove_bridge-1] [INFO] [1783076637.751240524] [foxglove_bridge]: Cleaned up ROS subscription for channel 9 (no more subscribers)
[foxglove_bridge-1] [INFO] [1783076637.753848647] [foxglove_bridge]: received unsubscribe request for channel 3 from client 3
[foxglove_bridge-1] [INFO] [1783076637.753903147] [foxglove_bridge]: Cleaned up ROS subscription for channel 3 (no more subscribers)
[foxglove_bridge-1] [INFO] [1783076637.758099686] [foxglove_bridge]: received unsubscribe request for channel 10 from client 3
[foxglove_bridge-1] [INFO] [1783076637.758152894] [foxglove_bridge]: Cleaned up ROS subscription for channel 10 (no more subscribers)
[foxglove_bridge-1] [INFO] [1783076637.762463891] [foxglove_bridge]: received unsubscribe request for channel 4 from client 3
[foxglove_bridge-1] [INFO] [1783076637.762520266] [foxglove_bridge]: Cleaned up ROS subscription for channel 4 (no more subscribers)
[foxglove_bridge-1] [INFO] [1783076637.766384305] [foxglove_bridge]: Shutdown complete
[INFO] [foxglove_bridge-1]: process has finished cleanly [pid 206827]
