[INFO] [launch]: All log files can be found below /root/.ros/log/2026-07-06-13-33-58-069748-ubuntu-127135
[INFO] [launch]: Default logging verbosity is set to INFO
[INFO] [map_server-1]: process started with pid [127144]
[INFO] [amcl-2]: process started with pid [127146]
[INFO] [lifecycle_manager-3]: process started with pid [127148]
[INFO] [controller_server-4]: process started with pid [127150]
[INFO] [smoother_server-5]: process started with pid [127152]
[INFO] [planner_server-6]: process started with pid [127154]
[INFO] [behavior_server-7]: process started with pid [127156]
[INFO] [bt_navigator-8]: process started with pid [127158]
[INFO] [waypoint_follower-9]: process started with pid [127160]
[INFO] [velocity_smoother-10]: process started with pid [127163]
[INFO] [lifecycle_manager-11]: process started with pid [127172]
[lifecycle_manager-3] [INFO] [1783316040.344197086] [lifecycle_manager_localization]: Creating
[lifecycle_manager-3] [INFO] [1783316040.422979924] [lifecycle_manager_localization]: [34m[1mCreating and initializing lifecycle service clients[0m[0m
[controller_server-4] [INFO] [1783316040.648096904] [controller_server]: 
[controller_server-4] 	controller_server lifecycle node launched. 
[controller_server-4] 	Waiting on external lifecycle transitions to activate
[controller_server-4] 	See https://design.ros2.org/articles/node_lifecycle.html for more information.
[controller_server-4] [INFO] [1783316040.836956983] [controller_server]: Creating controller server
[map_server-1] [INFO] [1783316040.889161542] [map_server]: 
[map_server-1] 	map_server lifecycle node launched. 
[map_server-1] 	Waiting on external lifecycle transitions to activate
[map_server-1] 	See https://design.ros2.org/articles/node_lifecycle.html for more information.
[map_server-1] [INFO] [1783316040.889771042] [map_server]: Creating
[smoother_server-5] [INFO] [1783316040.910626532] [smoother_server]: 
[smoother_server-5] 	smoother_server lifecycle node launched. 
[smoother_server-5] 	Waiting on external lifecycle transitions to activate
[smoother_server-5] 	See https://design.ros2.org/articles/node_lifecycle.html for more information.
[smoother_server-5] [INFO] [1783316040.950961263] [smoother_server]: Creating smoother server
[behavior_server-7] [INFO] [1783316041.010933027] [behavior_server]: 
[behavior_server-7] 	behavior_server lifecycle node launched. 
[behavior_server-7] 	Waiting on external lifecycle transitions to activate
[behavior_server-7] 	See https://design.ros2.org/articles/node_lifecycle.html for more information.
[bt_navigator-8] [INFO] [1783316041.052803383] [bt_navigator]: 
[bt_navigator-8] 	bt_navigator lifecycle node launched. 
[bt_navigator-8] 	Waiting on external lifecycle transitions to activate
[bt_navigator-8] 	See https://design.ros2.org/articles/node_lifecycle.html for more information.
[bt_navigator-8] [INFO] [1783316041.053434841] [bt_navigator]: Creating
[planner_server-6] [INFO] [1783316041.137684552] [planner_server]: 
[planner_server-6] 	planner_server lifecycle node launched. 
[planner_server-6] 	Waiting on external lifecycle transitions to activate
[planner_server-6] 	See https://design.ros2.org/articles/node_lifecycle.html for more information.
[planner_server-6] [INFO] [1783316041.168706246] [planner_server]: Creating
[amcl-2] [INFO] [1783316041.191242069] [amcl]: 
[amcl-2] 	amcl lifecycle node launched. 
[amcl-2] 	Waiting on external lifecycle transitions to activate
[amcl-2] 	See https://design.ros2.org/articles/node_lifecycle.html for more information.
[amcl-2] [INFO] [1783316041.205710729] [amcl]: Creating
[controller_server-4] [INFO] [1783316041.250163500] [local_costmap.local_costmap]: 
[controller_server-4] 	local_costmap lifecycle node launched. 
[controller_server-4] 	Waiting on external lifecycle transitions to activate
[controller_server-4] 	See https://design.ros2.org/articles/node_lifecycle.html for more information.
[controller_server-4] [INFO] [1783316041.253964290] [local_costmap.local_costmap]: Creating Costmap
[waypoint_follower-9] [INFO] [1783316041.337244168] [waypoint_follower]: 
[waypoint_follower-9] 	waypoint_follower lifecycle node launched. 
[waypoint_follower-9] 	Waiting on external lifecycle transitions to activate
[waypoint_follower-9] 	See https://design.ros2.org/articles/node_lifecycle.html for more information.
[waypoint_follower-9] [INFO] [1783316041.356117993] [waypoint_follower]: Creating
[planner_server-6] [INFO] [1783316041.511616629] [global_costmap.global_costmap]: 
[planner_server-6] 	global_costmap lifecycle node launched. 
[planner_server-6] 	Waiting on external lifecycle transitions to activate
[planner_server-6] 	See https://design.ros2.org/articles/node_lifecycle.html for more information.
[planner_server-6] [INFO] [1783316041.514340044] [global_costmap.global_costmap]: Creating Costmap
[lifecycle_manager-11] [INFO] [1783316041.556814733] [lifecycle_manager_navigation]: Creating
[velocity_smoother-10] [INFO] [1783316041.610731125] [velocity_smoother]: 
[velocity_smoother-10] 	velocity_smoother lifecycle node launched. 
[velocity_smoother-10] 	Waiting on external lifecycle transitions to activate
[velocity_smoother-10] 	See https://design.ros2.org/articles/node_lifecycle.html for more information.
[lifecycle_manager-11] [INFO] [1783316041.676281011] [lifecycle_manager_navigation]: [34m[1mCreating and initializing lifecycle service clients[0m[0m
[lifecycle_manager-3] [INFO] [1783316042.523175953] [lifecycle_manager_localization]: Waiting for service map_server/get_state...
[lifecycle_manager-3] [INFO] [1783316042.769708922] [lifecycle_manager_localization]: [34m[1mStarting managed nodes bringup...[0m[0m
[lifecycle_manager-3] [INFO] [1783316042.777777668] [lifecycle_manager_localization]: [34m[1mConfiguring map_server[0m[0m
[map_server-1] [INFO] [1783316042.787291705] [map_server]: Configuring
[map_server-1] [INFO] [1783316042.787579580] [map_io]: Loading yaml file: /root/rdk_x5_vln_robot/maps/joy_calibrated_corridor_map.yaml
[map_server-1] [INFO] [1783316042.788664788] [map_io]: resolution: 0.05
[map_server-1] [INFO] [1783316042.788747871] [map_io]: origin[0]: -4.7
[map_server-1] [INFO] [1783316042.788780913] [map_io]: origin[1]: -2.98
[map_server-1] [INFO] [1783316042.788809621] [map_io]: origin[2]: 0
[map_server-1] [INFO] [1783316042.788897621] [map_io]: free_thresh: 0.25
[map_server-1] [INFO] [1783316042.788933913] [map_io]: occupied_thresh: 0.65
[map_server-1] [INFO] [1783316042.788975121] [map_io]: mode: trinary
[map_server-1] [INFO] [1783316042.789005913] [map_io]: negate: 0
[map_server-1] [INFO] [1783316042.789731288] [map_io]: Loading image_file: /root/rdk_x5_vln_robot/maps/joy_calibrated_corridor_map.pgm
[map_server-1] [INFO] [1783316042.819648982] [map_io]: Read map /root/rdk_x5_vln_robot/maps/joy_calibrated_corridor_map.pgm: 183 X 137 map @ 0.05 m/cell
[lifecycle_manager-3] [INFO] [1783316042.953451087] [lifecycle_manager_localization]: [34m[1mConfiguring amcl[0m[0m
[amcl-2] [INFO] [1783316042.955580253] [amcl]: Configuring
[amcl-2] [INFO] [1783316042.957646543] [amcl]: initTransforms
[amcl-2] [INFO] [1783316043.124610924] [amcl]: initPubSub
[lifecycle_manager-11] [INFO] [1783316043.148289247] [lifecycle_manager_navigation]: [34m[1mStarting managed nodes bringup...[0m[0m
[lifecycle_manager-11] [INFO] [1783316043.152452870] [lifecycle_manager_navigation]: [34m[1mConfiguring controller_server[0m[0m
[controller_server-4] [INFO] [1783316043.159073992] [controller_server]: Configuring controller interface
[controller_server-4] [INFO] [1783316043.160055116] [controller_server]: getting goal checker plugins..
[controller_server-4] [INFO] [1783316043.160517658] [controller_server]: Controller frequency set to 10.0000Hz
[controller_server-4] [INFO] [1783316043.160739324] [local_costmap.local_costmap]: Configuring
[amcl-2] [INFO] [1783316043.255598447] [amcl]: Subscribed to map topic.
[controller_server-4] [INFO] [1783316043.262782944] [local_costmap.local_costmap]: Using plugin "static_layer"
[controller_server-4] [INFO] [1783316043.328635205] [local_costmap.local_costmap]: Subscribing to the map topic (/map) with transient local durability
[controller_server-4] [INFO] [1783316043.345825155] [local_costmap.local_costmap]: Initialized plugin "static_layer"
[controller_server-4] [INFO] [1783316043.346575905] [local_costmap.local_costmap]: Using plugin "voxel_layer"
[controller_server-4] [INFO] [1783316043.355622234] [local_costmap.local_costmap]: Subscribed to Topics: scan
[lifecycle_manager-3] [INFO] [1783316043.377785265] [lifecycle_manager_localization]: [34m[1mActivating map_server[0m[0m
[map_server-1] [INFO] [1783316043.381182806] [map_server]: Activating
[map_server-1] [INFO] [1783316043.382142138] [map_server]: Creating bond (map_server) to lifecycle manager.
[amcl-2] [INFO] [1783316043.390017676] [amcl]: Received a 183 X 137 map @ 0.050 m/pix
[controller_server-4] [INFO] [1783316043.454964605] [local_costmap.local_costmap]: Initialized plugin "voxel_layer"
[controller_server-4] [INFO] [1783316043.455131146] [local_costmap.local_costmap]: Using plugin "inflation_layer"
[controller_server-4] [INFO] [1783316043.461256810] [local_costmap.local_costmap]: Initialized plugin "inflation_layer"
[lifecycle_manager-3] [INFO] [1783316043.525057614] [lifecycle_manager_localization]: Server map_server connected with bond.
[lifecycle_manager-3] [INFO] [1783316043.525230489] [lifecycle_manager_localization]: [34m[1mActivating amcl[0m[0m
[amcl-2] [INFO] [1783316043.528326196] [amcl]: Activating
[amcl-2] [INFO] [1783316043.528520112] [amcl]: Creating bond (amcl) to lifecycle manager.
[amcl-2] [INFO] [1783316043.568193094] [amcl]: createLaserObject
[controller_server-4] [INFO] [1783316043.580238380] [local_costmap.local_costmap]: StaticLayer: Resizing static layer to 183 X 137 at 0.050000 m/pix
[controller_server-4] [INFO] [1783316043.581448838] [controller_server]: Created progress_checker : progress_checker of type nav2_controller::SimpleProgressChecker
[controller_server-4] [INFO] [1783316043.597881164] [controller_server]: Created goal checker : general_goal_checker of type nav2_controller::SimpleGoalChecker
[controller_server-4] [INFO] [1783316043.605759160] [controller_server]: Controller Server has general_goal_checker  goal checkers available.
[controller_server-4] [INFO] [1783316043.608585117] [controller_server]: Created controller : FollowPath of type nav2_regulated_pure_pursuit_controller::RegulatedPurePursuitController
[lifecycle_manager-3] [INFO] [1783316043.668557006] [lifecycle_manager_localization]: Server amcl connected with bond.
[lifecycle_manager-3] [INFO] [1783316043.668725131] [lifecycle_manager_localization]: [34m[1mManaged nodes are active[0m[0m
[lifecycle_manager-3] [INFO] [1783316043.668789714] [lifecycle_manager_localization]: [34m[1mCreating bond timer...[0m[0m
[controller_server-4] [INFO] [1783316043.709098987] [controller_server]: Controller Server has FollowPath  controllers available.
[lifecycle_manager-11] [INFO] [1783316043.794538281] [lifecycle_manager_navigation]: [34m[1mConfiguring smoother_server[0m[0m
[smoother_server-5] [INFO] [1783316043.795895447] [smoother_server]: Configuring smoother server
[smoother_server-5] [INFO] [1783316043.886118280] [smoother_server]: Created smoother : simple_smoother of type nav2_smoother::SimpleSmoother
[smoother_server-5] [INFO] [1783316043.889538154] [smoother_server]: Smoother Server has simple_smoother  smoothers available.
[lifecycle_manager-11] [INFO] [1783316043.961054829] [lifecycle_manager_navigation]: [34m[1mConfiguring planner_server[0m[0m
[planner_server-6] [INFO] [1783316043.962735620] [planner_server]: Configuring
[planner_server-6] [INFO] [1783316043.962967620] [global_costmap.global_costmap]: Configuring
[planner_server-6] [INFO] [1783316044.011681805] [global_costmap.global_costmap]: Using plugin "static_layer"
[planner_server-6] [INFO] [1783316044.037917210] [global_costmap.global_costmap]: Subscribing to the map topic (/map) with transient local durability
[planner_server-6] [INFO] [1783316044.049410788] [global_costmap.global_costmap]: Initialized plugin "static_layer"
[planner_server-6] [INFO] [1783316044.049639580] [global_costmap.global_costmap]: Using plugin "inflation_layer"
[planner_server-6] [INFO] [1783316044.063411407] [global_costmap.global_costmap]: Initialized plugin "inflation_layer"
[planner_server-6] [INFO] [1783316044.146129410] [global_costmap.global_costmap]: StaticLayer: Resizing costmap to 183 X 137 at 0.050000 m/pix
[planner_server-6] [INFO] [1783316044.148208201] [planner_server]: Created global planner plugin GridBased of type nav2_navfn_planner/NavfnPlanner
[planner_server-6] [INFO] [1783316044.148362867] [planner_server]: Configuring plugin GridBased of type NavfnPlanner
[planner_server-6] [INFO] [1783316044.158474029] [planner_server]: Planner Server has GridBased  planners available.
[lifecycle_manager-11] [INFO] [1783316044.271378935] [lifecycle_manager_navigation]: [34m[1mConfiguring behavior_server[0m[0m
[behavior_server-7] [INFO] [1783316044.272826976] [behavior_server]: Configuring
[behavior_server-7] [INFO] [1783316044.382568300] [behavior_server]: Creating behavior plugin spin of type nav2_behaviors/Spin
[behavior_server-7] [INFO] [1783316044.386475840] [behavior_server]: Configuring spin
[behavior_server-7] [INFO] [1783316044.514611781] [behavior_server]: Creating behavior plugin backup of type nav2_behaviors/BackUp
[behavior_server-7] [INFO] [1783316044.519430612] [behavior_server]: Configuring backup
[behavior_server-7] [INFO] [1783316044.608952529] [behavior_server]: Creating behavior plugin drive_on_heading of type nav2_behaviors/DriveOnHeading
[behavior_server-7] [INFO] [1783316044.615406318] [behavior_server]: Configuring drive_on_heading
[behavior_server-7] [INFO] [1783316044.691219199] [behavior_server]: Creating behavior plugin assisted_teleop of type nav2_behaviors/AssistedTeleop
[behavior_server-7] [INFO] [1783316044.703986027] [behavior_server]: Configuring assisted_teleop
[behavior_server-7] [INFO] [1783316044.789185112] [behavior_server]: Creating behavior plugin wait of type nav2_behaviors/Wait
[behavior_server-7] [INFO] [1783316044.794798360] [behavior_server]: Configuring wait
[lifecycle_manager-11] [INFO] [1783316044.862785828] [lifecycle_manager_navigation]: [34m[1mConfiguring bt_navigator[0m[0m
[bt_navigator-8] [INFO] [1783316044.865503077] [bt_navigator]: Configuring
[amcl-2] [WARN] [1783316044.962097366] [amcl]: AMCL cannot publish a pose or update the transform. Please set the initial pose...
[lifecycle_manager-11] [INFO] [1783316045.409908033] [lifecycle_manager_navigation]: [34m[1mConfiguring waypoint_follower[0m[0m
[waypoint_follower-9] [INFO] [1783316045.411659783] [waypoint_follower]: Configuring
[waypoint_follower-9] [INFO] [1783316045.620046228] [waypoint_follower]: Created waypoint_task_executor : wait_at_waypoint of type nav2_waypoint_follower::WaitAtWaypoint
[lifecycle_manager-11] [INFO] [1783316045.624081726] [lifecycle_manager_navigation]: [34m[1mConfiguring velocity_smoother[0m[0m
[velocity_smoother-10] [INFO] [1783316045.626884433] [velocity_smoother]: Configuring velocity smoother
[lifecycle_manager-11] [INFO] [1783316045.683491782] [lifecycle_manager_navigation]: [34m[1mActivating controller_server[0m[0m
[controller_server-4] [INFO] [1783316045.689952195] [controller_server]: Activating
[controller_server-4] [INFO] [1783316045.690210695] [local_costmap.local_costmap]: Activating
[controller_server-4] [INFO] [1783316045.690314445] [local_costmap.local_costmap]: Checking transform
[controller_server-4] [INFO] [1783316045.690485820] [local_costmap.local_costmap]: Timed out waiting for transform from base_link to map to become available, tf error: Invalid frame ID "map" passed to canTransform argument target_frame - frame does not exist
[controller_server-4] [INFO] [1783316046.190528089] [local_costmap.local_costmap]: Timed out waiting for transform from base_link to map to become available, tf error: Invalid frame ID "map" passed to canTransform argument target_frame - frame does not exist
[controller_server-4] [INFO] [1783316046.690516066] [local_costmap.local_costmap]: Timed out waiting for transform from base_link to map to become available, tf error: Invalid frame ID "map" passed to canTransform argument target_frame - frame does not exist
[amcl-2] [WARN] [1783316047.060394769] [amcl]: AMCL cannot publish a pose or update the transform. Please set the initial pose...
[controller_server-4] [INFO] [1783316047.190505084] [local_costmap.local_costmap]: Timed out waiting for transform from base_link to map to become available, tf error: Invalid frame ID "map" passed to canTransform argument target_frame - frame does not exist
[controller_server-4] [INFO] [1783316047.690490853] [local_costmap.local_costmap]: Timed out waiting for transform from base_link to map to become available, tf error: Invalid frame ID "map" passed to canTransform argument target_frame - frame does not exist
[controller_server-4] [INFO] [1783316048.190518121] [local_costmap.local_costmap]: Timed out waiting for transform from base_link to map to become available, tf error: Invalid frame ID "map" passed to canTransform argument target_frame - frame does not exist
[controller_server-4] [INFO] [1783316048.690494765] [local_costmap.local_costmap]: Timed out waiting for transform from base_link to map to become available, tf error: Invalid frame ID "map" passed to canTransform argument target_frame - frame does not exist
[amcl-2] [WARN] [1783316049.152515218] [amcl]: AMCL cannot publish a pose or update the transform. Please set the initial pose...
[controller_server-4] [INFO] [1783316049.190517033] [local_costmap.local_costmap]: Timed out waiting for transform from base_link to map to become available, tf error: Invalid frame ID "map" passed to canTransform argument target_frame - frame does not exist
[controller_server-4] [INFO] [1783316049.690500844] [local_costmap.local_costmap]: Timed out waiting for transform from base_link to map to become available, tf error: Invalid frame ID "map" passed to canTransform argument target_frame - frame does not exist
[controller_server-4] [INFO] [1783316050.190520320] [local_costmap.local_costmap]: Timed out waiting for transform from base_link to map to become available, tf error: Invalid frame ID "map" passed to canTransform argument target_frame - frame does not exist
[controller_server-4] [INFO] [1783316050.690490381] [local_costmap.local_costmap]: Timed out waiting for transform from base_link to map to become available, tf error: Invalid frame ID "map" passed to canTransform argument target_frame - frame does not exist
[controller_server-4] [INFO] [1783316051.190491316] [local_costmap.local_costmap]: Timed out waiting for transform from base_link to map to become available, tf error: Invalid frame ID "map" passed to canTransform argument target_frame - frame does not exist
[amcl-2] [WARN] [1783316051.248751080] [amcl]: AMCL cannot publish a pose or update the transform. Please set the initial pose...
[controller_server-4] [INFO] [1783316051.690493918] [local_costmap.local_costmap]: Timed out waiting for transform from base_link to map to become available, tf error: Invalid frame ID "map" passed to canTransform argument target_frame - frame does not exist
[controller_server-4] [INFO] [1783316052.190510103] [local_costmap.local_costmap]: Timed out waiting for transform from base_link to map to become available, tf error: Invalid frame ID "map" passed to canTransform argument target_frame - frame does not exist
[controller_server-4] [INFO] [1783316052.690553704] [local_costmap.local_costmap]: Timed out waiting for transform from base_link to map to become available, tf error: Invalid frame ID "map" passed to canTransform argument target_frame - frame does not exist
[controller_server-4] [INFO] [1783316053.190980306] [local_costmap.local_costmap]: Timed out waiting for transform from base_link to map to become available, tf error: Invalid frame ID "map" passed to canTransform argument target_frame - frame does not exist
[amcl-2] [WARN] [1783316053.290042260] [amcl]: AMCL cannot publish a pose or update the transform. Please set the initial pose...
[controller_server-4] [INFO] [1783316053.690510116] [local_costmap.local_costmap]: Timed out waiting for transform from base_link to map to become available, tf error: Invalid frame ID "map" passed to canTransform argument target_frame - frame does not exist
[controller_server-4] [INFO] [1783316054.190516885] [local_costmap.local_costmap]: Timed out waiting for transform from base_link to map to become available, tf error: Invalid frame ID "map" passed to canTransform argument target_frame - frame does not exist
[controller_server-4] [INFO] [1783316054.690499737] [local_costmap.local_costmap]: Timed out waiting for transform from base_link to map to become available, tf error: Invalid frame ID "map" passed to canTransform argument target_frame - frame does not exist
[controller_server-4] [INFO] [1783316055.190497338] [local_costmap.local_costmap]: Timed out waiting for transform from base_link to map to become available, tf error: Invalid frame ID "map" passed to canTransform argument target_frame - frame does not exist
[amcl-2] [WARN] [1783316055.349612015] [amcl]: AMCL cannot publish a pose or update the transform. Please set the initial pose...
[controller_server-4] [INFO] [1783316055.690510815] [local_costmap.local_costmap]: Timed out waiting for transform from base_link to map to become available, tf error: Invalid frame ID "map" passed to canTransform argument target_frame - frame does not exist
[controller_server-4] [INFO] [1783316056.190499375] [local_costmap.local_costmap]: Timed out waiting for transform from base_link to map to become available, tf error: Invalid frame ID "map" passed to canTransform argument target_frame - frame does not exist
[controller_server-4] [INFO] [1783316056.690534727] [local_costmap.local_costmap]: Timed out waiting for transform from base_link to map to become available, tf error: Invalid frame ID "map" passed to canTransform argument target_frame - frame does not exist
[controller_server-4] [INFO] [1783316057.190472621] [local_costmap.local_costmap]: Timed out waiting for transform from base_link to map to become available, tf error: Invalid frame ID "map" passed to canTransform argument target_frame - frame does not exist
[amcl-2] [WARN] [1783316057.353859170] [amcl]: AMCL cannot publish a pose or update the transform. Please set the initial pose...
[controller_server-4] [INFO] [1783316057.690501889] [local_costmap.local_costmap]: Timed out waiting for transform from base_link to map to become available, tf error: Invalid frame ID "map" passed to canTransform argument target_frame - frame does not exist
[controller_server-4] [INFO] [1783316058.190496574] [local_costmap.local_costmap]: Timed out waiting for transform from base_link to map to become available, tf error: Invalid frame ID "map" passed to canTransform argument target_frame - frame does not exist
[controller_server-4] [INFO] [1783316058.690499259] [local_costmap.local_costmap]: Timed out waiting for transform from base_link to map to become available, tf error: Invalid frame ID "map" passed to canTransform argument target_frame - frame does not exist
[controller_server-4] [INFO] [1783316059.190505111] [local_costmap.local_costmap]: Timed out waiting for transform from base_link to map to become available, tf error: Invalid frame ID "map" passed to canTransform argument target_frame - frame does not exist
[amcl-2] [WARN] [1783316059.446677909] [amcl]: AMCL cannot publish a pose or update the transform. Please set the initial pose...
[controller_server-4] [INFO] [1783316059.690490837] [local_costmap.local_costmap]: Timed out waiting for transform from base_link to map to become available, tf error: Invalid frame ID "map" passed to canTransform argument target_frame - frame does not exist
[controller_server-4] [INFO] [1783316060.190497814] [local_costmap.local_costmap]: Timed out waiting for transform from base_link to map to become available, tf error: Invalid frame ID "map" passed to canTransform argument target_frame - frame does not exist
[controller_server-4] [INFO] [1783316060.690492624] [local_costmap.local_costmap]: Timed out waiting for transform from base_link to map to become available, tf error: Invalid frame ID "map" passed to canTransform argument target_frame - frame does not exist
[controller_server-4] [INFO] [1783316061.190500309] [local_costmap.local_costmap]: Timed out waiting for transform from base_link to map to become available, tf error: Invalid frame ID "map" passed to canTransform argument target_frame - frame does not exist
[amcl-2] [WARN] [1783316061.539628064] [amcl]: AMCL cannot publish a pose or update the transform. Please set the initial pose...
[controller_server-4] [INFO] [1783316061.690491369] [local_costmap.local_costmap]: Timed out waiting for transform from base_link to map to become available, tf error: Invalid frame ID "map" passed to canTransform argument target_frame - frame does not exist
[controller_server-4] [INFO] [1783316062.190485513] [local_costmap.local_costmap]: Timed out waiting for transform from base_link to map to become available, tf error: Invalid frame ID "map" passed to canTransform argument target_frame - frame does not exist
[controller_server-4] [INFO] [1783316062.690496781] [local_costmap.local_costmap]: Timed out waiting for transform from base_link to map to become available, tf error: Invalid frame ID "map" passed to canTransform argument target_frame - frame does not exist
[controller_server-4] [INFO] [1783316063.190494758] [local_costmap.local_costmap]: Timed out waiting for transform from base_link to map to become available, tf error: Invalid frame ID "map" passed to canTransform argument target_frame - frame does not exist
[amcl-2] [WARN] [1783316063.637248884] [amcl]: AMCL cannot publish a pose or update the transform. Please set the initial pose...
[controller_server-4] [INFO] [1783316063.690489818] [local_costmap.local_costmap]: Timed out waiting for transform from base_link to map to become available, tf error: Invalid frame ID "map" passed to canTransform argument target_frame - frame does not exist
[controller_server-4] [INFO] [1783316064.190550586] [local_costmap.local_costmap]: Timed out waiting for transform from base_link to map to become available, tf error: Invalid frame ID "map" passed to canTransform argument target_frame - frame does not exist
[controller_server-4] [INFO] [1783316064.690548104] [local_costmap.local_costmap]: Timed out waiting for transform from base_link to map to become available, tf error: Invalid frame ID "map" passed to canTransform argument target_frame - frame does not exist
[controller_server-4] [INFO] [1783316065.190566664] [local_costmap.local_costmap]: Timed out waiting for transform from base_link to map to become available, tf error: Invalid frame ID "map" passed to canTransform argument target_frame - frame does not exist
[amcl-2] [WARN] [1783316065.641829413] [amcl]: AMCL cannot publish a pose or update the transform. Please set the initial pose...
[controller_server-4] [INFO] [1783316065.690493849] [local_costmap.local_costmap]: Timed out waiting for transform from base_link to map to become available, tf error: Invalid frame ID "map" passed to canTransform argument target_frame - frame does not exist
[controller_server-4] [INFO] [1783316066.190503409] [local_costmap.local_costmap]: Timed out waiting for transform from base_link to map to become available, tf error: Invalid frame ID "map" passed to canTransform argument target_frame - frame does not exist
[controller_server-4] [INFO] [1783316066.690495427] [local_costmap.local_costmap]: Timed out waiting for transform from base_link to map to become available, tf error: Invalid frame ID "map" passed to canTransform argument target_frame - frame does not exist
[controller_server-4] [INFO] [1783316067.190496404] [local_costmap.local_costmap]: Timed out waiting for transform from base_link to map to become available, tf error: Invalid frame ID "map" passed to canTransform argument target_frame - frame does not exist
[controller_server-4] [INFO] [1783316067.690486005] [local_costmap.local_costmap]: Timed out waiting for transform from base_link to map to become available, tf error: Invalid frame ID "map" passed to canTransform argument target_frame - frame does not exist
[amcl-2] [WARN] [1783316067.734500943] [amcl]: AMCL cannot publish a pose or update the transform. Please set the initial pose...
[controller_server-4] [INFO] [1783316068.190493524] [local_costmap.local_costmap]: Timed out waiting for transform from base_link to map to become available, tf error: Invalid frame ID "map" passed to canTransform argument target_frame - frame does not exist
[controller_server-4] [INFO] [1783316068.690487709] [local_costmap.local_costmap]: Timed out waiting for transform from base_link to map to become available, tf error: Invalid frame ID "map" passed to canTransform argument target_frame - frame does not exist
[amcl-2] [INFO] [1783316068.763949591] [amcl]: initialPoseReceived
[amcl-2] [WARN] [1783316068.764476716] [amcl]: Failed to transform initial pose in time (Lookup would require extrapolation into the future.  Requested time 1783316068.764176 but the latest data is at time 1783316068.759407, when looking up transform from frame [base_link] to frame [odom])
[amcl-2] [INFO] [1783316068.764595966] [amcl]: Setting pose (1783316068.764590): -2.851 1.309 -2.128
[controller_server-4] [INFO] [1783316069.190830227] [local_costmap.local_costmap]: Timed out waiting for transform from base_link to map to become available, tf error: Lookup would require extrapolation into the past.  Requested time 1783316069.159358 but the earliest data is at time 1783316070.723071, when looking up transform from frame [base_link] to frame [map]
[controller_server-4] [INFO] [1783316069.690562078] [local_costmap.local_costmap]: Timed out waiting for transform from base_link to map to become available, tf error: Lookup would require extrapolation into the past.  Requested time 1783316069.659427 but the earliest data is at time 1783316070.723071, when looking up transform from frame [base_link] to frame [map]
[controller_server-4] [INFO] [1783316070.190554847] [local_costmap.local_costmap]: Timed out waiting for transform from base_link to map to become available, tf error: Lookup would require extrapolation into the past.  Requested time 1783316070.159379 but the earliest data is at time 1783316070.723071, when looking up transform from frame [base_link] to frame [map]
[controller_server-4] [INFO] [1783316070.690557406] [local_costmap.local_costmap]: Timed out waiting for transform from base_link to map to become available, tf error: Lookup would require extrapolation into the past.  Requested time 1783316070.659307 but the earliest data is at time 1783316070.723071, when looking up transform from frame [base_link] to frame [map]
[controller_server-4] [INFO] [1783316071.190753383] [local_costmap.local_costmap]: start
[controller_server-4] [INFO] [1783316071.395288621] [controller_server]: Activating controller: FollowPath of type regulated_pure_pursuit_controller::RegulatedPurePursuitController
[controller_server-4] [INFO] [1783316071.395494163] [controller_server]: Creating bond (controller_server) to lifecycle manager.
[lifecycle_manager-11] [INFO] [1783316071.516629982] [lifecycle_manager_navigation]: Server controller_server connected with bond.
[lifecycle_manager-11] [INFO] [1783316071.516818482] [lifecycle_manager_navigation]: [34m[1mActivating smoother_server[0m[0m
[smoother_server-5] [INFO] [1783316071.518330898] [smoother_server]: Activating
[smoother_server-5] [INFO] [1783316071.518517564] [smoother_server]: Creating bond (smoother_server) to lifecycle manager.
[lifecycle_manager-11] [INFO] [1783316071.648989337] [lifecycle_manager_navigation]: Server smoother_server connected with bond.
[lifecycle_manager-11] [INFO] [1783316071.649175045] [lifecycle_manager_navigation]: [34m[1mActivating planner_server[0m[0m
[planner_server-6] [INFO] [1783316071.651103544] [planner_server]: Activating
[planner_server-6] [INFO] [1783316071.651346878] [global_costmap.global_costmap]: Activating
[planner_server-6] [INFO] [1783316071.651455253] [global_costmap.global_costmap]: Checking transform
[planner_server-6] [INFO] [1783316071.651829586] [global_costmap.global_costmap]: start
[amcl-2] [INFO] [1783316071.910522216] [amcl]: initialPoseReceived
[amcl-2] [WARN] [1783316071.910868299] [amcl]: Failed to transform initial pose in time (Lookup would require extrapolation into the future.  Requested time 1783316071.910699 but the latest data is at time 1783316071.892644, when looking up transform from frame [base_link] to frame [odom])
[amcl-2] [INFO] [1783316071.910960966] [amcl]: Setting pose (1783316071.910956): -2.851 1.309 -2.128
[planner_server-6] [INFO] [1783316072.702108682] [planner_server]: Activating plugin GridBased of type NavfnPlanner
[planner_server-6] [INFO] [1783316072.716592800] [planner_server]: Creating bond (planner_server) to lifecycle manager.
[lifecycle_manager-11] [INFO] [1783316072.872001353] [lifecycle_manager_navigation]: Server planner_server connected with bond.
[lifecycle_manager-11] [INFO] [1783316072.872208687] [lifecycle_manager_navigation]: [34m[1mActivating behavior_server[0m[0m
[behavior_server-7] [INFO] [1783316072.874344436] [behavior_server]: Activating
[behavior_server-7] [INFO] [1783316072.874511186] [behavior_server]: Activating spin
[behavior_server-7] [INFO] [1783316072.874602019] [behavior_server]: Activating backup
[behavior_server-7] [INFO] [1783316072.874665061] [behavior_server]: Activating drive_on_heading
[behavior_server-7] [INFO] [1783316072.874718769] [behavior_server]: Activating assisted_teleop
[behavior_server-7] [INFO] [1783316072.874766977] [behavior_server]: Activating wait
[behavior_server-7] [INFO] [1783316072.874833727] [behavior_server]: Creating bond (behavior_server) to lifecycle manager.
[lifecycle_manager-11] [INFO] [1783316073.020468785] [lifecycle_manager_navigation]: Server behavior_server connected with bond.
[lifecycle_manager-11] [INFO] [1783316073.020807493] [lifecycle_manager_navigation]: [34m[1mActivating bt_navigator[0m[0m
[bt_navigator-8] [INFO] [1783316073.023335242] [bt_navigator]: Activating
[bt_navigator-8] [INFO] [1783316073.721478668] [bt_navigator]: Creating bond (bt_navigator) to lifecycle manager.
[lifecycle_manager-11] [INFO] [1783316073.872634848] [lifecycle_manager_navigation]: Server bt_navigator connected with bond.
[lifecycle_manager-11] [INFO] [1783316073.872813514] [lifecycle_manager_navigation]: [34m[1mActivating waypoint_follower[0m[0m
[waypoint_follower-9] [INFO] [1783316073.875984638] [waypoint_follower]: Activating
[waypoint_follower-9] [INFO] [1783316073.876214263] [waypoint_follower]: Creating bond (waypoint_follower) to lifecycle manager.
[lifecycle_manager-11] [INFO] [1783316074.016513614] [lifecycle_manager_navigation]: Server waypoint_follower connected with bond.
[lifecycle_manager-11] [INFO] [1783316074.016702198] [lifecycle_manager_navigation]: [34m[1mActivating velocity_smoother[0m[0m
[velocity_smoother-10] [INFO] [1783316074.018540947] [velocity_smoother]: Activating
[velocity_smoother-10] [INFO] [1783316074.018879655] [velocity_smoother]: Creating bond (velocity_smoother) to lifecycle manager.
[lifecycle_manager-11] [INFO] [1783316074.180072830] [lifecycle_manager_navigation]: Server velocity_smoother connected with bond.
[lifecycle_manager-11] [INFO] [1783316074.180265163] [lifecycle_manager_navigation]: [34m[1mManaged nodes are active[0m[0m
[lifecycle_manager-11] [INFO] [1783316074.180359288] [lifecycle_manager_navigation]: [34m[1mCreating bond timer...[0m[0m
[amcl-2] [INFO] [1783316074.936952354] [amcl]: initialPoseReceived
[amcl-2] [WARN] [1783316074.937259937] [amcl]: Failed to transform initial pose in time (Lookup would require extrapolation into the future.  Requested time 1783316074.937128 but the latest data is at time 1783316074.897094, when looking up transform from frame [base_link] to frame [odom])
[amcl-2] [INFO] [1783316074.937362729] [amcl]: Setting pose (1783316074.937358): -2.851 1.309 -2.128
[controller_server-4] [INFO] [1783316152.546117892] [local_costmap.local_costmap]: Message Filter dropping message: frame 'laser' at time 1783316152.136 for reason 'the timestamp on the message is earlier than all the data in the transform cache'
[controller_server-4] [INFO] [1783316177.723668173] [local_costmap.local_costmap]: Message Filter dropping message: frame 'laser' at time 1783316177.312 for reason 'the timestamp on the message is earlier than all the data in the transform cache'
[planner_server-6] [WARN] [1783316192.288331960] [planner_server]: No planners specified in action call. Server will use only plugin GridBased  in server. This warning will appear once.
[bt_navigator-8] [INFO] [1783316192.401962876] [bt_navigator]: Begin navigating from current location (-2.80, 1.27) to (0.36, 0.40)
[bt_navigator-8] [WARN] [1783316192.423810201] [BehaviorTreeEngine]: Behavior Tree tick rate 50.00 was exceeded!
[controller_server-4] [INFO] [1783316192.454506148] [controller_server]: Received a goal, begin computing control effort.
[controller_server-4] [WARN] [1783316192.456444064] [controller_server]: No goal checker was specified in parameter 'current_goal_checker'. Server will use only plugin loaded general_goal_checker . This warning will appear once.
[bt_navigator-8] [WARN] [1783316196.223500035] [BehaviorTreeEngine]: Behavior Tree tick rate 50.00 was exceeded!
[controller_server-4] [INFO] [1783316212.556788565] [controller_server]: Passing new path to controller.
[controller_server-4] [INFO] [1783316232.656776045] [controller_server]: Passing new path to controller.
[controller_server-4] [ERROR] [1783316237.557070209] [controller_server]: Failed to make progress
[controller_server-4] [WARN] [1783316237.557352792] [controller_server]: [follow_path] [ActionServer] Aborting handle.
[controller_server-4] [INFO] [1783316237.603847358] [local_costmap.local_costmap]: Received request to clear entirely the local_costmap
[controller_server-4] [INFO] [1783316237.614876687] [controller_server]: Received a goal, begin computing control effort.
[controller_server-4] [WARN] [1783316237.812562988] [controller_server]: Control loop missed its desired rate of 10.0000Hz
[controller_server-4] [WARN] [1783316237.825076442] [controller_server]: Control loop missed its desired rate of 10.0000Hz
[bt_navigator-8] [WARN] [1783316252.643647714] [bt_navigator_navigate_to_pose_rclcpp_node]: Timed out while waiting for action server to acknowledge goal request for compute_path_to_pose
[planner_server-6] [INFO] [1783316252.648761671] [global_costmap.global_costmap]: Received request to clear entirely the global_costmap
[bt_navigator-8] [WARN] [1783316252.704608650] [bt_navigator_navigate_to_pose_rclcpp_node]: Node timed out while executing service call to global_costmap/clear_entirely_global_costmap.
[controller_server-4] [INFO] [1783316252.716570687] [controller_server]: Goal was canceled. Stopping the robot.
[controller_server-4] [INFO] [1783316252.716865354] [controller_server]: [follow_path] [ActionServer] Client requested to cancel the goal. Cancelling.
[bt_navigator-8] [ERROR] [1783316252.765464377] [bt_navigator_navigate_to_pose_rclcpp_node]: Failed to cancel action server for follow_path
[bt_navigator-8] [ERROR] [1783316252.827915479] [bt_navigator_navigate_to_pose_rclcpp_node]: Failed to get result for follow_path in node halt!
[bt_navigator-8] [WARN] [1783316252.839079099] [BehaviorTreeEngine]: Behavior Tree tick rate 50.00 was exceeded!
[controller_server-4] [INFO] [1783316252.843166140] [local_costmap.local_costmap]: Received request to clear entirely the local_costmap
[bt_navigator-8] [WARN] [1783316252.899610702] [bt_navigator_navigate_to_pose_rclcpp_node]: Node timed out while executing service call to local_costmap/clear_entirely_local_costmap.
[bt_navigator-8] [WARN] [1783316252.919873236] [bt_navigator]: [navigate_to_pose] [ActionServer] Aborting handle.
[bt_navigator-8] [ERROR] [1783316252.924328901] [bt_navigator]: Goal failed
[bt_navigator-8] [INFO] [1783316348.882703456] [bt_navigator]: Begin navigating from current location (-2.80, 1.27) to (0.34, 0.39)
[controller_server-4] [INFO] [1783316348.931932646] [controller_server]: Received a goal, begin computing control effort.
[controller_server-4] [INFO] [1783316367.905318293] [rclcpp]: signal_handler(signum=2)
[behavior_server-7] [INFO] [1783316367.905393127] [rclcpp]: signal_handler(signum=2)
[controller_server-4] [INFO] [1783316367.905748293] [controller_server]: Running Nav2 LifecycleNode rcl preshutdown (controller_server)
[amcl-2] [INFO] [1783316367.905536002] [rclcpp]: signal_handler(signum=2)
[planner_server-6] [INFO] [1783316367.905653710] [rclcpp]: signal_handler(signum=2)
[velocity_smoother-10] [INFO] [1783316367.905685835] [rclcpp]: signal_handler(signum=2)
[smoother_server-5] [INFO] [1783316367.905795001] [rclcpp]: signal_handler(signum=2)
[smoother_server-5] [INFO] [1783316367.906037376] [smoother_server]: Running Nav2 LifecycleNode rcl preshutdown (smoother_server)
[smoother_server-5] [INFO] [1783316367.906302001] [smoother_server]: Deactivating
[smoother_server-5] [INFO] [1783316367.906386793] [smoother_server]: Destroying bond (smoother_server) to lifecycle manager.
[behavior_server-7] [INFO] [1783316367.906051626] [behavior_server]: Running Nav2 LifecycleNode rcl preshutdown (behavior_server)
[behavior_server-7] [INFO] [1783316367.906301751] [behavior_server]: Deactivating
[behavior_server-7] [INFO] [1783316367.906416460] [behavior_server]: Destroying bond (behavior_server) to lifecycle manager.
[waypoint_follower-9] [INFO] [1783316367.906274043] [rclcpp]: signal_handler(signum=2)
[waypoint_follower-9] [INFO] [1783316367.907681876] [waypoint_follower]: Running Nav2 LifecycleNode rcl preshutdown (waypoint_follower)
[waypoint_follower-9] [INFO] [1783316367.909586250] [waypoint_follower]: Deactivating
[waypoint_follower-9] [INFO] [1783316367.909740000] [waypoint_follower]: Destroying bond (waypoint_follower) to lifecycle manager.
[amcl-2] [INFO] [1783316367.907389376] [amcl]: Running Nav2 LifecycleNode rcl preshutdown (amcl)
[amcl-2] [INFO] [1783316367.907672292] [amcl]: Deactivating
[amcl-2] [INFO] [1783316367.907804709] [amcl]: Destroying bond (amcl) to lifecycle manager.
[lifecycle_manager-3] [INFO] [1783316367.908940542] [rclcpp]: signal_handler(signum=2)
[lifecycle_manager-3] [INFO] [1783316367.909696417] [lifecycle_manager_localization]: Running Nav2 LifecycleManager rcl preshutdown (lifecycle_manager_localization)
[lifecycle_manager-3] [INFO] [1783316367.909832000] [lifecycle_manager_localization]: [34m[1mTerminating bond timer...[0m[0m
[planner_server-6] [INFO] [1783316367.908993417] [planner_server]: Running Nav2 LifecycleNode rcl preshutdown (planner_server)
[planner_server-6] [INFO] [1783316367.909251125] [planner_server]: Deactivating
[planner_server-6] [INFO] [1783316367.909387000] [global_costmap.global_costmap]: Deactivating
[velocity_smoother-10] [INFO] [1783316367.909707667] [velocity_smoother]: Running Nav2 LifecycleNode rcl preshutdown (velocity_smoother)
[velocity_smoother-10] [INFO] [1783316367.909936250] [velocity_smoother]: Deactivating
[velocity_smoother-10] [INFO] [1783316367.910025083] [velocity_smoother]: Destroying bond (velocity_smoother) to lifecycle manager.
[map_server-1] [INFO] [1783316367.912326291] [rclcpp]: signal_handler(signum=2)
[map_server-1] [INFO] [1783316367.912823040] [map_server]: Running Nav2 LifecycleNode rcl preshutdown (map_server)
[map_server-1] [INFO] [1783316367.913099124] [map_server]: Deactivating
[map_server-1] [INFO] [1783316367.913189499] [map_server]: Destroying bond (map_server) to lifecycle manager.
[lifecycle_manager-11] [INFO] [1783316367.919916454] [rclcpp]: signal_handler(signum=2)
[lifecycle_manager-11] [INFO] [1783316367.920265329] [lifecycle_manager_navigation]: Running Nav2 LifecycleManager rcl preshutdown (lifecycle_manager_navigation)
[lifecycle_manager-11] [INFO] [1783316367.920485579] [lifecycle_manager_navigation]: [34m[1mTerminating bond timer...[0m[0m
[bt_navigator-8] [INFO] [1783316367.922728412] [rclcpp]: signal_handler(signum=2)
[bt_navigator-8] [INFO] [1783316367.923447578] [bt_navigator]: Running Nav2 LifecycleNode rcl preshutdown (bt_navigator)
[bt_navigator-8] [INFO] [1783316367.923754911] [bt_navigator]: Deactivating
[bt_navigator-8] [WARN] [1783316367.923845328] [bt_navigator]: [navigate_to_pose] [ActionServer] Requested to deactivate server but goal is still executing. Should check if action server is running before deactivating.
[controller_server-4] [INFO] [1783316367.929586367] [controller_server]: Deactivating
[controller_server-4] [WARN] [1783316367.931213908] [controller_server]: [follow_path] [ActionServer] Requested to deactivate server but goal is still executing. Should check if action server is running before deactivating.
[controller_server-4] [WARN] [1783316367.935166740] [controller_server]: [follow_path] [ActionServer] Stopping the thread per request.
[controller_server-4] [WARN] [1783316367.935341824] [controller_server]: [follow_path] [ActionServer] Aborting handle.
[controller_server-4] [INFO] [1783316367.952485150] [controller_server]: Deactivating controller: FollowPath of type regulated_pure_pursuit_controller::RegulatedPurePursuitController
[controller_server-4] [INFO] [1783316367.952767317] [local_costmap.local_costmap]: Deactivating
[map_server-1] [INFO] [1783316367.945971903] [map_server]: Cleaning up
[map_server-1] [INFO] [1783316367.946167319] [map_server]: Destroying bond (map_server) to lifecycle manager.
[waypoint_follower-9] [INFO] [1783316367.980701306] [waypoint_follower]: Cleaning up
[bt_navigator-8] [ERROR] [1783316367.986621471] [bt_navigator_navigate_to_pose_rclcpp_node]: Failed to cancel action server for follow_path
[bt_navigator-8] [WARN] [1783316367.986875637] [bt_navigator]: [navigate_to_pose] [ActionServer] Aborting handle.
[bt_navigator-8] [INFO] [1783316367.987384220] [bt_navigator]: Goal canceled
[bt_navigator-8] [WARN] [1783316367.987472387] [bt_navigator]: [navigate_to_pose] [ActionServer] Stopping the thread per request.
[bt_navigator-8] [INFO] [1783316367.987816220] [bt_navigator]: Destroying bond (bt_navigator) to lifecycle manager.
[velocity_smoother-10] [INFO] [1783316367.990909594] [velocity_smoother]: Cleaning up
[velocity_smoother-10] [INFO] [1783316367.991165927] [velocity_smoother]: Destroying bond (velocity_smoother) to lifecycle manager.
[controller_server-4] [INFO] [1783316367.996151509] [controller_server]: Destroying bond (controller_server) to lifecycle manager.
[smoother_server-5] [INFO] [1783316367.997379050] [smoother_server]: Cleaning up
[behavior_server-7] [INFO] [1783316368.019425666] [behavior_server]: Cleaning up
[amcl-2] [INFO] [1783316368.042989991] [amcl]: Cleaning up
[controller_server-4] [INFO] [1783316368.098118345] [controller_server]: Cleaning up
[controller_server-4] [INFO] [1783316368.098299720] [controller_server]: Cleaning up controller: FollowPath of type regulated_pure_pursuit_controller::RegulatedPurePursuitController
[controller_server-4] [INFO] [1783316368.098547803] [local_costmap.local_costmap]: Cleaning up
[behavior_server-7] [INFO] [1783316368.126062376] [behavior_server]: Destroying bond (behavior_server) to lifecycle manager.
[waypoint_follower-9] [INFO] [1783316368.126079417] [waypoint_follower]: Destroying bond (waypoint_follower) to lifecycle manager.
[bt_navigator-8] [INFO] [1783316368.135981622] [bt_navigator]: Cleaning up
[velocity_smoother-10] [INFO] [1783316368.155314740] [velocity_smoother]: Destroying
[map_server-1] [INFO] [1783316368.182822646] [map_server]: Destroying
[lifecycle_manager-3] [INFO] [1783316368.251637370] [lifecycle_manager_localization]: Destroying lifecycle_manager_localization
[waypoint_follower-9] [INFO] [1783316368.325170091] [waypoint_follower]: Destroying
[smoother_server-5] [INFO] [1783316368.385702360] [smoother_server]: Destroying bond (smoother_server) to lifecycle manager.
[smoother_server-5] [INFO] [1783316368.442579213] [smoother_server]: Destroying
[planner_server-6] [INFO] [1783316368.653586300] [planner_server]: Deactivating plugin GridBased of type NavfnPlanner
[planner_server-6] [INFO] [1783316368.653798549] [planner_server]: Destroying bond (planner_server) to lifecycle manager.
[lifecycle_manager-11] [INFO] [1783316368.660088839] [lifecycle_manager_navigation]: Destroying lifecycle_manager_navigation
[planner_server-6] [INFO] [1783316368.664327462] [planner_server]: Cleaning up
[amcl-2] [INFO] [1783316368.717785567] [amcl]: Destroying bond (amcl) to lifecycle manager.
[amcl-2] [INFO] [1783316368.727047772] [amcl]: Destroying
[controller_server-4] [INFO] [1783316368.975487468] [controller_server]: Destroying bond (controller_server) to lifecycle manager.
[planner_server-6] [INFO] [1783316369.048936815] [global_costmap.global_costmap]: Cleaning up
[INFO] [lifecycle_manager-3]: process has finished cleanly [pid 127148]
[controller_server-4] [INFO] [1783316369.085400927] [local_costmap.local_costmap]: Destroying
[INFO] [map_server-1]: process has finished cleanly [pid 127144]
[INFO] [velocity_smoother-10]: process has finished cleanly [pid 127163]
[INFO] [waypoint_follower-9]: process has finished cleanly [pid 127160]
[planner_server-6] [INFO] [1783316369.153800109] [planner_server]: Cleaning up plugin GridBased of type NavfnPlanner
[planner_server-6] [INFO] [1783316369.162850230] [planner_server]: Destroying plugin GridBased of type NavfnPlanner
[INFO] [smoother_server-5]: process has finished cleanly [pid 127152]
[INFO] [lifecycle_manager-11]: process has finished cleanly [pid 127172]
[behavior_server-7] [INFO] [1783316369.293728722] [behavior_server]: Destroying
[INFO] [amcl-2]: process has finished cleanly [pid 127146]
[planner_server-6] [INFO] [1783316369.361973071] [planner_server]: Destroying bond (planner_server) to lifecycle manager.
[planner_server-6] [INFO] [1783316369.441947207] [global_costmap.global_costmap]: Destroying
[controller_server-4] [INFO] [1783316369.481529442] [controller_server]: Destroying
[planner_server-6] [INFO] [1783316369.743706675] [planner_server]: Destroying
[INFO] [behavior_server-7]: process has finished cleanly [pid 127156]
[INFO] [controller_server-4]: process has finished cleanly [pid 127150]
[bt_navigator-8] [INFO] [1783316369.977221586] [bt_navigator]: Completed Cleaning up
[bt_navigator-8] [INFO] [1783316369.977513586] [bt_navigator]: Destroying bond (bt_navigator) to lifecycle manager.
[INFO] [planner_server-6]: process has finished cleanly [pid 127154]
[bt_navigator-8] [INFO] [1783316370.101865330] [bt_navigator]: Destroying
[INFO] [bt_navigator-8]: process has finished cleanly [pid 127158]
