[INFO] [launch]: All log files can be found below /root/.ros/log/2026-07-03-12-23-58-210059-ubuntu-8101
[INFO] [launch]: Default logging verbosity is set to INFO
[INFO] [map_server-1]: process started with pid [8124]
[INFO] [amcl-2]: process started with pid [8126]
[INFO] [lifecycle_manager-3]: process started with pid [8128]
[INFO] [controller_server-4]: process started with pid [8130]
[INFO] [smoother_server-5]: process started with pid [8132]
[INFO] [planner_server-6]: process started with pid [8134]
[INFO] [behavior_server-7]: process started with pid [8136]
[INFO] [bt_navigator-8]: process started with pid [8138]
[INFO] [waypoint_follower-9]: process started with pid [8140]
[INFO] [velocity_smoother-10]: process started with pid [8147]
[INFO] [lifecycle_manager-11]: process started with pid [8171]
[planner_server-6] [INFO] [1783052641.074527069] [planner_server]: 
[planner_server-6] 	planner_server lifecycle node launched. 
[planner_server-6] 	Waiting on external lifecycle transitions to activate
[planner_server-6] 	See https://design.ros2.org/articles/node_lifecycle.html for more information.
[planner_server-6] [INFO] [1783052641.114768385] [planner_server]: Creating
[lifecycle_manager-3] [INFO] [1783052641.180709063] [lifecycle_manager_localization]: Creating
[waypoint_follower-9] [INFO] [1783052641.271069898] [waypoint_follower]: 
[waypoint_follower-9] 	waypoint_follower lifecycle node launched. 
[waypoint_follower-9] 	Waiting on external lifecycle transitions to activate
[waypoint_follower-9] 	See https://design.ros2.org/articles/node_lifecycle.html for more information.
[waypoint_follower-9] [INFO] [1783052641.274800396] [waypoint_follower]: Creating
[lifecycle_manager-3] [INFO] [1783052641.334306536] [lifecycle_manager_localization]: [34m[1mCreating and initializing lifecycle service clients[0m[0m
[controller_server-4] [INFO] [1783052641.384091889] [controller_server]: 
[velocity_smoother-10] [INFO] [1783052641.384145097] [velocity_smoother]: 
[velocity_smoother-10] 	velocity_smoother lifecycle node launched. 
[velocity_smoother-10] 	Waiting on external lifecycle transitions to activate
[velocity_smoother-10] 	See https://design.ros2.org/articles/node_lifecycle.html for more information.
[map_server-1] [INFO] [1783052641.392224718] [map_server]: 
[map_server-1] 	map_server lifecycle node launched. 
[map_server-1] 	Waiting on external lifecycle transitions to activate
[map_server-1] 	See https://design.ros2.org/articles/node_lifecycle.html for more information.
[map_server-1] [INFO] [1783052641.395894550] [map_server]: Creating
[controller_server-4] 	controller_server lifecycle node launched. 
[controller_server-4] 	Waiting on external lifecycle transitions to activate
[controller_server-4] 	See https://design.ros2.org/articles/node_lifecycle.html for more information.
[amcl-2] [INFO] [1783052641.416802291] [amcl]: 
[amcl-2] 	amcl lifecycle node launched. 
[amcl-2] 	Waiting on external lifecycle transitions to activate
[amcl-2] 	See https://design.ros2.org/articles/node_lifecycle.html for more information.
[amcl-2] [INFO] [1783052641.442072904] [amcl]: Creating
[controller_server-4] [INFO] [1783052641.492736631] [controller_server]: Creating controller server
[bt_navigator-8] [INFO] [1783052641.497854338] [bt_navigator]: 
[bt_navigator-8] 	bt_navigator lifecycle node launched. 
[bt_navigator-8] 	Waiting on external lifecycle transitions to activate
[bt_navigator-8] 	See https://design.ros2.org/articles/node_lifecycle.html for more information.
[bt_navigator-8] [INFO] [1783052641.507254042] [bt_navigator]: Creating
[smoother_server-5] [INFO] [1783052641.507543708] [smoother_server]: 
[smoother_server-5] 	smoother_server lifecycle node launched. 
[smoother_server-5] 	Waiting on external lifecycle transitions to activate
[smoother_server-5] 	See https://design.ros2.org/articles/node_lifecycle.html for more information.
[smoother_server-5] [INFO] [1783052641.523261243] [smoother_server]: Creating smoother server
[behavior_server-7] [INFO] [1783052641.521082119] [behavior_server]: 
[behavior_server-7] 	behavior_server lifecycle node launched. 
[behavior_server-7] 	Waiting on external lifecycle transitions to activate
[behavior_server-7] 	See https://design.ros2.org/articles/node_lifecycle.html for more information.
[planner_server-6] [INFO] [1783052641.537187612] [global_costmap.global_costmap]: 
[planner_server-6] 	global_costmap lifecycle node launched. 
[planner_server-6] 	Waiting on external lifecycle transitions to activate
[planner_server-6] 	See https://design.ros2.org/articles/node_lifecycle.html for more information.
[planner_server-6] [INFO] [1783052641.552236396] [global_costmap.global_costmap]: Creating Costmap
[lifecycle_manager-11] [INFO] [1783052641.578558093] [lifecycle_manager_navigation]: Creating
[lifecycle_manager-11] [INFO] [1783052641.659305390] [lifecycle_manager_navigation]: [34m[1mCreating and initializing lifecycle service clients[0m[0m
[lifecycle_manager-3] [INFO] [1783052642.075677245] [lifecycle_manager_localization]: [34m[1mStarting managed nodes bringup...[0m[0m
[lifecycle_manager-3] [INFO] [1783052642.078873535] [lifecycle_manager_localization]: [34m[1mConfiguring map_server[0m[0m
[lifecycle_manager-11] [INFO] [1783052642.086373281] [lifecycle_manager_navigation]: [34m[1mStarting managed nodes bringup...[0m[0m
[lifecycle_manager-11] [INFO] [1783052642.086610906] [lifecycle_manager_navigation]: [34m[1mConfiguring controller_server[0m[0m
[map_server-1] [INFO] [1783052642.091932696] [map_server]: Configuring
[map_server-1] [INFO] [1783052642.092253404] [map_io]: Loading yaml file: /root/rdk_x5_vln_robot/maps/joy_calibrated_corridor_map.yaml
[map_server-1] [INFO] [1783052642.093299237] [map_io]: resolution: 0.05
[map_server-1] [INFO] [1783052642.093381695] [map_io]: origin[0]: -3.83
[map_server-1] [INFO] [1783052642.093412778] [map_io]: origin[1]: -4.3
[map_server-1] [INFO] [1783052642.093440987] [map_io]: origin[2]: 0
[map_server-1] [INFO] [1783052642.093470737] [map_io]: free_thresh: 0.25
[map_server-1] [INFO] [1783052642.093499695] [map_io]: occupied_thresh: 0.65
[map_server-1] [INFO] [1783052642.093537403] [map_io]: mode: trinary
[map_server-1] [INFO] [1783052642.093567861] [map_io]: negate: 0
[map_server-1] [INFO] [1783052642.094289986] [map_io]: Loading image_file: /root/rdk_x5_vln_robot/maps/joy_calibrated_corridor_map.pgm
[map_server-1] [INFO] [1783052642.139266758] [map_io]: Read map /root/rdk_x5_vln_robot/maps/joy_calibrated_corridor_map.pgm: 143 X 166 map @ 0.05 m/cell
[controller_server-4] [INFO] [1783052642.167266162] [local_costmap.local_costmap]: 
[controller_server-4] 	local_costmap lifecycle node launched. 
[controller_server-4] 	Waiting on external lifecycle transitions to activate
[controller_server-4] 	See https://design.ros2.org/articles/node_lifecycle.html for more information.
[controller_server-4] [INFO] [1783052642.186633153] [local_costmap.local_costmap]: Creating Costmap
[lifecycle_manager-3] [INFO] [1783052642.327386798] [lifecycle_manager_localization]: [34m[1mConfiguring amcl[0m[0m
[amcl-2] [INFO] [1783052642.331984796] [amcl]: Configuring
[amcl-2] [INFO] [1783052642.332397129] [amcl]: initTransforms
[controller_server-4] [INFO] [1783052642.349031538] [controller_server]: Configuring controller interface
[controller_server-4] [INFO] [1783052642.360380908] [controller_server]: getting goal checker plugins..
[controller_server-4] [INFO] [1783052642.365289198] [controller_server]: Controller frequency set to 20.0000Hz
[controller_server-4] [INFO] [1783052642.365597114] [local_costmap.local_costmap]: Configuring
[controller_server-4] [INFO] [1783052642.527906208] [local_costmap.local_costmap]: Using plugin "voxel_layer"
[amcl-2] [INFO] [1783052642.541023827] [amcl]: initPubSub
[controller_server-4] [INFO] [1783052642.662565356] [local_costmap.local_costmap]: Subscribed to Topics: scan
[amcl-2] [INFO] [1783052642.666433563] [amcl]: Subscribed to map topic.
[lifecycle_manager-3] [INFO] [1783052642.745013861] [lifecycle_manager_localization]: [34m[1mActivating map_server[0m[0m
[map_server-1] [INFO] [1783052642.749041109] [map_server]: Activating
[map_server-1] [INFO] [1783052642.749834942] [map_server]: Creating bond (map_server) to lifecycle manager.
[amcl-2] [INFO] [1783052642.763352978] [amcl]: Received a 143 X 166 map @ 0.050 m/pix
[controller_server-4] [INFO] [1783052642.793741714] [local_costmap.local_costmap]: Initialized plugin "voxel_layer"
[controller_server-4] [INFO] [1783052642.793907797] [local_costmap.local_costmap]: Using plugin "inflation_layer"
[controller_server-4] [INFO] [1783052642.814717621] [local_costmap.local_costmap]: Initialized plugin "inflation_layer"
[lifecycle_manager-3] [INFO] [1783052642.874660136] [lifecycle_manager_localization]: Server map_server connected with bond.
[lifecycle_manager-3] [INFO] [1783052642.874886802] [lifecycle_manager_localization]: [34m[1mActivating amcl[0m[0m
[amcl-2] [INFO] [1783052642.879816009] [amcl]: Activating
[amcl-2] [INFO] [1783052642.880012425] [amcl]: Creating bond (amcl) to lifecycle manager.
[amcl-2] [INFO] [1783052642.893377294] [amcl]: createLaserObject
[controller_server-4] [INFO] [1783052642.935142984] [controller_server]: Created progress_checker : progress_checker of type nav2_controller::SimpleProgressChecker
[controller_server-4] [INFO] [1783052642.942034814] [controller_server]: Created goal checker : general_goal_checker of type nav2_controller::SimpleGoalChecker
[controller_server-4] [INFO] [1783052642.949770977] [controller_server]: Controller Server has general_goal_checker  goal checkers available.
[controller_server-4] [INFO] [1783052642.960235014] [controller_server]: Created controller : FollowPath of type dwb_core::DWBLocalPlanner
[controller_server-4] [INFO] [1783052642.970985301] [controller_server]: Setting transform_tolerance to 0.200000
[lifecycle_manager-3] [INFO] [1783052643.004082869] [lifecycle_manager_localization]: Server amcl connected with bond.
[lifecycle_manager-3] [INFO] [1783052643.004276953] [lifecycle_manager_localization]: [34m[1mManaged nodes are active[0m[0m
[lifecycle_manager-3] [INFO] [1783052643.004344119] [lifecycle_manager_localization]: [34m[1mCreating bond timer...[0m[0m
[controller_server-4] [INFO] [1783052643.082395001] [controller_server]: Using critic "RotateToGoal" (dwb_critics::RotateToGoalCritic)
[controller_server-4] [INFO] [1783052643.090226456] [controller_server]: Critic plugin initialized
[controller_server-4] [INFO] [1783052643.092464038] [controller_server]: Using critic "Oscillation" (dwb_critics::OscillationCritic)
[controller_server-4] [INFO] [1783052643.100846368] [controller_server]: Critic plugin initialized
[controller_server-4] [INFO] [1783052643.102655075] [controller_server]: Using critic "BaseObstacle" (dwb_critics::BaseObstacleCritic)
[controller_server-4] [INFO] [1783052643.107396031] [controller_server]: Critic plugin initialized
[controller_server-4] [INFO] [1783052643.109634197] [controller_server]: Using critic "GoalAlign" (dwb_critics::GoalAlignCritic)
[controller_server-4] [INFO] [1783052643.116070944] [controller_server]: Critic plugin initialized
[controller_server-4] [INFO] [1783052643.118981776] [controller_server]: Using critic "PathAlign" (dwb_critics::PathAlignCritic)
[controller_server-4] [INFO] [1783052643.124109732] [controller_server]: Critic plugin initialized
[controller_server-4] [INFO] [1783052643.125989773] [controller_server]: Using critic "PathDist" (dwb_critics::PathDistCritic)
[controller_server-4] [INFO] [1783052643.129159355] [controller_server]: Critic plugin initialized
[controller_server-4] [INFO] [1783052643.131188229] [controller_server]: Using critic "GoalDist" (dwb_critics::GoalDistCritic)
[controller_server-4] [INFO] [1783052643.135311269] [controller_server]: Critic plugin initialized
[controller_server-4] [INFO] [1783052643.135479019] [controller_server]: Controller Server has FollowPath  controllers available.
[lifecycle_manager-11] [INFO] [1783052643.229275852] [lifecycle_manager_navigation]: [34m[1mConfiguring smoother_server[0m[0m
[smoother_server-5] [INFO] [1783052643.230441185] [smoother_server]: Configuring smoother server
[smoother_server-5] [INFO] [1783052643.347037424] [smoother_server]: Created smoother : simple_smoother of type nav2_smoother::SimpleSmoother
[smoother_server-5] [INFO] [1783052643.374088037] [smoother_server]: Smoother Server has simple_smoother  smoothers available.
[lifecycle_manager-11] [INFO] [1783052643.470416327] [lifecycle_manager_navigation]: [34m[1mConfiguring planner_server[0m[0m
[planner_server-6] [INFO] [1783052643.475069658] [planner_server]: Configuring
[planner_server-6] [INFO] [1783052643.475352825] [global_costmap.global_costmap]: Configuring
[planner_server-6] [INFO] [1783052643.550839583] [global_costmap.global_costmap]: Using plugin "static_layer"
[planner_server-6] [INFO] [1783052643.607525391] [global_costmap.global_costmap]: Subscribing to the map topic (/map) with transient local durability
[planner_server-6] [INFO] [1783052643.627506173] [global_costmap.global_costmap]: Initialized plugin "static_layer"
[planner_server-6] [INFO] [1783052643.627689340] [global_costmap.global_costmap]: Using plugin "obstacle_layer"
[planner_server-6] [INFO] [1783052643.644555416] [global_costmap.global_costmap]: Subscribed to Topics: scan
[planner_server-6] [INFO] [1783052643.716599467] [global_costmap.global_costmap]: Initialized plugin "obstacle_layer"
[planner_server-6] [INFO] [1783052643.716764133] [global_costmap.global_costmap]: Using plugin "inflation_layer"
[planner_server-6] [INFO] [1783052643.727574045] [global_costmap.global_costmap]: Initialized plugin "inflation_layer"
[planner_server-6] [INFO] [1783052643.858159653] [global_costmap.global_costmap]: StaticLayer: Resizing costmap to 143 X 166 at 0.050000 m/pix
[planner_server-6] [INFO] [1783052643.858847528] [planner_server]: Created global planner plugin GridBased of type nav2_navfn_planner/NavfnPlanner
[planner_server-6] [INFO] [1783052643.859008653] [planner_server]: Configuring plugin GridBased of type NavfnPlanner
[planner_server-6] [INFO] [1783052643.878743977] [planner_server]: Planner Server has GridBased  planners available.
[lifecycle_manager-11] [INFO] [1783052644.048535860] [lifecycle_manager_navigation]: [34m[1mConfiguring behavior_server[0m[0m
[behavior_server-7] [INFO] [1783052644.050733317] [behavior_server]: Configuring
[behavior_server-7] [INFO] [1783052644.118170537] [behavior_server]: Creating behavior plugin spin of type nav2_behaviors/Spin
[behavior_server-7] [INFO] [1783052644.121730660] [behavior_server]: Configuring spin
[behavior_server-7] [INFO] [1783052644.238905774] [behavior_server]: Creating behavior plugin backup of type nav2_behaviors/BackUp
[behavior_server-7] [INFO] [1783052644.242872731] [behavior_server]: Configuring backup
[behavior_server-7] [INFO] [1783052644.295781207] [behavior_server]: Creating behavior plugin drive_on_heading of type nav2_behaviors/DriveOnHeading
[behavior_server-7] [INFO] [1783052644.299275456] [behavior_server]: Configuring drive_on_heading
[behavior_server-7] [INFO] [1783052644.345838726] [behavior_server]: Creating behavior plugin assisted_teleop of type nav2_behaviors/AssistedTeleop
[behavior_server-7] [INFO] [1783052644.353768640] [behavior_server]: Configuring assisted_teleop
[amcl-2] [WARN] [1783052644.390935081] [amcl]: AMCL cannot publish a pose or update the transform. Please set the initial pose...
[behavior_server-7] [INFO] [1783052644.407575324] [behavior_server]: Creating behavior plugin wait of type nav2_behaviors/Wait
[behavior_server-7] [INFO] [1783052644.410846322] [behavior_server]: Configuring wait
[lifecycle_manager-11] [INFO] [1783052644.453907470] [lifecycle_manager_navigation]: [34m[1mConfiguring bt_navigator[0m[0m
[bt_navigator-8] [INFO] [1783052644.455217511] [bt_navigator]: Configuring
[lifecycle_manager-11] [INFO] [1783052645.337209199] [lifecycle_manager_navigation]: [34m[1mConfiguring waypoint_follower[0m[0m
[waypoint_follower-9] [INFO] [1783052645.340698573] [waypoint_follower]: Configuring
[waypoint_follower-9] [INFO] [1783052645.467048391] [waypoint_follower]: Created waypoint_task_executor : wait_at_waypoint of type nav2_waypoint_follower::WaitAtWaypoint
[lifecycle_manager-11] [INFO] [1783052645.476696345] [lifecycle_manager_navigation]: [34m[1mConfiguring velocity_smoother[0m[0m
[velocity_smoother-10] [INFO] [1783052645.478172220] [velocity_smoother]: Configuring velocity smoother
[lifecycle_manager-11] [INFO] [1783052645.512674413] [lifecycle_manager_navigation]: [34m[1mActivating controller_server[0m[0m
[controller_server-4] [INFO] [1783052645.513921412] [controller_server]: Activating
[controller_server-4] [INFO] [1783052645.514110495] [local_costmap.local_costmap]: Activating
[controller_server-4] [INFO] [1783052645.514173954] [local_costmap.local_costmap]: Checking transform
[controller_server-4] [INFO] [1783052645.514572287] [local_costmap.local_costmap]: start
[controller_server-4] [INFO] [1783052645.720091445] [controller_server]: Creating bond (controller_server) to lifecycle manager.
[lifecycle_manager-11] [INFO] [1783052645.844887472] [lifecycle_manager_navigation]: Server controller_server connected with bond.
[lifecycle_manager-11] [INFO] [1783052645.845049097] [lifecycle_manager_navigation]: [34m[1mActivating smoother_server[0m[0m
[smoother_server-5] [INFO] [1783052645.846525138] [smoother_server]: Activating
[smoother_server-5] [INFO] [1783052645.846735347] [smoother_server]: Creating bond (smoother_server) to lifecycle manager.
[lifecycle_manager-11] [INFO] [1783052645.970911416] [lifecycle_manager_navigation]: Server smoother_server connected with bond.
[lifecycle_manager-11] [INFO] [1783052645.971086749] [lifecycle_manager_navigation]: [34m[1mActivating planner_server[0m[0m
[planner_server-6] [INFO] [1783052645.977381746] [planner_server]: Activating
[planner_server-6] [INFO] [1783052645.977595538] [global_costmap.global_costmap]: Activating
[planner_server-6] [INFO] [1783052645.977667288] [global_costmap.global_costmap]: Checking transform
[planner_server-6] [INFO] [1783052645.977796163] [global_costmap.global_costmap]: Timed out waiting for transform from base_link to map to become available, tf error: Invalid frame ID "map" passed to canTransform argument target_frame - frame does not exist
[planner_server-6] [INFO] [1783052646.477861273] [global_costmap.global_costmap]: Timed out waiting for transform from base_link to map to become available, tf error: Invalid frame ID "map" passed to canTransform argument target_frame - frame does not exist
[amcl-2] [WARN] [1783052646.486117602] [amcl]: AMCL cannot publish a pose or update the transform. Please set the initial pose...
[planner_server-6] [INFO] [1783052646.977843800] [global_costmap.global_costmap]: Timed out waiting for transform from base_link to map to become available, tf error: Invalid frame ID "map" passed to canTransform argument target_frame - frame does not exist
[planner_server-6] [INFO] [1783052647.477841905] [global_costmap.global_costmap]: Timed out waiting for transform from base_link to map to become available, tf error: Invalid frame ID "map" passed to canTransform argument target_frame - frame does not exist
[planner_server-6] [INFO] [1783052647.977828997] [global_costmap.global_costmap]: Timed out waiting for transform from base_link to map to become available, tf error: Invalid frame ID "map" passed to canTransform argument target_frame - frame does not exist
[planner_server-6] [INFO] [1783052648.477862381] [global_costmap.global_costmap]: Timed out waiting for transform from base_link to map to become available, tf error: Invalid frame ID "map" passed to canTransform argument target_frame - frame does not exist
[amcl-2] [WARN] [1783052648.579079108] [amcl]: AMCL cannot publish a pose or update the transform. Please set the initial pose...
[planner_server-6] [INFO] [1783052648.977849731] [global_costmap.global_costmap]: Timed out waiting for transform from base_link to map to become available, tf error: Invalid frame ID "map" passed to canTransform argument target_frame - frame does not exist
[planner_server-6] [INFO] [1783052649.477851084] [global_costmap.global_costmap]: Timed out waiting for transform from base_link to map to become available, tf error: Invalid frame ID "map" passed to canTransform argument target_frame - frame does not exist
[planner_server-6] [INFO] [1783052649.977844978] [global_costmap.global_costmap]: Timed out waiting for transform from base_link to map to become available, tf error: Invalid frame ID "map" passed to canTransform argument target_frame - frame does not exist
[planner_server-6] [INFO] [1783052650.477840707] [global_costmap.global_costmap]: Timed out waiting for transform from base_link to map to become available, tf error: Invalid frame ID "map" passed to canTransform argument target_frame - frame does not exist
[amcl-2] [WARN] [1783052650.676206002] [amcl]: AMCL cannot publish a pose or update the transform. Please set the initial pose...
[planner_server-6] [INFO] [1783052650.977825104] [global_costmap.global_costmap]: Timed out waiting for transform from base_link to map to become available, tf error: Invalid frame ID "map" passed to canTransform argument target_frame - frame does not exist
[planner_server-6] [INFO] [1783052651.477861085] [global_costmap.global_costmap]: Timed out waiting for transform from base_link to map to become available, tf error: Invalid frame ID "map" passed to canTransform argument target_frame - frame does not exist
[planner_server-6] [INFO] [1783052651.977885401] [global_costmap.global_costmap]: Timed out waiting for transform from base_link to map to become available, tf error: Invalid frame ID "map" passed to canTransform argument target_frame - frame does not exist
[planner_server-6] [INFO] [1783052652.477836218] [global_costmap.global_costmap]: Timed out waiting for transform from base_link to map to become available, tf error: Invalid frame ID "map" passed to canTransform argument target_frame - frame does not exist
[amcl-2] [WARN] [1783052652.773957830] [amcl]: AMCL cannot publish a pose or update the transform. Please set the initial pose...
[planner_server-6] [INFO] [1783052652.977833868] [global_costmap.global_costmap]: Timed out waiting for transform from base_link to map to become available, tf error: Invalid frame ID "map" passed to canTransform argument target_frame - frame does not exist
[planner_server-6] [INFO] [1783052653.477826105] [global_costmap.global_costmap]: Timed out waiting for transform from base_link to map to become available, tf error: Invalid frame ID "map" passed to canTransform argument target_frame - frame does not exist
[planner_server-6] [INFO] [1783052653.977826174] [global_costmap.global_costmap]: Timed out waiting for transform from base_link to map to become available, tf error: Invalid frame ID "map" passed to canTransform argument target_frame - frame does not exist
[planner_server-6] [INFO] [1783052654.477887412] [global_costmap.global_costmap]: Timed out waiting for transform from base_link to map to become available, tf error: Invalid frame ID "map" passed to canTransform argument target_frame - frame does not exist
[amcl-2] [WARN] [1783052654.872821052] [amcl]: AMCL cannot publish a pose or update the transform. Please set the initial pose...
[planner_server-6] [INFO] [1783052654.977850192] [global_costmap.global_costmap]: Timed out waiting for transform from base_link to map to become available, tf error: Invalid frame ID "map" passed to canTransform argument target_frame - frame does not exist
[planner_server-6] [INFO] [1783052655.478236099] [global_costmap.global_costmap]: Timed out waiting for transform from base_link to map to become available, tf error: Invalid frame ID "map" passed to canTransform argument target_frame - frame does not exist
[planner_server-6] [INFO] [1783052655.981806876] [global_costmap.global_costmap]: Timed out waiting for transform from base_link to map to become available, tf error: Invalid frame ID "map" passed to canTransform argument target_frame - frame does not exist
[planner_server-6] [INFO] [1783052656.477829207] [global_costmap.global_costmap]: Timed out waiting for transform from base_link to map to become available, tf error: Invalid frame ID "map" passed to canTransform argument target_frame - frame does not exist
[amcl-2] [WARN] [1783052656.966763924] [amcl]: AMCL cannot publish a pose or update the transform. Please set the initial pose...
[planner_server-6] [INFO] [1783052656.977840033] [global_costmap.global_costmap]: Timed out waiting for transform from base_link to map to become available, tf error: Invalid frame ID "map" passed to canTransform argument target_frame - frame does not exist
[planner_server-6] [INFO] [1783052657.477832736] [global_costmap.global_costmap]: Timed out waiting for transform from base_link to map to become available, tf error: Invalid frame ID "map" passed to canTransform argument target_frame - frame does not exist
[planner_server-6] [INFO] [1783052657.977872689] [global_costmap.global_costmap]: Timed out waiting for transform from base_link to map to become available, tf error: Invalid frame ID "map" passed to canTransform argument target_frame - frame does not exist
[planner_server-6] [INFO] [1783052658.477827602] [global_costmap.global_costmap]: Timed out waiting for transform from base_link to map to become available, tf error: Invalid frame ID "map" passed to canTransform argument target_frame - frame does not exist
[amcl-2] [WARN] [1783052658.967506447] [amcl]: AMCL cannot publish a pose or update the transform. Please set the initial pose...
[planner_server-6] [INFO] [1783052658.977828099] [global_costmap.global_costmap]: Timed out waiting for transform from base_link to map to become available, tf error: Invalid frame ID "map" passed to canTransform argument target_frame - frame does not exist
[planner_server-6] [INFO] [1783052659.478308972] [global_costmap.global_costmap]: Timed out waiting for transform from base_link to map to become available, tf error: Invalid frame ID "map" passed to canTransform argument target_frame - frame does not exist
[planner_server-6] [INFO] [1783052659.977832305] [global_costmap.global_costmap]: Timed out waiting for transform from base_link to map to become available, tf error: Invalid frame ID "map" passed to canTransform argument target_frame - frame does not exist
[planner_server-6] [INFO] [1783052660.477849181] [global_costmap.global_costmap]: Timed out waiting for transform from base_link to map to become available, tf error: Invalid frame ID "map" passed to canTransform argument target_frame - frame does not exist
[planner_server-6] [INFO] [1783052660.977856932] [global_costmap.global_costmap]: Timed out waiting for transform from base_link to map to become available, tf error: Invalid frame ID "map" passed to canTransform argument target_frame - frame does not exist
[amcl-2] [WARN] [1783052661.060229149] [amcl]: AMCL cannot publish a pose or update the transform. Please set the initial pose...
[planner_server-6] [INFO] [1783052661.477829769] [global_costmap.global_costmap]: Timed out waiting for transform from base_link to map to become available, tf error: Invalid frame ID "map" passed to canTransform argument target_frame - frame does not exist
[planner_server-6] [INFO] [1783052661.977860772] [global_costmap.global_costmap]: Timed out waiting for transform from base_link to map to become available, tf error: Invalid frame ID "map" passed to canTransform argument target_frame - frame does not exist
[planner_server-6] [INFO] [1783052662.477829527] [global_costmap.global_costmap]: Timed out waiting for transform from base_link to map to become available, tf error: Invalid frame ID "map" passed to canTransform argument target_frame - frame does not exist
[planner_server-6] [INFO] [1783052662.977832324] [global_costmap.global_costmap]: Timed out waiting for transform from base_link to map to become available, tf error: Invalid frame ID "map" passed to canTransform argument target_frame - frame does not exist
[amcl-2] [WARN] [1783052663.157600363] [amcl]: AMCL cannot publish a pose or update the transform. Please set the initial pose...
[planner_server-6] [INFO] [1783052663.477828331] [global_costmap.global_costmap]: Timed out waiting for transform from base_link to map to become available, tf error: Invalid frame ID "map" passed to canTransform argument target_frame - frame does not exist
[planner_server-6] [INFO] [1783052663.977823963] [global_costmap.global_costmap]: Timed out waiting for transform from base_link to map to become available, tf error: Invalid frame ID "map" passed to canTransform argument target_frame - frame does not exist
[planner_server-6] [INFO] [1783052664.477831722] [global_costmap.global_costmap]: Timed out waiting for transform from base_link to map to become available, tf error: Invalid frame ID "map" passed to canTransform argument target_frame - frame does not exist
[planner_server-6] [INFO] [1783052664.977810857] [global_costmap.global_costmap]: Timed out waiting for transform from base_link to map to become available, tf error: Invalid frame ID "map" passed to canTransform argument target_frame - frame does not exist
[amcl-2] [WARN] [1783052665.258264966] [amcl]: AMCL cannot publish a pose or update the transform. Please set the initial pose...
[planner_server-6] [INFO] [1783052665.480351115] [global_costmap.global_costmap]: Timed out waiting for transform from base_link to map to become available, tf error: Invalid frame ID "map" passed to canTransform argument target_frame - frame does not exist
[amcl-2] [INFO] [1783052665.568359284] [amcl]: initialPoseReceived
[amcl-2] [WARN] [1783052665.568780408] [amcl]: Failed to transform initial pose in time (Lookup would require extrapolation into the future.  Requested time 1783052665.568527 but the latest data is at time 1783052665.536054, when looking up transform from frame [base_link] to frame [odom])
[amcl-2] [INFO] [1783052665.568906283] [amcl]: Setting pose (1783052665.568901): 0.190 0.133 0.203
[planner_server-6] [INFO] [1783052665.978154046] [global_costmap.global_costmap]: Timed out waiting for transform from base_link to map to become available, tf error: Lookup would require extrapolation into the past.  Requested time 1783052665.966642 but the earliest data is at time 1783052666.555426, when looking up transform from frame [base_link] to frame [map]
[amcl-2] [INFO] [1783052666.195687368] [amcl]: initialPoseReceived
[amcl-2] [WARN] [1783052666.196047868] [amcl]: Failed to transform initial pose in time (Lookup would require extrapolation into the past.  Requested time 1783052666.195867 but the earliest data is at time 1783052666.555426, when looking up transform from frame [base_link] to frame [odom])
[amcl-2] [INFO] [1783052666.196169993] [amcl]: Setting pose (1783052666.196166): 0.190 0.133 0.203
[planner_server-6] [INFO] [1783052666.477925226] [global_costmap.global_costmap]: Timed out waiting for transform from base_link to map to become available, tf error: Lookup would require extrapolation into the past.  Requested time 1783052666.466411 but the earliest data is at time 1783052666.555426, when looking up transform from frame [base_link] to frame [map]
[amcl-2] [INFO] [1783052666.829239488] [amcl]: initialPoseReceived
[amcl-2] [WARN] [1783052666.829690446] [amcl]: Failed to transform initial pose in time (Lookup would require extrapolation into the future.  Requested time 1783052666.829436 but the latest data is at time 1783052666.799565, when looking up transform from frame [base_link] to frame [odom])
[amcl-2] [INFO] [1783052666.829844904] [amcl]: Setting pose (1783052666.829839): 0.190 0.133 0.203
[planner_server-6] [INFO] [1783052666.978055448] [global_costmap.global_costmap]: start
[amcl-2] [INFO] [1783052667.462934442] [amcl]: initialPoseReceived
[amcl-2] [WARN] [1783052667.463271275] [amcl]: Failed to transform initial pose in time (Lookup would require extrapolation into the future.  Requested time 1783052667.463107 but the latest data is at time 1783052667.435321, when looking up transform from frame [base_link] to frame [odom])
[amcl-2] [INFO] [1783052667.463363275] [amcl]: Setting pose (1783052667.463359): 0.190 0.133 0.203
[planner_server-6] [INFO] [1783052667.982891555] [planner_server]: Activating plugin GridBased of type NavfnPlanner
[planner_server-6] [INFO] [1783052667.989064922] [planner_server]: Creating bond (planner_server) to lifecycle manager.
[amcl-2] [INFO] [1783052668.098745645] [amcl]: initialPoseReceived
[amcl-2] [WARN] [1783052668.099081811] [amcl]: Failed to transform initial pose in time (Lookup would require extrapolation into the future.  Requested time 1783052668.098925 but the latest data is at time 1783052668.066524, when looking up transform from frame [base_link] to frame [odom])
[amcl-2] [INFO] [1783052668.099375061] [amcl]: Setting pose (1783052668.099369): 0.190 0.133 0.203
[lifecycle_manager-11] [INFO] [1783052668.108410715] [lifecycle_manager_navigation]: Server planner_server connected with bond.
[lifecycle_manager-11] [INFO] [1783052668.108607506] [lifecycle_manager_navigation]: [34m[1mActivating behavior_server[0m[0m
[behavior_server-7] [INFO] [1783052668.109976130] [behavior_server]: Activating
[behavior_server-7] [INFO] [1783052668.110117463] [behavior_server]: Activating spin
[behavior_server-7] [INFO] [1783052668.110196588] [behavior_server]: Activating backup
[behavior_server-7] [INFO] [1783052668.110250463] [behavior_server]: Activating drive_on_heading
[behavior_server-7] [INFO] [1783052668.110303712] [behavior_server]: Activating assisted_teleop
[behavior_server-7] [INFO] [1783052668.110353754] [behavior_server]: Activating wait
[behavior_server-7] [INFO] [1783052668.110419754] [behavior_server]: Creating bond (behavior_server) to lifecycle manager.
[lifecycle_manager-11] [INFO] [1783052668.237717995] [lifecycle_manager_navigation]: Server behavior_server connected with bond.
[lifecycle_manager-11] [INFO] [1783052668.237879328] [lifecycle_manager_navigation]: [34m[1mActivating bt_navigator[0m[0m
[bt_navigator-8] [INFO] [1783052668.239323118] [bt_navigator]: Activating
[bt_navigator-8] [INFO] [1783052668.665992028] [bt_navigator]: Creating bond (bt_navigator) to lifecycle manager.
[amcl-2] [INFO] [1783052668.736384098] [amcl]: initialPoseReceived
[amcl-2] [WARN] [1783052668.736701555] [amcl]: Failed to transform initial pose in time (Lookup would require extrapolation into the future.  Requested time 1783052668.736544 but the latest data is at time 1783052668.733236, when looking up transform from frame [base_link] to frame [odom])
[amcl-2] [INFO] [1783052668.736787305] [amcl]: Setting pose (1783052668.736784): 0.190 0.133 0.203
[lifecycle_manager-11] [INFO] [1783052668.793306852] [lifecycle_manager_navigation]: Server bt_navigator connected with bond.
[lifecycle_manager-11] [INFO] [1783052668.793449435] [lifecycle_manager_navigation]: [34m[1mActivating waypoint_follower[0m[0m
[waypoint_follower-9] [INFO] [1783052668.794931642] [waypoint_follower]: Activating
[waypoint_follower-9] [INFO] [1783052668.795121141] [waypoint_follower]: Creating bond (waypoint_follower) to lifecycle manager.
[lifecycle_manager-11] [INFO] [1783052668.929644914] [lifecycle_manager_navigation]: Server waypoint_follower connected with bond.
[lifecycle_manager-11] [INFO] [1783052668.929806705] [lifecycle_manager_navigation]: [34m[1mActivating velocity_smoother[0m[0m
[velocity_smoother-10] [INFO] [1783052668.931435703] [velocity_smoother]: Activating
[velocity_smoother-10] [INFO] [1783052668.931701578] [velocity_smoother]: Creating bond (velocity_smoother) to lifecycle manager.
[lifecycle_manager-11] [INFO] [1783052669.068398597] [lifecycle_manager_navigation]: Server velocity_smoother connected with bond.
[lifecycle_manager-11] [INFO] [1783052669.068585055] [lifecycle_manager_navigation]: [34m[1mManaged nodes are active[0m[0m
[lifecycle_manager-11] [INFO] [1783052669.068653430] [lifecycle_manager_navigation]: [34m[1mCreating bond timer...[0m[0m
[amcl-2] [INFO] [1783052669.368291143] [amcl]: initialPoseReceived
[amcl-2] [WARN] [1783052669.368642684] [amcl]: Failed to transform initial pose in time (Lookup would require extrapolation into the future.  Requested time 1783052669.368455 but the latest data is at time 1783052669.332777, when looking up transform from frame [base_link] to frame [odom])
[amcl-2] [INFO] [1783052669.368752142] [amcl]: Setting pose (1783052669.368747): 0.190 0.133 0.203
[amcl-2] [INFO] [1783052670.003931767] [amcl]: initialPoseReceived
[amcl-2] [WARN] [1783052670.004424975] [amcl]: Failed to transform initial pose in time (Lookup would require extrapolation into the future.  Requested time 1783052670.004174 but the latest data is at time 1783052669.999446, when looking up transform from frame [base_link] to frame [odom])
[amcl-2] [INFO] [1783052670.004578850] [amcl]: Setting pose (1783052670.004573): 0.190 0.133 0.203
[planner_server-6] [INFO] [1783052742.977599530] [global_costmap.global_costmap]: Message Filter dropping message: frame 'laser' at time 1783052742.343 for reason 'the timestamp on the message is earlier than all the data in the transform cache'
[planner_server-6] [WARN] [1783052967.307777509] [planner_server]: No planners specified in action call. Server will use only plugin GridBased  in server. This warning will appear once.
[bt_navigator-8] [INFO] [1783052967.316739128] [bt_navigator]: Begin navigating from current location (0.18, 0.13) to (0.50, 0.00)
[bt_navigator-8] [WARN] [1783052967.357821559] [BehaviorTreeEngine]: Behavior Tree tick rate 100.00 was exceeded!
[controller_server-4] [INFO] [1783052967.359979558] [controller_server]: Received a goal, begin computing control effort.
[controller_server-4] [WARN] [1783052967.360234391] [controller_server]: No goal checker was specified in parameter 'current_goal_checker'. Server will use only plugin loaded general_goal_checker . This warning will appear once.
[controller_server-4] [INFO] [1783052968.411037984] [controller_server]: Passing new path to controller.
[controller_server-4] [INFO] [1783052969.411037112] [controller_server]: Passing new path to controller.
[controller_server-4] [INFO] [1783052970.083865833] [controller_server]: Reached the goal!
[bt_navigator-8] [INFO] [1783052970.128410178] [bt_navigator]: Goal succeeded
[bt_navigator-8] [INFO] [1783053006.356707685] [bt_navigator]: Begin navigating from current location (0.37, 0.00) to (0.30, 0.20)
[controller_server-4] [INFO] [1783053006.385316001] [controller_server]: Received a goal, begin computing control effort.
[controller_server-4] [WARN] [1783053006.737101241] [controller_server]: Control loop missed its desired rate of 20.0000Hz
[controller_server-4] [INFO] [1783053007.436035475] [controller_server]: Passing new path to controller.
[controller_server-4] [INFO] [1783053008.436034190] [controller_server]: Passing new path to controller.
[controller_server-4] [INFO] [1783053009.486102459] [controller_server]: Passing new path to controller.
[controller_server-4] [WARN] [1783053010.551871011] [controller_server]: Control loop missed its desired rate of 20.0000Hz
[controller_server-4] [WARN] [1783053010.592521694] [controller_server]: Control loop missed its desired rate of 20.0000Hz
[controller_server-4] [INFO] [1783053010.598090024] [controller_server]: Passing new path to controller.
[controller_server-4] [WARN] [1783053010.692880924] [controller_server]: Control loop missed its desired rate of 20.0000Hz
[controller_server-4] [WARN] [1783053010.745088934] [controller_server]: Control loop missed its desired rate of 20.0000Hz
[controller_server-4] [INFO] [1783053011.636082970] [controller_server]: Passing new path to controller.
[controller_server-4] [INFO] [1783053012.686041159] [controller_server]: Passing new path to controller.
[controller_server-4] [INFO] [1783053013.686027213] [controller_server]: Passing new path to controller.
[controller_server-4] [WARN] [1783053013.742020804] [controller_server]: Control loop missed its desired rate of 20.0000Hz
[bt_navigator-8] [WARN] [1783053014.398444777] [BehaviorTreeEngine]: Behavior Tree tick rate 100.00 was exceeded!
[controller_server-4] [WARN] [1783053014.448780163] [controller_server]: Control loop missed its desired rate of 20.0000Hz
[bt_navigator-8] [WARN] [1783053014.473983898] [BehaviorTreeEngine]: Behavior Tree tick rate 100.00 was exceeded!
[bt_navigator-8] [WARN] [1783053014.477401145] [BehaviorTreeEngine]: Behavior Tree tick rate 100.00 was exceeded!
[controller_server-4] [WARN] [1783053014.587363870] [controller_server]: Control loop missed its desired rate of 20.0000Hz
[controller_server-4] [INFO] [1783053014.786167707] [controller_server]: Passing new path to controller.
[controller_server-4] [INFO] [1783053015.786193180] [controller_server]: Passing new path to controller.
[controller_server-4] [INFO] [1783053016.836048290] [controller_server]: Passing new path to controller.
[controller_server-4] [INFO] [1783053017.886044110] [controller_server]: Passing new path to controller.
[controller_server-4] [INFO] [1783053018.886093461] [controller_server]: Passing new path to controller.
[controller_server-4] [INFO] [1783053019.936042908] [controller_server]: Passing new path to controller.
[controller_server-4] [INFO] [1783053020.987243314] [controller_server]: Passing new path to controller.
[controller_server-4] [INFO] [1783053021.989703458] [controller_server]: Passing new path to controller.
[controller_server-4] [INFO] [1783053023.036251452] [controller_server]: Passing new path to controller.
[controller_server-4] [INFO] [1783053023.301618959] [controller_server]: Reached the goal!
[bt_navigator-8] [INFO] [1783053023.337608771] [bt_navigator]: Goal succeeded
[planner_server-6] [INFO] [1783053324.589142167] [global_costmap.global_costmap]: Message Filter dropping message: frame 'laser' at time 1783053324.181 for reason 'the timestamp on the message is earlier than all the data in the transform cache'
[controller_server-4] [INFO] [1783053324.589279542] [local_costmap.local_costmap]: Message Filter dropping message: frame 'laser' at time 1783053324.181 for reason 'the timestamp on the message is earlier than all the data in the transform cache'
[amcl-2] [INFO] [1783053325.377866116] [amcl]: Message Filter dropping message: frame 'laser' at time 1783053324.281 for reason 'discarding message because the queue is full'
[amcl-2] [INFO] [1783053341.236887333] [amcl]: initialPoseReceived
[amcl-2] [WARN] [1783053341.237217000] [amcl]: Failed to transform initial pose in time (Lookup would require extrapolation into the future.  Requested time 1783053341.237079 but the latest data is at time 1783053341.124853, when looking up transform from frame [base_link] to frame [odom])
[amcl-2] [INFO] [1783053341.237314208] [amcl]: Setting pose (1783053341.237309): 0.187 0.069 1.274
[amcl-2] [INFO] [1783053341.858913033] [amcl]: initialPoseReceived
[amcl-2] [WARN] [1783053341.859237408] [amcl]: Failed to transform initial pose in time (Lookup would require extrapolation into the future.  Requested time 1783053341.859082 but the latest data is at time 1783053341.786318, when looking up transform from frame [base_link] to frame [odom])
[amcl-2] [INFO] [1783053341.859339700] [amcl]: Setting pose (1783053341.859334): 0.187 0.069 1.274
[amcl-2] [INFO] [1783053342.504402781] [amcl]: initialPoseReceived
[amcl-2] [WARN] [1783053342.504965115] [amcl]: Failed to transform initial pose in time (Lookup would require extrapolation into the future.  Requested time 1783053342.504677 but the latest data is at time 1783053342.466778, when looking up transform from frame [base_link] to frame [odom])
[amcl-2] [INFO] [1783053342.505101906] [amcl]: Setting pose (1783053342.505097): 0.187 0.069 1.274
[amcl-2] [INFO] [1783053343.124959604] [amcl]: initialPoseReceived
[amcl-2] [WARN] [1783053343.125287521] [amcl]: Failed to transform initial pose in time (Lookup would require extrapolation into the future.  Requested time 1783053343.125128 but the latest data is at time 1783053343.051522, when looking up transform from frame [base_link] to frame [odom])
[amcl-2] [INFO] [1783053343.125380729] [amcl]: Setting pose (1783053343.125376): 0.187 0.069 1.274
[amcl-2] [INFO] [1783053343.764171390] [amcl]: initialPoseReceived
[amcl-2] [WARN] [1783053343.764485307] [amcl]: Failed to transform initial pose in time (Lookup would require extrapolation into the future.  Requested time 1783053343.764333 but the latest data is at time 1783053343.733853, when looking up transform from frame [base_link] to frame [odom])
[amcl-2] [INFO] [1783053343.764614099] [amcl]: Setting pose (1783053343.764610): 0.187 0.069 1.274
[amcl-2] [INFO] [1783053344.403010342] [amcl]: initialPoseReceived
[amcl-2] [WARN] [1783053344.403554134] [amcl]: Failed to transform initial pose in time (Lookup would require extrapolation into the future.  Requested time 1783053344.403192 but the latest data is at time 1783053344.369787, when looking up transform from frame [base_link] to frame [odom])
[amcl-2] [INFO] [1783053344.403789093] [amcl]: Setting pose (1783053344.403784): 0.187 0.069 1.274
[planner_server-6] [INFO] [1783053575.597989745] [global_costmap.global_costmap]: Message Filter dropping message: frame 'laser' at time 1783053575.172 for reason 'the timestamp on the message is earlier than all the data in the transform cache'
[controller_server-4] [INFO] [1783053575.774760286] [local_costmap.local_costmap]: Message Filter dropping message: frame 'laser' at time 1783053575.172 for reason 'the timestamp on the message is earlier than all the data in the transform cache'
[amcl-2] [INFO] [1783053672.010848647] [amcl]: initialPoseReceived
[amcl-2] [WARN] [1783053672.011193232] [amcl]: Failed to transform initial pose in time (Lookup would require extrapolation into the future.  Requested time 1783053672.011028 but the latest data is at time 1783053671.931681, when looking up transform from frame [base_link] to frame [odom])
[amcl-2] [INFO] [1783053672.013733157] [amcl]: Setting pose (1783053672.013727): 0.175 0.064 1.273
[amcl-2] [INFO] [1783053672.600231569] [amcl]: initialPoseReceived
[amcl-2] [WARN] [1783053672.605318795] [amcl]: Failed to transform initial pose in time (Lookup would require extrapolation into the future.  Requested time 1783053672.605146 but the latest data is at time 1783053672.551347, when looking up transform from frame [base_link] to frame [odom])
[amcl-2] [INFO] [1783053672.605452379] [amcl]: Setting pose (1783053672.605448): 0.175 0.064 1.273
[amcl-2] [INFO] [1783053673.240970836] [amcl]: initialPoseReceived
[amcl-2] [WARN] [1783053673.241292546] [amcl]: Failed to transform initial pose in time (Lookup would require extrapolation into the future.  Requested time 1783053673.241149 but the latest data is at time 1783053673.199589, when looking up transform from frame [base_link] to frame [odom])
[amcl-2] [INFO] [1783053673.241387338] [amcl]: Setting pose (1783053673.241384): 0.175 0.064 1.273
[amcl-2] [INFO] [1783053673.871464854] [amcl]: initialPoseReceived
[amcl-2] [WARN] [1783053673.871770230] [amcl]: Failed to transform initial pose in time (Lookup would require extrapolation into the future.  Requested time 1783053673.871619 but the latest data is at time 1783053673.866616, when looking up transform from frame [base_link] to frame [odom])
[amcl-2] [INFO] [1783053673.871874397] [amcl]: Setting pose (1783053673.871870): 0.175 0.064 1.273
[amcl-2] [INFO] [1783053674.506267880] [amcl]: initialPoseReceived
[amcl-2] [WARN] [1783053674.506594590] [amcl]: Failed to transform initial pose in time (Lookup would require extrapolation into the future.  Requested time 1783053674.506452 but the latest data is at time 1783053674.467562, when looking up transform from frame [base_link] to frame [odom])
[amcl-2] [INFO] [1783053674.506690548] [amcl]: Setting pose (1783053674.506687): 0.175 0.064 1.273
[amcl-2] [INFO] [1783053675.156996375] [amcl]: initialPoseReceived
[amcl-2] [WARN] [1783053675.157325085] [amcl]: Failed to transform initial pose in time (Lookup would require extrapolation into the future.  Requested time 1783053675.157173 but the latest data is at time 1783053675.099848, when looking up transform from frame [base_link] to frame [odom])
[amcl-2] [INFO] [1783053675.157426585] [amcl]: Setting pose (1783053675.157423): 0.175 0.064 1.273
