[INFO] [1783060490.547366637] [foxglove_click_goal_bridge]: Foxglove click goal bridge started.
[INFO] [1783060490.551842678] [foxglove_click_goal_bridge]: Listening point click topic:
[INFO] [1783060490.555614595] [foxglove_click_goal_bridge]:   /foxglove_goal_point
[INFO] [1783060490.562021803] [foxglove_click_goal_bridge]:   geometry_msgs/msg/PointStamped
[INFO] [1783060490.569289844] [foxglove_click_goal_bridge]: Listening pose click topic:
[INFO] [1783060490.574362511] [foxglove_click_goal_bridge]:   /foxglove_goal_pose
[INFO] [1783060490.578435886] [foxglove_click_goal_bridge]:   geometry_msgs/msg/PoseStamped
[INFO] [1783060490.581939011] [foxglove_click_goal_bridge]: Recommended Foxglove tool:
[INFO] [1783060490.586261469] [foxglove_click_goal_bridge]:   Publish -> 2D point -> /foxglove_goal_point
[INFO] [1783060490.590688511] [foxglove_click_goal_bridge]: Visual path topic: /foxglove_click_planned_path
[INFO] [1783060490.596368011] [foxglove_click_goal_bridge]: Visual goal marker: /foxglove_click_goal_marker + /foxglove_click_goal_label
[INFO] [1783060492.987538292] [foxglove_click_goal_bridge]: >>> CLICK READY: Foxglove 可以单击地图白色区域发送导航目标。 Topic=/foxglove_goal_point, frame=map。 若 scan 与地图错位，请先用 /initialpose 校正。导航进行中会忽略新点击。
[INFO] [1783060500.067476798] [foxglove_click_goal_bridge]: Goal marker published at (0.347, -1.202) -> /foxglove_click_goal_marker /foxglove_click_goal_label
[INFO] [1783060500.079768673] [foxglove_click_goal_bridge]: Received Foxglove clicked point: frame_id=map, x=0.347, y=-1.202, goal_yaw=-0.051
[INFO] [1783060500.087465881] [foxglove_click_goal_bridge]: Goal map cell OK: (0.347, -1.202) -> free(val=0)
[INFO] [1783060500.115907797] [foxglove_click_goal_bridge]: Goal marker published at (0.347, -1.202) -> /foxglove_click_goal_marker /foxglove_click_goal_label
[INFO] [1783060500.120817589] [foxglove_click_goal_bridge]: [1] Accepted goal: frame=map, x=0.347, y=-1.202
[INFO] [1783060500.146887796] [foxglove_click_goal_bridge]: [1] NavigateToPose goal accepted. Robot should start planning/following.
[INFO] [1783060500.232733211] [foxglove_click_goal_bridge]: [1] navigating: distance_remaining=0.000 m, recoveries=0
[INFO] [1783060500.256698335] [foxglove_click_goal_bridge]: [1] Planned path published: 165 poses -> /foxglove_click_planned_path
[INFO] [1783060502.243243747] [foxglove_click_goal_bridge]: [1] navigating: distance_remaining=4.166 m, recoveries=0
[INFO] [1783060504.260593741] [foxglove_click_goal_bridge]: [1] navigating: distance_remaining=4.171 m, recoveries=0
[INFO] [1783060506.258814359] [foxglove_click_goal_bridge]: [1] navigating: distance_remaining=4.217 m, recoveries=0
[INFO] [1783060508.261125726] [foxglove_click_goal_bridge]: [1] navigating: distance_remaining=0.000 m, recoveries=1
[INFO] [1783060510.270565176] [foxglove_click_goal_bridge]: [1] navigating: distance_remaining=4.156 m, recoveries=1
[INFO] [1783060512.266803376] [foxglove_click_goal_bridge]: [1] navigating: distance_remaining=4.068 m, recoveries=1
[INFO] [1783060514.268507950] [foxglove_click_goal_bridge]: [1] navigating: distance_remaining=4.003 m, recoveries=1
[INFO] [1783060516.272753773] [foxglove_click_goal_bridge]: [1] navigating: distance_remaining=3.955 m, recoveries=1
[INFO] [1783060518.273498720] [foxglove_click_goal_bridge]: [1] navigating: distance_remaining=3.918 m, recoveries=1
[INFO] [1783060520.281272625] [foxglove_click_goal_bridge]: [1] navigating: distance_remaining=3.793 m, recoveries=1
[INFO] [1783060522.283364446] [foxglove_click_goal_bridge]: [1] navigating: distance_remaining=3.743 m, recoveries=1
[INFO] [1783060524.291308224] [foxglove_click_goal_bridge]: [1] navigating: distance_remaining=3.624 m, recoveries=1
[INFO] [1783060526.287724252] [foxglove_click_goal_bridge]: [1] navigating: distance_remaining=3.573 m, recoveries=1
[INFO] [1783060528.297983362] [foxglove_click_goal_bridge]: [1] navigating: distance_remaining=3.404 m, recoveries=1
[INFO] [1783060530.307871764] [foxglove_click_goal_bridge]: [1] navigating: distance_remaining=3.293 m, recoveries=1
[INFO] [1783060532.313378498] [foxglove_click_goal_bridge]: [1] navigating: distance_remaining=3.143 m, recoveries=1
[INFO] [1783060534.322142814] [foxglove_click_goal_bridge]: [1] navigating: distance_remaining=3.018 m, recoveries=1
[INFO] [1783060536.329450172] [foxglove_click_goal_bridge]: [1] navigating: distance_remaining=2.918 m, recoveries=1
[INFO] [1783060538.345308403] [foxglove_click_goal_bridge]: [1] navigating: distance_remaining=2.793 m, recoveries=1
[INFO] [1783060540.345273093] [foxglove_click_goal_bridge]: [1] navigating: distance_remaining=2.718 m, recoveries=1
[INFO] [1783060542.361376615] [foxglove_click_goal_bridge]: [1] navigating: distance_remaining=2.568 m, recoveries=1
[INFO] [1783060544.358343512] [foxglove_click_goal_bridge]: [1] navigating: distance_remaining=2.468 m, recoveries=1
[INFO] [1783060546.368460074] [foxglove_click_goal_bridge]: [1] navigating: distance_remaining=2.368 m, recoveries=1
[INFO] [1783060548.372585594] [foxglove_click_goal_bridge]: [1] navigating: distance_remaining=2.243 m, recoveries=1
[INFO] [1783060550.375983780] [foxglove_click_goal_bridge]: [1] navigating: distance_remaining=2.168 m, recoveries=1
[INFO] [1783060552.383947174] [foxglove_click_goal_bridge]: [1] navigating: distance_remaining=2.068 m, recoveries=1
[INFO] [1783060554.389561442] [foxglove_click_goal_bridge]: [1] navigating: distance_remaining=1.813 m, recoveries=1
[INFO] [1783060556.389885876] [foxglove_click_goal_bridge]: [1] navigating: distance_remaining=1.701 m, recoveries=1
[INFO] [1783060558.406933601] [foxglove_click_goal_bridge]: [1] navigating: distance_remaining=1.601 m, recoveries=1
[INFO] [1783060560.411291159] [foxglove_click_goal_bridge]: [1] navigating: distance_remaining=1.493 m, recoveries=1
[INFO] [1783060562.411978216] [foxglove_click_goal_bridge]: [1] navigating: distance_remaining=1.368 m, recoveries=1
[INFO] [1783060564.418552106] [foxglove_click_goal_bridge]: [1] navigating: distance_remaining=1.218 m, recoveries=1
[INFO] [1783060566.422237620] [foxglove_click_goal_bridge]: [1] navigating: distance_remaining=1.043 m, recoveries=1
[INFO] [1783060568.423174592] [foxglove_click_goal_bridge]: [1] navigating: distance_remaining=0.918 m, recoveries=1
[INFO] [1783060570.424851271] [foxglove_click_goal_bridge]: [1] navigating: distance_remaining=0.818 m, recoveries=1
[INFO] [1783060572.430332783] [foxglove_click_goal_bridge]: [1] navigating: distance_remaining=0.643 m, recoveries=1
[INFO] [1783060574.442947544] [foxglove_click_goal_bridge]: [1] navigating: distance_remaining=0.518 m, recoveries=1
[INFO] [1783060576.443295805] [foxglove_click_goal_bridge]: [1] navigating: distance_remaining=0.393 m, recoveries=1
[INFO] [1783060578.457783107] [foxglove_click_goal_bridge]: [1] navigating: distance_remaining=0.293 m, recoveries=1
[INFO] [1783060580.109594546] [foxglove_click_goal_bridge]: [1] Navigation succeeded. status=4
[INFO] [1783060580.115769337] [foxglove_click_goal_bridge]: Navigation succeeded. Current pose will be updated by pose_memory_node.
[INFO] [1783060613.327468894] [foxglove_click_goal_bridge]: Goal marker published at (-2.877, -0.099) -> /foxglove_click_goal_marker /foxglove_click_goal_label
[INFO] [1783060613.335490477] [foxglove_click_goal_bridge]: Received Foxglove clicked point: frame_id=map, x=-2.877, y=-0.099, goal_yaw=-1.403
[INFO] [1783060613.339913810] [foxglove_click_goal_bridge]: Goal map cell OK: (-2.877, -0.099) -> free(val=0)
[INFO] [1783060613.354206851] [foxglove_click_goal_bridge]: Goal marker published at (-2.877, -0.099) -> /foxglove_click_goal_marker /foxglove_click_goal_label
[INFO] [1783060613.363999809] [foxglove_click_goal_bridge]: [2] Accepted goal: frame=map, x=-2.877, y=-0.099
[INFO] [1783060613.446409097] [foxglove_click_goal_bridge]: [2] NavigateToPose goal accepted. Robot should start planning/following.
[INFO] [1783060613.475597971] [foxglove_click_goal_bridge]: [2] navigating: distance_remaining=0.193 m, recoveries=0
[INFO] [1783060613.597615258] [foxglove_click_goal_bridge]: [2] Planned path published: 139 poses -> /foxglove_click_planned_path
[INFO] [1783060615.521058593] [foxglove_click_goal_bridge]: [2] navigating: distance_remaining=3.529 m, recoveries=0
[INFO] [1783060617.540547839] [foxglove_click_goal_bridge]: [2] navigating: distance_remaining=3.509 m, recoveries=0
[INFO] [1783060619.533021212] [foxglove_click_goal_bridge]: [2] navigating: distance_remaining=3.459 m, recoveries=0
[INFO] [1783060621.542813457] [foxglove_click_goal_bridge]: [2] navigating: distance_remaining=3.434 m, recoveries=0
[INFO] [1783060623.540397245] [foxglove_click_goal_bridge]: [2] navigating: distance_remaining=3.334 m, recoveries=0
[INFO] [1783060625.540819073] [foxglove_click_goal_bridge]: [2] navigating: distance_remaining=3.259 m, recoveries=0
[INFO] [1783060627.556997650] [foxglove_click_goal_bridge]: [2] navigating: distance_remaining=3.150 m, recoveries=0
[INFO] [1783060629.554549019] [foxglove_click_goal_bridge]: [2] navigating: distance_remaining=3.006 m, recoveries=0
[INFO] [1783060631.557820762] [foxglove_click_goal_bridge]: [2] navigating: distance_remaining=2.834 m, recoveries=0
[INFO] [1783060633.568182671] [foxglove_click_goal_bridge]: [2] navigating: distance_remaining=2.709 m, recoveries=0
[INFO] [1783060635.571734079] [foxglove_click_goal_bridge]: [2] navigating: distance_remaining=2.584 m, recoveries=0
[INFO] [1783060637.570689529] [foxglove_click_goal_bridge]: [2] navigating: distance_remaining=2.501 m, recoveries=0
[INFO] [1783060639.580011061] [foxglove_click_goal_bridge]: [2] navigating: distance_remaining=2.410 m, recoveries=0
[INFO] [1783060641.585912884] [foxglove_click_goal_bridge]: [2] navigating: distance_remaining=2.284 m, recoveries=0
[INFO] [1783060643.601681414] [foxglove_click_goal_bridge]: [2] navigating: distance_remaining=2.153 m, recoveries=0
[INFO] [1783060645.603591778] [foxglove_click_goal_bridge]: [2] navigating: distance_remaining=1.909 m, recoveries=0
[INFO] [1783060647.604408558] [foxglove_click_goal_bridge]: [2] navigating: distance_remaining=1.809 m, recoveries=0
[INFO] [1783060649.631042711] [foxglove_click_goal_bridge]: [2] navigating: distance_remaining=1.634 m, recoveries=0
[INFO] [1783060651.640902864] [foxglove_click_goal_bridge]: [2] navigating: distance_remaining=1.509 m, recoveries=0
[INFO] [1783060653.642193517] [foxglove_click_goal_bridge]: [2] navigating: distance_remaining=1.451 m, recoveries=0
[INFO] [1783060655.650840002] [foxglove_click_goal_bridge]: [2] navigating: distance_remaining=1.451 m, recoveries=0
[INFO] [1783060657.652187154] [foxglove_click_goal_bridge]: [2] navigating: distance_remaining=1.451 m, recoveries=0
[INFO] [1783060659.652601222] [foxglove_click_goal_bridge]: [2] navigating: distance_remaining=1.451 m, recoveries=0
[INFO] [1783060661.660179330] [foxglove_click_goal_bridge]: [2] navigating: distance_remaining=1.451 m, recoveries=0
[INFO] [1783060663.662836855] [foxglove_click_goal_bridge]: [2] navigating: distance_remaining=1.451 m, recoveries=0
[INFO] [1783060665.673031379] [foxglove_click_goal_bridge]: [2] navigating: distance_remaining=1.451 m, recoveries=0
[INFO] [1783060667.687655777] [foxglove_click_goal_bridge]: [2] navigating: distance_remaining=1.451 m, recoveries=1
[INFO] [1783060669.680691008] [foxglove_click_goal_bridge]: [2] navigating: distance_remaining=1.451 m, recoveries=1
[INFO] [1783060671.680818031] [foxglove_click_goal_bridge]: [2] navigating: distance_remaining=1.451 m, recoveries=1
[INFO] [1783060673.681786803] [foxglove_click_goal_bridge]: [2] navigating: distance_remaining=1.451 m, recoveries=1
[INFO] [1783060675.695621740] [foxglove_click_goal_bridge]: [2] navigating: distance_remaining=1.451 m, recoveries=1
[INFO] [1783060677.695404011] [foxglove_click_goal_bridge]: [2] navigating: distance_remaining=1.451 m, recoveries=1
[INFO] [1783060679.705114905] [foxglove_click_goal_bridge]: [2] navigating: distance_remaining=1.451 m, recoveries=1
[INFO] [1783060681.711121758] [foxglove_click_goal_bridge]: [2] navigating: distance_remaining=1.451 m, recoveries=1
[INFO] [1783060683.713193860] [foxglove_click_goal_bridge]: [2] navigating: distance_remaining=1.451 m, recoveries=4
[INFO] [1783060685.712504628] [foxglove_click_goal_bridge]: [2] navigating: distance_remaining=1.451 m, recoveries=4
[INFO] [1783060687.721851729] [foxglove_click_goal_bridge]: [2] navigating: distance_remaining=1.451 m, recoveries=4
[INFO] [1783060689.731874245] [foxglove_click_goal_bridge]: [2] navigating: distance_remaining=1.451 m, recoveries=4
[INFO] [1783060691.746842344] [foxglove_click_goal_bridge]: [2] navigating: distance_remaining=1.451 m, recoveries=4
[INFO] [1783060693.757460985] [foxglove_click_goal_bridge]: [2] navigating: distance_remaining=1.451 m, recoveries=4
[INFO] [1783060695.763703666] [foxglove_click_goal_bridge]: [2] navigating: distance_remaining=1.451 m, recoveries=4
[INFO] [1783060697.770729389] [foxglove_click_goal_bridge]: [2] navigating: distance_remaining=1.451 m, recoveries=4
[INFO] [1783060699.782137861] [foxglove_click_goal_bridge]: [2] navigating: distance_remaining=1.451 m, recoveries=5
[INFO] [1783060701.784686083] [foxglove_click_goal_bridge]: [2] navigating: distance_remaining=1.451 m, recoveries=5
[INFO] [1783060703.794004137] [foxglove_click_goal_bridge]: [2] navigating: distance_remaining=1.451 m, recoveries=5
[INFO] [1783060705.792443441] [foxglove_click_goal_bridge]: [2] navigating: distance_remaining=1.451 m, recoveries=5
[INFO] [1783060707.800189244] [foxglove_click_goal_bridge]: [2] navigating: distance_remaining=1.451 m, recoveries=5
[INFO] [1783060709.802947797] [foxglove_click_goal_bridge]: [2] navigating: distance_remaining=1.451 m, recoveries=5
[INFO] [1783060711.808128849] [foxglove_click_goal_bridge]: [2] navigating: distance_remaining=1.451 m, recoveries=5
[INFO] [1783060713.810509775] [foxglove_click_goal_bridge]: [2] navigating: distance_remaining=1.451 m, recoveries=8
[INFO] [1783060715.835648158] [foxglove_click_goal_bridge]: [2] navigating: distance_remaining=1.451 m, recoveries=8
[INFO] [1783060717.841883292] [foxglove_click_goal_bridge]: [2] navigating: distance_remaining=1.451 m, recoveries=8
[INFO] [1783060719.851542258] [foxglove_click_goal_bridge]: [2] navigating: distance_remaining=1.451 m, recoveries=8
[INFO] [1783060721.855479640] [foxglove_click_goal_bridge]: [2] navigating: distance_remaining=1.451 m, recoveries=8
[INFO] [1783060723.865735147] [foxglove_click_goal_bridge]: [2] navigating: distance_remaining=1.451 m, recoveries=8
[INFO] [1783060725.866765362] [foxglove_click_goal_bridge]: [2] navigating: distance_remaining=1.451 m, recoveries=8
[INFO] [1783060727.944301280] [foxglove_click_goal_bridge]: [2] navigating: distance_remaining=1.451 m, recoveries=8
[INFO] [1783060729.957913076] [foxglove_click_goal_bridge]: [2] navigating: distance_remaining=1.451 m, recoveries=9
[INFO] [1783060731.964580789] [foxglove_click_goal_bridge]: [2] navigating: distance_remaining=1.451 m, recoveries=9
[INFO] [1783060733.975814084] [foxglove_click_goal_bridge]: [2] navigating: distance_remaining=1.451 m, recoveries=9
[INFO] [1783060735.982959129] [foxglove_click_goal_bridge]: [2] navigating: distance_remaining=1.451 m, recoveries=9
[INFO] [1783060737.987023174] [foxglove_click_goal_bridge]: [2] navigating: distance_remaining=1.451 m, recoveries=9
[INFO] [1783060739.990364551] [foxglove_click_goal_bridge]: [2] navigating: distance_remaining=1.451 m, recoveries=9
[INFO] [1783060742.000239802] [foxglove_click_goal_bridge]: [2] navigating: distance_remaining=1.451 m, recoveries=9
[INFO] [1783060744.002499345] [foxglove_click_goal_bridge]: [2] navigating: distance_remaining=1.451 m, recoveries=9
[ERROR] [1783060744.613117349] [foxglove_click_goal_bridge]: [2] Navigation ended. status=6, error_code=None, error_msg=
[INFO] [1783061043.193285279] [foxglove_click_goal_bridge]: Goal marker published at (-0.167, 0.171) -> /foxglove_click_goal_marker /foxglove_click_goal_label
[INFO] [1783061043.199218779] [foxglove_click_goal_bridge]: Received Foxglove clicked point: frame_id=map, x=-0.167, y=0.171, goal_yaw=3.011
[INFO] [1783061043.214672777] [foxglove_click_goal_bridge]: Goal map cell OK: (-0.167, 0.171) -> free(val=0)
[INFO] [1783061043.234776317] [foxglove_click_goal_bridge]: Goal marker published at (-0.167, 0.171) -> /foxglove_click_goal_marker /foxglove_click_goal_label
[INFO] [1783061043.246059941] [foxglove_click_goal_bridge]: [3] Accepted goal: frame=map, x=-0.167, y=0.171
[INFO] [1783061043.475537293] [foxglove_click_goal_bridge]: [3] navigating: distance_remaining=1.636 m, recoveries=0
[INFO] [1783061043.479624918] [foxglove_click_goal_bridge]: [3] NavigateToPose goal accepted. Robot should start planning/following.
[INFO] [1783061043.586169782] [foxglove_click_goal_bridge]: [3] Planned path published: 66 poses -> /foxglove_click_planned_path
[INFO] [1783061045.496680219] [foxglove_click_goal_bridge]: [3] navigating: distance_remaining=1.636 m, recoveries=0
[INFO] [1783061047.671283255] [foxglove_click_goal_bridge]: [3] navigating: distance_remaining=1.636 m, recoveries=0
[INFO] [1783061049.674299932] [foxglove_click_goal_bridge]: [3] navigating: distance_remaining=1.636 m, recoveries=0
[INFO] [1783061051.722851687] [foxglove_click_goal_bridge]: [3] navigating: distance_remaining=1.636 m, recoveries=0
[INFO] [1783061053.779397816] [foxglove_click_goal_bridge]: [3] navigating: distance_remaining=1.636 m, recoveries=0
[INFO] [1783061055.858755401] [foxglove_click_goal_bridge]: [3] navigating: distance_remaining=1.636 m, recoveries=0
[INFO] [1783061057.899470031] [foxglove_click_goal_bridge]: [3] navigating: distance_remaining=1.636 m, recoveries=0
[INFO] [1783061060.004565737] [foxglove_click_goal_bridge]: [3] navigating: distance_remaining=1.636 m, recoveries=1
[INFO] [1783061062.071402947] [foxglove_click_goal_bridge]: [3] navigating: distance_remaining=1.636 m, recoveries=1
[INFO] [1783061064.076537996] [foxglove_click_goal_bridge]: [3] navigating: distance_remaining=1.636 m, recoveries=1
[INFO] [1783061066.076868503] [foxglove_click_goal_bridge]: [3] navigating: distance_remaining=1.636 m, recoveries=1
[INFO] [1783061068.084662592] [foxglove_click_goal_bridge]: [3] navigating: distance_remaining=1.636 m, recoveries=1
[INFO] [1783061070.086665348] [foxglove_click_goal_bridge]: [3] navigating: distance_remaining=1.636 m, recoveries=1
[INFO] [1783061072.089364937] [foxglove_click_goal_bridge]: [3] navigating: distance_remaining=1.636 m, recoveries=1
[INFO] [1783061074.097172567] [foxglove_click_goal_bridge]: [3] navigating: distance_remaining=1.636 m, recoveries=4
[INFO] [1783061076.106816404] [foxglove_click_goal_bridge]: [3] navigating: distance_remaining=1.636 m, recoveries=4
[INFO] [1783061078.107443076] [foxglove_click_goal_bridge]: [3] navigating: distance_remaining=1.636 m, recoveries=4
[INFO] [1783061080.111206371] [foxglove_click_goal_bridge]: [3] navigating: distance_remaining=1.636 m, recoveries=4
[INFO] [1783061082.120153458] [foxglove_click_goal_bridge]: [3] navigating: distance_remaining=1.636 m, recoveries=4
[INFO] [1783061084.127517877] [foxglove_click_goal_bridge]: [3] navigating: distance_remaining=1.636 m, recoveries=4
[INFO] [1783061086.131151172] [foxglove_click_goal_bridge]: [3] navigating: distance_remaining=1.636 m, recoveries=4
[INFO] [1783061088.129895008] [foxglove_click_goal_bridge]: [3] navigating: distance_remaining=1.636 m, recoveries=4
[INFO] [1783061090.193318920] [foxglove_click_goal_bridge]: [3] navigating: distance_remaining=1.636 m, recoveries=5
[INFO] [1783061092.197783338] [foxglove_click_goal_bridge]: [3] navigating: distance_remaining=1.636 m, recoveries=5
[INFO] [1783061094.233683169] [foxglove_click_goal_bridge]: [3] navigating: distance_remaining=1.636 m, recoveries=5
[INFO] [1783061096.289217957] [foxglove_click_goal_bridge]: [3] navigating: distance_remaining=1.636 m, recoveries=5
[INFO] [1783061098.361876325] [foxglove_click_goal_bridge]: [3] navigating: distance_remaining=1.636 m, recoveries=5
[INFO] [1783061100.403145446] [foxglove_click_goal_bridge]: [3] navigating: distance_remaining=1.636 m, recoveries=5
[INFO] [1783061102.487474603] [foxglove_click_goal_bridge]: [3] navigating: distance_remaining=1.636 m, recoveries=5
[INFO] [1783061104.536578139] [foxglove_click_goal_bridge]: [3] navigating: distance_remaining=1.636 m, recoveries=5
[INFO] [1783061106.538961555] [foxglove_click_goal_bridge]: [3] navigating: distance_remaining=1.636 m, recoveries=8
[INFO] [1783061108.539361303] [foxglove_click_goal_bridge]: [3] navigating: distance_remaining=1.636 m, recoveries=8
[INFO] [1783061110.539432968] [foxglove_click_goal_bridge]: [3] navigating: distance_remaining=1.636 m, recoveries=8
[INFO] [1783061112.549969840] [foxglove_click_goal_bridge]: [3] navigating: distance_remaining=1.636 m, recoveries=8
[INFO] [1783061114.552897546] [foxglove_click_goal_bridge]: [3] navigating: distance_remaining=1.636 m, recoveries=8
[INFO] [1783061116.565944125] [foxglove_click_goal_bridge]: [3] navigating: distance_remaining=1.636 m, recoveries=8
[INFO] [1783061118.572899537] [foxglove_click_goal_bridge]: [3] navigating: distance_remaining=1.636 m, recoveries=8
[INFO] [1783061120.624519237] [foxglove_click_goal_bridge]: [3] navigating: distance_remaining=1.636 m, recoveries=8
[INFO] [1783061122.628420190] [foxglove_click_goal_bridge]: [3] navigating: distance_remaining=1.636 m, recoveries=9
[INFO] [1783061124.638234602] [foxglove_click_goal_bridge]: [3] navigating: distance_remaining=1.636 m, recoveries=9
[INFO] [1783061126.675030759] [foxglove_click_goal_bridge]: [3] navigating: distance_remaining=1.636 m, recoveries=9
[INFO] [1783061128.806012615] [foxglove_click_goal_bridge]: [3] navigating: distance_remaining=1.636 m, recoveries=9
[ERROR] [1783061129.939207952] [foxglove_click_goal_bridge]: [3] Navigation ended. status=6, error_code=None, error_msg=
Traceback (most recent call last):
  File "/root/rdk_x5_vln_robot/scripts/slam/foxglove_click_goal_bridge.py", line 667, in main
    rclpy.spin(node)
  File "/opt/ros/humble/local/lib/python3.10/dist-packages/rclpy/__init__.py", line 229, in spin
    executor.spin_once()
  File "/opt/ros/humble/local/lib/python3.10/dist-packages/rclpy/executors.py", line 751, in spin_once
    self._spin_once_impl(timeout_sec)
  File "/opt/ros/humble/local/lib/python3.10/dist-packages/rclpy/executors.py", line 740, in _spin_once_impl
    handler, entity, node = self.wait_for_ready_callbacks(timeout_sec=timeout_sec)
  File "/opt/ros/humble/local/lib/python3.10/dist-packages/rclpy/executors.py", line 723, in wait_for_ready_callbacks
    return next(self._cb_iter)
  File "/opt/ros/humble/local/lib/python3.10/dist-packages/rclpy/executors.py", line 624, in _wait_for_ready_callbacks
    raise ExternalShutdownException()
rclpy.executors.ExternalShutdownException

During handling of the above exception, another exception occurred:

Traceback (most recent call last):
  File "/root/rdk_x5_vln_robot/scripts/slam/foxglove_click_goal_bridge.py", line 676, in <module>
    main()
  File "/root/rdk_x5_vln_robot/scripts/slam/foxglove_click_goal_bridge.py", line 672, in main
    rclpy.shutdown()
  File "/opt/ros/humble/local/lib/python3.10/dist-packages/rclpy/__init__.py", line 130, in shutdown
    _shutdown(context=context)
  File "/opt/ros/humble/local/lib/python3.10/dist-packages/rclpy/utilities.py", line 58, in shutdown
    return context.shutdown()
  File "/opt/ros/humble/local/lib/python3.10/dist-packages/rclpy/context.py", line 102, in shutdown
    self.__context.shutdown()
rclpy._rclpy_pybind11.RCLError: failed to shutdown: rcl_shutdown already called on the given context, at ./src/rcl/init.c:241
