[INFO] [1783064594.856275608] [foxglove_click_goal_bridge]: Foxglove click goal bridge started.
[INFO] [1783064594.861175067] [foxglove_click_goal_bridge]: Listening point click topic:
[INFO] [1783064594.866822485] [foxglove_click_goal_bridge]:   /foxglove_goal_point
[INFO] [1783064594.874548070] [foxglove_click_goal_bridge]:   geometry_msgs/msg/PointStamped
[INFO] [1783064594.892051449] [foxglove_click_goal_bridge]: Listening pose click topic:
[INFO] [1783064594.902830534] [foxglove_click_goal_bridge]:   /foxglove_goal_pose
[INFO] [1783064594.910371869] [foxglove_click_goal_bridge]:   geometry_msgs/msg/PoseStamped
[INFO] [1783064594.916500120] [foxglove_click_goal_bridge]: Recommended Foxglove tool:
[INFO] [1783064594.922543538] [foxglove_click_goal_bridge]:   Publish -> 2D point -> /foxglove_goal_point
[INFO] [1783064594.926722373] [foxglove_click_goal_bridge]: Visual path topic: /foxglove_click_planned_path
[INFO] [1783064594.932498207] [foxglove_click_goal_bridge]: Visual goal marker: /foxglove_click_goal_marker + /foxglove_click_goal_label
[INFO] [1783064596.421080978] [foxglove_click_goal_bridge]: >>> CLICK READY: Foxglove 可以单击地图白色区域发送导航目标。 Topic=/foxglove_goal_point, frame=map。 若 scan 与地图错位，请先用 /initialpose 校正。导航进行中会忽略新点击。
[INFO] [1783064603.026115068] [foxglove_click_goal_bridge]: Goal marker published at (-3.445, -1.302) -> /foxglove_click_goal_marker /foxglove_click_goal_label
[INFO] [1783064603.035104111] [foxglove_click_goal_bridge]: Received Foxglove clicked point: frame_id=map, x=-3.445, y=-1.302, goal_yaw=2.499
[INFO] [1783064603.040948988] [foxglove_click_goal_bridge]: Goal map cell OK: (-3.445, -1.302) -> free(val=0)
[INFO] [1783064603.054548657] [foxglove_click_goal_bridge]: Goal marker published at (-3.445, -1.302) -> /foxglove_click_goal_marker /foxglove_click_goal_label
[INFO] [1783064603.059770825] [foxglove_click_goal_bridge]: [1] Accepted goal: frame=map, x=-3.445, y=-1.302
[INFO] [1783064603.116302545] [foxglove_click_goal_bridge]: [1] NavigateToPose goal accepted. Robot should start planning/following.
[INFO] [1783064603.136414924] [foxglove_click_goal_bridge]: [1] navigating: distance_remaining=0.000 m, recoveries=0
[INFO] [1783064603.226356443] [foxglove_click_goal_bridge]: [1] Planned path published: 80 poses -> /foxglove_click_planned_path
[INFO] [1783064605.139449467] [foxglove_click_goal_bridge]: [1] navigating: distance_remaining=2.135 m, recoveries=0
[INFO] [1783064607.145725760] [foxglove_click_goal_bridge]: [1] navigating: distance_remaining=2.135 m, recoveries=0
[INFO] [1783064609.147043926] [foxglove_click_goal_bridge]: [1] navigating: distance_remaining=2.135 m, recoveries=0
[INFO] [1783064611.148956842] [foxglove_click_goal_bridge]: [1] navigating: distance_remaining=2.135 m, recoveries=0
[INFO] [1783064613.163696801] [foxglove_click_goal_bridge]: [1] navigating: distance_remaining=2.135 m, recoveries=0
[INFO] [1783064615.166989549] [foxglove_click_goal_bridge]: [1] navigating: distance_remaining=2.135 m, recoveries=0
[INFO] [1783064617.166216296] [foxglove_click_goal_bridge]: [1] navigating: distance_remaining=2.135 m, recoveries=0
[INFO] [1783064619.172734294] [foxglove_click_goal_bridge]: [1] navigating: distance_remaining=2.135 m, recoveries=1
[INFO] [1783064621.181999416] [foxglove_click_goal_bridge]: [1] navigating: distance_remaining=2.135 m, recoveries=1
[INFO] [1783064623.183565370] [foxglove_click_goal_bridge]: [1] navigating: distance_remaining=2.135 m, recoveries=1
[INFO] [1783064625.189747825] [foxglove_click_goal_bridge]: [1] navigating: distance_remaining=2.135 m, recoveries=1
[INFO] [1783064627.197274445] [foxglove_click_goal_bridge]: [1] navigating: distance_remaining=2.135 m, recoveries=1
[INFO] [1783064629.204577690] [foxglove_click_goal_bridge]: [1] navigating: distance_remaining=2.135 m, recoveries=1
[INFO] [1783064631.216643644] [foxglove_click_goal_bridge]: [1] navigating: distance_remaining=2.135 m, recoveries=1
[INFO] [1783064633.223521179] [foxglove_click_goal_bridge]: [1] navigating: distance_remaining=2.135 m, recoveries=1
[INFO] [1783064635.235001965] [foxglove_click_goal_bridge]: [1] navigating: distance_remaining=2.135 m, recoveries=4
[INFO] [1783064637.241396874] [foxglove_click_goal_bridge]: [1] navigating: distance_remaining=2.135 m, recoveries=4
[INFO] [1783064639.249539491] [foxglove_click_goal_bridge]: [1] navigating: distance_remaining=2.135 m, recoveries=4
[INFO] [1783064641.254147023] [foxglove_click_goal_bridge]: [1] navigating: distance_remaining=2.135 m, recoveries=4
[INFO] [1783064643.255687596] [foxglove_click_goal_bridge]: [1] navigating: distance_remaining=2.135 m, recoveries=4
[INFO] [1783064645.265318212] [foxglove_click_goal_bridge]: [1] navigating: distance_remaining=2.135 m, recoveries=4
[INFO] [1783064647.271850035] [foxglove_click_goal_bridge]: [1] navigating: distance_remaining=2.135 m, recoveries=4
[INFO] [1783064649.275004023] [foxglove_click_goal_bridge]: [1] navigating: distance_remaining=2.135 m, recoveries=4
[INFO] [1783064651.277009761] [foxglove_click_goal_bridge]: [1] navigating: distance_remaining=2.135 m, recoveries=5
[INFO] [1783064653.286448416] [foxglove_click_goal_bridge]: [1] navigating: distance_remaining=2.135 m, recoveries=5
[INFO] [1783064655.286899152] [foxglove_click_goal_bridge]: [1] navigating: distance_remaining=2.135 m, recoveries=5
[INFO] [1783064657.291921472] [foxglove_click_goal_bridge]: [1] navigating: distance_remaining=2.135 m, recoveries=5
[INFO] [1783064659.297342249] [foxglove_click_goal_bridge]: [1] navigating: distance_remaining=2.135 m, recoveries=5
[INFO] [1783064661.307903652] [foxglove_click_goal_bridge]: [1] navigating: distance_remaining=2.135 m, recoveries=5
[INFO] [1783064663.312964303] [foxglove_click_goal_bridge]: [1] navigating: distance_remaining=2.135 m, recoveries=5
[INFO] [1783064665.317873537] [foxglove_click_goal_bridge]: [1] navigating: distance_remaining=2.135 m, recoveries=8
[INFO] [1783064667.322845938] [foxglove_click_goal_bridge]: [1] navigating: distance_remaining=2.135 m, recoveries=8
[INFO] [1783064669.335316797] [foxglove_click_goal_bridge]: [1] navigating: distance_remaining=2.135 m, recoveries=8
[INFO] [1783064671.343613363] [foxglove_click_goal_bridge]: [1] navigating: distance_remaining=2.135 m, recoveries=8
[INFO] [1783064673.354820763] [foxglove_click_goal_bridge]: [1] navigating: distance_remaining=2.135 m, recoveries=8
[INFO] [1783064675.354451410] [foxglove_click_goal_bridge]: [1] navigating: distance_remaining=2.135 m, recoveries=8
[INFO] [1783064677.374483227] [foxglove_click_goal_bridge]: [1] navigating: distance_remaining=2.135 m, recoveries=8
[INFO] [1783064679.369891372] [foxglove_click_goal_bridge]: [1] navigating: distance_remaining=2.135 m, recoveries=8
[INFO] [1783064681.367744558] [foxglove_click_goal_bridge]: [1] navigating: distance_remaining=2.135 m, recoveries=9
[INFO] [1783064683.368783744] [foxglove_click_goal_bridge]: [1] navigating: distance_remaining=2.135 m, recoveries=9
[INFO] [1783064685.371102972] [foxglove_click_goal_bridge]: [1] navigating: distance_remaining=2.135 m, recoveries=9
[INFO] [1783064687.368837949] [foxglove_click_goal_bridge]: [1] navigating: distance_remaining=2.135 m, recoveries=9
[INFO] [1783064689.369685175] [foxglove_click_goal_bridge]: [1] navigating: distance_remaining=2.135 m, recoveries=9
[INFO] [1783064691.373609443] [foxglove_click_goal_bridge]: [1] navigating: distance_remaining=2.135 m, recoveries=9
[INFO] [1783064693.373923960] [foxglove_click_goal_bridge]: [1] navigating: distance_remaining=2.135 m, recoveries=9
[INFO] [1783064695.377124852] [foxglove_click_goal_bridge]: [1] navigating: distance_remaining=2.135 m, recoveries=9
[ERROR] [1783064695.825480981] [foxglove_click_goal_bridge]: [1] Navigation ended. status=6, error_code=None, error_msg=
[INFO] [1783064958.559536273] [foxglove_click_goal_bridge]: Goal marker published at (-0.733, -0.378) -> /foxglove_click_goal_marker /foxglove_click_goal_label
[INFO] [1783064958.568152775] [foxglove_click_goal_bridge]: Received Foxglove clicked point: frame_id=map, x=-0.733, y=-0.378, goal_yaw=2.500
[INFO] [1783064958.586036986] [foxglove_click_goal_bridge]: Goal map cell OK: (-0.733, -0.378) -> free(val=0)
[INFO] [1783064958.612649032] [foxglove_click_goal_bridge]: Goal marker published at (-0.733, -0.378) -> /foxglove_click_goal_marker /foxglove_click_goal_label
[INFO] [1783064958.623298950] [foxglove_click_goal_bridge]: [2] Accepted goal: frame=map, x=-0.733, y=-0.378
[INFO] [1783064958.663375582] [foxglove_click_goal_bridge]: [2] navigating: distance_remaining=2.135 m, recoveries=0
[INFO] [1783064958.670830166] [foxglove_click_goal_bridge]: [2] NavigateToPose goal accepted. Robot should start planning/following.
[INFO] [1783064958.733267635] [foxglove_click_goal_bridge]: [2] Planned path published: 47 poses -> /foxglove_click_planned_path
[INFO] [1783064960.672770488] [foxglove_click_goal_bridge]: [2] navigating: distance_remaining=1.203 m, recoveries=0
[INFO] [1783064962.687909895] [foxglove_click_goal_bridge]: [2] navigating: distance_remaining=1.203 m, recoveries=0
[INFO] [1783064964.693779383] [foxglove_click_goal_bridge]: [2] navigating: distance_remaining=1.203 m, recoveries=0
[INFO] [1783064966.691784828] [foxglove_click_goal_bridge]: [2] navigating: distance_remaining=1.203 m, recoveries=0
[INFO] [1783064968.693184897] [foxglove_click_goal_bridge]: [2] navigating: distance_remaining=1.203 m, recoveries=0
[INFO] [1783064970.700992759] [foxglove_click_goal_bridge]: [2] navigating: distance_remaining=1.203 m, recoveries=0
[INFO] [1783064972.707970454] [foxglove_click_goal_bridge]: [2] navigating: distance_remaining=1.203 m, recoveries=0
[INFO] [1783064974.708762439] [foxglove_click_goal_bridge]: [2] navigating: distance_remaining=1.203 m, recoveries=1
[INFO] [1783064976.710883798] [foxglove_click_goal_bridge]: [2] navigating: distance_remaining=1.203 m, recoveries=1
[INFO] [1783064978.721475742] [foxglove_click_goal_bridge]: [2] navigating: distance_remaining=1.203 m, recoveries=1
[INFO] [1783064980.723526476] [foxglove_click_goal_bridge]: [2] navigating: distance_remaining=1.203 m, recoveries=1
[INFO] [1783064982.723343000] [foxglove_click_goal_bridge]: [2] navigating: distance_remaining=1.203 m, recoveries=1
[INFO] [1783064984.729731650] [foxglove_click_goal_bridge]: [2] navigating: distance_remaining=1.203 m, recoveries=1
[INFO] [1783064986.738717008] [foxglove_click_goal_bridge]: [2] navigating: distance_remaining=1.203 m, recoveries=1
[INFO] [1783064988.750208700] [foxglove_click_goal_bridge]: [2] navigating: distance_remaining=1.203 m, recoveries=1
[INFO] [1783064990.750915847] [foxglove_click_goal_bridge]: [2] navigating: distance_remaining=1.203 m, recoveries=4
[INFO] [1783064992.758176745] [foxglove_click_goal_bridge]: [2] navigating: distance_remaining=1.203 m, recoveries=4
[INFO] [1783064994.765188435] [foxglove_click_goal_bridge]: [2] navigating: distance_remaining=1.203 m, recoveries=4
[INFO] [1783064996.760976788] [foxglove_click_goal_bridge]: [2] navigating: distance_remaining=1.203 m, recoveries=4
[INFO] [1783064998.768265727] [foxglove_click_goal_bridge]: [2] navigating: distance_remaining=1.203 m, recoveries=4
