[INFO] [launch]: All log files can be found below /root/.ros/log/2026-07-06-13-40-23-880110-ubuntu-132191
[INFO] [launch]: Default logging verbosity is set to INFO
[INFO] [map_server-1]: process started with pid [132219]
[INFO] [amcl-2]: process started with pid [132221]
[INFO] [lifecycle_manager-3]: process started with pid [132223]
[INFO] [controller_server-4]: process started with pid [132225]
[INFO] [smoother_server-5]: process started with pid [132227]
[INFO] [planner_server-6]: process started with pid [132229]
[INFO] [behavior_server-7]: process started with pid [132231]
[INFO] [bt_navigator-8]: process started with pid [132233]
[INFO] [waypoint_follower-9]: process started with pid [132235]
[INFO] [velocity_smoother-10]: process started with pid [132254]
[INFO] [lifecycle_manager-11]: process started with pid [132268]
[lifecycle_manager-11] [INFO] [1783316426.377655034] [lifecycle_manager_navigation]: Creating
[lifecycle_manager-11] [INFO] [1783316426.407039273] [lifecycle_manager_navigation]: [34m[1mCreating and initializing lifecycle service clients[0m[0m
[lifecycle_manager-3] [INFO] [1783316426.817049907] [lifecycle_manager_localization]: Creating
[bt_navigator-8] [INFO] [1783316426.944985774] [bt_navigator]: 
[bt_navigator-8] 	bt_navigator lifecycle node launched. 
[bt_navigator-8] 	Waiting on external lifecycle transitions to activate
[bt_navigator-8] 	See https://design.ros2.org/articles/node_lifecycle.html for more information.
[waypoint_follower-9] [INFO] [1783316426.970771431] [waypoint_follower]: 
[waypoint_follower-9] 	waypoint_follower lifecycle node launched. 
[waypoint_follower-9] 	Waiting on external lifecycle transitions to activate
[waypoint_follower-9] 	See https://design.ros2.org/articles/node_lifecycle.html for more information.
[waypoint_follower-9] [INFO] [1783316426.972954555] [waypoint_follower]: Creating
[bt_navigator-8] [INFO] [1783316426.983788759] [bt_navigator]: Creating
[amcl-2] [INFO] [1783316426.995235130] [amcl]: 
[amcl-2] 	amcl lifecycle node launched. 
[amcl-2] 	Waiting on external lifecycle transitions to activate
[amcl-2] 	See https://design.ros2.org/articles/node_lifecycle.html for more information.
[amcl-2] [INFO] [1783316426.998361004] [amcl]: Creating
[controller_server-4] [INFO] [1783316427.013338706] [controller_server]: 
[controller_server-4] 	controller_server lifecycle node launched. 
[controller_server-4] 	Waiting on external lifecycle transitions to activate
[controller_server-4] 	See https://design.ros2.org/articles/node_lifecycle.html for more information.
[behavior_server-7] [INFO] [1783316427.016552038] [behavior_server]: 
[behavior_server-7] 	behavior_server lifecycle node launched. 
[behavior_server-7] 	Waiting on external lifecycle transitions to activate
[behavior_server-7] 	See https://design.ros2.org/articles/node_lifecycle.html for more information.
[lifecycle_manager-3] [INFO] [1783316427.035498239] [lifecycle_manager_localization]: [34m[1mCreating and initializing lifecycle service clients[0m[0m
[controller_server-4] [INFO] [1783316427.182532766] [controller_server]: Creating controller server
[map_server-1] [INFO] [1783316427.308520760] [map_server]: 
[map_server-1] 	map_server lifecycle node launched. 
[map_server-1] 	Waiting on external lifecycle transitions to activate
[map_server-1] 	See https://design.ros2.org/articles/node_lifecycle.html for more information.
[map_server-1] [INFO] [1783316427.309603634] [map_server]: Creating
[smoother_server-5] [INFO] [1783316427.340241414] [smoother_server]: 
[smoother_server-5] 	smoother_server lifecycle node launched. 
[smoother_server-5] 	Waiting on external lifecycle transitions to activate
[smoother_server-5] 	See https://design.ros2.org/articles/node_lifecycle.html for more information.
[smoother_server-5] [INFO] [1783316427.349884035] [smoother_server]: Creating smoother server
[planner_server-6] [INFO] [1783316427.546468835] [planner_server]: 
[planner_server-6] 	planner_server lifecycle node launched. 
[planner_server-6] 	Waiting on external lifecycle transitions to activate
[planner_server-6] 	See https://design.ros2.org/articles/node_lifecycle.html for more information.
[planner_server-6] [INFO] [1783316427.571547450] [planner_server]: Creating
[velocity_smoother-10] [INFO] [1783316427.596489399] [velocity_smoother]: 
[velocity_smoother-10] 	velocity_smoother lifecycle node launched. 
[velocity_smoother-10] 	Waiting on external lifecycle transitions to activate
[velocity_smoother-10] 	See https://design.ros2.org/articles/node_lifecycle.html for more information.
[lifecycle_manager-3] [INFO] [1783316427.937010643] [lifecycle_manager_localization]: [34m[1mStarting managed nodes bringup...[0m[0m
[lifecycle_manager-3] [INFO] [1783316427.937217018] [lifecycle_manager_localization]: [34m[1mConfiguring map_server[0m[0m
[map_server-1] [INFO] [1783316427.947008264] [map_server]: Configuring
[map_server-1] [INFO] [1783316427.947319347] [map_io]: Loading yaml file: /root/rdk_x5_vln_robot/maps/joy_calibrated_corridor_map.yaml
[map_server-1] [INFO] [1783316427.948653597] [map_io]: resolution: 0.05
[map_server-1] [INFO] [1783316427.949083388] [map_io]: origin[0]: -4.7
[map_server-1] [INFO] [1783316427.949131805] [map_io]: origin[1]: -2.98
[map_server-1] [INFO] [1783316427.949161222] [map_io]: origin[2]: 0
[map_server-1] [INFO] [1783316427.949191388] [map_io]: free_thresh: 0.25
[map_server-1] [INFO] [1783316427.949220180] [map_io]: occupied_thresh: 0.65
[map_server-1] [INFO] [1783316427.949274763] [map_io]: mode: trinary
[map_server-1] [INFO] [1783316427.949307263] [map_io]: negate: 0
[map_server-1] [INFO] [1783316427.950128430] [map_io]: Loading image_file: /root/rdk_x5_vln_robot/maps/joy_calibrated_corridor_map.pgm
[map_server-1] [INFO] [1783316428.027933316] [map_io]: Read map /root/rdk_x5_vln_robot/maps/joy_calibrated_corridor_map.pgm: 183 X 137 map @ 0.05 m/cell
[lifecycle_manager-3] [INFO] [1783316428.295034755] [lifecycle_manager_localization]: [34m[1mConfiguring amcl[0m[0m
[amcl-2] [INFO] [1783316428.297604379] [amcl]: Configuring
[amcl-2] [INFO] [1783316428.298187962] [amcl]: initTransforms
[controller_server-4] [INFO] [1783316428.353299108] [local_costmap.local_costmap]: 
[controller_server-4] 	local_costmap lifecycle node launched. 
[controller_server-4] 	Waiting on external lifecycle transitions to activate
[controller_server-4] 	See https://design.ros2.org/articles/node_lifecycle.html for more information.
[controller_server-4] [INFO] [1783316428.364879770] [local_costmap.local_costmap]: Creating Costmap
[amcl-2] [INFO] [1783316428.574261981] [amcl]: initPubSub
[planner_server-6] [INFO] [1783316428.703179140] [global_costmap.global_costmap]: 
[planner_server-6] 	global_costmap lifecycle node launched. 
[planner_server-6] 	Waiting on external lifecycle transitions to activate
[amcl-2] [INFO] [1783316428.712588845] [amcl]: Subscribed to map topic.
[planner_server-6] 	See https://design.ros2.org/articles/node_lifecycle.html for more information.
[planner_server-6] [INFO] [1783316428.719280217] [global_costmap.global_costmap]: Creating Costmap
[lifecycle_manager-3] [INFO] [1783316428.788948732] [lifecycle_manager_localization]: [34m[1mActivating map_server[0m[0m
[map_server-1] [INFO] [1783316428.790153815] [map_server]: Activating
[map_server-1] [INFO] [1783316428.791239273] [map_server]: Creating bond (map_server) to lifecycle manager.
[amcl-2] [INFO] [1783316428.795973688] [amcl]: Received a 183 X 137 map @ 0.050 m/pix
[lifecycle_manager-11] [INFO] [1783316428.899858440] [lifecycle_manager_navigation]: [34m[1mStarting managed nodes bringup...[0m[0m
[lifecycle_manager-11] [INFO] [1783316428.909079186] [lifecycle_manager_navigation]: [34m[1mConfiguring controller_server[0m[0m
[controller_server-4] [INFO] [1783316428.917011308] [controller_server]: Configuring controller interface
[controller_server-4] [INFO] [1783316428.919255557] [controller_server]: getting goal checker plugins..
[controller_server-4] [INFO] [1783316428.920992056] [controller_server]: Controller frequency set to 10.0000Hz
[controller_server-4] [INFO] [1783316428.921278098] [local_costmap.local_costmap]: Configuring
[lifecycle_manager-3] [INFO] [1783316428.955447002] [lifecycle_manager_localization]: Server map_server connected with bond.
[lifecycle_manager-3] [INFO] [1783316428.955628210] [lifecycle_manager_localization]: [34m[1mActivating amcl[0m[0m
[amcl-2] [INFO] [1783316428.956727626] [amcl]: Activating
[amcl-2] [INFO] [1783316428.956904751] [amcl]: Creating bond (amcl) to lifecycle manager.
[amcl-2] [INFO] [1783316428.976876160] [amcl]: createLaserObject
[controller_server-4] [INFO] [1783316429.026964516] [local_costmap.local_costmap]: Using plugin "static_layer"
[controller_server-4] [INFO] [1783316429.066352959] [local_costmap.local_costmap]: Subscribing to the map topic (/map) with transient local durability
[controller_server-4] [INFO] [1783316429.078709704] [local_costmap.local_costmap]: Initialized plugin "static_layer"
[controller_server-4] [INFO] [1783316429.080343370] [local_costmap.local_costmap]: Using plugin "voxel_layer"
[lifecycle_manager-3] [INFO] [1783316429.095002323] [lifecycle_manager_localization]: Server amcl connected with bond.
[lifecycle_manager-3] [INFO] [1783316429.095187656] [lifecycle_manager_localization]: [34m[1mManaged nodes are active[0m[0m
[lifecycle_manager-3] [INFO] [1783316429.095252823] [lifecycle_manager_localization]: [34m[1mCreating bond timer...[0m[0m
[controller_server-4] [INFO] [1783316429.103291320] [local_costmap.local_costmap]: Subscribed to Topics: scan
[controller_server-4] [INFO] [1783316429.190119578] [local_costmap.local_costmap]: Initialized plugin "voxel_layer"
[controller_server-4] [INFO] [1783316429.190280745] [local_costmap.local_costmap]: Using plugin "inflation_layer"
[controller_server-4] [INFO] [1783316429.206270572] [local_costmap.local_costmap]: Initialized plugin "inflation_layer"
[controller_server-4] [INFO] [1783316429.366917843] [controller_server]: Created progress_checker : progress_checker of type nav2_controller::SimpleProgressChecker
[controller_server-4] [INFO] [1783316429.374711257] [local_costmap.local_costmap]: StaticLayer: Resizing static layer to 183 X 137 at 0.050000 m/pix
[controller_server-4] [INFO] [1783316429.381588088] [controller_server]: Created goal checker : general_goal_checker of type nav2_controller::SimpleGoalChecker
[controller_server-4] [INFO] [1783316429.388513752] [controller_server]: Controller Server has general_goal_checker  goal checkers available.
[controller_server-4] [INFO] [1783316429.393834875] [controller_server]: Created controller : FollowPath of type nav2_regulated_pure_pursuit_controller::RegulatedPurePursuitController
[controller_server-4] [INFO] [1783316429.495433461] [controller_server]: Controller Server has FollowPath  controllers available.
[lifecycle_manager-11] [INFO] [1783316429.570520015] [lifecycle_manager_navigation]: [34m[1mConfiguring smoother_server[0m[0m
[smoother_server-5] [INFO] [1783316429.571689973] [smoother_server]: Configuring smoother server
[smoother_server-5] [INFO] [1783316429.635688865] [smoother_server]: Created smoother : simple_smoother of type nav2_smoother::SimpleSmoother
[smoother_server-5] [INFO] [1783316429.642918529] [smoother_server]: Smoother Server has simple_smoother  smoothers available.
[lifecycle_manager-11] [INFO] [1783316429.701284798] [lifecycle_manager_navigation]: [34m[1mConfiguring planner_server[0m[0m
[planner_server-6] [INFO] [1783316429.702435298] [planner_server]: Configuring
[planner_server-6] [INFO] [1783316429.702635506] [global_costmap.global_costmap]: Configuring
[planner_server-6] [INFO] [1783316429.743264574] [global_costmap.global_costmap]: Using plugin "static_layer"
[planner_server-6] [INFO] [1783316429.763602774] [global_costmap.global_costmap]: Subscribing to the map topic (/map) with transient local durability
[planner_server-6] [INFO] [1783316429.774441603] [global_costmap.global_costmap]: Initialized plugin "static_layer"
[planner_server-6] [INFO] [1783316429.774605895] [global_costmap.global_costmap]: Using plugin "inflation_layer"
[planner_server-6] [INFO] [1783316429.781873642] [global_costmap.global_costmap]: Initialized plugin "inflation_layer"
[planner_server-6] [INFO] [1783316429.864818444] [planner_server]: Created global planner plugin GridBased of type nav2_navfn_planner/NavfnPlanner
[planner_server-6] [INFO] [1783316429.865002402] [planner_server]: Configuring plugin GridBased of type NavfnPlanner
[planner_server-6] [INFO] [1783316429.867859401] [global_costmap.global_costmap]: StaticLayer: Resizing costmap to 183 X 137 at 0.050000 m/pix
[planner_server-6] [INFO] [1783316429.871264775] [planner_server]: Planner Server has GridBased  planners available.
[lifecycle_manager-11] [INFO] [1783316429.965025572] [lifecycle_manager_navigation]: [34m[1mConfiguring behavior_server[0m[0m
[behavior_server-7] [INFO] [1783316429.966370280] [behavior_server]: Configuring
[behavior_server-7] [INFO] [1783316430.027159965] [behavior_server]: Creating behavior plugin spin of type nav2_behaviors/Spin
[behavior_server-7] [INFO] [1783316430.031313380] [behavior_server]: Configuring spin
[behavior_server-7] [INFO] [1783316430.114882889] [behavior_server]: Creating behavior plugin backup of type nav2_behaviors/BackUp
[behavior_server-7] [INFO] [1783316430.118659096] [behavior_server]: Configuring backup
[behavior_server-7] [INFO] [1783316430.189140111] [behavior_server]: Creating behavior plugin drive_on_heading of type nav2_behaviors/DriveOnHeading
[behavior_server-7] [INFO] [1783316430.192955193] [behavior_server]: Configuring drive_on_heading
[behavior_server-7] [INFO] [1783316430.271064371] [behavior_server]: Creating behavior plugin assisted_teleop of type nav2_behaviors/AssistedTeleop
[behavior_server-7] [INFO] [1783316430.279854992] [behavior_server]: Configuring assisted_teleop
[amcl-2] [WARN] [1783316430.371287082] [amcl]: AMCL cannot publish a pose or update the transform. Please set the initial pose...
[behavior_server-7] [INFO] [1783316430.374209248] [behavior_server]: Creating behavior plugin wait of type nav2_behaviors/Wait
[behavior_server-7] [INFO] [1783316430.378023371] [behavior_server]: Configuring wait
[lifecycle_manager-11] [INFO] [1783316430.446742803] [lifecycle_manager_navigation]: [34m[1mConfiguring bt_navigator[0m[0m
[bt_navigator-8] [INFO] [1783316430.448523511] [bt_navigator]: Configuring
[lifecycle_manager-11] [INFO] [1783316431.179489480] [lifecycle_manager_navigation]: [34m[1mConfiguring waypoint_follower[0m[0m
[waypoint_follower-9] [INFO] [1783316431.180989229] [waypoint_follower]: Configuring
[waypoint_follower-9] [INFO] [1783316431.328573256] [waypoint_follower]: Created waypoint_task_executor : wait_at_waypoint of type nav2_waypoint_follower::WaitAtWaypoint
[lifecycle_manager-11] [INFO] [1783316431.333980337] [lifecycle_manager_navigation]: [34m[1mConfiguring velocity_smoother[0m[0m
[velocity_smoother-10] [INFO] [1783316431.335826253] [velocity_smoother]: Configuring velocity smoother
[lifecycle_manager-11] [INFO] [1783316431.380471486] [lifecycle_manager_navigation]: [34m[1mActivating controller_server[0m[0m
[controller_server-4] [INFO] [1783316431.381858277] [controller_server]: Activating
[controller_server-4] [INFO] [1783316431.382110277] [local_costmap.local_costmap]: Activating
[controller_server-4] [INFO] [1783316431.382243944] [local_costmap.local_costmap]: Checking transform
[controller_server-4] [INFO] [1783316431.382424444] [local_costmap.local_costmap]: Timed out waiting for transform from base_link to map to become available, tf error: Invalid frame ID "map" passed to canTransform argument target_frame - frame does not exist
[controller_server-4] [INFO] [1783316431.882466668] [local_costmap.local_costmap]: Timed out waiting for transform from base_link to map to become available, tf error: Invalid frame ID "map" passed to canTransform argument target_frame - frame does not exist
[controller_server-4] [INFO] [1783316432.382445851] [local_costmap.local_costmap]: Timed out waiting for transform from base_link to map to become available, tf error: Invalid frame ID "map" passed to canTransform argument target_frame - frame does not exist
[amcl-2] [WARN] [1783316432.465485402] [amcl]: AMCL cannot publish a pose or update the transform. Please set the initial pose...
[controller_server-4] [INFO] [1783316432.882438533] [local_costmap.local_costmap]: Timed out waiting for transform from base_link to map to become available, tf error: Invalid frame ID "map" passed to canTransform argument target_frame - frame does not exist
[controller_server-4] [INFO] [1783316433.382439508] [local_costmap.local_costmap]: Timed out waiting for transform from base_link to map to become available, tf error: Invalid frame ID "map" passed to canTransform argument target_frame - frame does not exist
[controller_server-4] [INFO] [1783316433.882439191] [local_costmap.local_costmap]: Timed out waiting for transform from base_link to map to become available, tf error: Invalid frame ID "map" passed to canTransform argument target_frame - frame does not exist
[controller_server-4] [INFO] [1783316434.382440998] [local_costmap.local_costmap]: Timed out waiting for transform from base_link to map to become available, tf error: Invalid frame ID "map" passed to canTransform argument target_frame - frame does not exist
[amcl-2] [WARN] [1783316434.558098222] [amcl]: AMCL cannot publish a pose or update the transform. Please set the initial pose...
[controller_server-4] [INFO] [1783316434.882457264] [local_costmap.local_costmap]: Timed out waiting for transform from base_link to map to become available, tf error: Invalid frame ID "map" passed to canTransform argument target_frame - frame does not exist
[controller_server-4] [INFO] [1783316435.382438405] [local_costmap.local_costmap]: Timed out waiting for transform from base_link to map to become available, tf error: Invalid frame ID "map" passed to canTransform argument target_frame - frame does not exist
[controller_server-4] [INFO] [1783316435.882501921] [local_costmap.local_costmap]: Timed out waiting for transform from base_link to map to become available, tf error: Invalid frame ID "map" passed to canTransform argument target_frame - frame does not exist
[controller_server-4] [INFO] [1783316436.382464854] [local_costmap.local_costmap]: Timed out waiting for transform from base_link to map to become available, tf error: Invalid frame ID "map" passed to canTransform argument target_frame - frame does not exist
[amcl-2] [WARN] [1783316436.660489039] [amcl]: AMCL cannot publish a pose or update the transform. Please set the initial pose...
[controller_server-4] [INFO] [1783316436.882458495] [local_costmap.local_costmap]: Timed out waiting for transform from base_link to map to become available, tf error: Invalid frame ID "map" passed to canTransform argument target_frame - frame does not exist
[controller_server-4] [INFO] [1783316437.382463719] [local_costmap.local_costmap]: Timed out waiting for transform from base_link to map to become available, tf error: Invalid frame ID "map" passed to canTransform argument target_frame - frame does not exist
[controller_server-4] [INFO] [1783316437.882444610] [local_costmap.local_costmap]: Timed out waiting for transform from base_link to map to become available, tf error: Invalid frame ID "map" passed to canTransform argument target_frame - frame does not exist
[controller_server-4] [INFO] [1783316438.382441376] [local_costmap.local_costmap]: Timed out waiting for transform from base_link to map to become available, tf error: Invalid frame ID "map" passed to canTransform argument target_frame - frame does not exist
[amcl-2] [WARN] [1783316438.757530815] [amcl]: AMCL cannot publish a pose or update the transform. Please set the initial pose...
[controller_server-4] [INFO] [1783316438.882415434] [local_costmap.local_costmap]: Timed out waiting for transform from base_link to map to become available, tf error: Invalid frame ID "map" passed to canTransform argument target_frame - frame does not exist
[controller_server-4] [INFO] [1783316439.382451366] [local_costmap.local_costmap]: Timed out waiting for transform from base_link to map to become available, tf error: Invalid frame ID "map" passed to canTransform argument target_frame - frame does not exist
[controller_server-4] [INFO] [1783316439.882444382] [local_costmap.local_costmap]: Timed out waiting for transform from base_link to map to become available, tf error: Invalid frame ID "map" passed to canTransform argument target_frame - frame does not exist
[controller_server-4] [INFO] [1783316440.382450065] [local_costmap.local_costmap]: Timed out waiting for transform from base_link to map to become available, tf error: Invalid frame ID "map" passed to canTransform argument target_frame - frame does not exist
[amcl-2] [WARN] [1783316440.854851924] [amcl]: AMCL cannot publish a pose or update the transform. Please set the initial pose...
[controller_server-4] [INFO] [1783316440.882459955] [local_costmap.local_costmap]: Timed out waiting for transform from base_link to map to become available, tf error: Invalid frame ID "map" passed to canTransform argument target_frame - frame does not exist
[controller_server-4] [INFO] [1783316441.382443346] [local_costmap.local_costmap]: Timed out waiting for transform from base_link to map to become available, tf error: Invalid frame ID "map" passed to canTransform argument target_frame - frame does not exist
[controller_server-4] [INFO] [1783316441.882449820] [local_costmap.local_costmap]: Timed out waiting for transform from base_link to map to become available, tf error: Invalid frame ID "map" passed to canTransform argument target_frame - frame does not exist
[controller_server-4] [INFO] [1783316442.383483169] [local_costmap.local_costmap]: Timed out waiting for transform from base_link to map to become available, tf error: Invalid frame ID "map" passed to canTransform argument target_frame - frame does not exist
[amcl-2] [WARN] [1783316442.860347736] [amcl]: AMCL cannot publish a pose or update the transform. Please set the initial pose...
[controller_server-4] [INFO] [1783316442.882439269] [local_costmap.local_costmap]: Timed out waiting for transform from base_link to map to become available, tf error: Invalid frame ID "map" passed to canTransform argument target_frame - frame does not exist
[controller_server-4] [INFO] [1783316443.382438868] [local_costmap.local_costmap]: Timed out waiting for transform from base_link to map to become available, tf error: Invalid frame ID "map" passed to canTransform argument target_frame - frame does not exist
[controller_server-4] [INFO] [1783316443.882436717] [local_costmap.local_costmap]: Timed out waiting for transform from base_link to map to become available, tf error: Invalid frame ID "map" passed to canTransform argument target_frame - frame does not exist
[controller_server-4] [INFO] [1783316444.382443274] [local_costmap.local_costmap]: Timed out waiting for transform from base_link to map to become available, tf error: Invalid frame ID "map" passed to canTransform argument target_frame - frame does not exist
[controller_server-4] [INFO] [1783316444.882439624] [local_costmap.local_costmap]: Timed out waiting for transform from base_link to map to become available, tf error: Invalid frame ID "map" passed to canTransform argument target_frame - frame does not exist
[amcl-2] [WARN] [1783316444.948613848] [amcl]: AMCL cannot publish a pose or update the transform. Please set the initial pose...
[controller_server-4] [INFO] [1783316445.382459889] [local_costmap.local_costmap]: Timed out waiting for transform from base_link to map to become available, tf error: Invalid frame ID "map" passed to canTransform argument target_frame - frame does not exist
[controller_server-4] [INFO] [1783316445.882435280] [local_costmap.local_costmap]: Timed out waiting for transform from base_link to map to become available, tf error: Invalid frame ID "map" passed to canTransform argument target_frame - frame does not exist
[controller_server-4] [INFO] [1783316446.382434296] [local_costmap.local_costmap]: Timed out waiting for transform from base_link to map to become available, tf error: Invalid frame ID "map" passed to canTransform argument target_frame - frame does not exist
[controller_server-4] [INFO] [1783316446.882438770] [local_costmap.local_costmap]: Timed out waiting for transform from base_link to map to become available, tf error: Invalid frame ID "map" passed to canTransform argument target_frame - frame does not exist
[amcl-2] [WARN] [1783316447.048652706] [amcl]: AMCL cannot publish a pose or update the transform. Please set the initial pose...
[controller_server-4] [INFO] [1783316447.382460036] [local_costmap.local_costmap]: Timed out waiting for transform from base_link to map to become available, tf error: Invalid frame ID "map" passed to canTransform argument target_frame - frame does not exist
[controller_server-4] [INFO] [1783316447.882498135] [local_costmap.local_costmap]: Timed out waiting for transform from base_link to map to become available, tf error: Invalid frame ID "map" passed to canTransform argument target_frame - frame does not exist
[controller_server-4] [INFO] [1783316448.382446650] [local_costmap.local_costmap]: Timed out waiting for transform from base_link to map to become available, tf error: Invalid frame ID "map" passed to canTransform argument target_frame - frame does not exist
[controller_server-4] [INFO] [1783316448.882449333] [local_costmap.local_costmap]: Timed out waiting for transform from base_link to map to become available, tf error: Invalid frame ID "map" passed to canTransform argument target_frame - frame does not exist
[amcl-2] [WARN] [1783316449.050797018] [amcl]: AMCL cannot publish a pose or update the transform. Please set the initial pose...
[controller_server-4] [INFO] [1783316449.382441348] [local_costmap.local_costmap]: Timed out waiting for transform from base_link to map to become available, tf error: Invalid frame ID "map" passed to canTransform argument target_frame - frame does not exist
[controller_server-4] [INFO] [1783316449.882440072] [local_costmap.local_costmap]: Timed out waiting for transform from base_link to map to become available, tf error: Invalid frame ID "map" passed to canTransform argument target_frame - frame does not exist
[controller_server-4] [INFO] [1783316450.382409630] [local_costmap.local_costmap]: Timed out waiting for transform from base_link to map to become available, tf error: Invalid frame ID "map" passed to canTransform argument target_frame - frame does not exist
[controller_server-4] [INFO] [1783316450.882411937] [local_costmap.local_costmap]: Timed out waiting for transform from base_link to map to become available, tf error: Invalid frame ID "map" passed to canTransform argument target_frame - frame does not exist
[amcl-2] [WARN] [1783316451.144912377] [amcl]: AMCL cannot publish a pose or update the transform. Please set the initial pose...
[controller_server-4] [INFO] [1783316451.382442952] [local_costmap.local_costmap]: Timed out waiting for transform from base_link to map to become available, tf error: Invalid frame ID "map" passed to canTransform argument target_frame - frame does not exist
[controller_server-4] [INFO] [1783316451.882463051] [local_costmap.local_costmap]: Timed out waiting for transform from base_link to map to become available, tf error: Invalid frame ID "map" passed to canTransform argument target_frame - frame does not exist
[amcl-2] [INFO] [1783316452.084754598] [amcl]: initialPoseReceived
[amcl-2] [WARN] [1783316452.085478265] [amcl]: Failed to transform initial pose in time (Lookup would require extrapolation into the future.  Requested time 1783316452.085001 but the latest data is at time 1783316452.057761, when looking up transform from frame [base_link] to frame [odom])
[amcl-2] [INFO] [1783316452.085638598] [amcl]: Setting pose (1783316452.085633): -2.804 1.266 -2.139
[controller_server-4] [INFO] [1783316452.382857900] [local_costmap.local_costmap]: Timed out waiting for transform from base_link to map to become available, tf error: Lookup would require extrapolation into the past.  Requested time 1783316452.357787 but the earliest data is at time 1783316454.033827, when looking up transform from frame [base_link] to frame [map]
[controller_server-4] [INFO] [1783316452.882516708] [local_costmap.local_costmap]: Timed out waiting for transform from base_link to map to become available, tf error: Lookup would require extrapolation into the past.  Requested time 1783316452.858266 but the earliest data is at time 1783316454.033827, when looking up transform from frame [base_link] to frame [map]
[controller_server-4] [INFO] [1783316453.382507848] [local_costmap.local_costmap]: Timed out waiting for transform from base_link to map to become available, tf error: Lookup would require extrapolation into the past.  Requested time 1783316453.358208 but the earliest data is at time 1783316454.033827, when looking up transform from frame [base_link] to frame [map]
[controller_server-4] [INFO] [1783316453.882514989] [local_costmap.local_costmap]: Timed out waiting for transform from base_link to map to become available, tf error: Lookup would require extrapolation into the past.  Requested time 1783316453.858330 but the earliest data is at time 1783316454.033827, when looking up transform from frame [base_link] to frame [map]
[controller_server-4] [INFO] [1783316454.382734379] [local_costmap.local_costmap]: start
[controller_server-4] [INFO] [1783316454.587302759] [controller_server]: Activating controller: FollowPath of type regulated_pure_pursuit_controller::RegulatedPurePursuitController
[controller_server-4] [INFO] [1783316454.587487300] [controller_server]: Creating bond (controller_server) to lifecycle manager.
[lifecycle_manager-11] [INFO] [1783316454.712334085] [lifecycle_manager_navigation]: Server controller_server connected with bond.
[lifecycle_manager-11] [INFO] [1783316454.712522085] [lifecycle_manager_navigation]: [34m[1mActivating smoother_server[0m[0m
[smoother_server-5] [INFO] [1783316454.713751501] [smoother_server]: Activating
[smoother_server-5] [INFO] [1783316454.713926668] [smoother_server]: Creating bond (smoother_server) to lifecycle manager.
[lifecycle_manager-11] [INFO] [1783316454.841994952] [lifecycle_manager_navigation]: Server smoother_server connected with bond.
[lifecycle_manager-11] [INFO] [1783316454.842157410] [lifecycle_manager_navigation]: [34m[1mActivating planner_server[0m[0m
[planner_server-6] [INFO] [1783316454.843592743] [planner_server]: Activating
[planner_server-6] [INFO] [1783316454.843788660] [global_costmap.global_costmap]: Activating
[planner_server-6] [INFO] [1783316454.843857451] [global_costmap.global_costmap]: Checking transform
[planner_server-6] [INFO] [1783316454.844180993] [global_costmap.global_costmap]: start
[amcl-2] [INFO] [1783316455.258283333] [amcl]: initialPoseReceived
[amcl-2] [WARN] [1783316455.258627750] [amcl]: Failed to transform initial pose in time (Lookup would require extrapolation into the future.  Requested time 1783316455.258463 but the latest data is at time 1783316455.224466, when looking up transform from frame [base_link] to frame [odom])
[amcl-2] [INFO] [1783316455.258752833] [amcl]: Setting pose (1783316455.258747): -2.804 1.266 -2.139
[planner_server-6] [INFO] [1783316455.894489213] [planner_server]: Activating plugin GridBased of type NavfnPlanner
[planner_server-6] [INFO] [1783316455.904351376] [planner_server]: Creating bond (planner_server) to lifecycle manager.
[lifecycle_manager-11] [INFO] [1783316456.030086285] [lifecycle_manager_navigation]: Server planner_server connected with bond.
[lifecycle_manager-11] [INFO] [1783316456.030282869] [lifecycle_manager_navigation]: [34m[1mActivating behavior_server[0m[0m
[behavior_server-7] [INFO] [1783316456.031854201] [behavior_server]: Activating
[behavior_server-7] [INFO] [1783316456.032047951] [behavior_server]: Activating spin
[behavior_server-7] [INFO] [1783316456.032128951] [behavior_server]: Activating backup
[behavior_server-7] [INFO] [1783316456.032199035] [behavior_server]: Activating drive_on_heading
[behavior_server-7] [INFO] [1783316456.032256118] [behavior_server]: Activating assisted_teleop
[behavior_server-7] [INFO] [1783316456.032307285] [behavior_server]: Activating wait
[behavior_server-7] [INFO] [1783316456.032380076] [behavior_server]: Creating bond (behavior_server) to lifecycle manager.
[lifecycle_manager-11] [INFO] [1783316456.157648195] [lifecycle_manager_navigation]: Server behavior_server connected with bond.
[lifecycle_manager-11] [INFO] [1783316456.157813736] [lifecycle_manager_navigation]: [34m[1mActivating bt_navigator[0m[0m
[bt_navigator-8] [INFO] [1783316456.159234361] [bt_navigator]: Activating
[bt_navigator-8] [INFO] [1783316456.526372552] [bt_navigator]: Creating bond (bt_navigator) to lifecycle manager.
[lifecycle_manager-11] [INFO] [1783316456.645367507] [lifecycle_manager_navigation]: Server bt_navigator connected with bond.
[lifecycle_manager-11] [INFO] [1783316456.645550423] [lifecycle_manager_navigation]: [34m[1mActivating waypoint_follower[0m[0m
[waypoint_follower-9] [INFO] [1783316456.647294881] [waypoint_follower]: Activating
[waypoint_follower-9] [INFO] [1783316456.647600922] [waypoint_follower]: Creating bond (waypoint_follower) to lifecycle manager.
[lifecycle_manager-11] [INFO] [1783316456.774769832] [lifecycle_manager_navigation]: Server waypoint_follower connected with bond.
[lifecycle_manager-11] [INFO] [1783316456.774930998] [lifecycle_manager_navigation]: [34m[1mActivating velocity_smoother[0m[0m
[velocity_smoother-10] [INFO] [1783316456.776468789] [velocity_smoother]: Activating
[velocity_smoother-10] [INFO] [1783316456.776726331] [velocity_smoother]: Creating bond (velocity_smoother) to lifecycle manager.
[lifecycle_manager-11] [INFO] [1783316456.893648119] [lifecycle_manager_navigation]: Server velocity_smoother connected with bond.
[lifecycle_manager-11] [INFO] [1783316456.893809952] [lifecycle_manager_navigation]: [34m[1mManaged nodes are active[0m[0m
[lifecycle_manager-11] [INFO] [1783316456.893878286] [lifecycle_manager_navigation]: [34m[1mCreating bond timer...[0m[0m
[planner_server-6] [WARN] [1783316567.200113990] [planner_server]: No planners specified in action call. Server will use only plugin GridBased  in server. This warning will appear once.
[bt_navigator-8] [INFO] [1783316567.363550009] [bt_navigator]: Begin navigating from current location (-2.80, 1.23) to (0.28, -0.07)
[controller_server-4] [INFO] [1783316567.414054406] [controller_server]: Received a goal, begin computing control effort.
[controller_server-4] [WARN] [1783316567.419458987] [controller_server]: No goal checker was specified in parameter 'current_goal_checker'. Server will use only plugin loaded general_goal_checker . This warning will appear once.
[controller_server-4] [INFO] [1783316587.520517119] [controller_server]: Passing new path to controller.
[bt_navigator-8] [WARN] [1783316588.888886166] [BehaviorTreeEngine]: Behavior Tree tick rate 50.00 was exceeded!
[bt_navigator-8] [WARN] [1783316599.990543478] [BehaviorTreeEngine]: Behavior Tree tick rate 50.00 was exceeded!
[controller_server-4] [INFO] [1783316607.620443232] [controller_server]: Passing new path to controller.
[bt_navigator-8] [WARN] [1783316611.334080940] [BehaviorTreeEngine]: Behavior Tree tick rate 50.00 was exceeded!
[bt_navigator-8] [WARN] [1783316612.136605124] [BehaviorTreeEngine]: Behavior Tree tick rate 50.00 was exceeded!
[controller_server-4] [ERROR] [1783316612.520754015] [controller_server]: Failed to make progress
[controller_server-4] [WARN] [1783316612.521140848] [controller_server]: [follow_path] [ActionServer] Aborting handle.
[controller_server-4] [INFO] [1783316612.697936862] [local_costmap.local_costmap]: Received request to clear entirely the local_costmap
[bt_navigator-8] [WARN] [1783316612.715910980] [bt_navigator_navigate_to_pose_rclcpp_node]: Node timed out while executing service call to local_costmap/clear_entirely_local_costmap.
[controller_server-4] [INFO] [1783316612.736391639] [local_costmap.local_costmap]: Received request to clear entirely the local_costmap
[bt_navigator-8] [WARN] [1783316612.748870550] [BehaviorTreeEngine]: Behavior Tree tick rate 50.00 was exceeded!
[planner_server-6] [INFO] [1783316612.750496800] [global_costmap.global_costmap]: Received request to clear entirely the global_costmap
[behavior_server-7] [INFO] [1783316612.775313248] [behavior_server]: Running wait
[behavior_server-7] [INFO] [1783316613.776140105] [behavior_server]: wait completed successfully
[controller_server-4] [INFO] [1783316613.878686939] [controller_server]: Received a goal, begin computing control effort.
[bt_navigator-8] [WARN] [1783316615.150047898] [BehaviorTreeEngine]: Behavior Tree tick rate 50.00 was exceeded!
[bt_navigator-8] [WARN] [1783316615.355946775] [BehaviorTreeEngine]: Behavior Tree tick rate 50.00 was exceeded!
[controller_server-4] [INFO] [1783316633.983170943] [controller_server]: Passing new path to controller.
[bt_navigator-8] [WARN] [1783316634.798588038] [BehaviorTreeEngine]: Behavior Tree tick rate 50.00 was exceeded!
[bt_navigator-8] [WARN] [1783316634.931672278] [BehaviorTreeEngine]: Behavior Tree tick rate 50.00 was exceeded!
[bt_navigator-8] [WARN] [1783316635.034822362] [BehaviorTreeEngine]: Behavior Tree tick rate 50.00 was exceeded!
[bt_navigator-8] [WARN] [1783316635.276359267] [BehaviorTreeEngine]: Behavior Tree tick rate 50.00 was exceeded!
[bt_navigator-8] [WARN] [1783316635.575680565] [BehaviorTreeEngine]: Behavior Tree tick rate 50.00 was exceeded!
[bt_navigator-8] [WARN] [1783316636.157453794] [BehaviorTreeEngine]: Behavior Tree tick rate 50.00 was exceeded!
[bt_navigator-8] [WARN] [1783316639.273506608] [BehaviorTreeEngine]: Behavior Tree tick rate 50.00 was exceeded!
[bt_navigator-8] [WARN] [1783316639.478401569] [BehaviorTreeEngine]: Behavior Tree tick rate 50.00 was exceeded!
[bt_navigator-8] [WARN] [1783316639.599044229] [BehaviorTreeEngine]: Behavior Tree tick rate 50.00 was exceeded!
[bt_navigator-8] [WARN] [1783316639.829810513] [BehaviorTreeEngine]: Behavior Tree tick rate 50.00 was exceeded!
[bt_navigator-8] [WARN] [1783316639.962312044] [BehaviorTreeEngine]: Behavior Tree tick rate 50.00 was exceeded!
[controller_server-4] [INFO] [1783316640.418733114] [local_costmap.local_costmap]: Message Filter dropping message: frame 'laser' at time 1783316639.999 for reason 'the timestamp on the message is earlier than all the data in the transform cache'
[bt_navigator-8] [WARN] [1783316643.763955795] [BehaviorTreeEngine]: Behavior Tree tick rate 50.00 was exceeded!
[bt_navigator-8] [WARN] [1783316644.132156858] [BehaviorTreeEngine]: Behavior Tree tick rate 50.00 was exceeded!
[bt_navigator-8] [WARN] [1783316644.179019048] [BehaviorTreeEngine]: Behavior Tree tick rate 50.00 was exceeded!
[controller_server-4] [INFO] [1783316653.987263551] [controller_server]: Passing new path to controller.
[controller_server-4] [ERROR] [1783316658.883370575] [controller_server]: Failed to make progress
[controller_server-4] [WARN] [1783316658.883680241] [controller_server]: [follow_path] [ActionServer] Aborting handle.
[controller_server-4] [INFO] [1783316658.932497514] [local_costmap.local_costmap]: Received request to clear entirely the local_costmap
[controller_server-4] [INFO] [1783316658.945913008] [controller_server]: Received a goal, begin computing control effort.
[controller_server-4] [INFO] [1783316674.049943409] [controller_server]: Passing new path to controller.
[bt_navigator-8] [WARN] [1783316685.226288815] [BehaviorTreeEngine]: Behavior Tree tick rate 50.00 was exceeded!
[controller_server-4] [INFO] [1783316694.149933734] [controller_server]: Passing new path to controller.
[bt_navigator-8] [WARN] [1783316696.964619033] [BehaviorTreeEngine]: Behavior Tree tick rate 50.00 was exceeded!
[bt_navigator-8] [WARN] [1783316697.187142695] [BehaviorTreeEngine]: Behavior Tree tick rate 50.00 was exceeded!
[bt_navigator-8] [WARN] [1783316697.357195502] [BehaviorTreeEngine]: Behavior Tree tick rate 50.00 was exceeded!
[bt_navigator-8] [WARN] [1783316697.404264900] [BehaviorTreeEngine]: Behavior Tree tick rate 50.00 was exceeded!
[bt_navigator-8] [WARN] [1783316697.727747730] [BehaviorTreeEngine]: Behavior Tree tick rate 50.00 was exceeded!
[bt_navigator-8] [WARN] [1783316700.764244358] [BehaviorTreeEngine]: Behavior Tree tick rate 50.00 was exceeded!
[bt_navigator-8] [WARN] [1783316700.874744064] [BehaviorTreeEngine]: Behavior Tree tick rate 50.00 was exceeded!
[bt_navigator-8] [WARN] [1783316701.163902658] [BehaviorTreeEngine]: Behavior Tree tick rate 50.00 was exceeded!
[bt_navigator-8] [WARN] [1783316701.309803600] [BehaviorTreeEngine]: Behavior Tree tick rate 50.00 was exceeded!
[bt_navigator-8] [WARN] [1783316701.413292309] [BehaviorTreeEngine]: Behavior Tree tick rate 50.00 was exceeded!
[controller_server-4] [ERROR] [1783316704.050149428] [controller_server]: Failed to make progress
[controller_server-4] [WARN] [1783316704.053311010] [controller_server]: [follow_path] [ActionServer] Aborting handle.
[controller_server-4] [INFO] [1783316704.098381992] [local_costmap.local_costmap]: Received request to clear entirely the local_costmap
[planner_server-6] [INFO] [1783316704.101444033] [global_costmap.global_costmap]: Received request to clear entirely the global_costmap
[behavior_server-7] [INFO] [1783316704.107801155] [behavior_server]: Running wait
[bt_navigator-8] [WARN] [1783316704.191716663] [BehaviorTreeEngine]: Behavior Tree tick rate 50.00 was exceeded!
[bt_navigator-8] [WARN] [1783316704.248905807] [BehaviorTreeEngine]: Behavior Tree tick rate 50.00 was exceeded!
[bt_navigator-8] [WARN] [1783316704.255935638] [BehaviorTreeEngine]: Behavior Tree tick rate 50.00 was exceeded!
[bt_navigator-8] [WARN] [1783316704.365022220] [BehaviorTreeEngine]: Behavior Tree tick rate 50.00 was exceeded!
[bt_navigator-8] [WARN] [1783316704.370718759] [BehaviorTreeEngine]: Behavior Tree tick rate 50.00 was exceeded!
[behavior_server-7] [INFO] [1783316705.108267299] [behavior_server]: wait completed successfully
[controller_server-4] [INFO] [1783316705.217214381] [controller_server]: Received a goal, begin computing control effort.
[bt_navigator-8] [WARN] [1783316706.790139923] [BehaviorTreeEngine]: Behavior Tree tick rate 50.00 was exceeded!
[bt_navigator-8] [WARN] [1783316706.922395912] [BehaviorTreeEngine]: Behavior Tree tick rate 50.00 was exceeded!
[controller_server-4] [INFO] [1783316725.325523466] [controller_server]: Passing new path to controller.
[controller_server-4] [INFO] [1783316745.326095409] [controller_server]: Passing new path to controller.
[controller_server-4] [ERROR] [1783316750.227740285] [controller_server]: Failed to make progress
[controller_server-4] [WARN] [1783316750.228060285] [controller_server]: [follow_path] [ActionServer] Aborting handle.
[controller_server-4] [INFO] [1783316750.236681698] [local_costmap.local_costmap]: Received request to clear entirely the local_costmap
[controller_server-4] [INFO] [1783316750.243727320] [controller_server]: Received a goal, begin computing control effort.
[controller_server-4] [WARN] [1783316750.399580883] [controller_server]: Control loop missed its desired rate of 10.0000Hz
[bt_navigator-8] [WARN] [1783316763.670004288] [BehaviorTreeEngine]: Behavior Tree tick rate 50.00 was exceeded!
[bt_navigator-8] [WARN] [1783316764.836303321] [BehaviorTreeEngine]: Behavior Tree tick rate 50.00 was exceeded!
[bt_navigator-8] [WARN] [1783316765.357424530] [BehaviorTreeEngine]: Behavior Tree tick rate 50.00 was exceeded!
[bt_navigator-8] [WARN] [1783316765.372808232] [BehaviorTreeEngine]: Behavior Tree tick rate 50.00 was exceeded!
[bt_navigator-8] [WARN] [1783316765.377607480] [bt_navigator_navigate_to_pose_rclcpp_node]: Timed out while waiting for action server to acknowledge goal request for compute_path_to_pose
[planner_server-6] [INFO] [1783316765.380076229] [global_costmap.global_costmap]: Received request to clear entirely the global_costmap
[bt_navigator-8] [WARN] [1783316765.393497807] [BehaviorTreeEngine]: Behavior Tree tick rate 50.00 was exceeded!
[bt_navigator-8] [WARN] [1783316765.410556800] [BehaviorTreeEngine]: Behavior Tree tick rate 50.00 was exceeded!
[bt_navigator-8] [WARN] [1783316765.439507955] [bt_navigator_navigate_to_pose_rclcpp_node]: Node timed out while executing service call to global_costmap/clear_entirely_global_costmap.
[controller_server-4] [INFO] [1783316765.446811077] [controller_server]: Goal was canceled. Stopping the robot.
[controller_server-4] [INFO] [1783316765.447021952] [controller_server]: [follow_path] [ActionServer] Client requested to cancel the goal. Cancelling.
[bt_navigator-8] [WARN] [1783316765.502797638] [BehaviorTreeEngine]: Behavior Tree tick rate 50.00 was exceeded!
[bt_navigator-8] [WARN] [1783316765.503025221] [bt_navigator]: [navigate_to_pose] [ActionServer] Aborting handle.
[bt_navigator-8] [ERROR] [1783316765.503909471] [bt_navigator]: Goal failed
[lifecycle_manager-11] [INFO] [1783316856.672517858] [rclcpp]: signal_handler(signum=2)
[lifecycle_manager-11] [INFO] [1783316856.672993733] [lifecycle_manager_navigation]: Running Nav2 LifecycleManager rcl preshutdown (lifecycle_manager_navigation)
[lifecycle_manager-11] [INFO] [1783316856.673137774] [lifecycle_manager_navigation]: [34m[1mTerminating bond timer...[0m[0m
[waypoint_follower-9] [INFO] [1783316856.672554650] [rclcpp]: signal_handler(signum=2)
[waypoint_follower-9] [INFO] [1783316856.672933483] [waypoint_follower]: Running Nav2 LifecycleNode rcl preshutdown (waypoint_follower)
[bt_navigator-8] [INFO] [1783316856.672574150] [rclcpp]: signal_handler(signum=2)
[bt_navigator-8] [INFO] [1783316856.673027316] [bt_navigator]: Running Nav2 LifecycleNode rcl preshutdown (bt_navigator)
[bt_navigator-8] [INFO] [1783316856.673301899] [bt_navigator]: Deactivating
[bt_navigator-8] [INFO] [1783316856.673398483] [bt_navigator]: Destroying bond (bt_navigator) to lifecycle manager.
[smoother_server-5] [INFO] [1783316856.672757858] [rclcpp]: signal_handler(signum=2)
[waypoint_follower-9] [INFO] [1783316856.673630858] [waypoint_follower]: Deactivating
[waypoint_follower-9] [INFO] [1783316856.673758983] [waypoint_follower]: Destroying bond (waypoint_follower) to lifecycle manager.
[behavior_server-7] [INFO] [1783316856.673672816] [rclcpp]: signal_handler(signum=2)
[behavior_server-7] [INFO] [1783316856.673968899] [behavior_server]: Running Nav2 LifecycleNode rcl preshutdown (behavior_server)
[behavior_server-7] [INFO] [1783316856.674213274] [behavior_server]: Deactivating
[behavior_server-7] [INFO] [1783316856.674358649] [behavior_server]: Destroying bond (behavior_server) to lifecycle manager.
[amcl-2] [INFO] [1783316856.674363982] [rclcpp]: signal_handler(signum=2)
[amcl-2] [INFO] [1783316856.674696399] [amcl]: Running Nav2 LifecycleNode rcl preshutdown (amcl)
[amcl-2] [INFO] [1783316856.674923774] [amcl]: Deactivating
[amcl-2] [INFO] [1783316856.675018024] [amcl]: Destroying bond (amcl) to lifecycle manager.
[map_server-1] [INFO] [1783316856.674519399] [rclcpp]: signal_handler(signum=2)
[map_server-1] [INFO] [1783316856.674904524] [map_server]: Running Nav2 LifecycleNode rcl preshutdown (map_server)
[map_server-1] [INFO] [1783316856.675354940] [map_server]: Deactivating
[map_server-1] [INFO] [1783316856.675471940] [map_server]: Destroying bond (map_server) to lifecycle manager.
[planner_server-6] [INFO] [1783316856.674767024] [rclcpp]: signal_handler(signum=2)
[planner_server-6] [INFO] [1783316856.675414815] [planner_server]: Running Nav2 LifecycleNode rcl preshutdown (planner_server)
[lifecycle_manager-3] [INFO] [1783316856.675456774] [rclcpp]: signal_handler(signum=2)
[lifecycle_manager-3] [INFO] [1783316856.676102232] [lifecycle_manager_localization]: Running Nav2 LifecycleManager rcl preshutdown (lifecycle_manager_localization)
[lifecycle_manager-3] [INFO] [1783316856.676482106] [lifecycle_manager_localization]: [34m[1mTerminating bond timer...[0m[0m
[velocity_smoother-10] [INFO] [1783316856.676964565] [rclcpp]: signal_handler(signum=2)
[velocity_smoother-10] [INFO] [1783316856.677311898] [velocity_smoother]: Running Nav2 LifecycleNode rcl preshutdown (velocity_smoother)
[velocity_smoother-10] [INFO] [1783316856.677560106] [velocity_smoother]: Deactivating
[velocity_smoother-10] [INFO] [1783316856.677659064] [velocity_smoother]: Destroying bond (velocity_smoother) to lifecycle manager.
[planner_server-6] [INFO] [1783316856.679039355] [planner_server]: Deactivating
[planner_server-6] [INFO] [1783316856.679271689] [global_costmap.global_costmap]: Deactivating
[smoother_server-5] [INFO] [1783316856.681926688] [smoother_server]: Running Nav2 LifecycleNode rcl preshutdown (smoother_server)
[smoother_server-5] [INFO] [1783316856.682219812] [smoother_server]: Deactivating
[smoother_server-5] [INFO] [1783316856.682313729] [smoother_server]: Destroying bond (smoother_server) to lifecycle manager.
[controller_server-4] [INFO] [1783316856.683474687] [rclcpp]: signal_handler(signum=2)
[controller_server-4] [INFO] [1783316856.683716312] [controller_server]: Running Nav2 LifecycleNode rcl preshutdown (controller_server)
[controller_server-4] [INFO] [1783316856.684005020] [controller_server]: Deactivating
[controller_server-4] [INFO] [1783316856.684123103] [controller_server]: Deactivating controller: FollowPath of type regulated_pure_pursuit_controller::RegulatedPurePursuitController
[controller_server-4] [INFO] [1783316856.684270062] [local_costmap.local_costmap]: Deactivating
[map_server-1] [INFO] [1783316856.697366181] [map_server]: Cleaning up
[map_server-1] [INFO] [1783316856.697562181] [map_server]: Destroying bond (map_server) to lifecycle manager.
[amcl-2] [INFO] [1783316856.701110346] [amcl]: Cleaning up
[waypoint_follower-9] [INFO] [1783316856.737378082] [waypoint_follower]: Cleaning up
[velocity_smoother-10] [INFO] [1783316856.768528528] [velocity_smoother]: Cleaning up
[velocity_smoother-10] [INFO] [1783316856.768729569] [velocity_smoother]: Destroying bond (velocity_smoother) to lifecycle manager.
[bt_navigator-8] [INFO] [1783316856.775278608] [bt_navigator]: Cleaning up
[controller_server-4] [INFO] [1783316856.783322688] [controller_server]: Destroying bond (controller_server) to lifecycle manager.
[smoother_server-5] [INFO] [1783316856.787606562] [smoother_server]: Cleaning up
[behavior_server-7] [INFO] [1783316856.830407128] [behavior_server]: Cleaning up
[planner_server-6] [INFO] [1783316856.844619039] [planner_server]: Deactivating plugin GridBased of type NavfnPlanner
[planner_server-6] [INFO] [1783316856.844794663] [planner_server]: Destroying bond (planner_server) to lifecycle manager.
[velocity_smoother-10] [INFO] [1783316856.851050703] [velocity_smoother]: Destroying
[lifecycle_manager-3] [INFO] [1783316856.903679431] [lifecycle_manager_localization]: Destroying lifecycle_manager_localization
[map_server-1] [INFO] [1783316856.911820470] [map_server]: Destroying
[waypoint_follower-9] [INFO] [1783316856.915077843] [waypoint_follower]: Destroying bond (waypoint_follower) to lifecycle manager.
[controller_server-4] [INFO] [1783316856.930908129] [controller_server]: Cleaning up
[controller_server-4] [INFO] [1783316856.931063129] [controller_server]: Cleaning up controller: FollowPath of type regulated_pure_pursuit_controller::RegulatedPurePursuitController
[controller_server-4] [INFO] [1783316856.931280878] [local_costmap.local_costmap]: Cleaning up
[behavior_server-7] [INFO] [1783316856.935013335] [behavior_server]: Destroying bond (behavior_server) to lifecycle manager.
[planner_server-6] [INFO] [1783316856.959950242] [planner_server]: Cleaning up
[waypoint_follower-9] [INFO] [1783316856.971990112] [waypoint_follower]: Destroying
[smoother_server-5] [INFO] [1783316857.081911401] [smoother_server]: Destroying bond (smoother_server) to lifecycle manager.
[smoother_server-5] [INFO] [1783316857.125327800] [smoother_server]: Destroying
[planner_server-6] [INFO] [1783316857.331339342] [global_costmap.global_costmap]: Cleaning up
[planner_server-6] [INFO] [1783316857.469782203] [planner_server]: Cleaning up plugin GridBased of type NavfnPlanner
[planner_server-6] [INFO] [1783316857.474023118] [planner_server]: Destroying plugin GridBased of type NavfnPlanner
[INFO] [velocity_smoother-10]: process has finished cleanly [pid 132254]
[INFO] [lifecycle_manager-3]: process has finished cleanly [pid 132223]
[INFO] [waypoint_follower-9]: process has finished cleanly [pid 132235]
[lifecycle_manager-11] [INFO] [1783316857.606156439] [lifecycle_manager_navigation]: Destroying lifecycle_manager_navigation
[INFO] [map_server-1]: process has finished cleanly [pid 132219]
[controller_server-4] [INFO] [1783316857.654863336] [controller_server]: Destroying bond (controller_server) to lifecycle manager.
[INFO] [smoother_server-5]: process has finished cleanly [pid 132227]
[planner_server-6] [INFO] [1783316857.698747110] [planner_server]: Destroying bond (planner_server) to lifecycle manager.
[controller_server-4] [INFO] [1783316857.704329483] [local_costmap.local_costmap]: Destroying
[planner_server-6] [INFO] [1783316857.782076618] [global_costmap.global_costmap]: Destroying
[behavior_server-7] [INFO] [1783316857.891277532] [behavior_server]: Destroying
[INFO] [lifecycle_manager-11]: process has finished cleanly [pid 132268]
[controller_server-4] [INFO] [1783316858.102082739] [controller_server]: Destroying
[planner_server-6] [INFO] [1783316858.152630635] [planner_server]: Destroying
[INFO] [behavior_server-7]: process has finished cleanly [pid 132231]
[INFO] [controller_server-4]: process has finished cleanly [pid 132225]
[INFO] [planner_server-6]: process has finished cleanly [pid 132229]
[bt_navigator-8] [INFO] [1783316858.749407352] [bt_navigator]: Completed Cleaning up
[bt_navigator-8] [INFO] [1783316858.749724394] [bt_navigator]: Destroying bond (bt_navigator) to lifecycle manager.
[bt_navigator-8] [INFO] [1783316858.914018411] [bt_navigator]: Destroying
[amcl-2] [INFO] [1783316859.058277186] [amcl]: Destroying bond (amcl) to lifecycle manager.
[amcl-2] [INFO] [1783316859.083914425] [amcl]: Destroying
[INFO] [bt_navigator-8]: process has finished cleanly [pid 132233]
[INFO] [amcl-2]: process has finished cleanly [pid 132221]
