[INFO] [1783316404.127113155] [simple_scan_filter]: filter /scan -> /scan_filtered, keep=[0.22, 4.00], isolated_window=2, isolated_delta=0.25, min_support_neighbors=1
[INFO] [1783316418.277881561] [simple_scan_filter]: scan stats: n=404, zeros=84, nan=0, inf=0, finite_raw=320, finite_out=311, removed_isolated=2
[INFO] [1783316423.273359851] [simple_scan_filter]: scan stats: n=404, zeros=80, nan=0, inf=0, finite_raw=324, finite_out=311, removed_isolated=3
[INFO] [1783316428.276357388] [simple_scan_filter]: scan stats: n=404, zeros=82, nan=0, inf=0, finite_raw=322, finite_out=312, removed_isolated=2
[INFO] [1783316433.265742928] [simple_scan_filter]: scan stats: n=404, zeros=85, nan=0, inf=0, finite_raw=319, finite_out=310, removed_isolated=1
[INFO] [1783316438.262220131] [simple_scan_filter]: scan stats: n=404, zeros=83, nan=0, inf=0, finite_raw=321, finite_out=308, removed_isolated=3
[INFO] [1783316443.257917707] [simple_scan_filter]: scan stats: n=404, zeros=83, nan=0, inf=0, finite_raw=321, finite_out=310, removed_isolated=3
[INFO] [1783316448.256442199] [simple_scan_filter]: scan stats: n=404, zeros=83, nan=0, inf=0, finite_raw=321, finite_out=312, removed_isolated=1
[INFO] [1783316453.248998400] [simple_scan_filter]: scan stats: n=404, zeros=75, nan=0, inf=0, finite_raw=329, finite_out=316, removed_isolated=2
[INFO] [1783316458.244366556] [simple_scan_filter]: scan stats: n=404, zeros=87, nan=0, inf=0, finite_raw=317, finite_out=310, removed_isolated=2
[INFO] [1783316463.243812669] [simple_scan_filter]: scan stats: n=404, zeros=83, nan=0, inf=0, finite_raw=321, finite_out=312, removed_isolated=1
[INFO] [1783316468.232085034] [simple_scan_filter]: scan stats: n=404, zeros=80, nan=0, inf=0, finite_raw=324, finite_out=313, removed_isolated=1
[INFO] [1783316473.228719229] [simple_scan_filter]: scan stats: n=404, zeros=77, nan=0, inf=0, finite_raw=327, finite_out=315, removed_isolated=2
[INFO] [1783316478.224148089] [simple_scan_filter]: scan stats: n=404, zeros=81, nan=0, inf=0, finite_raw=323, finite_out=312, removed_isolated=3
[INFO] [1783316483.221819405] [simple_scan_filter]: scan stats: n=404, zeros=82, nan=0, inf=0, finite_raw=322, finite_out=307, removed_isolated=3
[INFO] [1783316488.218728888] [simple_scan_filter]: scan stats: n=404, zeros=80, nan=0, inf=0, finite_raw=324, finite_out=313, removed_isolated=1
[INFO] [1783316493.212095870] [simple_scan_filter]: scan stats: n=404, zeros=82, nan=0, inf=0, finite_raw=322, finite_out=310, removed_isolated=3
[INFO] [1783316498.209739100] [simple_scan_filter]: scan stats: n=404, zeros=80, nan=0, inf=0, finite_raw=324, finite_out=313, removed_isolated=1
[INFO] [1783316503.206540537] [simple_scan_filter]: scan stats: n=404, zeros=78, nan=0, inf=0, finite_raw=326, finite_out=312, removed_isolated=2
[INFO] [1783316508.204123140] [simple_scan_filter]: scan stats: n=404, zeros=82, nan=0, inf=0, finite_raw=322, finite_out=313, removed_isolated=1
[INFO] [1783316513.194395785] [simple_scan_filter]: scan stats: n=404, zeros=82, nan=0, inf=0, finite_raw=322, finite_out=312, removed_isolated=2
[INFO] [1783316518.190673094] [simple_scan_filter]: scan stats: n=404, zeros=84, nan=0, inf=0, finite_raw=320, finite_out=311, removed_isolated=2
[INFO] [1783316523.206902394] [simple_scan_filter]: scan stats: n=404, zeros=83, nan=0, inf=0, finite_raw=321, finite_out=309, removed_isolated=3
[INFO] [1783316528.224965567] [simple_scan_filter]: scan stats: n=404, zeros=82, nan=0, inf=0, finite_raw=322, finite_out=311, removed_isolated=2
[INFO] [1783316533.188362760] [simple_scan_filter]: scan stats: n=404, zeros=80, nan=0, inf=0, finite_raw=324, finite_out=311, removed_isolated=3
[INFO] [1783316538.182882523] [simple_scan_filter]: scan stats: n=404, zeros=77, nan=0, inf=0, finite_raw=327, finite_out=311, removed_isolated=4
[INFO] [1783316543.188819614] [simple_scan_filter]: scan stats: n=404, zeros=79, nan=0, inf=0, finite_raw=325, finite_out=311, removed_isolated=3
[INFO] [1783316548.179186251] [simple_scan_filter]: scan stats: n=404, zeros=79, nan=0, inf=0, finite_raw=325, finite_out=312, removed_isolated=3
[INFO] [1783316553.167275138] [simple_scan_filter]: scan stats: n=404, zeros=82, nan=0, inf=0, finite_raw=322, finite_out=314, removed_isolated=1
[INFO] [1783316558.166067103] [simple_scan_filter]: scan stats: n=404, zeros=81, nan=0, inf=0, finite_raw=323, finite_out=311, removed_isolated=2
[INFO] [1783316563.160587902] [simple_scan_filter]: scan stats: n=404, zeros=81, nan=0, inf=0, finite_raw=323, finite_out=312, removed_isolated=1
[INFO] [1783316568.158295990] [simple_scan_filter]: scan stats: n=404, zeros=78, nan=0, inf=0, finite_raw=326, finite_out=313, removed_isolated=2
[INFO] [1783316573.157460118] [simple_scan_filter]: scan stats: n=404, zeros=81, nan=0, inf=0, finite_raw=323, finite_out=313, removed_isolated=2
[INFO] [1783316578.156807787] [simple_scan_filter]: scan stats: n=404, zeros=75, nan=0, inf=0, finite_raw=329, finite_out=313, removed_isolated=3
[INFO] [1783316583.152420830] [simple_scan_filter]: scan stats: n=404, zeros=78, nan=0, inf=0, finite_raw=326, finite_out=312, removed_isolated=2
[INFO] [1783316588.143104500] [simple_scan_filter]: scan stats: n=404, zeros=81, nan=0, inf=0, finite_raw=323, finite_out=309, removed_isolated=4
[INFO] [1783316593.147876538] [simple_scan_filter]: scan stats: n=404, zeros=79, nan=0, inf=0, finite_raw=325, finite_out=312, removed_isolated=2
[INFO] [1783316598.149304617] [simple_scan_filter]: scan stats: n=404, zeros=81, nan=0, inf=0, finite_raw=323, finite_out=311, removed_isolated=2
[INFO] [1783316603.138810701] [simple_scan_filter]: scan stats: n=404, zeros=83, nan=0, inf=0, finite_raw=321, finite_out=311, removed_isolated=2
[INFO] [1783316608.132391614] [simple_scan_filter]: scan stats: n=404, zeros=80, nan=0, inf=0, finite_raw=324, finite_out=310, removed_isolated=4
[INFO] [1783316613.136926564] [simple_scan_filter]: scan stats: n=404, zeros=85, nan=0, inf=0, finite_raw=319, finite_out=306, removed_isolated=3
[INFO] [1783316618.133124641] [simple_scan_filter]: scan stats: n=404, zeros=83, nan=0, inf=0, finite_raw=321, finite_out=311, removed_isolated=2
[INFO] [1783316623.121798179] [simple_scan_filter]: scan stats: n=404, zeros=80, nan=0, inf=0, finite_raw=324, finite_out=311, removed_isolated=3
[INFO] [1783316628.125196251] [simple_scan_filter]: scan stats: n=404, zeros=81, nan=0, inf=0, finite_raw=323, finite_out=310, removed_isolated=3
[INFO] [1783316633.132045903] [simple_scan_filter]: scan stats: n=404, zeros=83, nan=0, inf=0, finite_raw=321, finite_out=311, removed_isolated=2
[INFO] [1783316638.125027519] [simple_scan_filter]: scan stats: n=404, zeros=80, nan=0, inf=0, finite_raw=324, finite_out=312, removed_isolated=2
[INFO] [1783316643.111553511] [simple_scan_filter]: scan stats: n=404, zeros=81, nan=0, inf=0, finite_raw=323, finite_out=313, removed_isolated=1
[INFO] [1783316648.110627205] [simple_scan_filter]: scan stats: n=404, zeros=77, nan=0, inf=0, finite_raw=327, finite_out=313, removed_isolated=2
[INFO] [1783316653.105560857] [simple_scan_filter]: scan stats: n=404, zeros=82, nan=0, inf=0, finite_raw=322, finite_out=312, removed_isolated=1
[INFO] [1783316658.105737757] [simple_scan_filter]: scan stats: n=404, zeros=81, nan=0, inf=0, finite_raw=323, finite_out=313, removed_isolated=2
[INFO] [1783316663.098029575] [simple_scan_filter]: scan stats: n=404, zeros=84, nan=0, inf=0, finite_raw=320, finite_out=310, removed_isolated=2
[INFO] [1783316668.088207227] [simple_scan_filter]: scan stats: n=404, zeros=78, nan=0, inf=0, finite_raw=326, finite_out=313, removed_isolated=2
[INFO] [1783316673.095191579] [simple_scan_filter]: scan stats: n=404, zeros=81, nan=0, inf=0, finite_raw=323, finite_out=313, removed_isolated=2
[INFO] [1783316678.083822353] [simple_scan_filter]: scan stats: n=404, zeros=82, nan=0, inf=0, finite_raw=322, finite_out=312, removed_isolated=2
[INFO] [1783316683.078796208] [simple_scan_filter]: scan stats: n=404, zeros=86, nan=0, inf=0, finite_raw=318, finite_out=311, removed_isolated=2
[INFO] [1783316688.076910601] [simple_scan_filter]: scan stats: n=404, zeros=79, nan=0, inf=0, finite_raw=325, finite_out=312, removed_isolated=1
[INFO] [1783316693.076062577] [simple_scan_filter]: scan stats: n=404, zeros=89, nan=0, inf=0, finite_raw=315, finite_out=308, removed_isolated=2
[INFO] [1783316698.079364924] [simple_scan_filter]: scan stats: n=404, zeros=79, nan=0, inf=0, finite_raw=325, finite_out=310, removed_isolated=3
[INFO] [1783316703.070083151] [simple_scan_filter]: scan stats: n=404, zeros=82, nan=0, inf=0, finite_raw=322, finite_out=310, removed_isolated=2
[INFO] [1783316708.083029992] [simple_scan_filter]: scan stats: n=404, zeros=85, nan=0, inf=0, finite_raw=319, finite_out=311, removed_isolated=3
[INFO] [1783316713.068758718] [simple_scan_filter]: scan stats: n=404, zeros=82, nan=0, inf=0, finite_raw=322, finite_out=310, removed_isolated=4
[INFO] [1783316718.066598230] [simple_scan_filter]: scan stats: n=404, zeros=80, nan=0, inf=0, finite_raw=324, finite_out=312, removed_isolated=2
[INFO] [1783316723.063759866] [simple_scan_filter]: scan stats: n=404, zeros=81, nan=0, inf=0, finite_raw=323, finite_out=310, removed_isolated=2
[INFO] [1783316728.052497755] [simple_scan_filter]: scan stats: n=404, zeros=83, nan=0, inf=0, finite_raw=321, finite_out=311, removed_isolated=2
[INFO] [1783316733.057466177] [simple_scan_filter]: scan stats: n=404, zeros=81, nan=0, inf=0, finite_raw=323, finite_out=313, removed_isolated=0
[INFO] [1783316738.046841813] [simple_scan_filter]: scan stats: n=404, zeros=81, nan=0, inf=0, finite_raw=323, finite_out=313, removed_isolated=2
[INFO] [1783316743.050096775] [simple_scan_filter]: scan stats: n=404, zeros=82, nan=0, inf=0, finite_raw=322, finite_out=311, removed_isolated=3
[INFO] [1783316748.039825575] [simple_scan_filter]: scan stats: n=404, zeros=77, nan=0, inf=0, finite_raw=327, finite_out=315, removed_isolated=2
[INFO] [1783316753.052998865] [simple_scan_filter]: scan stats: n=404, zeros=81, nan=0, inf=0, finite_raw=323, finite_out=312, removed_isolated=1
[INFO] [1783316758.048765702] [simple_scan_filter]: scan stats: n=404, zeros=82, nan=0, inf=0, finite_raw=322, finite_out=312, removed_isolated=2
[INFO] [1783316763.123304506] [simple_scan_filter]: scan stats: n=404, zeros=80, nan=0, inf=0, finite_raw=324, finite_out=312, removed_isolated=2
[INFO] [1783316768.027777586] [simple_scan_filter]: scan stats: n=404, zeros=80, nan=0, inf=0, finite_raw=324, finite_out=310, removed_isolated=4
[INFO] [1783316773.026460544] [simple_scan_filter]: scan stats: n=404, zeros=83, nan=0, inf=0, finite_raw=321, finite_out=311, removed_isolated=2
[INFO] [1783316778.020245502] [simple_scan_filter]: scan stats: n=404, zeros=81, nan=0, inf=0, finite_raw=323, finite_out=308, removed_isolated=3
[INFO] [1783316783.013419501] [simple_scan_filter]: scan stats: n=404, zeros=81, nan=0, inf=0, finite_raw=323, finite_out=309, removed_isolated=3
[INFO] [1783316788.010466456] [simple_scan_filter]: scan stats: n=404, zeros=80, nan=0, inf=0, finite_raw=324, finite_out=309, removed_isolated=3
[INFO] [1783316793.014067074] [simple_scan_filter]: scan stats: n=404, zeros=83, nan=0, inf=0, finite_raw=321, finite_out=309, removed_isolated=2
[INFO] [1783316798.008173653] [simple_scan_filter]: scan stats: n=404, zeros=80, nan=0, inf=0, finite_raw=324, finite_out=312, removed_isolated=2
[INFO] [1783316803.012410310] [simple_scan_filter]: scan stats: n=404, zeros=85, nan=0, inf=0, finite_raw=319, finite_out=312, removed_isolated=2
[INFO] [1783316808.001553139] [simple_scan_filter]: scan stats: n=404, zeros=84, nan=0, inf=0, finite_raw=320, finite_out=313, removed_isolated=2
[INFO] [1783316812.990830341] [simple_scan_filter]: scan stats: n=404, zeros=83, nan=0, inf=0, finite_raw=321, finite_out=309, removed_isolated=2
[INFO] [1783316817.995711995] [simple_scan_filter]: scan stats: n=404, zeros=83, nan=0, inf=0, finite_raw=321, finite_out=312, removed_isolated=1
[INFO] [1783316822.987600444] [simple_scan_filter]: scan stats: n=404, zeros=79, nan=0, inf=0, finite_raw=325, finite_out=310, removed_isolated=4
[INFO] [1783316827.985638098] [simple_scan_filter]: scan stats: n=404, zeros=84, nan=0, inf=0, finite_raw=320, finite_out=310, removed_isolated=2
[INFO] [1783316832.982872876] [simple_scan_filter]: scan stats: n=404, zeros=85, nan=0, inf=0, finite_raw=319, finite_out=306, removed_isolated=2
[INFO] [1783316837.984531901] [simple_scan_filter]: scan stats: n=404, zeros=81, nan=0, inf=0, finite_raw=323, finite_out=310, removed_isolated=4
[INFO] [1783316842.974588180] [simple_scan_filter]: scan stats: n=404, zeros=78, nan=0, inf=0, finite_raw=326, finite_out=314, removed_isolated=1
[INFO] [1783316847.989824156] [simple_scan_filter]: scan stats: n=404, zeros=85, nan=0, inf=0, finite_raw=319, finite_out=310, removed_isolated=2
[INFO] [1783316852.969309396] [simple_scan_filter]: scan stats: n=404, zeros=81, nan=0, inf=0, finite_raw=323, finite_out=311, removed_isolated=2
Traceback (most recent call last):
  File "/root/rdk_x5_vln_robot/ros2_bridge/simple_scan_filter.py", line 197, in <module>
    main()
  File "/root/rdk_x5_vln_robot/ros2_bridge/simple_scan_filter.py", line 191, in main
    rclpy.spin(node)
  File "/opt/ros/humble/local/lib/python3.10/dist-packages/rclpy/__init__.py", line 229, in spin
    executor.spin_once()
  File "/opt/ros/humble/local/lib/python3.10/dist-packages/rclpy/executors.py", line 751, in spin_once
    self._spin_once_impl(timeout_sec)
  File "/opt/ros/humble/local/lib/python3.10/dist-packages/rclpy/executors.py", line 740, in _spin_once_impl
    handler, entity, node = self.wait_for_ready_callbacks(timeout_sec=timeout_sec)
  File "/opt/ros/humble/local/lib/python3.10/dist-packages/rclpy/executors.py", line 723, in wait_for_ready_callbacks
    return next(self._cb_iter)
  File "/opt/ros/humble/local/lib/python3.10/dist-packages/rclpy/executors.py", line 624, in _wait_for_ready_callbacks
    raise ExternalShutdownException()
rclpy.executors.ExternalShutdownException
