[INFO] [launch]: All log files can be found below /root/.ros/log/2026-07-02-14-41-26-245021-ubuntu-92032
[INFO] [launch]: Default logging verbosity is set to INFO
[INFO] [foxglove_bridge-1]: process started with pid [92078]
[foxglove_bridge-1] [INFO] [1782974487.342775425] [foxglove_bridge]: Starting foxglove_bridge (humble, 3.3.0@)
[foxglove_bridge-1] [INFO] [1782974487.349046999] [foxglove_bridge]: Server listening on port 8765
[foxglove_bridge-1] [INFO] [1782974487.353986284] [foxglove_bridge]: Advertising new channel 2 for topic "/tf_static"
[foxglove_bridge-1] [INFO] [1782974487.354174701] [foxglove_bridge]: Advertising new channel 3 for topic "/tf"
[foxglove_bridge-1] [INFO] [1782974487.354876908] [foxglove_bridge]: Advertising new channel 4 for topic "/rosout"
[foxglove_bridge-1] [INFO] [1782974487.355727157] [foxglove_bridge]: Advertising new channel 5 for topic "/scan"
[foxglove_bridge-1] [INFO] [1782974487.357160780] [foxglove_bridge]: Advertising new channel 6 for topic "/parameter_events"
[foxglove_bridge-1] [INFO] [1782974487.359494735] [foxglove_bridge]: Advertising new channel 7 for topic "/odom"
[foxglove_bridge-1] [INFO] [1782974487.360024901] [foxglove_bridge]: Advertising new channel 8 for topic "/cmd_vel_sent"
[foxglove_bridge-1] [INFO] [1782974487.360144692] [foxglove_bridge]: Advertising new channel 9 for topic "/scan_filtered"
[foxglove_bridge-1] [INFO] [1782974487.360201692] [foxglove_bridge]: Advertising new channel 10 for topic "/cmd_vel"
[foxglove_bridge-1] [INFO] [1782974487.360653067] [foxglove_bridge]: Advertising new channel 11 for topic "/chassis_bridge_state"
[foxglove_bridge-1] [INFO] [1782974487.876233359] [foxglove_bridge]: received connection graph subscribe request
[foxglove_bridge-1] [INFO] [1782974487.876735525] [foxglove_bridge]: received subscribe request for channel 3 from client 1
[foxglove_bridge-1] [INFO] [1782974487.888595509] [foxglove_bridge]: Created ROS subscription on /tf (tf2_msgs/msg/TFMessage) for channel 3
[foxglove_bridge-1] [INFO] [1782974487.888834759] [foxglove_bridge]: received subscribe request for channel 2 from client 1
[foxglove_bridge-1] [INFO] [1782974487.891909546] [foxglove_bridge]: Created ROS subscription on /tf_static (tf2_msgs/msg/TFMessage) for channel 2
[foxglove_bridge-1] [INFO] [1782974488.006797055] [foxglove_bridge]: publishing connection graph
[foxglove_bridge-1] [INFO] [1782974488.510910281] [foxglove_bridge]: publishing connection graph
[foxglove_bridge-1] [INFO] [1782974489.041800344] [foxglove_bridge]: publishing connection graph
[foxglove_bridge-1] [INFO] [1782974489.546515277] [foxglove_bridge]: publishing connection graph
[foxglove_bridge-1] [INFO] [1782974490.051340418] [foxglove_bridge]: publishing connection graph
[foxglove_bridge-1] [INFO] [1782974490.595420755] [foxglove_bridge]: publishing connection graph
[foxglove_bridge-1] [INFO] [1782974491.103719683] [foxglove_bridge]: publishing connection graph
[foxglove_bridge-1] [INFO] [1782974492.208628001] [foxglove_bridge]: publishing connection graph
[foxglove_bridge-1] [INFO] [1782974492.714588766] [foxglove_bridge]: publishing connection graph
[foxglove_bridge-1] [INFO] [1782974493.219496449] [foxglove_bridge]: publishing connection graph
[foxglove_bridge-1] [INFO] [1782974493.723918882] [foxglove_bridge]: publishing connection graph
[foxglove_bridge-1] [INFO] [1782974494.311186285] [foxglove_bridge]: publishing connection graph
[foxglove_bridge-1] [INFO] [1782974494.855054790] [foxglove_bridge]: publishing connection graph
[foxglove_bridge-1] [INFO] [1782974495.362055512] [foxglove_bridge]: publishing connection graph
[foxglove_bridge-1] [ERROR] [1782974495.664798180] [foxglove_bridge]: Failed to retrieve parameters from node '/nav2_oneclick_odom_probe': Failed to retrieve parameter names for node '/nav2_oneclick_odom_probe'
[foxglove_bridge-1] [WARN] [1782974495.664967513] [foxglove_bridge]: Adding node /nav2_oneclick_odom_probe to the ignore list to prevent repeated timeouts or failures in future parameter requests.
[foxglove_bridge-1] [INFO] [1782974495.867990652] [foxglove_bridge]: publishing connection graph
[foxglove_bridge-1] [INFO] [1782974496.065382673] [foxglove_bridge]: received subscribe request for channel 3 from client 4
[foxglove_bridge-1] [INFO] [1782974496.065646798] [foxglove_bridge]: received subscribe request for channel 2 from client 4
[foxglove_bridge-1] [INFO] [1782974496.065786631] [foxglove_bridge]: received subscribe request for channel 5 from client 4
[foxglove_bridge-1] [INFO] [1782974496.074530202] [foxglove_bridge]: Created ROS subscription on /scan (sensor_msgs/msg/LaserScan) for channel 5
[foxglove_bridge-1] [INFO] [1782974496.373096751] [foxglove_bridge]: publishing connection graph
[foxglove_bridge-1] [INFO] [1782974496.887051797] [foxglove_bridge]: publishing connection graph
[foxglove_bridge-1] [INFO] [1782974497.391902897] [foxglove_bridge]: publishing connection graph
[foxglove_bridge-1] [INFO] [1782974497.896959496] [foxglove_bridge]: publishing connection graph
[foxglove_bridge-1] [INFO] [1782974498.672151976] [foxglove_bridge]: received unsubscribe request for channel 3 from client 4
[foxglove_bridge-1] [INFO] [1782974498.672401684] [foxglove_bridge]: received unsubscribe request for channel 2 from client 4
[foxglove_bridge-1] [INFO] [1782974498.672686684] [foxglove_bridge]: received unsubscribe request for channel 5 from client 4
[foxglove_bridge-1] [INFO] [1782974498.672756559] [foxglove_bridge]: Cleaned up ROS subscription for channel 5 (no more subscribers)
[foxglove_bridge-1] [INFO] [1782974498.687705746] [foxglove_bridge]: publishing connection graph
[foxglove_bridge-1] [INFO] [1782974498.767974678] [foxglove_bridge]: received subscribe request for channel 3 from client 4
[foxglove_bridge-1] [INFO] [1782974498.768187594] [foxglove_bridge]: received subscribe request for channel 2 from client 4
[foxglove_bridge-1] [INFO] [1782974498.875378323] [foxglove_bridge]: Client ID 4 is advertising "/move_base_simple/goal" (geometry_msgs/PoseStamped) on channel 1 with encoding "cdr"
[foxglove_bridge-1] [INFO] [1782974498.879015109] [foxglove_bridge]: Client ID 4 is advertising "/clicked_point" (geometry_msgs/PointStamped) on channel 2 with encoding "cdr"
[foxglove_bridge-1] [INFO] [1782974498.882696563] [foxglove_bridge]: Client ID 4 is advertising "/initialpose" (geometry_msgs/PoseWithCovarianceStamped) on channel 3 with encoding "cdr"
[foxglove_bridge-1] [INFO] [1782974498.935840406] [foxglove_bridge]: received subscribe request for channel 5 from client 4
[foxglove_bridge-1] [INFO] [1782974498.939368193] [foxglove_bridge]: Created ROS subscription on /scan (sensor_msgs/msg/LaserScan) for channel 5
[foxglove_bridge-1] [INFO] [1782974499.189728475] [foxglove_bridge]: Advertising new channel 12 for topic "/move_base_simple/goal"
[foxglove_bridge-1] [INFO] [1782974499.190696391] [foxglove_bridge]: Advertising new channel 13 for topic "/initialpose"
[foxglove_bridge-1] [INFO] [1782974499.191529514] [foxglove_bridge]: Advertising new channel 14 for topic "/clicked_point"
[foxglove_bridge-1] [INFO] [1782974499.195801050] [foxglove_bridge]: publishing connection graph
[foxglove_bridge-1] [INFO] [1782974499.214536983] [foxglove_bridge]: received subscribe request for channel 12 from client 1
[foxglove_bridge-1] [INFO] [1782974499.219285476] [foxglove_bridge]: Created ROS subscription on /move_base_simple/goal (geometry_msgs/msg/PoseStamped) for channel 12
[foxglove_bridge-1] [INFO] [1782974499.700662400] [foxglove_bridge]: publishing connection graph
[foxglove_bridge-1] [INFO] [1782974501.066146572] [foxglove_bridge]: publishing connection graph
[foxglove_bridge-1] [INFO] [1782974502.178774423] [foxglove_bridge]: publishing connection graph
[foxglove_bridge-1] [INFO] [1782974502.687959226] [foxglove_bridge]: Advertising new channel 15 for topic "/waypoint_follower/transition_event"
[foxglove_bridge-1] [ERROR] [1782974504.560071454] [foxglove_bridge]: Failed to retrieve parameters from node '/amcl': Parameter service for node '/amcl' is not ready
[foxglove_bridge-1] [WARN] [1782974504.560259454] [foxglove_bridge]: Adding node /amcl to the ignore list to prevent repeated timeouts or failures in future parameter requests.
[foxglove_bridge-1] [ERROR] [1782974504.560450078] [foxglove_bridge]: Failed to retrieve parameters from node '/controller_server': Parameter service for node '/controller_server' is not ready
[foxglove_bridge-1] [WARN] [1782974504.560507995] [foxglove_bridge]: Adding node /controller_server to the ignore list to prevent repeated timeouts or failures in future parameter requests.
[foxglove_bridge-1] [ERROR] [1782974504.560648245] [foxglove_bridge]: Failed to retrieve parameters from node '/local_costmap/local_costmap': Parameter service for node '/local_costmap/local_costmap' is not ready
[foxglove_bridge-1] [WARN] [1782974504.560697536] [foxglove_bridge]: Adding node /local_costmap/local_costmap to the ignore list to prevent repeated timeouts or failures in future parameter requests.
[foxglove_bridge-1] [INFO] [1782974504.565483238] [foxglove_bridge]: publishing connection graph
[foxglove_bridge-1] [INFO] [1782974505.069697881] [foxglove_bridge]: Advertising new channel 16 for topic "/velocity_smoother/transition_event"
[foxglove_bridge-1] [INFO] [1782974505.070203381] [foxglove_bridge]: Advertising new channel 17 for topic "/smoother_server/transition_event"
[foxglove_bridge-1] [INFO] [1782974505.070662463] [foxglove_bridge]: Advertising new channel 18 for topic "/planner_server/transition_event"
[foxglove_bridge-1] [INFO] [1782974505.071071463] [foxglove_bridge]: Advertising new channel 19 for topic "/map_server/transition_event"
[foxglove_bridge-1] [INFO] [1782974505.071483920] [foxglove_bridge]: Advertising new channel 20 for topic "/local_costmap/local_costmap/transition_event"
[foxglove_bridge-1] [INFO] [1782974505.071900212] [foxglove_bridge]: Advertising new channel 21 for topic "/global_costmap/global_costmap/transition_event"
[foxglove_bridge-1] [INFO] [1782974505.076297456] [foxglove_bridge]: Advertising new channel 22 for topic "/diagnostics"
[foxglove_bridge-1] [INFO] [1782974505.088834230] [foxglove_bridge]: Advertising new channel 23 for topic "/map"
[foxglove_bridge-1] [INFO] [1782974505.133370419] [foxglove_bridge]: Advertising new channel 24 for topic "/controller_server/transition_event"
[foxglove_bridge-1] [INFO] [1782974505.133583294] [foxglove_bridge]: received subscribe request for channel 23 from client 1
[foxglove_bridge-1] [INFO] [1782974505.134259376] [foxglove_bridge]: Advertising new channel 25 for topic "/bond"
[foxglove_bridge-1] [INFO] [1782974505.134627834] [foxglove_bridge]: Advertising new channel 26 for topic "/behavior_server/transition_event"
[foxglove_bridge-1] [INFO] [1782974505.793735890] [foxglove_bridge]: Created ROS subscription on /map (nav_msgs/msg/OccupancyGrid) for channel 23
[foxglove_bridge-1] [INFO] [1782974509.177530842] [foxglove_bridge]: publishing connection graph
[foxglove_bridge-1] [INFO] [1782974509.685249939] [foxglove_bridge]: Advertising new channel 27 for topic "/speed_limit"
[foxglove_bridge-1] [INFO] [1782974509.689044684] [foxglove_bridge]: Advertising new channel 28 for topic "/plan"
[foxglove_bridge-1] [INFO] [1782974509.689647517] [foxglove_bridge]: Advertising new channel 29 for topic "/received_global_plan"
[foxglove_bridge-1] [INFO] [1782974509.690280557] [foxglove_bridge]: Advertising new channel 30 for topic "/transformed_global_plan"
[foxglove_bridge-1] [INFO] [1782974509.690724474] [foxglove_bridge]: Advertising new channel 31 for topic "/plan_smoothed"
[foxglove_bridge-1] [INFO] [1782974509.697601547] [foxglove_bridge]: Advertising new channel 32 for topic "/local_costmap/published_footprint"
[foxglove_bridge-1] [INFO] [1782974509.701236626] [foxglove_bridge]: Advertising new channel 33 for topic "/local_costmap/costmap_raw"
[foxglove_bridge-1] [INFO] [1782974509.711244612] [foxglove_bridge]: Advertising new channel 34 for topic "/local_costmap/clearing_endpoints"
[foxglove_bridge-1] [INFO] [1782974509.713175026] [foxglove_bridge]: Advertising new channel 35 for topic "/global_costmap/published_footprint"
[foxglove_bridge-1] [INFO] [1782974509.717847270] [foxglove_bridge]: Advertising new channel 36 for topic "/local_plan"
[foxglove_bridge-1] [INFO] [1782974509.721318598] [foxglove_bridge]: Advertising new channel 37 for topic "/goal_pose"
[foxglove_bridge-1] [INFO] [1782974509.727530173] [foxglove_bridge]: Advertising new channel 38 for topic "/global_costmap/footprint"
[foxglove_bridge-1] [INFO] [1782974509.735035205] [foxglove_bridge]: Advertising new channel 39 for topic "/global_costmap/costmap_updates"
[foxglove_bridge-1] [INFO] [1782974509.738749033] [foxglove_bridge]: Advertising new channel 40 for topic "/global_costmap/costmap_raw"
[foxglove_bridge-1] [INFO] [1782974509.756979633] [foxglove_bridge]: Advertising new channel 41 for topic "/local_costmap/voxel_grid"
[foxglove_bridge-1] [INFO] [1782974509.758001048] [foxglove_bridge]: Advertising new channel 42 for topic "/local_costmap/footprint"
[foxglove_bridge-1] [INFO] [1782974509.759613879] [foxglove_bridge]: Advertising new channel 43 for topic "/global_costmap/costmap"
[foxglove_bridge-1] [INFO] [1782974509.760886628] [foxglove_bridge]: Advertising new channel 44 for topic "/local_costmap/costmap"
[foxglove_bridge-1] [INFO] [1782974509.770296948] [foxglove_bridge]: Advertising new channel 45 for topic "/evaluation"
[foxglove_bridge-1] [INFO] [1782974509.773013361] [foxglove_bridge]: Advertising new channel 46 for topic "/cost_cloud"
[foxglove_bridge-1] [INFO] [1782974509.781264850] [foxglove_bridge]: Advertising new channel 47 for topic "/marker"
[foxglove_bridge-1] [INFO] [1782974509.782271890] [foxglove_bridge]: Advertising new channel 48 for topic "/cmd_vel_teleop"
[foxglove_bridge-1] [INFO] [1782974509.783124555] [foxglove_bridge]: Advertising new channel 49 for topic "/cmd_vel_nav"
[foxglove_bridge-1] [INFO] [1782974509.784200929] [foxglove_bridge]: Advertising new channel 50 for topic "/local_costmap/costmap_updates"
[foxglove_bridge-1] [INFO] [1782974509.786470759] [foxglove_bridge]: Advertising new channel 51 for topic "/preempt_teleop"
[foxglove_bridge-1] [INFO] [1782974509.789883463] [foxglove_bridge]: Advertising new channel 52 for topic "/bt_navigator/transition_event"
[foxglove_bridge-1] [INFO] [1782974509.797133370] [foxglove_bridge]: Advertising new channel 53 for topic "/particle_cloud"
[foxglove_bridge-1] [INFO] [1782974509.799251367] [foxglove_bridge]: Advertising new channel 54 for topic "/amcl_pose"
[foxglove_bridge-1] [INFO] [1782974509.803131236] [foxglove_bridge]: Advertising new channel 55 for topic "/amcl/transition_event"
[foxglove_bridge-1] [INFO] [1782974510.760606801] [foxglove_bridge]: publishing connection graph
[foxglove_bridge-1] [INFO] [1782974511.299412273] [foxglove_bridge]: publishing connection graph
[foxglove_bridge-1] [INFO] [1782974511.988017164] [foxglove_bridge]: publishing connection graph
[foxglove_bridge-1] [INFO] [1782974513.447407001] [foxglove_bridge]: publishing connection graph
[foxglove_bridge-1] [ERROR] [1782974513.795412900] [foxglove_bridge]: Failed to retrieve parameters from node '/bt_navigator_navigate_to_pose_rclcpp_node': Failed to retrieve parameter names for node '/bt_navigator_navigate_to_pose_rclcpp_node'
[foxglove_bridge-1] [WARN] [1782974513.795583817] [foxglove_bridge]: Adding node /bt_navigator_navigate_to_pose_rclcpp_node to the ignore list to prevent repeated timeouts or failures in future parameter requests.
[foxglove_bridge-1] [INFO] [1782974513.986766639] [foxglove_bridge]: publishing connection graph
[foxglove_bridge-1] [INFO] [1782974517.103572044] [foxglove_bridge]: publishing connection graph
[foxglove_bridge-1] [ERROR] [1782974518.804122594] [foxglove_bridge]: Failed to retrieve parameters from node '/planner_server': Failed to retrieve parameter names for node '/planner_server'
[foxglove_bridge-1] [WARN] [1782974518.804338427] [foxglove_bridge]: Adding node /planner_server to the ignore list to prevent repeated timeouts or failures in future parameter requests.
[foxglove_bridge-1] [ERROR] [1782974518.893461430] [foxglove_bridge]: Failed to retrieve parameters from node '/bt_navigator_navigate_through_poses_rclcpp_node': Failed to retrieve parameter names for node '/bt_navigator_navigate_through_poses_rclcpp_node'
[foxglove_bridge-1] [WARN] [1782974518.893644347] [foxglove_bridge]: Adding node /bt_navigator_navigate_through_poses_rclcpp_node to the ignore list to prevent repeated timeouts or failures in future parameter requests.
[foxglove_bridge-1] [INFO] [1782974519.098865233] [foxglove_bridge]: publishing connection graph
[foxglove_bridge-1] [INFO] [1782974519.837999431] [foxglove_bridge]: publishing connection graph
[foxglove_bridge-1] [INFO] [1782974520.384374684] [foxglove_bridge]: publishing connection graph
[foxglove_bridge-1] [INFO] [1782974521.333677762] [foxglove_bridge]: publishing connection graph
[foxglove_bridge-1] [INFO] [1782974521.940197892] [foxglove_bridge]: publishing connection graph
[foxglove_bridge-1] [INFO] [1782974522.454612481] [foxglove_bridge]: Advertising new channel 56 for topic "/behavior_tree_log"
[foxglove_bridge-1] [INFO] [1782974522.502354332] [foxglove_bridge]: publishing connection graph
[foxglove_bridge-1] [INFO] [1782974523.070132515] [foxglove_bridge]: publishing connection graph
[foxglove_bridge-1] [INFO] [1782974525.289415608] [foxglove_bridge]: publishing connection graph
[foxglove_bridge-1] [INFO] [1782974527.208186405] [foxglove_bridge]: publishing connection graph
[foxglove_bridge-1] [ERROR] [1782974527.446675329] [foxglove_bridge]: Failed to retrieve parameters from node '/nav2_oneclick_wait_localization': Timed out waiting for 1 parameter(s) from node '/nav2_oneclick_wait_localization'
[foxglove_bridge-1] [WARN] [1782974527.446863454] [foxglove_bridge]: Adding node /nav2_oneclick_wait_localization to the ignore list to prevent repeated timeouts or failures in future parameter requests.
[foxglove_bridge-1] [INFO] [1782974527.766493393] [foxglove_bridge]: publishing connection graph
[foxglove_bridge-1] [INFO] [1782974529.991873188] [foxglove_bridge]: publishing connection graph
[foxglove_bridge-1] [INFO] [1782974530.665222477] [foxglove_bridge]: publishing connection graph
[foxglove_bridge-1] [INFO] [1782974531.795510143] [foxglove_bridge]: publishing connection graph
[foxglove_bridge-1] [INFO] [1782974532.353794131] [foxglove_bridge]: publishing connection graph
[foxglove_bridge-1] [INFO] [1782974534.408095953] [foxglove_bridge]: publishing connection graph
[foxglove_bridge-1] [INFO] [1782974536.060464782] [foxglove_bridge]: publishing connection graph
[foxglove_bridge-1] [INFO] [1782974536.619462519] [foxglove_bridge]: publishing connection graph
[foxglove_bridge-1] [INFO] [1782974539.247159811] [foxglove_bridge]: publishing connection graph
[foxglove_bridge-1] [INFO] [1782974540.144884378] [foxglove_bridge]: publishing connection graph
[foxglove_bridge-1] [INFO] [1782974543.997006836] [foxglove_bridge]: publishing connection graph
[foxglove_bridge-1] [INFO] [1782974544.662065805] [foxglove_bridge]: publishing connection graph
[foxglove_bridge-1] [INFO] [1782974545.213580678] [foxglove_bridge]: publishing connection graph
[foxglove_bridge-1] [INFO] [1782974548.677833875] [foxglove_bridge]: publishing connection graph
[foxglove_bridge-1] [INFO] [1782974549.438311714] [foxglove_bridge]: publishing connection graph
[foxglove_bridge-1] [INFO] [1782974549.997493203] [foxglove_bridge]: publishing connection graph
[foxglove_bridge-1] [INFO] [1782974553.075501178] [foxglove_bridge]: publishing connection graph
[foxglove_bridge-1] [INFO] [1782974554.451812304] [foxglove_bridge]: publishing connection graph
[foxglove_bridge-1] [INFO] [1782974559.961466099] [foxglove_bridge]: publishing connection graph
[foxglove_bridge-1] [INFO] [1782974560.551872212] [foxglove_bridge]: publishing connection graph
[foxglove_bridge-1] [INFO] [1782974563.624706783] [foxglove_bridge]: publishing connection graph
[foxglove_bridge-1] [INFO] [1782974564.228249171] [foxglove_bridge]: publishing connection graph
[foxglove_bridge-1] [INFO] [1782974567.332964950] [foxglove_bridge]: publishing connection graph
[foxglove_bridge-1] [INFO] [1782974567.967710420] [foxglove_bridge]: publishing connection graph
[foxglove_bridge-1] [ERROR] [1782974568.039773239] [foxglove_bridge]: Failed to retrieve parameters from node '/static_transform_publisher_96WyHie6cEWLtNSO': Failed to retrieve parameter names for node '/static_transform_publisher_96WyHie6cEWLtNSO'
[foxglove_bridge-1] [WARN] [1782974568.039983614] [foxglove_bridge]: Adding node /static_transform_publisher_96WyHie6cEWLtNSO to the ignore list to prevent repeated timeouts or failures in future parameter requests.
[foxglove_bridge-1] [ERROR] [1782974568.040086739] [foxglove_bridge]: Failed to retrieve parameters from node '/ydlidar_ros2_driver_node': Failed to retrieve parameter names for node '/ydlidar_ros2_driver_node'
[foxglove_bridge-1] [WARN] [1782974568.040136405] [foxglove_bridge]: Adding node /ydlidar_ros2_driver_node to the ignore list to prevent repeated timeouts or failures in future parameter requests.
[foxglove_bridge-1] [ERROR] [1782974568.040207030] [foxglove_bridge]: Failed to retrieve parameters from node '/m1_pwm_cmd_vel_bridge': Failed to retrieve parameter names for node '/m1_pwm_cmd_vel_bridge'
[foxglove_bridge-1] [WARN] [1782974568.040251780] [foxglove_bridge]: Adding node /m1_pwm_cmd_vel_bridge to the ignore list to prevent repeated timeouts or failures in future parameter requests.
[foxglove_bridge-1] [ERROR] [1782974568.040418155] [foxglove_bridge]: Failed to retrieve parameters from node '/lifecycle_manager_navigation': Failed to retrieve parameter names for node '/lifecycle_manager_navigation'
[foxglove_bridge-1] [WARN] [1782974568.040471613] [foxglove_bridge]: Adding node /lifecycle_manager_navigation to the ignore list to prevent repeated timeouts or failures in future parameter requests.
[foxglove_bridge-1] [ERROR] [1782974568.048176853] [foxglove_bridge]: Failed to retrieve parameters from node '/map_server': Failed to retrieve parameter names for node '/map_server'
[foxglove_bridge-1] [WARN] [1782974568.048337769] [foxglove_bridge]: Adding node /map_server to the ignore list to prevent repeated timeouts or failures in future parameter requests.
[foxglove_bridge-1] [ERROR] [1782974568.048486019] [foxglove_bridge]: Failed to retrieve parameters from node '/smoother_server': Failed to retrieve parameter names for node '/smoother_server'
[foxglove_bridge-1] [WARN] [1782974568.048539727] [foxglove_bridge]: Adding node /smoother_server to the ignore list to prevent repeated timeouts or failures in future parameter requests.
[foxglove_bridge-1] [INFO] [1782974571.220513208] [foxglove_bridge]: publishing connection graph
[foxglove_bridge-1] [ERROR] [1782974571.478514358] [foxglove_bridge]: Failed to retrieve parameters from node '/lifecycle_manager_localization': Timed out waiting for 13 parameter(s) from node '/lifecycle_manager_localization'
[foxglove_bridge-1] [WARN] [1782974571.478713899] [foxglove_bridge]: Adding node /lifecycle_manager_localization to the ignore list to prevent repeated timeouts or failures in future parameter requests.
[foxglove_bridge-1] [ERROR] [1782974571.478901399] [foxglove_bridge]: Failed to retrieve parameters from node '/bt_navigator': Failed to retrieve parameter names for node '/bt_navigator'
[foxglove_bridge-1] [WARN] [1782974571.478973774] [foxglove_bridge]: Adding node /bt_navigator to the ignore list to prevent repeated timeouts or failures in future parameter requests.
[foxglove_bridge-1] [ERROR] [1782974571.479134190] [foxglove_bridge]: Failed to retrieve parameters from node '/global_costmap/global_costmap': Failed to retrieve parameter names for node '/global_costmap/global_costmap'
[foxglove_bridge-1] [WARN] [1782974571.479189274] [foxglove_bridge]: Adding node /global_costmap/global_costmap to the ignore list to prevent repeated timeouts or failures in future parameter requests.
[foxglove_bridge-1] [ERROR] [1782974571.479328357] [foxglove_bridge]: Failed to retrieve parameters from node '/waypoint_follower': Failed to retrieve parameter names for node '/waypoint_follower'
[foxglove_bridge-1] [WARN] [1782974571.487762470] [foxglove_bridge]: Adding node /waypoint_follower to the ignore list to prevent repeated timeouts or failures in future parameter requests.
[foxglove_bridge-1] [ERROR] [1782974571.488115303] [foxglove_bridge]: Failed to retrieve parameters from node '/velocity_smoother': Failed to retrieve parameter names for node '/velocity_smoother'
[foxglove_bridge-1] [WARN] [1782974571.488231261] [foxglove_bridge]: Adding node /velocity_smoother to the ignore list to prevent repeated timeouts or failures in future parameter requests.
[foxglove_bridge-1] [INFO] [1782974571.821575683] [foxglove_bridge]: publishing connection graph
[foxglove_bridge-1] [INFO] [1782974574.588417342] [foxglove_bridge]: publishing connection graph
[foxglove_bridge-1] [INFO] [1782974575.219919442] [foxglove_bridge]: publishing connection graph
[foxglove_bridge-1] [ERROR] [1782974576.725973772] [foxglove_bridge]: Failed to retrieve parameters from node '/simple_scan_filter': Timed out waiting for 1 parameter(s) from node '/simple_scan_filter'
[foxglove_bridge-1] [WARN] [1782974576.726191897] [foxglove_bridge]: Adding node /simple_scan_filter to the ignore list to prevent repeated timeouts or failures in future parameter requests.
[foxglove_bridge-1] [ERROR] [1782974576.726315063] [foxglove_bridge]: Failed to retrieve parameters from node '/behavior_server': Failed to retrieve parameter names for node '/behavior_server'
[foxglove_bridge-1] [WARN] [1782974576.726366605] [foxglove_bridge]: Adding node /behavior_server to the ignore list to prevent repeated timeouts or failures in future parameter requests.
[foxglove_bridge-1] [INFO] [1782974590.205000192] [foxglove_bridge]: publishing connection graph
[foxglove_bridge-1] [INFO] [1782974591.289757304] [foxglove_bridge]: publishing connection graph
[foxglove_bridge-1] [INFO] [1782974592.014225656] [foxglove_bridge]: publishing connection graph
[foxglove_bridge-1] [INFO] [1782974592.742318169] [foxglove_bridge]: publishing connection graph
[foxglove_bridge-1] [INFO] [1782974593.461677610] [foxglove_bridge]: publishing connection graph
[foxglove_bridge-1] [INFO] [1782974601.477897500] [foxglove_bridge]: publishing connection graph
[foxglove_bridge-1] [INFO] [1782974602.228939233] [foxglove_bridge]: publishing connection graph
[foxglove_bridge-1] [INFO] [1782974603.021308285] [foxglove_bridge]: publishing connection graph
[foxglove_bridge-1] [INFO] [1782974605.334496279] [foxglove_bridge]: publishing connection graph
[foxglove_bridge-1] [INFO] [1782974606.401110752] [foxglove_bridge]: publishing connection graph
[foxglove_bridge-1] [ERROR] [1782974606.643835757] [foxglove_bridge]: Failed to retrieve parameters from node '/_ros2cli_send_goal_nav2_msgs_action_NavigateToPose': Failed to retrieve parameter names for node '/_ros2cli_send_goal_nav2_msgs_action_NavigateToPose'
[foxglove_bridge-1] [WARN] [1782974606.644010423] [foxglove_bridge]: Adding node /_ros2cli_send_goal_nav2_msgs_action_NavigateToPose to the ignore list to prevent repeated timeouts or failures in future parameter requests.
