[INFO] [launch]: All log files can be found below /root/.ros/log/2026-07-02-13-42-41-899633-ubuntu-59944
[INFO] [launch]: Default logging verbosity is set to INFO
[INFO] [foxglove_bridge-1]: process started with pid [59992]
[foxglove_bridge-1] [INFO] [1782970963.016417997] [foxglove_bridge]: Starting foxglove_bridge (humble, 3.3.0@)
[foxglove_bridge-1] [INFO] [1782970963.025024155] [foxglove_bridge]: Server listening on port 8765
[foxglove_bridge-1] [INFO] [1782970963.030308775] [foxglove_bridge]: Advertising new channel 2 for topic "/tf_static"
[foxglove_bridge-1] [INFO] [1782970963.030508941] [foxglove_bridge]: Advertising new channel 3 for topic "/tf"
[foxglove_bridge-1] [INFO] [1782970963.031430691] [foxglove_bridge]: Advertising new channel 4 for topic "/rosout"
[foxglove_bridge-1] [INFO] [1782970963.032470773] [foxglove_bridge]: Advertising new channel 5 for topic "/scan"
[foxglove_bridge-1] [INFO] [1782970963.034307979] [foxglove_bridge]: Advertising new channel 6 for topic "/parameter_events"
[foxglove_bridge-1] [INFO] [1782970963.037178226] [foxglove_bridge]: Advertising new channel 7 for topic "/odom"
[foxglove_bridge-1] [INFO] [1782970963.037910726] [foxglove_bridge]: Advertising new channel 8 for topic "/cmd_vel_sent"
[foxglove_bridge-1] [INFO] [1782970963.038135017] [foxglove_bridge]: Advertising new channel 9 for topic "/scan_filtered"
[foxglove_bridge-1] [INFO] [1782970963.038249892] [foxglove_bridge]: Advertising new channel 10 for topic "/cmd_vel"
[foxglove_bridge-1] [INFO] [1782970963.038913891] [foxglove_bridge]: Advertising new channel 11 for topic "/chassis_bridge_state"
[foxglove_bridge-1] [ERROR] [1782970970.079392608] [foxglove_bridge]: Failed to retrieve parameters from node '/tf2_echo': Failed to retrieve parameter names for node '/tf2_echo'
[foxglove_bridge-1] [WARN] [1782970970.079575566] [foxglove_bridge]: Adding node /tf2_echo to the ignore list to prevent repeated timeouts or failures in future parameter requests.
[foxglove_bridge-1] [INFO] [1782970970.080310191] [foxglove_bridge]: received connection graph subscribe request
[foxglove_bridge-1] [INFO] [1782970970.080494774] [foxglove_bridge]: received subscribe request for channel 3 from client 1
[foxglove_bridge-1] [INFO] [1782970970.091503263] [foxglove_bridge]: Created ROS subscription on /tf (tf2_msgs/msg/TFMessage) for channel 3
[foxglove_bridge-1] [INFO] [1782970970.091746721] [foxglove_bridge]: received subscribe request for channel 2 from client 1
[foxglove_bridge-1] [INFO] [1782970970.095364467] [foxglove_bridge]: publishing connection graph
[foxglove_bridge-1] [INFO] [1782970970.095574467] [foxglove_bridge]: Created ROS subscription on /tf_static (tf2_msgs/msg/TFMessage) for channel 2
[foxglove_bridge-1] [INFO] [1782970970.095882800] [foxglove_bridge]: received subscribe request for channel 5 from client 1
[foxglove_bridge-1] [INFO] [1782970970.104140041] [foxglove_bridge]: Created ROS subscription on /scan (sensor_msgs/msg/LaserScan) for channel 5
[foxglove_bridge-1] [INFO] [1782970970.480707992] [foxglove_bridge]: received subscribe request for channel 3 from client 3
[foxglove_bridge-1] [INFO] [1782970970.480890241] [foxglove_bridge]: received subscribe request for channel 2 from client 3
[foxglove_bridge-1] [INFO] [1782970970.599867745] [foxglove_bridge]: publishing connection graph
[foxglove_bridge-1] [INFO] [1782970971.104682899] [foxglove_bridge]: publishing connection graph
[foxglove_bridge-1] [INFO] [1782970973.673307702] [foxglove_bridge]: publishing connection graph
[foxglove_bridge-1] [INFO] [1782970974.179823395] [foxglove_bridge]: Advertising new channel 12 for topic "/waypoint_follower/transition_event"
[foxglove_bridge-1] [INFO] [1782970974.180367811] [foxglove_bridge]: Advertising new channel 13 for topic "/velocity_smoother/transition_event"
[foxglove_bridge-1] [INFO] [1782970974.180779519] [foxglove_bridge]: Advertising new channel 14 for topic "/smoother_server/transition_event"
[foxglove_bridge-1] [INFO] [1782970974.183156183] [foxglove_bridge]: Advertising new channel 15 for topic "/received_global_plan"
[foxglove_bridge-1] [INFO] [1782970974.186041180] [foxglove_bridge]: Advertising new channel 16 for topic "/particle_cloud"
[foxglove_bridge-1] [INFO] [1782970974.190771551] [foxglove_bridge]: Advertising new channel 17 for topic "/marker"
[foxglove_bridge-1] [INFO] [1782970974.199008876] [foxglove_bridge]: Advertising new channel 18 for topic "/local_costmap/voxel_grid"
[foxglove_bridge-1] [INFO] [1782970974.199328042] [foxglove_bridge]: Advertising new channel 19 for topic "/plan_smoothed"
[foxglove_bridge-1] [INFO] [1782970974.200426332] [foxglove_bridge]: Advertising new channel 20 for topic "/local_costmap/published_footprint"
[foxglove_bridge-1] [INFO] [1782970974.200814249] [foxglove_bridge]: Advertising new channel 21 for topic "/local_costmap/local_costmap/transition_event"
[foxglove_bridge-1] [INFO] [1782970974.201538165] [foxglove_bridge]: Advertising new channel 22 for topic "/local_costmap/costmap_updates"
[foxglove_bridge-1] [INFO] [1782970974.203216121] [foxglove_bridge]: Advertising new channel 23 for topic "/local_costmap/costmap"
[foxglove_bridge-1] [INFO] [1782970974.207430784] [foxglove_bridge]: Advertising new channel 24 for topic "/local_costmap/clearing_endpoints"
[foxglove_bridge-1] [INFO] [1782970974.208820282] [foxglove_bridge]: Advertising new channel 25 for topic "/local_costmap/costmap_raw"
[foxglove_bridge-1] [INFO] [1782970974.209661448] [foxglove_bridge]: Advertising new channel 26 for topic "/initialpose"
[foxglove_bridge-1] [INFO] [1782970974.210276072] [foxglove_bridge]: Advertising new channel 27 for topic "/global_costmap/published_footprint"
[foxglove_bridge-1] [INFO] [1782970974.211083072] [foxglove_bridge]: Advertising new channel 28 for topic "/local_costmap/footprint"
[foxglove_bridge-1] [INFO] [1782970974.211863821] [foxglove_bridge]: Advertising new channel 29 for topic "/global_costmap/global_costmap/transition_event"
[foxglove_bridge-1] [INFO] [1782970974.212207154] [foxglove_bridge]: Advertising new channel 30 for topic "/map"
[foxglove_bridge-1] [INFO] [1782970974.212418237] [foxglove_bridge]: Advertising new channel 31 for topic "/global_costmap/costmap_raw"
[foxglove_bridge-1] [INFO] [1782970974.221792269] [foxglove_bridge]: Advertising new channel 32 for topic "/evaluation"
[foxglove_bridge-1] [INFO] [1782970974.223327184] [foxglove_bridge]: Advertising new channel 33 for topic "/diagnostics"
[foxglove_bridge-1] [INFO] [1782970974.223672850] [foxglove_bridge]: Advertising new channel 34 for topic "/cost_cloud"
[foxglove_bridge-1] [INFO] [1782970974.224200892] [foxglove_bridge]: Advertising new channel 35 for topic "/controller_server/transition_event"
[foxglove_bridge-1] [INFO] [1782970974.225881182] [foxglove_bridge]: Advertising new channel 36 for topic "/speed_limit"
[foxglove_bridge-1] [INFO] [1782970974.226401264] [foxglove_bridge]: Advertising new channel 37 for topic "/map_server/transition_event"
[foxglove_bridge-1] [INFO] [1782970974.226688847] [foxglove_bridge]: Advertising new channel 38 for topic "/local_plan"
[foxglove_bridge-1] [INFO] [1782970974.226914264] [foxglove_bridge]: Advertising new channel 39 for topic "/cmd_vel_nav"
[foxglove_bridge-1] [INFO] [1782970974.227218055] [foxglove_bridge]: Advertising new channel 40 for topic "/planner_server/transition_event"
[foxglove_bridge-1] [INFO] [1782970974.227592638] [foxglove_bridge]: Advertising new channel 41 for topic "/bt_navigator/transition_event"
[foxglove_bridge-1] [INFO] [1782970974.228238888] [foxglove_bridge]: Advertising new channel 42 for topic "/bond"
[foxglove_bridge-1] [INFO] [1782970974.228563387] [foxglove_bridge]: Advertising new channel 43 for topic "/behavior_server/transition_event"
[foxglove_bridge-1] [INFO] [1782970974.228783762] [foxglove_bridge]: Advertising new channel 44 for topic "/amcl_pose"
[foxglove_bridge-1] [INFO] [1782970974.228982262] [foxglove_bridge]: Advertising new channel 45 for topic "/transformed_global_plan"
[foxglove_bridge-1] [INFO] [1782970974.229344428] [foxglove_bridge]: Advertising new channel 46 for topic "/amcl/transition_event"
[foxglove_bridge-1] [INFO] [1782970974.240147167] [foxglove_bridge]: received subscribe request for channel 30 from client 3
[foxglove_bridge-1] [INFO] [1782970974.268072972] [foxglove_bridge]: Created ROS subscription on /map (nav_msgs/msg/OccupancyGrid) for channel 30
[foxglove_bridge-1] [INFO] [1782970974.277282796] [foxglove_bridge]: received subscribe request for channel 30 from client 1
[foxglove_bridge-1] [INFO] [1782970975.924310245] [foxglove_bridge]: publishing connection graph
[foxglove_bridge-1] [INFO] [1782970976.430856646] [foxglove_bridge]: Advertising new channel 47 for topic "/plan"
[foxglove_bridge-1] [INFO] [1782970976.432008520] [foxglove_bridge]: Advertising new channel 48 for topic "/goal_pose"
[foxglove_bridge-1] [INFO] [1782970976.432283686] [foxglove_bridge]: Advertising new channel 49 for topic "/global_costmap/footprint"
[foxglove_bridge-1] [INFO] [1782970976.432458811] [foxglove_bridge]: Advertising new channel 50 for topic "/global_costmap/costmap_updates"
[foxglove_bridge-1] [INFO] [1782970976.432672061] [foxglove_bridge]: Advertising new channel 51 for topic "/global_costmap/costmap"
[foxglove_bridge-1] [INFO] [1782970976.432835894] [foxglove_bridge]: Advertising new channel 52 for topic "/cmd_vel_teleop"
[foxglove_bridge-1] [INFO] [1782970976.433432018] [foxglove_bridge]: Advertising new channel 53 for topic "/preempt_teleop"
[foxglove_bridge-1] [INFO] [1782970976.607584216] [foxglove_bridge]: publishing connection graph
[foxglove_bridge-1] [INFO] [1782970977.143817379] [foxglove_bridge]: publishing connection graph
[foxglove_bridge-1] [INFO] [1782970980.358019148] [foxglove_bridge]: publishing connection graph
[foxglove_bridge-1] [INFO] [1782970980.913019666] [foxglove_bridge]: publishing connection graph
[foxglove_bridge-1] [INFO] [1782970981.456059988] [foxglove_bridge]: publishing connection graph
[foxglove_bridge-1] [INFO] [1782970982.108523241] [foxglove_bridge]: publishing connection graph
[foxglove_bridge-1] [INFO] [1782970982.818695184] [foxglove_bridge]: publishing connection graph
[foxglove_bridge-1] [INFO] [1782970985.055609364] [foxglove_bridge]: publishing connection graph
[foxglove_bridge-1] [INFO] [1782970985.678419021] [foxglove_bridge]: publishing connection graph
[foxglove_bridge-1] [INFO] [1782970986.230991208] [foxglove_bridge]: publishing connection graph
[foxglove_bridge-1] [ERROR] [1782970986.240362032] [foxglove_bridge]: Failed to retrieve parameters from node '/bt_navigator_navigate_to_pose_rclcpp_node': Failed to retrieve parameter names for node '/bt_navigator_navigate_to_pose_rclcpp_node'
[foxglove_bridge-1] [WARN] [1782970986.240546240] [foxglove_bridge]: Adding node /bt_navigator_navigate_to_pose_rclcpp_node to the ignore list to prevent repeated timeouts or failures in future parameter requests.
[foxglove_bridge-1] [ERROR] [1782970986.240660865] [foxglove_bridge]: Failed to retrieve parameters from node '/planner_server': Failed to retrieve parameter names for node '/planner_server'
[foxglove_bridge-1] [WARN] [1782970986.240727573] [foxglove_bridge]: Adding node /planner_server to the ignore list to prevent repeated timeouts or failures in future parameter requests.
[foxglove_bridge-1] [ERROR] [1782970986.242478863] [foxglove_bridge]: Failed to retrieve parameters from node '/bt_navigator_navigate_through_poses_rclcpp_node': Failed to retrieve parameter names for node '/bt_navigator_navigate_through_poses_rclcpp_node'
[foxglove_bridge-1] [WARN] [1782970986.242637988] [foxglove_bridge]: Adding node /bt_navigator_navigate_through_poses_rclcpp_node to the ignore list to prevent repeated timeouts or failures in future parameter requests.
[foxglove_bridge-1] [INFO] [1782970986.244178861] [foxglove_bridge]: received unsubscribe request for channel 3 from client 1
[foxglove_bridge-1] [INFO] [1782970986.244387278] [foxglove_bridge]: received unsubscribe request for channel 2 from client 1
[foxglove_bridge-1] [INFO] [1782970986.244464653] [foxglove_bridge]: received unsubscribe request for channel 5 from client 1
[foxglove_bridge-1] [INFO] [1782970986.244508569] [foxglove_bridge]: Cleaned up ROS subscription for channel 5 (no more subscribers)
[foxglove_bridge-1] [INFO] [1782970986.245361568] [foxglove_bridge]: received unsubscribe request for channel 30 from client 1
[foxglove_bridge-1] [INFO] [1782970986.245515360] [foxglove_bridge]: received subscribe request for channel 3 from client 1
[foxglove_bridge-1] [INFO] [1782970986.245609443] [foxglove_bridge]: received subscribe request for channel 2 from client 1
[foxglove_bridge-1] [INFO] [1782970986.272346833] [foxglove_bridge]: Client ID 1 is advertising "/move_base_simple/goal" (geometry_msgs/PoseStamped) on channel 1 with encoding "cdr"
[foxglove_bridge-1] [INFO] [1782970986.288320108] [foxglove_bridge]: Client ID 1 is advertising "/clicked_point" (geometry_msgs/PointStamped) on channel 2 with encoding "cdr"
[foxglove_bridge-1] [INFO] [1782970986.296250600] [foxglove_bridge]: Client ID 1 is advertising "/initialpose" (geometry_msgs/PoseWithCovarianceStamped) on channel 3 with encoding "cdr"
[foxglove_bridge-1] [INFO] [1782970986.296560808] [foxglove_bridge]: received subscribe request for channel 30 from client 1
[foxglove_bridge-1] [INFO] [1782970986.296881016] [foxglove_bridge]: received subscribe request for channel 5 from client 1
[foxglove_bridge-1] [INFO] [1782970986.305376882] [foxglove_bridge]: Created ROS subscription on /scan (sensor_msgs/msg/LaserScan) for channel 5
[foxglove_bridge-1] [INFO] [1782970986.724677288] [foxglove_bridge]: received unsubscribe request for channel 30 from client 1
[foxglove_bridge-1] [INFO] [1782970986.738681524] [foxglove_bridge]: Advertising new channel 54 for topic "/move_base_simple/goal"
[foxglove_bridge-1] [INFO] [1782970986.739763648] [foxglove_bridge]: Advertising new channel 55 for topic "/clicked_point"
[foxglove_bridge-1] [INFO] [1782970986.786375851] [foxglove_bridge]: publishing connection graph
[foxglove_bridge-1] [INFO] [1782970988.603914207] [foxglove_bridge]: publishing connection graph
[foxglove_bridge-1] [INFO] [1782970990.031689918] [foxglove_bridge]: publishing connection graph
[foxglove_bridge-1] [INFO] [1782970991.472014492] [foxglove_bridge]: publishing connection graph
[foxglove_bridge-1] [INFO] [1782970992.096888230] [foxglove_bridge]: publishing connection graph
[foxglove_bridge-1] [INFO] [1782970992.647314835] [foxglove_bridge]: publishing connection graph
