[INFO] [launch]: All log files can be found below /root/.ros/log/2026-07-02-14-00-04-170323-ubuntu-67111
[INFO] [launch]: Default logging verbosity is set to INFO
[INFO] [foxglove_bridge-1]: process started with pid [67142]
[foxglove_bridge-1] [INFO] [1782972005.303398972] [foxglove_bridge]: Starting foxglove_bridge (humble, 3.3.0@)
[foxglove_bridge-1] [INFO] [1782972005.310701675] [foxglove_bridge]: Server listening on port 8765
[foxglove_bridge-1] [INFO] [1782972005.315017963] [foxglove_bridge]: Advertising new channel 2 for topic "/tf_static"
[foxglove_bridge-1] [INFO] [1782972005.315212921] [foxglove_bridge]: Advertising new channel 3 for topic "/tf"
[foxglove_bridge-1] [INFO] [1782972005.315922879] [foxglove_bridge]: Advertising new channel 4 for topic "/rosout"
[foxglove_bridge-1] [INFO] [1782972005.316745795] [foxglove_bridge]: Advertising new channel 5 for topic "/scan"
[foxglove_bridge-1] [INFO] [1782972005.318125460] [foxglove_bridge]: Advertising new channel 6 for topic "/parameter_events"
[foxglove_bridge-1] [INFO] [1782972005.320349583] [foxglove_bridge]: Advertising new channel 7 for topic "/odom"
[foxglove_bridge-1] [INFO] [1782972005.320873500] [foxglove_bridge]: Advertising new channel 8 for topic "/cmd_vel_sent"
[foxglove_bridge-1] [INFO] [1782972005.320998125] [foxglove_bridge]: Advertising new channel 9 for topic "/scan_filtered"
[foxglove_bridge-1] [INFO] [1782972005.321059125] [foxglove_bridge]: Advertising new channel 10 for topic "/cmd_vel"
[foxglove_bridge-1] [INFO] [1782972005.321505499] [foxglove_bridge]: Advertising new channel 11 for topic "/chassis_bridge_state"
[foxglove_bridge-1] [INFO] [1782972008.984088421] [foxglove_bridge]: received connection graph subscribe request
[foxglove_bridge-1] [INFO] [1782972008.984337296] [foxglove_bridge]: received subscribe request for channel 3 from client 1
[foxglove_bridge-1] [INFO] [1782972008.994516496] [foxglove_bridge]: Created ROS subscription on /tf (tf2_msgs/msg/TFMessage) for channel 3
[foxglove_bridge-1] [INFO] [1782972008.994770663] [foxglove_bridge]: received subscribe request for channel 2 from client 1
[foxglove_bridge-1] [INFO] [1782972008.998002118] [foxglove_bridge]: publishing connection graph
[foxglove_bridge-1] [INFO] [1782972008.998325327] [foxglove_bridge]: Created ROS subscription on /tf_static (tf2_msgs/msg/TFMessage) for channel 2
[foxglove_bridge-1] [INFO] [1782972008.998498368] [foxglove_bridge]: received subscribe request for channel 5 from client 1
[foxglove_bridge-1] [INFO] [1782972009.005232696] [foxglove_bridge]: Created ROS subscription on /scan (sensor_msgs/msg/LaserScan) for channel 5
[foxglove_bridge-1] [INFO] [1782972009.535538560] [foxglove_bridge]: publishing connection graph
[foxglove_bridge-1] [INFO] [1782972010.041058235] [foxglove_bridge]: publishing connection graph
[foxglove_bridge-1] [INFO] [1782972010.147397399] [foxglove_bridge]: received subscribe request for channel 3 from client 3
[foxglove_bridge-1] [INFO] [1782972010.147589066] [foxglove_bridge]: received subscribe request for channel 2 from client 3
[foxglove_bridge-1] [INFO] [1782972010.545271578] [foxglove_bridge]: publishing connection graph
[foxglove_bridge-1] [INFO] [1782972011.126276317] [foxglove_bridge]: publishing connection graph
[foxglove_bridge-1] [INFO] [1782972011.630946826] [foxglove_bridge]: publishing connection graph
[foxglove_bridge-1] [INFO] [1782972012.143756870] [foxglove_bridge]: publishing connection graph
[foxglove_bridge-1] [INFO] [1782972012.648480338] [foxglove_bridge]: publishing connection graph
[foxglove_bridge-1] [ERROR] [1782972015.175384420] [foxglove_bridge]: Failed to retrieve parameters from node '/tf2_echo': Failed to retrieve parameter names for node '/tf2_echo'
[foxglove_bridge-1] [WARN] [1782972015.175560170] [foxglove_bridge]: Adding node /tf2_echo to the ignore list to prevent repeated timeouts or failures in future parameter requests.
[foxglove_bridge-1] [INFO] [1782972015.181429456] [foxglove_bridge]: publishing connection graph
[foxglove_bridge-1] [INFO] [1782972015.685544174] [foxglove_bridge]: publishing connection graph
[foxglove_bridge-1] [INFO] [1782972016.228126610] [foxglove_bridge]: publishing connection graph
[foxglove_bridge-1] [INFO] [1782972018.020121576] [foxglove_bridge]: publishing connection graph
[foxglove_bridge-1] [INFO] [1782972018.524426917] [foxglove_bridge]: Advertising new channel 12 for topic "/smoother_server/transition_event"
[foxglove_bridge-1] [INFO] [1782972018.524891417] [foxglove_bridge]: Advertising new channel 13 for topic "/local_costmap/local_costmap/transition_event"
[foxglove_bridge-1] [INFO] [1782972018.525297500] [foxglove_bridge]: Advertising new channel 14 for topic "/controller_server/transition_event"
[foxglove_bridge-1] [INFO] [1782972019.552838084] [foxglove_bridge]: publishing connection graph
[foxglove_bridge-1] [INFO] [1782972020.058972007] [foxglove_bridge]: Advertising new channel 15 for topic "/waypoint_follower/transition_event"
[foxglove_bridge-1] [INFO] [1782972020.059441382] [foxglove_bridge]: Advertising new channel 16 for topic "/velocity_smoother/transition_event"
[foxglove_bridge-1] [INFO] [1782972020.060856672] [foxglove_bridge]: Advertising new channel 17 for topic "/particle_cloud"
[foxglove_bridge-1] [INFO] [1782972020.064695544] [foxglove_bridge]: Advertising new channel 18 for topic "/map"
[foxglove_bridge-1] [INFO] [1782972020.065940085] [foxglove_bridge]: Advertising new channel 19 for topic "/local_costmap/footprint"
[foxglove_bridge-1] [INFO] [1782972020.066339959] [foxglove_bridge]: Advertising new channel 20 for topic "/global_costmap/global_costmap/transition_event"
[foxglove_bridge-1] [INFO] [1782972020.067819667] [foxglove_bridge]: Advertising new channel 21 for topic "/diagnostics"
[foxglove_bridge-1] [INFO] [1782972020.069051332] [foxglove_bridge]: Advertising new channel 22 for topic "/plan_smoothed"
[foxglove_bridge-1] [INFO] [1782972020.070098540] [foxglove_bridge]: Advertising new channel 23 for topic "/speed_limit"
[foxglove_bridge-1] [INFO] [1782972020.070462039] [foxglove_bridge]: Advertising new channel 24 for topic "/map_server/transition_event"
[foxglove_bridge-1] [INFO] [1782972020.070787122] [foxglove_bridge]: Advertising new channel 25 for topic "/bt_navigator/transition_event"
[foxglove_bridge-1] [INFO] [1782972020.071786913] [foxglove_bridge]: Advertising new channel 26 for topic "/initialpose"
[foxglove_bridge-1] [INFO] [1782972020.072574163] [foxglove_bridge]: Advertising new channel 27 for topic "/bond"
[foxglove_bridge-1] [INFO] [1782972020.073002246] [foxglove_bridge]: Advertising new channel 28 for topic "/behavior_server/transition_event"
[foxglove_bridge-1] [INFO] [1782972020.073347162] [foxglove_bridge]: Advertising new channel 29 for topic "/amcl_pose"
[foxglove_bridge-1] [INFO] [1782972020.073766620] [foxglove_bridge]: Advertising new channel 30 for topic "/planner_server/transition_event"
[foxglove_bridge-1] [INFO] [1782972020.074086578] [foxglove_bridge]: Advertising new channel 31 for topic "/amcl/transition_event"
[foxglove_bridge-1] [INFO] [1782972020.090975398] [foxglove_bridge]: received subscribe request for channel 18 from client 3
[foxglove_bridge-1] [INFO] [1782972020.144560271] [foxglove_bridge]: Created ROS subscription on /map (nav_msgs/msg/OccupancyGrid) for channel 18
[foxglove_bridge-1] [INFO] [1782972023.385850684] [foxglove_bridge]: publishing connection graph
[foxglove_bridge-1] [INFO] [1782972023.891874065] [foxglove_bridge]: Advertising new channel 32 for topic "/plan"
[foxglove_bridge-1] [INFO] [1782972023.892236314] [foxglove_bridge]: Advertising new channel 33 for topic "/received_global_plan"
[foxglove_bridge-1] [INFO] [1782972023.892468314] [foxglove_bridge]: Advertising new channel 34 for topic "/transformed_global_plan"
[foxglove_bridge-1] [INFO] [1782972023.893592355] [foxglove_bridge]: Advertising new channel 35 for topic "/local_costmap/published_footprint"
[foxglove_bridge-1] [INFO] [1782972023.894427271] [foxglove_bridge]: Advertising new channel 36 for topic "/local_costmap/costmap_raw"
[foxglove_bridge-1] [INFO] [1782972023.895814478] [foxglove_bridge]: Advertising new channel 37 for topic "/local_costmap/clearing_endpoints"
[foxglove_bridge-1] [INFO] [1782972023.896124311] [foxglove_bridge]: Advertising new channel 38 for topic "/global_costmap/published_footprint"
[foxglove_bridge-1] [INFO] [1782972023.896345894] [foxglove_bridge]: Advertising new channel 39 for topic "/local_plan"
[foxglove_bridge-1] [INFO] [1782972023.897067144] [foxglove_bridge]: Advertising new channel 40 for topic "/goal_pose"
[foxglove_bridge-1] [INFO] [1782972023.897265685] [foxglove_bridge]: Advertising new channel 41 for topic "/global_costmap/footprint"
[foxglove_bridge-1] [INFO] [1782972023.897846852] [foxglove_bridge]: Advertising new channel 42 for topic "/global_costmap/costmap_updates"
[foxglove_bridge-1] [INFO] [1782972023.898111351] [foxglove_bridge]: Advertising new channel 43 for topic "/global_costmap/costmap_raw"
[foxglove_bridge-1] [INFO] [1782972023.898897017] [foxglove_bridge]: Advertising new channel 44 for topic "/local_costmap/voxel_grid"
[foxglove_bridge-1] [INFO] [1782972023.899177309] [foxglove_bridge]: Advertising new channel 45 for topic "/global_costmap/costmap"
[foxglove_bridge-1] [INFO] [1782972023.899410267] [foxglove_bridge]: Advertising new channel 46 for topic "/local_costmap/costmap"
[foxglove_bridge-1] [INFO] [1782972023.902205223] [foxglove_bridge]: Advertising new channel 47 for topic "/evaluation"
[foxglove_bridge-1] [INFO] [1782972023.902578348] [foxglove_bridge]: Advertising new channel 48 for topic "/cost_cloud"
[foxglove_bridge-1] [INFO] [1782972023.905717553] [foxglove_bridge]: Advertising new channel 49 for topic "/marker"
[foxglove_bridge-1] [INFO] [1782972023.906044637] [foxglove_bridge]: Advertising new channel 50 for topic "/cmd_vel_teleop"
[foxglove_bridge-1] [INFO] [1782972023.906251553] [foxglove_bridge]: Advertising new channel 51 for topic "/cmd_vel_nav"
[foxglove_bridge-1] [INFO] [1782972023.906560844] [foxglove_bridge]: Advertising new channel 52 for topic "/local_costmap/costmap_updates"
[foxglove_bridge-1] [INFO] [1782972023.907139969] [foxglove_bridge]: Advertising new channel 53 for topic "/preempt_teleop"
[foxglove_bridge-1] [INFO] [1782972024.120705421] [foxglove_bridge]: publishing connection graph
[foxglove_bridge-1] [INFO] [1782972024.664364812] [foxglove_bridge]: publishing connection graph
[foxglove_bridge-1] [INFO] [1782972025.242793718] [foxglove_bridge]: publishing connection graph
[foxglove_bridge-1] [INFO] [1782972025.862004090] [foxglove_bridge]: publishing connection graph
[foxglove_bridge-1] [INFO] [1782972027.820047040] [foxglove_bridge]: publishing connection graph
[foxglove_bridge-1] [INFO] [1782972028.363025473] [foxglove_bridge]: publishing connection graph
[foxglove_bridge-1] [ERROR] [1782972030.119510086] [foxglove_bridge]: Failed to retrieve parameters from node '/bt_navigator_navigate_to_pose_rclcpp_node': Failed to retrieve parameter names for node '/bt_navigator_navigate_to_pose_rclcpp_node'
[foxglove_bridge-1] [WARN] [1782972030.119715419] [foxglove_bridge]: Adding node /bt_navigator_navigate_to_pose_rclcpp_node to the ignore list to prevent repeated timeouts or failures in future parameter requests.
[foxglove_bridge-1] [ERROR] [1782972030.204999100] [foxglove_bridge]: Failed to retrieve parameters from node '/bt_navigator_navigate_through_poses_rclcpp_node': Failed to retrieve parameter names for node '/bt_navigator_navigate_through_poses_rclcpp_node'
[foxglove_bridge-1] [WARN] [1782972030.205177350] [foxglove_bridge]: Adding node /bt_navigator_navigate_through_poses_rclcpp_node to the ignore list to prevent repeated timeouts or failures in future parameter requests.
[foxglove_bridge-1] [ERROR] [1782972030.207166765] [foxglove_bridge]: Failed to retrieve parameters from node '/planner_server': Failed to retrieve parameter names for node '/planner_server'
[foxglove_bridge-1] [WARN] [1782972030.207327640] [foxglove_bridge]: Adding node /planner_server to the ignore list to prevent repeated timeouts or failures in future parameter requests.
[foxglove_bridge-1] [INFO] [1782972030.264047719] [foxglove_bridge]: publishing connection graph
[foxglove_bridge-1] [INFO] [1782972030.973200558] [foxglove_bridge]: publishing connection graph
[foxglove_bridge-1] [INFO] [1782972031.517122782] [foxglove_bridge]: publishing connection graph
[foxglove_bridge-1] [INFO] [1782972032.494359194] [foxglove_bridge]: publishing connection graph
[foxglove_bridge-1] [INFO] [1782972033.176682597] [foxglove_bridge]: publishing connection graph
[foxglove_bridge-1] [INFO] [1782972033.868471741] [foxglove_bridge]: publishing connection graph
[foxglove_bridge-1] [INFO] [1782972034.408952092] [foxglove_bridge]: publishing connection graph
[foxglove_bridge-1] [INFO] [1782972037.471498136] [foxglove_bridge]: publishing connection graph
[foxglove_bridge-1] [INFO] [1782972038.061882112] [foxglove_bridge]: publishing connection graph
[foxglove_bridge-1] [INFO] [1782972039.257296719] [foxglove_bridge]: publishing connection graph
[foxglove_bridge-1] [INFO] [1782972039.802889857] [foxglove_bridge]: publishing connection graph
[foxglove_bridge-1] [INFO] [1782972040.353091491] [foxglove_bridge]: publishing connection graph
[foxglove_bridge-1] [INFO] [1782972040.931426351] [foxglove_bridge]: publishing connection graph
[foxglove_bridge-1] [INFO] [1782972041.440501352] [foxglove_bridge]: Advertising new channel 54 for topic "/behavior_tree_log"
[foxglove_bridge-1] [INFO] [1782972041.502021177] [foxglove_bridge]: publishing connection graph
[foxglove_bridge-1] [INFO] [1782972042.055828474] [foxglove_bridge]: publishing connection graph
[foxglove_bridge-1] [INFO] [1782972044.632144949] [foxglove_bridge]: publishing connection graph
[foxglove_bridge-1] [INFO] [1782972047.299610681] [foxglove_bridge]: publishing connection graph
[foxglove_bridge-1] [INFO] [1782972047.852122312] [foxglove_bridge]: publishing connection graph
[foxglove_bridge-1] [INFO] [1782972049.891093599] [foxglove_bridge]: publishing connection graph
[foxglove_bridge-1] [INFO] [1782972050.906414141] [foxglove_bridge]: publishing connection graph
[foxglove_bridge-1] [INFO] [1782972051.536023916] [foxglove_bridge]: publishing connection graph
[foxglove_bridge-1] [INFO] [1782972052.196668790] [foxglove_bridge]: publishing connection graph
[foxglove_bridge-1] [INFO] [1782972052.759758203] [foxglove_bridge]: publishing connection graph
[foxglove_bridge-1] [INFO] [1782972054.845868114] [foxglove_bridge]: publishing connection graph
[foxglove_bridge-1] [INFO] [1782972055.499879410] [foxglove_bridge]: publishing connection graph
[foxglove_bridge-1] [INFO] [1782972056.067626443] [foxglove_bridge]: publishing connection graph
[foxglove_bridge-1] [INFO] [1782972056.667028742] [foxglove_bridge]: publishing connection graph
[foxglove_bridge-1] [INFO] [1782972057.221713452] [foxglove_bridge]: publishing connection graph
[foxglove_bridge-1] [INFO] [1782972059.565104565] [foxglove_bridge]: publishing connection graph
[foxglove_bridge-1] [INFO] [1782972060.150477042] [foxglove_bridge]: publishing connection graph
[foxglove_bridge-1] [INFO] [1782972060.709401540] [foxglove_bridge]: publishing connection graph
[foxglove_bridge-1] [INFO] [1782972064.343971544] [foxglove_bridge]: publishing connection graph
[foxglove_bridge-1] [INFO] [1782972065.200920253] [foxglove_bridge]: publishing connection graph
[foxglove_bridge-1] [INFO] [1782972065.755039213] [foxglove_bridge]: publishing connection graph
[foxglove_bridge-1] [INFO] [1782972068.608615981] [foxglove_bridge]: publishing connection graph
[foxglove_bridge-1] [INFO] [1782972069.531812802] [foxglove_bridge]: publishing connection graph
[foxglove_bridge-1] [INFO] [1782972070.117118110] [foxglove_bridge]: publishing connection graph
[foxglove_bridge-1] [INFO] [1782972073.614486592] [foxglove_bridge]: publishing connection graph
[foxglove_bridge-1] [INFO] [1782972074.364510971] [foxglove_bridge]: publishing connection graph
[foxglove_bridge-1] [INFO] [1782972078.859251496] [foxglove_bridge]: publishing connection graph
[foxglove_bridge-1] [INFO] [1782972079.497080300] [foxglove_bridge]: publishing connection graph
[foxglove_bridge-1] [INFO] [1782972080.191100641] [foxglove_bridge]: publishing connection graph
[foxglove_bridge-1] [INFO] [1782972080.753433757] [foxglove_bridge]: publishing connection graph
[foxglove_bridge-1] [INFO] [1782972082.911397341] [foxglove_bridge]: publishing connection graph
[foxglove_bridge-1] [INFO] [1782972083.775234873] [foxglove_bridge]: publishing connection graph
[foxglove_bridge-1] [INFO] [1782972086.816068386] [foxglove_bridge]: publishing connection graph
[foxglove_bridge-1] [INFO] [1782972087.444184989] [foxglove_bridge]: publishing connection graph
[foxglove_bridge-1] [ERROR] [1782972090.185466498] [foxglove_bridge]: Failed to retrieve parameters from node '/local_costmap/local_costmap': Timed out waiting for 59 parameter(s) from node '/local_costmap/local_costmap'
[foxglove_bridge-1] [WARN] [1782972090.185672040] [foxglove_bridge]: Adding node /local_costmap/local_costmap to the ignore list to prevent repeated timeouts or failures in future parameter requests.
[foxglove_bridge-1] [ERROR] [1782972090.186883789] [foxglove_bridge]: Failed to retrieve parameters from node '/bt_navigator': Timed out waiting for 23 parameter(s) from node '/bt_navigator'
[foxglove_bridge-1] [WARN] [1782972090.187017664] [foxglove_bridge]: Adding node /bt_navigator to the ignore list to prevent repeated timeouts or failures in future parameter requests.
[foxglove_bridge-1] [ERROR] [1782972090.187561038] [foxglove_bridge]: Failed to retrieve parameters from node '/waypoint_follower': Timed out waiting for 8 parameter(s) from node '/waypoint_follower'
[foxglove_bridge-1] [WARN] [1782972090.187822788] [foxglove_bridge]: Adding node /waypoint_follower to the ignore list to prevent repeated timeouts or failures in future parameter requests.
[foxglove_bridge-1] [ERROR] [1782972090.194013408] [foxglove_bridge]: Failed to retrieve parameters from node '/m1_pwm_cmd_vel_bridge': Timed out waiting for 1 parameter(s) from node '/m1_pwm_cmd_vel_bridge'
[foxglove_bridge-1] [WARN] [1782972090.194192408] [foxglove_bridge]: Adding node /m1_pwm_cmd_vel_bridge to the ignore list to prevent repeated timeouts or failures in future parameter requests.
[foxglove_bridge-1] [ERROR] [1782972090.194631824] [foxglove_bridge]: Failed to retrieve parameters from node '/lifecycle_manager_navigation': Failed to retrieve parameter names for node '/lifecycle_manager_navigation'
[foxglove_bridge-1] [WARN] [1782972090.194744491] [foxglove_bridge]: Adding node /lifecycle_manager_navigation to the ignore list to prevent repeated timeouts or failures in future parameter requests.
[foxglove_bridge-1] [ERROR] [1782972090.195102324] [foxglove_bridge]: Failed to retrieve parameters from node '/velocity_smoother': Failed to retrieve parameter names for node '/velocity_smoother'
[foxglove_bridge-1] [WARN] [1782972090.195182448] [foxglove_bridge]: Adding node /velocity_smoother to the ignore list to prevent repeated timeouts or failures in future parameter requests.
[foxglove_bridge-1] [ERROR] [1782972090.195340198] [foxglove_bridge]: Failed to retrieve parameters from node '/amcl': Failed to retrieve parameter names for node '/amcl'
[foxglove_bridge-1] [WARN] [1782972090.195394823] [foxglove_bridge]: Adding node /amcl to the ignore list to prevent repeated timeouts or failures in future parameter requests.
[foxglove_bridge-1] [ERROR] [1782972090.195539115] [foxglove_bridge]: Failed to retrieve parameters from node '/smoother_server': Timed out waiting for 13 parameter(s) from node '/smoother_server'
[foxglove_bridge-1] [WARN] [1782972090.196915780] [foxglove_bridge]: Adding node /smoother_server to the ignore list to prevent repeated timeouts or failures in future parameter requests.
[foxglove_bridge-1] [ERROR] [1782972090.197482447] [foxglove_bridge]: Failed to retrieve parameters from node '/lifecycle_manager_localization': Timed out waiting for 13 parameter(s) from node '/lifecycle_manager_localization'
[foxglove_bridge-1] [WARN] [1782972090.197628321] [foxglove_bridge]: Adding node /lifecycle_manager_localization to the ignore list to prevent repeated timeouts or failures in future parameter requests.
[foxglove_bridge-1] [INFO] [1782972090.536088165] [foxglove_bridge]: publishing connection graph
[foxglove_bridge-1] [INFO] [1782972091.155205982] [foxglove_bridge]: publishing connection graph
[foxglove_bridge-1] [INFO] [1782972091.728208046] [foxglove_bridge]: publishing connection graph
[foxglove_bridge-1] [INFO] [1782972094.602455733] [foxglove_bridge]: publishing connection graph
[foxglove_bridge-1] [INFO] [1782972095.274145339] [foxglove_bridge]: publishing connection graph
[foxglove_bridge-1] [ERROR] [1782972095.297844194] [foxglove_bridge]: Failed to retrieve parameters from node '/simple_scan_filter': Failed to retrieve parameter names for node '/simple_scan_filter'
[foxglove_bridge-1] [WARN] [1782972095.298057111] [foxglove_bridge]: Adding node /simple_scan_filter to the ignore list to prevent repeated timeouts or failures in future parameter requests.
[foxglove_bridge-1] [ERROR] [1782972098.687155656] [foxglove_bridge]: Failed to retrieve parameters from node '/static_transform_publisher_Pt3fZUm5iKr1LaC9': Timed out waiting for 17 parameter(s) from node '/static_transform_publisher_Pt3fZUm5iKr1LaC9'
[foxglove_bridge-1] [WARN] [1782972098.687362072] [foxglove_bridge]: Adding node /static_transform_publisher_Pt3fZUm5iKr1LaC9 to the ignore list to prevent repeated timeouts or failures in future parameter requests.
[foxglove_bridge-1] [ERROR] [1782972098.687545322] [foxglove_bridge]: Failed to retrieve parameters from node '/global_costmap/global_costmap': Failed to retrieve parameter names for node '/global_costmap/global_costmap'
[foxglove_bridge-1] [WARN] [1782972098.687608322] [foxglove_bridge]: Adding node /global_costmap/global_costmap to the ignore list to prevent repeated timeouts or failures in future parameter requests.
[foxglove_bridge-1] [ERROR] [1782972104.877740311] [foxglove_bridge]: Failed to retrieve parameters from node '/ydlidar_ros2_driver_node': Timed out waiting for 27 parameter(s) from node '/ydlidar_ros2_driver_node'
[foxglove_bridge-1] [WARN] [1782972104.877941060] [foxglove_bridge]: Adding node /ydlidar_ros2_driver_node to the ignore list to prevent repeated timeouts or failures in future parameter requests.
[foxglove_bridge-1] [ERROR] [1782972104.878042977] [foxglove_bridge]: Failed to retrieve parameters from node '/map_server': Failed to retrieve parameter names for node '/map_server'
[foxglove_bridge-1] [WARN] [1782972104.878092685] [foxglove_bridge]: Adding node /map_server to the ignore list to prevent repeated timeouts or failures in future parameter requests.
[foxglove_bridge-1] [ERROR] [1782972104.878162019] [foxglove_bridge]: Failed to retrieve parameters from node '/behavior_server': Failed to retrieve parameter names for node '/behavior_server'
[foxglove_bridge-1] [WARN] [1782972104.878206477] [foxglove_bridge]: Adding node /behavior_server to the ignore list to prevent repeated timeouts or failures in future parameter requests.
[foxglove_bridge-1] [ERROR] [1782972104.878274477] [foxglove_bridge]: Failed to retrieve parameters from node '/controller_server': Timed out waiting for 91 parameter(s) from node '/controller_server'
[foxglove_bridge-1] [WARN] [1782972104.878320977] [foxglove_bridge]: Adding node /controller_server to the ignore list to prevent repeated timeouts or failures in future parameter requests.
[foxglove_bridge-1] [INFO] [1782972106.792282998] [foxglove_bridge]: publishing connection graph
[foxglove_bridge-1] [INFO] [1782972109.582100326] [foxglove_bridge]: publishing connection graph
[foxglove_bridge-1] [INFO] [1782972110.204445887] [foxglove_bridge]: publishing connection graph
[foxglove_bridge-1] [INFO] [1782972197.333190121] [foxglove_bridge]: publishing connection graph
[foxglove_bridge-1] [INFO] [1782972201.508356009] [foxglove_bridge]: publishing connection graph
[foxglove_bridge-1] [INFO] [1782972202.128865264] [foxglove_bridge]: publishing connection graph
[foxglove_bridge-1] [ERROR] [1782972206.634595027] [foxglove_bridge]: Failed to retrieve parameters from node '/_ros2cli_send_goal_nav2_msgs_action_NavigateToPose': Failed to retrieve parameter names for node '/_ros2cli_send_goal_nav2_msgs_action_NavigateToPose'
[foxglove_bridge-1] [WARN] [1782972206.635635401] [foxglove_bridge]: Adding node /_ros2cli_send_goal_nav2_msgs_action_NavigateToPose to the ignore list to prevent repeated timeouts or failures in future parameter requests.
[foxglove_bridge-1] [INFO] [1782972344.917332288] [foxglove_bridge]: publishing connection graph
[foxglove_bridge-1] [INFO] [1782972345.427515536] [foxglove_bridge]: Removing channel 11 for topic "/chassis_bridge_state" (std_msgs/msg/String)
[foxglove_bridge-1] [INFO] [1782972345.432351448] [foxglove_bridge]: Removing channel 8 for topic "/cmd_vel_sent" (geometry_msgs/msg/Twist)
[foxglove_bridge-1] [INFO] [1782972345.525139531] [foxglove_bridge]: publishing connection graph
[foxglove_bridge-1] [INFO] [1782972346.127868612] [foxglove_bridge]: publishing connection graph
[foxglove_bridge-1] [INFO] [1782972346.677116866] [foxglove_bridge]: publishing connection graph
[foxglove_bridge-1] [INFO] [1782972363.830300924] [foxglove_bridge]: Removing channel 23 for topic "/speed_limit" (nav2_msgs/msg/SpeedLimit)
[foxglove_bridge-1] [INFO] [1782972363.873926759] [foxglove_bridge]: publishing connection graph
[foxglove_bridge-1] [INFO] [1782972364.380387842] [foxglove_bridge]: Removing channel 54 for topic "/behavior_tree_log" (nav2_msgs/msg/BehaviorTreeLog)
[foxglove_bridge-1] [INFO] [1782972364.380573008] [foxglove_bridge]: Removing channel 52 for topic "/local_costmap/costmap_updates" (map_msgs/msg/OccupancyGridUpdate)
[foxglove_bridge-1] [INFO] [1782972364.380660591] [foxglove_bridge]: Removing channel 49 for topic "/marker" (visualization_msgs/msg/MarkerArray)
[foxglove_bridge-1] [INFO] [1782972364.380718133] [foxglove_bridge]: Removing channel 48 for topic "/cost_cloud" (sensor_msgs/msg/PointCloud2)
[foxglove_bridge-1] [INFO] [1782972364.380764091] [foxglove_bridge]: Removing channel 47 for topic "/evaluation" (dwb_msgs/msg/LocalPlanEvaluation)
[foxglove_bridge-1] [INFO] [1782972364.380808341] [foxglove_bridge]: Removing channel 46 for topic "/local_costmap/costmap" (nav_msgs/msg/OccupancyGrid)
[foxglove_bridge-1] [INFO] [1782972364.380854091] [foxglove_bridge]: Removing channel 44 for topic "/local_costmap/voxel_grid" (nav2_msgs/msg/VoxelGrid)
[foxglove_bridge-1] [INFO] [1782972364.380905841] [foxglove_bridge]: Removing channel 40 for topic "/goal_pose" (geometry_msgs/msg/PoseStamped)
[foxglove_bridge-1] [INFO] [1782972364.380947883] [foxglove_bridge]: Removing channel 39 for topic "/local_plan" (nav_msgs/msg/Path)
[foxglove_bridge-1] [INFO] [1782972364.380993924] [foxglove_bridge]: Removing channel 37 for topic "/local_costmap/clearing_endpoints" (sensor_msgs/msg/PointCloud2)
[foxglove_bridge-1] [INFO] [1782972364.381046383] [foxglove_bridge]: Removing channel 34 for topic "/transformed_global_plan" (nav_msgs/msg/Path)
[foxglove_bridge-1] [INFO] [1782972364.381089341] [foxglove_bridge]: Removing channel 33 for topic "/received_global_plan" (nav_msgs/msg/Path)
[foxglove_bridge-1] [INFO] [1782972364.381141591] [foxglove_bridge]: Removing channel 14 for topic "/controller_server/transition_event" (lifecycle_msgs/msg/TransitionEvent)
[foxglove_bridge-1] [INFO] [1782972364.381187757] [foxglove_bridge]: Removing channel 13 for topic "/local_costmap/local_costmap/transition_event" (lifecycle_msgs/msg/TransitionEvent)
[foxglove_bridge-1] [INFO] [1782972364.381244507] [foxglove_bridge]: Removing channel 7 for topic "/odom" (nav_msgs/msg/Odometry)
[foxglove_bridge-1] [INFO] [1782972364.381316799] [foxglove_bridge]: Removing channel 19 for topic "/local_costmap/footprint" (geometry_msgs/msg/Polygon)
[foxglove_bridge-1] [INFO] [1782972364.381374591] [foxglove_bridge]: Removing channel 25 for topic "/bt_navigator/transition_event" (lifecycle_msgs/msg/TransitionEvent)
[foxglove_bridge-1] [INFO] [1782972364.412776229] [foxglove_bridge]: publishing connection graph
[foxglove_bridge-1] [INFO] [1782972367.097937083] [foxglove_bridge]: publishing connection graph
[foxglove_bridge-1] [INFO] [1782972367.645722794] [foxglove_bridge]: publishing connection graph
