[INFO] [1782971997.161240062] [simple_scan_filter]: filter /scan -> /scan_filtered, keep=[0.18, 4.00], isolated_window=2, isolated_delta=0.25, min_support_neighbors=1
[INFO] [1782972001.987365642] [simple_scan_filter]: scan stats: n=404, zeros=108, nan=0, inf=0, finite_raw=296, finite_out=224, removed_isolated=6
[INFO] [1782972014.083219636] [simple_scan_filter]: scan stats: n=404, zeros=106, nan=0, inf=0, finite_raw=298, finite_out=221, removed_isolated=8
[INFO] [1782972019.096248246] [simple_scan_filter]: scan stats: n=404, zeros=106, nan=0, inf=0, finite_raw=298, finite_out=222, removed_isolated=6
[INFO] [1782972024.082873660] [simple_scan_filter]: scan stats: n=404, zeros=115, nan=0, inf=0, finite_raw=289, finite_out=221, removed_isolated=5
[INFO] [1782972029.075420936] [simple_scan_filter]: scan stats: n=404, zeros=106, nan=0, inf=0, finite_raw=298, finite_out=225, removed_isolated=5
[INFO] [1782972034.074663490] [simple_scan_filter]: scan stats: n=404, zeros=111, nan=0, inf=0, finite_raw=293, finite_out=221, removed_isolated=8
[INFO] [1782972039.081708029] [simple_scan_filter]: scan stats: n=404, zeros=113, nan=0, inf=0, finite_raw=291, finite_out=220, removed_isolated=7
[INFO] [1782972044.070206326] [simple_scan_filter]: scan stats: n=404, zeros=108, nan=0, inf=0, finite_raw=296, finite_out=221, removed_isolated=8
[INFO] [1782972049.076994433] [simple_scan_filter]: scan stats: n=404, zeros=113, nan=0, inf=0, finite_raw=291, finite_out=211, removed_isolated=15
[INFO] [1782972054.060999759] [simple_scan_filter]: scan stats: n=404, zeros=111, nan=0, inf=0, finite_raw=293, finite_out=215, removed_isolated=13
[INFO] [1782972059.061042397] [simple_scan_filter]: scan stats: n=404, zeros=116, nan=0, inf=0, finite_raw=288, finite_out=218, removed_isolated=8
[INFO] [1782972064.137013923] [simple_scan_filter]: scan stats: n=404, zeros=106, nan=0, inf=0, finite_raw=298, finite_out=221, removed_isolated=10
[INFO] [1782972069.056257403] [simple_scan_filter]: scan stats: n=404, zeros=106, nan=0, inf=0, finite_raw=298, finite_out=221, removed_isolated=10
[INFO] [1782972074.052017604] [simple_scan_filter]: scan stats: n=404, zeros=112, nan=0, inf=0, finite_raw=292, finite_out=219, removed_isolated=8
[INFO] [1782972079.054863542] [simple_scan_filter]: scan stats: n=404, zeros=107, nan=0, inf=0, finite_raw=297, finite_out=220, removed_isolated=9
[INFO] [1782972084.047975438] [simple_scan_filter]: scan stats: n=404, zeros=109, nan=0, inf=0, finite_raw=295, finite_out=223, removed_isolated=6
[INFO] [1782972089.043079116] [simple_scan_filter]: scan stats: n=404, zeros=107, nan=0, inf=0, finite_raw=297, finite_out=221, removed_isolated=6
[INFO] [1782972094.041401784] [simple_scan_filter]: scan stats: n=404, zeros=109, nan=0, inf=0, finite_raw=295, finite_out=220, removed_isolated=5
[INFO] [1782972099.037649030] [simple_scan_filter]: scan stats: n=404, zeros=116, nan=0, inf=0, finite_raw=288, finite_out=217, removed_isolated=7
[INFO] [1782972104.035369933] [simple_scan_filter]: scan stats: n=404, zeros=106, nan=0, inf=0, finite_raw=298, finite_out=226, removed_isolated=6
[INFO] [1782972109.039419114] [simple_scan_filter]: scan stats: n=404, zeros=110, nan=0, inf=0, finite_raw=294, finite_out=221, removed_isolated=9
[INFO] [1782972114.032513298] [simple_scan_filter]: scan stats: n=404, zeros=102, nan=0, inf=0, finite_raw=302, finite_out=223, removed_isolated=8
[INFO] [1782972119.031033761] [simple_scan_filter]: scan stats: n=404, zeros=107, nan=0, inf=0, finite_raw=297, finite_out=220, removed_isolated=5
[INFO] [1782972124.021621806] [simple_scan_filter]: scan stats: n=404, zeros=107, nan=0, inf=0, finite_raw=297, finite_out=223, removed_isolated=6
[INFO] [1782972129.023140960] [simple_scan_filter]: scan stats: n=404, zeros=110, nan=0, inf=0, finite_raw=294, finite_out=225, removed_isolated=5
[INFO] [1782972134.021513734] [simple_scan_filter]: scan stats: n=404, zeros=114, nan=0, inf=0, finite_raw=290, finite_out=215, removed_isolated=9
[INFO] [1782972139.020434959] [simple_scan_filter]: scan stats: n=404, zeros=111, nan=0, inf=0, finite_raw=293, finite_out=221, removed_isolated=6
[INFO] [1782972144.010745475] [simple_scan_filter]: scan stats: n=404, zeros=111, nan=0, inf=0, finite_raw=293, finite_out=218, removed_isolated=9
[INFO] [1782972149.004823731] [simple_scan_filter]: scan stats: n=404, zeros=114, nan=0, inf=0, finite_raw=290, finite_out=215, removed_isolated=9
[INFO] [1782972154.005581474] [simple_scan_filter]: scan stats: n=404, zeros=115, nan=0, inf=0, finite_raw=289, finite_out=219, removed_isolated=8
[INFO] [1782972158.997811258] [simple_scan_filter]: scan stats: n=404, zeros=116, nan=0, inf=0, finite_raw=288, finite_out=221, removed_isolated=7
[INFO] [1782972163.995625947] [simple_scan_filter]: scan stats: n=404, zeros=108, nan=0, inf=0, finite_raw=296, finite_out=219, removed_isolated=7
[INFO] [1782972168.997465459] [simple_scan_filter]: scan stats: n=404, zeros=111, nan=0, inf=0, finite_raw=293, finite_out=221, removed_isolated=8
[INFO] [1782972173.998956672] [simple_scan_filter]: scan stats: n=404, zeros=101, nan=0, inf=0, finite_raw=303, finite_out=223, removed_isolated=9
[INFO] [1782972178.993929300] [simple_scan_filter]: scan stats: n=404, zeros=109, nan=0, inf=0, finite_raw=295, finite_out=216, removed_isolated=10
[INFO] [1782972183.993880751] [simple_scan_filter]: scan stats: n=404, zeros=110, nan=0, inf=0, finite_raw=294, finite_out=217, removed_isolated=10
[INFO] [1782972188.983747703] [simple_scan_filter]: scan stats: n=404, zeros=109, nan=0, inf=0, finite_raw=295, finite_out=213, removed_isolated=12
[INFO] [1782972193.982079724] [simple_scan_filter]: scan stats: n=404, zeros=104, nan=0, inf=0, finite_raw=300, finite_out=218, removed_isolated=11
[INFO] [1782972198.971659954] [simple_scan_filter]: scan stats: n=404, zeros=113, nan=0, inf=0, finite_raw=291, finite_out=225, removed_isolated=5
[INFO] [1782972203.980285994] [simple_scan_filter]: scan stats: n=404, zeros=115, nan=0, inf=0, finite_raw=289, finite_out=221, removed_isolated=7
[INFO] [1782972208.969204002] [simple_scan_filter]: scan stats: n=404, zeros=107, nan=0, inf=0, finite_raw=297, finite_out=219, removed_isolated=8
[INFO] [1782972213.968660245] [simple_scan_filter]: scan stats: n=404, zeros=105, nan=0, inf=0, finite_raw=299, finite_out=218, removed_isolated=11
[INFO] [1782972218.957312115] [simple_scan_filter]: scan stats: n=404, zeros=107, nan=0, inf=0, finite_raw=297, finite_out=216, removed_isolated=12
[INFO] [1782972223.954223137] [simple_scan_filter]: scan stats: n=404, zeros=101, nan=0, inf=0, finite_raw=303, finite_out=222, removed_isolated=9
[INFO] [1782972228.954018234] [simple_scan_filter]: scan stats: n=404, zeros=105, nan=0, inf=0, finite_raw=299, finite_out=217, removed_isolated=12
[INFO] [1782972233.951924034] [simple_scan_filter]: scan stats: n=404, zeros=107, nan=0, inf=0, finite_raw=297, finite_out=218, removed_isolated=10
[INFO] [1782972238.946586247] [simple_scan_filter]: scan stats: n=404, zeros=115, nan=0, inf=0, finite_raw=289, finite_out=218, removed_isolated=8
[INFO] [1782972243.948323238] [simple_scan_filter]: scan stats: n=404, zeros=111, nan=0, inf=0, finite_raw=293, finite_out=222, removed_isolated=6
[INFO] [1782972248.945977018] [simple_scan_filter]: scan stats: n=404, zeros=103, nan=0, inf=0, finite_raw=301, finite_out=221, removed_isolated=9
[INFO] [1782972253.940085837] [simple_scan_filter]: scan stats: n=404, zeros=112, nan=0, inf=0, finite_raw=292, finite_out=215, removed_isolated=11
[INFO] [1782972258.929836152] [simple_scan_filter]: scan stats: n=404, zeros=112, nan=0, inf=0, finite_raw=292, finite_out=216, removed_isolated=10
[INFO] [1782972263.926370497] [simple_scan_filter]: scan stats: n=404, zeros=104, nan=0, inf=0, finite_raw=300, finite_out=223, removed_isolated=6
[INFO] [1782972268.933679367] [simple_scan_filter]: scan stats: n=404, zeros=106, nan=0, inf=0, finite_raw=298, finite_out=221, removed_isolated=6
[INFO] [1782972273.932676405] [simple_scan_filter]: scan stats: n=404, zeros=112, nan=0, inf=0, finite_raw=292, finite_out=213, removed_isolated=14
[INFO] [1782972278.921391904] [simple_scan_filter]: scan stats: n=404, zeros=117, nan=0, inf=0, finite_raw=287, finite_out=213, removed_isolated=10
[INFO] [1782972283.913771143] [simple_scan_filter]: scan stats: n=404, zeros=109, nan=0, inf=0, finite_raw=295, finite_out=218, removed_isolated=10
[INFO] [1782972288.921069488] [simple_scan_filter]: scan stats: n=404, zeros=112, nan=0, inf=0, finite_raw=292, finite_out=212, removed_isolated=13
[INFO] [1782972293.913169173] [simple_scan_filter]: scan stats: n=404, zeros=114, nan=0, inf=0, finite_raw=290, finite_out=222, removed_isolated=6
[INFO] [1782972298.903815645] [simple_scan_filter]: scan stats: n=404, zeros=111, nan=0, inf=0, finite_raw=293, finite_out=219, removed_isolated=8
[INFO] [1782972303.904054894] [simple_scan_filter]: scan stats: n=404, zeros=111, nan=0, inf=0, finite_raw=293, finite_out=222, removed_isolated=7
[INFO] [1782972308.900083348] [simple_scan_filter]: scan stats: n=404, zeros=107, nan=0, inf=0, finite_raw=297, finite_out=215, removed_isolated=10
[INFO] [1782972313.895732421] [simple_scan_filter]: scan stats: n=404, zeros=105, nan=0, inf=0, finite_raw=299, finite_out=219, removed_isolated=8
[INFO] [1782972318.894978944] [simple_scan_filter]: scan stats: n=404, zeros=114, nan=0, inf=0, finite_raw=290, finite_out=214, removed_isolated=10
[INFO] [1782972323.889352714] [simple_scan_filter]: scan stats: n=404, zeros=113, nan=0, inf=0, finite_raw=291, finite_out=218, removed_isolated=8
[INFO] [1782972328.883979104] [simple_scan_filter]: scan stats: n=404, zeros=114, nan=0, inf=0, finite_raw=290, finite_out=216, removed_isolated=7
[INFO] [1782972333.895034639] [simple_scan_filter]: scan stats: n=404, zeros=111, nan=0, inf=0, finite_raw=293, finite_out=224, removed_isolated=8
[INFO] [1782972338.877592860] [simple_scan_filter]: scan stats: n=404, zeros=112, nan=0, inf=0, finite_raw=292, finite_out=220, removed_isolated=8
[INFO] [1782972343.875087437] [simple_scan_filter]: scan stats: n=404, zeros=111, nan=0, inf=0, finite_raw=293, finite_out=222, removed_isolated=8
Traceback (most recent call last):
  File "/root/rdk_x5_vln_robot/ros2_bridge/simple_scan_filter.py", line 197, in <module>
    main()
  File "/root/rdk_x5_vln_robot/ros2_bridge/simple_scan_filter.py", line 191, in main
    rclpy.spin(node)
  File "/opt/ros/humble/local/lib/python3.10/dist-packages/rclpy/__init__.py", line 229, in spin
    executor.spin_once()
  File "/opt/ros/humble/local/lib/python3.10/dist-packages/rclpy/executors.py", line 751, in spin_once
    self._spin_once_impl(timeout_sec)
  File "/opt/ros/humble/local/lib/python3.10/dist-packages/rclpy/executors.py", line 740, in _spin_once_impl
    handler, entity, node = self.wait_for_ready_callbacks(timeout_sec=timeout_sec)
  File "/opt/ros/humble/local/lib/python3.10/dist-packages/rclpy/executors.py", line 723, in wait_for_ready_callbacks
    return next(self._cb_iter)
  File "/opt/ros/humble/local/lib/python3.10/dist-packages/rclpy/executors.py", line 624, in _wait_for_ready_callbacks
    raise ExternalShutdownException()
rclpy.executors.ExternalShutdownException
