[INFO] [launch]: All log files can be found below /root/.ros/log/2026-07-06-17-31-19-407767-ubuntu-95240
[INFO] [launch]: Default logging verbosity is set to INFO
[INFO] [map_server-1]: process started with pid [95261]
[INFO] [amcl-2]: process started with pid [95263]
[INFO] [lifecycle_manager-3]: process started with pid [95265]
[INFO] [controller_server-4]: process started with pid [95267]
[INFO] [smoother_server-5]: process started with pid [95269]
[INFO] [planner_server-6]: process started with pid [95271]
[INFO] [behavior_server-7]: process started with pid [95273]
[INFO] [bt_navigator-8]: process started with pid [95275]
[INFO] [waypoint_follower-9]: process started with pid [95277]
[INFO] [velocity_smoother-10]: process started with pid [95286]
[INFO] [lifecycle_manager-11]: process started with pid [95308]
[lifecycle_manager-3] [INFO] [1783330281.708058076] [lifecycle_manager_localization]: Creating
[controller_server-4] [INFO] [1783330281.882056674] [controller_server]: 
[lifecycle_manager-3] [INFO] [1783330281.887760878] [lifecycle_manager_localization]: [34m[1mCreating and initializing lifecycle service clients[0m[0m
[controller_server-4] 	controller_server lifecycle node launched. 
[controller_server-4] 	Waiting on external lifecycle transitions to activate
[controller_server-4] 	See https://design.ros2.org/articles/node_lifecycle.html for more information.
[amcl-2] [INFO] [1783330282.034955743] [amcl]: 
[amcl-2] 	amcl lifecycle node launched. 
[amcl-2] 	Waiting on external lifecycle transitions to activate
[amcl-2] 	See https://design.ros2.org/articles/node_lifecycle.html for more information.
[amcl-2] [INFO] [1783330282.043846612] [amcl]: Creating
[controller_server-4] [INFO] [1783330282.069893554] [controller_server]: Creating controller server
[bt_navigator-8] [INFO] [1783330282.125128394] [bt_navigator]: 
[bt_navigator-8] 	bt_navigator lifecycle node launched. 
[bt_navigator-8] 	Waiting on external lifecycle transitions to activate
[bt_navigator-8] 	See https://design.ros2.org/articles/node_lifecycle.html for more information.
[bt_navigator-8] [INFO] [1783330282.128763892] [bt_navigator]: Creating
[planner_server-6] [INFO] [1783330282.195158308] [planner_server]: 
[planner_server-6] 	planner_server lifecycle node launched. 
[planner_server-6] 	Waiting on external lifecycle transitions to activate
[planner_server-6] 	See https://design.ros2.org/articles/node_lifecycle.html for more information.
[planner_server-6] [INFO] [1783330282.207810883] [planner_server]: Creating
[waypoint_follower-9] [INFO] [1783330282.377546733] [waypoint_follower]: 
[waypoint_follower-9] 	waypoint_follower lifecycle node launched. 
[waypoint_follower-9] 	Waiting on external lifecycle transitions to activate
[waypoint_follower-9] 	See https://design.ros2.org/articles/node_lifecycle.html for more information.
[waypoint_follower-9] [INFO] [1783330282.379775315] [waypoint_follower]: Creating
[smoother_server-5] [INFO] [1783330282.440407568] [smoother_server]: 
[smoother_server-5] 	smoother_server lifecycle node launched. 
[smoother_server-5] 	Waiting on external lifecycle transitions to activate
[smoother_server-5] 	See https://design.ros2.org/articles/node_lifecycle.html for more information.
[velocity_smoother-10] [INFO] [1783330282.443188691] [velocity_smoother]: 
[velocity_smoother-10] 	velocity_smoother lifecycle node launched. 
[velocity_smoother-10] 	Waiting on external lifecycle transitions to activate
[velocity_smoother-10] 	See https://design.ros2.org/articles/node_lifecycle.html for more information.
[lifecycle_manager-11] [INFO] [1783330282.447125356] [lifecycle_manager_navigation]: Creating
[smoother_server-5] [INFO] [1783330282.455909767] [smoother_server]: Creating smoother server
[behavior_server-7] [INFO] [1783330282.496140658] [behavior_server]: 
[behavior_server-7] 	behavior_server lifecycle node launched. 
[behavior_server-7] 	Waiting on external lifecycle transitions to activate
[behavior_server-7] 	See https://design.ros2.org/articles/node_lifecycle.html for more information.
[lifecycle_manager-11] [INFO] [1783330282.543342503] [lifecycle_manager_navigation]: [34m[1mCreating and initializing lifecycle service clients[0m[0m
[map_server-1] [INFO] [1783330282.699245112] [map_server]: 
[map_server-1] 	map_server lifecycle node launched. 
[map_server-1] 	Waiting on external lifecycle transitions to activate
[map_server-1] 	See https://design.ros2.org/articles/node_lifecycle.html for more information.
[map_server-1] [INFO] [1783330282.718529349] [map_server]: Creating
[planner_server-6] [INFO] [1783330282.739401211] [global_costmap.global_costmap]: 
[planner_server-6] 	global_costmap lifecycle node launched. 
[planner_server-6] 	Waiting on external lifecycle transitions to activate
[planner_server-6] 	See https://design.ros2.org/articles/node_lifecycle.html for more information.
[planner_server-6] [INFO] [1783330282.741480293] [global_costmap.global_costmap]: Creating Costmap
[controller_server-4] [INFO] [1783330282.873663834] [local_costmap.local_costmap]: 
[controller_server-4] 	local_costmap lifecycle node launched. 
[controller_server-4] 	Waiting on external lifecycle transitions to activate
[controller_server-4] 	See https://design.ros2.org/articles/node_lifecycle.html for more information.
[controller_server-4] [INFO] [1783330282.876020833] [local_costmap.local_costmap]: Creating Costmap
[lifecycle_manager-11] [INFO] [1783330283.256221591] [lifecycle_manager_navigation]: [34m[1mStarting managed nodes bringup...[0m[0m
[lifecycle_manager-11] [INFO] [1783330283.256443674] [lifecycle_manager_navigation]: [34m[1mConfiguring controller_server[0m[0m
[controller_server-4] [INFO] [1783330283.258785047] [controller_server]: Configuring controller interface
[controller_server-4] [INFO] [1783330283.264331710] [controller_server]: getting goal checker plugins..
[controller_server-4] [INFO] [1783330283.264869960] [controller_server]: Controller frequency set to 8.0000Hz
[controller_server-4] [INFO] [1783330283.265102793] [local_costmap.local_costmap]: Configuring
[controller_server-4] [INFO] [1783330283.409467493] [local_costmap.local_costmap]: Using plugin "obstacle_layer"
[controller_server-4] [INFO] [1783330283.503290975] [local_costmap.local_costmap]: Subscribed to Topics: scan
[lifecycle_manager-3] [INFO] [1783330283.574639346] [lifecycle_manager_localization]: [34m[1mStarting managed nodes bringup...[0m[0m
[lifecycle_manager-3] [INFO] [1783330283.575126221] [lifecycle_manager_localization]: [34m[1mConfiguring map_server[0m[0m
[map_server-1] [INFO] [1783330283.578949344] [map_server]: Configuring
[map_server-1] [INFO] [1783330283.579245052] [map_io]: Loading yaml file: /root/rdk_x5_vln_robot/maps/joy_calibrated_corridor_map.yaml
[map_server-1] [INFO] [1783330283.580254426] [map_io]: resolution: 0.05
[map_server-1] [INFO] [1783330283.580337551] [map_io]: origin[0]: -3.89
[map_server-1] [INFO] [1783330283.580369968] [map_io]: origin[1]: -3.52
[map_server-1] [INFO] [1783330283.580398093] [map_io]: origin[2]: 0
[map_server-1] [INFO] [1783330283.580431759] [map_io]: free_thresh: 0.25
[map_server-1] [INFO] [1783330283.580460301] [map_io]: occupied_thresh: 0.65
[map_server-1] [INFO] [1783330283.580499718] [map_io]: mode: trinary
[map_server-1] [INFO] [1783330283.580530843] [map_io]: negate: 0
[map_server-1] [INFO] [1783330283.581315800] [map_io]: Loading image_file: /root/rdk_x5_vln_robot/maps/joy_calibrated_corridor_map.pgm
[map_server-1] [INFO] [1783330283.625973647] [map_io]: Read map /root/rdk_x5_vln_robot/maps/joy_calibrated_corridor_map.pgm: 173 X 148 map @ 0.05 m/cell
[controller_server-4] [INFO] [1783330283.666936413] [local_costmap.local_costmap]: Initialized plugin "obstacle_layer"
[controller_server-4] [INFO] [1783330283.667110621] [local_costmap.local_costmap]: Using plugin "inflation_layer"
[controller_server-4] [INFO] [1783330283.698346893] [local_costmap.local_costmap]: Initialized plugin "inflation_layer"
[lifecycle_manager-3] [INFO] [1783330283.708835344] [lifecycle_manager_localization]: [34m[1mConfiguring amcl[0m[0m
[amcl-2] [INFO] [1783330283.710094052] [amcl]: Configuring
[amcl-2] [INFO] [1783330283.710465052] [amcl]: initTransforms
[amcl-2] [INFO] [1783330283.836840596] [amcl]: initPubSub
[controller_server-4] [INFO] [1783330283.845303091] [controller_server]: Created progress_checker : progress_checker of type nav2_controller::SimpleProgressChecker
[controller_server-4] [INFO] [1783330283.870167533] [controller_server]: Created goal checker : general_goal_checker of type nav2_controller::SimpleGoalChecker
[controller_server-4] [INFO] [1783330283.876320071] [controller_server]: Controller Server has general_goal_checker  goal checkers available.
[controller_server-4] [INFO] [1783330283.880502860] [controller_server]: Created controller : FollowPath of type nav2_regulated_pure_pursuit_controller::RegulatedPurePursuitController
[amcl-2] [INFO] [1783330283.912502881] [amcl]: Subscribed to map topic.
[lifecycle_manager-3] [INFO] [1783330283.971362302] [lifecycle_manager_localization]: [34m[1mActivating map_server[0m[0m
[map_server-1] [INFO] [1783330283.974790467] [map_server]: Activating
[map_server-1] [INFO] [1783330283.975926716] [map_server]: Creating bond (map_server) to lifecycle manager.
[controller_server-4] [INFO] [1783330283.978859839] [controller_server]: Controller Server has FollowPath  controllers available.
[amcl-2] [INFO] [1783330283.982418629] [amcl]: Received a 173 X 148 map @ 0.050 m/pix
[lifecycle_manager-11] [INFO] [1783330284.078044776] [lifecycle_manager_navigation]: [34m[1mConfiguring smoother_server[0m[0m
[smoother_server-5] [INFO] [1783330284.079369234] [smoother_server]: Configuring smoother server
[lifecycle_manager-3] [INFO] [1783330284.121133582] [lifecycle_manager_localization]: Server map_server connected with bond.
[lifecycle_manager-3] [INFO] [1783330284.121371332] [lifecycle_manager_localization]: [34m[1mActivating amcl[0m[0m
[amcl-2] [INFO] [1783330284.122514373] [amcl]: Activating
[amcl-2] [INFO] [1783330284.122718164] [amcl]: Creating bond (amcl) to lifecycle manager.
[amcl-2] [INFO] [1783330284.181452044] [amcl]: createLaserObject
[smoother_server-5] [INFO] [1783330284.183619626] [smoother_server]: Created smoother : simple_smoother of type nav2_smoother::SimpleSmoother
[smoother_server-5] [INFO] [1783330284.209248776] [smoother_server]: Smoother Server has simple_smoother  smoothers available.
[lifecycle_manager-3] [INFO] [1783330284.258209495] [lifecycle_manager_localization]: Server amcl connected with bond.
[lifecycle_manager-3] [INFO] [1783330284.258380536] [lifecycle_manager_localization]: [34m[1mManaged nodes are active[0m[0m
[lifecycle_manager-3] [INFO] [1783330284.258440495] [lifecycle_manager_localization]: [34m[1mCreating bond timer...[0m[0m
[lifecycle_manager-11] [INFO] [1783330284.280589981] [lifecycle_manager_navigation]: [34m[1mConfiguring planner_server[0m[0m
[planner_server-6] [INFO] [1783330284.282955021] [planner_server]: Configuring
[planner_server-6] [INFO] [1783330284.283174396] [global_costmap.global_costmap]: Configuring
[planner_server-6] [INFO] [1783330284.338873527] [global_costmap.global_costmap]: Using plugin "static_layer"
[planner_server-6] [INFO] [1783330284.390046703] [global_costmap.global_costmap]: Subscribing to the map topic (/map) with transient local durability
[planner_server-6] [INFO] [1783330284.401114571] [global_costmap.global_costmap]: Initialized plugin "static_layer"
[planner_server-6] [INFO] [1783330284.401281571] [global_costmap.global_costmap]: Using plugin "inflation_layer"
[planner_server-6] [INFO] [1783330284.427521554] [global_costmap.global_costmap]: Initialized plugin "inflation_layer"
[planner_server-6] [INFO] [1783330284.626080969] [global_costmap.global_costmap]: StaticLayer: Resizing costmap to 173 X 148 at 0.050000 m/pix
[planner_server-6] [INFO] [1783330284.627296968] [planner_server]: Created global planner plugin GridBased of type nav2_navfn_planner/NavfnPlanner
[planner_server-6] [INFO] [1783330284.627445677] [planner_server]: Configuring plugin GridBased of type NavfnPlanner
[planner_server-6] [INFO] [1783330284.640018502] [planner_server]: Planner Server has GridBased  planners available.
[lifecycle_manager-11] [INFO] [1783330284.736618732] [lifecycle_manager_navigation]: [34m[1mConfiguring behavior_server[0m[0m
[behavior_server-7] [INFO] [1783330284.738282398] [behavior_server]: Configuring
[behavior_server-7] [INFO] [1783330284.809739602] [behavior_server]: Creating behavior plugin spin of type nav2_behaviors/Spin
[behavior_server-7] [INFO] [1783330284.813921808] [behavior_server]: Configuring spin
[behavior_server-7] [INFO] [1783330284.877886934] [behavior_server]: Creating behavior plugin backup of type nav2_behaviors/BackUp
[behavior_server-7] [INFO] [1783330284.881555557] [behavior_server]: Configuring backup
[behavior_server-7] [INFO] [1783330284.939780353] [behavior_server]: Creating behavior plugin drive_on_heading of type nav2_behaviors/DriveOnHeading
[behavior_server-7] [INFO] [1783330284.943610642] [behavior_server]: Configuring drive_on_heading
[behavior_server-7] [INFO] [1783330285.004569520] [behavior_server]: Creating behavior plugin assisted_teleop of type nav2_behaviors/AssistedTeleop
[behavior_server-7] [INFO] [1783330285.013996973] [behavior_server]: Configuring assisted_teleop
[behavior_server-7] [INFO] [1783330285.082202971] [behavior_server]: Creating behavior plugin wait of type nav2_behaviors/Wait
[behavior_server-7] [INFO] [1783330285.085583969] [behavior_server]: Configuring wait
[lifecycle_manager-11] [INFO] [1783330285.124747985] [lifecycle_manager_navigation]: [34m[1mConfiguring bt_navigator[0m[0m
[bt_navigator-8] [INFO] [1783330285.125659193] [bt_navigator]: Configuring
[lifecycle_manager-11] [INFO] [1783330285.603100181] [lifecycle_manager_navigation]: [34m[1mConfiguring waypoint_follower[0m[0m
[waypoint_follower-9] [INFO] [1783330285.609806135] [waypoint_follower]: Configuring
[waypoint_follower-9] [INFO] [1783330285.729196101] [waypoint_follower]: Created waypoint_task_executor : wait_at_waypoint of type nav2_waypoint_follower::WaitAtWaypoint
[lifecycle_manager-11] [INFO] [1783330285.735614389] [lifecycle_manager_navigation]: [34m[1mConfiguring velocity_smoother[0m[0m
[velocity_smoother-10] [INFO] [1783330285.737160930] [velocity_smoother]: Configuring velocity smoother
[lifecycle_manager-11] [INFO] [1783330285.774419989] [lifecycle_manager_navigation]: [34m[1mActivating controller_server[0m[0m
[controller_server-4] [INFO] [1783330285.775812280] [controller_server]: Activating
[controller_server-4] [INFO] [1783330285.776040321] [local_costmap.local_costmap]: Activating
[controller_server-4] [INFO] [1783330285.776121655] [local_costmap.local_costmap]: Checking transform
[controller_server-4] [INFO] [1783330285.776495696] [local_costmap.local_costmap]: start
[amcl-2] [WARN] [1783330285.781231068] [amcl]: AMCL cannot publish a pose or update the transform. Please set the initial pose...
[amcl-2] [INFO] [1783330285.969760532] [amcl]: Message Filter dropping message: frame 'laser' at time 1783330283.772 for reason 'the timestamp on the message is earlier than all the data in the transform cache'
[controller_server-4] [INFO] [1783330285.990401977] [controller_server]: Activating controller: FollowPath of type regulated_pure_pursuit_controller::RegulatedPurePursuitController
[controller_server-4] [INFO] [1783330285.990602518] [controller_server]: Creating bond (controller_server) to lifecycle manager.
[lifecycle_manager-11] [INFO] [1783330286.109803318] [lifecycle_manager_navigation]: Server controller_server connected with bond.
[lifecycle_manager-11] [INFO] [1783330286.109979026] [lifecycle_manager_navigation]: [34m[1mActivating smoother_server[0m[0m
[smoother_server-5] [INFO] [1783330286.111121025] [smoother_server]: Activating
[smoother_server-5] [INFO] [1783330286.111303733] [smoother_server]: Creating bond (smoother_server) to lifecycle manager.
[lifecycle_manager-11] [INFO] [1783330286.234791697] [lifecycle_manager_navigation]: Server smoother_server connected with bond.
[lifecycle_manager-11] [INFO] [1783330286.235038988] [lifecycle_manager_navigation]: [34m[1mActivating planner_server[0m[0m
[planner_server-6] [INFO] [1783330286.236382362] [planner_server]: Activating
[planner_server-6] [INFO] [1783330286.236579070] [global_costmap.global_costmap]: Activating
[planner_server-6] [INFO] [1783330286.236640529] [global_costmap.global_costmap]: Checking transform
[planner_server-6] [INFO] [1783330286.236759195] [global_costmap.global_costmap]: Timed out waiting for transform from base_link to map to become available, tf error: Invalid frame ID "map" passed to canTransform argument target_frame - frame does not exist
[planner_server-6] [INFO] [1783330286.736822378] [global_costmap.global_costmap]: Timed out waiting for transform from base_link to map to become available, tf error: Invalid frame ID "map" passed to canTransform argument target_frame - frame does not exist
[planner_server-6] [INFO] [1783330287.236803143] [global_costmap.global_costmap]: Timed out waiting for transform from base_link to map to become available, tf error: Invalid frame ID "map" passed to canTransform argument target_frame - frame does not exist
[planner_server-6] [INFO] [1783330287.736788742] [global_costmap.global_costmap]: Timed out waiting for transform from base_link to map to become available, tf error: Invalid frame ID "map" passed to canTransform argument target_frame - frame does not exist
[amcl-2] [WARN] [1783330287.870940241] [amcl]: AMCL cannot publish a pose or update the transform. Please set the initial pose...
[planner_server-6] [INFO] [1783330288.242228838] [global_costmap.global_costmap]: Timed out waiting for transform from base_link to map to become available, tf error: Invalid frame ID "map" passed to canTransform argument target_frame - frame does not exist
[planner_server-6] [INFO] [1783330288.736814899] [global_costmap.global_costmap]: Timed out waiting for transform from base_link to map to become available, tf error: Invalid frame ID "map" passed to canTransform argument target_frame - frame does not exist
[planner_server-6] [INFO] [1783330289.236826915] [global_costmap.global_costmap]: Timed out waiting for transform from base_link to map to become available, tf error: Invalid frame ID "map" passed to canTransform argument target_frame - frame does not exist
[planner_server-6] [INFO] [1783330289.736814431] [global_costmap.global_costmap]: Timed out waiting for transform from base_link to map to become available, tf error: Invalid frame ID "map" passed to canTransform argument target_frame - frame does not exist
[amcl-2] [WARN] [1783330289.975221405] [amcl]: AMCL cannot publish a pose or update the transform. Please set the initial pose...
[planner_server-6] [INFO] [1783330290.236820781] [global_costmap.global_costmap]: Timed out waiting for transform from base_link to map to become available, tf error: Invalid frame ID "map" passed to canTransform argument target_frame - frame does not exist
[planner_server-6] [INFO] [1783330290.736798047] [global_costmap.global_costmap]: Timed out waiting for transform from base_link to map to become available, tf error: Invalid frame ID "map" passed to canTransform argument target_frame - frame does not exist
[planner_server-6] [INFO] [1783330291.236800563] [global_costmap.global_costmap]: Timed out waiting for transform from base_link to map to become available, tf error: Invalid frame ID "map" passed to canTransform argument target_frame - frame does not exist
[planner_server-6] [INFO] [1783330291.736790330] [global_costmap.global_costmap]: Timed out waiting for transform from base_link to map to become available, tf error: Invalid frame ID "map" passed to canTransform argument target_frame - frame does not exist
[amcl-2] [WARN] [1783330292.065200871] [amcl]: AMCL cannot publish a pose or update the transform. Please set the initial pose...
[planner_server-6] [INFO] [1783330292.236805471] [global_costmap.global_costmap]: Timed out waiting for transform from base_link to map to become available, tf error: Invalid frame ID "map" passed to canTransform argument target_frame - frame does not exist
[planner_server-6] [INFO] [1783330292.736797696] [global_costmap.global_costmap]: Timed out waiting for transform from base_link to map to become available, tf error: Invalid frame ID "map" passed to canTransform argument target_frame - frame does not exist
[planner_server-6] [INFO] [1783330293.236794421] [global_costmap.global_costmap]: Timed out waiting for transform from base_link to map to become available, tf error: Invalid frame ID "map" passed to canTransform argument target_frame - frame does not exist
[planner_server-6] [INFO] [1783330293.736804104] [global_costmap.global_costmap]: Timed out waiting for transform from base_link to map to become available, tf error: Invalid frame ID "map" passed to canTransform argument target_frame - frame does not exist
[amcl-2] [WARN] [1783330294.067232478] [amcl]: AMCL cannot publish a pose or update the transform. Please set the initial pose...
[planner_server-6] [INFO] [1783330294.236758954] [global_costmap.global_costmap]: Timed out waiting for transform from base_link to map to become available, tf error: Invalid frame ID "map" passed to canTransform argument target_frame - frame does not exist
[planner_server-6] [INFO] [1783330294.736804596] [global_costmap.global_costmap]: Timed out waiting for transform from base_link to map to become available, tf error: Invalid frame ID "map" passed to canTransform argument target_frame - frame does not exist
[planner_server-6] [INFO] [1783330295.236928779] [global_costmap.global_costmap]: Timed out waiting for transform from base_link to map to become available, tf error: Invalid frame ID "map" passed to canTransform argument target_frame - frame does not exist
[planner_server-6] [INFO] [1783330295.736798588] [global_costmap.global_costmap]: Timed out waiting for transform from base_link to map to become available, tf error: Invalid frame ID "map" passed to canTransform argument target_frame - frame does not exist
[amcl-2] [WARN] [1783330296.162354194] [amcl]: AMCL cannot publish a pose or update the transform. Please set the initial pose...
[planner_server-6] [INFO] [1783330296.236793855] [global_costmap.global_costmap]: Timed out waiting for transform from base_link to map to become available, tf error: Invalid frame ID "map" passed to canTransform argument target_frame - frame does not exist
[planner_server-6] [INFO] [1783330296.736807955] [global_costmap.global_costmap]: Timed out waiting for transform from base_link to map to become available, tf error: Invalid frame ID "map" passed to canTransform argument target_frame - frame does not exist
[planner_server-6] [INFO] [1783330297.236796222] [global_costmap.global_costmap]: Timed out waiting for transform from base_link to map to become available, tf error: Invalid frame ID "map" passed to canTransform argument target_frame - frame does not exist
[planner_server-6] [INFO] [1783330297.736858448] [global_costmap.global_costmap]: Timed out waiting for transform from base_link to map to become available, tf error: Invalid frame ID "map" passed to canTransform argument target_frame - frame does not exist
[amcl-2] [WARN] [1783330298.175731587] [amcl]: AMCL cannot publish a pose or update the transform. Please set the initial pose...
[planner_server-6] [INFO] [1783330298.236807340] [global_costmap.global_costmap]: Timed out waiting for transform from base_link to map to become available, tf error: Invalid frame ID "map" passed to canTransform argument target_frame - frame does not exist
[planner_server-6] [INFO] [1783330298.736811566] [global_costmap.global_costmap]: Timed out waiting for transform from base_link to map to become available, tf error: Invalid frame ID "map" passed to canTransform argument target_frame - frame does not exist
[planner_server-6] [INFO] [1783330299.236793458] [global_costmap.global_costmap]: Timed out waiting for transform from base_link to map to become available, tf error: Invalid frame ID "map" passed to canTransform argument target_frame - frame does not exist
[planner_server-6] [INFO] [1783330299.736797851] [global_costmap.global_costmap]: Timed out waiting for transform from base_link to map to become available, tf error: Invalid frame ID "map" passed to canTransform argument target_frame - frame does not exist
[planner_server-6] [INFO] [1783330300.236790035] [global_costmap.global_costmap]: Timed out waiting for transform from base_link to map to become available, tf error: Invalid frame ID "map" passed to canTransform argument target_frame - frame does not exist
[amcl-2] [WARN] [1783330300.258874604] [amcl]: AMCL cannot publish a pose or update the transform. Please set the initial pose...
[planner_server-6] [INFO] [1783330300.736795469] [global_costmap.global_costmap]: Timed out waiting for transform from base_link to map to become available, tf error: Invalid frame ID "map" passed to canTransform argument target_frame - frame does not exist
[planner_server-6] [INFO] [1783330301.236789278] [global_costmap.global_costmap]: Timed out waiting for transform from base_link to map to become available, tf error: Invalid frame ID "map" passed to canTransform argument target_frame - frame does not exist
[planner_server-6] [INFO] [1783330301.736799713] [global_costmap.global_costmap]: Timed out waiting for transform from base_link to map to become available, tf error: Invalid frame ID "map" passed to canTransform argument target_frame - frame does not exist
[planner_server-6] [INFO] [1783330302.236796522] [global_costmap.global_costmap]: Timed out waiting for transform from base_link to map to become available, tf error: Invalid frame ID "map" passed to canTransform argument target_frame - frame does not exist
[amcl-2] [WARN] [1783330302.353838615] [amcl]: AMCL cannot publish a pose or update the transform. Please set the initial pose...
[planner_server-6] [INFO] [1783330302.736795957] [global_costmap.global_costmap]: Timed out waiting for transform from base_link to map to become available, tf error: Invalid frame ID "map" passed to canTransform argument target_frame - frame does not exist
[planner_server-6] [INFO] [1783330303.236887475] [global_costmap.global_costmap]: Timed out waiting for transform from base_link to map to become available, tf error: Invalid frame ID "map" passed to canTransform argument target_frame - frame does not exist
[planner_server-6] [INFO] [1783330303.736773951] [global_costmap.global_costmap]: Timed out waiting for transform from base_link to map to become available, tf error: Invalid frame ID "map" passed to canTransform argument target_frame - frame does not exist
[amcl-2] [INFO] [1783330304.169420929] [amcl]: initialPoseReceived
[amcl-2] [WARN] [1783330304.170021887] [amcl]: Failed to transform initial pose in time (Lookup would require extrapolation into the future.  Requested time 1783330304.169682 but the latest data is at time 1783330304.149701, when looking up transform from frame [base_link] to frame [odom])
[amcl-2] [INFO] [1783330304.170201553] [amcl]: Setting pose (1783330304.170195): -2.605 1.361 0.657
[planner_server-6] [INFO] [1783330304.236803636] [global_costmap.global_costmap]: Timed out waiting for transform from base_link to map to become available, tf error: Invalid frame ID "map" passed to canTransform argument target_frame - frame does not exist
[planner_server-6] [INFO] [1783330304.737120529] [global_costmap.global_costmap]: Timed out waiting for transform from base_link to map to become available, tf error: Lookup would require extrapolation into the past.  Requested time 1783330304.716631 but the earliest data is at time 1783330306.148279, when looking up transform from frame [base_link] to frame [map]
[planner_server-6] [INFO] [1783330305.236931547] [global_costmap.global_costmap]: Timed out waiting for transform from base_link to map to become available, tf error: Lookup would require extrapolation into the past.  Requested time 1783330305.216231 but the earliest data is at time 1783330306.148279, when looking up transform from frame [base_link] to frame [map]
[planner_server-6] [INFO] [1783330305.736937691] [global_costmap.global_costmap]: Timed out waiting for transform from base_link to map to become available, tf error: Lookup would require extrapolation into the past.  Requested time 1783330305.717577 but the earliest data is at time 1783330306.148279, when looking up transform from frame [base_link] to frame [map]
[planner_server-6] [INFO] [1783330306.237016209] [global_costmap.global_costmap]: start
[amcl-2] [INFO] [1783330307.125128900] [amcl]: initialPoseReceived
[amcl-2] [WARN] [1783330307.125476566] [amcl]: Failed to transform initial pose in time (Lookup would require extrapolation into the future.  Requested time 1783330307.125316 but the latest data is at time 1783330307.116247, when looking up transform from frame [base_link] to frame [odom])
[amcl-2] [INFO] [1783330307.125581983] [amcl]: Setting pose (1783330307.125578): -2.605 1.361 0.657
[planner_server-6] [INFO] [1783330307.287392089] [planner_server]: Activating plugin GridBased of type NavfnPlanner
[planner_server-6] [INFO] [1783330307.311821449] [planner_server]: Creating bond (planner_server) to lifecycle manager.
[lifecycle_manager-11] [INFO] [1783330307.446369364] [lifecycle_manager_navigation]: Server planner_server connected with bond.
[lifecycle_manager-11] [INFO] [1783330307.446583281] [lifecycle_manager_navigation]: [34m[1mActivating behavior_server[0m[0m
[behavior_server-7] [INFO] [1783330307.448470988] [behavior_server]: Activating
[behavior_server-7] [INFO] [1783330307.448630071] [behavior_server]: Activating spin
[behavior_server-7] [INFO] [1783330307.448710738] [behavior_server]: Activating backup
[behavior_server-7] [INFO] [1783330307.448766446] [behavior_server]: Activating drive_on_heading
[behavior_server-7] [INFO] [1783330307.448815779] [behavior_server]: Activating assisted_teleop
[behavior_server-7] [INFO] [1783330307.448860363] [behavior_server]: Activating wait
[behavior_server-7] [INFO] [1783330307.448920779] [behavior_server]: Creating bond (behavior_server) to lifecycle manager.
[lifecycle_manager-11] [INFO] [1783330307.581860154] [lifecycle_manager_navigation]: Server behavior_server connected with bond.
[lifecycle_manager-11] [INFO] [1783330307.582032362] [lifecycle_manager_navigation]: [34m[1mActivating bt_navigator[0m[0m
[bt_navigator-8] [INFO] [1783330307.583611278] [bt_navigator]: Activating
[bt_navigator-8] [WARN] [1783330308.117937692] [bt_navigator_navigate_to_pose_rclcpp_node]: Wait duration is negative or zero (0). Setting to positive.
[bt_navigator-8] [INFO] [1783330308.124497396] [bt_navigator]: Creating bond (bt_navigator) to lifecycle manager.
[lifecycle_manager-11] [INFO] [1783330308.248802401] [lifecycle_manager_navigation]: Server bt_navigator connected with bond.
[lifecycle_manager-11] [INFO] [1783330308.248994817] [lifecycle_manager_navigation]: [34m[1mActivating waypoint_follower[0m[0m
[waypoint_follower-9] [INFO] [1783330308.250571691] [waypoint_follower]: Activating
[waypoint_follower-9] [INFO] [1783330308.250795566] [waypoint_follower]: Creating bond (waypoint_follower) to lifecycle manager.
[lifecycle_manager-11] [INFO] [1783330308.387511605] [lifecycle_manager_navigation]: Server waypoint_follower connected with bond.
[lifecycle_manager-11] [INFO] [1783330308.387689314] [lifecycle_manager_navigation]: [34m[1mActivating velocity_smoother[0m[0m
[velocity_smoother-10] [INFO] [1783330308.390201229] [velocity_smoother]: Activating
[velocity_smoother-10] [INFO] [1783330308.390489187] [velocity_smoother]: Creating bond (velocity_smoother) to lifecycle manager.
[lifecycle_manager-11] [INFO] [1783330308.523731978] [lifecycle_manager_navigation]: Server velocity_smoother connected with bond.
[lifecycle_manager-11] [INFO] [1783330308.523905770] [lifecycle_manager_navigation]: [34m[1mManaged nodes are active[0m[0m
[lifecycle_manager-11] [INFO] [1783330308.523969686] [lifecycle_manager_navigation]: [34m[1mCreating bond timer...[0m[0m
[amcl-2] [INFO] [1783330310.302625526] [amcl]: initialPoseReceived
[amcl-2] [WARN] [1783330310.302964234] [amcl]: Failed to transform initial pose in time (Lookup would require extrapolation into the future.  Requested time 1783330310.302816 but the latest data is at time 1783330310.283553, when looking up transform from frame [base_link] to frame [odom])
[amcl-2] [INFO] [1783330310.303072359] [amcl]: Setting pose (1783330310.303068): -2.605 1.361 0.657
[amcl-2] [INFO] [1783330761.748709118] [amcl]: initialPoseReceived
[amcl-2] [WARN] [1783330761.748910993] [amcl]: Ignoring initial pose in frame "base_link"; initial poses must be in the global frame, "map"
[amcl-2] [INFO] [1783330773.106677967] [amcl]: initialPoseReceived
[amcl-2] [WARN] [1783330773.106873675] [amcl]: Ignoring initial pose in frame "base_link"; initial poses must be in the global frame, "map"
[behavior_server-7] [INFO] [1783330849.771778237] [rclcpp]: signal_handler(signum=2)
[behavior_server-7] [INFO] [1783330849.772127737] [behavior_server]: Running Nav2 LifecycleNode rcl preshutdown (behavior_server)
[behavior_server-7] [INFO] [1783330849.772440195] [behavior_server]: Deactivating
[behavior_server-7] [INFO] [1783330849.772548862] [behavior_server]: Destroying bond (behavior_server) to lifecycle manager.
[smoother_server-5] [INFO] [1783330849.771786321] [rclcpp]: signal_handler(signum=2)
[velocity_smoother-10] [INFO] [1783330849.771900237] [rclcpp]: signal_handler(signum=2)
[velocity_smoother-10] [INFO] [1783330849.772222571] [velocity_smoother]: Running Nav2 LifecycleNode rcl preshutdown (velocity_smoother)
[controller_server-4] [INFO] [1783330849.771969946] [rclcpp]: signal_handler(signum=2)
[controller_server-4] [INFO] [1783330849.772830779] [controller_server]: Running Nav2 LifecycleNode rcl preshutdown (controller_server)
[controller_server-4] [INFO] [1783330849.773074320] [controller_server]: Deactivating
[controller_server-4] [INFO] [1783330849.773144820] [controller_server]: Deactivating controller: FollowPath of type regulated_pure_pursuit_controller::RegulatedPurePursuitController
[controller_server-4] [INFO] [1783330849.773264070] [local_costmap.local_costmap]: Deactivating
[bt_navigator-8] [INFO] [1783330849.772041362] [rclcpp]: signal_handler(signum=2)
[bt_navigator-8] [INFO] [1783330849.773175153] [bt_navigator]: Running Nav2 LifecycleNode rcl preshutdown (bt_navigator)
[amcl-2] [INFO] [1783330849.772117071] [rclcpp]: signal_handler(signum=2)
[amcl-2] [INFO] [1783330849.773412237] [amcl]: Running Nav2 LifecycleNode rcl preshutdown (amcl)
[lifecycle_manager-3] [INFO] [1783330849.773016070] [rclcpp]: signal_handler(signum=2)
[lifecycle_manager-3] [INFO] [1783330849.773704486] [lifecycle_manager_localization]: Running Nav2 LifecycleManager rcl preshutdown (lifecycle_manager_localization)
[lifecycle_manager-3] [INFO] [1783330849.773843736] [lifecycle_manager_localization]: [34m[1mTerminating bond timer...[0m[0m
[map_server-1] [INFO] [1783330849.773079820] [rclcpp]: signal_handler(signum=2)
[smoother_server-5] [INFO] [1783330849.776390402] [smoother_server]: Running Nav2 LifecycleNode rcl preshutdown (smoother_server)
[smoother_server-5] [INFO] [1783330849.776657526] [smoother_server]: Deactivating
[smoother_server-5] [INFO] [1783330849.776767901] [smoother_server]: Destroying bond (smoother_server) to lifecycle manager.
[velocity_smoother-10] [INFO] [1783330849.772448029] [velocity_smoother]: Deactivating
[velocity_smoother-10] [INFO] [1783330849.775697152] [velocity_smoother]: Destroying bond (velocity_smoother) to lifecycle manager.
[bt_navigator-8] [INFO] [1783330849.775527652] [bt_navigator]: Deactivating
[bt_navigator-8] [INFO] [1783330849.775663860] [bt_navigator]: Destroying bond (bt_navigator) to lifecycle manager.
[amcl-2] [INFO] [1783330849.778117734] [amcl]: Deactivating
[amcl-2] [INFO] [1783330849.778233942] [amcl]: Destroying bond (amcl) to lifecycle manager.
[map_server-1] [INFO] [1783330849.777281484] [map_server]: Running Nav2 LifecycleNode rcl preshutdown (map_server)
[map_server-1] [INFO] [1783330849.777561818] [map_server]: Deactivating
[map_server-1] [INFO] [1783330849.777673651] [map_server]: Destroying bond (map_server) to lifecycle manager.
[lifecycle_manager-11] [INFO] [1783330849.773606403] [rclcpp]: signal_handler(signum=2)
[lifecycle_manager-11] [INFO] [1783330849.774020903] [lifecycle_manager_navigation]: Running Nav2 LifecycleManager rcl preshutdown (lifecycle_manager_navigation)
[lifecycle_manager-11] [INFO] [1783330849.774125569] [lifecycle_manager_navigation]: [34m[1mTerminating bond timer...[0m[0m
[waypoint_follower-9] [INFO] [1783330849.773763528] [rclcpp]: signal_handler(signum=2)
[waypoint_follower-9] [INFO] [1783330849.782397273] [waypoint_follower]: Running Nav2 LifecycleNode rcl preshutdown (waypoint_follower)
[waypoint_follower-9] [INFO] [1783330849.782704481] [waypoint_follower]: Deactivating
[waypoint_follower-9] [INFO] [1783330849.782834064] [waypoint_follower]: Destroying bond (waypoint_follower) to lifecycle manager.
[planner_server-6] [INFO] [1783330849.774349194] [rclcpp]: signal_handler(signum=2)
[planner_server-6] [INFO] [1783330849.775857110] [planner_server]: Running Nav2 LifecycleNode rcl preshutdown (planner_server)
[planner_server-6] [INFO] [1783330849.776076985] [planner_server]: Deactivating
[planner_server-6] [INFO] [1783330849.776361818] [global_costmap.global_costmap]: Deactivating
[behavior_server-7] [INFO] [1783330849.793636725] [behavior_server]: Cleaning up
[controller_server-4] [INFO] [1783330849.803922927] [controller_server]: Destroying bond (controller_server) to lifecycle manager.
[map_server-1] [INFO] [1783330849.810481382] [map_server]: Cleaning up
[map_server-1] [INFO] [1783330849.810686924] [map_server]: Destroying bond (map_server) to lifecycle manager.
[velocity_smoother-10] [INFO] [1783330849.869605723] [velocity_smoother]: Cleaning up
[velocity_smoother-10] [INFO] [1783330849.869811056] [velocity_smoother]: Destroying bond (velocity_smoother) to lifecycle manager.
[bt_navigator-8] [INFO] [1783330849.879643134] [bt_navigator]: Cleaning up
[smoother_server-5] [INFO] [1783330849.885610672] [smoother_server]: Cleaning up
[map_server-1] [INFO] [1783330849.902992912] [map_server]: Destroying
[waypoint_follower-9] [INFO] [1783330849.911666866] [waypoint_follower]: Cleaning up
[controller_server-4] [INFO] [1783330849.911958741] [controller_server]: Cleaning up
[controller_server-4] [INFO] [1783330849.912066949] [controller_server]: Cleaning up controller: FollowPath of type regulated_pure_pursuit_controller::RegulatedPurePursuitController
[controller_server-4] [INFO] [1783330849.927737690] [local_costmap.local_costmap]: Cleaning up
[velocity_smoother-10] [INFO] [1783330849.928140856] [velocity_smoother]: Destroying
[lifecycle_manager-3] [INFO] [1783330849.938035851] [lifecycle_manager_localization]: Destroying lifecycle_manager_localization
[amcl-2] [INFO] [1783330849.950435260] [amcl]: Cleaning up
[behavior_server-7] [INFO] [1783330849.973916414] [behavior_server]: Destroying bond (behavior_server) to lifecycle manager.
[waypoint_follower-9] [INFO] [1783330850.005012229] [waypoint_follower]: Destroying bond (waypoint_follower) to lifecycle manager.
[smoother_server-5] [INFO] [1783330850.060970781] [smoother_server]: Destroying bond (smoother_server) to lifecycle manager.
[waypoint_follower-9] [INFO] [1783330850.066343736] [waypoint_follower]: Destroying
[smoother_server-5] [INFO] [1783330850.095043094] [smoother_server]: Destroying
[amcl-2] [INFO] [1783330850.133633822] [amcl]: Destroying bond (amcl) to lifecycle manager.
[amcl-2] [INFO] [1783330850.157683934] [amcl]: Destroying
[planner_server-6] [INFO] [1783330850.237337680] [planner_server]: Deactivating plugin GridBased of type NavfnPlanner
[planner_server-6] [INFO] [1783330850.237524513] [planner_server]: Destroying bond (planner_server) to lifecycle manager.
[planner_server-6] [INFO] [1783330850.258402626] [planner_server]: Cleaning up
[controller_server-4] [INFO] [1783330850.306175265] [controller_server]: Destroying bond (controller_server) to lifecycle manager.
[lifecycle_manager-11] [INFO] [1783330850.369384146] [lifecycle_manager_navigation]: Destroying lifecycle_manager_navigation
[controller_server-4] [INFO] [1783330850.377693224] [local_costmap.local_costmap]: Destroying
[INFO] [lifecycle_manager-3]: process has finished cleanly [pid 95265]
[INFO] [map_server-1]: process has finished cleanly [pid 95261]
[planner_server-6] [INFO] [1783330850.526831639] [global_costmap.global_costmap]: Cleaning up
[INFO] [velocity_smoother-10]: process has finished cleanly [pid 95286]
[behavior_server-7] [INFO] [1783330850.582382441] [behavior_server]: Destroying
[INFO] [smoother_server-5]: process has finished cleanly [pid 95269]
[INFO] [waypoint_follower-9]: process has finished cleanly [pid 95277]
[planner_server-6] [INFO] [1783330850.593459435] [planner_server]: Cleaning up plugin GridBased of type NavfnPlanner
[planner_server-6] [INFO] [1783330850.595530725] [planner_server]: Destroying plugin GridBased of type NavfnPlanner
[controller_server-4] [INFO] [1783330850.660355146] [controller_server]: Destroying
[planner_server-6] [INFO] [1783330850.675103346] [planner_server]: Destroying bond (planner_server) to lifecycle manager.
[planner_server-6] [INFO] [1783330850.688431630] [global_costmap.global_costmap]: Destroying
[INFO] [amcl-2]: process has finished cleanly [pid 95263]
[INFO] [lifecycle_manager-11]: process has finished cleanly [pid 95308]
[planner_server-6] [INFO] [1783330850.857603409] [planner_server]: Destroying
[INFO] [behavior_server-7]: process has finished cleanly [pid 95273]
[INFO] [controller_server-4]: process has finished cleanly [pid 95267]
[bt_navigator-8] [INFO] [1783330851.146730327] [bt_navigator]: Completed Cleaning up
[bt_navigator-8] [INFO] [1783330851.149991616] [bt_navigator]: Destroying bond (bt_navigator) to lifecycle manager.
[INFO] [planner_server-6]: process has finished cleanly [pid 95271]
[bt_navigator-8] [INFO] [1783330851.192592759] [bt_navigator]: Destroying
[INFO] [bt_navigator-8]: process has finished cleanly [pid 95275]
