[INFO] [1783330260.099309444] [simple_scan_filter]: filter /scan -> /scan_filtered, keep=[0.22, 4.00], isolated_window=2, isolated_delta=0.25, min_support_neighbors=1
[INFO] [1783330273.591497545] [simple_scan_filter]: scan stats: n=404, zeros=108, nan=0, inf=0, finite_raw=296, finite_out=237, removed_isolated=6
[INFO] [1783330278.582749109] [simple_scan_filter]: scan stats: n=404, zeros=106, nan=0, inf=0, finite_raw=298, finite_out=236, removed_isolated=6
[INFO] [1783330283.596780999] [simple_scan_filter]: scan stats: n=404, zeros=110, nan=0, inf=0, finite_raw=294, finite_out=239, removed_isolated=4
[INFO] [1783330288.579759332] [simple_scan_filter]: scan stats: n=404, zeros=105, nan=0, inf=0, finite_raw=299, finite_out=241, removed_isolated=2
[INFO] [1783330293.567417711] [simple_scan_filter]: scan stats: n=404, zeros=106, nan=0, inf=0, finite_raw=298, finite_out=238, removed_isolated=3
[INFO] [1783330298.564636008] [simple_scan_filter]: scan stats: n=404, zeros=106, nan=0, inf=0, finite_raw=298, finite_out=237, removed_isolated=3
[INFO] [1783330303.575648928] [simple_scan_filter]: scan stats: n=404, zeros=112, nan=0, inf=0, finite_raw=292, finite_out=231, removed_isolated=5
[INFO] [1783330308.555538708] [simple_scan_filter]: scan stats: n=404, zeros=100, nan=0, inf=0, finite_raw=304, finite_out=239, removed_isolated=7
[INFO] [1783330313.567433433] [simple_scan_filter]: scan stats: n=404, zeros=104, nan=0, inf=0, finite_raw=300, finite_out=235, removed_isolated=8
[INFO] [1783330318.550190517] [simple_scan_filter]: scan stats: n=404, zeros=101, nan=0, inf=0, finite_raw=303, finite_out=246, removed_isolated=3
[INFO] [1783330323.539440979] [simple_scan_filter]: scan stats: n=404, zeros=111, nan=0, inf=0, finite_raw=293, finite_out=233, removed_isolated=5
[INFO] [1783330328.537292442] [simple_scan_filter]: scan stats: n=404, zeros=112, nan=0, inf=0, finite_raw=292, finite_out=236, removed_isolated=3
[INFO] [1783330333.537256619] [simple_scan_filter]: scan stats: n=404, zeros=103, nan=0, inf=0, finite_raw=301, finite_out=238, removed_isolated=6
[INFO] [1783330338.525084853] [simple_scan_filter]: scan stats: n=404, zeros=105, nan=0, inf=0, finite_raw=299, finite_out=237, removed_isolated=6
[INFO] [1783330343.518383965] [simple_scan_filter]: scan stats: n=404, zeros=107, nan=0, inf=0, finite_raw=297, finite_out=238, removed_isolated=3
[INFO] [1783330348.516582581] [simple_scan_filter]: scan stats: n=404, zeros=109, nan=0, inf=0, finite_raw=295, finite_out=237, removed_isolated=5
[INFO] [1783330353.513852245] [simple_scan_filter]: scan stats: n=404, zeros=108, nan=0, inf=0, finite_raw=296, finite_out=237, removed_isolated=4
[INFO] [1783330358.502056381] [simple_scan_filter]: scan stats: n=404, zeros=109, nan=0, inf=0, finite_raw=295, finite_out=238, removed_isolated=5
[INFO] [1783330363.496395020] [simple_scan_filter]: scan stats: n=404, zeros=108, nan=0, inf=0, finite_raw=296, finite_out=237, removed_isolated=5
[INFO] [1783330368.491482832] [simple_scan_filter]: scan stats: n=404, zeros=101, nan=0, inf=0, finite_raw=303, finite_out=236, removed_isolated=7
[INFO] [1783330373.487622650] [simple_scan_filter]: scan stats: n=404, zeros=107, nan=0, inf=0, finite_raw=297, finite_out=234, removed_isolated=5
[INFO] [1783330378.480698476] [simple_scan_filter]: scan stats: n=404, zeros=102, nan=0, inf=0, finite_raw=302, finite_out=242, removed_isolated=6
[INFO] [1783330383.536332855] [simple_scan_filter]: scan stats: n=404, zeros=110, nan=0, inf=0, finite_raw=294, finite_out=237, removed_isolated=8
[INFO] [1783330388.470157023] [simple_scan_filter]: scan stats: n=404, zeros=105, nan=0, inf=0, finite_raw=299, finite_out=239, removed_isolated=5
[INFO] [1783330393.463687661] [simple_scan_filter]: scan stats: n=404, zeros=116, nan=0, inf=0, finite_raw=288, finite_out=232, removed_isolated=5
[INFO] [1783330398.461861761] [simple_scan_filter]: scan stats: n=404, zeros=109, nan=0, inf=0, finite_raw=295, finite_out=238, removed_isolated=3
[INFO] [1783330403.454491664] [simple_scan_filter]: scan stats: n=404, zeros=103, nan=0, inf=0, finite_raw=301, finite_out=241, removed_isolated=7
[INFO] [1783330408.446670573] [simple_scan_filter]: scan stats: n=404, zeros=103, nan=0, inf=0, finite_raw=301, finite_out=242, removed_isolated=5
[INFO] [1783330413.447934608] [simple_scan_filter]: scan stats: n=404, zeros=105, nan=0, inf=0, finite_raw=299, finite_out=239, removed_isolated=4
[INFO] [1783330418.441274905] [simple_scan_filter]: scan stats: n=404, zeros=103, nan=0, inf=0, finite_raw=301, finite_out=241, removed_isolated=5
[INFO] [1783330423.431406627] [simple_scan_filter]: scan stats: n=404, zeros=113, nan=0, inf=0, finite_raw=291, finite_out=236, removed_isolated=4
[INFO] [1783330428.427805560] [simple_scan_filter]: scan stats: n=404, zeros=104, nan=0, inf=0, finite_raw=300, finite_out=237, removed_isolated=5
[INFO] [1783330433.424080042] [simple_scan_filter]: scan stats: n=404, zeros=104, nan=0, inf=0, finite_raw=300, finite_out=245, removed_isolated=5
[INFO] [1783330438.415111325] [simple_scan_filter]: scan stats: n=404, zeros=111, nan=0, inf=0, finite_raw=293, finite_out=238, removed_isolated=4
[INFO] [1783330443.411782028] [simple_scan_filter]: scan stats: n=404, zeros=107, nan=0, inf=0, finite_raw=297, finite_out=242, removed_isolated=4
[INFO] [1783330448.403122824] [simple_scan_filter]: scan stats: n=404, zeros=121, nan=0, inf=0, finite_raw=283, finite_out=231, removed_isolated=4
[INFO] [1783330453.409143909] [simple_scan_filter]: scan stats: n=404, zeros=105, nan=0, inf=0, finite_raw=299, finite_out=239, removed_isolated=5
[INFO] [1783330458.398239053] [simple_scan_filter]: scan stats: n=404, zeros=119, nan=0, inf=0, finite_raw=285, finite_out=232, removed_isolated=3
[INFO] [1783330463.390610160] [simple_scan_filter]: scan stats: n=404, zeros=109, nan=0, inf=0, finite_raw=295, finite_out=245, removed_isolated=3
[INFO] [1783330468.386800729] [simple_scan_filter]: scan stats: n=404, zeros=112, nan=0, inf=0, finite_raw=292, finite_out=240, removed_isolated=3
[INFO] [1783330473.382754600] [simple_scan_filter]: scan stats: n=404, zeros=114, nan=0, inf=0, finite_raw=290, finite_out=236, removed_isolated=2
[INFO] [1783330478.376961003] [simple_scan_filter]: scan stats: n=404, zeros=107, nan=0, inf=0, finite_raw=297, finite_out=242, removed_isolated=2
[INFO] [1783330483.372579700] [simple_scan_filter]: scan stats: n=404, zeros=117, nan=0, inf=0, finite_raw=287, finite_out=234, removed_isolated=3
[INFO] [1783330488.367810068] [simple_scan_filter]: scan stats: n=404, zeros=110, nan=0, inf=0, finite_raw=294, finite_out=239, removed_isolated=1
[INFO] [1783330493.361377148] [simple_scan_filter]: scan stats: n=404, zeros=107, nan=0, inf=0, finite_raw=297, finite_out=241, removed_isolated=3
[INFO] [1783330498.367176599] [simple_scan_filter]: scan stats: n=404, zeros=105, nan=0, inf=0, finite_raw=299, finite_out=241, removed_isolated=4
[INFO] [1783330503.349702068] [simple_scan_filter]: scan stats: n=404, zeros=112, nan=0, inf=0, finite_raw=292, finite_out=239, removed_isolated=2
[INFO] [1783330508.359050732] [simple_scan_filter]: scan stats: n=404, zeros=107, nan=0, inf=0, finite_raw=297, finite_out=241, removed_isolated=3
[INFO] [1783330513.341127291] [simple_scan_filter]: scan stats: n=404, zeros=113, nan=0, inf=0, finite_raw=291, finite_out=237, removed_isolated=3
[INFO] [1783330518.334478846] [simple_scan_filter]: scan stats: n=404, zeros=106, nan=0, inf=0, finite_raw=298, finite_out=235, removed_isolated=6
[INFO] [1783330523.334466943] [simple_scan_filter]: scan stats: n=404, zeros=108, nan=0, inf=0, finite_raw=296, finite_out=234, removed_isolated=5
[INFO] [1783330528.329072963] [simple_scan_filter]: scan stats: n=404, zeros=111, nan=0, inf=0, finite_raw=293, finite_out=238, removed_isolated=4
[INFO] [1783330533.326242443] [simple_scan_filter]: scan stats: n=404, zeros=109, nan=0, inf=0, finite_raw=295, finite_out=242, removed_isolated=4
[INFO] [1783330538.316571347] [simple_scan_filter]: scan stats: n=404, zeros=110, nan=0, inf=0, finite_raw=294, finite_out=239, removed_isolated=3
[INFO] [1783330543.318280622] [simple_scan_filter]: scan stats: n=404, zeros=117, nan=0, inf=0, finite_raw=287, finite_out=231, removed_isolated=5
[INFO] [1783330548.312789114] [simple_scan_filter]: scan stats: n=404, zeros=106, nan=0, inf=0, finite_raw=298, finite_out=236, removed_isolated=4
[INFO] [1783330553.301310737] [simple_scan_filter]: scan stats: n=404, zeros=107, nan=0, inf=0, finite_raw=297, finite_out=244, removed_isolated=3
[INFO] [1783330558.304702397] [simple_scan_filter]: scan stats: n=404, zeros=106, nan=0, inf=0, finite_raw=298, finite_out=242, removed_isolated=4
[INFO] [1783330563.298803023] [simple_scan_filter]: scan stats: n=404, zeros=111, nan=0, inf=0, finite_raw=293, finite_out=239, removed_isolated=4
[INFO] [1783330568.290039030] [simple_scan_filter]: scan stats: n=404, zeros=110, nan=0, inf=0, finite_raw=294, finite_out=242, removed_isolated=3
[INFO] [1783330573.285001080] [simple_scan_filter]: scan stats: n=404, zeros=108, nan=0, inf=0, finite_raw=296, finite_out=245, removed_isolated=3
[INFO] [1783330578.277405634] [simple_scan_filter]: scan stats: n=404, zeros=115, nan=0, inf=0, finite_raw=289, finite_out=240, removed_isolated=2
[INFO] [1783330583.273415648] [simple_scan_filter]: scan stats: n=404, zeros=109, nan=0, inf=0, finite_raw=295, finite_out=239, removed_isolated=4
[INFO] [1783330588.271606622] [simple_scan_filter]: scan stats: n=404, zeros=112, nan=0, inf=0, finite_raw=292, finite_out=238, removed_isolated=4
[INFO] [1783330593.265582269] [simple_scan_filter]: scan stats: n=404, zeros=113, nan=0, inf=0, finite_raw=291, finite_out=241, removed_isolated=3
[INFO] [1783330598.267033206] [simple_scan_filter]: scan stats: n=404, zeros=109, nan=0, inf=0, finite_raw=295, finite_out=245, removed_isolated=3
[INFO] [1783330603.260965859] [simple_scan_filter]: scan stats: n=404, zeros=107, nan=0, inf=0, finite_raw=297, finite_out=245, removed_isolated=1
[INFO] [1783330608.251377809] [simple_scan_filter]: scan stats: n=404, zeros=103, nan=0, inf=0, finite_raw=301, finite_out=239, removed_isolated=5
[INFO] [1783330613.251449757] [simple_scan_filter]: scan stats: n=404, zeros=102, nan=0, inf=0, finite_raw=302, finite_out=247, removed_isolated=6
[INFO] [1783330618.242206922] [simple_scan_filter]: scan stats: n=404, zeros=104, nan=0, inf=0, finite_raw=300, finite_out=248, removed_isolated=1
[INFO] [1783330623.236485880] [simple_scan_filter]: scan stats: n=404, zeros=110, nan=0, inf=0, finite_raw=294, finite_out=244, removed_isolated=1
[INFO] [1783330628.234832922] [simple_scan_filter]: scan stats: n=404, zeros=109, nan=0, inf=0, finite_raw=295, finite_out=243, removed_isolated=4
[INFO] [1783330633.226058471] [simple_scan_filter]: scan stats: n=404, zeros=109, nan=0, inf=0, finite_raw=295, finite_out=242, removed_isolated=4
[INFO] [1783330638.222593604] [simple_scan_filter]: scan stats: n=404, zeros=102, nan=0, inf=0, finite_raw=302, finite_out=247, removed_isolated=3
[INFO] [1783330643.218863741] [simple_scan_filter]: scan stats: n=404, zeros=105, nan=0, inf=0, finite_raw=299, finite_out=243, removed_isolated=3
[INFO] [1783330648.212671965] [simple_scan_filter]: scan stats: n=404, zeros=104, nan=0, inf=0, finite_raw=300, finite_out=244, removed_isolated=5
[INFO] [1783330653.212998647] [simple_scan_filter]: scan stats: n=404, zeros=101, nan=0, inf=0, finite_raw=303, finite_out=249, removed_isolated=4
[INFO] [1783330658.206499128] [simple_scan_filter]: scan stats: n=404, zeros=99, nan=0, inf=0, finite_raw=305, finite_out=246, removed_isolated=4
[INFO] [1783330663.202664444] [simple_scan_filter]: scan stats: n=404, zeros=100, nan=0, inf=0, finite_raw=304, finite_out=251, removed_isolated=3
[INFO] [1783330668.193603267] [simple_scan_filter]: scan stats: n=404, zeros=102, nan=0, inf=0, finite_raw=302, finite_out=244, removed_isolated=6
[INFO] [1783330673.199659375] [simple_scan_filter]: scan stats: n=404, zeros=108, nan=0, inf=0, finite_raw=296, finite_out=247, removed_isolated=2
[INFO] [1783330678.190819579] [simple_scan_filter]: scan stats: n=404, zeros=106, nan=0, inf=0, finite_raw=298, finite_out=245, removed_isolated=2
[INFO] [1783330683.182342161] [simple_scan_filter]: scan stats: n=404, zeros=102, nan=0, inf=0, finite_raw=302, finite_out=247, removed_isolated=2
[INFO] [1783330688.183813198] [simple_scan_filter]: scan stats: n=404, zeros=103, nan=0, inf=0, finite_raw=301, finite_out=249, removed_isolated=6
[INFO] [1783330693.171896330] [simple_scan_filter]: scan stats: n=404, zeros=102, nan=0, inf=0, finite_raw=302, finite_out=251, removed_isolated=3
[INFO] [1783330698.166896128] [simple_scan_filter]: scan stats: n=404, zeros=107, nan=0, inf=0, finite_raw=297, finite_out=248, removed_isolated=1
[INFO] [1783330703.164455927] [simple_scan_filter]: scan stats: n=404, zeros=110, nan=0, inf=0, finite_raw=294, finite_out=241, removed_isolated=5
[INFO] [1783330708.168434392] [simple_scan_filter]: scan stats: n=404, zeros=100, nan=0, inf=0, finite_raw=304, finite_out=253, removed_isolated=1
[INFO] [1783330713.153928289] [simple_scan_filter]: scan stats: n=404, zeros=100, nan=0, inf=0, finite_raw=304, finite_out=252, removed_isolated=0
[INFO] [1783330718.149457682] [simple_scan_filter]: scan stats: n=404, zeros=102, nan=0, inf=0, finite_raw=302, finite_out=249, removed_isolated=3
[INFO] [1783330723.153160324] [simple_scan_filter]: scan stats: n=404, zeros=102, nan=0, inf=0, finite_raw=302, finite_out=249, removed_isolated=4
[INFO] [1783330728.150285681] [simple_scan_filter]: scan stats: n=404, zeros=102, nan=0, inf=0, finite_raw=302, finite_out=250, removed_isolated=3
[INFO] [1783330733.134033925] [simple_scan_filter]: scan stats: n=404, zeros=102, nan=0, inf=0, finite_raw=302, finite_out=251, removed_isolated=1
[INFO] [1783330738.134773786] [simple_scan_filter]: scan stats: n=404, zeros=100, nan=0, inf=0, finite_raw=304, finite_out=249, removed_isolated=3
[INFO] [1783330743.125313282] [simple_scan_filter]: scan stats: n=404, zeros=106, nan=0, inf=0, finite_raw=298, finite_out=247, removed_isolated=2
[INFO] [1783330748.122311194] [simple_scan_filter]: scan stats: n=404, zeros=107, nan=0, inf=0, finite_raw=297, finite_out=247, removed_isolated=1
[INFO] [1783330753.115108653] [simple_scan_filter]: scan stats: n=404, zeros=108, nan=0, inf=0, finite_raw=296, finite_out=246, removed_isolated=1
[INFO] [1783330758.109521614] [simple_scan_filter]: scan stats: n=404, zeros=107, nan=0, inf=0, finite_raw=297, finite_out=246, removed_isolated=2
[INFO] [1783330763.106739618] [simple_scan_filter]: scan stats: n=404, zeros=96, nan=0, inf=0, finite_raw=308, finite_out=251, removed_isolated=5
[INFO] [1783330768.108272124] [simple_scan_filter]: scan stats: n=404, zeros=99, nan=0, inf=0, finite_raw=305, finite_out=252, removed_isolated=2
[INFO] [1783330773.097992597] [simple_scan_filter]: scan stats: n=404, zeros=100, nan=0, inf=0, finite_raw=304, finite_out=251, removed_isolated=3
[INFO] [1783330778.090751572] [simple_scan_filter]: scan stats: n=404, zeros=102, nan=0, inf=0, finite_raw=302, finite_out=250, removed_isolated=3
[INFO] [1783330783.093919919] [simple_scan_filter]: scan stats: n=404, zeros=103, nan=0, inf=0, finite_raw=301, finite_out=249, removed_isolated=4
[INFO] [1783330788.086148900] [simple_scan_filter]: scan stats: n=404, zeros=105, nan=0, inf=0, finite_raw=299, finite_out=249, removed_isolated=3
[INFO] [1783330793.076812052] [simple_scan_filter]: scan stats: n=404, zeros=104, nan=0, inf=0, finite_raw=300, finite_out=248, removed_isolated=4
[INFO] [1783330798.072737496] [simple_scan_filter]: scan stats: n=404, zeros=97, nan=0, inf=0, finite_raw=307, finite_out=253, removed_isolated=5
[INFO] [1783330803.068189319] [simple_scan_filter]: scan stats: n=404, zeros=100, nan=0, inf=0, finite_raw=304, finite_out=250, removed_isolated=2
[INFO] [1783330808.066234976] [simple_scan_filter]: scan stats: n=404, zeros=103, nan=0, inf=0, finite_raw=301, finite_out=246, removed_isolated=5
[INFO] [1783330813.062687096] [simple_scan_filter]: scan stats: n=404, zeros=100, nan=0, inf=0, finite_raw=304, finite_out=247, removed_isolated=4
[INFO] [1783330818.061154676] [simple_scan_filter]: scan stats: n=404, zeros=100, nan=0, inf=0, finite_raw=304, finite_out=247, removed_isolated=5
[INFO] [1783330823.053568054] [simple_scan_filter]: scan stats: n=404, zeros=108, nan=0, inf=0, finite_raw=296, finite_out=247, removed_isolated=2
[INFO] [1783330828.049713933] [simple_scan_filter]: scan stats: n=404, zeros=105, nan=0, inf=0, finite_raw=299, finite_out=244, removed_isolated=5
[INFO] [1783330833.050376229] [simple_scan_filter]: scan stats: n=404, zeros=100, nan=0, inf=0, finite_raw=304, finite_out=251, removed_isolated=4
[INFO] [1783330838.036942162] [simple_scan_filter]: scan stats: n=404, zeros=110, nan=0, inf=0, finite_raw=294, finite_out=241, removed_isolated=4
[INFO] [1783330843.035547424] [simple_scan_filter]: scan stats: n=404, zeros=104, nan=0, inf=0, finite_raw=300, finite_out=247, removed_isolated=4
[INFO] [1783330848.034448314] [simple_scan_filter]: scan stats: n=404, zeros=102, nan=0, inf=0, finite_raw=302, finite_out=246, removed_isolated=5
Traceback (most recent call last):
  File "/root/rdk_x5_vln_robot/ros2_bridge/simple_scan_filter.py", line 197, in <module>
    main()
  File "/root/rdk_x5_vln_robot/ros2_bridge/simple_scan_filter.py", line 191, in main
    rclpy.spin(node)
  File "/opt/ros/humble/local/lib/python3.10/dist-packages/rclpy/__init__.py", line 229, in spin
    executor.spin_once()
  File "/opt/ros/humble/local/lib/python3.10/dist-packages/rclpy/executors.py", line 751, in spin_once
    self._spin_once_impl(timeout_sec)
  File "/opt/ros/humble/local/lib/python3.10/dist-packages/rclpy/executors.py", line 740, in _spin_once_impl
    handler, entity, node = self.wait_for_ready_callbacks(timeout_sec=timeout_sec)
  File "/opt/ros/humble/local/lib/python3.10/dist-packages/rclpy/executors.py", line 723, in wait_for_ready_callbacks
    return next(self._cb_iter)
  File "/opt/ros/humble/local/lib/python3.10/dist-packages/rclpy/executors.py", line 624, in _wait_for_ready_callbacks
    raise ExternalShutdownException()
rclpy.executors.ExternalShutdownException
