[INFO] [1783063777.328813995] [foxglove_click_goal_bridge]: Foxglove click goal bridge started.
[INFO] [1783063777.332776996] [foxglove_click_goal_bridge]: Listening point click topic:
[INFO] [1783063777.336402956] [foxglove_click_goal_bridge]:   /foxglove_goal_point
[INFO] [1783063777.339664374] [foxglove_click_goal_bridge]:   geometry_msgs/msg/PointStamped
[INFO] [1783063777.343022792] [foxglove_click_goal_bridge]: Listening pose click topic:
[INFO] [1783063777.346408626] [foxglove_click_goal_bridge]:   /foxglove_goal_pose
[INFO] [1783063777.349829669] [foxglove_click_goal_bridge]:   geometry_msgs/msg/PoseStamped
[INFO] [1783063777.353389379] [foxglove_click_goal_bridge]: Recommended Foxglove tool:
[INFO] [1783063777.356846338] [foxglove_click_goal_bridge]:   Publish -> 2D point -> /foxglove_goal_point
[INFO] [1783063777.360350381] [foxglove_click_goal_bridge]: Visual path topic: /foxglove_click_planned_path
[INFO] [1783063777.363879549] [foxglove_click_goal_bridge]: Visual goal marker: /foxglove_click_goal_marker + /foxglove_click_goal_label
[INFO] [1783063782.152868676] [foxglove_click_goal_bridge]: >>> CLICK READY: Foxglove 可以单击地图白色区域发送导航目标。 Topic=/foxglove_goal_point, frame=map。 若 scan 与地图错位，请先用 /initialpose 校正。导航进行中会忽略新点击。
[INFO] [1783063783.823089605] [foxglove_click_goal_bridge]: Goal marker published at (-2.795, -1.133) -> /foxglove_click_goal_marker /foxglove_click_goal_label
[INFO] [1783063783.834811943] [foxglove_click_goal_bridge]: Received Foxglove clicked point: frame_id=map, x=-2.795, y=-1.133, goal_yaw=0.256
[INFO] [1783063783.838952611] [foxglove_click_goal_bridge]: Goal map cell OK: (-2.795, -1.133) -> free(val=0)
[INFO] [1783063783.866001204] [foxglove_click_goal_bridge]: Goal marker published at (-2.795, -1.133) -> /foxglove_click_goal_marker /foxglove_click_goal_label
[INFO] [1783063783.872285914] [foxglove_click_goal_bridge]: [1] Accepted goal: frame=map, x=-2.795, y=-1.133
[INFO] [1783063783.901055466] [foxglove_click_goal_bridge]: [1] NavigateToPose goal accepted. Robot should start planning/following.
[INFO] [1783063783.998424459] [foxglove_click_goal_bridge]: [1] navigating: distance_remaining=0.000 m, recoveries=0
[INFO] [1783063784.034271347] [foxglove_click_goal_bridge]: [1] Planned path published: 129 poses -> /foxglove_click_planned_path
[INFO] [1783063786.001870631] [foxglove_click_goal_bridge]: [1] navigating: distance_remaining=3.251 m, recoveries=0
[INFO] [1783063788.009476970] [foxglove_click_goal_bridge]: [1] navigating: distance_remaining=3.251 m, recoveries=0
[INFO] [1783063790.017976642] [foxglove_click_goal_bridge]: [1] navigating: distance_remaining=3.503 m, recoveries=0
[INFO] [1783063792.025719104] [foxglove_click_goal_bridge]: [1] navigating: distance_remaining=3.464 m, recoveries=0
[INFO] [1783063794.022834603] [foxglove_click_goal_bridge]: [1] navigating: distance_remaining=3.314 m, recoveries=0
[INFO] [1783063796.037313941] [foxglove_click_goal_bridge]: [1] navigating: distance_remaining=3.264 m, recoveries=0
[INFO] [1783063798.054188487] [foxglove_click_goal_bridge]: [1] navigating: distance_remaining=3.189 m, recoveries=0
[INFO] [1783063800.058919570] [foxglove_click_goal_bridge]: [1] navigating: distance_remaining=3.089 m, recoveries=0
[INFO] [1783063802.056361149] [foxglove_click_goal_bridge]: [1] navigating: distance_remaining=3.039 m, recoveries=0
[INFO] [1783063804.059026105] [foxglove_click_goal_bridge]: [1] navigating: distance_remaining=2.939 m, recoveries=0
[INFO] [1783063806.067302603] [foxglove_click_goal_bridge]: [1] navigating: distance_remaining=2.914 m, recoveries=0
[INFO] [1783063808.072107557] [foxglove_click_goal_bridge]: [1] navigating: distance_remaining=2.814 m, recoveries=0
[INFO] [1783063810.075952718] [foxglove_click_goal_bridge]: [1] navigating: distance_remaining=2.745 m, recoveries=0
[INFO] [1783063812.079301170] [foxglove_click_goal_bridge]: [1] navigating: distance_remaining=2.664 m, recoveries=0
[INFO] [1783063814.086007706] [foxglove_click_goal_bridge]: [1] navigating: distance_remaining=2.539 m, recoveries=0
[INFO] [1783063816.091914324] [foxglove_click_goal_bridge]: [1] navigating: distance_remaining=2.464 m, recoveries=0
[INFO] [1783063818.097745399] [foxglove_click_goal_bridge]: [1] navigating: distance_remaining=2.364 m, recoveries=0
[INFO] [1783063820.107580183] [foxglove_click_goal_bridge]: [1] navigating: distance_remaining=2.285 m, recoveries=0
[INFO] [1783063822.117414841] [foxglove_click_goal_bridge]: [1] navigating: distance_remaining=2.210 m, recoveries=0
[INFO] [1783063824.117800412] [foxglove_click_goal_bridge]: [1] navigating: distance_remaining=2.110 m, recoveries=0
[INFO] [1783063826.129321903] [foxglove_click_goal_bridge]: [1] navigating: distance_remaining=2.039 m, recoveries=0
[INFO] [1783063828.136461516] [foxglove_click_goal_bridge]: [1] navigating: distance_remaining=1.939 m, recoveries=0
[INFO] [1783063830.139688918] [foxglove_click_goal_bridge]: [1] navigating: distance_remaining=1.839 m, recoveries=0
[INFO] [1783063832.143226320] [foxglove_click_goal_bridge]: [1] navigating: distance_remaining=1.739 m, recoveries=0
[INFO] [1783063834.153768848] [foxglove_click_goal_bridge]: [1] navigating: distance_remaining=1.639 m, recoveries=0
[INFO] [1783063836.153422497] [foxglove_click_goal_bridge]: [1] navigating: distance_remaining=1.564 m, recoveries=0
[INFO] [1783063838.157913521] [foxglove_click_goal_bridge]: [1] navigating: distance_remaining=1.439 m, recoveries=0
[INFO] [1783063840.162041753] [foxglove_click_goal_bridge]: [1] navigating: distance_remaining=1.339 m, recoveries=0
[INFO] [1783063842.164456609] [foxglove_click_goal_bridge]: [1] navigating: distance_remaining=1.264 m, recoveries=0
[INFO] [1783063844.170333256] [foxglove_click_goal_bridge]: [1] navigating: distance_remaining=1.164 m, recoveries=0
[INFO] [1783063846.177968778] [foxglove_click_goal_bridge]: [1] navigating: distance_remaining=1.064 m, recoveries=0
[INFO] [1783063848.184611424] [foxglove_click_goal_bridge]: [1] navigating: distance_remaining=0.939 m, recoveries=0
[INFO] [1783063850.181252024] [foxglove_click_goal_bridge]: [1] navigating: distance_remaining=0.814 m, recoveries=0
[INFO] [1783063852.194329338] [foxglove_click_goal_bridge]: [1] navigating: distance_remaining=0.689 m, recoveries=0
[INFO] [1783063854.191187103] [foxglove_click_goal_bridge]: [1] navigating: distance_remaining=0.564 m, recoveries=0
[INFO] [1783063856.193964744] [foxglove_click_goal_bridge]: [1] navigating: distance_remaining=0.460 m, recoveries=0
[INFO] [1783063858.202723428] [foxglove_click_goal_bridge]: [1] navigating: distance_remaining=0.360 m, recoveries=0
[INFO] [1783063860.214463821] [foxglove_click_goal_bridge]: [1] navigating: distance_remaining=0.264 m, recoveries=0
[INFO] [1783063861.834985205] [foxglove_click_goal_bridge]: [1] Navigation succeeded. status=4
[INFO] [1783063861.841971040] [foxglove_click_goal_bridge]: Navigation succeeded. Current pose will be updated by pose_memory_node.
[INFO] [1783063875.381043286] [foxglove_click_goal_bridge]: Goal marker published at (-1.043, -0.956) -> /foxglove_click_goal_marker /foxglove_click_goal_label
[INFO] [1783063875.386058746] [foxglove_click_goal_bridge]: Received Foxglove clicked point: frame_id=map, x=-1.043, y=-0.956, goal_yaw=-2.808
[INFO] [1783063875.389662497] [foxglove_click_goal_bridge]: Goal map cell OK: (-1.043, -0.956) -> free(val=0)
[INFO] [1783063875.399039542] [foxglove_click_goal_bridge]: Goal marker published at (-1.043, -0.956) -> /foxglove_click_goal_marker /foxglove_click_goal_label
[INFO] [1783063875.408119628] [foxglove_click_goal_bridge]: [2] Accepted goal: frame=map, x=-1.043, y=-0.956
[INFO] [1783063875.467371606] [foxglove_click_goal_bridge]: [2] NavigateToPose goal accepted. Robot should start planning/following.
[INFO] [1783063875.493026573] [foxglove_click_goal_bridge]: [2] navigating: distance_remaining=0.189 m, recoveries=0
[INFO] [1783063875.572123308] [foxglove_click_goal_bridge]: [2] Planned path published: 64 poses -> /foxglove_click_planned_path
[INFO] [1783063877.499970332] [foxglove_click_goal_bridge]: [2] navigating: distance_remaining=1.623 m, recoveries=0
[INFO] [1783063879.500358671] [foxglove_click_goal_bridge]: [2] navigating: distance_remaining=1.623 m, recoveries=0
[INFO] [1783063881.499809134] [foxglove_click_goal_bridge]: [2] navigating: distance_remaining=1.786 m, recoveries=0
[INFO] [1783063883.520782728] [foxglove_click_goal_bridge]: [2] navigating: distance_remaining=1.691 m, recoveries=0
[INFO] [1783063885.534948902] [foxglove_click_goal_bridge]: [2] navigating: distance_remaining=1.616 m, recoveries=0
[INFO] [1783063887.537618364] [foxglove_click_goal_bridge]: [2] navigating: distance_remaining=1.528 m, recoveries=0
[INFO] [1783063889.542118283] [foxglove_click_goal_bridge]: [2] navigating: distance_remaining=1.435 m, recoveries=0
[INFO] [1783063891.544692326] [foxglove_click_goal_bridge]: [2] navigating: distance_remaining=1.356 m, recoveries=0
[INFO] [1783063893.554901705] [foxglove_click_goal_bridge]: [2] navigating: distance_remaining=1.306 m, recoveries=0
[INFO] [1783063895.551002494] [foxglove_click_goal_bridge]: [2] navigating: distance_remaining=1.189 m, recoveries=0
[INFO] [1783063897.551602742] [foxglove_click_goal_bridge]: [2] navigating: distance_remaining=1.139 m, recoveries=0
[INFO] [1783063899.557788366] [foxglove_click_goal_bridge]: [2] navigating: distance_remaining=1.039 m, recoveries=0
[INFO] [1783063901.561334072] [foxglove_click_goal_bridge]: [2] navigating: distance_remaining=0.914 m, recoveries=0
[INFO] [1783063903.572077405] [foxglove_click_goal_bridge]: [2] navigating: distance_remaining=0.864 m, recoveries=0
[INFO] [1783063905.571385982] [foxglove_click_goal_bridge]: [2] navigating: distance_remaining=0.814 m, recoveries=0
[INFO] [1783063907.572362560] [foxglove_click_goal_bridge]: [2] navigating: distance_remaining=0.714 m, recoveries=0
[INFO] [1783063909.578156680] [foxglove_click_goal_bridge]: [2] navigating: distance_remaining=0.614 m, recoveries=0
[INFO] [1783063911.583568091] [foxglove_click_goal_bridge]: [2] navigating: distance_remaining=0.510 m, recoveries=0
[INFO] [1783063913.588186042] [foxglove_click_goal_bridge]: [2] navigating: distance_remaining=0.410 m, recoveries=0
[INFO] [1783063915.591903700] [foxglove_click_goal_bridge]: [2] navigating: distance_remaining=0.310 m, recoveries=0
[INFO] [1783063917.590855356] [foxglove_click_goal_bridge]: [2] navigating: distance_remaining=0.239 m, recoveries=0
[INFO] [1783063918.020137206] [foxglove_click_goal_bridge]: [2] Navigation succeeded. status=4
[INFO] [1783063918.023905124] [foxglove_click_goal_bridge]: Navigation succeeded. Current pose will be updated by pose_memory_node.
[INFO] [1783063925.856225602] [foxglove_click_goal_bridge]: Goal marker published at (-2.046, 0.011) -> /foxglove_click_goal_marker /foxglove_click_goal_label
[INFO] [1783063925.870083024] [foxglove_click_goal_bridge]: Received Foxglove clicked point: frame_id=map, x=-2.046, y=0.011, goal_yaw=0.354
[INFO] [1783063925.888370488] [foxglove_click_goal_bridge]: Goal map cell OK: (-2.046, 0.011) -> free(val=0)
[INFO] [1783063925.905188910] [foxglove_click_goal_bridge]: Goal marker published at (-2.046, 0.011) -> /foxglove_click_goal_marker /foxglove_click_goal_label
[INFO] [1783063925.915639330] [foxglove_click_goal_bridge]: [3] Accepted goal: frame=map, x=-2.046, y=0.011
[INFO] [1783063926.015668779] [foxglove_click_goal_bridge]: [3] navigating: distance_remaining=0.189 m, recoveries=0
[INFO] [1783063926.024049657] [foxglove_click_goal_bridge]: [3] NavigateToPose goal accepted. Robot should start planning/following.
[INFO] [1783063926.118808771] [foxglove_click_goal_bridge]: [3] Planned path published: 51 poses -> /foxglove_click_planned_path
[INFO] [1783063928.023784101] [foxglove_click_goal_bridge]: [3] navigating: distance_remaining=1.295 m, recoveries=0
[INFO] [1783063930.028612837] [foxglove_click_goal_bridge]: [3] navigating: distance_remaining=1.208 m, recoveries=0
[INFO] [1783063932.039928700] [foxglove_click_goal_bridge]: [3] navigating: distance_remaining=1.108 m, recoveries=0
[INFO] [1783063934.047382477] [foxglove_click_goal_bridge]: [3] navigating: distance_remaining=1.033 m, recoveries=0
[INFO] [1783063936.053578919] [foxglove_click_goal_bridge]: [3] navigating: distance_remaining=0.949 m, recoveries=0
[INFO] [1783063938.055288568] [foxglove_click_goal_bridge]: [3] navigating: distance_remaining=0.833 m, recoveries=0
[INFO] [1783063940.061517217] [foxglove_click_goal_bridge]: [3] navigating: distance_remaining=0.708 m, recoveries=0
[INFO] [1783063942.078183328] [foxglove_click_goal_bridge]: [3] navigating: distance_remaining=0.608 m, recoveries=0
[INFO] [1783063944.081743433] [foxglove_click_goal_bridge]: [3] navigating: distance_remaining=0.508 m, recoveries=0
[INFO] [1783063946.104088501] [foxglove_click_goal_bridge]: [3] navigating: distance_remaining=0.433 m, recoveries=0
[INFO] [1783063948.109491856] [foxglove_click_goal_bridge]: [3] navigating: distance_remaining=0.333 m, recoveries=0
[INFO] [1783063950.112660208] [foxglove_click_goal_bridge]: [3] navigating: distance_remaining=0.258 m, recoveries=0
[INFO] [1783063952.034385450] [foxglove_click_goal_bridge]: [3] Navigation succeeded. status=4
[INFO] [1783063952.040892953] [foxglove_click_goal_bridge]: Navigation succeeded. Current pose will be updated by pose_memory_node.
