[INFO] [launch]: All log files can be found below /root/.ros/log/2026-07-06-15-58-18-407247-ubuntu-57124
[INFO] [launch]: Default logging verbosity is set to INFO
[INFO] [map_server-1]: process started with pid [57144]
[INFO] [amcl-2]: process started with pid [57146]
[INFO] [lifecycle_manager-3]: process started with pid [57148]
[INFO] [controller_server-4]: process started with pid [57150]
[INFO] [smoother_server-5]: process started with pid [57152]
[INFO] [planner_server-6]: process started with pid [57154]
[INFO] [behavior_server-7]: process started with pid [57156]
[INFO] [bt_navigator-8]: process started with pid [57158]
[INFO] [waypoint_follower-9]: process started with pid [57160]
[INFO] [velocity_smoother-10]: process started with pid [57163]
[INFO] [lifecycle_manager-11]: process started with pid [57168]
[smoother_server-5] [INFO] [1783324700.874021824] [smoother_server]: 
[smoother_server-5] 	smoother_server lifecycle node launched. 
[smoother_server-5] 	Waiting on external lifecycle transitions to activate
[smoother_server-5] 	See https://design.ros2.org/articles/node_lifecycle.html for more information.
[smoother_server-5] [INFO] [1783324700.935041311] [smoother_server]: Creating smoother server
[bt_navigator-8] [INFO] [1783324700.962119449] [bt_navigator]: 
[bt_navigator-8] 	bt_navigator lifecycle node launched. 
[bt_navigator-8] 	Waiting on external lifecycle transitions to activate
[bt_navigator-8] 	See https://design.ros2.org/articles/node_lifecycle.html for more information.
[bt_navigator-8] [INFO] [1783324700.964206284] [bt_navigator]: Creating
[lifecycle_manager-3] [INFO] [1783324701.037887985] [lifecycle_manager_localization]: Creating
[amcl-2] [INFO] [1783324701.102078391] [amcl]: 
[amcl-2] 	amcl lifecycle node launched. 
[amcl-2] 	Waiting on external lifecycle transitions to activate
[amcl-2] 	See https://design.ros2.org/articles/node_lifecycle.html for more information.
[velocity_smoother-10] [INFO] [1783324701.110122144] [velocity_smoother]: 
[velocity_smoother-10] 	velocity_smoother lifecycle node launched. 
[velocity_smoother-10] 	Waiting on external lifecycle transitions to activate
[velocity_smoother-10] 	See https://design.ros2.org/articles/node_lifecycle.html for more information.
[amcl-2] [INFO] [1783324701.133391405] [amcl]: Creating
[controller_server-4] [INFO] [1783324701.147970912] [controller_server]: 
[controller_server-4] 	controller_server lifecycle node launched. 
[controller_server-4] 	Waiting on external lifecycle transitions to activate
[controller_server-4] 	See https://design.ros2.org/articles/node_lifecycle.html for more information.
[lifecycle_manager-3] [INFO] [1783324701.184291096] [lifecycle_manager_localization]: [34m[1mCreating and initializing lifecycle service clients[0m[0m
[planner_server-6] [INFO] [1783324701.191826308] [planner_server]: 
[planner_server-6] 	planner_server lifecycle node launched. 
[planner_server-6] 	Waiting on external lifecycle transitions to activate
[planner_server-6] 	See https://design.ros2.org/articles/node_lifecycle.html for more information.
[planner_server-6] [INFO] [1783324701.258057673] [planner_server]: Creating
[controller_server-4] [INFO] [1783324701.270432179] [controller_server]: Creating controller server
[lifecycle_manager-11] [INFO] [1783324701.326422997] [lifecycle_manager_navigation]: Creating
[waypoint_follower-9] [INFO] [1783324701.356510803] [waypoint_follower]: 
[waypoint_follower-9] 	waypoint_follower lifecycle node launched. 
[waypoint_follower-9] 	Waiting on external lifecycle transitions to activate
[waypoint_follower-9] 	See https://design.ros2.org/articles/node_lifecycle.html for more information.
[waypoint_follower-9] [INFO] [1783324701.362318389] [waypoint_follower]: Creating
[lifecycle_manager-11] [INFO] [1783324701.413404122] [lifecycle_manager_navigation]: [34m[1mCreating and initializing lifecycle service clients[0m[0m
[map_server-1] [INFO] [1783324701.451910973] [map_server]: 
[map_server-1] 	map_server lifecycle node launched. 
[map_server-1] 	Waiting on external lifecycle transitions to activate
[map_server-1] 	See https://design.ros2.org/articles/node_lifecycle.html for more information.
[map_server-1] [INFO] [1783324701.453050474] [map_server]: Creating
[behavior_server-7] [INFO] [1783324701.522592632] [behavior_server]: 
[behavior_server-7] 	behavior_server lifecycle node launched. 
[behavior_server-7] 	Waiting on external lifecycle transitions to activate
[behavior_server-7] 	See https://design.ros2.org/articles/node_lifecycle.html for more information.
[planner_server-6] [INFO] [1783324701.589880039] [global_costmap.global_costmap]: 
[planner_server-6] 	global_costmap lifecycle node launched. 
[planner_server-6] 	Waiting on external lifecycle transitions to activate
[planner_server-6] 	See https://design.ros2.org/articles/node_lifecycle.html for more information.
[planner_server-6] [INFO] [1783324701.592015331] [global_costmap.global_costmap]: Creating Costmap
[controller_server-4] [INFO] [1783324702.009507904] [local_costmap.local_costmap]: 
[controller_server-4] 	local_costmap lifecycle node launched. 
[controller_server-4] 	Waiting on external lifecycle transitions to activate
[controller_server-4] 	See https://design.ros2.org/articles/node_lifecycle.html for more information.
[controller_server-4] [INFO] [1783324702.011802072] [local_costmap.local_costmap]: Creating Costmap
[lifecycle_manager-3] [INFO] [1783324702.204703705] [lifecycle_manager_localization]: [34m[1mStarting managed nodes bringup...[0m[0m
[lifecycle_manager-3] [INFO] [1783324702.211113625] [lifecycle_manager_localization]: [34m[1mConfiguring map_server[0m[0m
[map_server-1] [INFO] [1783324702.218049003] [map_server]: Configuring
[map_server-1] [INFO] [1783324702.218350295] [map_io]: Loading yaml file: /root/rdk_x5_vln_robot/maps/joy_calibrated_corridor_map.yaml
[map_server-1] [INFO] [1783324702.219381087] [map_io]: resolution: 0.05
[map_server-1] [INFO] [1783324702.219462170] [map_io]: origin[0]: -8.38
[map_server-1] [INFO] [1783324702.219494337] [map_io]: origin[1]: -4.59
[map_server-1] [INFO] [1783324702.219522504] [map_io]: origin[2]: 0
[map_server-1] [INFO] [1783324702.219551629] [map_io]: free_thresh: 0.25
[map_server-1] [INFO] [1783324702.219579796] [map_io]: occupied_thresh: 0.65
[map_server-1] [INFO] [1783324702.219617212] [map_io]: mode: trinary
[map_server-1] [INFO] [1783324702.219647087] [map_io]: negate: 0
[map_server-1] [INFO] [1783324702.220449629] [map_io]: Loading image_file: /root/rdk_x5_vln_robot/maps/joy_calibrated_corridor_map.pgm
[map_server-1] [INFO] [1783324702.325027762] [map_io]: Read map /root/rdk_x5_vln_robot/maps/joy_calibrated_corridor_map.pgm: 223 X 302 map @ 0.05 m/cell
[lifecycle_manager-11] [INFO] [1783324702.387157125] [lifecycle_manager_navigation]: [34m[1mStarting managed nodes bringup...[0m[0m
[lifecycle_manager-11] [INFO] [1783324702.390658752] [lifecycle_manager_navigation]: [34m[1mConfiguring controller_server[0m[0m
[lifecycle_manager-3] [INFO] [1783324702.401274340] [lifecycle_manager_localization]: [34m[1mConfiguring amcl[0m[0m
[amcl-2] [INFO] [1783324702.403601799] [amcl]: Configuring
[amcl-2] [INFO] [1783324702.403987341] [amcl]: initTransforms
[controller_server-4] [INFO] [1783324702.408572802] [controller_server]: Configuring controller interface
[controller_server-4] [INFO] [1783324702.412464429] [controller_server]: getting goal checker plugins..
[controller_server-4] [INFO] [1783324702.412977720] [controller_server]: Controller frequency set to 8.0000Hz
[controller_server-4] [INFO] [1783324702.413229512] [local_costmap.local_costmap]: Configuring
[controller_server-4] [INFO] [1783324702.505147139] [local_costmap.local_costmap]: Using plugin "voxel_layer"
[controller_server-4] [INFO] [1783324702.551890036] [local_costmap.local_costmap]: Subscribed to Topics: scan
[amcl-2] [INFO] [1783324702.552295203] [amcl]: initPubSub
[amcl-2] [INFO] [1783324702.610959023] [amcl]: Subscribed to map topic.
[controller_server-4] [INFO] [1783324702.634428659] [local_costmap.local_costmap]: Initialized plugin "voxel_layer"
[controller_server-4] [INFO] [1783324702.634585992] [local_costmap.local_costmap]: Using plugin "inflation_layer"
[controller_server-4] [INFO] [1783324702.650079624] [local_costmap.local_costmap]: Initialized plugin "inflation_layer"
[lifecycle_manager-3] [INFO] [1783324702.665346882] [lifecycle_manager_localization]: [34m[1mActivating map_server[0m[0m
[map_server-1] [INFO] [1783324702.666459632] [map_server]: Activating
[map_server-1] [INFO] [1783324702.668377466] [map_server]: Creating bond (map_server) to lifecycle manager.
[amcl-2] [INFO] [1783324702.669324675] [amcl]: Received a 223 X 302 map @ 0.050 m/pix
[controller_server-4] [INFO] [1783324702.748297421] [controller_server]: Created progress_checker : progress_checker of type nav2_controller::SimpleProgressChecker
[controller_server-4] [INFO] [1783324702.754033090] [controller_server]: Created goal checker : general_goal_checker of type nav2_controller::SimpleGoalChecker
[controller_server-4] [INFO] [1783324702.759665176] [controller_server]: Controller Server has general_goal_checker  goal checkers available.
[controller_server-4] [INFO] [1783324702.762317678] [controller_server]: Created controller : FollowPath of type nav2_regulated_pure_pursuit_controller::RegulatedPurePursuitController
[lifecycle_manager-3] [INFO] [1783324702.794556235] [lifecycle_manager_localization]: Server map_server connected with bond.
[lifecycle_manager-3] [INFO] [1783324702.794804985] [lifecycle_manager_localization]: [34m[1mActivating amcl[0m[0m
[amcl-2] [INFO] [1783324702.797505986] [amcl]: Activating
[amcl-2] [INFO] [1783324702.797694194] [amcl]: Creating bond (amcl) to lifecycle manager.
[controller_server-4] [INFO] [1783324702.819313121] [controller_server]: Controller Server has FollowPath  controllers available.
[amcl-2] [INFO] [1783324702.861686225] [amcl]: createLaserObject
[lifecycle_manager-11] [INFO] [1783324702.878188899] [lifecycle_manager_navigation]: [34m[1mConfiguring smoother_server[0m[0m
[smoother_server-5] [INFO] [1783324702.879400483] [smoother_server]: Configuring smoother server
[lifecycle_manager-3] [INFO] [1783324702.926756006] [lifecycle_manager_localization]: Server amcl connected with bond.
[lifecycle_manager-3] [INFO] [1783324702.926916006] [lifecycle_manager_localization]: [34m[1mManaged nodes are active[0m[0m
[lifecycle_manager-3] [INFO] [1783324702.926973672] [lifecycle_manager_localization]: [34m[1mCreating bond timer...[0m[0m
[smoother_server-5] [INFO] [1783324702.943594305] [smoother_server]: Created smoother : simple_smoother of type nav2_smoother::SimpleSmoother
[smoother_server-5] [INFO] [1783324702.951203100] [smoother_server]: Smoother Server has simple_smoother  smoothers available.
[lifecycle_manager-11] [INFO] [1783324702.995281788] [lifecycle_manager_navigation]: [34m[1mConfiguring planner_server[0m[0m
[planner_server-6] [INFO] [1783324702.996332455] [planner_server]: Configuring
[planner_server-6] [INFO] [1783324702.996507622] [global_costmap.global_costmap]: Configuring
[planner_server-6] [INFO] [1783324703.028933471] [global_costmap.global_costmap]: Using plugin "static_layer"
[planner_server-6] [INFO] [1783324703.050305856] [global_costmap.global_costmap]: Subscribing to the map topic (/map) with transient local durability
[planner_server-6] [INFO] [1783324703.058959985] [global_costmap.global_costmap]: Initialized plugin "static_layer"
[planner_server-6] [INFO] [1783324703.059107527] [global_costmap.global_costmap]: Using plugin "inflation_layer"
[planner_server-6] [INFO] [1783324703.067435155] [global_costmap.global_costmap]: Initialized plugin "inflation_layer"
[planner_server-6] [INFO] [1783324703.134045229] [global_costmap.global_costmap]: StaticLayer: Resizing costmap to 223 X 302 at 0.050000 m/pix
[planner_server-6] [INFO] [1783324703.135052437] [planner_server]: Created global planner plugin GridBased of type nav2_navfn_planner/NavfnPlanner
[planner_server-6] [INFO] [1783324703.135206729] [planner_server]: Configuring plugin GridBased of type NavfnPlanner
[planner_server-6] [INFO] [1783324703.142526066] [planner_server]: Planner Server has GridBased  planners available.
[lifecycle_manager-11] [INFO] [1783324703.226006522] [lifecycle_manager_navigation]: [34m[1mConfiguring behavior_server[0m[0m
[behavior_server-7] [INFO] [1783324703.227437814] [behavior_server]: Configuring
[behavior_server-7] [INFO] [1783324703.323944527] [behavior_server]: Creating behavior plugin spin of type nav2_behaviors/Spin
[behavior_server-7] [INFO] [1783324703.327551779] [behavior_server]: Configuring spin
[behavior_server-7] [INFO] [1783324703.403129898] [behavior_server]: Creating behavior plugin backup of type nav2_behaviors/BackUp
[behavior_server-7] [INFO] [1783324703.408232692] [behavior_server]: Configuring backup
[behavior_server-7] [INFO] [1783324703.474307765] [behavior_server]: Creating behavior plugin drive_on_heading of type nav2_behaviors/DriveOnHeading
[behavior_server-7] [INFO] [1783324703.477856058] [behavior_server]: Configuring drive_on_heading
[behavior_server-7] [INFO] [1783324703.532531417] [behavior_server]: Creating behavior plugin assisted_teleop of type nav2_behaviors/AssistedTeleop
[behavior_server-7] [INFO] [1783324703.541184963] [behavior_server]: Configuring assisted_teleop
[behavior_server-7] [INFO] [1783324703.624882461] [behavior_server]: Creating behavior plugin wait of type nav2_behaviors/Wait
[behavior_server-7] [INFO] [1783324703.629794671] [behavior_server]: Configuring wait
[lifecycle_manager-11] [INFO] [1783324703.687700074] [lifecycle_manager_navigation]: [34m[1mConfiguring bt_navigator[0m[0m
[bt_navigator-8] [INFO] [1783324703.689108533] [bt_navigator]: Configuring
[lifecycle_manager-11] [INFO] [1783324704.420548170] [lifecycle_manager_navigation]: [34m[1mConfiguring waypoint_follower[0m[0m
[waypoint_follower-9] [INFO] [1783324704.422441004] [waypoint_follower]: Configuring
[amcl-2] [WARN] [1783324704.457704396] [amcl]: AMCL cannot publish a pose or update the transform. Please set the initial pose...
[waypoint_follower-9] [INFO] [1783324704.584023539] [waypoint_follower]: Created waypoint_task_executor : wait_at_waypoint of type nav2_waypoint_follower::WaitAtWaypoint
[lifecycle_manager-11] [INFO] [1783324704.592742752] [lifecycle_manager_navigation]: [34m[1mConfiguring velocity_smoother[0m[0m
[velocity_smoother-10] [INFO] [1783324704.594395377] [velocity_smoother]: Configuring velocity smoother
[lifecycle_manager-11] [INFO] [1783324704.623992641] [lifecycle_manager_navigation]: [34m[1mActivating controller_server[0m[0m
[controller_server-4] [INFO] [1783324704.625549809] [controller_server]: Activating
[controller_server-4] [INFO] [1783324704.625765184] [local_costmap.local_costmap]: Activating
[controller_server-4] [INFO] [1783324704.625843476] [local_costmap.local_costmap]: Checking transform
[controller_server-4] [INFO] [1783324704.626246892] [local_costmap.local_costmap]: start
[amcl-2] [INFO] [1783324704.664260160] [amcl]: Message Filter dropping message: frame 'laser' at time 1783324702.454 for reason 'the timestamp on the message is earlier than all the data in the transform cache'
[controller_server-4] [INFO] [1783324704.829645030] [controller_server]: Activating controller: FollowPath of type regulated_pure_pursuit_controller::RegulatedPurePursuitController
[controller_server-4] [INFO] [1783324704.829826739] [controller_server]: Creating bond (controller_server) to lifecycle manager.
[lifecycle_manager-11] [INFO] [1783324704.948139586] [lifecycle_manager_navigation]: Server controller_server connected with bond.
[lifecycle_manager-11] [INFO] [1783324704.948342378] [lifecycle_manager_navigation]: [34m[1mActivating smoother_server[0m[0m
[smoother_server-5] [INFO] [1783324704.949709879] [smoother_server]: Activating
[smoother_server-5] [INFO] [1783324704.949932504] [smoother_server]: Creating bond (smoother_server) to lifecycle manager.
[lifecycle_manager-11] [INFO] [1783324705.067601309] [lifecycle_manager_navigation]: Server smoother_server connected with bond.
[lifecycle_manager-11] [INFO] [1783324705.067954518] [lifecycle_manager_navigation]: [34m[1mActivating planner_server[0m[0m
[planner_server-6] [INFO] [1783324705.069375518] [planner_server]: Activating
[planner_server-6] [INFO] [1783324705.069649102] [global_costmap.global_costmap]: Activating
[planner_server-6] [INFO] [1783324705.069762894] [global_costmap.global_costmap]: Checking transform
[planner_server-6] [INFO] [1783324705.069948477] [global_costmap.global_costmap]: Timed out waiting for transform from base_link to map to become available, tf error: Invalid frame ID "map" passed to canTransform argument target_frame - frame does not exist
[planner_server-6] [INFO] [1783324705.570009421] [global_costmap.global_costmap]: Timed out waiting for transform from base_link to map to become available, tf error: Invalid frame ID "map" passed to canTransform argument target_frame - frame does not exist
[planner_server-6] [INFO] [1783324706.069983782] [global_costmap.global_costmap]: Timed out waiting for transform from base_link to map to become available, tf error: Invalid frame ID "map" passed to canTransform argument target_frame - frame does not exist
[amcl-2] [WARN] [1783324706.555624636] [amcl]: AMCL cannot publish a pose or update the transform. Please set the initial pose...
[planner_server-6] [INFO] [1783324706.569985726] [global_costmap.global_costmap]: Timed out waiting for transform from base_link to map to become available, tf error: Invalid frame ID "map" passed to canTransform argument target_frame - frame does not exist
[planner_server-6] [INFO] [1783324707.069973336] [global_costmap.global_costmap]: Timed out waiting for transform from base_link to map to become available, tf error: Invalid frame ID "map" passed to canTransform argument target_frame - frame does not exist
[planner_server-6] [INFO] [1783324707.569979155] [global_costmap.global_costmap]: Timed out waiting for transform from base_link to map to become available, tf error: Invalid frame ID "map" passed to canTransform argument target_frame - frame does not exist
[planner_server-6] [INFO] [1783324708.069973974] [global_costmap.global_costmap]: Timed out waiting for transform from base_link to map to become available, tf error: Invalid frame ID "map" passed to canTransform argument target_frame - frame does not exist
[planner_server-6] [INFO] [1783324708.569976375] [global_costmap.global_costmap]: Timed out waiting for transform from base_link to map to become available, tf error: Invalid frame ID "map" passed to canTransform argument target_frame - frame does not exist
[amcl-2] [WARN] [1783324708.649841621] [amcl]: AMCL cannot publish a pose or update the transform. Please set the initial pose...
[planner_server-6] [INFO] [1783324709.069992693] [global_costmap.global_costmap]: Timed out waiting for transform from base_link to map to become available, tf error: Invalid frame ID "map" passed to canTransform argument target_frame - frame does not exist
[planner_server-6] [INFO] [1783324709.569974761] [global_costmap.global_costmap]: Timed out waiting for transform from base_link to map to become available, tf error: Invalid frame ID "map" passed to canTransform argument target_frame - frame does not exist
[planner_server-6] [INFO] [1783324710.069981746] [global_costmap.global_costmap]: Timed out waiting for transform from base_link to map to become available, tf error: Invalid frame ID "map" passed to canTransform argument target_frame - frame does not exist
[planner_server-6] [INFO] [1783324710.569975230] [global_costmap.global_costmap]: Timed out waiting for transform from base_link to map to become available, tf error: Invalid frame ID "map" passed to canTransform argument target_frame - frame does not exist
[amcl-2] [WARN] [1783324710.748729105] [amcl]: AMCL cannot publish a pose or update the transform. Please set the initial pose...
[planner_server-6] [INFO] [1783324711.069972964] [global_costmap.global_costmap]: Timed out waiting for transform from base_link to map to become available, tf error: Invalid frame ID "map" passed to canTransform argument target_frame - frame does not exist
[planner_server-6] [INFO] [1783324711.569979157] [global_costmap.global_costmap]: Timed out waiting for transform from base_link to map to become available, tf error: Invalid frame ID "map" passed to canTransform argument target_frame - frame does not exist
[planner_server-6] [INFO] [1783324712.069973890] [global_costmap.global_costmap]: Timed out waiting for transform from base_link to map to become available, tf error: Invalid frame ID "map" passed to canTransform argument target_frame - frame does not exist
[planner_server-6] [INFO] [1783324712.569970291] [global_costmap.global_costmap]: Timed out waiting for transform from base_link to map to become available, tf error: Invalid frame ID "map" passed to canTransform argument target_frame - frame does not exist
[amcl-2] [WARN] [1783324712.847816962] [amcl]: AMCL cannot publish a pose or update the transform. Please set the initial pose...
[planner_server-6] [INFO] [1783324713.069961358] [global_costmap.global_costmap]: Timed out waiting for transform from base_link to map to become available, tf error: Invalid frame ID "map" passed to canTransform argument target_frame - frame does not exist
[planner_server-6] [INFO] [1783324713.569962883] [global_costmap.global_costmap]: Timed out waiting for transform from base_link to map to become available, tf error: Invalid frame ID "map" passed to canTransform argument target_frame - frame does not exist
[planner_server-6] [INFO] [1783324714.070059908] [global_costmap.global_costmap]: Timed out waiting for transform from base_link to map to become available, tf error: Invalid frame ID "map" passed to canTransform argument target_frame - frame does not exist
[planner_server-6] [INFO] [1783324714.569968932] [global_costmap.global_costmap]: Timed out waiting for transform from base_link to map to become available, tf error: Invalid frame ID "map" passed to canTransform argument target_frame - frame does not exist
[amcl-2] [WARN] [1783324714.948092025] [amcl]: AMCL cannot publish a pose or update the transform. Please set the initial pose...
[planner_server-6] [INFO] [1783324715.069993540] [global_costmap.global_costmap]: Timed out waiting for transform from base_link to map to become available, tf error: Invalid frame ID "map" passed to canTransform argument target_frame - frame does not exist
[planner_server-6] [INFO] [1783324715.569972356] [global_costmap.global_costmap]: Timed out waiting for transform from base_link to map to become available, tf error: Invalid frame ID "map" passed to canTransform argument target_frame - frame does not exist
[planner_server-6] [INFO] [1783324716.069962380] [global_costmap.global_costmap]: Timed out waiting for transform from base_link to map to become available, tf error: Invalid frame ID "map" passed to canTransform argument target_frame - frame does not exist
[planner_server-6] [INFO] [1783324716.571389780] [global_costmap.global_costmap]: Timed out waiting for transform from base_link to map to become available, tf error: Invalid frame ID "map" passed to canTransform argument target_frame - frame does not exist
[amcl-2] [WARN] [1783324717.051125753] [amcl]: AMCL cannot publish a pose or update the transform. Please set the initial pose...
[planner_server-6] [INFO] [1783324717.069994887] [global_costmap.global_costmap]: Timed out waiting for transform from base_link to map to become available, tf error: Invalid frame ID "map" passed to canTransform argument target_frame - frame does not exist
[planner_server-6] [INFO] [1783324717.569956744] [global_costmap.global_costmap]: Timed out waiting for transform from base_link to map to become available, tf error: Invalid frame ID "map" passed to canTransform argument target_frame - frame does not exist
[planner_server-6] [INFO] [1783324718.069971267] [global_costmap.global_costmap]: Timed out waiting for transform from base_link to map to become available, tf error: Invalid frame ID "map" passed to canTransform argument target_frame - frame does not exist
[planner_server-6] [INFO] [1783324718.569971166] [global_costmap.global_costmap]: Timed out waiting for transform from base_link to map to become available, tf error: Invalid frame ID "map" passed to canTransform argument target_frame - frame does not exist
[planner_server-6] [INFO] [1783324719.069954231] [global_costmap.global_costmap]: Timed out waiting for transform from base_link to map to become available, tf error: Invalid frame ID "map" passed to canTransform argument target_frame - frame does not exist
[amcl-2] [WARN] [1783324719.145255391] [amcl]: AMCL cannot publish a pose or update the transform. Please set the initial pose...
[planner_server-6] [INFO] [1783324719.569955837] [global_costmap.global_costmap]: Timed out waiting for transform from base_link to map to become available, tf error: Invalid frame ID "map" passed to canTransform argument target_frame - frame does not exist
[planner_server-6] [INFO] [1783324720.069955485] [global_costmap.global_costmap]: Timed out waiting for transform from base_link to map to become available, tf error: Invalid frame ID "map" passed to canTransform argument target_frame - frame does not exist
[planner_server-6] [INFO] [1783324720.569964758] [global_costmap.global_costmap]: Timed out waiting for transform from base_link to map to become available, tf error: Invalid frame ID "map" passed to canTransform argument target_frame - frame does not exist
[planner_server-6] [INFO] [1783324721.070045489] [global_costmap.global_costmap]: Timed out waiting for transform from base_link to map to become available, tf error: Invalid frame ID "map" passed to canTransform argument target_frame - frame does not exist
[amcl-2] [WARN] [1783324721.240554901] [amcl]: AMCL cannot publish a pose or update the transform. Please set the initial pose...
[planner_server-6] [INFO] [1783324721.569981303] [global_costmap.global_costmap]: Timed out waiting for transform from base_link to map to become available, tf error: Invalid frame ID "map" passed to canTransform argument target_frame - frame does not exist
[planner_server-6] [INFO] [1783324722.069993659] [global_costmap.global_costmap]: Timed out waiting for transform from base_link to map to become available, tf error: Invalid frame ID "map" passed to canTransform argument target_frame - frame does not exist
[planner_server-6] [INFO] [1783324722.569966306] [global_costmap.global_costmap]: Timed out waiting for transform from base_link to map to become available, tf error: Invalid frame ID "map" passed to canTransform argument target_frame - frame does not exist
[planner_server-6] [INFO] [1783324723.069967328] [global_costmap.global_costmap]: Timed out waiting for transform from base_link to map to become available, tf error: Invalid frame ID "map" passed to canTransform argument target_frame - frame does not exist
[amcl-2] [WARN] [1783324723.242290491] [amcl]: AMCL cannot publish a pose or update the transform. Please set the initial pose...
[planner_server-6] [INFO] [1783324723.569966891] [global_costmap.global_costmap]: Timed out waiting for transform from base_link to map to become available, tf error: Invalid frame ID "map" passed to canTransform argument target_frame - frame does not exist
[planner_server-6] [INFO] [1783324724.070008246] [global_costmap.global_costmap]: Timed out waiting for transform from base_link to map to become available, tf error: Invalid frame ID "map" passed to canTransform argument target_frame - frame does not exist
[amcl-2] [INFO] [1783324724.457814633] [amcl]: initialPoseReceived
[amcl-2] [WARN] [1783324724.458214008] [amcl]: Failed to transform initial pose in time (Lookup would require extrapolation into the future.  Requested time 1783324724.457997 but the latest data is at time 1783324724.429848, when looking up transform from frame [base_link] to frame [odom])
[amcl-2] [INFO] [1783324724.458316258] [amcl]: Setting pose (1783324724.458312): 0.338 9.325 0.016
[planner_server-6] [INFO] [1783324724.570156476] [global_costmap.global_costmap]: Timed out waiting for transform from base_link to map to become available, tf error: Lookup would require extrapolation at time 1783324724.562862, but only time 1783324726.434423 is in the buffer, when looking up transform from frame [base_link] to frame [map]
[planner_server-6] [INFO] [1783324725.070161998] [global_costmap.global_costmap]: Timed out waiting for transform from base_link to map to become available, tf error: Lookup would require extrapolation into the past.  Requested time 1783324725.062938 but the earliest data is at time 1783324726.434423, when looking up transform from frame [base_link] to frame [map]
[planner_server-6] [INFO] [1783324725.570087019] [global_costmap.global_costmap]: Timed out waiting for transform from base_link to map to become available, tf error: Lookup would require extrapolation into the past.  Requested time 1783324725.563322 but the earliest data is at time 1783324726.434423, when looking up transform from frame [base_link] to frame [map]
[planner_server-6] [INFO] [1783324726.070102123] [global_costmap.global_costmap]: Timed out waiting for transform from base_link to map to become available, tf error: Lookup would require extrapolation into the past.  Requested time 1783324726.063331 but the earliest data is at time 1783324726.434423, when looking up transform from frame [base_link] to frame [map]
[planner_server-6] [INFO] [1783324726.570220353] [global_costmap.global_costmap]: start
[planner_server-6] [INFO] [1783324727.620612250] [planner_server]: Activating plugin GridBased of type NavfnPlanner
[amcl-2] [INFO] [1783324727.626668211] [amcl]: initialPoseReceived
[amcl-2] [WARN] [1783324727.627043545] [amcl]: Failed to transform initial pose in time (Lookup would require extrapolation into the future.  Requested time 1783324727.626871 but the latest data is at time 1783324727.596152, when looking up transform from frame [base_link] to frame [odom])
[amcl-2] [INFO] [1783324727.627160462] [amcl]: Setting pose (1783324727.627156): 0.338 9.325 0.016
[planner_server-6] [INFO] [1783324727.631120880] [planner_server]: Creating bond (planner_server) to lifecycle manager.
[lifecycle_manager-11] [INFO] [1783324727.761042106] [lifecycle_manager_navigation]: Server planner_server connected with bond.
[lifecycle_manager-11] [INFO] [1783324727.761323065] [lifecycle_manager_navigation]: [34m[1mActivating behavior_server[0m[0m
[behavior_server-7] [INFO] [1783324727.763210441] [behavior_server]: Activating
[behavior_server-7] [INFO] [1783324727.763378691] [behavior_server]: Activating spin
[behavior_server-7] [INFO] [1783324727.763479191] [behavior_server]: Activating backup
[behavior_server-7] [INFO] [1783324727.763544399] [behavior_server]: Activating drive_on_heading
[behavior_server-7] [INFO] [1783324727.763599357] [behavior_server]: Activating assisted_teleop
[behavior_server-7] [INFO] [1783324727.763646691] [behavior_server]: Activating wait
[behavior_server-7] [INFO] [1783324727.763711524] [behavior_server]: Creating bond (behavior_server) to lifecycle manager.
[lifecycle_manager-11] [INFO] [1783324727.893342417] [lifecycle_manager_navigation]: Server behavior_server connected with bond.
[lifecycle_manager-11] [INFO] [1783324727.893517084] [lifecycle_manager_navigation]: [34m[1mActivating bt_navigator[0m[0m
[bt_navigator-8] [INFO] [1783324727.895279209] [bt_navigator]: Activating
[bt_navigator-8] [WARN] [1783324728.417427281] [bt_navigator_navigate_to_pose_rclcpp_node]: Wait duration is negative or zero (0). Setting to positive.
[bt_navigator-8] [INFO] [1783324728.423849201] [bt_navigator]: Creating bond (bt_navigator) to lifecycle manager.
[lifecycle_manager-11] [INFO] [1783324728.555987803] [lifecycle_manager_navigation]: Server bt_navigator connected with bond.
[lifecycle_manager-11] [INFO] [1783324728.556269970] [lifecycle_manager_navigation]: [34m[1mActivating waypoint_follower[0m[0m
[waypoint_follower-9] [INFO] [1783324728.558023721] [waypoint_follower]: Activating
[waypoint_follower-9] [INFO] [1783324728.558208721] [waypoint_follower]: Creating bond (waypoint_follower) to lifecycle manager.
[lifecycle_manager-11] [INFO] [1783324728.685883029] [lifecycle_manager_navigation]: Server waypoint_follower connected with bond.
[lifecycle_manager-11] [INFO] [1783324728.686041446] [lifecycle_manager_navigation]: [34m[1mActivating velocity_smoother[0m[0m
[velocity_smoother-10] [INFO] [1783324728.687397613] [velocity_smoother]: Activating
[velocity_smoother-10] [INFO] [1783324728.687670030] [velocity_smoother]: Creating bond (velocity_smoother) to lifecycle manager.
[lifecycle_manager-11] [INFO] [1783324728.811466545] [lifecycle_manager_navigation]: Server velocity_smoother connected with bond.
[lifecycle_manager-11] [INFO] [1783324728.811622962] [lifecycle_manager_navigation]: [34m[1mManaged nodes are active[0m[0m
[lifecycle_manager-11] [INFO] [1783324728.811681837] [lifecycle_manager_navigation]: [34m[1mCreating bond timer...[0m[0m
[planner_server-6] [WARN] [1783324896.867880733] [planner_server]: No planners specified in action call. Server will use only plugin GridBased  in server. This warning will appear once.
[bt_navigator-8] [INFO] [1783324897.069996597] [bt_navigator]: Begin navigating from current location (0.32, 9.34) to (-5.17, 6.87)
[smoother_server-5] [INFO] [1783324897.137941997] [smoother_server]: Received a path to smooth.
[controller_server-4] [INFO] [1783324897.217616525] [controller_server]: Received a goal, begin computing control effort.
[controller_server-4] [WARN] [1783324897.217968109] [controller_server]: No goal checker was specified in parameter 'current_goal_checker'. Server will use only plugin loaded general_goal_checker . This warning will appear once.
[smoother_server-5] [INFO] [1783324947.277394299] [smoother_server]: Received a path to smooth.
[controller_server-4] [WARN] [1783324947.319431355] [controller_server]: [follow_path] [ActionServer] Aborting handle.
[controller_server-4] [INFO] [1783324947.343294696] [controller_server]: Passing new path to controller.
[controller_server-4] [INFO] [1783324971.344286791] [controller_server]: Reached the goal!
[bt_navigator-8] [INFO] [1783324971.413971772] [bt_navigator]: Goal succeeded
[bt_navigator-8] [INFO] [1783324997.988533499] [bt_navigator]: Begin navigating from current location (-5.05, 6.91) to (-5.11, 5.43)
[smoother_server-5] [INFO] [1783324998.032697012] [smoother_server]: Received a path to smooth.
[controller_server-4] [INFO] [1783324998.071552274] [controller_server]: Received a goal, begin computing control effort.
[controller_server-4] [INFO] [1783325012.698633224] [controller_server]: Reached the goal!
[bt_navigator-8] [INFO] [1783325012.770572162] [bt_navigator]: Goal succeeded
[bt_navigator-8] [INFO] [1783325018.478241370] [bt_navigator]: Begin navigating from current location (-5.06, 5.57) to (-4.12, 3.00)
[smoother_server-5] [INFO] [1783325018.521593092] [smoother_server]: Received a path to smooth.
[controller_server-4] [INFO] [1783325018.561482979] [controller_server]: Received a goal, begin computing control effort.
[controller_server-4] [INFO] [1783325063.187791432] [controller_server]: Reached the goal!
[bt_navigator-8] [INFO] [1783325063.260101411] [bt_navigator]: Goal succeeded
[bt_navigator-8] [INFO] [1783325082.180694532] [rclcpp]: signal_handler(signum=2)
[bt_navigator-8] [INFO] [1783325082.180913657] [bt_navigator]: Running Nav2 LifecycleNode rcl preshutdown (bt_navigator)
[bt_navigator-8] [INFO] [1783325082.181237741] [bt_navigator]: Deactivating
[bt_navigator-8] [INFO] [1783325082.181360074] [bt_navigator]: Destroying bond (bt_navigator) to lifecycle manager.
[behavior_server-7] [INFO] [1783325082.180694490] [rclcpp]: signal_handler(signum=2)
[behavior_server-7] [INFO] [1783325082.181038949] [behavior_server]: Running Nav2 LifecycleNode rcl preshutdown (behavior_server)
[behavior_server-7] [INFO] [1783325082.181268866] [behavior_server]: Deactivating
[behavior_server-7] [INFO] [1783325082.181389699] [behavior_server]: Destroying bond (behavior_server) to lifecycle manager.
[planner_server-6] [INFO] [1783325082.180706532] [rclcpp]: signal_handler(signum=2)
[planner_server-6] [INFO] [1783325082.182008741] [planner_server]: Running Nav2 LifecycleNode rcl preshutdown (planner_server)
[planner_server-6] [INFO] [1783325082.182261449] [planner_server]: Deactivating
[planner_server-6] [INFO] [1783325082.182413116] [global_costmap.global_costmap]: Deactivating
[lifecycle_manager-3] [INFO] [1783325082.180727449] [rclcpp]: signal_handler(signum=2)
[lifecycle_manager-3] [INFO] [1783325082.182683324] [lifecycle_manager_localization]: Running Nav2 LifecycleManager rcl preshutdown (lifecycle_manager_localization)
[lifecycle_manager-3] [INFO] [1783325082.182835199] [lifecycle_manager_localization]: [34m[1mTerminating bond timer...[0m[0m
[waypoint_follower-9] [INFO] [1783325082.181097865] [rclcpp]: signal_handler(signum=2)
[waypoint_follower-9] [INFO] [1783325082.181340282] [waypoint_follower]: Running Nav2 LifecycleNode rcl preshutdown (waypoint_follower)
[waypoint_follower-9] [INFO] [1783325082.181551282] [waypoint_follower]: Deactivating
[waypoint_follower-9] [INFO] [1783325082.181632657] [waypoint_follower]: Destroying bond (waypoint_follower) to lifecycle manager.
[controller_server-4] [INFO] [1783325082.181136990] [rclcpp]: signal_handler(signum=2)
[controller_server-4] [INFO] [1783325082.181326366] [controller_server]: Running Nav2 LifecycleNode rcl preshutdown (controller_server)
[controller_server-4] [INFO] [1783325082.181537074] [controller_server]: Deactivating
[controller_server-4] [INFO] [1783325082.181629991] [controller_server]: Deactivating controller: FollowPath of type regulated_pure_pursuit_controller::RegulatedPurePursuitController
[controller_server-4] [INFO] [1783325082.181735532] [local_costmap.local_costmap]: Deactivating
[amcl-2] [INFO] [1783325082.181254491] [rclcpp]: signal_handler(signum=2)
[amcl-2] [INFO] [1783325082.181701907] [amcl]: Running Nav2 LifecycleNode rcl preshutdown (amcl)
[amcl-2] [INFO] [1783325082.181906116] [amcl]: Deactivating
[amcl-2] [INFO] [1783325082.181986449] [amcl]: Destroying bond (amcl) to lifecycle manager.
[velocity_smoother-10] [INFO] [1783325082.181896116] [rclcpp]: signal_handler(signum=2)
[velocity_smoother-10] [INFO] [1783325082.182484783] [velocity_smoother]: Running Nav2 LifecycleNode rcl preshutdown (velocity_smoother)
[velocity_smoother-10] [INFO] [1783325082.183170116] [velocity_smoother]: Deactivating
[velocity_smoother-10] [INFO] [1783325082.183266491] [velocity_smoother]: Destroying bond (velocity_smoother) to lifecycle manager.
[smoother_server-5] [INFO] [1783325082.182723866] [rclcpp]: signal_handler(signum=2)
[smoother_server-5] [INFO] [1783325082.182934824] [smoother_server]: Running Nav2 LifecycleNode rcl preshutdown (smoother_server)
[smoother_server-5] [INFO] [1783325082.183167158] [smoother_server]: Deactivating
[smoother_server-5] [INFO] [1783325082.183260116] [smoother_server]: Destroying bond (smoother_server) to lifecycle manager.
[lifecycle_manager-11] [INFO] [1783325082.186964034] [rclcpp]: signal_handler(signum=2)
[lifecycle_manager-11] [INFO] [1783325082.188977868] [lifecycle_manager_navigation]: Running Nav2 LifecycleManager rcl preshutdown (lifecycle_manager_navigation)
[lifecycle_manager-11] [INFO] [1783325082.189729701] [lifecycle_manager_navigation]: [34m[1mTerminating bond timer...[0m[0m
[map_server-1] [INFO] [1783325082.189792701] [rclcpp]: signal_handler(signum=2)
[map_server-1] [INFO] [1783325082.190754993] [map_server]: Running Nav2 LifecycleNode rcl preshutdown (map_server)
[map_server-1] [INFO] [1783325082.191025076] [map_server]: Deactivating
[map_server-1] [INFO] [1783325082.191115702] [map_server]: Destroying bond (map_server) to lifecycle manager.
[controller_server-4] [INFO] [1783325082.226968461] [controller_server]: Destroying bond (controller_server) to lifecycle manager.
[map_server-1] [INFO] [1783325082.231910254] [map_server]: Cleaning up
[map_server-1] [INFO] [1783325082.232114338] [map_server]: Destroying bond (map_server) to lifecycle manager.
[amcl-2] [INFO] [1783325082.243520132] [amcl]: Cleaning up
[waypoint_follower-9] [INFO] [1783325082.252401135] [waypoint_follower]: Cleaning up
[smoother_server-5] [INFO] [1783325082.284046810] [smoother_server]: Cleaning up
[velocity_smoother-10] [INFO] [1783325082.284046893] [velocity_smoother]: Cleaning up
[velocity_smoother-10] [INFO] [1783325082.284233393] [velocity_smoother]: Destroying bond (velocity_smoother) to lifecycle manager.
[behavior_server-7] [INFO] [1783325082.285377227] [behavior_server]: Cleaning up
[map_server-1] [INFO] [1783325082.302931607] [map_server]: Destroying
[bt_navigator-8] [INFO] [1783325082.308690775] [bt_navigator]: Cleaning up
[controller_server-4] [INFO] [1783325082.328204863] [controller_server]: Cleaning up
[controller_server-4] [INFO] [1783325082.328339613] [controller_server]: Cleaning up controller: FollowPath of type regulated_pure_pursuit_controller::RegulatedPurePursuitController
[velocity_smoother-10] [INFO] [1783325082.345602160] [velocity_smoother]: Destroying
[controller_server-4] [INFO] [1783325082.380289919] [local_costmap.local_costmap]: Cleaning up
[smoother_server-5] [INFO] [1783325082.394487798] [smoother_server]: Destroying bond (smoother_server) to lifecycle manager.
[lifecycle_manager-3] [INFO] [1783325082.407893385] [lifecycle_manager_localization]: Destroying lifecycle_manager_localization
[smoother_server-5] [INFO] [1783325082.422185930] [smoother_server]: Destroying
[behavior_server-7] [INFO] [1783325082.424578306] [behavior_server]: Destroying bond (behavior_server) to lifecycle manager.
[waypoint_follower-9] [INFO] [1783325082.453052980] [waypoint_follower]: Destroying bond (waypoint_follower) to lifecycle manager.
[waypoint_follower-9] [INFO] [1783325082.459147190] [waypoint_follower]: Destroying
[planner_server-6] [INFO] [1783325082.570584178] [planner_server]: Deactivating plugin GridBased of type NavfnPlanner
[planner_server-6] [INFO] [1783325082.570763053] [planner_server]: Destroying bond (planner_server) to lifecycle manager.
[amcl-2] [INFO] [1783325082.604686563] [amcl]: Destroying bond (amcl) to lifecycle manager.
[planner_server-6] [INFO] [1783325082.672302289] [planner_server]: Cleaning up
[amcl-2] [INFO] [1783325082.681693542] [amcl]: Destroying
[controller_server-4] [INFO] [1783325082.805024491] [controller_server]: Destroying bond (controller_server) to lifecycle manager.
[controller_server-4] [INFO] [1783325082.837782208] [local_costmap.local_costmap]: Destroying
[planner_server-6] [INFO] [1783325082.853707421] [global_costmap.global_costmap]: Cleaning up
[INFO] [map_server-1]: process has finished cleanly [pid 57144]
[INFO] [lifecycle_manager-3]: process has finished cleanly [pid 57148]
[planner_server-6] [INFO] [1783325082.931104317] [planner_server]: Cleaning up plugin GridBased of type NavfnPlanner
[planner_server-6] [INFO] [1783325082.933365651] [planner_server]: Destroying plugin GridBased of type NavfnPlanner
[lifecycle_manager-11] [INFO] [1783325082.944950154] [lifecycle_manager_navigation]: Destroying lifecycle_manager_navigation
[INFO] [waypoint_follower-9]: process has finished cleanly [pid 57160]
[INFO] [velocity_smoother-10]: process has finished cleanly [pid 57163]
[INFO] [smoother_server-5]: process has finished cleanly [pid 57152]
[planner_server-6] [INFO] [1783325083.065454311] [planner_server]: Destroying bond (planner_server) to lifecycle manager.
[controller_server-4] [INFO] [1783325083.070925146] [controller_server]: Destroying
[planner_server-6] [INFO] [1783325083.106928614] [global_costmap.global_costmap]: Destroying
[behavior_server-7] [INFO] [1783325083.116855825] [behavior_server]: Destroying
[INFO] [amcl-2]: process has finished cleanly [pid 57146]
[planner_server-6] [INFO] [1783325083.298465999] [planner_server]: Destroying
[INFO] [lifecycle_manager-11]: process has finished cleanly [pid 57168]
[INFO] [controller_server-4]: process has finished cleanly [pid 57150]
[INFO] [behavior_server-7]: process has finished cleanly [pid 57156]
[bt_navigator-8] [INFO] [1783325083.497879260] [bt_navigator]: Completed Cleaning up
[bt_navigator-8] [INFO] [1783325083.498219177] [bt_navigator]: Destroying bond (bt_navigator) to lifecycle manager.
[bt_navigator-8] [INFO] [1783325083.528887769] [bt_navigator]: Destroying
[INFO] [planner_server-6]: process has finished cleanly [pid 57154]
[INFO] [bt_navigator-8]: process has finished cleanly [pid 57158]
