[INFO] [1783324679.160652196] [simple_scan_filter]: filter /scan -> /scan_filtered, keep=[0.22, 4.00], isolated_window=2, isolated_delta=0.25, min_support_neighbors=1
[INFO] [1783324692.766694995] [simple_scan_filter]: scan stats: n=404, zeros=99, nan=0, inf=0, finite_raw=305, finite_out=271, removed_isolated=5
[INFO] [1783324697.760933843] [simple_scan_filter]: scan stats: n=404, zeros=100, nan=0, inf=0, finite_raw=304, finite_out=274, removed_isolated=4
[INFO] [1783324702.767476888] [simple_scan_filter]: scan stats: n=404, zeros=110, nan=0, inf=0, finite_raw=294, finite_out=262, removed_isolated=5
[INFO] [1783324707.755062492] [simple_scan_filter]: scan stats: n=404, zeros=98, nan=0, inf=0, finite_raw=306, finite_out=275, removed_isolated=4
[INFO] [1783324712.759913963] [simple_scan_filter]: scan stats: n=404, zeros=95, nan=0, inf=0, finite_raw=309, finite_out=273, removed_isolated=5
[INFO] [1783324717.751626161] [simple_scan_filter]: scan stats: n=404, zeros=96, nan=0, inf=0, finite_raw=308, finite_out=277, removed_isolated=3
[INFO] [1783324722.743477928] [simple_scan_filter]: scan stats: n=404, zeros=102, nan=0, inf=0, finite_raw=302, finite_out=271, removed_isolated=3
[INFO] [1783324727.738363804] [simple_scan_filter]: scan stats: n=404, zeros=97, nan=0, inf=0, finite_raw=307, finite_out=270, removed_isolated=5
[INFO] [1783324732.742592211] [simple_scan_filter]: scan stats: n=404, zeros=100, nan=0, inf=0, finite_raw=304, finite_out=268, removed_isolated=4
[INFO] [1783324737.734494305] [simple_scan_filter]: scan stats: n=404, zeros=101, nan=0, inf=0, finite_raw=303, finite_out=268, removed_isolated=5
[INFO] [1783324742.732520136] [simple_scan_filter]: scan stats: n=404, zeros=94, nan=0, inf=0, finite_raw=310, finite_out=274, removed_isolated=4
[INFO] [1783324747.730592119] [simple_scan_filter]: scan stats: n=404, zeros=97, nan=0, inf=0, finite_raw=307, finite_out=274, removed_isolated=4
[INFO] [1783324752.724597417] [simple_scan_filter]: scan stats: n=404, zeros=100, nan=0, inf=0, finite_raw=304, finite_out=270, removed_isolated=5
[INFO] [1783324757.720675743] [simple_scan_filter]: scan stats: n=404, zeros=101, nan=0, inf=0, finite_raw=303, finite_out=272, removed_isolated=5
[INFO] [1783324762.715964386] [simple_scan_filter]: scan stats: n=404, zeros=96, nan=0, inf=0, finite_raw=308, finite_out=271, removed_isolated=6
[INFO] [1783324767.711827223] [simple_scan_filter]: scan stats: n=404, zeros=98, nan=0, inf=0, finite_raw=306, finite_out=275, removed_isolated=5
[INFO] [1783324772.709785878] [simple_scan_filter]: scan stats: n=404, zeros=103, nan=0, inf=0, finite_raw=301, finite_out=270, removed_isolated=5
[INFO] [1783324777.705452143] [simple_scan_filter]: scan stats: n=404, zeros=103, nan=0, inf=0, finite_raw=301, finite_out=270, removed_isolated=5
[INFO] [1783324782.701798351] [simple_scan_filter]: scan stats: n=404, zeros=101, nan=0, inf=0, finite_raw=303, finite_out=272, removed_isolated=5
[INFO] [1783324787.698195795] [simple_scan_filter]: scan stats: n=404, zeros=96, nan=0, inf=0, finite_raw=308, finite_out=275, removed_isolated=6
[INFO] [1783324792.702462727] [simple_scan_filter]: scan stats: n=404, zeros=101, nan=0, inf=0, finite_raw=303, finite_out=271, removed_isolated=6
[INFO] [1783324797.713658647] [simple_scan_filter]: scan stats: n=404, zeros=95, nan=0, inf=0, finite_raw=309, finite_out=276, removed_isolated=4
[INFO] [1783324802.698039416] [simple_scan_filter]: scan stats: n=404, zeros=104, nan=0, inf=0, finite_raw=300, finite_out=267, removed_isolated=4
[INFO] [1783324807.685087713] [simple_scan_filter]: scan stats: n=404, zeros=94, nan=0, inf=0, finite_raw=310, finite_out=275, removed_isolated=6
[INFO] [1783324812.683194500] [simple_scan_filter]: scan stats: n=404, zeros=102, nan=0, inf=0, finite_raw=302, finite_out=268, removed_isolated=3
[INFO] [1783324817.692694694] [simple_scan_filter]: scan stats: n=404, zeros=99, nan=0, inf=0, finite_raw=305, finite_out=271, removed_isolated=5
[INFO] [1783324822.687500576] [simple_scan_filter]: scan stats: n=404, zeros=104, nan=0, inf=0, finite_raw=300, finite_out=269, removed_isolated=3
[INFO] [1783324827.670444648] [simple_scan_filter]: scan stats: n=404, zeros=94, nan=0, inf=0, finite_raw=310, finite_out=276, removed_isolated=5
[INFO] [1783324832.667057210] [simple_scan_filter]: scan stats: n=404, zeros=100, nan=0, inf=0, finite_raw=304, finite_out=271, removed_isolated=3
[INFO] [1783324837.668975844] [simple_scan_filter]: scan stats: n=404, zeros=99, nan=0, inf=0, finite_raw=305, finite_out=274, removed_isolated=4
[INFO] [1783324842.671936297] [simple_scan_filter]: scan stats: n=404, zeros=98, nan=0, inf=0, finite_raw=306, finite_out=274, removed_isolated=4
[INFO] [1783324847.661674898] [simple_scan_filter]: scan stats: n=404, zeros=92, nan=0, inf=0, finite_raw=312, finite_out=280, removed_isolated=4
[INFO] [1783324852.661218155] [simple_scan_filter]: scan stats: n=404, zeros=93, nan=0, inf=0, finite_raw=311, finite_out=279, removed_isolated=3
[INFO] [1783324857.654060562] [simple_scan_filter]: scan stats: n=404, zeros=93, nan=0, inf=0, finite_raw=311, finite_out=276, removed_isolated=4
[INFO] [1783324862.650902207] [simple_scan_filter]: scan stats: n=404, zeros=92, nan=0, inf=0, finite_raw=312, finite_out=281, removed_isolated=3
[INFO] [1783324867.654221008] [simple_scan_filter]: scan stats: n=404, zeros=96, nan=0, inf=0, finite_raw=308, finite_out=278, removed_isolated=3
[INFO] [1783324872.642260205] [simple_scan_filter]: scan stats: n=404, zeros=95, nan=0, inf=0, finite_raw=309, finite_out=276, removed_isolated=3
[INFO] [1783324877.638986809] [simple_scan_filter]: scan stats: n=404, zeros=99, nan=0, inf=0, finite_raw=305, finite_out=274, removed_isolated=4
[INFO] [1783324882.639561317] [simple_scan_filter]: scan stats: n=404, zeros=102, nan=0, inf=0, finite_raw=302, finite_out=273, removed_isolated=4
[INFO] [1783324887.630926392] [simple_scan_filter]: scan stats: n=404, zeros=99, nan=0, inf=0, finite_raw=305, finite_out=273, removed_isolated=4
[INFO] [1783324892.633357124] [simple_scan_filter]: scan stats: n=404, zeros=102, nan=0, inf=0, finite_raw=302, finite_out=274, removed_isolated=2
[INFO] [1783324897.632870716] [simple_scan_filter]: scan stats: n=404, zeros=97, nan=0, inf=0, finite_raw=307, finite_out=273, removed_isolated=5
[INFO] [1783324902.622640625] [simple_scan_filter]: scan stats: n=404, zeros=106, nan=0, inf=0, finite_raw=298, finite_out=266, removed_isolated=6
[INFO] [1783324907.623152191] [simple_scan_filter]: scan stats: n=404, zeros=102, nan=0, inf=0, finite_raw=302, finite_out=255, removed_isolated=6
[INFO] [1783324912.626742162] [simple_scan_filter]: scan stats: n=404, zeros=115, nan=0, inf=0, finite_raw=289, finite_out=248, removed_isolated=5
[INFO] [1783324917.613004405] [simple_scan_filter]: scan stats: n=404, zeros=108, nan=0, inf=0, finite_raw=296, finite_out=245, removed_isolated=4
[INFO] [1783324922.618085975] [simple_scan_filter]: scan stats: n=404, zeros=112, nan=0, inf=0, finite_raw=292, finite_out=241, removed_isolated=3
[INFO] [1783324927.610489735] [simple_scan_filter]: scan stats: n=404, zeros=121, nan=0, inf=0, finite_raw=283, finite_out=226, removed_isolated=6
[INFO] [1783324932.608728277] [simple_scan_filter]: scan stats: n=404, zeros=132, nan=0, inf=0, finite_raw=272, finite_out=233, removed_isolated=5
[INFO] [1783324937.603747430] [simple_scan_filter]: scan stats: n=404, zeros=139, nan=0, inf=0, finite_raw=265, finite_out=225, removed_isolated=10
[INFO] [1783324942.602460654] [simple_scan_filter]: scan stats: n=404, zeros=141, nan=0, inf=0, finite_raw=263, finite_out=195, removed_isolated=12
[INFO] [1783324947.599713323] [simple_scan_filter]: scan stats: n=404, zeros=122, nan=0, inf=0, finite_raw=282, finite_out=205, removed_isolated=9
[INFO] [1783324952.600964190] [simple_scan_filter]: scan stats: n=404, zeros=138, nan=0, inf=0, finite_raw=266, finite_out=196, removed_isolated=6
[INFO] [1783324957.595650250] [simple_scan_filter]: scan stats: n=404, zeros=122, nan=0, inf=0, finite_raw=282, finite_out=203, removed_isolated=4
[INFO] [1783324962.586487212] [simple_scan_filter]: scan stats: n=404, zeros=130, nan=0, inf=0, finite_raw=274, finite_out=176, removed_isolated=10
[INFO] [1783324967.589123958] [simple_scan_filter]: scan stats: n=404, zeros=120, nan=0, inf=0, finite_raw=284, finite_out=194, removed_isolated=6
[INFO] [1783324972.581735563] [simple_scan_filter]: scan stats: n=404, zeros=121, nan=0, inf=0, finite_raw=283, finite_out=204, removed_isolated=6
[INFO] [1783324977.578776157] [simple_scan_filter]: scan stats: n=404, zeros=130, nan=0, inf=0, finite_raw=274, finite_out=205, removed_isolated=5
[INFO] [1783324982.574674780] [simple_scan_filter]: scan stats: n=404, zeros=129, nan=0, inf=0, finite_raw=275, finite_out=206, removed_isolated=3
[INFO] [1783324987.570555766] [simple_scan_filter]: scan stats: n=404, zeros=129, nan=0, inf=0, finite_raw=275, finite_out=204, removed_isolated=6
[INFO] [1783324992.568708407] [simple_scan_filter]: scan stats: n=404, zeros=123, nan=0, inf=0, finite_raw=281, finite_out=212, removed_isolated=3
[INFO] [1783324997.570178703] [simple_scan_filter]: scan stats: n=404, zeros=129, nan=0, inf=0, finite_raw=275, finite_out=206, removed_isolated=5
[INFO] [1783325002.561501234] [simple_scan_filter]: scan stats: n=404, zeros=127, nan=0, inf=0, finite_raw=277, finite_out=198, removed_isolated=7
[INFO] [1783325007.557710838] [simple_scan_filter]: scan stats: n=404, zeros=143, nan=0, inf=0, finite_raw=261, finite_out=170, removed_isolated=6
[INFO] [1783325012.564289850] [simple_scan_filter]: scan stats: n=404, zeros=168, nan=0, inf=0, finite_raw=236, finite_out=146, removed_isolated=8
[INFO] [1783325017.551986761] [simple_scan_filter]: scan stats: n=404, zeros=154, nan=0, inf=0, finite_raw=250, finite_out=150, removed_isolated=8
[INFO] [1783325022.554906331] [simple_scan_filter]: scan stats: n=404, zeros=154, nan=0, inf=0, finite_raw=250, finite_out=154, removed_isolated=8
[INFO] [1783325027.551579638] [simple_scan_filter]: scan stats: n=404, zeros=159, nan=0, inf=0, finite_raw=245, finite_out=162, removed_isolated=1
[INFO] [1783325032.547517266] [simple_scan_filter]: scan stats: n=404, zeros=141, nan=0, inf=0, finite_raw=263, finite_out=182, removed_isolated=6
[INFO] [1783325037.540026756] [simple_scan_filter]: scan stats: n=404, zeros=178, nan=0, inf=0, finite_raw=226, finite_out=145, removed_isolated=8
[INFO] [1783325042.538391611] [simple_scan_filter]: scan stats: n=404, zeros=159, nan=0, inf=0, finite_raw=245, finite_out=160, removed_isolated=14
[INFO] [1783325047.537956289] [simple_scan_filter]: scan stats: n=404, zeros=160, nan=0, inf=0, finite_raw=244, finite_out=184, removed_isolated=5
[INFO] [1783325052.535332162] [simple_scan_filter]: scan stats: n=404, zeros=154, nan=0, inf=0, finite_raw=250, finite_out=183, removed_isolated=5
[INFO] [1783325057.534001066] [simple_scan_filter]: scan stats: n=404, zeros=169, nan=0, inf=0, finite_raw=235, finite_out=168, removed_isolated=9
[INFO] [1783325062.527930166] [simple_scan_filter]: scan stats: n=404, zeros=185, nan=0, inf=0, finite_raw=219, finite_out=144, removed_isolated=8
[INFO] [1783325067.530271590] [simple_scan_filter]: scan stats: n=404, zeros=168, nan=0, inf=0, finite_raw=236, finite_out=143, removed_isolated=11
[INFO] [1783325072.528290835] [simple_scan_filter]: scan stats: n=404, zeros=175, nan=0, inf=0, finite_raw=229, finite_out=148, removed_isolated=12
[INFO] [1783325077.526526110] [simple_scan_filter]: scan stats: n=404, zeros=176, nan=0, inf=0, finite_raw=228, finite_out=143, removed_isolated=7
Traceback (most recent call last):
  File "/root/rdk_x5_vln_robot/ros2_bridge/simple_scan_filter.py", line 197, in <module>
    main()
  File "/root/rdk_x5_vln_robot/ros2_bridge/simple_scan_filter.py", line 191, in main
    rclpy.spin(node)
  File "/opt/ros/humble/local/lib/python3.10/dist-packages/rclpy/__init__.py", line 229, in spin
    executor.spin_once()
  File "/opt/ros/humble/local/lib/python3.10/dist-packages/rclpy/executors.py", line 751, in spin_once
    self._spin_once_impl(timeout_sec)
  File "/opt/ros/humble/local/lib/python3.10/dist-packages/rclpy/executors.py", line 740, in _spin_once_impl
    handler, entity, node = self.wait_for_ready_callbacks(timeout_sec=timeout_sec)
  File "/opt/ros/humble/local/lib/python3.10/dist-packages/rclpy/executors.py", line 723, in wait_for_ready_callbacks
    return next(self._cb_iter)
  File "/opt/ros/humble/local/lib/python3.10/dist-packages/rclpy/executors.py", line 624, in _wait_for_ready_callbacks
    raise ExternalShutdownException()
rclpy.executors.ExternalShutdownException
