[INFO] [launch]: All log files can be found below /root/.ros/log/2026-07-06-15-52-08-318365-ubuntu-53616
[INFO] [launch]: Default logging verbosity is set to INFO
[INFO] [map_server-1]: process started with pid [53646]
[INFO] [amcl-2]: process started with pid [53648]
[INFO] [lifecycle_manager-3]: process started with pid [53650]
[INFO] [controller_server-4]: process started with pid [53652]
[INFO] [smoother_server-5]: process started with pid [53654]
[INFO] [planner_server-6]: process started with pid [53656]
[INFO] [behavior_server-7]: process started with pid [53658]
[INFO] [bt_navigator-8]: process started with pid [53661]
[INFO] [waypoint_follower-9]: process started with pid [53671]
[INFO] [velocity_smoother-10]: process started with pid [53690]
[INFO] [lifecycle_manager-11]: process started with pid [53714]
[map_server-1] [INFO] [1783324330.877436079] [map_server]: 
[map_server-1] 	map_server lifecycle node launched. 
[map_server-1] 	Waiting on external lifecycle transitions to activate
[map_server-1] 	See https://design.ros2.org/articles/node_lifecycle.html for more information.
[map_server-1] [INFO] [1783324330.878016122] [map_server]: Creating
[smoother_server-5] [INFO] [1783324330.943732422] [smoother_server]: 
[smoother_server-5] 	smoother_server lifecycle node launched. 
[smoother_server-5] 	Waiting on external lifecycle transitions to activate
[smoother_server-5] 	See https://design.ros2.org/articles/node_lifecycle.html for more information.
[lifecycle_manager-3] [INFO] [1783324331.021694398] [lifecycle_manager_localization]: Creating
[smoother_server-5] [INFO] [1783324331.054868923] [smoother_server]: Creating smoother server
[lifecycle_manager-3] [INFO] [1783324331.141427823] [lifecycle_manager_localization]: [34m[1mCreating and initializing lifecycle service clients[0m[0m
[lifecycle_manager-11] [INFO] [1783324331.154884708] [lifecycle_manager_navigation]: Creating
[amcl-2] [INFO] [1783324331.177438183] [amcl]: 
[amcl-2] 	amcl lifecycle node launched. 
[amcl-2] 	Waiting on external lifecycle transitions to activate
[amcl-2] 	See https://design.ros2.org/articles/node_lifecycle.html for more information.
[amcl-2] [INFO] [1783324331.179537227] [amcl]: Creating
[lifecycle_manager-11] [INFO] [1783324331.252791741] [lifecycle_manager_navigation]: [34m[1mCreating and initializing lifecycle service clients[0m[0m
[planner_server-6] [INFO] [1783324331.306579199] [planner_server]: 
[planner_server-6] 	planner_server lifecycle node launched. 
[planner_server-6] 	Waiting on external lifecycle transitions to activate
[planner_server-6] 	See https://design.ros2.org/articles/node_lifecycle.html for more information.
[velocity_smoother-10] [INFO] [1783324331.312481453] [velocity_smoother]: 
[velocity_smoother-10] 	velocity_smoother lifecycle node launched. 
[velocity_smoother-10] 	Waiting on external lifecycle transitions to activate
[velocity_smoother-10] 	See https://design.ros2.org/articles/node_lifecycle.html for more information.
[controller_server-4] [INFO] [1783324331.344293102] [controller_server]: 
[controller_server-4] 	controller_server lifecycle node launched. 
[controller_server-4] 	Waiting on external lifecycle transitions to activate
[controller_server-4] 	See https://design.ros2.org/articles/node_lifecycle.html for more information.
[planner_server-6] [INFO] [1783324331.350867691] [planner_server]: Creating
[waypoint_follower-9] [INFO] [1783324331.376869252] [waypoint_follower]: 
[waypoint_follower-9] 	waypoint_follower lifecycle node launched. 
[waypoint_follower-9] 	Waiting on external lifecycle transitions to activate
[waypoint_follower-9] 	See https://design.ros2.org/articles/node_lifecycle.html for more information.
[waypoint_follower-9] [INFO] [1783324331.393650557] [waypoint_follower]: Creating
[controller_server-4] [INFO] [1783324331.476856787] [controller_server]: Creating controller server
[behavior_server-7] [INFO] [1783324331.525137574] [behavior_server]: 
[behavior_server-7] 	behavior_server lifecycle node launched. 
[behavior_server-7] 	Waiting on external lifecycle transitions to activate
[behavior_server-7] 	See https://design.ros2.org/articles/node_lifecycle.html for more information.
[bt_navigator-8] [INFO] [1783324331.622729690] [bt_navigator]: 
[bt_navigator-8] 	bt_navigator lifecycle node launched. 
[bt_navigator-8] 	Waiting on external lifecycle transitions to activate
[bt_navigator-8] 	See https://design.ros2.org/articles/node_lifecycle.html for more information.
[bt_navigator-8] [INFO] [1783324331.635563241] [bt_navigator]: Creating
[lifecycle_manager-3] [INFO] [1783324331.872536297] [lifecycle_manager_localization]: [34m[1mStarting managed nodes bringup...[0m[0m
[lifecycle_manager-3] [INFO] [1783324331.874002923] [lifecycle_manager_localization]: [34m[1mConfiguring map_server[0m[0m
[map_server-1] [INFO] [1783324331.877611176] [map_server]: Configuring
[map_server-1] [INFO] [1783324331.877880551] [map_io]: Loading yaml file: /root/rdk_x5_vln_robot/maps/joy_calibrated_corridor_map.yaml
[map_server-1] [INFO] [1783324331.878899260] [map_io]: resolution: 0.05
[map_server-1] [INFO] [1783324331.878976927] [map_io]: origin[0]: -8.38
[map_server-1] [INFO] [1783324331.879008302] [map_io]: origin[1]: -4.59
[map_server-1] [INFO] [1783324331.879036385] [map_io]: origin[2]: 0
[map_server-1] [INFO] [1783324331.879065010] [map_io]: free_thresh: 0.25
[map_server-1] [INFO] [1783324331.879093094] [map_io]: occupied_thresh: 0.65
[map_server-1] [INFO] [1783324331.879127510] [map_io]: mode: trinary
[map_server-1] [INFO] [1783324331.879157760] [map_io]: negate: 0
[map_server-1] [INFO] [1783324331.879907386] [map_io]: Loading image_file: /root/rdk_x5_vln_robot/maps/joy_calibrated_corridor_map.pgm
[controller_server-4] [INFO] [1783324332.071697074] [local_costmap.local_costmap]: 
[controller_server-4] 	local_costmap lifecycle node launched. 
[controller_server-4] 	Waiting on external lifecycle transitions to activate
[controller_server-4] 	See https://design.ros2.org/articles/node_lifecycle.html for more information.
[controller_server-4] [INFO] [1783324332.081770498] [local_costmap.local_costmap]: Creating Costmap
[planner_server-6] [INFO] [1783324332.145101671] [global_costmap.global_costmap]: 
[planner_server-6] 	global_costmap lifecycle node launched. 
[planner_server-6] 	Waiting on external lifecycle transitions to activate
[planner_server-6] 	See https://design.ros2.org/articles/node_lifecycle.html for more information.
[planner_server-6] [INFO] [1783324332.147262798] [global_costmap.global_costmap]: Creating Costmap
[map_server-1] [INFO] [1783324332.173050568] [map_io]: Read map /root/rdk_x5_vln_robot/maps/joy_calibrated_corridor_map.pgm: 223 X 302 map @ 0.05 m/cell
[lifecycle_manager-11] [INFO] [1783324332.538751930] [lifecycle_manager_navigation]: [34m[1mStarting managed nodes bringup...[0m[0m
[lifecycle_manager-11] [INFO] [1783324332.538998513] [lifecycle_manager_navigation]: [34m[1mConfiguring controller_server[0m[0m
[controller_server-4] [INFO] [1783324332.540449723] [controller_server]: Configuring controller interface
[controller_server-4] [INFO] [1783324332.541060056] [controller_server]: getting goal checker plugins..
[lifecycle_manager-3] [INFO] [1783324332.540983390] [lifecycle_manager_localization]: [34m[1mConfiguring amcl[0m[0m
[controller_server-4] [INFO] [1783324332.541505640] [controller_server]: Controller frequency set to 8.0000Hz
[controller_server-4] [INFO] [1783324332.541721432] [local_costmap.local_costmap]: Configuring
[amcl-2] [INFO] [1783324332.543000641] [amcl]: Configuring
[amcl-2] [INFO] [1783324332.543345100] [amcl]: initTransforms
[controller_server-4] [INFO] [1783324332.682702081] [local_costmap.local_costmap]: Using plugin "voxel_layer"
[amcl-2] [INFO] [1783324332.725094822] [amcl]: initPubSub
[controller_server-4] [INFO] [1783324332.760411765] [local_costmap.local_costmap]: Subscribed to Topics: scan
[amcl-2] [INFO] [1783324332.824118064] [amcl]: Subscribed to map topic.
[lifecycle_manager-3] [INFO] [1783324332.888892696] [lifecycle_manager_localization]: [34m[1mActivating map_server[0m[0m
[map_server-1] [INFO] [1783324332.893416075] [map_server]: Activating
[map_server-1] [INFO] [1783324332.894564909] [map_server]: Creating bond (map_server) to lifecycle manager.
[amcl-2] [INFO] [1783324332.901093039] [amcl]: Received a 223 X 302 map @ 0.050 m/pix
[controller_server-4] [INFO] [1783324332.922729055] [local_costmap.local_costmap]: Initialized plugin "voxel_layer"
[controller_server-4] [INFO] [1783324332.922884056] [local_costmap.local_costmap]: Using plugin "inflation_layer"
[controller_server-4] [INFO] [1783324332.957752415] [local_costmap.local_costmap]: Initialized plugin "inflation_layer"
[lifecycle_manager-3] [INFO] [1783324333.039988103] [lifecycle_manager_localization]: Server map_server connected with bond.
[lifecycle_manager-3] [INFO] [1783324333.040410020] [lifecycle_manager_localization]: [34m[1mActivating amcl[0m[0m
[amcl-2] [INFO] [1783324333.042500313] [amcl]: Activating
[amcl-2] [INFO] [1783324333.042691813] [amcl]: Creating bond (amcl) to lifecycle manager.
[amcl-2] [INFO] [1783324333.101268608] [amcl]: createLaserObject
[controller_server-4] [INFO] [1783324333.125723418] [controller_server]: Created progress_checker : progress_checker of type nav2_controller::SimpleProgressChecker
[controller_server-4] [INFO] [1783324333.142938181] [controller_server]: Created goal checker : general_goal_checker of type nav2_controller::SimpleGoalChecker
[controller_server-4] [INFO] [1783324333.150427062] [controller_server]: Controller Server has general_goal_checker  goal checkers available.
[controller_server-4] [INFO] [1783324333.153811481] [controller_server]: Created controller : FollowPath of type nav2_regulated_pure_pursuit_controller::RegulatedPurePursuitController
[lifecycle_manager-3] [INFO] [1783324333.182240503] [lifecycle_manager_localization]: Server amcl connected with bond.
[lifecycle_manager-3] [INFO] [1783324333.182490045] [lifecycle_manager_localization]: [34m[1mManaged nodes are active[0m[0m
[lifecycle_manager-3] [INFO] [1783324333.182561545] [lifecycle_manager_localization]: [34m[1mCreating bond timer...[0m[0m
[controller_server-4] [INFO] [1783324333.265358483] [controller_server]: Controller Server has FollowPath  controllers available.
[lifecycle_manager-11] [INFO] [1783324333.342651208] [lifecycle_manager_navigation]: [34m[1mConfiguring smoother_server[0m[0m
[smoother_server-5] [INFO] [1783324333.343921084] [smoother_server]: Configuring smoother server
[smoother_server-5] [INFO] [1783324333.419101850] [smoother_server]: Created smoother : simple_smoother of type nav2_smoother::SimpleSmoother
[smoother_server-5] [INFO] [1783324333.430262358] [smoother_server]: Smoother Server has simple_smoother  smoothers available.
[lifecycle_manager-11] [INFO] [1783324333.487028985] [lifecycle_manager_navigation]: [34m[1mConfiguring planner_server[0m[0m
[planner_server-6] [INFO] [1783324333.488641819] [planner_server]: Configuring
[planner_server-6] [INFO] [1783324333.488845445] [global_costmap.global_costmap]: Configuring
[planner_server-6] [INFO] [1783324333.537900607] [global_costmap.global_costmap]: Using plugin "static_layer"
[planner_server-6] [INFO] [1783324333.568715839] [global_costmap.global_costmap]: Subscribing to the map topic (/map) with transient local durability
[planner_server-6] [INFO] [1783324333.582380224] [global_costmap.global_costmap]: Initialized plugin "static_layer"
[planner_server-6] [INFO] [1783324333.582535891] [global_costmap.global_costmap]: Using plugin "inflation_layer"
[planner_server-6] [INFO] [1783324333.590667397] [global_costmap.global_costmap]: Initialized plugin "inflation_layer"
[planner_server-6] [INFO] [1783324333.684167510] [global_costmap.global_costmap]: StaticLayer: Resizing costmap to 223 X 302 at 0.050000 m/pix
[planner_server-6] [INFO] [1783324333.685544386] [planner_server]: Created global planner plugin GridBased of type nav2_navfn_planner/NavfnPlanner
[planner_server-6] [INFO] [1783324333.685702553] [planner_server]: Configuring plugin GridBased of type NavfnPlanner
[planner_server-6] [INFO] [1783324333.695028851] [planner_server]: Planner Server has GridBased  planners available.
[lifecycle_manager-11] [INFO] [1783324333.786429504] [lifecycle_manager_navigation]: [34m[1mConfiguring behavior_server[0m[0m
[behavior_server-7] [INFO] [1783324333.787677130] [behavior_server]: Configuring
[behavior_server-7] [INFO] [1783324333.847360342] [behavior_server]: Creating behavior plugin spin of type nav2_behaviors/Spin
[behavior_server-7] [INFO] [1783324333.851240720] [behavior_server]: Configuring spin
[behavior_server-7] [INFO] [1783324333.900265674] [behavior_server]: Creating behavior plugin backup of type nav2_behaviors/BackUp
[behavior_server-7] [INFO] [1783324333.903747302] [behavior_server]: Configuring backup
[behavior_server-7] [INFO] [1783324333.944238624] [behavior_server]: Creating behavior plugin drive_on_heading of type nav2_behaviors/DriveOnHeading
[behavior_server-7] [INFO] [1783324333.947925086] [behavior_server]: Configuring drive_on_heading
[behavior_server-7] [INFO] [1783324333.991759494] [behavior_server]: Creating behavior plugin assisted_teleop of type nav2_behaviors/AssistedTeleop
[behavior_server-7] [INFO] [1783324334.002914544] [behavior_server]: Configuring assisted_teleop
[behavior_server-7] [INFO] [1783324334.068688302] [behavior_server]: Creating behavior plugin wait of type nav2_behaviors/Wait
[behavior_server-7] [INFO] [1783324334.071994430] [behavior_server]: Configuring wait
[lifecycle_manager-11] [INFO] [1783324334.112291502] [lifecycle_manager_navigation]: [34m[1mConfiguring bt_navigator[0m[0m
[bt_navigator-8] [INFO] [1783324334.113770628] [bt_navigator]: Configuring
[amcl-2] [WARN] [1783324334.599985414] [amcl]: AMCL cannot publish a pose or update the transform. Please set the initial pose...
[lifecycle_manager-11] [INFO] [1783324334.780920094] [lifecycle_manager_navigation]: [34m[1mConfiguring waypoint_follower[0m[0m
[waypoint_follower-9] [INFO] [1783324334.784341971] [waypoint_follower]: Configuring
[waypoint_follower-9] [INFO] [1783324334.931296916] [waypoint_follower]: Created waypoint_task_executor : wait_at_waypoint of type nav2_waypoint_follower::WaitAtWaypoint
[lifecycle_manager-11] [INFO] [1783324334.940982632] [lifecycle_manager_navigation]: [34m[1mConfiguring velocity_smoother[0m[0m
[velocity_smoother-10] [INFO] [1783324334.942830383] [velocity_smoother]: Configuring velocity smoother
[lifecycle_manager-11] [INFO] [1783324334.970925571] [lifecycle_manager_navigation]: [34m[1mActivating controller_server[0m[0m
[controller_server-4] [INFO] [1783324334.972520156] [controller_server]: Activating
[controller_server-4] [INFO] [1783324334.972744156] [local_costmap.local_costmap]: Activating
[controller_server-4] [INFO] [1783324334.972819073] [local_costmap.local_costmap]: Checking transform
[controller_server-4] [INFO] [1783324334.973192698] [local_costmap.local_costmap]: start
[controller_server-4] [INFO] [1783324335.177329686] [controller_server]: Activating controller: FollowPath of type regulated_pure_pursuit_controller::RegulatedPurePursuitController
[controller_server-4] [INFO] [1783324335.177585062] [controller_server]: Creating bond (controller_server) to lifecycle manager.
[lifecycle_manager-11] [INFO] [1783324335.308048452] [lifecycle_manager_navigation]: Server controller_server connected with bond.
[lifecycle_manager-11] [INFO] [1783324335.308234577] [lifecycle_manager_navigation]: [34m[1mActivating smoother_server[0m[0m
[smoother_server-5] [INFO] [1783324335.309396745] [smoother_server]: Activating
[smoother_server-5] [INFO] [1783324335.309572953] [smoother_server]: Creating bond (smoother_server) to lifecycle manager.
[lifecycle_manager-11] [INFO] [1783324335.434792048] [lifecycle_manager_navigation]: Server smoother_server connected with bond.
[lifecycle_manager-11] [INFO] [1783324335.434945465] [lifecycle_manager_navigation]: [34m[1mActivating planner_server[0m[0m
[planner_server-6] [INFO] [1783324335.435991716] [planner_server]: Activating
[planner_server-6] [INFO] [1783324335.436169675] [global_costmap.global_costmap]: Activating
[planner_server-6] [INFO] [1783324335.436233008] [global_costmap.global_costmap]: Checking transform
[planner_server-6] [INFO] [1783324335.436350883] [global_costmap.global_costmap]: Timed out waiting for transform from base_link to map to become available, tf error: Invalid frame ID "map" passed to canTransform argument target_frame - frame does not exist
[planner_server-6] [INFO] [1783324335.936475763] [global_costmap.global_costmap]: Timed out waiting for transform from base_link to map to become available, tf error: Invalid frame ID "map" passed to canTransform argument target_frame - frame does not exist
[planner_server-6] [INFO] [1783324336.436368850] [global_costmap.global_costmap]: Timed out waiting for transform from base_link to map to become available, tf error: Invalid frame ID "map" passed to canTransform argument target_frame - frame does not exist
[amcl-2] [WARN] [1783324336.695215005] [amcl]: AMCL cannot publish a pose or update the transform. Please set the initial pose...
[planner_server-6] [INFO] [1783324336.936396896] [global_costmap.global_costmap]: Timed out waiting for transform from base_link to map to become available, tf error: Invalid frame ID "map" passed to canTransform argument target_frame - frame does not exist
[planner_server-6] [INFO] [1783324337.436391608] [global_costmap.global_costmap]: Timed out waiting for transform from base_link to map to become available, tf error: Invalid frame ID "map" passed to canTransform argument target_frame - frame does not exist
[planner_server-6] [INFO] [1783324337.936410236] [global_costmap.global_costmap]: Timed out waiting for transform from base_link to map to become available, tf error: Invalid frame ID "map" passed to canTransform argument target_frame - frame does not exist
[planner_server-6] [INFO] [1783324338.436395364] [global_costmap.global_costmap]: Timed out waiting for transform from base_link to map to become available, tf error: Invalid frame ID "map" passed to canTransform argument target_frame - frame does not exist
[amcl-2] [WARN] [1783324338.789284173] [amcl]: AMCL cannot publish a pose or update the transform. Please set the initial pose...
[planner_server-6] [INFO] [1783324338.936410034] [global_costmap.global_costmap]: Timed out waiting for transform from base_link to map to become available, tf error: Invalid frame ID "map" passed to canTransform argument target_frame - frame does not exist
[planner_server-6] [INFO] [1783324339.436393370] [global_costmap.global_costmap]: Timed out waiting for transform from base_link to map to become available, tf error: Invalid frame ID "map" passed to canTransform argument target_frame - frame does not exist
[planner_server-6] [INFO] [1783324339.936418248] [global_costmap.global_costmap]: Timed out waiting for transform from base_link to map to become available, tf error: Invalid frame ID "map" passed to canTransform argument target_frame - frame does not exist
[planner_server-6] [INFO] [1783324340.436420167] [global_costmap.global_costmap]: Timed out waiting for transform from base_link to map to become available, tf error: Invalid frame ID "map" passed to canTransform argument target_frame - frame does not exist
[amcl-2] [WARN] [1783324340.886299673] [amcl]: AMCL cannot publish a pose or update the transform. Please set the initial pose...
[planner_server-6] [INFO] [1783324340.936392169] [global_costmap.global_costmap]: Timed out waiting for transform from base_link to map to become available, tf error: Invalid frame ID "map" passed to canTransform argument target_frame - frame does not exist
[planner_server-6] [INFO] [1783324341.436405963] [global_costmap.global_costmap]: Timed out waiting for transform from base_link to map to become available, tf error: Invalid frame ID "map" passed to canTransform argument target_frame - frame does not exist
[planner_server-6] [INFO] [1783324341.936402131] [global_costmap.global_costmap]: Timed out waiting for transform from base_link to map to become available, tf error: Invalid frame ID "map" passed to canTransform argument target_frame - frame does not exist
[planner_server-6] [INFO] [1783324342.436397341] [global_costmap.global_costmap]: Timed out waiting for transform from base_link to map to become available, tf error: Invalid frame ID "map" passed to canTransform argument target_frame - frame does not exist
[amcl-2] [WARN] [1783324342.888390389] [amcl]: AMCL cannot publish a pose or update the transform. Please set the initial pose...
[planner_server-6] [INFO] [1783324342.936452509] [global_costmap.global_costmap]: Timed out waiting for transform from base_link to map to become available, tf error: Invalid frame ID "map" passed to canTransform argument target_frame - frame does not exist
[planner_server-6] [INFO] [1783324343.442339556] [global_costmap.global_costmap]: Timed out waiting for transform from base_link to map to become available, tf error: Invalid frame ID "map" passed to canTransform argument target_frame - frame does not exist
[planner_server-6] [INFO] [1783324343.936404427] [global_costmap.global_costmap]: Timed out waiting for transform from base_link to map to become available, tf error: Invalid frame ID "map" passed to canTransform argument target_frame - frame does not exist
[planner_server-6] [INFO] [1783324344.436420511] [global_costmap.global_costmap]: Timed out waiting for transform from base_link to map to become available, tf error: Invalid frame ID "map" passed to canTransform argument target_frame - frame does not exist
[planner_server-6] [INFO] [1783324344.936397011] [global_costmap.global_costmap]: Timed out waiting for transform from base_link to map to become available, tf error: Invalid frame ID "map" passed to canTransform argument target_frame - frame does not exist
[amcl-2] [WARN] [1783324344.982811629] [amcl]: AMCL cannot publish a pose or update the transform. Please set the initial pose...
[planner_server-6] [INFO] [1783324345.436392428] [global_costmap.global_costmap]: Timed out waiting for transform from base_link to map to become available, tf error: Invalid frame ID "map" passed to canTransform argument target_frame - frame does not exist
[planner_server-6] [INFO] [1783324345.936366386] [global_costmap.global_costmap]: Timed out waiting for transform from base_link to map to become available, tf error: Invalid frame ID "map" passed to canTransform argument target_frame - frame does not exist
[planner_server-6] [INFO] [1783324346.436384136] [global_costmap.global_costmap]: Timed out waiting for transform from base_link to map to become available, tf error: Invalid frame ID "map" passed to canTransform argument target_frame - frame does not exist
[planner_server-6] [INFO] [1783324346.936395302] [global_costmap.global_costmap]: Timed out waiting for transform from base_link to map to become available, tf error: Invalid frame ID "map" passed to canTransform argument target_frame - frame does not exist
[amcl-2] [WARN] [1783324346.984332838] [amcl]: AMCL cannot publish a pose or update the transform. Please set the initial pose...
[planner_server-6] [INFO] [1783324347.436384676] [global_costmap.global_costmap]: Timed out waiting for transform from base_link to map to become available, tf error: Invalid frame ID "map" passed to canTransform argument target_frame - frame does not exist
[planner_server-6] [INFO] [1783324347.936386383] [global_costmap.global_costmap]: Timed out waiting for transform from base_link to map to become available, tf error: Invalid frame ID "map" passed to canTransform argument target_frame - frame does not exist
[planner_server-6] [INFO] [1783324348.436386632] [global_costmap.global_costmap]: Timed out waiting for transform from base_link to map to become available, tf error: Invalid frame ID "map" passed to canTransform argument target_frame - frame does not exist
[planner_server-6] [INFO] [1783324348.936414130] [global_costmap.global_costmap]: Timed out waiting for transform from base_link to map to become available, tf error: Invalid frame ID "map" passed to canTransform argument target_frame - frame does not exist
[amcl-2] [WARN] [1783324348.991209921] [amcl]: AMCL cannot publish a pose or update the transform. Please set the initial pose...
[planner_server-6] [INFO] [1783324349.436385462] [global_costmap.global_costmap]: Timed out waiting for transform from base_link to map to become available, tf error: Invalid frame ID "map" passed to canTransform argument target_frame - frame does not exist
[planner_server-6] [INFO] [1783324349.936410585] [global_costmap.global_costmap]: Timed out waiting for transform from base_link to map to become available, tf error: Invalid frame ID "map" passed to canTransform argument target_frame - frame does not exist
[planner_server-6] [INFO] [1783324350.436394541] [global_costmap.global_costmap]: Timed out waiting for transform from base_link to map to become available, tf error: Invalid frame ID "map" passed to canTransform argument target_frame - frame does not exist
[planner_server-6] [INFO] [1783324350.936390830] [global_costmap.global_costmap]: Timed out waiting for transform from base_link to map to become available, tf error: Invalid frame ID "map" passed to canTransform argument target_frame - frame does not exist
[amcl-2] [WARN] [1783324351.078264061] [amcl]: AMCL cannot publish a pose or update the transform. Please set the initial pose...
[planner_server-6] [INFO] [1783324351.436390869] [global_costmap.global_costmap]: Timed out waiting for transform from base_link to map to become available, tf error: Invalid frame ID "map" passed to canTransform argument target_frame - frame does not exist
[planner_server-6] [INFO] [1783324351.936394991] [global_costmap.global_costmap]: Timed out waiting for transform from base_link to map to become available, tf error: Invalid frame ID "map" passed to canTransform argument target_frame - frame does not exist
[planner_server-6] [INFO] [1783324352.436394988] [global_costmap.global_costmap]: Timed out waiting for transform from base_link to map to become available, tf error: Invalid frame ID "map" passed to canTransform argument target_frame - frame does not exist
[planner_server-6] [INFO] [1783324352.936394860] [global_costmap.global_costmap]: Timed out waiting for transform from base_link to map to become available, tf error: Invalid frame ID "map" passed to canTransform argument target_frame - frame does not exist
[amcl-2] [WARN] [1783324353.083263719] [amcl]: AMCL cannot publish a pose or update the transform. Please set the initial pose...
[planner_server-6] [INFO] [1783324353.436389314] [global_costmap.global_costmap]: Timed out waiting for transform from base_link to map to become available, tf error: Invalid frame ID "map" passed to canTransform argument target_frame - frame does not exist
[amcl-2] [INFO] [1783324353.795639998] [amcl]: initialPoseReceived
[amcl-2] [WARN] [1783324353.796076748] [amcl]: Failed to transform initial pose in time (Lookup would require extrapolation into the future.  Requested time 1783324353.795809 but the latest data is at time 1783324353.781791, when looking up transform from frame [base_link] to frame [odom])
[amcl-2] [INFO] [1783324353.796220956] [amcl]: Setting pose (1783324353.796216): -4.841 7.073 1.535
[planner_server-6] [INFO] [1783324353.936611352] [global_costmap.global_costmap]: Timed out waiting for transform from base_link to map to become available, tf error: Lookup would require extrapolation at time 1783324353.915387, but only time 1783324355.769349 is in the buffer, when looking up transform from frame [base_link] to frame [map]
[planner_server-6] [INFO] [1783324354.436511723] [global_costmap.global_costmap]: Timed out waiting for transform from base_link to map to become available, tf error: Lookup would require extrapolation into the past.  Requested time 1783324354.415395 but the earliest data is at time 1783324355.769349, when looking up transform from frame [base_link] to frame [map]
[planner_server-6] [INFO] [1783324354.936460344] [global_costmap.global_costmap]: Timed out waiting for transform from base_link to map to become available, tf error: Lookup would require extrapolation into the past.  Requested time 1783324354.915400 but the earliest data is at time 1783324355.769349, when looking up transform from frame [base_link] to frame [map]
[planner_server-6] [INFO] [1783324355.436519756] [global_costmap.global_costmap]: Timed out waiting for transform from base_link to map to become available, tf error: Lookup would require extrapolation into the past.  Requested time 1783324355.415434 but the earliest data is at time 1783324355.769349, when looking up transform from frame [base_link] to frame [map]
[planner_server-6] [INFO] [1783324355.936749543] [global_costmap.global_costmap]: start
[amcl-2] [INFO] [1783324356.975894895] [amcl]: initialPoseReceived
[amcl-2] [WARN] [1783324356.976227979] [amcl]: Failed to transform initial pose in time (Lookup would require extrapolation into the future.  Requested time 1783324356.976066 but the latest data is at time 1783324356.948732, when looking up transform from frame [base_link] to frame [odom])
[amcl-2] [INFO] [1783324356.976333479] [amcl]: Setting pose (1783324356.976329): -4.841 7.073 1.535
[planner_server-6] [INFO] [1783324356.987220279] [planner_server]: Activating plugin GridBased of type NavfnPlanner
[planner_server-6] [INFO] [1783324356.998141370] [planner_server]: Creating bond (planner_server) to lifecycle manager.
[lifecycle_manager-11] [INFO] [1783324357.123975296] [lifecycle_manager_navigation]: Server planner_server connected with bond.
[lifecycle_manager-11] [INFO] [1783324357.124197713] [lifecycle_manager_navigation]: [34m[1mActivating behavior_server[0m[0m
[behavior_server-7] [INFO] [1783324357.125650673] [behavior_server]: Activating
[behavior_server-7] [INFO] [1783324357.125817464] [behavior_server]: Activating spin
[behavior_server-7] [INFO] [1783324357.125886006] [behavior_server]: Activating backup
[behavior_server-7] [INFO] [1783324357.125938923] [behavior_server]: Activating drive_on_heading
[behavior_server-7] [INFO] [1783324357.125990173] [behavior_server]: Activating assisted_teleop
[behavior_server-7] [INFO] [1783324357.126040340] [behavior_server]: Activating wait
[behavior_server-7] [INFO] [1783324357.126109631] [behavior_server]: Creating bond (behavior_server) to lifecycle manager.
[lifecycle_manager-11] [INFO] [1783324357.255191393] [lifecycle_manager_navigation]: Server behavior_server connected with bond.
[lifecycle_manager-11] [INFO] [1783324357.255369602] [lifecycle_manager_navigation]: [34m[1mActivating bt_navigator[0m[0m
[bt_navigator-8] [INFO] [1783324357.256803270] [bt_navigator]: Activating
[bt_navigator-8] [WARN] [1783324357.738777584] [bt_navigator_navigate_to_pose_rclcpp_node]: Wait duration is negative or zero (0). Setting to positive.
[bt_navigator-8] [INFO] [1783324357.743571046] [bt_navigator]: Creating bond (bt_navigator) to lifecycle manager.
[lifecycle_manager-11] [INFO] [1783324357.870623681] [lifecycle_manager_navigation]: Server bt_navigator connected with bond.
[lifecycle_manager-11] [INFO] [1783324357.871340474] [lifecycle_manager_navigation]: [34m[1mActivating waypoint_follower[0m[0m
[waypoint_follower-9] [INFO] [1783324357.872935225] [waypoint_follower]: Activating
[waypoint_follower-9] [INFO] [1783324357.873121767] [waypoint_follower]: Creating bond (waypoint_follower) to lifecycle manager.
[lifecycle_manager-11] [INFO] [1783324357.997099317] [lifecycle_manager_navigation]: Server waypoint_follower connected with bond.
[lifecycle_manager-11] [INFO] [1783324357.997264733] [lifecycle_manager_navigation]: [34m[1mActivating velocity_smoother[0m[0m
[velocity_smoother-10] [INFO] [1783324357.998543443] [velocity_smoother]: Activating
[velocity_smoother-10] [INFO] [1783324357.998802026] [velocity_smoother]: Creating bond (velocity_smoother) to lifecycle manager.
[lifecycle_manager-11] [INFO] [1783324358.121637950] [lifecycle_manager_navigation]: Server velocity_smoother connected with bond.
[lifecycle_manager-11] [INFO] [1783324358.121816242] [lifecycle_manager_navigation]: [34m[1mManaged nodes are active[0m[0m
[lifecycle_manager-11] [INFO] [1783324358.121873825] [lifecycle_manager_navigation]: [34m[1mCreating bond timer...[0m[0m
[planner_server-6] [WARN] [1783324511.636782353] [planner_server]: No planners specified in action call. Server will use only plugin GridBased  in server. This warning will appear once.
[bt_navigator-8] [INFO] [1783324511.896143178] [bt_navigator]: Begin navigating from current location (-4.86, 7.08) to (0.49, 9.29)
[smoother_server-5] [INFO] [1783324511.943892457] [smoother_server]: Received a path to smooth.
[controller_server-4] [INFO] [1783324512.004723994] [controller_server]: Received a goal, begin computing control effort.
[controller_server-4] [WARN] [1783324512.005261827] [controller_server]: No goal checker was specified in parameter 'current_goal_checker'. Server will use only plugin loaded general_goal_checker . This warning will appear once.
[smoother_server-5] [INFO] [1783324562.061760895] [smoother_server]: Received a path to smooth.
[controller_server-4] [WARN] [1783324562.100514709] [controller_server]: [follow_path] [ActionServer] Aborting handle.
[controller_server-4] [INFO] [1783324562.132322352] [controller_server]: Passing new path to controller.
[controller_server-4] [INFO] [1783324581.508203068] [controller_server]: Reached the goal!
[bt_navigator-8] [INFO] [1783324581.581674150] [bt_navigator]: Goal succeeded
[controller_server-4] [INFO] [1783324589.562661153] [rclcpp]: signal_handler(signum=2)
[controller_server-4] [INFO] [1783324589.562926445] [controller_server]: Running Nav2 LifecycleNode rcl preshutdown (controller_server)
[planner_server-6] [INFO] [1783324589.562867195] [rclcpp]: signal_handler(signum=2)
[behavior_server-7] [INFO] [1783324589.563000778] [rclcpp]: signal_handler(signum=2)
[lifecycle_manager-3] [INFO] [1783324589.563147779] [rclcpp]: signal_handler(signum=2)
[lifecycle_manager-3] [INFO] [1783324589.563452695] [lifecycle_manager_localization]: Running Nav2 LifecycleManager rcl preshutdown (lifecycle_manager_localization)
[behavior_server-7] [INFO] [1783324589.563563070] [behavior_server]: Running Nav2 LifecycleNode rcl preshutdown (behavior_server)
[behavior_server-7] [INFO] [1783324589.563811196] [behavior_server]: Deactivating
[behavior_server-7] [INFO] [1783324589.563935904] [behavior_server]: Destroying bond (behavior_server) to lifecycle manager.
[lifecycle_manager-3] [INFO] [1783324589.563594779] [lifecycle_manager_localization]: [34m[1mTerminating bond timer...[0m[0m
[controller_server-4] [INFO] [1783324589.563188820] [controller_server]: Deactivating
[controller_server-4] [INFO] [1783324589.563309695] [controller_server]: Deactivating controller: FollowPath of type regulated_pure_pursuit_controller::RegulatedPurePursuitController
[controller_server-4] [INFO] [1783324589.563455779] [local_costmap.local_costmap]: Deactivating
[velocity_smoother-10] [INFO] [1783324589.564357571] [rclcpp]: signal_handler(signum=2)
[velocity_smoother-10] [INFO] [1783324589.564786571] [velocity_smoother]: Running Nav2 LifecycleNode rcl preshutdown (velocity_smoother)
[velocity_smoother-10] [INFO] [1783324589.565043696] [velocity_smoother]: Deactivating
[velocity_smoother-10] [INFO] [1783324589.565137321] [velocity_smoother]: Destroying bond (velocity_smoother) to lifecycle manager.
[smoother_server-5] [INFO] [1783324589.564524029] [rclcpp]: signal_handler(signum=2)
[smoother_server-5] [INFO] [1783324589.565711488] [smoother_server]: Running Nav2 LifecycleNode rcl preshutdown (smoother_server)
[smoother_server-5] [INFO] [1783324589.565951863] [smoother_server]: Deactivating
[smoother_server-5] [INFO] [1783324589.566044697] [smoother_server]: Destroying bond (smoother_server) to lifecycle manager.
[amcl-2] [INFO] [1783324589.564670946] [rclcpp]: signal_handler(signum=2)
[amcl-2] [INFO] [1783324589.565869072] [amcl]: Running Nav2 LifecycleNode rcl preshutdown (amcl)
[amcl-2] [INFO] [1783324589.566089488] [amcl]: Deactivating
[amcl-2] [INFO] [1783324589.566166697] [amcl]: Destroying bond (amcl) to lifecycle manager.
[map_server-1] [INFO] [1783324589.564812988] [rclcpp]: signal_handler(signum=2)
[waypoint_follower-9] [INFO] [1783324589.565110113] [rclcpp]: signal_handler(signum=2)
[planner_server-6] [INFO] [1783324589.565250155] [planner_server]: Running Nav2 LifecycleNode rcl preshutdown (planner_server)
[map_server-1] [INFO] [1783324589.569753032] [map_server]: Running Nav2 LifecycleNode rcl preshutdown (map_server)
[map_server-1] [INFO] [1783324589.570070782] [map_server]: Deactivating
[map_server-1] [INFO] [1783324589.570171532] [map_server]: Destroying bond (map_server) to lifecycle manager.
[map_server-1] [INFO] [1783324589.586396458] [map_server]: Cleaning up
[map_server-1] [INFO] [1783324589.586583916] [map_server]: Destroying bond (map_server) to lifecycle manager.
[waypoint_follower-9] [INFO] [1783324589.572230159] [waypoint_follower]: Running Nav2 LifecycleNode rcl preshutdown (waypoint_follower)
[waypoint_follower-9] [INFO] [1783324589.572547325] [waypoint_follower]: Deactivating
[waypoint_follower-9] [INFO] [1783324589.572660159] [waypoint_follower]: Destroying bond (waypoint_follower) to lifecycle manager.
[lifecycle_manager-11] [INFO] [1783324589.575674035] [rclcpp]: signal_handler(signum=2)
[lifecycle_manager-11] [INFO] [1783324589.575997327] [lifecycle_manager_navigation]: Running Nav2 LifecycleManager rcl preshutdown (lifecycle_manager_navigation)
[lifecycle_manager-11] [INFO] [1783324589.576155661] [lifecycle_manager_navigation]: [34m[1mTerminating bond timer...[0m[0m
[bt_navigator-8] [INFO] [1783324589.575978661] [rclcpp]: signal_handler(signum=2)
[bt_navigator-8] [INFO] [1783324589.577752162] [bt_navigator]: Running Nav2 LifecycleNode rcl preshutdown (bt_navigator)
[bt_navigator-8] [INFO] [1783324589.578058995] [bt_navigator]: Deactivating
[bt_navigator-8] [INFO] [1783324589.578168537] [bt_navigator]: Destroying bond (bt_navigator) to lifecycle manager.
[controller_server-4] [INFO] [1783324589.576937994] [controller_server]: Destroying bond (controller_server) to lifecycle manager.
[planner_server-6] [INFO] [1783324589.585635916] [planner_server]: Deactivating
[planner_server-6] [INFO] [1783324589.585833666] [global_costmap.global_costmap]: Deactivating
[amcl-2] [INFO] [1783324589.587804125] [amcl]: Cleaning up
[behavior_server-7] [INFO] [1783324589.664764126] [behavior_server]: Cleaning up
[smoother_server-5] [INFO] [1783324589.666848294] [smoother_server]: Cleaning up
[velocity_smoother-10] [INFO] [1783324589.668110461] [velocity_smoother]: Cleaning up
[velocity_smoother-10] [INFO] [1783324589.668313753] [velocity_smoother]: Destroying bond (velocity_smoother) to lifecycle manager.
[bt_navigator-8] [INFO] [1783324589.683391303] [bt_navigator]: Cleaning up
[map_server-1] [INFO] [1783324589.687840639] [map_server]: Destroying
[waypoint_follower-9] [INFO] [1783324589.688317264] [waypoint_follower]: Cleaning up
[velocity_smoother-10] [INFO] [1783324589.691030932] [velocity_smoother]: Destroying
[controller_server-4] [INFO] [1783324589.700252687] [controller_server]: Cleaning up
[controller_server-4] [INFO] [1783324589.700380771] [controller_server]: Cleaning up controller: FollowPath of type regulated_pure_pursuit_controller::RegulatedPurePursuitController
[controller_server-4] [INFO] [1783324589.700572521] [local_costmap.local_costmap]: Cleaning up
[lifecycle_manager-3] [INFO] [1783324589.750724882] [lifecycle_manager_localization]: Destroying lifecycle_manager_localization
[waypoint_follower-9] [INFO] [1783324589.797690949] [waypoint_follower]: Destroying bond (waypoint_follower) to lifecycle manager.
[behavior_server-7] [INFO] [1783324589.844788934] [behavior_server]: Destroying bond (behavior_server) to lifecycle manager.
[waypoint_follower-9] [INFO] [1783324589.873403283] [waypoint_follower]: Destroying
[smoother_server-5] [INFO] [1783324589.890216292] [smoother_server]: Destroying bond (smoother_server) to lifecycle manager.
[smoother_server-5] [INFO] [1783324589.905257592] [smoother_server]: Destroying
[planner_server-6] [INFO] [1783324589.937136526] [planner_server]: Deactivating plugin GridBased of type NavfnPlanner
[planner_server-6] [INFO] [1783324589.937309651] [planner_server]: Destroying bond (planner_server) to lifecycle manager.
[planner_server-6] [INFO] [1783324590.069981724] [planner_server]: Cleaning up
[controller_server-4] [INFO] [1783324590.101264950] [controller_server]: Destroying bond (controller_server) to lifecycle manager.
[controller_server-4] [INFO] [1783324590.115496583] [local_costmap.local_costmap]: Destroying
[amcl-2] [INFO] [1783324590.139390263] [amcl]: Destroying bond (amcl) to lifecycle manager.
[amcl-2] [INFO] [1783324590.188793081] [amcl]: Destroying
[INFO] [lifecycle_manager-3]: process has finished cleanly [pid 53650]
[INFO] [velocity_smoother-10]: process has finished cleanly [pid 53690]
[lifecycle_manager-11] [INFO] [1783324590.302575936] [lifecycle_manager_navigation]: Destroying lifecycle_manager_navigation
[behavior_server-7] [INFO] [1783324590.351714921] [behavior_server]: Destroying
[controller_server-4] [INFO] [1783324590.365681762] [controller_server]: Destroying
[INFO] [map_server-1]: process has finished cleanly [pid 53646]
[planner_server-6] [INFO] [1783324590.410917370] [global_costmap.global_costmap]: Cleaning up
[INFO] [smoother_server-5]: process has finished cleanly [pid 53654]
[planner_server-6] [INFO] [1783324590.477468699] [planner_server]: Cleaning up plugin GridBased of type NavfnPlanner
[planner_server-6] [INFO] [1783324590.477772990] [planner_server]: Destroying plugin GridBased of type NavfnPlanner
[INFO] [waypoint_follower-9]: process has finished cleanly [pid 53671]
[planner_server-6] [INFO] [1783324590.629365115] [planner_server]: Destroying bond (planner_server) to lifecycle manager.
[planner_server-6] [INFO] [1783324590.645098207] [global_costmap.global_costmap]: Destroying
[INFO] [amcl-2]: process has finished cleanly [pid 53648]
[INFO] [lifecycle_manager-11]: process has finished cleanly [pid 53714]
[INFO] [behavior_server-7]: process has finished cleanly [pid 53658]
[INFO] [controller_server-4]: process has finished cleanly [pid 53652]
[planner_server-6] [INFO] [1783324590.791906580] [planner_server]: Destroying
[bt_navigator-8] [INFO] [1783324590.997508443] [bt_navigator]: Completed Cleaning up
[bt_navigator-8] [INFO] [1783324591.000560445] [bt_navigator]: Destroying bond (bt_navigator) to lifecycle manager.
[bt_navigator-8] [INFO] [1783324591.034585338] [bt_navigator]: Destroying
[INFO] [planner_server-6]: process has finished cleanly [pid 53656]
[INFO] [bt_navigator-8]: process has finished cleanly [pid 53661]
