[INFO] [1782966700.751101025] [map_saver]: 
	map_saver lifecycle node launched. 
	Waiting on external lifecycle transitions to activate
	See https://design.ros2.org/articles/node_lifecycle.html for more information.
[INFO] [1782966700.751864106] [map_saver]: Creating
[INFO] [1782966700.753705891] [map_saver]: Configuring
[INFO] [1782966700.771687039] [map_saver]: Saving map from '/map' topic to '/root/rdk_x5_vln_robot/maps/joy_semantic_test.tmp_20260702_123139' file
[WARN] [1782966700.772245995] [map_saver]: Free threshold unspecified. Setting it to default value: 0.250000
[WARN] [1782966700.772405619] [map_saver]: Occupied threshold unspecified. Setting it to default value: 0.650000
[WARN] [1782966700.816465344] [map_io]: Image format unspecified. Setting it to: pgm
[INFO] [1782966700.820103124] [map_io]: Received a 143 X 163 map @ 0.05 m/pix
[INFO] [1782966700.878514550] [map_io]: Writing map occupancy data to /root/rdk_x5_vln_robot/maps/joy_semantic_test.tmp_20260702_123139.pgm
[INFO] [1782966700.880824542] [map_io]: Writing map metadata to /root/rdk_x5_vln_robot/maps/joy_semantic_test.tmp_20260702_123139.yaml
[INFO] [1782966700.881403207] [map_io]: Map saved
[INFO] [1782966700.881487206] [map_saver]: Map saved successfully
[INFO] [1782966700.884457155] [map_saver]: Destroying
[INFO] [1782968005.281107780] [map_saver]: 
	map_saver lifecycle node launched. 
	Waiting on external lifecycle transitions to activate
	See https://design.ros2.org/articles/node_lifecycle.html for more information.
[INFO] [1782968005.282297826] [map_saver]: Creating
[INFO] [1782968005.283661623] [map_saver]: Configuring
[INFO] [1782968005.307821212] [map_saver]: Saving map from '/map' topic to '/root/rdk_x5_vln_robot/maps/joy_semantic_test.tmp_20260702_125324' file
[WARN] [1782968005.309046383] [map_saver]: Free threshold unspecified. Setting it to default value: 0.250000
[WARN] [1782968005.309506385] [map_saver]: Occupied threshold unspecified. Setting it to default value: 0.650000
[WARN] [1782968006.211627454] [map_io]: Image format unspecified. Setting it to: pgm
[INFO] [1782968006.211959872] [map_io]: Received a 146 X 192 map @ 0.05 m/pix
[INFO] [1782968006.273163555] [map_io]: Writing map occupancy data to /root/rdk_x5_vln_robot/maps/joy_semantic_test.tmp_20260702_125324.pgm
[INFO] [1782968006.275561606] [map_io]: Writing map metadata to /root/rdk_x5_vln_robot/maps/joy_semantic_test.tmp_20260702_125324.yaml
[INFO] [1782968006.276225067] [map_io]: Map saved
[INFO] [1782968006.276317484] [map_saver]: Map saved successfully
[INFO] [1782968006.279338578] [map_saver]: Destroying
[INFO] [1782970226.298544801] [map_saver]: 
	map_saver lifecycle node launched. 
	Waiting on external lifecycle transitions to activate
	See https://design.ros2.org/articles/node_lifecycle.html for more information.
[INFO] [1782970226.299592425] [map_saver]: Creating
[INFO] [1782970226.300864966] [map_saver]: Configuring
[INFO] [1782970226.309673250] [map_saver]: Saving map from '/map' topic to '/root/rdk_x5_vln_robot/maps/joy_semantic_test.tmp_20260702_133025' file
[WARN] [1782970226.309956208] [map_saver]: Free threshold unspecified. Setting it to default value: 0.250000
[WARN] [1782970226.310146958] [map_saver]: Occupied threshold unspecified. Setting it to default value: 0.650000
[WARN] [1782970226.342402762] [map_io]: Image format unspecified. Setting it to: pgm
[INFO] [1782970226.343074761] [map_io]: Received a 143 X 143 map @ 0.05 m/pix
[INFO] [1782970226.393958299] [map_io]: Writing map occupancy data to /root/rdk_x5_vln_robot/maps/joy_semantic_test.tmp_20260702_133025.pgm
[INFO] [1782970226.396578922] [map_io]: Writing map metadata to /root/rdk_x5_vln_robot/maps/joy_semantic_test.tmp_20260702_133025.yaml
[INFO] [1782970226.397560754] [map_io]: Map saved
[INFO] [1782970226.397679046] [map_saver]: Map saved successfully
[INFO] [1782970226.401098626] [map_saver]: Destroying
[INFO] [1782970609.689127743] [map_saver]: 
	map_saver lifecycle node launched. 
	Waiting on external lifecycle transitions to activate
	See https://design.ros2.org/articles/node_lifecycle.html for more information.
[INFO] [1782970609.689849034] [map_saver]: Creating
[INFO] [1782970609.690431991] [map_saver]: Configuring
[INFO] [1782970609.696454485] [map_saver]: Saving map from '/map' topic to '/root/rdk_x5_vln_robot/maps/joy_semantic_test.tmp_20260702_133648' file
[WARN] [1782970609.696676902] [map_saver]: Free threshold unspecified. Setting it to default value: 0.250000
[WARN] [1782970609.696824902] [map_saver]: Occupied threshold unspecified. Setting it to default value: 0.650000
[ERROR] [1782970629.704853464] [map_saver]: Failed to spin map subscription
[INFO] [1782970629.708332086] [map_saver]: Destroying
[ros2run]: Process exited with failure 1
[INFO] [1782977391.282638184] [map_saver]: 
	map_saver lifecycle node launched. 
	Waiting on external lifecycle transitions to activate
	See https://design.ros2.org/articles/node_lifecycle.html for more information.
[INFO] [1782977391.284725306] [map_saver]: Creating
[INFO] [1782977391.285808847] [map_saver]: Configuring
[INFO] [1782977391.294003128] [map_saver]: Saving map from '/map' topic to '/root/rdk_x5_vln_robot/maps/joy_semantic_test.tmp_20260702_152950' file
[WARN] [1782977391.294277586] [map_saver]: Free threshold unspecified. Setting it to default value: 0.250000
[WARN] [1782977391.294921961] [map_saver]: Occupied threshold unspecified. Setting it to default value: 0.650000
[WARN] [1782977391.323355551] [map_io]: Image format unspecified. Setting it to: pgm
[INFO] [1782977391.324038550] [map_io]: Received a 155 X 201 map @ 0.05 m/pix
[INFO] [1782977391.415941771] [map_io]: Writing map occupancy data to /root/rdk_x5_vln_robot/maps/joy_semantic_test.tmp_20260702_152950.pgm
[INFO] [1782977391.418406060] [map_io]: Writing map metadata to /root/rdk_x5_vln_robot/maps/joy_semantic_test.tmp_20260702_152950.yaml
[INFO] [1782977391.418994143] [map_io]: Map saved
[INFO] [1782977391.419079851] [map_saver]: Map saved successfully
[INFO] [1782977391.421433931] [map_saver]: Destroying
[INFO] [1782978013.244761558] [map_saver]: 
	map_saver lifecycle node launched. 
	Waiting on external lifecycle transitions to activate
	See https://design.ros2.org/articles/node_lifecycle.html for more information.
[INFO] [1782978013.245770390] [map_saver]: Creating
[INFO] [1782978013.246937097] [map_saver]: Configuring
[INFO] [1782978013.254536921] [map_saver]: Saving map from '/map' topic to '/root/rdk_x5_vln_robot/maps/joy_semantic_test.tmp_20260702_154012' file
[WARN] [1782978013.255067921] [map_saver]: Free threshold unspecified. Setting it to default value: 0.250000
[WARN] [1782978013.255469837] [map_saver]: Occupied threshold unspecified. Setting it to default value: 0.650000
[WARN] [1782978013.289772212] [map_io]: Image format unspecified. Setting it to: pgm
[INFO] [1782978013.290414461] [map_io]: Received a 166 X 142 map @ 0.05 m/pix
[INFO] [1782978013.351104304] [map_io]: Writing map occupancy data to /root/rdk_x5_vln_robot/maps/joy_semantic_test.tmp_20260702_154012.pgm
[INFO] [1782978013.356676089] [map_io]: Writing map metadata to /root/rdk_x5_vln_robot/maps/joy_semantic_test.tmp_20260702_154012.yaml
[INFO] [1782978013.358871419] [map_io]: Map saved
[INFO] [1782978013.359389086] [map_saver]: Map saved successfully
[INFO] [1782978013.362127124] [map_saver]: Destroying
[INFO] [1782978715.466740929] [map_saver]: 
	map_saver lifecycle node launched. 
	Waiting on external lifecycle transitions to activate
	See https://design.ros2.org/articles/node_lifecycle.html for more information.
[INFO] [1782978715.467967304] [map_saver]: Creating
[INFO] [1782978715.468652304] [map_saver]: Configuring
[INFO] [1782978715.477887635] [map_saver]: Saving map from '/map' topic to '/root/rdk_x5_vln_robot/maps/joy_semantic_test.tmp_20260702_155154' file
[WARN] [1782978715.478811135] [map_saver]: Free threshold unspecified. Setting it to default value: 0.250000
[WARN] [1782978715.479556718] [map_saver]: Occupied threshold unspecified. Setting it to default value: 0.650000
[WARN] [1782978715.861601341] [map_io]: Image format unspecified. Setting it to: pgm
[INFO] [1782978715.863642215] [map_io]: Received a 155 X 201 map @ 0.05 m/pix
[INFO] [1782978715.941651489] [map_io]: Writing map occupancy data to /root/rdk_x5_vln_robot/maps/joy_semantic_test.tmp_20260702_155154.pgm
[INFO] [1782978715.944271864] [map_io]: Writing map metadata to /root/rdk_x5_vln_robot/maps/joy_semantic_test.tmp_20260702_155154.yaml
[INFO] [1782978715.945028447] [map_io]: Map saved
[INFO] [1782978715.945131114] [map_saver]: Map saved successfully
[INFO] [1782978715.948406613] [map_saver]: Destroying
[INFO] [1782979090.402934276] [map_saver]: 
	map_saver lifecycle node launched. 
	Waiting on external lifecycle transitions to activate
	See https://design.ros2.org/articles/node_lifecycle.html for more information.
[INFO] [1782979090.404065609] [map_saver]: Creating
[INFO] [1782979090.405817775] [map_saver]: Configuring
[INFO] [1782979090.418324479] [map_saver]: Saving map from '/map' topic to '/root/rdk_x5_vln_robot/maps/joy_semantic_test.tmp_20260702_155809' file
[WARN] [1782979090.418621938] [map_saver]: Free threshold unspecified. Setting it to default value: 0.250000
[WARN] [1782979090.418775563] [map_saver]: Occupied threshold unspecified. Setting it to default value: 0.650000
[WARN] [1782979091.304441924] [map_io]: Image format unspecified. Setting it to: pgm
[INFO] [1782979091.305405215] [map_io]: Received a 155 X 201 map @ 0.05 m/pix
[INFO] [1782979091.387291020] [map_io]: Writing map occupancy data to /root/rdk_x5_vln_robot/maps/joy_semantic_test.tmp_20260702_155809.pgm
[INFO] [1782979091.396131309] [map_io]: Writing map metadata to /root/rdk_x5_vln_robot/maps/joy_semantic_test.tmp_20260702_155809.yaml
[INFO] [1782979091.398541100] [map_io]: Map saved
[INFO] [1782979091.398891516] [map_saver]: Map saved successfully
[INFO] [1782979091.402827515] [map_saver]: Destroying
[INFO] [1782981898.721206305] [map_saver]: 
	map_saver lifecycle node launched. 
	Waiting on external lifecycle transitions to activate
	See https://design.ros2.org/articles/node_lifecycle.html for more information.
[INFO] [1782981898.724555720] [map_saver]: Creating
[INFO] [1782981898.726480552] [map_saver]: Configuring
[INFO] [1782981898.743815585] [map_saver]: Saving map from '/map' topic to '/root/rdk_x5_vln_robot/maps/joy_semantic_calibrated_map.tmp_20260702_164457' file
[WARN] [1782981898.744811376] [map_saver]: Free threshold unspecified. Setting it to default value: 0.250000
[WARN] [1782981898.745838542] [map_saver]: Occupied threshold unspecified. Setting it to default value: 0.650000
[WARN] [1782981899.797897873] [map_io]: Image format unspecified. Setting it to: pgm
[INFO] [1782981899.800444830] [map_io]: Received a 166 X 149 map @ 0.05 m/pix
[INFO] [1782981899.884610203] [map_io]: Writing map occupancy data to /root/rdk_x5_vln_robot/maps/joy_semantic_calibrated_map.tmp_20260702_164457.pgm
[INFO] [1782981899.895834947] [map_io]: Writing map metadata to /root/rdk_x5_vln_robot/maps/joy_semantic_calibrated_map.tmp_20260702_164457.yaml
[INFO] [1782981899.899224237] [map_io]: Map saved
[INFO] [1782981899.900111195] [map_saver]: Map saved successfully
[INFO] [1782981899.909122066] [map_saver]: Destroying
[INFO] [1782982233.081379747] [map_saver]: 
	map_saver lifecycle node launched. 
	Waiting on external lifecycle transitions to activate
	See https://design.ros2.org/articles/node_lifecycle.html for more information.
[INFO] [1782982233.082071288] [map_saver]: Creating
[INFO] [1782982233.082575455] [map_saver]: Configuring
[INFO] [1782982233.089047827] [map_saver]: Saving map from '/map' topic to '/root/rdk_x5_vln_robot/maps/joy_semantic_calibrated_map.tmp_20260702_165032' file
[WARN] [1782982233.089572077] [map_saver]: Free threshold unspecified. Setting it to default value: 0.250000
[WARN] [1782982233.089780577] [map_saver]: Occupied threshold unspecified. Setting it to default value: 0.650000
[WARN] [1782982233.366673853] [map_io]: Image format unspecified. Setting it to: pgm
[INFO] [1782982233.367036936] [map_io]: Received a 142 X 139 map @ 0.05 m/pix
[INFO] [1782982233.418004918] [map_io]: Writing map occupancy data to /root/rdk_x5_vln_robot/maps/joy_semantic_calibrated_map.tmp_20260702_165032.pgm
[INFO] [1782982233.420314417] [map_io]: Writing map metadata to /root/rdk_x5_vln_robot/maps/joy_semantic_calibrated_map.tmp_20260702_165032.yaml
[INFO] [1782982233.421031250] [map_io]: Map saved
[INFO] [1782982233.421137083] [map_saver]: Map saved successfully
[INFO] [1782982233.424163541] [map_saver]: Destroying
[INFO] [1782985050.503688787] [map_saver]: 
	map_saver lifecycle node launched. 
	Waiting on external lifecycle transitions to activate
	See https://design.ros2.org/articles/node_lifecycle.html for more information.
[INFO] [1782985050.504285371] [map_saver]: Creating
[INFO] [1782985050.504666788] [map_saver]: Configuring
[INFO] [1782985050.509911249] [map_saver]: Saving map from '/map' topic to '/root/rdk_x5_vln_robot/maps/joy_semantic_calibrated_map.tmp_20260702_173729' file
[WARN] [1782985050.510142666] [map_saver]: Free threshold unspecified. Setting it to default value: 0.250000
[WARN] [1782985050.510256666] [map_saver]: Occupied threshold unspecified. Setting it to default value: 0.650000
[WARN] [1782985051.016966995] [map_io]: Image format unspecified. Setting it to: pgm
[INFO] [1782985051.017318370] [map_io]: Received a 121 X 149 map @ 0.05 m/pix
[INFO] [1782985051.057450935] [map_io]: Writing map occupancy data to /root/rdk_x5_vln_robot/maps/joy_semantic_calibrated_map.tmp_20260702_173729.pgm
[INFO] [1782985051.059547144] [map_io]: Writing map metadata to /root/rdk_x5_vln_robot/maps/joy_semantic_calibrated_map.tmp_20260702_173729.yaml
[INFO] [1782985051.060124770] [map_io]: Map saved
[INFO] [1782985051.060196020] [map_saver]: Map saved successfully
[INFO] [1782985051.062662021] [map_saver]: Destroying
[INFO] [1782987076.171963910] [map_saver]: 
	map_saver lifecycle node launched. 
	Waiting on external lifecycle transitions to activate
	See https://design.ros2.org/articles/node_lifecycle.html for more information.
[INFO] [1782987076.173408534] [map_saver]: Creating
[INFO] [1782987076.174520200] [map_saver]: Configuring
[INFO] [1782987076.185982109] [map_saver]: Saving map from '/map' topic to '/root/rdk_x5_vln_robot/maps/joy_semantic_calibrated_map.tmp_20260702_181115' file
[WARN] [1782987076.186559983] [map_saver]: Free threshold unspecified. Setting it to default value: 0.250000
[WARN] [1782987076.186768150] [map_saver]: Occupied threshold unspecified. Setting it to default value: 0.650000
[WARN] [1782987076.393131094] [map_io]: Image format unspecified. Setting it to: pgm
[INFO] [1782987076.394355344] [map_io]: Received a 266 X 301 map @ 0.05 m/pix
[INFO] [1782987076.595048001] [map_io]: Writing map occupancy data to /root/rdk_x5_vln_robot/maps/joy_semantic_calibrated_map.tmp_20260702_181115.pgm
[INFO] [1782987076.599085081] [map_io]: Writing map metadata to /root/rdk_x5_vln_robot/maps/joy_semantic_calibrated_map.tmp_20260702_181115.yaml
[INFO] [1782987076.599905039] [map_io]: Map saved
[INFO] [1782987076.600012706] [map_saver]: Map saved successfully
[INFO] [1782987076.603692786] [map_saver]: Destroying
