[INFO] [1783321920.691376447] [simple_scan_filter]: filter /scan -> /scan_filtered, keep=[0.22, 4.00], isolated_window=2, isolated_delta=0.25, min_support_neighbors=1
[INFO] [1783321934.168798220] [simple_scan_filter]: scan stats: n=404, zeros=56, nan=0, inf=0, finite_raw=348, finite_out=337, removed_isolated=2
[INFO] [1783321939.163926693] [simple_scan_filter]: scan stats: n=404, zeros=57, nan=0, inf=0, finite_raw=347, finite_out=336, removed_isolated=2
[INFO] [1783321944.165717012] [simple_scan_filter]: scan stats: n=404, zeros=59, nan=0, inf=0, finite_raw=345, finite_out=334, removed_isolated=2
[INFO] [1783321949.156752059] [simple_scan_filter]: scan stats: n=404, zeros=57, nan=0, inf=0, finite_raw=347, finite_out=335, removed_isolated=3
[INFO] [1783321954.155850783] [simple_scan_filter]: scan stats: n=404, zeros=53, nan=0, inf=0, finite_raw=351, finite_out=338, removed_isolated=3
[INFO] [1783321959.149616816] [simple_scan_filter]: scan stats: n=404, zeros=54, nan=0, inf=0, finite_raw=350, finite_out=337, removed_isolated=1
[INFO] [1783321964.151932902] [simple_scan_filter]: scan stats: n=404, zeros=60, nan=0, inf=0, finite_raw=344, finite_out=335, removed_isolated=1
[INFO] [1783321969.135189552] [simple_scan_filter]: scan stats: n=404, zeros=57, nan=0, inf=0, finite_raw=347, finite_out=336, removed_isolated=2
[INFO] [1783321974.129094378] [simple_scan_filter]: scan stats: n=404, zeros=54, nan=0, inf=0, finite_raw=350, finite_out=336, removed_isolated=2
[INFO] [1783321979.130108548] [simple_scan_filter]: scan stats: n=404, zeros=52, nan=0, inf=0, finite_raw=352, finite_out=335, removed_isolated=3
[INFO] [1783321984.119631530] [simple_scan_filter]: scan stats: n=404, zeros=54, nan=0, inf=0, finite_raw=350, finite_out=337, removed_isolated=1
[INFO] [1783321989.116008188] [simple_scan_filter]: scan stats: n=404, zeros=55, nan=0, inf=0, finite_raw=349, finite_out=335, removed_isolated=3
[INFO] [1783321994.110819652] [simple_scan_filter]: scan stats: n=404, zeros=56, nan=0, inf=0, finite_raw=348, finite_out=336, removed_isolated=3
[INFO] [1783321999.104972464] [simple_scan_filter]: scan stats: n=404, zeros=53, nan=0, inf=0, finite_raw=351, finite_out=338, removed_isolated=2
[INFO] [1783322004.101000913] [simple_scan_filter]: scan stats: n=404, zeros=55, nan=0, inf=0, finite_raw=349, finite_out=336, removed_isolated=3
[INFO] [1783322009.095856417] [simple_scan_filter]: scan stats: n=404, zeros=59, nan=0, inf=0, finite_raw=345, finite_out=335, removed_isolated=1
[INFO] [1783322014.090710602] [simple_scan_filter]: scan stats: n=404, zeros=50, nan=0, inf=0, finite_raw=354, finite_out=339, removed_isolated=2
[INFO] [1783322019.088205131] [simple_scan_filter]: scan stats: n=404, zeros=56, nan=0, inf=0, finite_raw=348, finite_out=336, removed_isolated=2
[INFO] [1783322024.086878881] [simple_scan_filter]: scan stats: n=404, zeros=57, nan=0, inf=0, finite_raw=347, finite_out=335, removed_isolated=1
[INFO] [1783322029.080954604] [simple_scan_filter]: scan stats: n=404, zeros=57, nan=0, inf=0, finite_raw=347, finite_out=336, removed_isolated=1
[INFO] [1783322034.085527210] [simple_scan_filter]: scan stats: n=404, zeros=57, nan=0, inf=0, finite_raw=347, finite_out=336, removed_isolated=2
[INFO] [1783322039.072284837] [simple_scan_filter]: scan stats: n=404, zeros=56, nan=0, inf=0, finite_raw=348, finite_out=336, removed_isolated=2
[INFO] [1783322044.085134214] [simple_scan_filter]: scan stats: n=404, zeros=60, nan=0, inf=0, finite_raw=344, finite_out=334, removed_isolated=2
[INFO] [1783322049.061783370] [simple_scan_filter]: scan stats: n=404, zeros=60, nan=0, inf=0, finite_raw=344, finite_out=336, removed_isolated=1
[INFO] [1783322054.070671982] [simple_scan_filter]: scan stats: n=404, zeros=55, nan=0, inf=0, finite_raw=349, finite_out=335, removed_isolated=3
[INFO] [1783322059.055429241] [simple_scan_filter]: scan stats: n=404, zeros=57, nan=0, inf=0, finite_raw=347, finite_out=335, removed_isolated=3
[INFO] [1783322064.050060925] [simple_scan_filter]: scan stats: n=404, zeros=58, nan=0, inf=0, finite_raw=346, finite_out=336, removed_isolated=1
[INFO] [1783322069.047353494] [simple_scan_filter]: scan stats: n=404, zeros=60, nan=0, inf=0, finite_raw=344, finite_out=331, removed_isolated=2
[INFO] [1783322074.042961201] [simple_scan_filter]: scan stats: n=404, zeros=59, nan=0, inf=0, finite_raw=345, finite_out=336, removed_isolated=1
[INFO] [1783322079.037357545] [simple_scan_filter]: scan stats: n=404, zeros=53, nan=0, inf=0, finite_raw=351, finite_out=339, removed_isolated=2
[INFO] [1783322084.032989233] [simple_scan_filter]: scan stats: n=404, zeros=53, nan=0, inf=0, finite_raw=351, finite_out=335, removed_isolated=4
[INFO] [1783322089.025808141] [simple_scan_filter]: scan stats: n=404, zeros=69, nan=0, inf=0, finite_raw=335, finite_out=324, removed_isolated=2
[INFO] [1783322094.019911269] [simple_scan_filter]: scan stats: n=404, zeros=69, nan=0, inf=0, finite_raw=335, finite_out=325, removed_isolated=0
[INFO] [1783322099.014238825] [simple_scan_filter]: scan stats: n=404, zeros=72, nan=0, inf=0, finite_raw=332, finite_out=320, removed_isolated=2
[INFO] [1783322104.012250807] [simple_scan_filter]: scan stats: n=404, zeros=71, nan=0, inf=0, finite_raw=333, finite_out=322, removed_isolated=1
[INFO] [1783322109.004746010] [simple_scan_filter]: scan stats: n=404, zeros=70, nan=0, inf=0, finite_raw=334, finite_out=324, removed_isolated=0
[INFO] [1783322114.001992430] [simple_scan_filter]: scan stats: n=404, zeros=72, nan=0, inf=0, finite_raw=332, finite_out=321, removed_isolated=0
[INFO] [1783322119.000542444] [simple_scan_filter]: scan stats: n=404, zeros=68, nan=0, inf=0, finite_raw=336, finite_out=325, removed_isolated=2
[INFO] [1783322124.002284884] [simple_scan_filter]: scan stats: n=404, zeros=71, nan=0, inf=0, finite_raw=333, finite_out=323, removed_isolated=0
[INFO] [1783322128.987232424] [simple_scan_filter]: scan stats: n=404, zeros=67, nan=0, inf=0, finite_raw=337, finite_out=327, removed_isolated=0
[INFO] [1783322133.992202883] [simple_scan_filter]: scan stats: n=404, zeros=66, nan=0, inf=0, finite_raw=338, finite_out=327, removed_isolated=0
[INFO] [1783322138.981489818] [simple_scan_filter]: scan stats: n=404, zeros=65, nan=0, inf=0, finite_raw=339, finite_out=328, removed_isolated=0
[INFO] [1783322143.978081926] [simple_scan_filter]: scan stats: n=404, zeros=66, nan=0, inf=0, finite_raw=338, finite_out=327, removed_isolated=0
[INFO] [1783322148.997036160] [simple_scan_filter]: scan stats: n=404, zeros=66, nan=0, inf=0, finite_raw=338, finite_out=328, removed_isolated=0
[INFO] [1783322153.969220391] [simple_scan_filter]: scan stats: n=404, zeros=68, nan=0, inf=0, finite_raw=336, finite_out=325, removed_isolated=2
[INFO] [1783322158.971678300] [simple_scan_filter]: scan stats: n=404, zeros=71, nan=0, inf=0, finite_raw=333, finite_out=324, removed_isolated=1
[INFO] [1783322163.961626304] [simple_scan_filter]: scan stats: n=404, zeros=65, nan=0, inf=0, finite_raw=339, finite_out=328, removed_isolated=0
[INFO] [1783322168.968981306] [simple_scan_filter]: scan stats: n=404, zeros=57, nan=0, inf=0, finite_raw=347, finite_out=342, removed_isolated=2
[INFO] [1783322173.959181155] [simple_scan_filter]: scan stats: n=404, zeros=30, nan=0, inf=0, finite_raw=374, finite_out=363, removed_isolated=1
[INFO] [1783322178.958134215] [simple_scan_filter]: scan stats: n=404, zeros=33, nan=0, inf=0, finite_raw=371, finite_out=365, removed_isolated=0
[INFO] [1783322183.946214202] [simple_scan_filter]: scan stats: n=404, zeros=41, nan=0, inf=0, finite_raw=363, finite_out=344, removed_isolated=3
[INFO] [1783322188.940405900] [simple_scan_filter]: scan stats: n=404, zeros=74, nan=0, inf=0, finite_raw=330, finite_out=307, removed_isolated=3
[INFO] [1783322193.939794561] [simple_scan_filter]: scan stats: n=404, zeros=111, nan=0, inf=0, finite_raw=293, finite_out=239, removed_isolated=3
[INFO] [1783322198.930805106] [simple_scan_filter]: scan stats: n=404, zeros=132, nan=0, inf=0, finite_raw=272, finite_out=216, removed_isolated=5
[INFO] [1783322203.927444071] [simple_scan_filter]: scan stats: n=404, zeros=124, nan=0, inf=0, finite_raw=280, finite_out=234, removed_isolated=13
Traceback (most recent call last):
  File "/root/rdk_x5_vln_robot/ros2_bridge/simple_scan_filter.py", line 197, in <module>
    main()
  File "/root/rdk_x5_vln_robot/ros2_bridge/simple_scan_filter.py", line 191, in main
    rclpy.spin(node)
  File "/opt/ros/humble/local/lib/python3.10/dist-packages/rclpy/__init__.py", line 229, in spin
    executor.spin_once()
  File "/opt/ros/humble/local/lib/python3.10/dist-packages/rclpy/executors.py", line 751, in spin_once
    self._spin_once_impl(timeout_sec)
  File "/opt/ros/humble/local/lib/python3.10/dist-packages/rclpy/executors.py", line 740, in _spin_once_impl
    handler, entity, node = self.wait_for_ready_callbacks(timeout_sec=timeout_sec)
  File "/opt/ros/humble/local/lib/python3.10/dist-packages/rclpy/executors.py", line 723, in wait_for_ready_callbacks
    return next(self._cb_iter)
  File "/opt/ros/humble/local/lib/python3.10/dist-packages/rclpy/executors.py", line 624, in _wait_for_ready_callbacks
    raise ExternalShutdownException()
rclpy.executors.ExternalShutdownException
