[INFO] [1783052375.209722373] [simple_scan_filter]: filter /scan -> /scan_filtered, keep=[0.18, 4.00], isolated_window=2, isolated_delta=0.25, min_support_neighbors=1
[INFO] [1783052389.252869744] [simple_scan_filter]: scan stats: n=404, zeros=103, nan=0, inf=0, finite_raw=301, finite_out=227, removed_isolated=6
[INFO] [1783052394.242540379] [simple_scan_filter]: scan stats: n=404, zeros=103, nan=0, inf=0, finite_raw=301, finite_out=224, removed_isolated=6
[INFO] [1783052399.239443303] [simple_scan_filter]: scan stats: n=404, zeros=104, nan=0, inf=0, finite_raw=300, finite_out=229, removed_isolated=2
[INFO] [1783052404.237125272] [simple_scan_filter]: scan stats: n=404, zeros=105, nan=0, inf=0, finite_raw=299, finite_out=232, removed_isolated=2
[INFO] [1783052409.217280348] [simple_scan_filter]: scan stats: n=404, zeros=113, nan=0, inf=0, finite_raw=291, finite_out=226, removed_isolated=1
[INFO] [1783052414.214456612] [simple_scan_filter]: scan stats: n=404, zeros=115, nan=0, inf=0, finite_raw=289, finite_out=223, removed_isolated=5
[INFO] [1783052419.240962677] [simple_scan_filter]: scan stats: n=404, zeros=111, nan=0, inf=0, finite_raw=293, finite_out=226, removed_isolated=4
[INFO] [1783052424.194720238] [simple_scan_filter]: scan stats: n=404, zeros=110, nan=0, inf=0, finite_raw=294, finite_out=225, removed_isolated=7
[INFO] [1783052429.189979581] [simple_scan_filter]: scan stats: n=404, zeros=108, nan=0, inf=0, finite_raw=296, finite_out=226, removed_isolated=3
[INFO] [1783052434.169327228] [simple_scan_filter]: scan stats: n=404, zeros=102, nan=0, inf=0, finite_raw=302, finite_out=232, removed_isolated=3
[INFO] [1783052439.202419769] [simple_scan_filter]: scan stats: n=404, zeros=107, nan=0, inf=0, finite_raw=297, finite_out=226, removed_isolated=7
[INFO] [1783052444.153716888] [simple_scan_filter]: scan stats: n=404, zeros=105, nan=0, inf=0, finite_raw=299, finite_out=230, removed_isolated=5
[INFO] [1783052449.142623291] [simple_scan_filter]: scan stats: n=404, zeros=101, nan=0, inf=0, finite_raw=303, finite_out=229, removed_isolated=9
[INFO] [1783052454.141894088] [simple_scan_filter]: scan stats: n=404, zeros=101, nan=0, inf=0, finite_raw=303, finite_out=227, removed_isolated=7
[INFO] [1783052459.120346352] [simple_scan_filter]: scan stats: n=404, zeros=104, nan=0, inf=0, finite_raw=300, finite_out=228, removed_isolated=4
[INFO] [1783052464.114184462] [simple_scan_filter]: scan stats: n=404, zeros=103, nan=0, inf=0, finite_raw=301, finite_out=228, removed_isolated=6
[INFO] [1783052469.124456206] [simple_scan_filter]: scan stats: n=404, zeros=106, nan=0, inf=0, finite_raw=298, finite_out=225, removed_isolated=4
[INFO] [1783052474.122432238] [simple_scan_filter]: scan stats: n=404, zeros=105, nan=0, inf=0, finite_raw=299, finite_out=229, removed_isolated=3
[INFO] [1783052479.096255442] [simple_scan_filter]: scan stats: n=404, zeros=102, nan=0, inf=0, finite_raw=302, finite_out=231, removed_isolated=5
[INFO] [1783052484.088661900] [simple_scan_filter]: scan stats: n=404, zeros=112, nan=0, inf=0, finite_raw=292, finite_out=225, removed_isolated=3
[INFO] [1783052489.067546559] [simple_scan_filter]: scan stats: n=404, zeros=104, nan=0, inf=0, finite_raw=300, finite_out=233, removed_isolated=2
[INFO] [1783052494.063071388] [simple_scan_filter]: scan stats: n=404, zeros=106, nan=0, inf=0, finite_raw=298, finite_out=228, removed_isolated=2
[INFO] [1783052499.055558781] [simple_scan_filter]: scan stats: n=404, zeros=107, nan=0, inf=0, finite_raw=297, finite_out=225, removed_isolated=5
[INFO] [1783052504.044809611] [simple_scan_filter]: scan stats: n=404, zeros=105, nan=0, inf=0, finite_raw=299, finite_out=228, removed_isolated=3
[INFO] [1783052509.036550122] [simple_scan_filter]: scan stats: n=404, zeros=112, nan=0, inf=0, finite_raw=292, finite_out=223, removed_isolated=5
[INFO] [1783052514.027451815] [simple_scan_filter]: scan stats: n=404, zeros=99, nan=0, inf=0, finite_raw=305, finite_out=229, removed_isolated=8
[INFO] [1783052519.054514526] [simple_scan_filter]: scan stats: n=404, zeros=101, nan=0, inf=0, finite_raw=303, finite_out=225, removed_isolated=7
[INFO] [1783052524.030041656] [simple_scan_filter]: scan stats: n=404, zeros=102, nan=0, inf=0, finite_raw=302, finite_out=228, removed_isolated=4
[INFO] [1783052529.007070556] [simple_scan_filter]: scan stats: n=404, zeros=106, nan=0, inf=0, finite_raw=298, finite_out=223, removed_isolated=6
[INFO] [1783052534.003615343] [simple_scan_filter]: scan stats: n=404, zeros=101, nan=0, inf=0, finite_raw=303, finite_out=225, removed_isolated=7
[INFO] [1783052538.986245534] [simple_scan_filter]: scan stats: n=404, zeros=101, nan=0, inf=0, finite_raw=303, finite_out=229, removed_isolated=3
[INFO] [1783052543.974154909] [simple_scan_filter]: scan stats: n=404, zeros=107, nan=0, inf=0, finite_raw=297, finite_out=226, removed_isolated=2
Traceback (most recent call last):
  File "/root/rdk_x5_vln_robot/ros2_bridge/simple_scan_filter.py", line 197, in <module>
    main()
  File "/root/rdk_x5_vln_robot/ros2_bridge/simple_scan_filter.py", line 191, in main
    rclpy.spin(node)
  File "/opt/ros/humble/local/lib/python3.10/dist-packages/rclpy/__init__.py", line 229, in spin
    executor.spin_once()
  File "/opt/ros/humble/local/lib/python3.10/dist-packages/rclpy/executors.py", line 751, in spin_once
    self._spin_once_impl(timeout_sec)
  File "/opt/ros/humble/local/lib/python3.10/dist-packages/rclpy/executors.py", line 740, in _spin_once_impl
    handler, entity, node = self.wait_for_ready_callbacks(timeout_sec=timeout_sec)
  File "/opt/ros/humble/local/lib/python3.10/dist-packages/rclpy/executors.py", line 723, in wait_for_ready_callbacks
    return next(self._cb_iter)
  File "/opt/ros/humble/local/lib/python3.10/dist-packages/rclpy/executors.py", line 624, in _wait_for_ready_callbacks
    raise ExternalShutdownException()
rclpy.executors.ExternalShutdownException
