[INFO] [1783232032.610715732] [simple_scan_filter]: filter /scan -> /scan_filtered, keep=[0.22, 4.00], isolated_window=2, isolated_delta=0.25, min_support_neighbors=1
[INFO] [1783232046.120984879] [simple_scan_filter]: scan stats: n=404, zeros=105, nan=0, inf=0, finite_raw=299, finite_out=235, removed_isolated=4
[INFO] [1783232051.114938464] [simple_scan_filter]: scan stats: n=404, zeros=101, nan=0, inf=0, finite_raw=303, finite_out=237, removed_isolated=5
[INFO] [1783232056.115709180] [simple_scan_filter]: scan stats: n=404, zeros=98, nan=0, inf=0, finite_raw=306, finite_out=239, removed_isolated=4
[INFO] [1783232061.106366242] [simple_scan_filter]: scan stats: n=404, zeros=102, nan=0, inf=0, finite_raw=302, finite_out=238, removed_isolated=4
[INFO] [1783232066.101827894] [simple_scan_filter]: scan stats: n=404, zeros=102, nan=0, inf=0, finite_raw=302, finite_out=236, removed_isolated=7
[INFO] [1783232071.122835708] [simple_scan_filter]: scan stats: n=404, zeros=105, nan=0, inf=0, finite_raw=299, finite_out=235, removed_isolated=4
[INFO] [1783232076.089061348] [simple_scan_filter]: scan stats: n=404, zeros=104, nan=0, inf=0, finite_raw=300, finite_out=237, removed_isolated=2
[INFO] [1783232081.078274111] [simple_scan_filter]: scan stats: n=404, zeros=101, nan=0, inf=0, finite_raw=303, finite_out=233, removed_isolated=6
[INFO] [1783232086.077178794] [simple_scan_filter]: scan stats: n=404, zeros=103, nan=0, inf=0, finite_raw=301, finite_out=239, removed_isolated=2
[INFO] [1783232091.124746086] [simple_scan_filter]: scan stats: n=404, zeros=103, nan=0, inf=0, finite_raw=301, finite_out=236, removed_isolated=4
[INFO] [1783232096.062873689] [simple_scan_filter]: scan stats: n=404, zeros=101, nan=0, inf=0, finite_raw=303, finite_out=237, removed_isolated=4
[INFO] [1783232101.065820353] [simple_scan_filter]: scan stats: n=404, zeros=97, nan=0, inf=0, finite_raw=307, finite_out=238, removed_isolated=4
[INFO] [1783232106.049635033] [simple_scan_filter]: scan stats: n=404, zeros=97, nan=0, inf=0, finite_raw=307, finite_out=240, removed_isolated=6
[INFO] [1783232111.043435717] [simple_scan_filter]: scan stats: n=404, zeros=101, nan=0, inf=0, finite_raw=303, finite_out=233, removed_isolated=6
[INFO] [1783232116.037190450] [simple_scan_filter]: scan stats: n=404, zeros=103, nan=0, inf=0, finite_raw=301, finite_out=236, removed_isolated=3
[INFO] [1783232121.031599358] [simple_scan_filter]: scan stats: n=404, zeros=104, nan=0, inf=0, finite_raw=300, finite_out=236, removed_isolated=5
[INFO] [1783232126.027360148] [simple_scan_filter]: scan stats: n=404, zeros=104, nan=0, inf=0, finite_raw=300, finite_out=239, removed_isolated=2
[INFO] [1783232131.020533155] [simple_scan_filter]: scan stats: n=404, zeros=101, nan=0, inf=0, finite_raw=303, finite_out=239, removed_isolated=3
[INFO] [1783232136.017654834] [simple_scan_filter]: scan stats: n=404, zeros=98, nan=0, inf=0, finite_raw=306, finite_out=235, removed_isolated=9
[INFO] [1783232141.010031607] [simple_scan_filter]: scan stats: n=404, zeros=101, nan=0, inf=0, finite_raw=303, finite_out=238, removed_isolated=7
[INFO] [1783232146.005169095] [simple_scan_filter]: scan stats: n=404, zeros=102, nan=0, inf=0, finite_raw=302, finite_out=235, removed_isolated=6
[INFO] [1783232151.050905984] [simple_scan_filter]: scan stats: n=404, zeros=101, nan=0, inf=0, finite_raw=303, finite_out=233, removed_isolated=7
[INFO] [1783232155.998167092] [simple_scan_filter]: scan stats: n=404, zeros=104, nan=0, inf=0, finite_raw=300, finite_out=236, removed_isolated=5
[INFO] [1783232161.017951174] [simple_scan_filter]: scan stats: n=404, zeros=105, nan=0, inf=0, finite_raw=299, finite_out=238, removed_isolated=3
[INFO] [1783232165.986287496] [simple_scan_filter]: scan stats: n=404, zeros=102, nan=0, inf=0, finite_raw=302, finite_out=231, removed_isolated=7
[INFO] [1783232170.981901772] [simple_scan_filter]: scan stats: n=404, zeros=100, nan=0, inf=0, finite_raw=304, finite_out=234, removed_isolated=7
[INFO] [1783232176.026140074] [simple_scan_filter]: scan stats: n=404, zeros=99, nan=0, inf=0, finite_raw=305, finite_out=240, removed_isolated=3
[INFO] [1783232180.987610963] [simple_scan_filter]: scan stats: n=404, zeros=104, nan=0, inf=0, finite_raw=300, finite_out=237, removed_isolated=3
[INFO] [1783232185.972174724] [simple_scan_filter]: scan stats: n=404, zeros=100, nan=0, inf=0, finite_raw=304, finite_out=240, removed_isolated=6
[INFO] [1783232190.965163447] [simple_scan_filter]: scan stats: n=404, zeros=102, nan=0, inf=0, finite_raw=302, finite_out=235, removed_isolated=5
[INFO] [1783232195.968056131] [simple_scan_filter]: scan stats: n=404, zeros=118, nan=0, inf=0, finite_raw=286, finite_out=226, removed_isolated=7
[INFO] [1783232200.974676071] [simple_scan_filter]: scan stats: n=404, zeros=103, nan=0, inf=0, finite_raw=301, finite_out=241, removed_isolated=10
[INFO] [1783232205.949671365] [simple_scan_filter]: scan stats: n=404, zeros=87, nan=0, inf=0, finite_raw=317, finite_out=252, removed_isolated=4
[INFO] [1783232210.954875237] [simple_scan_filter]: scan stats: n=404, zeros=92, nan=0, inf=0, finite_raw=312, finite_out=249, removed_isolated=2
[INFO] [1783232215.945247372] [simple_scan_filter]: scan stats: n=404, zeros=82, nan=0, inf=0, finite_raw=322, finite_out=255, removed_isolated=4
[INFO] [1783232220.932443891] [simple_scan_filter]: scan stats: n=404, zeros=89, nan=0, inf=0, finite_raw=315, finite_out=248, removed_isolated=3
[INFO] [1783232225.940413658] [simple_scan_filter]: scan stats: n=404, zeros=100, nan=0, inf=0, finite_raw=304, finite_out=237, removed_isolated=9
[INFO] [1783232230.928885273] [simple_scan_filter]: scan stats: n=404, zeros=96, nan=0, inf=0, finite_raw=308, finite_out=261, removed_isolated=3
[INFO] [1783232235.918866604] [simple_scan_filter]: scan stats: n=404, zeros=95, nan=0, inf=0, finite_raw=309, finite_out=240, removed_isolated=2
[INFO] [1783232240.915122355] [simple_scan_filter]: scan stats: n=404, zeros=106, nan=0, inf=0, finite_raw=298, finite_out=234, removed_isolated=5
[INFO] [1783232245.906459866] [simple_scan_filter]: scan stats: n=404, zeros=69, nan=0, inf=0, finite_raw=335, finite_out=301, removed_isolated=5
[INFO] [1783232250.904087005] [simple_scan_filter]: scan stats: n=404, zeros=43, nan=0, inf=0, finite_raw=361, finite_out=349, removed_isolated=0
[INFO] [1783232255.894906738] [simple_scan_filter]: scan stats: n=404, zeros=34, nan=0, inf=0, finite_raw=370, finite_out=360, removed_isolated=0
[INFO] [1783232260.890746018] [simple_scan_filter]: scan stats: n=404, zeros=39, nan=0, inf=0, finite_raw=365, finite_out=355, removed_isolated=0
Traceback (most recent call last):
  File "/root/rdk_x5_vln_robot/ros2_bridge/simple_scan_filter.py", line 197, in <module>
    main()
  File "/root/rdk_x5_vln_robot/ros2_bridge/simple_scan_filter.py", line 191, in main
    rclpy.spin(node)
  File "/opt/ros/humble/local/lib/python3.10/dist-packages/rclpy/__init__.py", line 229, in spin
    executor.spin_once()
  File "/opt/ros/humble/local/lib/python3.10/dist-packages/rclpy/executors.py", line 751, in spin_once
    self._spin_once_impl(timeout_sec)
  File "/opt/ros/humble/local/lib/python3.10/dist-packages/rclpy/executors.py", line 740, in _spin_once_impl
    handler, entity, node = self.wait_for_ready_callbacks(timeout_sec=timeout_sec)
  File "/opt/ros/humble/local/lib/python3.10/dist-packages/rclpy/executors.py", line 723, in wait_for_ready_callbacks
    return next(self._cb_iter)
  File "/opt/ros/humble/local/lib/python3.10/dist-packages/rclpy/executors.py", line 624, in _wait_for_ready_callbacks
    raise ExternalShutdownException()
rclpy.executors.ExternalShutdownException
