[INFO] [1783060325.227842569] [simple_scan_filter]: filter /scan -> /scan_filtered, keep=[0.18, 4.00], isolated_window=2, isolated_delta=0.25, min_support_neighbors=1
[INFO] [1783060338.863725945] [simple_scan_filter]: scan stats: n=404, zeros=89, nan=0, inf=0, finite_raw=315, finite_out=284, removed_isolated=3
[INFO] [1783060343.862135689] [simple_scan_filter]: scan stats: n=404, zeros=90, nan=0, inf=0, finite_raw=314, finite_out=278, removed_isolated=4
[INFO] [1783060348.864932721] [simple_scan_filter]: scan stats: n=404, zeros=91, nan=0, inf=0, finite_raw=313, finite_out=286, removed_isolated=2
[INFO] [1783060353.870857955] [simple_scan_filter]: scan stats: n=404, zeros=97, nan=0, inf=0, finite_raw=307, finite_out=279, removed_isolated=2
[INFO] [1783060358.928822309] [simple_scan_filter]: scan stats: n=404, zeros=91, nan=0, inf=0, finite_raw=313, finite_out=284, removed_isolated=2
[INFO] [1783060363.857563325] [simple_scan_filter]: scan stats: n=404, zeros=97, nan=0, inf=0, finite_raw=307, finite_out=277, removed_isolated=4
[INFO] [1783060368.853071086] [simple_scan_filter]: scan stats: n=404, zeros=98, nan=0, inf=0, finite_raw=306, finite_out=278, removed_isolated=3
[INFO] [1783060373.855434925] [simple_scan_filter]: scan stats: n=404, zeros=95, nan=0, inf=0, finite_raw=309, finite_out=280, removed_isolated=3
[INFO] [1783060378.854751717] [simple_scan_filter]: scan stats: n=404, zeros=92, nan=0, inf=0, finite_raw=312, finite_out=281, removed_isolated=3
[INFO] [1783060383.855831254] [simple_scan_filter]: scan stats: n=404, zeros=95, nan=0, inf=0, finite_raw=309, finite_out=280, removed_isolated=4
[INFO] [1783060388.853175745] [simple_scan_filter]: scan stats: n=404, zeros=91, nan=0, inf=0, finite_raw=313, finite_out=285, removed_isolated=2
[INFO] [1783060393.851564772] [simple_scan_filter]: scan stats: n=404, zeros=95, nan=0, inf=0, finite_raw=309, finite_out=283, removed_isolated=2
[INFO] [1783060398.850132170] [simple_scan_filter]: scan stats: n=404, zeros=89, nan=0, inf=0, finite_raw=315, finite_out=282, removed_isolated=3
[INFO] [1783060403.844446937] [simple_scan_filter]: scan stats: n=404, zeros=93, nan=0, inf=0, finite_raw=311, finite_out=281, removed_isolated=3
[INFO] [1783060408.845701408] [simple_scan_filter]: scan stats: n=404, zeros=98, nan=0, inf=0, finite_raw=306, finite_out=279, removed_isolated=3
[INFO] [1783060413.842025416] [simple_scan_filter]: scan stats: n=404, zeros=87, nan=0, inf=0, finite_raw=317, finite_out=286, removed_isolated=2
[INFO] [1783060418.841871044] [simple_scan_filter]: scan stats: n=404, zeros=98, nan=0, inf=0, finite_raw=306, finite_out=277, removed_isolated=3
[INFO] [1783060423.849903667] [simple_scan_filter]: scan stats: n=404, zeros=93, nan=0, inf=0, finite_raw=311, finite_out=279, removed_isolated=3
[INFO] [1783060428.863506160] [simple_scan_filter]: scan stats: n=404, zeros=93, nan=0, inf=0, finite_raw=311, finite_out=282, removed_isolated=3
[INFO] [1783060433.849984732] [simple_scan_filter]: scan stats: n=404, zeros=89, nan=0, inf=0, finite_raw=315, finite_out=285, removed_isolated=3
[INFO] [1783060438.875452174] [simple_scan_filter]: scan stats: n=404, zeros=97, nan=0, inf=0, finite_raw=307, finite_out=282, removed_isolated=2
[INFO] [1783060443.835324529] [simple_scan_filter]: scan stats: n=404, zeros=92, nan=0, inf=0, finite_raw=312, finite_out=282, removed_isolated=2
[INFO] [1783060448.833385545] [simple_scan_filter]: scan stats: n=404, zeros=91, nan=0, inf=0, finite_raw=313, finite_out=285, removed_isolated=2
[INFO] [1783060453.832177098] [simple_scan_filter]: scan stats: n=404, zeros=90, nan=0, inf=0, finite_raw=314, finite_out=284, removed_isolated=2
[INFO] [1783060458.830836230] [simple_scan_filter]: scan stats: n=404, zeros=95, nan=0, inf=0, finite_raw=309, finite_out=280, removed_isolated=2
[INFO] [1783060463.838806315] [simple_scan_filter]: scan stats: n=404, zeros=91, nan=0, inf=0, finite_raw=313, finite_out=286, removed_isolated=2
[INFO] [1783060468.852984562] [simple_scan_filter]: scan stats: n=404, zeros=94, nan=0, inf=0, finite_raw=310, finite_out=282, removed_isolated=4
[INFO] [1783060473.855432513] [simple_scan_filter]: scan stats: n=404, zeros=98, nan=0, inf=0, finite_raw=306, finite_out=278, removed_isolated=2
[INFO] [1783060478.835025544] [simple_scan_filter]: scan stats: n=404, zeros=89, nan=0, inf=0, finite_raw=315, finite_out=287, removed_isolated=2
[INFO] [1783060483.823510236] [simple_scan_filter]: scan stats: n=404, zeros=91, nan=0, inf=0, finite_raw=313, finite_out=285, removed_isolated=2
[INFO] [1783060488.820048757] [simple_scan_filter]: scan stats: n=404, zeros=92, nan=0, inf=0, finite_raw=312, finite_out=283, removed_isolated=2
[INFO] [1783060493.819992648] [simple_scan_filter]: scan stats: n=404, zeros=92, nan=0, inf=0, finite_raw=312, finite_out=284, removed_isolated=2
[INFO] [1783060498.819818160] [simple_scan_filter]: scan stats: n=404, zeros=101, nan=0, inf=0, finite_raw=303, finite_out=278, removed_isolated=3
[INFO] [1783060503.819271376] [simple_scan_filter]: scan stats: n=404, zeros=91, nan=0, inf=0, finite_raw=313, finite_out=283, removed_isolated=3
[INFO] [1783060508.821177213] [simple_scan_filter]: scan stats: n=404, zeros=86, nan=0, inf=0, finite_raw=318, finite_out=297, removed_isolated=1
[INFO] [1783060513.829052836] [simple_scan_filter]: scan stats: n=404, zeros=72, nan=0, inf=0, finite_raw=332, finite_out=309, removed_isolated=3
[INFO] [1783060518.815914872] [simple_scan_filter]: scan stats: n=404, zeros=80, nan=0, inf=0, finite_raw=324, finite_out=308, removed_isolated=2
[INFO] [1783060523.809807862] [simple_scan_filter]: scan stats: n=404, zeros=68, nan=0, inf=0, finite_raw=336, finite_out=325, removed_isolated=2
[INFO] [1783060528.825377014] [simple_scan_filter]: scan stats: n=404, zeros=46, nan=0, inf=0, finite_raw=358, finite_out=348, removed_isolated=0
[INFO] [1783060533.812917746] [simple_scan_filter]: scan stats: n=404, zeros=32, nan=0, inf=0, finite_raw=372, finite_out=370, removed_isolated=1
[INFO] [1783060538.807976764] [simple_scan_filter]: scan stats: n=404, zeros=36, nan=0, inf=0, finite_raw=368, finite_out=364, removed_isolated=0
[INFO] [1783060543.804532279] [simple_scan_filter]: scan stats: n=404, zeros=33, nan=0, inf=0, finite_raw=371, finite_out=357, removed_isolated=1
[INFO] [1783060548.807496122] [simple_scan_filter]: scan stats: n=404, zeros=49, nan=0, inf=0, finite_raw=355, finite_out=340, removed_isolated=1
[INFO] [1783060553.807126128] [simple_scan_filter]: scan stats: n=404, zeros=53, nan=0, inf=0, finite_raw=351, finite_out=324, removed_isolated=3
[INFO] [1783060558.798404088] [simple_scan_filter]: scan stats: n=404, zeros=88, nan=0, inf=0, finite_raw=316, finite_out=267, removed_isolated=1
[INFO] [1783060563.812348127] [simple_scan_filter]: scan stats: n=404, zeros=104, nan=0, inf=0, finite_raw=300, finite_out=230, removed_isolated=2
[INFO] [1783060568.813815453] [simple_scan_filter]: scan stats: n=404, zeros=98, nan=0, inf=0, finite_raw=306, finite_out=233, removed_isolated=3
[INFO] [1783060573.804668109] [simple_scan_filter]: scan stats: n=404, zeros=87, nan=0, inf=0, finite_raw=317, finite_out=241, removed_isolated=7
[INFO] [1783060578.794880969] [simple_scan_filter]: scan stats: n=404, zeros=94, nan=0, inf=0, finite_raw=310, finite_out=252, removed_isolated=2
[INFO] [1783060583.801358908] [simple_scan_filter]: scan stats: n=404, zeros=87, nan=0, inf=0, finite_raw=317, finite_out=253, removed_isolated=4
[INFO] [1783060588.789160302] [simple_scan_filter]: scan stats: n=404, zeros=98, nan=0, inf=0, finite_raw=306, finite_out=248, removed_isolated=5
[INFO] [1783060593.789127358] [simple_scan_filter]: scan stats: n=404, zeros=95, nan=0, inf=0, finite_raw=309, finite_out=255, removed_isolated=2
[INFO] [1783060598.787540910] [simple_scan_filter]: scan stats: n=404, zeros=101, nan=0, inf=0, finite_raw=303, finite_out=247, removed_isolated=3
[INFO] [1783060603.783913958] [simple_scan_filter]: scan stats: n=404, zeros=102, nan=0, inf=0, finite_raw=302, finite_out=249, removed_isolated=2
[INFO] [1783060608.784487502] [simple_scan_filter]: scan stats: n=404, zeros=93, nan=0, inf=0, finite_raw=311, finite_out=247, removed_isolated=4
[INFO] [1783060613.780828792] [simple_scan_filter]: scan stats: n=404, zeros=98, nan=0, inf=0, finite_raw=306, finite_out=252, removed_isolated=3
[INFO] [1783060618.779381869] [simple_scan_filter]: scan stats: n=404, zeros=102, nan=0, inf=0, finite_raw=302, finite_out=238, removed_isolated=6
[INFO] [1783060623.787675442] [simple_scan_filter]: scan stats: n=404, zeros=93, nan=0, inf=0, finite_raw=311, finite_out=260, removed_isolated=4
[INFO] [1783060628.779174012] [simple_scan_filter]: scan stats: n=404, zeros=103, nan=0, inf=0, finite_raw=301, finite_out=238, removed_isolated=8
[INFO] [1783060633.782557703] [simple_scan_filter]: scan stats: n=404, zeros=112, nan=0, inf=0, finite_raw=292, finite_out=225, removed_isolated=10
[INFO] [1783060638.779642806] [simple_scan_filter]: scan stats: n=404, zeros=106, nan=0, inf=0, finite_raw=298, finite_out=234, removed_isolated=2
[INFO] [1783060643.772114573] [simple_scan_filter]: scan stats: n=404, zeros=96, nan=0, inf=0, finite_raw=308, finite_out=250, removed_isolated=5
[INFO] [1783060648.766755836] [simple_scan_filter]: scan stats: n=404, zeros=90, nan=0, inf=0, finite_raw=314, finite_out=243, removed_isolated=7
Traceback (most recent call last):
  File "/root/rdk_x5_vln_robot/ros2_bridge/simple_scan_filter.py", line 197, in <module>
    main()
  File "/root/rdk_x5_vln_robot/ros2_bridge/simple_scan_filter.py", line 191, in main
    rclpy.spin(node)
  File "/opt/ros/humble/local/lib/python3.10/dist-packages/rclpy/__init__.py", line 229, in spin
    executor.spin_once()
  File "/opt/ros/humble/local/lib/python3.10/dist-packages/rclpy/executors.py", line 751, in spin_once
    self._spin_once_impl(timeout_sec)
  File "/opt/ros/humble/local/lib/python3.10/dist-packages/rclpy/executors.py", line 740, in _spin_once_impl
    handler, entity, node = self.wait_for_ready_callbacks(timeout_sec=timeout_sec)
  File "/opt/ros/humble/local/lib/python3.10/dist-packages/rclpy/executors.py", line 723, in wait_for_ready_callbacks
    return next(self._cb_iter)
  File "/opt/ros/humble/local/lib/python3.10/dist-packages/rclpy/executors.py", line 624, in _wait_for_ready_callbacks
    raise ExternalShutdownException()
rclpy.executors.ExternalShutdownException
