[INFO] [1783062923.232648362] [simple_scan_filter]: filter /scan -> /scan_filtered, keep=[0.18, 4.00], isolated_window=2, isolated_delta=0.25, min_support_neighbors=1
[INFO] [1783062936.653759070] [simple_scan_filter]: scan stats: n=404, zeros=72, nan=0, inf=0, finite_raw=332, finite_out=309, removed_isolated=9
[INFO] [1783062941.649411274] [simple_scan_filter]: scan stats: n=404, zeros=71, nan=0, inf=0, finite_raw=333, finite_out=315, removed_isolated=5
[INFO] [1783062946.651972727] [simple_scan_filter]: scan stats: n=404, zeros=72, nan=0, inf=0, finite_raw=332, finite_out=312, removed_isolated=6
[INFO] [1783062951.650402469] [simple_scan_filter]: scan stats: n=404, zeros=71, nan=0, inf=0, finite_raw=333, finite_out=312, removed_isolated=7
[INFO] [1783062956.647341168] [simple_scan_filter]: scan stats: n=404, zeros=77, nan=0, inf=0, finite_raw=327, finite_out=311, removed_isolated=6
[INFO] [1783062961.638577824] [simple_scan_filter]: scan stats: n=404, zeros=77, nan=0, inf=0, finite_raw=327, finite_out=312, removed_isolated=5
[INFO] [1783062966.636210937] [simple_scan_filter]: scan stats: n=404, zeros=71, nan=0, inf=0, finite_raw=333, finite_out=318, removed_isolated=3
[INFO] [1783062971.639786881] [simple_scan_filter]: scan stats: n=404, zeros=69, nan=0, inf=0, finite_raw=335, finite_out=314, removed_isolated=5
[INFO] [1783062976.633273949] [simple_scan_filter]: scan stats: n=404, zeros=68, nan=0, inf=0, finite_raw=336, finite_out=317, removed_isolated=6
[INFO] [1783062981.628305265] [simple_scan_filter]: scan stats: n=404, zeros=68, nan=0, inf=0, finite_raw=336, finite_out=315, removed_isolated=7
[INFO] [1783062986.624570288] [simple_scan_filter]: scan stats: n=404, zeros=74, nan=0, inf=0, finite_raw=330, finite_out=311, removed_isolated=9
[INFO] [1783062991.622695393] [simple_scan_filter]: scan stats: n=404, zeros=72, nan=0, inf=0, finite_raw=332, finite_out=317, removed_isolated=3
[INFO] [1783062996.622543829] [simple_scan_filter]: scan stats: n=404, zeros=72, nan=0, inf=0, finite_raw=332, finite_out=315, removed_isolated=5
[INFO] [1783063001.616609264] [simple_scan_filter]: scan stats: n=404, zeros=73, nan=0, inf=0, finite_raw=331, finite_out=314, removed_isolated=2
[INFO] [1783063006.613860280] [simple_scan_filter]: scan stats: n=404, zeros=71, nan=0, inf=0, finite_raw=333, finite_out=311, removed_isolated=5
[INFO] [1783063011.616261295] [simple_scan_filter]: scan stats: n=404, zeros=77, nan=0, inf=0, finite_raw=327, finite_out=308, removed_isolated=5
[INFO] [1783063016.611722892] [simple_scan_filter]: scan stats: n=404, zeros=77, nan=0, inf=0, finite_raw=327, finite_out=308, removed_isolated=3
[INFO] [1783063021.607068279] [simple_scan_filter]: scan stats: n=404, zeros=69, nan=0, inf=0, finite_raw=335, finite_out=312, removed_isolated=6
[INFO] [1783063026.602156205] [simple_scan_filter]: scan stats: n=404, zeros=67, nan=0, inf=0, finite_raw=337, finite_out=315, removed_isolated=6
[INFO] [1783063031.600457464] [simple_scan_filter]: scan stats: n=404, zeros=70, nan=0, inf=0, finite_raw=334, finite_out=315, removed_isolated=3
[INFO] [1783063036.596249929] [simple_scan_filter]: scan stats: n=404, zeros=75, nan=0, inf=0, finite_raw=329, finite_out=311, removed_isolated=7
[INFO] [1783063041.595363060] [simple_scan_filter]: scan stats: n=404, zeros=70, nan=0, inf=0, finite_raw=334, finite_out=314, removed_isolated=4
[INFO] [1783063046.596500147] [simple_scan_filter]: scan stats: n=404, zeros=75, nan=0, inf=0, finite_raw=329, finite_out=309, removed_isolated=5
[INFO] [1783063051.589451358] [simple_scan_filter]: scan stats: n=404, zeros=71, nan=0, inf=0, finite_raw=333, finite_out=310, removed_isolated=5
[INFO] [1783063056.587052650] [simple_scan_filter]: scan stats: n=404, zeros=68, nan=0, inf=0, finite_raw=336, finite_out=316, removed_isolated=3
[INFO] [1783063061.586087483] [simple_scan_filter]: scan stats: n=404, zeros=77, nan=0, inf=0, finite_raw=327, finite_out=310, removed_isolated=4
[INFO] [1783063066.586862439] [simple_scan_filter]: scan stats: n=404, zeros=74, nan=0, inf=0, finite_raw=330, finite_out=314, removed_isolated=5
[INFO] [1783063071.576066602] [simple_scan_filter]: scan stats: n=404, zeros=70, nan=0, inf=0, finite_raw=334, finite_out=317, removed_isolated=3
[INFO] [1783063076.574288805] [simple_scan_filter]: scan stats: n=404, zeros=68, nan=0, inf=0, finite_raw=336, finite_out=310, removed_isolated=7
[INFO] [1783063081.571645798] [simple_scan_filter]: scan stats: n=404, zeros=70, nan=0, inf=0, finite_raw=334, finite_out=315, removed_isolated=2
[INFO] [1783063086.571308873] [simple_scan_filter]: scan stats: n=404, zeros=72, nan=0, inf=0, finite_raw=332, finite_out=310, removed_isolated=8
[INFO] [1783063091.565802113] [simple_scan_filter]: scan stats: n=404, zeros=71, nan=0, inf=0, finite_raw=333, finite_out=310, removed_isolated=9
[INFO] [1783063096.575247602] [simple_scan_filter]: scan stats: n=404, zeros=72, nan=0, inf=0, finite_raw=332, finite_out=310, removed_isolated=9
[INFO] [1783063101.561870672] [simple_scan_filter]: scan stats: n=404, zeros=76, nan=0, inf=0, finite_raw=328, finite_out=313, removed_isolated=5
[INFO] [1783063106.560524824] [simple_scan_filter]: scan stats: n=404, zeros=71, nan=0, inf=0, finite_raw=333, finite_out=310, removed_isolated=9
[INFO] [1783063111.562895933] [simple_scan_filter]: scan stats: n=404, zeros=75, nan=0, inf=0, finite_raw=329, finite_out=311, removed_isolated=5
[INFO] [1783063116.553785166] [simple_scan_filter]: scan stats: n=404, zeros=75, nan=0, inf=0, finite_raw=329, finite_out=310, removed_isolated=6
[INFO] [1783063121.551778813] [simple_scan_filter]: scan stats: n=404, zeros=72, nan=0, inf=0, finite_raw=332, finite_out=311, removed_isolated=6
[INFO] [1783063126.553372793] [simple_scan_filter]: scan stats: n=404, zeros=71, nan=0, inf=0, finite_raw=333, finite_out=309, removed_isolated=7
[INFO] [1783063131.546277729] [simple_scan_filter]: scan stats: n=404, zeros=71, nan=0, inf=0, finite_raw=333, finite_out=316, removed_isolated=1
[INFO] [1783063136.562740956] [simple_scan_filter]: scan stats: n=404, zeros=71, nan=0, inf=0, finite_raw=333, finite_out=314, removed_isolated=6
[INFO] [1783063141.543303014] [simple_scan_filter]: scan stats: n=404, zeros=75, nan=0, inf=0, finite_raw=329, finite_out=306, removed_isolated=7
Traceback (most recent call last):
  File "/root/rdk_x5_vln_robot/ros2_bridge/simple_scan_filter.py", line 197, in <module>
    main()
  File "/root/rdk_x5_vln_robot/ros2_bridge/simple_scan_filter.py", line 191, in main
    rclpy.spin(node)
  File "/opt/ros/humble/local/lib/python3.10/dist-packages/rclpy/__init__.py", line 229, in spin
    executor.spin_once()
  File "/opt/ros/humble/local/lib/python3.10/dist-packages/rclpy/executors.py", line 751, in spin_once
    self._spin_once_impl(timeout_sec)
  File "/opt/ros/humble/local/lib/python3.10/dist-packages/rclpy/executors.py", line 740, in _spin_once_impl
    handler, entity, node = self.wait_for_ready_callbacks(timeout_sec=timeout_sec)
  File "/opt/ros/humble/local/lib/python3.10/dist-packages/rclpy/executors.py", line 723, in wait_for_ready_callbacks
    return next(self._cb_iter)
  File "/opt/ros/humble/local/lib/python3.10/dist-packages/rclpy/executors.py", line 624, in _wait_for_ready_callbacks
    raise ExternalShutdownException()
rclpy.executors.ExternalShutdownException
