[INFO] [1782979857.556329122] [map_server]: 
	map_server lifecycle node launched. 
	Waiting on external lifecycle transitions to activate
	See https://design.ros2.org/articles/node_lifecycle.html for more information.
[INFO] [1782979857.557026705] [map_server]: Creating
[INFO] [1782979867.689430746] [map_server]: Configuring
[INFO] [1782979867.689816954] [map_io]: Loading yaml file: /root/rdk_x5_vln_robot/maps/joy_calibrated_corridor_map.yaml
[INFO] [1782979867.690980538] [map_io]: resolution: 0.05
[INFO] [1782979867.691093871] [map_io]: origin[0]: -5.07
[INFO] [1782979867.691161996] [map_io]: origin[1]: -5.68
[INFO] [1782979867.691227038] [map_io]: origin[2]: 0
[INFO] [1782979867.691297371] [map_io]: free_thresh: 0.25
[INFO] [1782979867.691365746] [map_io]: occupied_thresh: 0.65
[INFO] [1782979867.691444371] [map_io]: mode: trinary
[INFO] [1782979867.691510705] [map_io]: negate: 0
[INFO] [1782979867.692283455] [map_io]: Loading image_file: /root/rdk_x5_vln_robot/maps/joy_calibrated_corridor_map.pgm
[INFO] [1782979867.722736876] [map_io]: Read map /root/rdk_x5_vln_robot/maps/joy_calibrated_corridor_map.pgm: 155 X 201 map @ 0.05 m/cell
[INFO] [1782979875.741384700] [map_server]: Activating
[INFO] [1782979875.742263325] [map_server]: Creating bond (map_server) to lifecycle manager.
[INFO] [1782980042.925794912] [rclcpp]: signal_handler(signum=2)
[INFO] [1782980042.926395578] [map_server]: Running Nav2 LifecycleNode rcl preshutdown (map_server)
[INFO] [1782980042.927302078] [map_server]: Deactivating
[INFO] [1782980042.927470953] [map_server]: Destroying bond (map_server) to lifecycle manager.
[INFO] [1782980042.938029996] [map_server]: Cleaning up
[INFO] [1782980042.938349954] [map_server]: Destroying bond (map_server) to lifecycle manager.
[INFO] [1782980042.958493163] [map_server]: Destroying
