[INFO] [1782979886.942602163] [planner_server]: 
	planner_server lifecycle node launched. 
	Waiting on external lifecycle transitions to activate
	See https://design.ros2.org/articles/node_lifecycle.html for more information.
[INFO] [1782979886.949083205] [planner_server]: Creating
[INFO] [1782979886.970846375] [global_costmap.global_costmap]: 
	global_costmap lifecycle node launched. 
	Waiting on external lifecycle transitions to activate
	See https://design.ros2.org/articles/node_lifecycle.html for more information.
[INFO] [1782979886.972746542] [global_costmap.global_costmap]: Creating Costmap
[INFO] [1782979899.553616822] [planner_server]: Configuring
[INFO] [1782979899.553938447] [global_costmap.global_costmap]: Configuring
[INFO] [1782979899.574504533] [global_costmap.global_costmap]: Using plugin "static_layer"
[INFO] [1782979899.592429910] [global_costmap.global_costmap]: Subscribing to the map topic (/map) with transient local durability
[INFO] [1782979899.598859619] [global_costmap.global_costmap]: Initialized plugin "static_layer"
[INFO] [1782979899.599136161] [global_costmap.global_costmap]: Using plugin "inflation_layer"
[INFO] [1782979899.601625036] [global_costmap.global_costmap]: Initialized plugin "inflation_layer"
[INFO] [1782979899.647926792] [global_costmap.global_costmap]: StaticLayer: Resizing costmap to 155 X 201 at 0.050000 m/pix
[INFO] [1782979899.649112375] [planner_server]: Created global planner plugin GridBased of type nav2_navfn_planner/NavfnPlanner
[INFO] [1782979899.649322042] [planner_server]: Configuring plugin GridBased of type NavfnPlanner
[INFO] [1782979899.650597625] [planner_server]: Planner Server has GridBased  planners available.
[INFO] [1782979907.042441786] [planner_server]: Activating
[INFO] [1782979907.042742828] [global_costmap.global_costmap]: Activating
[INFO] [1782979907.042847661] [global_costmap.global_costmap]: Checking transform
[INFO] [1782979907.043213578] [global_costmap.global_costmap]: start
[INFO] [1782979908.093689205] [planner_server]: Activating plugin GridBased of type NavfnPlanner
[INFO] [1782979908.101940164] [planner_server]: Creating bond (planner_server) to lifecycle manager.
[INFO] [1782980042.925794745] [rclcpp]: signal_handler(signum=2)
[INFO] [1782980042.926129787] [planner_server]: Running Nav2 LifecycleNode rcl preshutdown (planner_server)
[INFO] [1782980042.927088078] [planner_server]: Deactivating
[INFO] [1782980042.927581828] [global_costmap.global_costmap]: Deactivating
[INFO] [1782980043.053514627] [planner_server]: Deactivating plugin GridBased of type NavfnPlanner
[INFO] [1782980043.053815419] [planner_server]: Destroying bond (planner_server) to lifecycle manager.
[INFO] [1782980043.064376086] [planner_server]: Cleaning up
[INFO] [1782980043.093654963] [global_costmap.global_costmap]: Cleaning up
[INFO] [1782980043.105972755] [planner_server]: Cleaning up plugin GridBased of type NavfnPlanner
[INFO] [1782980043.106955088] [planner_server]: Destroying plugin GridBased of type NavfnPlanner
[INFO] [1782980043.135579715] [planner_server]: Destroying bond (planner_server) to lifecycle manager.
[INFO] [1782980043.156332674] [global_costmap.global_costmap]: Destroying
[INFO] [1782980043.213091761] [planner_server]: Destroying
