[INFO] [launch]: All log files can be found below /root/.ros/log/2026-07-06-12-58-18-900556-ubuntu-107899
[INFO] [launch]: Default logging verbosity is set to INFO
[INFO] [map_server-1]: process started with pid [107937]
[INFO] [amcl-2]: process started with pid [107939]
[INFO] [lifecycle_manager-3]: process started with pid [107941]
[INFO] [controller_server-4]: process started with pid [107943]
[INFO] [smoother_server-5]: process started with pid [107945]
[INFO] [planner_server-6]: process started with pid [107947]
[INFO] [behavior_server-7]: process started with pid [107949]
[INFO] [bt_navigator-8]: process started with pid [107951]
[INFO] [waypoint_follower-9]: process started with pid [107965]
[INFO] [velocity_smoother-10]: process started with pid [107977]
[INFO] [lifecycle_manager-11]: process started with pid [107986]
[smoother_server-5] [INFO] [1783313901.168284959] [smoother_server]: 
[smoother_server-5] 	smoother_server lifecycle node launched. 
[smoother_server-5] 	Waiting on external lifecycle transitions to activate
[smoother_server-5] 	See https://design.ros2.org/articles/node_lifecycle.html for more information.
[smoother_server-5] [INFO] [1783313901.176221744] [smoother_server]: Creating smoother server
[lifecycle_manager-3] [INFO] [1783313901.706703564] [lifecycle_manager_localization]: Creating
[lifecycle_manager-3] [INFO] [1783313901.734454414] [lifecycle_manager_localization]: [34m[1mCreating and initializing lifecycle service clients[0m[0m
[map_server-1] [INFO] [1783313901.916407752] [map_server]: 
[map_server-1] 	map_server lifecycle node launched. 
[map_server-1] 	Waiting on external lifecycle transitions to activate
[map_server-1] 	See https://design.ros2.org/articles/node_lifecycle.html for more information.
[map_server-1] [INFO] [1783313901.919742124] [map_server]: Creating
[controller_server-4] [INFO] [1783313901.924160537] [controller_server]: 
[controller_server-4] 	controller_server lifecycle node launched. 
[controller_server-4] 	Waiting on external lifecycle transitions to activate
[controller_server-4] 	See https://design.ros2.org/articles/node_lifecycle.html for more information.
[controller_server-4] [INFO] [1783313901.986944856] [controller_server]: Creating controller server
[lifecycle_manager-11] [INFO] [1783313902.022356075] [lifecycle_manager_navigation]: Creating
[planner_server-6] [INFO] [1783313902.036460229] [planner_server]: 
[planner_server-6] 	planner_server lifecycle node launched. 
[planner_server-6] 	Waiting on external lifecycle transitions to activate
[planner_server-6] 	See https://design.ros2.org/articles/node_lifecycle.html for more information.
[planner_server-6] [INFO] [1783313902.043557806] [planner_server]: Creating
[lifecycle_manager-11] [INFO] [1783313902.058938334] [lifecycle_manager_navigation]: [34m[1mCreating and initializing lifecycle service clients[0m[0m
[behavior_server-7] [INFO] [1783313902.059132834] [behavior_server]: 
[behavior_server-7] 	behavior_server lifecycle node launched. 
[behavior_server-7] 	Waiting on external lifecycle transitions to activate
[behavior_server-7] 	See https://design.ros2.org/articles/node_lifecycle.html for more information.
[amcl-2] [INFO] [1783313902.123082027] [amcl]: 
[amcl-2] 	amcl lifecycle node launched. 
[amcl-2] 	Waiting on external lifecycle transitions to activate
[amcl-2] 	See https://design.ros2.org/articles/node_lifecycle.html for more information.
[amcl-2] [INFO] [1783313902.127832397] [amcl]: Creating
[bt_navigator-8] [INFO] [1783313902.147875588] [bt_navigator]: 
[bt_navigator-8] 	bt_navigator lifecycle node launched. 
[bt_navigator-8] 	Waiting on external lifecycle transitions to activate
[bt_navigator-8] 	See https://design.ros2.org/articles/node_lifecycle.html for more information.
[waypoint_follower-9] [INFO] [1783313902.160516952] [waypoint_follower]: 
[waypoint_follower-9] 	waypoint_follower lifecycle node launched. 
[waypoint_follower-9] 	Waiting on external lifecycle transitions to activate
[waypoint_follower-9] 	See https://design.ros2.org/articles/node_lifecycle.html for more information.
[waypoint_follower-9] [INFO] [1783313902.162696450] [waypoint_follower]: Creating
[bt_navigator-8] [INFO] [1783313902.163553782] [bt_navigator]: Creating
[controller_server-4] [INFO] [1783313902.390249164] [local_costmap.local_costmap]: 
[controller_server-4] 	local_costmap lifecycle node launched. 
[controller_server-4] 	Waiting on external lifecycle transitions to activate
[controller_server-4] 	See https://design.ros2.org/articles/node_lifecycle.html for more information.
[controller_server-4] [INFO] [1783313902.405271234] [local_costmap.local_costmap]: Creating Costmap
[planner_server-6] [INFO] [1783313902.423104426] [global_costmap.global_costmap]: 
[planner_server-6] 	global_costmap lifecycle node launched. 
[planner_server-6] 	Waiting on external lifecycle transitions to activate
[planner_server-6] 	See https://design.ros2.org/articles/node_lifecycle.html for more information.
[planner_server-6] [INFO] [1783313902.425524341] [global_costmap.global_costmap]: Creating Costmap
[velocity_smoother-10] [INFO] [1783313902.430761628] [velocity_smoother]: 
[velocity_smoother-10] 	velocity_smoother lifecycle node launched. 
[velocity_smoother-10] 	Waiting on external lifecycle transitions to activate
[velocity_smoother-10] 	See https://design.ros2.org/articles/node_lifecycle.html for more information.
[lifecycle_manager-3] [INFO] [1783313902.972538354] [lifecycle_manager_localization]: [34m[1mStarting managed nodes bringup...[0m[0m
[lifecycle_manager-3] [INFO] [1783313902.974757269] [lifecycle_manager_localization]: [34m[1mConfiguring map_server[0m[0m
[map_server-1] [INFO] [1783313902.980835014] [map_server]: Configuring
[map_server-1] [INFO] [1783313902.981156597] [map_io]: Loading yaml file: /root/rdk_x5_vln_robot/maps/joy_calibrated_corridor_map.yaml
[map_server-1] [INFO] [1783313902.982246554] [map_io]: resolution: 0.05
[map_server-1] [INFO] [1783313902.982341637] [map_io]: origin[0]: -2.34
[map_server-1] [INFO] [1783313902.982385637] [map_io]: origin[1]: -4.94
[map_server-1] [INFO] [1783313902.982423387] [map_io]: origin[2]: 0
[map_server-1] [INFO] [1783313902.982456971] [map_io]: free_thresh: 0.25
[map_server-1] [INFO] [1783313902.982487887] [map_io]: occupied_thresh: 0.65
[map_server-1] [INFO] [1783313902.982530137] [map_io]: mode: trinary
[map_server-1] [INFO] [1783313902.982562720] [map_io]: negate: 0
[map_server-1] [INFO] [1783313902.983367761] [map_io]: Loading image_file: /root/rdk_x5_vln_robot/maps/joy_calibrated_corridor_map.pgm
[map_server-1] [INFO] [1783313903.067840228] [map_io]: Read map /root/rdk_x5_vln_robot/maps/joy_calibrated_corridor_map.pgm: 198 X 174 map @ 0.05 m/cell
[lifecycle_manager-3] [INFO] [1783313903.172922051] [lifecycle_manager_localization]: [34m[1mConfiguring amcl[0m[0m
[amcl-2] [INFO] [1783313903.175125924] [amcl]: Configuring
[amcl-2] [INFO] [1783313903.175515007] [amcl]: initTransforms
[amcl-2] [INFO] [1783313903.462145086] [amcl]: initPubSub
[amcl-2] [INFO] [1783313903.531030649] [amcl]: Subscribed to map topic.
[lifecycle_manager-3] [INFO] [1783313903.567889367] [lifecycle_manager_localization]: [34m[1mActivating map_server[0m[0m
[map_server-1] [INFO] [1783313903.569056365] [map_server]: Activating
[map_server-1] [INFO] [1783313903.569916990] [map_server]: Creating bond (map_server) to lifecycle manager.
[amcl-2] [INFO] [1783313903.572161529] [amcl]: Received a 198 X 174 map @ 0.050 m/pix
[lifecycle_manager-3] [INFO] [1783313903.718989649] [lifecycle_manager_localization]: Server map_server connected with bond.
[lifecycle_manager-3] [INFO] [1783313903.719222440] [lifecycle_manager_localization]: [34m[1mActivating amcl[0m[0m
[amcl-2] [INFO] [1783313903.720174398] [amcl]: Activating
[amcl-2] [INFO] [1783313903.720347064] [amcl]: Creating bond (amcl) to lifecycle manager.
[amcl-2] [INFO] [1783313903.811707941] [amcl]: createLaserObject
[lifecycle_manager-3] [INFO] [1783313903.849685824] [lifecycle_manager_localization]: Server amcl connected with bond.
[lifecycle_manager-3] [INFO] [1783313903.849907074] [lifecycle_manager_localization]: [34m[1mManaged nodes are active[0m[0m
[lifecycle_manager-3] [INFO] [1783313903.849973116] [lifecycle_manager_localization]: [34m[1mCreating bond timer...[0m[0m
[lifecycle_manager-11] [INFO] [1783313904.259262835] [lifecycle_manager_navigation]: Waiting for service smoother_server/get_state...
[lifecycle_manager-11] [INFO] [1783313904.899743057] [lifecycle_manager_navigation]: [34m[1mStarting managed nodes bringup...[0m[0m
[lifecycle_manager-11] [INFO] [1783313904.899912765] [lifecycle_manager_navigation]: [34m[1mConfiguring controller_server[0m[0m
[controller_server-4] [INFO] [1783313904.903675929] [controller_server]: Configuring controller interface
[controller_server-4] [INFO] [1783313904.904603428] [controller_server]: getting goal checker plugins..
[controller_server-4] [INFO] [1783313904.905135844] [controller_server]: Controller frequency set to 10.0000Hz
[controller_server-4] [INFO] [1783313904.905371510] [local_costmap.local_costmap]: Configuring
[controller_server-4] [INFO] [1783313904.940407313] [local_costmap.local_costmap]: Using plugin "static_layer"
[controller_server-4] [INFO] [1783313904.961456502] [local_costmap.local_costmap]: Subscribing to the map topic (/map) with transient local durability
[controller_server-4] [INFO] [1783313904.969851703] [local_costmap.local_costmap]: Initialized plugin "static_layer"
[controller_server-4] [INFO] [1783313904.970000203] [local_costmap.local_costmap]: Using plugin "voxel_layer"
[controller_server-4] [INFO] [1783313904.979443861] [local_costmap.local_costmap]: Subscribed to Topics: scan
[controller_server-4] [INFO] [1783313905.034644729] [local_costmap.local_costmap]: Initialized plugin "voxel_layer"
[controller_server-4] [INFO] [1783313905.034804395] [local_costmap.local_costmap]: Using plugin "inflation_layer"
[controller_server-4] [INFO] [1783313905.043610721] [local_costmap.local_costmap]: Initialized plugin "inflation_layer"
[controller_server-4] [INFO] [1783313905.120470569] [local_costmap.local_costmap]: StaticLayer: Resizing static layer to 198 X 174 at 0.050000 m/pix
[controller_server-4] [INFO] [1783313905.121292943] [controller_server]: Created progress_checker : progress_checker of type nav2_controller::SimpleProgressChecker
[controller_server-4] [INFO] [1783313905.129634436] [controller_server]: Created goal checker : general_goal_checker of type nav2_controller::SimpleGoalChecker
[controller_server-4] [INFO] [1783313905.135723514] [controller_server]: Controller Server has general_goal_checker  goal checkers available.
[controller_server-4] [INFO] [1783313905.138367137] [controller_server]: Created controller : FollowPath of type nav2_regulated_pure_pursuit_controller::RegulatedPurePursuitController
[controller_server-4] [INFO] [1783313905.189530258] [controller_server]: Controller Server has FollowPath  controllers available.
[amcl-2] [WARN] [1783313905.208923824] [amcl]: AMCL cannot publish a pose or update the transform. Please set the initial pose...
[lifecycle_manager-11] [INFO] [1783313905.245704416] [lifecycle_manager_navigation]: [34m[1mConfiguring smoother_server[0m[0m
[smoother_server-5] [INFO] [1783313905.247087040] [smoother_server]: Configuring smoother server
[smoother_server-5] [INFO] [1783313905.329279800] [smoother_server]: Created smoother : simple_smoother of type nav2_smoother::SimpleSmoother
[smoother_server-5] [INFO] [1783313905.333958504] [smoother_server]: Smoother Server has simple_smoother  smoothers available.
[lifecycle_manager-11] [INFO] [1783313905.413291601] [lifecycle_manager_navigation]: [34m[1mConfiguring planner_server[0m[0m
[planner_server-6] [INFO] [1783313905.414738683] [planner_server]: Configuring
[planner_server-6] [INFO] [1783313905.414957516] [global_costmap.global_costmap]: Configuring
[planner_server-6] [INFO] [1783313905.479240084] [global_costmap.global_costmap]: Using plugin "static_layer"
[planner_server-6] [INFO] [1783313905.515662759] [global_costmap.global_costmap]: Subscribing to the map topic (/map) with transient local durability
[planner_server-6] [INFO] [1783313905.529129373] [global_costmap.global_costmap]: Initialized plugin "static_layer"
[planner_server-6] [INFO] [1783313905.529428622] [global_costmap.global_costmap]: Using plugin "inflation_layer"
[planner_server-6] [INFO] [1783313905.542938777] [global_costmap.global_costmap]: Initialized plugin "inflation_layer"
[planner_server-6] [INFO] [1783313905.679645030] [global_costmap.global_costmap]: StaticLayer: Resizing costmap to 198 X 174 at 0.050000 m/pix
[planner_server-6] [INFO] [1783313905.680636779] [planner_server]: Created global planner plugin GridBased of type nav2_navfn_planner/NavfnPlanner
[planner_server-6] [INFO] [1783313905.680800738] [planner_server]: Configuring plugin GridBased of type NavfnPlanner
[planner_server-6] [INFO] [1783313905.682756569] [planner_server]: Planner Server has GridBased  planners available.
[lifecycle_manager-11] [INFO] [1783313905.803279379] [lifecycle_manager_navigation]: [34m[1mConfiguring behavior_server[0m[0m
[behavior_server-7] [INFO] [1783313905.805448877] [behavior_server]: Configuring
[behavior_server-7] [INFO] [1783313905.879681269] [behavior_server]: Creating behavior plugin spin of type nav2_behaviors/Spin
[behavior_server-7] [INFO] [1783313905.883236891] [behavior_server]: Configuring spin
[behavior_server-7] [INFO] [1783313905.936038386] [behavior_server]: Creating behavior plugin backup of type nav2_behaviors/BackUp
[behavior_server-7] [INFO] [1783313905.940432257] [behavior_server]: Configuring backup
[behavior_server-7] [INFO] [1783313905.987058340] [behavior_server]: Creating behavior plugin drive_on_heading of type nav2_behaviors/DriveOnHeading
[behavior_server-7] [INFO] [1783313905.990773754] [behavior_server]: Configuring drive_on_heading
[behavior_server-7] [INFO] [1783313906.039829002] [behavior_server]: Creating behavior plugin assisted_teleop of type nav2_behaviors/AssistedTeleop
[behavior_server-7] [INFO] [1783313906.047991411] [behavior_server]: Configuring assisted_teleop
[behavior_server-7] [INFO] [1783313906.107543025] [behavior_server]: Creating behavior plugin wait of type nav2_behaviors/Wait
[behavior_server-7] [INFO] [1783313906.110787022] [behavior_server]: Configuring wait
[lifecycle_manager-11] [INFO] [1783313906.148375489] [lifecycle_manager_navigation]: [34m[1mConfiguring bt_navigator[0m[0m
[bt_navigator-8] [INFO] [1783313906.150398195] [bt_navigator]: Configuring
[lifecycle_manager-11] [INFO] [1783313906.638799886] [lifecycle_manager_navigation]: [34m[1mConfiguring waypoint_follower[0m[0m
[waypoint_follower-9] [INFO] [1783313906.642319258] [waypoint_follower]: Configuring
[waypoint_follower-9] [INFO] [1783313906.751911410] [waypoint_follower]: Created waypoint_task_executor : wait_at_waypoint of type nav2_waypoint_follower::WaitAtWaypoint
[lifecycle_manager-11] [INFO] [1783313906.761488485] [lifecycle_manager_navigation]: [34m[1mConfiguring velocity_smoother[0m[0m
[velocity_smoother-10] [INFO] [1783313906.763211484] [velocity_smoother]: Configuring velocity smoother
[lifecycle_manager-11] [INFO] [1783313906.796759704] [lifecycle_manager_navigation]: [34m[1mActivating controller_server[0m[0m
[controller_server-4] [INFO] [1783313906.798584119] [controller_server]: Activating
[controller_server-4] [INFO] [1783313906.798883327] [local_costmap.local_costmap]: Activating
[controller_server-4] [INFO] [1783313906.798999160] [local_costmap.local_costmap]: Checking transform
[controller_server-4] [INFO] [1783313906.799160452] [local_costmap.local_costmap]: Timed out waiting for transform from base_link to map to become available, tf error: Invalid frame ID "map" passed to canTransform argument target_frame - frame does not exist
[controller_server-4] [INFO] [1783313907.299184632] [local_costmap.local_costmap]: Timed out waiting for transform from base_link to map to become available, tf error: Invalid frame ID "map" passed to canTransform argument target_frame - frame does not exist
[amcl-2] [WARN] [1783313907.304420794] [amcl]: AMCL cannot publish a pose or update the transform. Please set the initial pose...
[controller_server-4] [INFO] [1783313907.799183605] [local_costmap.local_costmap]: Timed out waiting for transform from base_link to map to become available, tf error: Invalid frame ID "map" passed to canTransform argument target_frame - frame does not exist
[controller_server-4] [INFO] [1783313908.299186535] [local_costmap.local_costmap]: Timed out waiting for transform from base_link to map to become available, tf error: Invalid frame ID "map" passed to canTransform argument target_frame - frame does not exist
[controller_server-4] [INFO] [1783313908.799188133] [local_costmap.local_costmap]: Timed out waiting for transform from base_link to map to become available, tf error: Invalid frame ID "map" passed to canTransform argument target_frame - frame does not exist
[controller_server-4] [INFO] [1783313909.299183855] [local_costmap.local_costmap]: Timed out waiting for transform from base_link to map to become available, tf error: Invalid frame ID "map" passed to canTransform argument target_frame - frame does not exist
[amcl-2] [WARN] [1783313909.398765350] [amcl]: AMCL cannot publish a pose or update the transform. Please set the initial pose...
[controller_server-4] [INFO] [1783313909.799184619] [local_costmap.local_costmap]: Timed out waiting for transform from base_link to map to become available, tf error: Invalid frame ID "map" passed to canTransform argument target_frame - frame does not exist
[controller_server-4] [INFO] [1783313910.299170592] [local_costmap.local_costmap]: Timed out waiting for transform from base_link to map to become available, tf error: Invalid frame ID "map" passed to canTransform argument target_frame - frame does not exist
[controller_server-4] [INFO] [1783313910.799181272] [local_costmap.local_costmap]: Timed out waiting for transform from base_link to map to become available, tf error: Invalid frame ID "map" passed to canTransform argument target_frame - frame does not exist
[controller_server-4] [INFO] [1783313911.299180412] [local_costmap.local_costmap]: Timed out waiting for transform from base_link to map to become available, tf error: Invalid frame ID "map" passed to canTransform argument target_frame - frame does not exist
[amcl-2] [WARN] [1783313911.495624862] [amcl]: AMCL cannot publish a pose or update the transform. Please set the initial pose...
[controller_server-4] [INFO] [1783313911.799174092] [local_costmap.local_costmap]: Timed out waiting for transform from base_link to map to become available, tf error: Invalid frame ID "map" passed to canTransform argument target_frame - frame does not exist
[controller_server-4] [INFO] [1783313912.299180315] [local_costmap.local_costmap]: Timed out waiting for transform from base_link to map to become available, tf error: Invalid frame ID "map" passed to canTransform argument target_frame - frame does not exist
[controller_server-4] [INFO] [1783313912.799189288] [local_costmap.local_costmap]: Timed out waiting for transform from base_link to map to become available, tf error: Invalid frame ID "map" passed to canTransform argument target_frame - frame does not exist
[controller_server-4] [INFO] [1783313913.299177260] [local_costmap.local_costmap]: Timed out waiting for transform from base_link to map to become available, tf error: Invalid frame ID "map" passed to canTransform argument target_frame - frame does not exist
[amcl-2] [WARN] [1783313913.502538830] [amcl]: AMCL cannot publish a pose or update the transform. Please set the initial pose...
[controller_server-4] [INFO] [1783313913.799284150] [local_costmap.local_costmap]: Timed out waiting for transform from base_link to map to become available, tf error: Invalid frame ID "map" passed to canTransform argument target_frame - frame does not exist
[controller_server-4] [INFO] [1783313914.299173123] [local_costmap.local_costmap]: Timed out waiting for transform from base_link to map to become available, tf error: Invalid frame ID "map" passed to canTransform argument target_frame - frame does not exist
[controller_server-4] [INFO] [1783313914.799195970] [local_costmap.local_costmap]: Timed out waiting for transform from base_link to map to become available, tf error: Invalid frame ID "map" passed to canTransform argument target_frame - frame does not exist
[controller_server-4] [INFO] [1783313915.299185735] [local_costmap.local_costmap]: Timed out waiting for transform from base_link to map to become available, tf error: Invalid frame ID "map" passed to canTransform argument target_frame - frame does not exist
[amcl-2] [WARN] [1783313915.590515101] [amcl]: AMCL cannot publish a pose or update the transform. Please set the initial pose...
[controller_server-4] [INFO] [1783313915.809055866] [local_costmap.local_costmap]: Timed out waiting for transform from base_link to map to become available, tf error: Invalid frame ID "map" passed to canTransform argument target_frame - frame does not exist
[controller_server-4] [INFO] [1783313916.299182097] [local_costmap.local_costmap]: Timed out waiting for transform from base_link to map to become available, tf error: Invalid frame ID "map" passed to canTransform argument target_frame - frame does not exist
[controller_server-4] [INFO] [1783313916.799178529] [local_costmap.local_costmap]: Timed out waiting for transform from base_link to map to become available, tf error: Invalid frame ID "map" passed to canTransform argument target_frame - frame does not exist
[controller_server-4] [INFO] [1783313917.299174793] [local_costmap.local_costmap]: Timed out waiting for transform from base_link to map to become available, tf error: Invalid frame ID "map" passed to canTransform argument target_frame - frame does not exist
[amcl-2] [WARN] [1783313917.596087280] [amcl]: AMCL cannot publish a pose or update the transform. Please set the initial pose...
[controller_server-4] [INFO] [1783313917.799131183] [local_costmap.local_costmap]: Timed out waiting for transform from base_link to map to become available, tf error: Invalid frame ID "map" passed to canTransform argument target_frame - frame does not exist
[controller_server-4] [INFO] [1783313918.299169781] [local_costmap.local_costmap]: Timed out waiting for transform from base_link to map to become available, tf error: Invalid frame ID "map" passed to canTransform argument target_frame - frame does not exist
[controller_server-4] [INFO] [1783313918.799203337] [local_costmap.local_costmap]: Timed out waiting for transform from base_link to map to become available, tf error: Invalid frame ID "map" passed to canTransform argument target_frame - frame does not exist
[controller_server-4] [INFO] [1783313919.299195602] [local_costmap.local_costmap]: Timed out waiting for transform from base_link to map to become available, tf error: Invalid frame ID "map" passed to canTransform argument target_frame - frame does not exist
[amcl-2] [WARN] [1783313919.686204759] [amcl]: AMCL cannot publish a pose or update the transform. Please set the initial pose...
[controller_server-4] [INFO] [1783313919.799203617] [local_costmap.local_costmap]: Timed out waiting for transform from base_link to map to become available, tf error: Invalid frame ID "map" passed to canTransform argument target_frame - frame does not exist
[controller_server-4] [INFO] [1783313920.299193465] [local_costmap.local_costmap]: Timed out waiting for transform from base_link to map to become available, tf error: Invalid frame ID "map" passed to canTransform argument target_frame - frame does not exist
[controller_server-4] [INFO] [1783313920.799183980] [local_costmap.local_costmap]: Timed out waiting for transform from base_link to map to become available, tf error: Invalid frame ID "map" passed to canTransform argument target_frame - frame does not exist
[controller_server-4] [INFO] [1783313921.299171245] [local_costmap.local_costmap]: Timed out waiting for transform from base_link to map to become available, tf error: Invalid frame ID "map" passed to canTransform argument target_frame - frame does not exist
[amcl-2] [WARN] [1783313921.783295941] [amcl]: AMCL cannot publish a pose or update the transform. Please set the initial pose...
[controller_server-4] [INFO] [1783313921.799173260] [local_costmap.local_costmap]: Timed out waiting for transform from base_link to map to become available, tf error: Invalid frame ID "map" passed to canTransform argument target_frame - frame does not exist
[controller_server-4] [INFO] [1783313922.299165858] [local_costmap.local_costmap]: Timed out waiting for transform from base_link to map to become available, tf error: Invalid frame ID "map" passed to canTransform argument target_frame - frame does not exist
[controller_server-4] [INFO] [1783313922.799175998] [local_costmap.local_costmap]: Timed out waiting for transform from base_link to map to become available, tf error: Invalid frame ID "map" passed to canTransform argument target_frame - frame does not exist
[controller_server-4] [INFO] [1783313923.299172680] [local_costmap.local_costmap]: Timed out waiting for transform from base_link to map to become available, tf error: Invalid frame ID "map" passed to canTransform argument target_frame - frame does not exist
[amcl-2] [WARN] [1783313923.785809791] [amcl]: AMCL cannot publish a pose or update the transform. Please set the initial pose...
[controller_server-4] [INFO] [1783313923.799186945] [local_costmap.local_costmap]: Timed out waiting for transform from base_link to map to become available, tf error: Invalid frame ID "map" passed to canTransform argument target_frame - frame does not exist
[controller_server-4] [INFO] [1783313924.299188252] [local_costmap.local_costmap]: Timed out waiting for transform from base_link to map to become available, tf error: Invalid frame ID "map" passed to canTransform argument target_frame - frame does not exist
[controller_server-4] [INFO] [1783313924.799169267] [local_costmap.local_costmap]: Timed out waiting for transform from base_link to map to become available, tf error: Invalid frame ID "map" passed to canTransform argument target_frame - frame does not exist
[controller_server-4] [INFO] [1783313925.299168241] [local_costmap.local_costmap]: Timed out waiting for transform from base_link to map to become available, tf error: Invalid frame ID "map" passed to canTransform argument target_frame - frame does not exist
[controller_server-4] [INFO] [1783313925.799207881] [local_costmap.local_costmap]: Timed out waiting for transform from base_link to map to become available, tf error: Invalid frame ID "map" passed to canTransform argument target_frame - frame does not exist
[amcl-2] [WARN] [1783313925.890118509] [amcl]: AMCL cannot publish a pose or update the transform. Please set the initial pose...
[controller_server-4] [INFO] [1783313926.299179105] [local_costmap.local_costmap]: Timed out waiting for transform from base_link to map to become available, tf error: Invalid frame ID "map" passed to canTransform argument target_frame - frame does not exist
[amcl-2] [INFO] [1783313926.646722422] [amcl]: initialPoseReceived
[amcl-2] [WARN] [1783313926.647193505] [amcl]: Failed to transform initial pose in time (Lookup would require extrapolation into the future.  Requested time 1783313926.646894 but the latest data is at time 1783313926.618141, when looking up transform from frame [base_link] to frame [odom])
[amcl-2] [INFO] [1783313926.647298755] [amcl]: Setting pose (1783313926.647295): 1.855 -1.454 -0.812
[controller_server-4] [INFO] [1783313926.799417912] [local_costmap.local_costmap]: Timed out waiting for transform from base_link to map to become available, tf error: Lookup would require extrapolation into the past.  Requested time 1783313926.786646 but the earliest data is at time 1783313928.569158, when looking up transform from frame [base_link] to frame [map]
[controller_server-4] [INFO] [1783313927.299248636] [local_costmap.local_costmap]: Timed out waiting for transform from base_link to map to become available, tf error: Lookup would require extrapolation into the past.  Requested time 1783313927.284866 but the earliest data is at time 1783313928.569158, when looking up transform from frame [base_link] to frame [map]
[controller_server-4] [INFO] [1783313927.799304193] [local_costmap.local_costmap]: Timed out waiting for transform from base_link to map to become available, tf error: Lookup would require extrapolation into the past.  Requested time 1783313927.786758 but the earliest data is at time 1783313928.569158, when looking up transform from frame [base_link] to frame [map]
[controller_server-4] [INFO] [1783313928.299248875] [local_costmap.local_costmap]: Timed out waiting for transform from base_link to map to become available, tf error: Lookup would require extrapolation into the past.  Requested time 1783313928.287837 but the earliest data is at time 1783313928.569158, when looking up transform from frame [base_link] to frame [map]
[controller_server-4] [INFO] [1783313928.799569265] [local_costmap.local_costmap]: start
[controller_server-4] [INFO] [1783313929.053835832] [controller_server]: Activating controller: FollowPath of type regulated_pure_pursuit_controller::RegulatedPurePursuitController
[controller_server-4] [INFO] [1783313929.054054456] [controller_server]: Creating bond (controller_server) to lifecycle manager.
[lifecycle_manager-11] [INFO] [1783313929.183644883] [lifecycle_manager_navigation]: Server controller_server connected with bond.
[lifecycle_manager-11] [INFO] [1783313929.183849716] [lifecycle_manager_navigation]: [34m[1mActivating smoother_server[0m[0m
[smoother_server-5] [INFO] [1783313929.185123799] [smoother_server]: Activating
[smoother_server-5] [INFO] [1783313929.185306965] [smoother_server]: Creating bond (smoother_server) to lifecycle manager.
[lifecycle_manager-11] [INFO] [1783313929.304213360] [lifecycle_manager_navigation]: Server smoother_server connected with bond.
[lifecycle_manager-11] [INFO] [1783313929.304351068] [lifecycle_manager_navigation]: [34m[1mActivating planner_server[0m[0m
[planner_server-6] [INFO] [1783313929.305529609] [planner_server]: Activating
[planner_server-6] [INFO] [1783313929.305722525] [global_costmap.global_costmap]: Activating
[planner_server-6] [INFO] [1783313929.305792775] [global_costmap.global_costmap]: Checking transform
[planner_server-6] [INFO] [1783313929.306132233] [global_costmap.global_costmap]: start
[amcl-2] [INFO] [1783313929.816091657] [amcl]: initialPoseReceived
[amcl-2] [WARN] [1783313929.816572698] [amcl]: Failed to transform initial pose in time (Lookup would require extrapolation into the future.  Requested time 1783313929.816314 but the latest data is at time 1783313929.787085, when looking up transform from frame [base_link] to frame [odom])
[amcl-2] [INFO] [1783313929.816743739] [amcl]: Setting pose (1783313929.816737): 1.855 -1.454 -0.812
[planner_server-6] [INFO] [1783313930.356404303] [planner_server]: Activating plugin GridBased of type NavfnPlanner
[planner_server-6] [INFO] [1783313930.364212130] [planner_server]: Creating bond (planner_server) to lifecycle manager.
[lifecycle_manager-11] [INFO] [1783313930.488052353] [lifecycle_manager_navigation]: Server planner_server connected with bond.
[lifecycle_manager-11] [INFO] [1783313930.488250603] [lifecycle_manager_navigation]: [34m[1mActivating behavior_server[0m[0m
[behavior_server-7] [INFO] [1783313930.490014768] [behavior_server]: Activating
[behavior_server-7] [INFO] [1783313930.490175101] [behavior_server]: Activating spin
[behavior_server-7] [INFO] [1783313930.490244976] [behavior_server]: Activating backup
[behavior_server-7] [INFO] [1783313930.490298935] [behavior_server]: Activating drive_on_heading
[behavior_server-7] [INFO] [1783313930.490369518] [behavior_server]: Activating assisted_teleop
[behavior_server-7] [INFO] [1783313930.490423518] [behavior_server]: Activating wait
[behavior_server-7] [INFO] [1783313930.490493809] [behavior_server]: Creating bond (behavior_server) to lifecycle manager.
[lifecycle_manager-11] [INFO] [1783313930.616912281] [lifecycle_manager_navigation]: Server behavior_server connected with bond.
[lifecycle_manager-11] [INFO] [1783313930.617065572] [lifecycle_manager_navigation]: [34m[1mActivating bt_navigator[0m[0m
[bt_navigator-8] [INFO] [1783313930.618484196] [bt_navigator]: Activating
[bt_navigator-8] [INFO] [1783313930.976231796] [bt_navigator]: Creating bond (bt_navigator) to lifecycle manager.
[lifecycle_manager-11] [INFO] [1783313931.100716186] [lifecycle_manager_navigation]: Server bt_navigator connected with bond.
[lifecycle_manager-11] [INFO] [1783313931.100896977] [lifecycle_manager_navigation]: [34m[1mActivating waypoint_follower[0m[0m
[waypoint_follower-9] [INFO] [1783313931.102603434] [waypoint_follower]: Activating
[waypoint_follower-9] [INFO] [1783313931.102795601] [waypoint_follower]: Creating bond (waypoint_follower) to lifecycle manager.
[lifecycle_manager-11] [INFO] [1783313931.227018699] [lifecycle_manager_navigation]: Server waypoint_follower connected with bond.
[lifecycle_manager-11] [INFO] [1783313931.227250449] [lifecycle_manager_navigation]: [34m[1mActivating velocity_smoother[0m[0m
[velocity_smoother-10] [INFO] [1783313931.229005656] [velocity_smoother]: Activating
[velocity_smoother-10] [INFO] [1783313931.229264364] [velocity_smoother]: Creating bond (velocity_smoother) to lifecycle manager.
[lifecycle_manager-11] [INFO] [1783313931.354994336] [lifecycle_manager_navigation]: Server velocity_smoother connected with bond.
[lifecycle_manager-11] [INFO] [1783313931.355175794] [lifecycle_manager_navigation]: [34m[1mManaged nodes are active[0m[0m
[lifecycle_manager-11] [INFO] [1783313931.355263752] [lifecycle_manager_navigation]: [34m[1mCreating bond timer...[0m[0m
[planner_server-6] [WARN] [1783314038.706509885] [planner_server]: No planners specified in action call. Server will use only plugin GridBased  in server. This warning will appear once.
[bt_navigator-8] [INFO] [1783314038.871567580] [bt_navigator]: Begin navigating from current location (1.86, -1.42) to (5.26, -3.50)
[controller_server-4] [INFO] [1783314038.916442418] [controller_server]: Received a goal, begin computing control effort.
[controller_server-4] [WARN] [1783314038.916682501] [controller_server]: No goal checker was specified in parameter 'current_goal_checker'. Server will use only plugin loaded general_goal_checker . This warning will appear once.
[controller_server-4] [INFO] [1783314059.016959605] [controller_server]: Passing new path to controller.
[controller_server-4] [INFO] [1783314075.718145380] [controller_server]: Reached the goal!
[bt_navigator-8] [INFO] [1783314075.794062025] [bt_navigator]: Goal succeeded
[bt_navigator-8] [INFO] [1783314390.101270114] [rclcpp]: signal_handler(signum=2)
[bt_navigator-8] [INFO] [1783314390.101858655] [bt_navigator]: Running Nav2 LifecycleNode rcl preshutdown (bt_navigator)
[bt_navigator-8] [INFO] [1783314390.102136197] [bt_navigator]: Deactivating
[bt_navigator-8] [INFO] [1783314390.102236488] [bt_navigator]: Destroying bond (bt_navigator) to lifecycle manager.
[lifecycle_manager-3] [INFO] [1783314390.101437322] [rclcpp]: signal_handler(signum=2)
[lifecycle_manager-3] [INFO] [1783314390.101928239] [lifecycle_manager_localization]: Running Nav2 LifecycleManager rcl preshutdown (lifecycle_manager_localization)
[lifecycle_manager-3] [INFO] [1783314390.102051780] [lifecycle_manager_localization]: [34m[1mTerminating bond timer...[0m[0m
[amcl-2] [INFO] [1783314390.101525530] [rclcpp]: signal_handler(signum=2)
[planner_server-6] [INFO] [1783314390.101534322] [rclcpp]: signal_handler(signum=2)
[planner_server-6] [INFO] [1783314390.101878572] [planner_server]: Running Nav2 LifecycleNode rcl preshutdown (planner_server)
[planner_server-6] [INFO] [1783314390.102117363] [planner_server]: Deactivating
[planner_server-6] [INFO] [1783314390.102243030] [global_costmap.global_costmap]: Deactivating
[controller_server-4] [INFO] [1783314390.101783947] [rclcpp]: signal_handler(signum=2)
[controller_server-4] [INFO] [1783314390.102011489] [controller_server]: Running Nav2 LifecycleNode rcl preshutdown (controller_server)
[map_server-1] [INFO] [1783314390.102203322] [rclcpp]: signal_handler(signum=2)
[map_server-1] [INFO] [1783314390.103024530] [map_server]: Running Nav2 LifecycleNode rcl preshutdown (map_server)
[map_server-1] [INFO] [1783314390.103448154] [map_server]: Deactivating
[map_server-1] [INFO] [1783314390.103535904] [map_server]: Destroying bond (map_server) to lifecycle manager.
[smoother_server-5] [INFO] [1783314390.103098071] [rclcpp]: signal_handler(signum=2)
[smoother_server-5] [INFO] [1783314390.103408280] [smoother_server]: Running Nav2 LifecycleNode rcl preshutdown (smoother_server)
[smoother_server-5] [INFO] [1783314390.103638779] [smoother_server]: Deactivating
[smoother_server-5] [INFO] [1783314390.103721363] [smoother_server]: Destroying bond (smoother_server) to lifecycle manager.
[velocity_smoother-10] [INFO] [1783314390.103449779] [rclcpp]: signal_handler(signum=2)
[velocity_smoother-10] [INFO] [1783314390.104003029] [velocity_smoother]: Running Nav2 LifecycleNode rcl preshutdown (velocity_smoother)
[velocity_smoother-10] [INFO] [1783314390.104242279] [velocity_smoother]: Deactivating
[velocity_smoother-10] [INFO] [1783314390.104340571] [velocity_smoother]: Destroying bond (velocity_smoother) to lifecycle manager.
[amcl-2] [INFO] [1783314390.105475570] [amcl]: Running Nav2 LifecycleNode rcl preshutdown (amcl)
[amcl-2] [INFO] [1783314390.105806403] [amcl]: Deactivating
[amcl-2] [INFO] [1783314390.105960070] [amcl]: Destroying bond (amcl) to lifecycle manager.
[behavior_server-7] [INFO] [1783314390.112578942] [rclcpp]: signal_handler(signum=2)
[behavior_server-7] [INFO] [1783314390.113093733] [behavior_server]: Running Nav2 LifecycleNode rcl preshutdown (behavior_server)
[behavior_server-7] [INFO] [1783314390.113355233] [behavior_server]: Deactivating
[behavior_server-7] [INFO] [1783314390.113471358] [behavior_server]: Destroying bond (behavior_server) to lifecycle manager.
[lifecycle_manager-11] [INFO] [1783314390.114691441] [rclcpp]: signal_handler(signum=2)
[lifecycle_manager-11] [INFO] [1783314390.115324107] [lifecycle_manager_navigation]: Running Nav2 LifecycleManager rcl preshutdown (lifecycle_manager_navigation)
[lifecycle_manager-11] [INFO] [1783314390.115491940] [lifecycle_manager_navigation]: [34m[1mTerminating bond timer...[0m[0m
[waypoint_follower-9] [INFO] [1783314390.118227981] [rclcpp]: signal_handler(signum=2)
[waypoint_follower-9] [INFO] [1783314390.119242855] [waypoint_follower]: Running Nav2 LifecycleNode rcl preshutdown (waypoint_follower)
[waypoint_follower-9] [INFO] [1783314390.119552105] [waypoint_follower]: Deactivating
[waypoint_follower-9] [INFO] [1783314390.119697563] [waypoint_follower]: Destroying bond (waypoint_follower) to lifecycle manager.
[controller_server-4] [INFO] [1783314390.132453140] [controller_server]: Deactivating
[controller_server-4] [INFO] [1783314390.132605390] [controller_server]: Deactivating controller: FollowPath of type regulated_pure_pursuit_controller::RegulatedPurePursuitController
[controller_server-4] [INFO] [1783314390.132788640] [local_costmap.local_costmap]: Deactivating
[map_server-1] [INFO] [1783314390.161798084] [map_server]: Cleaning up
[map_server-1] [INFO] [1783314390.161992834] [map_server]: Destroying bond (map_server) to lifecycle manager.
[velocity_smoother-10] [INFO] [1783314390.195189484] [velocity_smoother]: Cleaning up
[controller_server-4] [INFO] [1783314390.200315232] [controller_server]: Destroying bond (controller_server) to lifecycle manager.
[bt_navigator-8] [INFO] [1783314390.203364313] [bt_navigator]: Cleaning up
[waypoint_follower-9] [INFO] [1783314390.210749018] [waypoint_follower]: Cleaning up
[behavior_server-7] [INFO] [1783314390.214381516] [behavior_server]: Cleaning up
[smoother_server-5] [INFO] [1783314390.215279724] [smoother_server]: Cleaning up
[velocity_smoother-10] [INFO] [1783314390.245740501] [velocity_smoother]: Destroying bond (velocity_smoother) to lifecycle manager.
[velocity_smoother-10] [INFO] [1783314390.257802703] [velocity_smoother]: Destroying
[amcl-2] [INFO] [1783314390.297179225] [amcl]: Cleaning up
[controller_server-4] [INFO] [1783314390.302680764] [controller_server]: Cleaning up
[controller_server-4] [INFO] [1783314390.302831098] [controller_server]: Cleaning up controller: FollowPath of type regulated_pure_pursuit_controller::RegulatedPurePursuitController
[controller_server-4] [INFO] [1783314390.303052306] [local_costmap.local_costmap]: Cleaning up
[planner_server-6] [INFO] [1783314390.306569512] [planner_server]: Deactivating plugin GridBased of type NavfnPlanner
[planner_server-6] [INFO] [1783314390.306725137] [planner_server]: Destroying bond (planner_server) to lifecycle manager.
[map_server-1] [INFO] [1783314390.335288998] [map_server]: Destroying
[waypoint_follower-9] [INFO] [1783314390.364232317] [waypoint_follower]: Destroying bond (waypoint_follower) to lifecycle manager.
[lifecycle_manager-3] [INFO] [1783314390.389653471] [lifecycle_manager_localization]: Destroying lifecycle_manager_localization
[smoother_server-5] [INFO] [1783314390.391493054] [smoother_server]: Destroying bond (smoother_server) to lifecycle manager.
[planner_server-6] [INFO] [1783314390.408777962] [planner_server]: Cleaning up
[smoother_server-5] [INFO] [1783314390.418338915] [smoother_server]: Destroying
[waypoint_follower-9] [INFO] [1783314390.443526320] [waypoint_follower]: Destroying
[behavior_server-7] [INFO] [1783314390.490791046] [behavior_server]: Destroying bond (behavior_server) to lifecycle manager.
[amcl-2] [INFO] [1783314390.511717411] [amcl]: Destroying bond (amcl) to lifecycle manager.
[amcl-2] [INFO] [1783314390.617213109] [amcl]: Destroying
[planner_server-6] [INFO] [1783314390.705984065] [global_costmap.global_costmap]: Cleaning up
[controller_server-4] [INFO] [1783314390.862953904] [controller_server]: Destroying bond (controller_server) to lifecycle manager.
[planner_server-6] [INFO] [1783314390.884299852] [planner_server]: Cleaning up plugin GridBased of type NavfnPlanner
[planner_server-6] [INFO] [1783314390.889256933] [planner_server]: Destroying plugin GridBased of type NavfnPlanner
[INFO] [lifecycle_manager-3]: process has finished cleanly [pid 107941]
[controller_server-4] [INFO] [1783314390.927535747] [local_costmap.local_costmap]: Destroying
[INFO] [map_server-1]: process has finished cleanly [pid 107937]
[INFO] [velocity_smoother-10]: process has finished cleanly [pid 107977]
[INFO] [smoother_server-5]: process has finished cleanly [pid 107945]
[lifecycle_manager-11] [INFO] [1783314391.072041175] [lifecycle_manager_navigation]: Destroying lifecycle_manager_navigation
[planner_server-6] [INFO] [1783314391.081747837] [planner_server]: Destroying bond (planner_server) to lifecycle manager.
[INFO] [waypoint_follower-9]: process has finished cleanly [pid 107965]
[planner_server-6] [INFO] [1783314391.122757692] [global_costmap.global_costmap]: Destroying
[INFO] [amcl-2]: process has finished cleanly [pid 107939]
[behavior_server-7] [INFO] [1783314391.183470995] [behavior_server]: Destroying
[controller_server-4] [INFO] [1783314391.241945966] [controller_server]: Destroying
[planner_server-6] [INFO] [1783314391.401023388] [planner_server]: Destroying
[INFO] [lifecycle_manager-11]: process has finished cleanly [pid 107986]
[INFO] [controller_server-4]: process has finished cleanly [pid 107943]
[INFO] [behavior_server-7]: process has finished cleanly [pid 107949]
[INFO] [planner_server-6]: process has finished cleanly [pid 107947]
[bt_navigator-8] [INFO] [1783314391.770858080] [bt_navigator]: Completed Cleaning up
[bt_navigator-8] [INFO] [1783314391.771164538] [bt_navigator]: Destroying bond (bt_navigator) to lifecycle manager.
[bt_navigator-8] [INFO] [1783314391.848879666] [bt_navigator]: Destroying
[INFO] [bt_navigator-8]: process has finished cleanly [pid 107951]
