[INFO] [1783313879.167482154] [simple_scan_filter]: filter /scan -> /scan_filtered, keep=[0.22, 4.00], isolated_window=2, isolated_delta=0.25, min_support_neighbors=1
[INFO] [1783313892.824958471] [simple_scan_filter]: scan stats: n=404, zeros=119, nan=0, inf=0, finite_raw=285, finite_out=232, removed_isolated=6
[INFO] [1783313897.817456275] [simple_scan_filter]: scan stats: n=404, zeros=123, nan=0, inf=0, finite_raw=281, finite_out=228, removed_isolated=6
[INFO] [1783313902.815277744] [simple_scan_filter]: scan stats: n=404, zeros=116, nan=0, inf=0, finite_raw=288, finite_out=232, removed_isolated=6
[INFO] [1783313907.805443682] [simple_scan_filter]: scan stats: n=404, zeros=124, nan=0, inf=0, finite_raw=280, finite_out=229, removed_isolated=4
[INFO] [1783313912.798200747] [simple_scan_filter]: scan stats: n=404, zeros=122, nan=0, inf=0, finite_raw=282, finite_out=228, removed_isolated=8
[INFO] [1783313917.794713145] [simple_scan_filter]: scan stats: n=404, zeros=122, nan=0, inf=0, finite_raw=282, finite_out=229, removed_isolated=8
[INFO] [1783313922.788434591] [simple_scan_filter]: scan stats: n=404, zeros=123, nan=0, inf=0, finite_raw=281, finite_out=227, removed_isolated=6
[INFO] [1783313927.779450585] [simple_scan_filter]: scan stats: n=404, zeros=126, nan=0, inf=0, finite_raw=278, finite_out=232, removed_isolated=5
[INFO] [1783313932.774650704] [simple_scan_filter]: scan stats: n=404, zeros=127, nan=0, inf=0, finite_raw=277, finite_out=227, removed_isolated=6
[INFO] [1783313937.770972326] [simple_scan_filter]: scan stats: n=404, zeros=120, nan=0, inf=0, finite_raw=284, finite_out=228, removed_isolated=9
[INFO] [1783313942.764421745] [simple_scan_filter]: scan stats: n=404, zeros=121, nan=0, inf=0, finite_raw=283, finite_out=235, removed_isolated=4
[INFO] [1783313947.757577168] [simple_scan_filter]: scan stats: n=404, zeros=122, nan=0, inf=0, finite_raw=282, finite_out=229, removed_isolated=7
[INFO] [1783313952.753904176] [simple_scan_filter]: scan stats: n=404, zeros=128, nan=0, inf=0, finite_raw=276, finite_out=227, removed_isolated=7
[INFO] [1783313957.748745980] [simple_scan_filter]: scan stats: n=404, zeros=126, nan=0, inf=0, finite_raw=278, finite_out=228, removed_isolated=4
[INFO] [1783313962.745101078] [simple_scan_filter]: scan stats: n=404, zeros=118, nan=0, inf=0, finite_raw=286, finite_out=230, removed_isolated=8
[INFO] [1783313967.736556643] [simple_scan_filter]: scan stats: n=404, zeros=126, nan=0, inf=0, finite_raw=278, finite_out=229, removed_isolated=6
[INFO] [1783313972.732739832] [simple_scan_filter]: scan stats: n=404, zeros=121, nan=0, inf=0, finite_raw=283, finite_out=230, removed_isolated=7
[INFO] [1783313977.727691025] [simple_scan_filter]: scan stats: n=404, zeros=117, nan=0, inf=0, finite_raw=287, finite_out=228, removed_isolated=9
[INFO] [1783313982.716743228] [simple_scan_filter]: scan stats: n=404, zeros=125, nan=0, inf=0, finite_raw=279, finite_out=229, removed_isolated=6
[INFO] [1783313987.713972050] [simple_scan_filter]: scan stats: n=404, zeros=120, nan=0, inf=0, finite_raw=284, finite_out=228, removed_isolated=7
[INFO] [1783313992.706782213] [simple_scan_filter]: scan stats: n=404, zeros=124, nan=0, inf=0, finite_raw=280, finite_out=228, removed_isolated=6
[INFO] [1783313997.710131704] [simple_scan_filter]: scan stats: n=404, zeros=114, nan=0, inf=0, finite_raw=290, finite_out=239, removed_isolated=5
[INFO] [1783314002.717121819] [simple_scan_filter]: scan stats: n=404, zeros=122, nan=0, inf=0, finite_raw=282, finite_out=226, removed_isolated=7
[INFO] [1783314007.702079581] [simple_scan_filter]: scan stats: n=404, zeros=121, nan=0, inf=0, finite_raw=283, finite_out=233, removed_isolated=5
[INFO] [1783314012.682927267] [simple_scan_filter]: scan stats: n=404, zeros=129, nan=0, inf=0, finite_raw=275, finite_out=222, removed_isolated=5
[INFO] [1783314017.682416731] [simple_scan_filter]: scan stats: n=404, zeros=129, nan=0, inf=0, finite_raw=275, finite_out=227, removed_isolated=3
[INFO] [1783314022.674478913] [simple_scan_filter]: scan stats: n=404, zeros=120, nan=0, inf=0, finite_raw=284, finite_out=231, removed_isolated=8
[INFO] [1783314027.679380921] [simple_scan_filter]: scan stats: n=404, zeros=127, nan=0, inf=0, finite_raw=277, finite_out=225, removed_isolated=4
[INFO] [1783314032.662464325] [simple_scan_filter]: scan stats: n=404, zeros=122, nan=0, inf=0, finite_raw=282, finite_out=233, removed_isolated=5
[INFO] [1783314037.665173007] [simple_scan_filter]: scan stats: n=404, zeros=125, nan=0, inf=0, finite_raw=279, finite_out=226, removed_isolated=4
[INFO] [1783314042.651498706] [simple_scan_filter]: scan stats: n=404, zeros=121, nan=0, inf=0, finite_raw=283, finite_out=228, removed_isolated=10
[INFO] [1783314047.648300775] [simple_scan_filter]: scan stats: n=404, zeros=112, nan=0, inf=0, finite_raw=292, finite_out=228, removed_isolated=8
[INFO] [1783314052.657500085] [simple_scan_filter]: scan stats: n=404, zeros=79, nan=0, inf=0, finite_raw=325, finite_out=288, removed_isolated=4
[INFO] [1783314057.637586049] [simple_scan_filter]: scan stats: n=404, zeros=45, nan=0, inf=0, finite_raw=359, finite_out=340, removed_isolated=0
[INFO] [1783314062.633492335] [simple_scan_filter]: scan stats: n=404, zeros=34, nan=0, inf=0, finite_raw=370, finite_out=361, removed_isolated=0
[INFO] [1783314067.639870074] [simple_scan_filter]: scan stats: n=404, zeros=51, nan=0, inf=0, finite_raw=353, finite_out=339, removed_isolated=1
[INFO] [1783314072.623458626] [simple_scan_filter]: scan stats: n=404, zeros=78, nan=0, inf=0, finite_raw=326, finite_out=313, removed_isolated=2
[INFO] [1783314077.610897012] [simple_scan_filter]: scan stats: n=404, zeros=86, nan=0, inf=0, finite_raw=318, finite_out=292, removed_isolated=4
[INFO] [1783314082.611261598] [simple_scan_filter]: scan stats: n=404, zeros=85, nan=0, inf=0, finite_raw=319, finite_out=292, removed_isolated=6
[INFO] [1783314087.600511113] [simple_scan_filter]: scan stats: n=404, zeros=88, nan=0, inf=0, finite_raw=316, finite_out=294, removed_isolated=2
[INFO] [1783314092.598553665] [simple_scan_filter]: scan stats: n=404, zeros=84, nan=0, inf=0, finite_raw=320, finite_out=295, removed_isolated=6
[INFO] [1783314097.590094726] [simple_scan_filter]: scan stats: n=404, zeros=81, nan=0, inf=0, finite_raw=323, finite_out=295, removed_isolated=8
[INFO] [1783314102.588983075] [simple_scan_filter]: scan stats: n=404, zeros=85, nan=0, inf=0, finite_raw=319, finite_out=292, removed_isolated=8
[INFO] [1783314107.582599348] [simple_scan_filter]: scan stats: n=404, zeros=80, nan=0, inf=0, finite_raw=324, finite_out=296, removed_isolated=7
[INFO] [1783314112.573402126] [simple_scan_filter]: scan stats: n=404, zeros=82, nan=0, inf=0, finite_raw=322, finite_out=296, removed_isolated=6
[INFO] [1783314117.577661146] [simple_scan_filter]: scan stats: n=404, zeros=80, nan=0, inf=0, finite_raw=324, finite_out=294, removed_isolated=7
[INFO] [1783314122.562700185] [simple_scan_filter]: scan stats: n=404, zeros=89, nan=0, inf=0, finite_raw=315, finite_out=295, removed_isolated=1
[INFO] [1783314127.559486425] [simple_scan_filter]: scan stats: n=404, zeros=87, nan=0, inf=0, finite_raw=317, finite_out=292, removed_isolated=3
[INFO] [1783314132.552752629] [simple_scan_filter]: scan stats: n=404, zeros=87, nan=0, inf=0, finite_raw=317, finite_out=292, removed_isolated=2
[INFO] [1783314137.552383290] [simple_scan_filter]: scan stats: n=404, zeros=84, nan=0, inf=0, finite_raw=320, finite_out=293, removed_isolated=4
[INFO] [1783314142.542774794] [simple_scan_filter]: scan stats: n=404, zeros=86, nan=0, inf=0, finite_raw=318, finite_out=294, removed_isolated=3
[INFO] [1783314147.543668917] [simple_scan_filter]: scan stats: n=404, zeros=88, nan=0, inf=0, finite_raw=316, finite_out=291, removed_isolated=4
[INFO] [1783314152.530737305] [simple_scan_filter]: scan stats: n=404, zeros=85, nan=0, inf=0, finite_raw=319, finite_out=293, removed_isolated=2
[INFO] [1783314157.526799855] [simple_scan_filter]: scan stats: n=404, zeros=81, nan=0, inf=0, finite_raw=323, finite_out=294, removed_isolated=3
[INFO] [1783314162.519342285] [simple_scan_filter]: scan stats: n=404, zeros=90, nan=0, inf=0, finite_raw=314, finite_out=290, removed_isolated=3
[INFO] [1783314167.514180342] [simple_scan_filter]: scan stats: n=404, zeros=82, nan=0, inf=0, finite_raw=322, finite_out=293, removed_isolated=3
[INFO] [1783314172.506401987] [simple_scan_filter]: scan stats: n=404, zeros=86, nan=0, inf=0, finite_raw=318, finite_out=290, removed_isolated=6
[INFO] [1783314177.503695630] [simple_scan_filter]: scan stats: n=404, zeros=91, nan=0, inf=0, finite_raw=313, finite_out=290, removed_isolated=3
[INFO] [1783314182.498808945] [simple_scan_filter]: scan stats: n=404, zeros=82, nan=0, inf=0, finite_raw=322, finite_out=293, removed_isolated=6
[INFO] [1783314187.491768597] [simple_scan_filter]: scan stats: n=404, zeros=80, nan=0, inf=0, finite_raw=324, finite_out=294, removed_isolated=5
[INFO] [1783314192.496260285] [simple_scan_filter]: scan stats: n=404, zeros=82, nan=0, inf=0, finite_raw=322, finite_out=293, removed_isolated=4
[INFO] [1783314197.482625657] [simple_scan_filter]: scan stats: n=404, zeros=81, nan=0, inf=0, finite_raw=323, finite_out=294, removed_isolated=5
[INFO] [1783314202.489308515] [simple_scan_filter]: scan stats: n=404, zeros=82, nan=0, inf=0, finite_raw=322, finite_out=294, removed_isolated=3
[INFO] [1783314207.472759020] [simple_scan_filter]: scan stats: n=404, zeros=85, nan=0, inf=0, finite_raw=319, finite_out=292, removed_isolated=6
[INFO] [1783314212.471047265] [simple_scan_filter]: scan stats: n=404, zeros=81, nan=0, inf=0, finite_raw=323, finite_out=295, removed_isolated=4
[INFO] [1783314217.463394602] [simple_scan_filter]: scan stats: n=404, zeros=92, nan=0, inf=0, finite_raw=312, finite_out=287, removed_isolated=4
[INFO] [1783314222.456917273] [simple_scan_filter]: scan stats: n=404, zeros=80, nan=0, inf=0, finite_raw=324, finite_out=293, removed_isolated=5
[INFO] [1783314227.455353360] [simple_scan_filter]: scan stats: n=404, zeros=82, nan=0, inf=0, finite_raw=322, finite_out=293, removed_isolated=6
[INFO] [1783314232.450399786] [simple_scan_filter]: scan stats: n=404, zeros=83, nan=0, inf=0, finite_raw=321, finite_out=292, removed_isolated=5
[INFO] [1783314237.451638376] [simple_scan_filter]: scan stats: n=404, zeros=81, nan=0, inf=0, finite_raw=323, finite_out=292, removed_isolated=5
[INFO] [1783314242.444984225] [simple_scan_filter]: scan stats: n=404, zeros=86, nan=0, inf=0, finite_raw=318, finite_out=293, removed_isolated=2
[INFO] [1783314247.431095542] [simple_scan_filter]: scan stats: n=404, zeros=89, nan=0, inf=0, finite_raw=315, finite_out=292, removed_isolated=4
[INFO] [1783314252.433114139] [simple_scan_filter]: scan stats: n=404, zeros=86, nan=0, inf=0, finite_raw=318, finite_out=293, removed_isolated=4
[INFO] [1783314257.430106327] [simple_scan_filter]: scan stats: n=404, zeros=79, nan=0, inf=0, finite_raw=325, finite_out=293, removed_isolated=7
[INFO] [1783314262.422954938] [simple_scan_filter]: scan stats: n=404, zeros=83, nan=0, inf=0, finite_raw=321, finite_out=292, removed_isolated=5
[INFO] [1783314267.413043178] [simple_scan_filter]: scan stats: n=404, zeros=78, nan=0, inf=0, finite_raw=326, finite_out=295, removed_isolated=6
[INFO] [1783314272.406468794] [simple_scan_filter]: scan stats: n=404, zeros=85, nan=0, inf=0, finite_raw=319, finite_out=290, removed_isolated=6
[INFO] [1783314277.403666784] [simple_scan_filter]: scan stats: n=404, zeros=83, nan=0, inf=0, finite_raw=321, finite_out=291, removed_isolated=8
[INFO] [1783314282.397601863] [simple_scan_filter]: scan stats: n=404, zeros=77, nan=0, inf=0, finite_raw=327, finite_out=294, removed_isolated=7
[INFO] [1783314287.392967110] [simple_scan_filter]: scan stats: n=404, zeros=83, nan=0, inf=0, finite_raw=321, finite_out=293, removed_isolated=5
[INFO] [1783314292.390914982] [simple_scan_filter]: scan stats: n=404, zeros=79, nan=0, inf=0, finite_raw=325, finite_out=293, removed_isolated=7
[INFO] [1783314297.385382444] [simple_scan_filter]: scan stats: n=404, zeros=77, nan=0, inf=0, finite_raw=327, finite_out=295, removed_isolated=7
[INFO] [1783314302.381231823] [simple_scan_filter]: scan stats: n=404, zeros=86, nan=0, inf=0, finite_raw=318, finite_out=291, removed_isolated=3
[INFO] [1783314307.375011582] [simple_scan_filter]: scan stats: n=404, zeros=88, nan=0, inf=0, finite_raw=316, finite_out=292, removed_isolated=3
[INFO] [1783314312.372028799] [simple_scan_filter]: scan stats: n=404, zeros=81, nan=0, inf=0, finite_raw=323, finite_out=291, removed_isolated=8
[INFO] [1783314317.372701683] [simple_scan_filter]: scan stats: n=404, zeros=84, nan=0, inf=0, finite_raw=320, finite_out=291, removed_isolated=7
[INFO] [1783314322.368020420] [simple_scan_filter]: scan stats: n=404, zeros=86, nan=0, inf=0, finite_raw=318, finite_out=291, removed_isolated=5
[INFO] [1783314327.358664759] [simple_scan_filter]: scan stats: n=404, zeros=85, nan=0, inf=0, finite_raw=319, finite_out=293, removed_isolated=5
[INFO] [1783314332.356211427] [simple_scan_filter]: scan stats: n=404, zeros=82, nan=0, inf=0, finite_raw=322, finite_out=292, removed_isolated=6
[INFO] [1783314337.352626469] [simple_scan_filter]: scan stats: n=404, zeros=77, nan=0, inf=0, finite_raw=327, finite_out=295, removed_isolated=6
[INFO] [1783314342.355245131] [simple_scan_filter]: scan stats: n=404, zeros=80, nan=0, inf=0, finite_raw=324, finite_out=293, removed_isolated=6
[INFO] [1783314347.346755840] [simple_scan_filter]: scan stats: n=404, zeros=82, nan=0, inf=0, finite_raw=322, finite_out=291, removed_isolated=6
[INFO] [1783314352.339497714] [simple_scan_filter]: scan stats: n=404, zeros=82, nan=0, inf=0, finite_raw=322, finite_out=292, removed_isolated=5
[INFO] [1783314357.337308167] [simple_scan_filter]: scan stats: n=404, zeros=81, nan=0, inf=0, finite_raw=323, finite_out=291, removed_isolated=8
[INFO] [1783314362.336556827] [simple_scan_filter]: scan stats: n=404, zeros=83, nan=0, inf=0, finite_raw=321, finite_out=291, removed_isolated=6
[INFO] [1783314367.328795780] [simple_scan_filter]: scan stats: n=404, zeros=79, nan=0, inf=0, finite_raw=325, finite_out=297, removed_isolated=2
[INFO] [1783314372.324138981] [simple_scan_filter]: scan stats: n=404, zeros=86, nan=0, inf=0, finite_raw=318, finite_out=291, removed_isolated=4
[INFO] [1783314377.322207763] [simple_scan_filter]: scan stats: n=404, zeros=80, nan=0, inf=0, finite_raw=324, finite_out=293, removed_isolated=7
[INFO] [1783314382.318300295] [simple_scan_filter]: scan stats: n=404, zeros=82, nan=0, inf=0, finite_raw=322, finite_out=291, removed_isolated=8
[INFO] [1783314387.317509324] [simple_scan_filter]: scan stats: n=404, zeros=86, nan=0, inf=0, finite_raw=318, finite_out=292, removed_isolated=4
Traceback (most recent call last):
  File "/root/rdk_x5_vln_robot/ros2_bridge/simple_scan_filter.py", line 197, in <module>
    main()
  File "/root/rdk_x5_vln_robot/ros2_bridge/simple_scan_filter.py", line 193, in main
    rclpy.shutdown()
  File "/opt/ros/humble/local/lib/python3.10/dist-packages/rclpy/__init__.py", line 130, in shutdown
    _shutdown(context=context)
  File "/opt/ros/humble/local/lib/python3.10/dist-packages/rclpy/utilities.py", line 58, in shutdown
    return context.shutdown()
  File "/opt/ros/humble/local/lib/python3.10/dist-packages/rclpy/context.py", line 102, in shutdown
    self.__context.shutdown()
rclpy._rclpy_pybind11.RCLError: failed to shutdown: rcl_shutdown already called on the given context, at ./src/rcl/init.c:241
