[INFO] [1783325299.498268585] [foxglove_click_goal_bridge]: Foxglove click goal bridge started.
[INFO] [1783325299.507167920] [foxglove_click_goal_bridge]: Listening point click topic:
[INFO] [1783325299.523274714] [foxglove_click_goal_bridge]:   /foxglove_goal_point
[INFO] [1783325299.550468927] [foxglove_click_goal_bridge]:   geometry_msgs/msg/PointStamped
[INFO] [1783325299.560182054] [foxglove_click_goal_bridge]: Listening pose click topic:
[INFO] [1783325299.563600888] [foxglove_click_goal_bridge]:   /foxglove_goal_pose
[INFO] [1783325299.566381930] [foxglove_click_goal_bridge]:   geometry_msgs/msg/PoseStamped
[INFO] [1783325299.569393348] [foxglove_click_goal_bridge]: Recommended Foxglove tool:
[INFO] [1783325299.572727973] [foxglove_click_goal_bridge]:   Publish -> 2D point -> /foxglove_goal_point
[INFO] [1783325299.575732474] [foxglove_click_goal_bridge]: Visual path topic: /foxglove_click_planned_path
[INFO] [1783325299.578729599] [foxglove_click_goal_bridge]: Visual trajectory: /foxglove_click_trajectory_dots (red dots)
[INFO] [1783325299.581774725] [foxglove_click_goal_bridge]: Visual start marker: /foxglove_click_start_marker
[INFO] [1783325299.584698559] [foxglove_click_goal_bridge]: Visual goal marker: /foxglove_click_goal_marker + /foxglove_click_goal_label
[INFO] [1783325299.587945643] [foxglove_click_goal_bridge]: Foxglove map viz: /foxglove_map_viz (use in 3D panel instead of /map)
[INFO] [1783325301.116469336] [foxglove_click_goal_bridge]: >>> CLICK READY: Foxglove 可以单击地图白色区域发送导航目标。 Topic=/foxglove_goal_point, frame=map。 若 scan 与地图错位，请先用 /initialpose 校正。导航进行中会忽略新点击。
[INFO] [1783325397.950229156] [foxglove_click_goal_bridge]: Transformed click from base_link (4.917, -2.463) -> map (1.109, 1.922)
[INFO] [1783325397.981064702] [foxglove_click_goal_bridge]: Goal marker published at (1.109, 1.922) -> /foxglove_click_goal_marker /foxglove_click_goal_label
[INFO] [1783325397.989954120] [foxglove_click_goal_bridge]: Received Foxglove clicked point: frame_id=base_link, x=1.109, y=1.922, goal_yaw=0.267
[INFO] [1783325397.993795996] [foxglove_click_goal_bridge]: Goal footprint OK: (1.109, 1.922) -> ok (radius=0.11m)
[INFO] [1783325398.019571208] [foxglove_click_goal_bridge]: [1] Start marker at (-4.284, 3.002) -> /foxglove_click_start_marker
[INFO] [1783325398.033280752] [foxglove_click_goal_bridge]: Goal marker published at (1.109, 1.922) -> /foxglove_click_goal_marker /foxglove_click_goal_label
[INFO] [1783325398.042757503] [foxglove_click_goal_bridge]: [1] Accepted goal: frame=map, x=1.109, y=1.922
[INFO] [1783325398.263876827] [foxglove_click_goal_bridge]: [1] Planned path published: 263 poses -> /foxglove_click_planned_path
[INFO] [1783325398.286978623] [foxglove_click_goal_bridge]: [1] NavigateToPose goal accepted. Robot should start planning/following.
[INFO] [1783325398.298187541] [foxglove_click_goal_bridge]: [1] navigating: distance_remaining=0.000 m, recoveries=0
[INFO] [1783325400.310034670] [foxglove_click_goal_bridge]: [1] navigating: distance_remaining=6.495 m, recoveries=0
[INFO] [1783325402.324358381] [foxglove_click_goal_bridge]: [1] navigating: distance_remaining=6.368 m, recoveries=0
[INFO] [1783325404.324767173] [foxglove_click_goal_bridge]: [1] navigating: distance_remaining=6.173 m, recoveries=0
[INFO] [1783325406.344498507] [foxglove_click_goal_bridge]: [1] navigating: distance_remaining=5.931 m, recoveries=0
[INFO] [1783325408.353034797] [foxglove_click_goal_bridge]: [1] navigating: distance_remaining=5.757 m, recoveries=0
[INFO] [1783325410.368113129] [foxglove_click_goal_bridge]: [1] navigating: distance_remaining=5.582 m, recoveries=0
[INFO] [1783325412.368615790] [foxglove_click_goal_bridge]: [1] navigating: distance_remaining=5.432 m, recoveries=0
[INFO] [1783325414.391598786] [foxglove_click_goal_bridge]: [1] navigating: distance_remaining=5.257 m, recoveries=0
[INFO] [1783325416.406727488] [foxglove_click_goal_bridge]: [1] navigating: distance_remaining=5.132 m, recoveries=0
[INFO] [1783325418.565921918] [foxglove_click_goal_bridge]: [1] navigating: distance_remaining=5.082 m, recoveries=0
[INFO] [1783325420.566781324] [foxglove_click_goal_bridge]: [1] navigating: distance_remaining=4.909 m, recoveries=0
[INFO] [1783325422.575109188] [foxglove_click_goal_bridge]: [1] navigating: distance_remaining=4.693 m, recoveries=0
[INFO] [1783325424.588168427] [foxglove_click_goal_bridge]: [1] navigating: distance_remaining=4.528 m, recoveries=0
[INFO] [1783325426.591726329] [foxglove_click_goal_bridge]: [1] navigating: distance_remaining=4.367 m, recoveries=0
[INFO] [1783325428.595562105] [foxglove_click_goal_bridge]: [1] navigating: distance_remaining=4.154 m, recoveries=0
[INFO] [1783325430.596755422] [foxglove_click_goal_bridge]: [1] navigating: distance_remaining=3.965 m, recoveries=0
[INFO] [1783325432.597067153] [foxglove_click_goal_bridge]: [1] navigating: distance_remaining=3.818 m, recoveries=0
[INFO] [1783325434.606695551] [foxglove_click_goal_bridge]: [1] navigating: distance_remaining=3.646 m, recoveries=0
[INFO] [1783325436.608616239] [foxglove_click_goal_bridge]: [1] navigating: distance_remaining=3.499 m, recoveries=0
[INFO] [1783325438.615115592] [foxglove_click_goal_bridge]: [1] navigating: distance_remaining=3.330 m, recoveries=0
[INFO] [1783325440.628579529] [foxglove_click_goal_bridge]: [1] navigating: distance_remaining=3.164 m, recoveries=0
[INFO] [1783325442.629877129] [foxglove_click_goal_bridge]: [1] navigating: distance_remaining=2.994 m, recoveries=0
[INFO] [1783325444.634236729] [foxglove_click_goal_bridge]: [1] navigating: distance_remaining=2.820 m, recoveries=0
[INFO] [1783325446.640502369] [foxglove_click_goal_bridge]: [1] navigating: distance_remaining=2.596 m, recoveries=0
[INFO] [1783325448.644854966] [foxglove_click_goal_bridge]: [1] navigating: distance_remaining=2.438 m, recoveries=0
[INFO] [1783325450.644361769] [foxglove_click_goal_bridge]: [1] navigating: distance_remaining=2.276 m, recoveries=0
[INFO] [1783325452.655855698] [foxglove_click_goal_bridge]: [1] navigating: distance_remaining=2.131 m, recoveries=0
[INFO] [1783325454.655924041] [foxglove_click_goal_bridge]: [1] navigating: distance_remaining=1.957 m, recoveries=0
[INFO] [1783325456.674187010] [foxglove_click_goal_bridge]: [1] navigating: distance_remaining=1.857 m, recoveries=0
[INFO] [1783325458.682915018] [foxglove_click_goal_bridge]: [1] navigating: distance_remaining=1.857 m, recoveries=0
[INFO] [1783325460.686416190] [foxglove_click_goal_bridge]: [1] navigating: distance_remaining=1.857 m, recoveries=0
[INFO] [1783325462.686027820] [foxglove_click_goal_bridge]: [1] navigating: distance_remaining=1.857 m, recoveries=0
[INFO] [1783325464.700283450] [foxglove_click_goal_bridge]: [1] navigating: distance_remaining=1.658 m, recoveries=0
[INFO] [1783325466.703636702] [foxglove_click_goal_bridge]: [1] navigating: distance_remaining=1.458 m, recoveries=0
[INFO] [1783325468.710118703] [foxglove_click_goal_bridge]: [1] navigating: distance_remaining=1.258 m, recoveries=0
[INFO] [1783325470.718392537] [foxglove_click_goal_bridge]: [1] navigating: distance_remaining=1.058 m, recoveries=0
[INFO] [1783325472.722217828] [foxglove_click_goal_bridge]: [1] navigating: distance_remaining=0.835 m, recoveries=0
[INFO] [1783325474.724525825] [foxglove_click_goal_bridge]: [1] navigating: distance_remaining=0.636 m, recoveries=0
[INFO] [1783325476.727094529] [foxglove_click_goal_bridge]: [1] navigating: distance_remaining=0.587 m, recoveries=0
[INFO] [1783325478.730742441] [foxglove_click_goal_bridge]: [1] navigating: distance_remaining=0.413 m, recoveries=0
[INFO] [1783325480.744420394] [foxglove_click_goal_bridge]: [1] navigating: distance_remaining=0.263 m, recoveries=0
[INFO] [1783325482.084089890] [foxglove_click_goal_bridge]: [1] Navigation succeeded. status=4
[INFO] [1783325482.087352640] [foxglove_click_goal_bridge]: Navigation succeeded. Current pose will be updated by pose_memory_node.
