[INFO] [1783154293.805983160] [simple_scan_filter]: filter /scan -> /scan_filtered, keep=[0.22, 4.00], isolated_window=2, isolated_delta=0.25, min_support_neighbors=1
[INFO] [1783154307.656180909] [simple_scan_filter]: scan stats: n=404, zeros=114, nan=0, inf=0, finite_raw=290, finite_out=229, removed_isolated=10
[INFO] [1783154312.746460799] [simple_scan_filter]: scan stats: n=404, zeros=118, nan=0, inf=0, finite_raw=286, finite_out=233, removed_isolated=4
[INFO] [1783154317.610747430] [simple_scan_filter]: scan stats: n=404, zeros=110, nan=0, inf=0, finite_raw=294, finite_out=235, removed_isolated=8
[INFO] [1783154322.631288060] [simple_scan_filter]: scan stats: n=404, zeros=115, nan=0, inf=0, finite_raw=289, finite_out=232, removed_isolated=6
[INFO] [1783154327.640374554] [simple_scan_filter]: scan stats: n=404, zeros=112, nan=0, inf=0, finite_raw=292, finite_out=231, removed_isolated=9
[INFO] [1783154332.688674098] [simple_scan_filter]: scan stats: n=404, zeros=104, nan=0, inf=0, finite_raw=300, finite_out=237, removed_isolated=10
[INFO] [1783154337.682062632] [simple_scan_filter]: scan stats: n=404, zeros=116, nan=0, inf=0, finite_raw=288, finite_out=228, removed_isolated=10
[INFO] [1783154342.689790081] [simple_scan_filter]: scan stats: n=404, zeros=115, nan=0, inf=0, finite_raw=289, finite_out=232, removed_isolated=9
[INFO] [1783154347.695151700] [simple_scan_filter]: scan stats: n=404, zeros=114, nan=0, inf=0, finite_raw=290, finite_out=232, removed_isolated=7
[INFO] [1783154352.701292272] [simple_scan_filter]: scan stats: n=404, zeros=107, nan=0, inf=0, finite_raw=297, finite_out=238, removed_isolated=6
[INFO] [1783154357.703354854] [simple_scan_filter]: scan stats: n=404, zeros=118, nan=0, inf=0, finite_raw=286, finite_out=228, removed_isolated=8
[INFO] [1783154362.705570683] [simple_scan_filter]: scan stats: n=404, zeros=100, nan=0, inf=0, finite_raw=304, finite_out=244, removed_isolated=5
[INFO] [1783154367.708760006] [simple_scan_filter]: scan stats: n=404, zeros=104, nan=0, inf=0, finite_raw=300, finite_out=237, removed_isolated=8
[INFO] [1783154372.709143085] [simple_scan_filter]: scan stats: n=404, zeros=107, nan=0, inf=0, finite_raw=297, finite_out=237, removed_isolated=7
[INFO] [1783154377.716679307] [simple_scan_filter]: scan stats: n=404, zeros=110, nan=0, inf=0, finite_raw=294, finite_out=239, removed_isolated=3
[INFO] [1783154382.714967553] [simple_scan_filter]: scan stats: n=404, zeros=104, nan=0, inf=0, finite_raw=300, finite_out=241, removed_isolated=4
[INFO] [1783154387.716306205] [simple_scan_filter]: scan stats: n=404, zeros=104, nan=0, inf=0, finite_raw=300, finite_out=238, removed_isolated=7
[INFO] [1783154392.715206944] [simple_scan_filter]: scan stats: n=404, zeros=114, nan=0, inf=0, finite_raw=290, finite_out=235, removed_isolated=6
[INFO] [1783154397.738438942] [simple_scan_filter]: scan stats: n=404, zeros=105, nan=0, inf=0, finite_raw=299, finite_out=240, removed_isolated=5
[INFO] [1783154402.737945799] [simple_scan_filter]: scan stats: n=404, zeros=115, nan=0, inf=0, finite_raw=289, finite_out=235, removed_isolated=4
[INFO] [1783154407.737169196] [simple_scan_filter]: scan stats: n=404, zeros=111, nan=0, inf=0, finite_raw=293, finite_out=237, removed_isolated=5
[INFO] [1783154412.435404014] [simple_scan_filter]: scan stats: n=404, zeros=104, nan=0, inf=0, finite_raw=300, finite_out=238, removed_isolated=5
[INFO] [1783154417.459938623] [simple_scan_filter]: scan stats: n=404, zeros=106, nan=0, inf=0, finite_raw=298, finite_out=239, removed_isolated=5
[INFO] [1783154422.570716019] [simple_scan_filter]: scan stats: n=404, zeros=108, nan=0, inf=0, finite_raw=296, finite_out=236, removed_isolated=9
[INFO] [1783154427.486944649] [simple_scan_filter]: scan stats: n=404, zeros=111, nan=0, inf=0, finite_raw=293, finite_out=233, removed_isolated=9
[INFO] [1783154432.474570692] [simple_scan_filter]: scan stats: n=404, zeros=103, nan=0, inf=0, finite_raw=301, finite_out=243, removed_isolated=5
[INFO] [1783154437.487129909] [simple_scan_filter]: scan stats: n=404, zeros=109, nan=0, inf=0, finite_raw=295, finite_out=238, removed_isolated=7
[INFO] [1783154442.547688149] [simple_scan_filter]: scan stats: n=404, zeros=110, nan=0, inf=0, finite_raw=294, finite_out=235, removed_isolated=8
[INFO] [1783154447.515626617] [simple_scan_filter]: scan stats: n=404, zeros=102, nan=0, inf=0, finite_raw=302, finite_out=229, removed_isolated=6
[INFO] [1783154452.513305412] [simple_scan_filter]: scan stats: n=404, zeros=104, nan=0, inf=0, finite_raw=300, finite_out=228, removed_isolated=4
[INFO] [1783154457.525302578] [simple_scan_filter]: scan stats: n=404, zeros=64, nan=0, inf=0, finite_raw=340, finite_out=311, removed_isolated=2
[INFO] [1783154462.530268555] [simple_scan_filter]: scan stats: n=404, zeros=43, nan=0, inf=0, finite_raw=361, finite_out=346, removed_isolated=0
[INFO] [1783154467.524351060] [simple_scan_filter]: scan stats: n=404, zeros=42, nan=0, inf=0, finite_raw=362, finite_out=353, removed_isolated=0
[INFO] [1783154472.529069532] [simple_scan_filter]: scan stats: n=404, zeros=41, nan=0, inf=0, finite_raw=363, finite_out=354, removed_isolated=0
[INFO] [1783154477.530758094] [simple_scan_filter]: scan stats: n=404, zeros=39, nan=0, inf=0, finite_raw=365, finite_out=356, removed_isolated=0
[INFO] [1783154482.556480999] [simple_scan_filter]: scan stats: n=404, zeros=43, nan=0, inf=0, finite_raw=361, finite_out=350, removed_isolated=0
[INFO] [1783154487.550728493] [simple_scan_filter]: scan stats: n=404, zeros=43, nan=0, inf=0, finite_raw=361, finite_out=352, removed_isolated=0
[INFO] [1783154492.549739513] [simple_scan_filter]: scan stats: n=404, zeros=41, nan=0, inf=0, finite_raw=363, finite_out=354, removed_isolated=0
[INFO] [1783154497.564762650] [simple_scan_filter]: scan stats: n=404, zeros=35, nan=0, inf=0, finite_raw=369, finite_out=358, removed_isolated=0
[INFO] [1783154502.568032986] [simple_scan_filter]: scan stats: n=404, zeros=44, nan=0, inf=0, finite_raw=360, finite_out=290, removed_isolated=0
[INFO] [1783154507.555376365] [simple_scan_filter]: scan stats: n=404, zeros=51, nan=0, inf=0, finite_raw=353, finite_out=333, removed_isolated=0
[INFO] [1783154512.567595503] [simple_scan_filter]: scan stats: n=404, zeros=103, nan=0, inf=0, finite_raw=301, finite_out=235, removed_isolated=3
[INFO] [1783154517.569455168] [simple_scan_filter]: scan stats: n=404, zeros=131, nan=0, inf=0, finite_raw=273, finite_out=198, removed_isolated=7
[INFO] [1783154522.565774889] [simple_scan_filter]: scan stats: n=404, zeros=133, nan=0, inf=0, finite_raw=271, finite_out=196, removed_isolated=9
[INFO] [1783154527.577668894] [simple_scan_filter]: scan stats: n=404, zeros=131, nan=0, inf=0, finite_raw=273, finite_out=204, removed_isolated=7
[INFO] [1783154532.580920923] [simple_scan_filter]: scan stats: n=404, zeros=137, nan=0, inf=0, finite_raw=267, finite_out=199, removed_isolated=6
[INFO] [1783154537.587919479] [simple_scan_filter]: scan stats: n=404, zeros=124, nan=0, inf=0, finite_raw=280, finite_out=203, removed_isolated=9
[INFO] [1783154542.579403704] [simple_scan_filter]: scan stats: n=404, zeros=133, nan=0, inf=0, finite_raw=271, finite_out=200, removed_isolated=6
[INFO] [1783154547.582581392] [simple_scan_filter]: scan stats: n=404, zeros=127, nan=0, inf=0, finite_raw=277, finite_out=202, removed_isolated=13
[INFO] [1783154552.593203721] [simple_scan_filter]: scan stats: n=404, zeros=131, nan=0, inf=0, finite_raw=273, finite_out=199, removed_isolated=7
[INFO] [1783154557.587417305] [simple_scan_filter]: scan stats: n=404, zeros=124, nan=0, inf=0, finite_raw=280, finite_out=206, removed_isolated=11
[INFO] [1783154562.585723875] [simple_scan_filter]: scan stats: n=404, zeros=128, nan=0, inf=0, finite_raw=276, finite_out=197, removed_isolated=12
[INFO] [1783154567.596095114] [simple_scan_filter]: scan stats: n=404, zeros=128, nan=0, inf=0, finite_raw=276, finite_out=204, removed_isolated=9
[INFO] [1783154572.596779005] [simple_scan_filter]: scan stats: n=404, zeros=135, nan=0, inf=0, finite_raw=269, finite_out=194, removed_isolated=9
[INFO] [1783154577.597101561] [simple_scan_filter]: scan stats: n=404, zeros=129, nan=0, inf=0, finite_raw=275, finite_out=202, removed_isolated=7
[INFO] [1783154582.602006809] [simple_scan_filter]: scan stats: n=404, zeros=125, nan=0, inf=0, finite_raw=279, finite_out=203, removed_isolated=7
[INFO] [1783154587.557880199] [simple_scan_filter]: scan stats: n=404, zeros=138, nan=0, inf=0, finite_raw=266, finite_out=196, removed_isolated=7
[INFO] [1783154592.375721702] [simple_scan_filter]: scan stats: n=404, zeros=125, nan=0, inf=0, finite_raw=279, finite_out=203, removed_isolated=13
[INFO] [1783154597.597162596] [simple_scan_filter]: scan stats: n=404, zeros=127, nan=0, inf=0, finite_raw=277, finite_out=204, removed_isolated=9
[INFO] [1783154602.379737115] [simple_scan_filter]: scan stats: n=404, zeros=129, nan=0, inf=0, finite_raw=275, finite_out=201, removed_isolated=11
[INFO] [1783154607.393399283] [simple_scan_filter]: scan stats: n=404, zeros=132, nan=0, inf=0, finite_raw=272, finite_out=200, removed_isolated=8
[INFO] [1783154612.400142552] [simple_scan_filter]: scan stats: n=404, zeros=133, nan=0, inf=0, finite_raw=271, finite_out=197, removed_isolated=8
[INFO] [1783154617.401957458] [simple_scan_filter]: scan stats: n=404, zeros=136, nan=0, inf=0, finite_raw=268, finite_out=201, removed_isolated=4
[INFO] [1783154622.408501973] [simple_scan_filter]: scan stats: n=404, zeros=130, nan=0, inf=0, finite_raw=274, finite_out=200, removed_isolated=10
[INFO] [1783154627.411038747] [simple_scan_filter]: scan stats: n=404, zeros=135, nan=0, inf=0, finite_raw=269, finite_out=199, removed_isolated=12
[INFO] [1783154632.406294165] [simple_scan_filter]: scan stats: n=404, zeros=133, nan=0, inf=0, finite_raw=271, finite_out=201, removed_isolated=5
[INFO] [1783154637.417241202] [simple_scan_filter]: scan stats: n=404, zeros=129, nan=0, inf=0, finite_raw=275, finite_out=202, removed_isolated=10
[INFO] [1783154642.410234705] [simple_scan_filter]: scan stats: n=404, zeros=125, nan=0, inf=0, finite_raw=279, finite_out=196, removed_isolated=7
[INFO] [1783154647.415740418] [simple_scan_filter]: scan stats: n=404, zeros=84, nan=0, inf=0, finite_raw=320, finite_out=154, removed_isolated=7
[INFO] [1783154652.423324332] [simple_scan_filter]: scan stats: n=404, zeros=93, nan=0, inf=0, finite_raw=311, finite_out=199, removed_isolated=6
[INFO] [1783154657.420223941] [simple_scan_filter]: scan stats: n=404, zeros=90, nan=0, inf=0, finite_raw=314, finite_out=175, removed_isolated=7
[INFO] [1783154662.442994888] [simple_scan_filter]: scan stats: n=404, zeros=129, nan=0, inf=0, finite_raw=275, finite_out=207, removed_isolated=9
[INFO] [1783154667.462272926] [simple_scan_filter]: scan stats: n=404, zeros=149, nan=0, inf=0, finite_raw=255, finite_out=186, removed_isolated=12
[INFO] [1783154672.438331714] [simple_scan_filter]: scan stats: n=404, zeros=128, nan=0, inf=0, finite_raw=276, finite_out=186, removed_isolated=6
[INFO] [1783154677.476788274] [simple_scan_filter]: scan stats: n=404, zeros=64, nan=0, inf=0, finite_raw=340, finite_out=215, removed_isolated=0
[INFO] [1783154682.442847879] [simple_scan_filter]: scan stats: n=404, zeros=51, nan=0, inf=0, finite_raw=353, finite_out=334, removed_isolated=0
[INFO] [1783154687.446061704] [simple_scan_filter]: scan stats: n=404, zeros=41, nan=0, inf=0, finite_raw=363, finite_out=354, removed_isolated=0
[INFO] [1783154692.443669003] [simple_scan_filter]: scan stats: n=404, zeros=41, nan=0, inf=0, finite_raw=363, finite_out=349, removed_isolated=0
[INFO] [1783154697.472218998] [simple_scan_filter]: scan stats: n=404, zeros=40, nan=0, inf=0, finite_raw=364, finite_out=354, removed_isolated=0
[INFO] [1783154702.472395992] [simple_scan_filter]: scan stats: n=404, zeros=40, nan=0, inf=0, finite_raw=364, finite_out=351, removed_isolated=1
[INFO] [1783154707.462806763] [simple_scan_filter]: scan stats: n=404, zeros=41, nan=0, inf=0, finite_raw=363, finite_out=353, removed_isolated=0
[INFO] [1783154712.474449259] [simple_scan_filter]: scan stats: n=404, zeros=38, nan=0, inf=0, finite_raw=366, finite_out=355, removed_isolated=0
[INFO] [1783154717.504841948] [simple_scan_filter]: scan stats: n=404, zeros=41, nan=0, inf=0, finite_raw=363, finite_out=351, removed_isolated=0
[INFO] [1783154722.486662361] [simple_scan_filter]: scan stats: n=404, zeros=44, nan=0, inf=0, finite_raw=360, finite_out=352, removed_isolated=0
[INFO] [1783154727.503370336] [simple_scan_filter]: scan stats: n=404, zeros=37, nan=0, inf=0, finite_raw=367, finite_out=353, removed_isolated=0
[INFO] [1783154732.497074001] [simple_scan_filter]: scan stats: n=404, zeros=38, nan=0, inf=0, finite_raw=366, finite_out=354, removed_isolated=0
[INFO] [1783154737.496137523] [simple_scan_filter]: scan stats: n=404, zeros=40, nan=0, inf=0, finite_raw=364, finite_out=355, removed_isolated=0
[INFO] [1783154742.495076751] [simple_scan_filter]: scan stats: n=404, zeros=38, nan=0, inf=0, finite_raw=366, finite_out=355, removed_isolated=1
[INFO] [1783154747.498606129] [simple_scan_filter]: scan stats: n=404, zeros=41, nan=0, inf=0, finite_raw=363, finite_out=353, removed_isolated=0
[INFO] [1783154752.511931476] [simple_scan_filter]: scan stats: n=404, zeros=38, nan=0, inf=0, finite_raw=366, finite_out=355, removed_isolated=0
[INFO] [1783154757.510672281] [simple_scan_filter]: scan stats: n=404, zeros=43, nan=0, inf=0, finite_raw=361, finite_out=311, removed_isolated=1
[INFO] [1783154762.521269381] [simple_scan_filter]: scan stats: n=404, zeros=55, nan=0, inf=0, finite_raw=349, finite_out=266, removed_isolated=0
[INFO] [1783154767.518691643] [simple_scan_filter]: scan stats: n=404, zeros=91, nan=0, inf=0, finite_raw=313, finite_out=233, removed_isolated=3
[INFO] [1783154772.491020769] [simple_scan_filter]: scan stats: n=404, zeros=106, nan=0, inf=0, finite_raw=298, finite_out=237, removed_isolated=4
[INFO] [1783154777.394882429] [simple_scan_filter]: scan stats: n=404, zeros=111, nan=0, inf=0, finite_raw=293, finite_out=228, removed_isolated=6
[INFO] [1783154782.344793658] [simple_scan_filter]: scan stats: n=404, zeros=88, nan=0, inf=0, finite_raw=316, finite_out=237, removed_isolated=1
[INFO] [1783154787.286268368] [simple_scan_filter]: scan stats: n=404, zeros=91, nan=0, inf=0, finite_raw=313, finite_out=236, removed_isolated=1
[INFO] [1783154792.295917749] [simple_scan_filter]: scan stats: n=404, zeros=87, nan=0, inf=0, finite_raw=317, finite_out=238, removed_isolated=2
[INFO] [1783154797.509934020] [simple_scan_filter]: scan stats: n=404, zeros=90, nan=0, inf=0, finite_raw=314, finite_out=237, removed_isolated=2
[INFO] [1783154802.319492281] [simple_scan_filter]: scan stats: n=404, zeros=90, nan=0, inf=0, finite_raw=314, finite_out=239, removed_isolated=1
[INFO] [1783154807.306981637] [simple_scan_filter]: scan stats: n=404, zeros=89, nan=0, inf=0, finite_raw=315, finite_out=236, removed_isolated=1
[INFO] [1783154812.325111399] [simple_scan_filter]: scan stats: n=404, zeros=92, nan=0, inf=0, finite_raw=312, finite_out=236, removed_isolated=5
[INFO] [1783154817.353088963] [simple_scan_filter]: scan stats: n=404, zeros=89, nan=0, inf=0, finite_raw=315, finite_out=237, removed_isolated=2
[INFO] [1783154822.340376937] [simple_scan_filter]: scan stats: n=404, zeros=89, nan=0, inf=0, finite_raw=315, finite_out=238, removed_isolated=0
[INFO] [1783154827.337126589] [simple_scan_filter]: scan stats: n=404, zeros=90, nan=0, inf=0, finite_raw=314, finite_out=238, removed_isolated=0
[INFO] [1783154832.468195298] [simple_scan_filter]: scan stats: n=404, zeros=88, nan=0, inf=0, finite_raw=316, finite_out=236, removed_isolated=1
[INFO] [1783154837.390282584] [simple_scan_filter]: scan stats: n=404, zeros=94, nan=0, inf=0, finite_raw=310, finite_out=236, removed_isolated=1
[INFO] [1783154842.281831833] [simple_scan_filter]: scan stats: n=404, zeros=96, nan=0, inf=0, finite_raw=308, finite_out=233, removed_isolated=1
[INFO] [1783154847.286623118] [simple_scan_filter]: scan stats: n=404, zeros=91, nan=0, inf=0, finite_raw=313, finite_out=238, removed_isolated=1
[INFO] [1783154852.460496440] [simple_scan_filter]: scan stats: n=404, zeros=86, nan=0, inf=0, finite_raw=318, finite_out=241, removed_isolated=0
[INFO] [1783154857.280425562] [simple_scan_filter]: scan stats: n=404, zeros=94, nan=0, inf=0, finite_raw=310, finite_out=233, removed_isolated=0
[INFO] [1783154862.465950136] [simple_scan_filter]: scan stats: n=404, zeros=89, nan=0, inf=0, finite_raw=315, finite_out=240, removed_isolated=0
[INFO] [1783154867.289658242] [simple_scan_filter]: scan stats: n=404, zeros=94, nan=0, inf=0, finite_raw=310, finite_out=235, removed_isolated=3
[INFO] [1783154872.467916166] [simple_scan_filter]: scan stats: n=404, zeros=91, nan=0, inf=0, finite_raw=313, finite_out=234, removed_isolated=3
[INFO] [1783154877.361457810] [simple_scan_filter]: scan stats: n=404, zeros=87, nan=0, inf=0, finite_raw=317, finite_out=238, removed_isolated=0
[INFO] [1783154882.519526164] [simple_scan_filter]: scan stats: n=404, zeros=90, nan=0, inf=0, finite_raw=314, finite_out=234, removed_isolated=2
[INFO] [1783154887.525401593] [simple_scan_filter]: scan stats: n=404, zeros=92, nan=0, inf=0, finite_raw=312, finite_out=234, removed_isolated=4
[INFO] [1783154892.532304059] [simple_scan_filter]: scan stats: n=404, zeros=92, nan=0, inf=0, finite_raw=312, finite_out=237, removed_isolated=2
[INFO] [1783154897.536777863] [simple_scan_filter]: scan stats: n=404, zeros=90, nan=0, inf=0, finite_raw=314, finite_out=236, removed_isolated=1
[INFO] [1783154902.355469635] [simple_scan_filter]: scan stats: n=404, zeros=84, nan=0, inf=0, finite_raw=320, finite_out=241, removed_isolated=0
[INFO] [1783154907.367533204] [simple_scan_filter]: scan stats: n=404, zeros=93, nan=0, inf=0, finite_raw=311, finite_out=238, removed_isolated=0
[INFO] [1783154912.371368878] [simple_scan_filter]: scan stats: n=404, zeros=93, nan=0, inf=0, finite_raw=311, finite_out=236, removed_isolated=3
[INFO] [1783154917.520442200] [simple_scan_filter]: scan stats: n=404, zeros=92, nan=0, inf=0, finite_raw=312, finite_out=236, removed_isolated=4
[INFO] [1783154922.459790687] [simple_scan_filter]: scan stats: n=404, zeros=92, nan=0, inf=0, finite_raw=312, finite_out=232, removed_isolated=2
[INFO] [1783154927.443754663] [simple_scan_filter]: scan stats: n=404, zeros=91, nan=0, inf=0, finite_raw=313, finite_out=239, removed_isolated=0
[INFO] [1783154932.358555843] [simple_scan_filter]: scan stats: n=404, zeros=91, nan=0, inf=0, finite_raw=313, finite_out=238, removed_isolated=0
[INFO] [1783154937.518398415] [simple_scan_filter]: scan stats: n=404, zeros=93, nan=0, inf=0, finite_raw=311, finite_out=238, removed_isolated=0
[INFO] [1783154942.519121335] [simple_scan_filter]: scan stats: n=404, zeros=89, nan=0, inf=0, finite_raw=315, finite_out=235, removed_isolated=1
[INFO] [1783154947.525801609] [simple_scan_filter]: scan stats: n=404, zeros=92, nan=0, inf=0, finite_raw=312, finite_out=236, removed_isolated=1
[INFO] [1783154952.539502360] [simple_scan_filter]: scan stats: n=404, zeros=90, nan=0, inf=0, finite_raw=314, finite_out=236, removed_isolated=1
[INFO] [1783154957.530038386] [simple_scan_filter]: scan stats: n=404, zeros=86, nan=0, inf=0, finite_raw=318, finite_out=237, removed_isolated=4
[INFO] [1783154962.402840553] [simple_scan_filter]: scan stats: n=404, zeros=94, nan=0, inf=0, finite_raw=310, finite_out=236, removed_isolated=0
[INFO] [1783154967.462422493] [simple_scan_filter]: scan stats: n=404, zeros=93, nan=0, inf=0, finite_raw=311, finite_out=233, removed_isolated=1
[INFO] [1783154972.454504966] [simple_scan_filter]: scan stats: n=404, zeros=87, nan=0, inf=0, finite_raw=317, finite_out=239, removed_isolated=0
[INFO] [1783154977.255443383] [simple_scan_filter]: scan stats: n=404, zeros=89, nan=0, inf=0, finite_raw=315, finite_out=234, removed_isolated=1
[INFO] [1783154982.257048073] [simple_scan_filter]: scan stats: n=404, zeros=90, nan=0, inf=0, finite_raw=314, finite_out=237, removed_isolated=1
[INFO] [1783154987.271232996] [simple_scan_filter]: scan stats: n=404, zeros=93, nan=0, inf=0, finite_raw=311, finite_out=233, removed_isolated=1
[INFO] [1783154992.294024104] [simple_scan_filter]: scan stats: n=404, zeros=92, nan=0, inf=0, finite_raw=312, finite_out=234, removed_isolated=1
[INFO] [1783154997.346076896] [simple_scan_filter]: scan stats: n=404, zeros=92, nan=0, inf=0, finite_raw=312, finite_out=242, removed_isolated=3
[INFO] [1783155002.355002656] [simple_scan_filter]: scan stats: n=404, zeros=98, nan=0, inf=0, finite_raw=306, finite_out=243, removed_isolated=5
[INFO] [1783155007.349309504] [simple_scan_filter]: scan stats: n=404, zeros=87, nan=0, inf=0, finite_raw=317, finite_out=261, removed_isolated=8
[INFO] [1783155012.358745308] [simple_scan_filter]: scan stats: n=404, zeros=113, nan=0, inf=0, finite_raw=291, finite_out=219, removed_isolated=9
[INFO] [1783155017.200505428] [simple_scan_filter]: scan stats: n=404, zeros=137, nan=0, inf=0, finite_raw=267, finite_out=199, removed_isolated=7
[INFO] [1783155022.369422015] [simple_scan_filter]: scan stats: n=404, zeros=128, nan=0, inf=0, finite_raw=276, finite_out=190, removed_isolated=6
[INFO] [1783155027.281583809] [simple_scan_filter]: scan stats: n=404, zeros=86, nan=0, inf=0, finite_raw=318, finite_out=254, removed_isolated=0
[INFO] [1783155032.506189215] [simple_scan_filter]: scan stats: n=404, zeros=51, nan=0, inf=0, finite_raw=353, finite_out=332, removed_isolated=1
[INFO] [1783155037.356439644] [simple_scan_filter]: scan stats: n=404, zeros=39, nan=0, inf=0, finite_raw=365, finite_out=355, removed_isolated=0
[INFO] [1783155042.332828417] [simple_scan_filter]: scan stats: n=404, zeros=39, nan=0, inf=0, finite_raw=365, finite_out=356, removed_isolated=1
[INFO] [1783155047.277181631] [simple_scan_filter]: scan stats: n=404, zeros=39, nan=0, inf=0, finite_raw=365, finite_out=353, removed_isolated=0
[INFO] [1783155052.492948821] [simple_scan_filter]: scan stats: n=404, zeros=40, nan=0, inf=0, finite_raw=364, finite_out=354, removed_isolated=0
[INFO] [1783155057.336523542] [simple_scan_filter]: scan stats: n=404, zeros=42, nan=0, inf=0, finite_raw=362, finite_out=353, removed_isolated=0
[INFO] [1783155062.276129860] [simple_scan_filter]: scan stats: n=404, zeros=43, nan=0, inf=0, finite_raw=361, finite_out=347, removed_isolated=0
[INFO] [1783155067.245759778] [simple_scan_filter]: scan stats: n=404, zeros=39, nan=0, inf=0, finite_raw=365, finite_out=351, removed_isolated=1
[INFO] [1783155072.466268768] [simple_scan_filter]: scan stats: n=404, zeros=33, nan=0, inf=0, finite_raw=371, finite_out=367, removed_isolated=1
[INFO] [1783155077.445795618] [simple_scan_filter]: scan stats: n=404, zeros=47, nan=0, inf=0, finite_raw=357, finite_out=336, removed_isolated=2
[INFO] [1783155082.400227210] [simple_scan_filter]: scan stats: n=404, zeros=100, nan=0, inf=0, finite_raw=304, finite_out=235, removed_isolated=5
[INFO] [1783155087.309794147] [simple_scan_filter]: scan stats: n=404, zeros=109, nan=0, inf=0, finite_raw=295, finite_out=229, removed_isolated=5
[INFO] [1783155092.260180364] [simple_scan_filter]: scan stats: n=404, zeros=108, nan=0, inf=0, finite_raw=296, finite_out=227, removed_isolated=6
[INFO] [1783155097.250546567] [simple_scan_filter]: scan stats: n=404, zeros=96, nan=0, inf=0, finite_raw=308, finite_out=231, removed_isolated=5
[INFO] [1783155102.466238223] [simple_scan_filter]: scan stats: n=404, zeros=94, nan=0, inf=0, finite_raw=310, finite_out=231, removed_isolated=6
[INFO] [1783155107.340480210] [simple_scan_filter]: scan stats: n=404, zeros=98, nan=0, inf=0, finite_raw=306, finite_out=232, removed_isolated=4
[INFO] [1783155112.224222190] [simple_scan_filter]: scan stats: n=404, zeros=97, nan=0, inf=0, finite_raw=307, finite_out=230, removed_isolated=6
[INFO] [1783155117.394743692] [simple_scan_filter]: scan stats: n=404, zeros=99, nan=0, inf=0, finite_raw=305, finite_out=228, removed_isolated=8
[INFO] [1783155122.330404778] [simple_scan_filter]: scan stats: n=404, zeros=100, nan=0, inf=0, finite_raw=304, finite_out=234, removed_isolated=6
[INFO] [1783155127.239275440] [simple_scan_filter]: scan stats: n=404, zeros=100, nan=0, inf=0, finite_raw=304, finite_out=230, removed_isolated=5
[INFO] [1783155132.181737871] [simple_scan_filter]: scan stats: n=404, zeros=98, nan=0, inf=0, finite_raw=306, finite_out=234, removed_isolated=5
[INFO] [1783155137.325794140] [simple_scan_filter]: scan stats: n=404, zeros=99, nan=0, inf=0, finite_raw=305, finite_out=229, removed_isolated=5
[INFO] [1783155142.415730202] [simple_scan_filter]: scan stats: n=404, zeros=96, nan=0, inf=0, finite_raw=308, finite_out=230, removed_isolated=6
[INFO] [1783155147.313853443] [simple_scan_filter]: scan stats: n=404, zeros=100, nan=0, inf=0, finite_raw=304, finite_out=226, removed_isolated=8
[INFO] [1783155152.257765301] [simple_scan_filter]: scan stats: n=404, zeros=95, nan=0, inf=0, finite_raw=309, finite_out=232, removed_isolated=6
[INFO] [1783155157.417783218] [simple_scan_filter]: scan stats: n=404, zeros=100, nan=0, inf=0, finite_raw=304, finite_out=230, removed_isolated=6
[INFO] [1783155162.328549293] [simple_scan_filter]: scan stats: n=404, zeros=101, nan=0, inf=0, finite_raw=303, finite_out=228, removed_isolated=8
[INFO] [1783155167.482242830] [simple_scan_filter]: scan stats: n=404, zeros=100, nan=0, inf=0, finite_raw=304, finite_out=230, removed_isolated=6
[INFO] [1783155172.384187650] [simple_scan_filter]: scan stats: n=404, zeros=94, nan=0, inf=0, finite_raw=310, finite_out=233, removed_isolated=6
[INFO] [1783155177.330439959] [simple_scan_filter]: scan stats: n=404, zeros=101, nan=0, inf=0, finite_raw=303, finite_out=226, removed_isolated=9
[INFO] [1783155182.447209647] [simple_scan_filter]: scan stats: n=404, zeros=95, nan=0, inf=0, finite_raw=309, finite_out=230, removed_isolated=5
[INFO] [1783155187.443148390] [simple_scan_filter]: scan stats: n=404, zeros=99, nan=0, inf=0, finite_raw=305, finite_out=234, removed_isolated=2
[INFO] [1783155192.400324489] [simple_scan_filter]: scan stats: n=404, zeros=102, nan=0, inf=0, finite_raw=302, finite_out=230, removed_isolated=5
[INFO] [1783155197.492011300] [simple_scan_filter]: scan stats: n=404, zeros=82, nan=0, inf=0, finite_raw=322, finite_out=246, removed_isolated=8
[INFO] [1783155202.354935842] [simple_scan_filter]: scan stats: n=404, zeros=128, nan=0, inf=0, finite_raw=276, finite_out=202, removed_isolated=10
[INFO] [1783155207.220833369] [simple_scan_filter]: scan stats: n=404, zeros=138, nan=0, inf=0, finite_raw=266, finite_out=187, removed_isolated=6
[INFO] [1783155212.435374966] [simple_scan_filter]: scan stats: n=404, zeros=142, nan=0, inf=0, finite_raw=262, finite_out=181, removed_isolated=2
[INFO] [1783155217.256399283] [simple_scan_filter]: scan stats: n=404, zeros=99, nan=0, inf=0, finite_raw=305, finite_out=215, removed_isolated=5
[INFO] [1783155222.240691925] [simple_scan_filter]: scan stats: n=404, zeros=52, nan=0, inf=0, finite_raw=352, finite_out=331, removed_isolated=1
[INFO] [1783155227.454342588] [simple_scan_filter]: scan stats: n=404, zeros=38, nan=0, inf=0, finite_raw=366, finite_out=298, removed_isolated=2
[INFO] [1783155232.267556218] [simple_scan_filter]: scan stats: n=404, zeros=50, nan=0, inf=0, finite_raw=354, finite_out=339, removed_isolated=0
[INFO] [1783155237.405139510] [simple_scan_filter]: scan stats: n=404, zeros=65, nan=0, inf=0, finite_raw=339, finite_out=328, removed_isolated=2
[INFO] [1783155242.290547515] [simple_scan_filter]: scan stats: n=404, zeros=62, nan=0, inf=0, finite_raw=342, finite_out=329, removed_isolated=3
[INFO] [1783155247.504899851] [simple_scan_filter]: scan stats: n=404, zeros=63, nan=0, inf=0, finite_raw=341, finite_out=325, removed_isolated=3
[INFO] [1783155252.402688457] [simple_scan_filter]: scan stats: n=404, zeros=67, nan=0, inf=0, finite_raw=337, finite_out=325, removed_isolated=2
[INFO] [1783155257.208074615] [simple_scan_filter]: scan stats: n=404, zeros=65, nan=0, inf=0, finite_raw=339, finite_out=326, removed_isolated=2
[INFO] [1783155262.375149261] [simple_scan_filter]: scan stats: n=404, zeros=70, nan=0, inf=0, finite_raw=334, finite_out=323, removed_isolated=1
[INFO] [1783155267.252529792] [simple_scan_filter]: scan stats: n=404, zeros=60, nan=0, inf=0, finite_raw=344, finite_out=330, removed_isolated=2
[INFO] [1783155272.428822618] [simple_scan_filter]: scan stats: n=404, zeros=69, nan=0, inf=0, finite_raw=335, finite_out=324, removed_isolated=2
[INFO] [1783155277.411941889] [simple_scan_filter]: scan stats: n=404, zeros=67, nan=0, inf=0, finite_raw=337, finite_out=326, removed_isolated=2
[INFO] [1783155282.201851360] [simple_scan_filter]: scan stats: n=404, zeros=60, nan=0, inf=0, finite_raw=344, finite_out=327, removed_isolated=4
[INFO] [1783155287.226857264] [simple_scan_filter]: scan stats: n=404, zeros=59, nan=0, inf=0, finite_raw=345, finite_out=331, removed_isolated=4
[INFO] [1783155292.291164524] [simple_scan_filter]: scan stats: n=404, zeros=86, nan=0, inf=0, finite_raw=318, finite_out=306, removed_isolated=2
[INFO] [1783155297.270947636] [simple_scan_filter]: scan stats: n=404, zeros=57, nan=0, inf=0, finite_raw=347, finite_out=328, removed_isolated=1
[INFO] [1783155302.219092907] [simple_scan_filter]: scan stats: n=404, zeros=59, nan=0, inf=0, finite_raw=345, finite_out=293, removed_isolated=1
[INFO] [1783155307.306890010] [simple_scan_filter]: scan stats: n=404, zeros=102, nan=0, inf=0, finite_raw=302, finite_out=256, removed_isolated=4
[INFO] [1783155312.345602087] [simple_scan_filter]: scan stats: n=404, zeros=37, nan=0, inf=0, finite_raw=367, finite_out=315, removed_isolated=1
[INFO] [1783155317.463083057] [simple_scan_filter]: scan stats: n=404, zeros=44, nan=0, inf=0, finite_raw=360, finite_out=305, removed_isolated=1
[INFO] [1783155322.437296282] [simple_scan_filter]: scan stats: n=404, zeros=38, nan=0, inf=0, finite_raw=366, finite_out=293, removed_isolated=0
[INFO] [1783155327.296955498] [simple_scan_filter]: scan stats: n=404, zeros=40, nan=0, inf=0, finite_raw=364, finite_out=352, removed_isolated=0
[INFO] [1783155332.318811360] [simple_scan_filter]: scan stats: n=404, zeros=51, nan=0, inf=0, finite_raw=353, finite_out=329, removed_isolated=0
[INFO] [1783155337.293170906] [simple_scan_filter]: scan stats: n=404, zeros=87, nan=0, inf=0, finite_raw=317, finite_out=243, removed_isolated=4
[INFO] [1783155342.405071945] [simple_scan_filter]: scan stats: n=404, zeros=123, nan=0, inf=0, finite_raw=281, finite_out=227, removed_isolated=4
[INFO] [1783155347.259176461] [simple_scan_filter]: scan stats: n=404, zeros=127, nan=0, inf=0, finite_raw=277, finite_out=223, removed_isolated=6
[INFO] [1783155352.426010435] [simple_scan_filter]: scan stats: n=404, zeros=125, nan=0, inf=0, finite_raw=279, finite_out=228, removed_isolated=5
[INFO] [1783155357.349245567] [simple_scan_filter]: scan stats: n=404, zeros=124, nan=0, inf=0, finite_raw=280, finite_out=222, removed_isolated=5
[INFO] [1783155362.155833984] [simple_scan_filter]: scan stats: n=404, zeros=133, nan=0, inf=0, finite_raw=271, finite_out=218, removed_isolated=6
[INFO] [1783155367.334485289] [simple_scan_filter]: scan stats: n=404, zeros=128, nan=0, inf=0, finite_raw=276, finite_out=218, removed_isolated=7
[INFO] [1783155372.145838801] [simple_scan_filter]: scan stats: n=404, zeros=116, nan=0, inf=0, finite_raw=288, finite_out=226, removed_isolated=7
[INFO] [1783155377.265374387] [simple_scan_filter]: scan stats: n=404, zeros=125, nan=0, inf=0, finite_raw=279, finite_out=218, removed_isolated=10
[INFO] [1783155382.312235258] [simple_scan_filter]: scan stats: n=404, zeros=127, nan=0, inf=0, finite_raw=277, finite_out=223, removed_isolated=5
[INFO] [1783155387.419695837] [simple_scan_filter]: scan stats: n=404, zeros=133, nan=0, inf=0, finite_raw=271, finite_out=213, removed_isolated=8
[INFO] [1783155392.374813626] [simple_scan_filter]: scan stats: n=404, zeros=126, nan=0, inf=0, finite_raw=278, finite_out=218, removed_isolated=5
[INFO] [1783155397.394440418] [simple_scan_filter]: scan stats: n=404, zeros=129, nan=0, inf=0, finite_raw=275, finite_out=221, removed_isolated=4
[INFO] [1783155402.402887722] [simple_scan_filter]: scan stats: n=404, zeros=129, nan=0, inf=0, finite_raw=275, finite_out=212, removed_isolated=9
[INFO] [1783155407.251804900] [simple_scan_filter]: scan stats: n=404, zeros=129, nan=0, inf=0, finite_raw=275, finite_out=219, removed_isolated=4
[INFO] [1783155412.414177189] [simple_scan_filter]: scan stats: n=404, zeros=123, nan=0, inf=0, finite_raw=281, finite_out=226, removed_isolated=5
[INFO] [1783155417.284050144] [simple_scan_filter]: scan stats: n=404, zeros=117, nan=0, inf=0, finite_raw=287, finite_out=217, removed_isolated=10
[INFO] [1783155422.418224954] [simple_scan_filter]: scan stats: n=404, zeros=124, nan=0, inf=0, finite_raw=280, finite_out=219, removed_isolated=8
[INFO] [1783155427.413335199] [simple_scan_filter]: scan stats: n=404, zeros=124, nan=0, inf=0, finite_raw=280, finite_out=218, removed_isolated=5
[INFO] [1783155432.420375854] [simple_scan_filter]: scan stats: n=404, zeros=120, nan=0, inf=0, finite_raw=284, finite_out=218, removed_isolated=7
[INFO] [1783155437.364061849] [simple_scan_filter]: scan stats: n=404, zeros=116, nan=0, inf=0, finite_raw=288, finite_out=230, removed_isolated=4
[INFO] [1783155442.165053446] [simple_scan_filter]: scan stats: n=404, zeros=116, nan=0, inf=0, finite_raw=288, finite_out=216, removed_isolated=8
[INFO] [1783155447.369815106] [simple_scan_filter]: scan stats: n=404, zeros=122, nan=0, inf=0, finite_raw=282, finite_out=224, removed_isolated=5
[INFO] [1783155452.229285556] [simple_scan_filter]: scan stats: n=404, zeros=113, nan=0, inf=0, finite_raw=291, finite_out=233, removed_isolated=6
[INFO] [1783155457.446334148] [simple_scan_filter]: scan stats: n=404, zeros=120, nan=0, inf=0, finite_raw=284, finite_out=195, removed_isolated=8
[INFO] [1783155462.289938758] [simple_scan_filter]: scan stats: n=404, zeros=104, nan=0, inf=0, finite_raw=300, finite_out=217, removed_isolated=4
[INFO] [1783155467.450711345] [simple_scan_filter]: scan stats: n=404, zeros=101, nan=0, inf=0, finite_raw=303, finite_out=216, removed_isolated=6
[INFO] [1783155472.451255854] [simple_scan_filter]: scan stats: n=404, zeros=103, nan=0, inf=0, finite_raw=301, finite_out=209, removed_isolated=7
[INFO] [1783155477.261588425] [simple_scan_filter]: scan stats: n=404, zeros=104, nan=0, inf=0, finite_raw=300, finite_out=213, removed_isolated=7
[INFO] [1783155482.450563192] [simple_scan_filter]: scan stats: n=404, zeros=100, nan=0, inf=0, finite_raw=304, finite_out=213, removed_isolated=8
[INFO] [1783155487.291012922] [simple_scan_filter]: scan stats: n=404, zeros=98, nan=0, inf=0, finite_raw=306, finite_out=208, removed_isolated=8
[INFO] [1783155492.145028815] [simple_scan_filter]: scan stats: n=404, zeros=98, nan=0, inf=0, finite_raw=306, finite_out=211, removed_isolated=8
[INFO] [1783155497.249233204] [simple_scan_filter]: scan stats: n=404, zeros=96, nan=0, inf=0, finite_raw=308, finite_out=212, removed_isolated=7
[INFO] [1783155502.309498786] [simple_scan_filter]: scan stats: n=404, zeros=99, nan=0, inf=0, finite_raw=305, finite_out=212, removed_isolated=7
[INFO] [1783155507.244575991] [simple_scan_filter]: scan stats: n=404, zeros=112, nan=0, inf=0, finite_raw=292, finite_out=209, removed_isolated=3
[INFO] [1783155512.392208906] [simple_scan_filter]: scan stats: n=404, zeros=107, nan=0, inf=0, finite_raw=297, finite_out=212, removed_isolated=5
[INFO] [1783155517.396259095] [simple_scan_filter]: scan stats: n=404, zeros=100, nan=0, inf=0, finite_raw=304, finite_out=214, removed_isolated=6
[INFO] [1783155522.180685451] [simple_scan_filter]: scan stats: n=404, zeros=96, nan=0, inf=0, finite_raw=308, finite_out=215, removed_isolated=6
[INFO] [1783155527.335051277] [simple_scan_filter]: scan stats: n=404, zeros=99, nan=0, inf=0, finite_raw=305, finite_out=209, removed_isolated=8
[INFO] [1783155532.200374754] [simple_scan_filter]: scan stats: n=404, zeros=98, nan=0, inf=0, finite_raw=306, finite_out=210, removed_isolated=7
[INFO] [1783155537.387270572] [simple_scan_filter]: scan stats: n=404, zeros=104, nan=0, inf=0, finite_raw=300, finite_out=214, removed_isolated=4
[INFO] [1783155542.377215204] [simple_scan_filter]: scan stats: n=404, zeros=98, nan=0, inf=0, finite_raw=306, finite_out=212, removed_isolated=7
[INFO] [1783155547.382599749] [simple_scan_filter]: scan stats: n=404, zeros=97, nan=0, inf=0, finite_raw=307, finite_out=214, removed_isolated=7
[INFO] [1783155552.105578371] [simple_scan_filter]: scan stats: n=404, zeros=102, nan=0, inf=0, finite_raw=302, finite_out=209, removed_isolated=8
[INFO] [1783155557.301693460] [simple_scan_filter]: scan stats: n=404, zeros=96, nan=0, inf=0, finite_raw=308, finite_out=214, removed_isolated=6
[INFO] [1783155562.215722085] [simple_scan_filter]: scan stats: n=404, zeros=98, nan=0, inf=0, finite_raw=306, finite_out=213, removed_isolated=7
[INFO] [1783155567.235896783] [simple_scan_filter]: scan stats: n=404, zeros=97, nan=0, inf=0, finite_raw=307, finite_out=217, removed_isolated=7
[INFO] [1783155572.236512447] [simple_scan_filter]: scan stats: n=404, zeros=99, nan=0, inf=0, finite_raw=305, finite_out=209, removed_isolated=9
[INFO] [1783155577.252750107] [simple_scan_filter]: scan stats: n=404, zeros=102, nan=0, inf=0, finite_raw=302, finite_out=217, removed_isolated=5
[INFO] [1783155582.246590231] [simple_scan_filter]: scan stats: n=404, zeros=106, nan=0, inf=0, finite_raw=298, finite_out=214, removed_isolated=5
[INFO] [1783155587.238743337] [simple_scan_filter]: scan stats: n=404, zeros=100, nan=0, inf=0, finite_raw=304, finite_out=213, removed_isolated=7
[INFO] [1783155592.263499286] [simple_scan_filter]: scan stats: n=404, zeros=94, nan=0, inf=0, finite_raw=310, finite_out=214, removed_isolated=8
[INFO] [1783155597.268863202] [simple_scan_filter]: scan stats: n=404, zeros=97, nan=0, inf=0, finite_raw=307, finite_out=211, removed_isolated=5
[INFO] [1783155602.279244397] [simple_scan_filter]: scan stats: n=404, zeros=97, nan=0, inf=0, finite_raw=307, finite_out=213, removed_isolated=7
[INFO] [1783155607.297527414] [simple_scan_filter]: scan stats: n=404, zeros=102, nan=0, inf=0, finite_raw=302, finite_out=214, removed_isolated=5
[INFO] [1783155612.291015895] [simple_scan_filter]: scan stats: n=404, zeros=95, nan=0, inf=0, finite_raw=309, finite_out=217, removed_isolated=7
[INFO] [1783155617.286653944] [simple_scan_filter]: scan stats: n=404, zeros=106, nan=0, inf=0, finite_raw=298, finite_out=209, removed_isolated=5
[INFO] [1783155622.319353422] [simple_scan_filter]: scan stats: n=404, zeros=106, nan=0, inf=0, finite_raw=298, finite_out=216, removed_isolated=4
[INFO] [1783155627.318613273] [simple_scan_filter]: scan stats: n=404, zeros=102, nan=0, inf=0, finite_raw=302, finite_out=215, removed_isolated=6
[INFO] [1783155632.317725066] [simple_scan_filter]: scan stats: n=404, zeros=102, nan=0, inf=0, finite_raw=302, finite_out=214, removed_isolated=6
[INFO] [1783155637.332183354] [simple_scan_filter]: scan stats: n=404, zeros=102, nan=0, inf=0, finite_raw=302, finite_out=211, removed_isolated=6
[INFO] [1783155642.397716749] [simple_scan_filter]: scan stats: n=404, zeros=103, nan=0, inf=0, finite_raw=301, finite_out=208, removed_isolated=8
[INFO] [1783155647.352781498] [simple_scan_filter]: scan stats: n=404, zeros=98, nan=0, inf=0, finite_raw=306, finite_out=208, removed_isolated=8
Traceback (most recent call last):
  File "/root/rdk_x5_vln_robot/ros2_bridge/simple_scan_filter.py", line 197, in <module>
    main()
  File "/root/rdk_x5_vln_robot/ros2_bridge/simple_scan_filter.py", line 191, in main
    rclpy.spin(node)
  File "/opt/ros/humble/local/lib/python3.10/dist-packages/rclpy/__init__.py", line 229, in spin
    executor.spin_once()
  File "/opt/ros/humble/local/lib/python3.10/dist-packages/rclpy/executors.py", line 751, in spin_once
    self._spin_once_impl(timeout_sec)
  File "/opt/ros/humble/local/lib/python3.10/dist-packages/rclpy/executors.py", line 748, in _spin_once_impl
    raise handler.exception()
  File "/opt/ros/humble/local/lib/python3.10/dist-packages/rclpy/task.py", line 254, in __call__
    self._handler.send(None)
  File "/opt/ros/humble/local/lib/python3.10/dist-packages/rclpy/executors.py", line 447, in handler
    await call_coroutine(entity, arg)
  File "/opt/ros/humble/local/lib/python3.10/dist-packages/rclpy/executors.py", line 372, in _execute_subscription
    await await_or_execute(sub.callback, msg)
  File "/opt/ros/humble/local/lib/python3.10/dist-packages/rclpy/executors.py", line 107, in await_or_execute
    return callback(*args)
  File "/root/rdk_x5_vln_robot/ros2_bridge/simple_scan_filter.py", line 143, in cb
    self.pub.publish(out)
  File "/opt/ros/humble/local/lib/python3.10/dist-packages/rclpy/publisher.py", line 70, in publish
    self.__publisher.publish(msg)
rclpy._rclpy_pybind11.RCLError: Failed to publish: publisher's context is invalid, at ./src/rcl/publisher.c:389
