[INFO] [1783058796.529771014] [foxglove_click_goal_bridge]: Foxglove click goal bridge started.
[INFO] [1783058796.535077805] [foxglove_click_goal_bridge]: Listening point click topic:
[INFO] [1783058796.539882221] [foxglove_click_goal_bridge]:   /foxglove_goal_point
[INFO] [1783058796.545261095] [foxglove_click_goal_bridge]:   geometry_msgs/msg/PointStamped
[INFO] [1783058796.553937051] [foxglove_click_goal_bridge]: Listening pose click topic:
[INFO] [1783058796.557608176] [foxglove_click_goal_bridge]:   /foxglove_goal_pose
[INFO] [1783058796.561134633] [foxglove_click_goal_bridge]:   geometry_msgs/msg/PoseStamped
[INFO] [1783058796.576905255] [foxglove_click_goal_bridge]: Recommended Foxglove tool:
[INFO] [1783058796.582755420] [foxglove_click_goal_bridge]:   Publish -> 2D point -> /foxglove_goal_point
[INFO] [1783058796.595742668] [foxglove_click_goal_bridge]: Visual path topic: /foxglove_click_planned_path
[INFO] [1783058796.606421707] [foxglove_click_goal_bridge]: Visual goal marker: /foxglove_click_goal_marker
[INFO] [1783058798.247702294] [foxglove_click_goal_bridge]: >>> CLICK READY: Foxglove 可以单击地图白色区域发送导航目标。 Topic=/foxglove_goal_point, frame=map。 若 scan 与地图错位，请先用 /initialpose 校正。导航进行中会忽略新点击。
[INFO] [1783058820.495420757] [foxglove_click_goal_bridge]: Received Foxglove clicked point: frame_id=map, x=2.624, y=1.025, goal_yaw=-0.880
[INFO] [1783058820.499662381] [foxglove_click_goal_bridge]: Goal map cell OK: (2.624, 1.025) -> free(val=0)
[INFO] [1783058820.512872545] [foxglove_click_goal_bridge]: [1] Accepted goal: frame=map, x=2.624, y=1.025
[INFO] [1783058820.546812038] [foxglove_click_goal_bridge]: [1] NavigateToPose goal accepted. Robot should start planning/following.
[INFO] [1783058820.588990905] [foxglove_click_goal_bridge]: [1] navigating: distance_remaining=0.000 m, recoveries=0
[INFO] [1783058820.728307626] [foxglove_click_goal_bridge]: [1] Planned path published: 154 poses -> /foxglove_click_planned_path
[INFO] [1783058822.591180999] [foxglove_click_goal_bridge]: [1] navigating: distance_remaining=3.894 m, recoveries=0
[INFO] [1783058824.592592259] [foxglove_click_goal_bridge]: [1] navigating: distance_remaining=3.894 m, recoveries=0
[INFO] [1783058826.599152393] [foxglove_click_goal_bridge]: [1] navigating: distance_remaining=3.894 m, recoveries=0
[INFO] [1783058828.602525111] [foxglove_click_goal_bridge]: [1] navigating: distance_remaining=3.894 m, recoveries=0
[INFO] [1783058830.607858745] [foxglove_click_goal_bridge]: [1] navigating: distance_remaining=3.894 m, recoveries=0
[INFO] [1783058832.613999712] [foxglove_click_goal_bridge]: [1] navigating: distance_remaining=3.894 m, recoveries=0
[INFO] [1783058834.619381679] [foxglove_click_goal_bridge]: [1] navigating: distance_remaining=3.894 m, recoveries=0
[INFO] [1783058836.644658767] [foxglove_click_goal_bridge]: [1] navigating: distance_remaining=3.894 m, recoveries=0
[INFO] [1783058838.658561440] [foxglove_click_goal_bridge]: [1] navigating: distance_remaining=3.894 m, recoveries=0
[INFO] [1783058840.654541200] [foxglove_click_goal_bridge]: [1] navigating: distance_remaining=3.894 m, recoveries=0
[INFO] [1783058842.656947208] [foxglove_click_goal_bridge]: [1] navigating: distance_remaining=3.894 m, recoveries=0
[INFO] [1783058844.662452507] [foxglove_click_goal_bridge]: [1] navigating: distance_remaining=3.894 m, recoveries=0
[INFO] [1783058846.681192095] [foxglove_click_goal_bridge]: [1] navigating: distance_remaining=3.894 m, recoveries=0
[INFO] [1783058848.683337144] [foxglove_click_goal_bridge]: [1] navigating: distance_remaining=3.894 m, recoveries=0
[INFO] [1783058850.685371360] [foxglove_click_goal_bridge]: [1] navigating: distance_remaining=3.894 m, recoveries=1
[INFO] [1783058852.697680781] [foxglove_click_goal_bridge]: [1] navigating: distance_remaining=3.894 m, recoveries=1
[INFO] [1783058854.703430996] [foxglove_click_goal_bridge]: [1] navigating: distance_remaining=3.894 m, recoveries=1
[INFO] [1783058856.703879586] [foxglove_click_goal_bridge]: [1] navigating: distance_remaining=3.894 m, recoveries=1
[INFO] [1783058858.705896301] [foxglove_click_goal_bridge]: [1] navigating: distance_remaining=3.894 m, recoveries=1
[INFO] [1783058860.714138722] [foxglove_click_goal_bridge]: [1] navigating: distance_remaining=3.894 m, recoveries=1
[INFO] [1783058862.718989103] [foxglove_click_goal_bridge]: [1] navigating: distance_remaining=3.894 m, recoveries=1
[INFO] [1783058864.730154273] [foxglove_click_goal_bridge]: [1] navigating: distance_remaining=3.894 m, recoveries=1
[INFO] [1783058866.733617278] [foxglove_click_goal_bridge]: [1] navigating: distance_remaining=3.894 m, recoveries=1
[INFO] [1783058868.742905574] [foxglove_click_goal_bridge]: [1] navigating: distance_remaining=3.894 m, recoveries=1
[INFO] [1783058870.739233372] [foxglove_click_goal_bridge]: [1] navigating: distance_remaining=3.894 m, recoveries=1
[INFO] [1783058872.766400705] [foxglove_click_goal_bridge]: [1] navigating: distance_remaining=3.894 m, recoveries=1
[INFO] [1783058874.766282168] [foxglove_click_goal_bridge]: [1] navigating: distance_remaining=3.894 m, recoveries=1
[INFO] [1783058876.772233505] [foxglove_click_goal_bridge]: [1] navigating: distance_remaining=3.894 m, recoveries=1
[INFO] [1783058878.784162215] [foxglove_click_goal_bridge]: [1] navigating: distance_remaining=3.894 m, recoveries=1
[INFO] [1783058880.793724676] [foxglove_click_goal_bridge]: [1] navigating: distance_remaining=3.894 m, recoveries=2
[INFO] [1783058882.795544305] [foxglove_click_goal_bridge]: [1] navigating: distance_remaining=3.894 m, recoveries=2
[INFO] [1783058884.795842183] [foxglove_click_goal_bridge]: [1] navigating: distance_remaining=3.925 m, recoveries=2
[INFO] [1783058886.800642519] [foxglove_click_goal_bridge]: [1] navigating: distance_remaining=3.894 m, recoveries=2
[INFO] [1783058888.806972230] [foxglove_click_goal_bridge]: [1] navigating: distance_remaining=3.894 m, recoveries=2
[INFO] [1783058890.805002567] [foxglove_click_goal_bridge]: [1] navigating: distance_remaining=3.894 m, recoveries=2
[INFO] [1783058892.822912816] [foxglove_click_goal_bridge]: [1] navigating: distance_remaining=3.894 m, recoveries=2
[INFO] [1783058894.821145902] [foxglove_click_goal_bridge]: [1] navigating: distance_remaining=3.894 m, recoveries=2
[INFO] [1783058896.851333482] [foxglove_click_goal_bridge]: [1] navigating: distance_remaining=3.925 m, recoveries=2
[INFO] [1783058898.940575132] [foxglove_click_goal_bridge]: [1] navigating: distance_remaining=3.894 m, recoveries=2
[INFO] [1783058900.942237342] [foxglove_click_goal_bridge]: [1] navigating: distance_remaining=3.894 m, recoveries=2
[INFO] [1783058903.030207409] [foxglove_click_goal_bridge]: [1] navigating: distance_remaining=3.894 m, recoveries=2
[INFO] [1783058905.026727370] [foxglove_click_goal_bridge]: [1] navigating: distance_remaining=3.894 m, recoveries=2
[INFO] [1783058907.044390868] [foxglove_click_goal_bridge]: [1] navigating: distance_remaining=3.894 m, recoveries=2
[INFO] [1783058909.039656120] [foxglove_click_goal_bridge]: [1] navigating: distance_remaining=3.894 m, recoveries=2
[INFO] [1783058911.054331909] [foxglove_click_goal_bridge]: [1] navigating: distance_remaining=3.894 m, recoveries=2
[INFO] [1783058913.058546076] [foxglove_click_goal_bridge]: [1] navigating: distance_remaining=3.894 m, recoveries=2
[INFO] [1783058915.061213492] [foxglove_click_goal_bridge]: [1] navigating: distance_remaining=3.894 m, recoveries=2
[INFO] [1783058917.066121450] [foxglove_click_goal_bridge]: [1] navigating: distance_remaining=3.894 m, recoveries=2
[INFO] [1783058919.073969407] [foxglove_click_goal_bridge]: [1] navigating: distance_remaining=3.894 m, recoveries=2
[INFO] [1783058921.075515698] [foxglove_click_goal_bridge]: [1] navigating: distance_remaining=3.894 m, recoveries=2
[INFO] [1783058923.076644114] [foxglove_click_goal_bridge]: [1] navigating: distance_remaining=3.894 m, recoveries=2
[INFO] [1783058925.093600235] [foxglove_click_goal_bridge]: [1] navigating: distance_remaining=3.894 m, recoveries=2
[INFO] [1783058927.086989110] [foxglove_click_goal_bridge]: [1] navigating: distance_remaining=3.894 m, recoveries=2
[INFO] [1783058929.110396604] [foxglove_click_goal_bridge]: [1] navigating: distance_remaining=3.925 m, recoveries=2
[INFO] [1783058931.125339933] [foxglove_click_goal_bridge]: [1] navigating: distance_remaining=3.894 m, recoveries=2
[INFO] [1783058933.119645849] [foxglove_click_goal_bridge]: [1] navigating: distance_remaining=3.894 m, recoveries=2
[INFO] [1783058935.134442011] [foxglove_click_goal_bridge]: [1] navigating: distance_remaining=3.894 m, recoveries=2
[INFO] [1783058937.153362005] [foxglove_click_goal_bridge]: [1] navigating: distance_remaining=3.894 m, recoveries=2
[INFO] [1783058939.157786711] [foxglove_click_goal_bridge]: [1] navigating: distance_remaining=3.894 m, recoveries=2
[INFO] [1783058941.156759083] [foxglove_click_goal_bridge]: [1] navigating: distance_remaining=3.925 m, recoveries=4
[INFO] [1783058943.166161871] [foxglove_click_goal_bridge]: [1] navigating: distance_remaining=3.894 m, recoveries=4
[INFO] [1783058945.170342575] [foxglove_click_goal_bridge]: [1] navigating: distance_remaining=3.894 m, recoveries=4
[INFO] [1783058947.168068489] [foxglove_click_goal_bridge]: [1] navigating: distance_remaining=3.894 m, recoveries=4
[INFO] [1783058949.190705898] [foxglove_click_goal_bridge]: [1] navigating: distance_remaining=3.894 m, recoveries=4
[INFO] [1783058951.293652331] [foxglove_click_goal_bridge]: [1] navigating: distance_remaining=3.894 m, recoveries=4
[INFO] [1783058953.282842288] [foxglove_click_goal_bridge]: [1] navigating: distance_remaining=3.894 m, recoveries=6
[INFO] [1783058955.304457155] [foxglove_click_goal_bridge]: [1] navigating: distance_remaining=3.894 m, recoveries=6
[INFO] [1783058957.299493527] [foxglove_click_goal_bridge]: [1] navigating: distance_remaining=3.894 m, recoveries=7
[INFO] [1783058959.309459521] [foxglove_click_goal_bridge]: [1] navigating: distance_remaining=3.894 m, recoveries=7
[INFO] [1783058961.309853308] [foxglove_click_goal_bridge]: [1] navigating: distance_remaining=3.971 m, recoveries=7
[INFO] [1783058963.313091511] [foxglove_click_goal_bridge]: [1] navigating: distance_remaining=3.921 m, recoveries=7
[INFO] [1783058965.324225628] [foxglove_click_goal_bridge]: [1] navigating: distance_remaining=3.946 m, recoveries=7
[INFO] [1783058967.330411872] [foxglove_click_goal_bridge]: [1] navigating: distance_remaining=3.923 m, recoveries=7
[INFO] [1783058969.328836825] [foxglove_click_goal_bridge]: [1] navigating: distance_remaining=3.941 m, recoveries=7
[INFO] [1783058971.335165693] [foxglove_click_goal_bridge]: [1] navigating: distance_remaining=3.679 m, recoveries=7
[INFO] [1783058973.338776145] [foxglove_click_goal_bridge]: [1] navigating: distance_remaining=3.448 m, recoveries=7
[INFO] [1783058975.391656795] [foxglove_click_goal_bridge]: [1] navigating: distance_remaining=3.196 m, recoveries=7
[INFO] [1783058977.410699034] [foxglove_click_goal_bridge]: [1] navigating: distance_remaining=3.342 m, recoveries=11
[INFO] [1783058979.409751737] [foxglove_click_goal_bridge]: [1] navigating: distance_remaining=3.317 m, recoveries=11
[INFO] [1783058981.430666517] [foxglove_click_goal_bridge]: [1] navigating: distance_remaining=3.317 m, recoveries=13
[INFO] [1783058983.428018053] [foxglove_click_goal_bridge]: [1] navigating: distance_remaining=3.317 m, recoveries=13
[INFO] [1783058985.440026418] [foxglove_click_goal_bridge]: [1] navigating: distance_remaining=3.317 m, recoveries=13
[INFO] [1783058987.440217161] [foxglove_click_goal_bridge]: [1] navigating: distance_remaining=3.317 m, recoveries=13
[INFO] [1783058989.443001945] [foxglove_click_goal_bridge]: [1] navigating: distance_remaining=3.317 m, recoveries=13
[INFO] [1783058991.448379019] [foxglove_click_goal_bridge]: [1] navigating: distance_remaining=3.311 m, recoveries=13
[INFO] [1783058993.463946550] [foxglove_click_goal_bridge]: [1] navigating: distance_remaining=2.871 m, recoveries=13
[INFO] [1783058995.472482082] [foxglove_click_goal_bridge]: [1] navigating: distance_remaining=3.000 m, recoveries=13
[INFO] [1783058997.466426866] [foxglove_click_goal_bridge]: [1] navigating: distance_remaining=2.746 m, recoveries=13
[INFO] [1783058999.465845691] [foxglove_click_goal_bridge]: [1] navigating: distance_remaining=2.521 m, recoveries=13
[INFO] [1783059001.469420390] [foxglove_click_goal_bridge]: [1] navigating: distance_remaining=2.246 m, recoveries=13
[INFO] [1783059003.485927836] [foxglove_click_goal_bridge]: [1] navigating: distance_remaining=2.021 m, recoveries=13
[INFO] [1783059005.484779953] [foxglove_click_goal_bridge]: [1] navigating: distance_remaining=1.796 m, recoveries=13
[INFO] [1783059007.536659807] [foxglove_click_goal_bridge]: [1] navigating: distance_remaining=1.571 m, recoveries=13
[INFO] [1783059009.544338421] [foxglove_click_goal_bridge]: [1] navigating: distance_remaining=1.399 m, recoveries=13
[INFO] [1783059011.548144661] [foxglove_click_goal_bridge]: [1] navigating: distance_remaining=1.221 m, recoveries=13
[INFO] [1783059013.584922268] [foxglove_click_goal_bridge]: [1] navigating: distance_remaining=0.962 m, recoveries=13
[INFO] [1783059015.645640412] [foxglove_click_goal_bridge]: [1] navigating: distance_remaining=0.867 m, recoveries=13
[INFO] [1783059017.685736976] [foxglove_click_goal_bridge]: [1] navigating: distance_remaining=0.696 m, recoveries=13
[INFO] [1783059019.734934830] [foxglove_click_goal_bridge]: [1] navigating: distance_remaining=0.396 m, recoveries=13
[INFO] [1783059021.813130220] [foxglove_click_goal_bridge]: [1] navigating: distance_remaining=0.221 m, recoveries=13
[INFO] [1783059021.899350201] [foxglove_click_goal_bridge]: [1] Navigation succeeded. status=4
[INFO] [1783059021.905934950] [foxglove_click_goal_bridge]: Navigation succeeded. Current pose will be updated by pose_memory_node.
Traceback (most recent call last):
  File "/root/rdk_x5_vln_robot/scripts/slam/foxglove_click_goal_bridge.py", line 661, in <module>
    
  File "/root/rdk_x5_vln_robot/scripts/slam/foxglove_click_goal_bridge.py", line 657, in main
    if args.goal_topic:
  File "/opt/ros/humble/local/lib/python3.10/dist-packages/rclpy/__init__.py", line 130, in shutdown
    _shutdown(context=context)
  File "/opt/ros/humble/local/lib/python3.10/dist-packages/rclpy/utilities.py", line 58, in shutdown
    return context.shutdown()
  File "/opt/ros/humble/local/lib/python3.10/dist-packages/rclpy/context.py", line 102, in shutdown
    self.__context.shutdown()
rclpy._rclpy_pybind11.RCLError: failed to shutdown: rcl_shutdown already called on the given context, at ./src/rcl/init.c:241
[ERROR] [1783059194.677118995] [rclpy.signals]: rcl_trigger_guard_condition() failed: guard condition implementation is invalid, at ./src/rcl/guard_condition.c:172
