[INFO] [launch]: All log files can be found below /root/.ros/log/2026-07-05-19-22-57-388270-ubuntu-86203
[INFO] [launch]: Default logging verbosity is set to INFO
[INFO] [map_server-1]: process started with pid [86232]
[INFO] [amcl-2]: process started with pid [86234]
[INFO] [lifecycle_manager-3]: process started with pid [86236]
[INFO] [controller_server-4]: process started with pid [86238]
[INFO] [smoother_server-5]: process started with pid [86240]
[INFO] [planner_server-6]: process started with pid [86242]
[INFO] [behavior_server-7]: process started with pid [86244]
[INFO] [bt_navigator-8]: process started with pid [86246]
[INFO] [waypoint_follower-9]: process started with pid [86248]
[INFO] [velocity_smoother-10]: process started with pid [86253]
[INFO] [lifecycle_manager-11]: process started with pid [86265]
[bt_navigator-8] [INFO] [1783250580.252208550] [bt_navigator]: 
[bt_navigator-8] 	bt_navigator lifecycle node launched. 
[bt_navigator-8] 	Waiting on external lifecycle transitions to activate
[bt_navigator-8] 	See https://design.ros2.org/articles/node_lifecycle.html for more information.
[bt_navigator-8] [INFO] [1783250580.252874842] [bt_navigator]: Creating
[lifecycle_manager-3] [INFO] [1783250580.337767737] [lifecycle_manager_localization]: Creating
[behavior_server-7] [INFO] [1783250580.371078485] [behavior_server]: 
[behavior_server-7] 	behavior_server lifecycle node launched. 
[behavior_server-7] 	Waiting on external lifecycle transitions to activate
[behavior_server-7] 	See https://design.ros2.org/articles/node_lifecycle.html for more information.
[lifecycle_manager-3] [INFO] [1783250580.418917627] [lifecycle_manager_localization]: [34m[1mCreating and initializing lifecycle service clients[0m[0m
[waypoint_follower-9] [INFO] [1783250580.523666879] [waypoint_follower]: 
[waypoint_follower-9] 	waypoint_follower lifecycle node launched. 
[waypoint_follower-9] 	Waiting on external lifecycle transitions to activate
[waypoint_follower-9] 	See https://design.ros2.org/articles/node_lifecycle.html for more information.
[waypoint_follower-9] [INFO] [1783250580.545016780] [waypoint_follower]: Creating
[map_server-1] [INFO] [1783250580.571275020] [map_server]: 
[map_server-1] 	map_server lifecycle node launched. 
[map_server-1] 	Waiting on external lifecycle transitions to activate
[map_server-1] 	See https://design.ros2.org/articles/node_lifecycle.html for more information.
[map_server-1] [INFO] [1783250580.573158397] [map_server]: Creating
[velocity_smoother-10] [INFO] [1783250580.636744057] [velocity_smoother]: 
[velocity_smoother-10] 	velocity_smoother lifecycle node launched. 
[velocity_smoother-10] 	Waiting on external lifecycle transitions to activate
[velocity_smoother-10] 	See https://design.ros2.org/articles/node_lifecycle.html for more information.
[smoother_server-5] [INFO] [1783250580.707061268] [smoother_server]: 
[smoother_server-5] 	smoother_server lifecycle node launched. 
[smoother_server-5] 	Waiting on external lifecycle transitions to activate
[smoother_server-5] 	See https://design.ros2.org/articles/node_lifecycle.html for more information.
[smoother_server-5] [INFO] [1783250580.713921568] [smoother_server]: Creating smoother server
[controller_server-4] [INFO] [1783250580.717174947] [controller_server]: 
[controller_server-4] 	controller_server lifecycle node launched. 
[controller_server-4] 	Waiting on external lifecycle transitions to activate
[controller_server-4] 	See https://design.ros2.org/articles/node_lifecycle.html for more information.
[controller_server-4] [INFO] [1783250580.737716596] [controller_server]: Creating controller server
[lifecycle_manager-11] [INFO] [1783250580.808808058] [lifecycle_manager_navigation]: Creating
[planner_server-6] [INFO] [1783250580.815519982] [planner_server]: 
[planner_server-6] 	planner_server lifecycle node launched. 
[planner_server-6] 	Waiting on external lifecycle transitions to activate
[planner_server-6] 	See https://design.ros2.org/articles/node_lifecycle.html for more information.
[planner_server-6] [INFO] [1783250580.824322701] [planner_server]: Creating
[amcl-2] [INFO] [1783250580.858445243] [amcl]: 
[amcl-2] 	amcl lifecycle node launched. 
[amcl-2] 	Waiting on external lifecycle transitions to activate
[amcl-2] 	See https://design.ros2.org/articles/node_lifecycle.html for more information.
[amcl-2] [INFO] [1783250580.861149288] [amcl]: Creating
[lifecycle_manager-11] [INFO] [1783250580.902190046] [lifecycle_manager_navigation]: [34m[1mCreating and initializing lifecycle service clients[0m[0m
[planner_server-6] [INFO] [1783250581.133366118] [global_costmap.global_costmap]: 
[planner_server-6] 	global_costmap lifecycle node launched. 
[planner_server-6] 	Waiting on external lifecycle transitions to activate
[planner_server-6] 	See https://design.ros2.org/articles/node_lifecycle.html for more information.
[planner_server-6] [INFO] [1783250581.135354578] [global_costmap.global_costmap]: Creating Costmap
[controller_server-4] [INFO] [1783250581.727673545] [local_costmap.local_costmap]: 
[controller_server-4] 	local_costmap lifecycle node launched. 
[controller_server-4] 	Waiting on external lifecycle transitions to activate
[controller_server-4] 	See https://design.ros2.org/articles/node_lifecycle.html for more information.
[controller_server-4] [INFO] [1783250581.741426812] [local_costmap.local_costmap]: Creating Costmap
[lifecycle_manager-3] [INFO] [1783250582.144286383] [lifecycle_manager_localization]: [34m[1mStarting managed nodes bringup...[0m[0m
[lifecycle_manager-3] [INFO] [1783250582.152370059] [lifecycle_manager_localization]: [34m[1mConfiguring map_server[0m[0m
[map_server-1] [INFO] [1783250582.161466695] [map_server]: Configuring
[map_server-1] [INFO] [1783250582.161772487] [map_io]: Loading yaml file: /root/rdk_x5_vln_robot/maps/joy_calibrated_corridor_map.yaml
[map_server-1] [INFO] [1783250582.162858572] [map_io]: resolution: 0.05
[map_server-1] [INFO] [1783250582.162938572] [map_io]: origin[0]: -2.65
[map_server-1] [INFO] [1783250582.162974572] [map_io]: origin[1]: -13.6
[map_server-1] [INFO] [1783250582.163003280] [map_io]: origin[2]: 0
[map_server-1] [INFO] [1783250582.163031905] [map_io]: free_thresh: 0.25
[map_server-1] [INFO] [1783250582.163059655] [map_io]: occupied_thresh: 0.65
[map_server-1] [INFO] [1783250582.163095197] [map_io]: mode: trinary
[map_server-1] [INFO] [1783250582.163125405] [map_io]: negate: 0
[map_server-1] [INFO] [1783250582.163910365] [map_io]: Loading image_file: /root/rdk_x5_vln_robot/maps/joy_calibrated_corridor_map.pgm
[map_server-1] [INFO] [1783250582.435269609] [map_io]: Read map /root/rdk_x5_vln_robot/maps/joy_calibrated_corridor_map.pgm: 334 X 351 map @ 0.05 m/cell
[lifecycle_manager-3] [INFO] [1783250582.576379238] [lifecycle_manager_localization]: [34m[1mConfiguring amcl[0m[0m
[amcl-2] [INFO] [1783250582.582767204] [amcl]: Configuring
[amcl-2] [INFO] [1783250582.583144830] [amcl]: initTransforms
[lifecycle_manager-11] [INFO] [1783250582.601803311] [lifecycle_manager_navigation]: [34m[1mStarting managed nodes bringup...[0m[0m
[lifecycle_manager-11] [INFO] [1783250582.606004524] [lifecycle_manager_navigation]: [34m[1mConfiguring controller_server[0m[0m
[controller_server-4] [INFO] [1783250582.609092028] [controller_server]: Configuring controller interface
[controller_server-4] [INFO] [1783250582.612225990] [controller_server]: getting goal checker plugins..
[controller_server-4] [INFO] [1783250582.612755657] [controller_server]: Controller frequency set to 10.0000Hz
[controller_server-4] [INFO] [1783250582.613003324] [local_costmap.local_costmap]: Configuring
[controller_server-4] [INFO] [1783250582.707514188] [local_costmap.local_costmap]: Using plugin "static_layer"
[amcl-2] [INFO] [1783250582.714672072] [amcl]: initPubSub
[controller_server-4] [INFO] [1783250582.750373574] [local_costmap.local_costmap]: Subscribing to the map topic (/map) with transient local durability
[amcl-2] [INFO] [1783250582.752367326] [amcl]: Subscribed to map topic.
[controller_server-4] [INFO] [1783250582.762930255] [local_costmap.local_costmap]: Initialized plugin "static_layer"
[controller_server-4] [INFO] [1783250582.763079339] [local_costmap.local_costmap]: Using plugin "voxel_layer"
[controller_server-4] [INFO] [1783250582.776382980] [local_costmap.local_costmap]: Subscribed to Topics: scan
[lifecycle_manager-3] [INFO] [1783250582.791590207] [lifecycle_manager_localization]: [34m[1mActivating map_server[0m[0m
[map_server-1] [INFO] [1783250582.792809083] [map_server]: Activating
[map_server-1] [INFO] [1783250582.794473877] [map_server]: Creating bond (map_server) to lifecycle manager.
[amcl-2] [INFO] [1783250582.795410128] [amcl]: Received a 334 X 351 map @ 0.050 m/pix
[controller_server-4] [INFO] [1783250582.823400787] [local_costmap.local_costmap]: Initialized plugin "voxel_layer"
[controller_server-4] [INFO] [1783250582.823558495] [local_costmap.local_costmap]: Using plugin "inflation_layer"
[controller_server-4] [INFO] [1783250582.833010798] [local_costmap.local_costmap]: Initialized plugin "inflation_layer"
[controller_server-4] [INFO] [1783250582.899709171] [local_costmap.local_costmap]: StaticLayer: Resizing static layer to 334 X 351 at 0.050000 m/pix
[controller_server-4] [INFO] [1783250582.900314588] [controller_server]: Created progress_checker : progress_checker of type nav2_controller::SimpleProgressChecker
[controller_server-4] [INFO] [1783250582.907793222] [controller_server]: Created goal checker : general_goal_checker of type nav2_controller::SimpleGoalChecker
[controller_server-4] [INFO] [1783250582.912992228] [controller_server]: Controller Server has general_goal_checker  goal checkers available.
[controller_server-4] [INFO] [1783250582.915811690] [controller_server]: Created controller : FollowPath of type nav2_regulated_pure_pursuit_controller::RegulatedPurePursuitController
[lifecycle_manager-3] [INFO] [1783250582.919668611] [lifecycle_manager_localization]: Server map_server connected with bond.
[lifecycle_manager-3] [INFO] [1783250582.919834737] [lifecycle_manager_localization]: [34m[1mActivating amcl[0m[0m
[amcl-2] [INFO] [1783250582.920649863] [amcl]: Activating
[amcl-2] [INFO] [1783250582.920827321] [amcl]: Creating bond (amcl) to lifecycle manager.
[controller_server-4] [INFO] [1783250582.987529819] [controller_server]: Controller Server has FollowPath  controllers available.
[amcl-2] [INFO] [1783250582.991535657] [amcl]: createLaserObject
[lifecycle_manager-3] [INFO] [1783250583.067112123] [lifecycle_manager_localization]: Server amcl connected with bond.
[lifecycle_manager-3] [INFO] [1783250583.067330665] [lifecycle_manager_localization]: [34m[1mManaged nodes are active[0m[0m
[lifecycle_manager-3] [INFO] [1783250583.067445207] [lifecycle_manager_localization]: [34m[1mCreating bond timer...[0m[0m
[lifecycle_manager-11] [INFO] [1783250583.089512317] [lifecycle_manager_navigation]: [34m[1mConfiguring smoother_server[0m[0m
[smoother_server-5] [INFO] [1783250583.090928485] [smoother_server]: Configuring smoother server
[smoother_server-5] [INFO] [1783250583.174012169] [smoother_server]: Created smoother : simple_smoother of type nav2_smoother::SimpleSmoother
[smoother_server-5] [INFO] [1783250583.185878808] [smoother_server]: Smoother Server has simple_smoother  smoothers available.
[lifecycle_manager-11] [INFO] [1783250583.236573244] [lifecycle_manager_navigation]: [34m[1mConfiguring planner_server[0m[0m
[planner_server-6] [INFO] [1783250583.237811454] [planner_server]: Configuring
[planner_server-6] [INFO] [1783250583.238018288] [global_costmap.global_costmap]: Configuring
[planner_server-6] [INFO] [1783250583.284340760] [global_costmap.global_costmap]: Using plugin "static_layer"
[planner_server-6] [INFO] [1783250583.309125373] [global_costmap.global_costmap]: Subscribing to the map topic (/map) with transient local durability
[planner_server-6] [INFO] [1783250583.319279677] [global_costmap.global_costmap]: Initialized plugin "static_layer"
[planner_server-6] [INFO] [1783250583.319434719] [global_costmap.global_costmap]: Using plugin "inflation_layer"
[planner_server-6] [INFO] [1783250583.332579902] [global_costmap.global_costmap]: Initialized plugin "inflation_layer"
[planner_server-6] [INFO] [1783250583.414902834] [global_costmap.global_costmap]: StaticLayer: Resizing costmap to 334 X 351 at 0.050000 m/pix
[planner_server-6] [INFO] [1783250583.416050461] [planner_server]: Created global planner plugin GridBased of type nav2_navfn_planner/NavfnPlanner
[planner_server-6] [INFO] [1783250583.418103838] [planner_server]: Configuring plugin GridBased of type NavfnPlanner
[planner_server-6] [INFO] [1783250583.424795805] [planner_server]: Planner Server has GridBased  planners available.
[lifecycle_manager-11] [INFO] [1783250583.635663143] [lifecycle_manager_navigation]: [34m[1mConfiguring behavior_server[0m[0m
[behavior_server-7] [INFO] [1783250583.637158686] [behavior_server]: Configuring
[behavior_server-7] [INFO] [1783250583.705136310] [behavior_server]: Creating behavior plugin spin of type nav2_behaviors/Spin
[behavior_server-7] [INFO] [1783250583.709602898] [behavior_server]: Configuring spin
[behavior_server-7] [INFO] [1783250583.767121801] [behavior_server]: Creating behavior plugin backup of type nav2_behaviors/BackUp
[behavior_server-7] [INFO] [1783250583.771254515] [behavior_server]: Configuring backup
[behavior_server-7] [INFO] [1783250583.839105180] [behavior_server]: Creating behavior plugin drive_on_heading of type nav2_behaviors/DriveOnHeading
[behavior_server-7] [INFO] [1783250583.843362643] [behavior_server]: Configuring drive_on_heading
[behavior_server-7] [INFO] [1783250583.896976333] [behavior_server]: Creating behavior plugin assisted_teleop of type nav2_behaviors/AssistedTeleop
[behavior_server-7] [INFO] [1783250583.907384637] [behavior_server]: Configuring assisted_teleop
[behavior_server-7] [INFO] [1783250583.979185391] [behavior_server]: Creating behavior plugin wait of type nav2_behaviors/Wait
[behavior_server-7] [INFO] [1783250583.982482645] [behavior_server]: Configuring wait
[lifecycle_manager-11] [INFO] [1783250584.032343830] [lifecycle_manager_navigation]: [34m[1mConfiguring bt_navigator[0m[0m
[bt_navigator-8] [INFO] [1783250584.033955415] [bt_navigator]: Configuring
[amcl-2] [WARN] [1783250584.585933997] [amcl]: AMCL cannot publish a pose or update the transform. Please set the initial pose...
[lifecycle_manager-11] [INFO] [1783250584.759634248] [lifecycle_manager_navigation]: [34m[1mConfiguring waypoint_follower[0m[0m
[waypoint_follower-9] [INFO] [1783250584.761209875] [waypoint_follower]: Configuring
[waypoint_follower-9] [INFO] [1783250584.856640407] [waypoint_follower]: Created waypoint_task_executor : wait_at_waypoint of type nav2_waypoint_follower::WaitAtWaypoint
[lifecycle_manager-11] [INFO] [1783250584.861773746] [lifecycle_manager_navigation]: [34m[1mConfiguring velocity_smoother[0m[0m
[velocity_smoother-10] [INFO] [1783250584.863446873] [velocity_smoother]: Configuring velocity smoother
[lifecycle_manager-11] [INFO] [1783250584.891869116] [lifecycle_manager_navigation]: [34m[1mActivating controller_server[0m[0m
[controller_server-4] [INFO] [1783250584.893451493] [controller_server]: Activating
[controller_server-4] [INFO] [1783250584.893664910] [local_costmap.local_costmap]: Activating
[controller_server-4] [INFO] [1783250584.893740076] [local_costmap.local_costmap]: Checking transform
[controller_server-4] [INFO] [1783250584.893881618] [local_costmap.local_costmap]: Timed out waiting for transform from base_link to map to become available, tf error: Invalid frame ID "map" passed to canTransform argument target_frame - frame does not exist
[controller_server-4] [INFO] [1783250585.393923929] [local_costmap.local_costmap]: Timed out waiting for transform from base_link to map to become available, tf error: Invalid frame ID "map" passed to canTransform argument target_frame - frame does not exist
[controller_server-4] [INFO] [1783250585.893920031] [local_costmap.local_costmap]: Timed out waiting for transform from base_link to map to become available, tf error: Invalid frame ID "map" passed to canTransform argument target_frame - frame does not exist
[controller_server-4] [INFO] [1783250586.393899465] [local_costmap.local_costmap]: Timed out waiting for transform from base_link to map to become available, tf error: Invalid frame ID "map" passed to canTransform argument target_frame - frame does not exist
[amcl-2] [WARN] [1783250586.684796773] [amcl]: AMCL cannot publish a pose or update the transform. Please set the initial pose...
[controller_server-4] [INFO] [1783250586.893939816] [local_costmap.local_costmap]: Timed out waiting for transform from base_link to map to become available, tf error: Invalid frame ID "map" passed to canTransform argument target_frame - frame does not exist
[controller_server-4] [INFO] [1783250587.393958708] [local_costmap.local_costmap]: Timed out waiting for transform from base_link to map to become available, tf error: Invalid frame ID "map" passed to canTransform argument target_frame - frame does not exist
[controller_server-4] [INFO] [1783250587.893961517] [local_costmap.local_costmap]: Timed out waiting for transform from base_link to map to become available, tf error: Invalid frame ID "map" passed to canTransform argument target_frame - frame does not exist
[controller_server-4] [INFO] [1783250588.393935491] [local_costmap.local_costmap]: Timed out waiting for transform from base_link to map to become available, tf error: Invalid frame ID "map" passed to canTransform argument target_frame - frame does not exist
[amcl-2] [WARN] [1783250588.691052848] [amcl]: AMCL cannot publish a pose or update the transform. Please set the initial pose...
[controller_server-4] [INFO] [1783250588.893964674] [local_costmap.local_costmap]: Timed out waiting for transform from base_link to map to become available, tf error: Invalid frame ID "map" passed to canTransform argument target_frame - frame does not exist
[controller_server-4] [INFO] [1783250589.393930648] [local_costmap.local_costmap]: Timed out waiting for transform from base_link to map to become available, tf error: Invalid frame ID "map" passed to canTransform argument target_frame - frame does not exist
[controller_server-4] [INFO] [1783250589.893931163] [local_costmap.local_costmap]: Timed out waiting for transform from base_link to map to become available, tf error: Invalid frame ID "map" passed to canTransform argument target_frame - frame does not exist
[controller_server-4] [INFO] [1783250590.393899761] [local_costmap.local_costmap]: Timed out waiting for transform from base_link to map to become available, tf error: Invalid frame ID "map" passed to canTransform argument target_frame - frame does not exist
[amcl-2] [WARN] [1783250590.767276291] [amcl]: AMCL cannot publish a pose or update the transform. Please set the initial pose...
[controller_server-4] [INFO] [1783250590.893901776] [local_costmap.local_costmap]: Timed out waiting for transform from base_link to map to become available, tf error: Invalid frame ID "map" passed to canTransform argument target_frame - frame does not exist
[controller_server-4] [INFO] [1783250591.393902706] [local_costmap.local_costmap]: Timed out waiting for transform from base_link to map to become available, tf error: Invalid frame ID "map" passed to canTransform argument target_frame - frame does not exist
[controller_server-4] [INFO] [1783250591.894726471] [local_costmap.local_costmap]: Timed out waiting for transform from base_link to map to become available, tf error: Invalid frame ID "map" passed to canTransform argument target_frame - frame does not exist
[controller_server-4] [INFO] [1783250592.393904649] [local_costmap.local_costmap]: Timed out waiting for transform from base_link to map to become available, tf error: Invalid frame ID "map" passed to canTransform argument target_frame - frame does not exist
[amcl-2] [WARN] [1783250592.774539436] [amcl]: AMCL cannot publish a pose or update the transform. Please set the initial pose...
[controller_server-4] [INFO] [1783250592.894086412] [local_costmap.local_costmap]: Timed out waiting for transform from base_link to map to become available, tf error: Invalid frame ID "map" passed to canTransform argument target_frame - frame does not exist
[controller_server-4] [INFO] [1783250593.393923758] [local_costmap.local_costmap]: Timed out waiting for transform from base_link to map to become available, tf error: Invalid frame ID "map" passed to canTransform argument target_frame - frame does not exist
[controller_server-4] [INFO] [1783250593.893894769] [local_costmap.local_costmap]: Timed out waiting for transform from base_link to map to become available, tf error: Invalid frame ID "map" passed to canTransform argument target_frame - frame does not exist
[controller_server-4] [INFO] [1783250594.393923031] [local_costmap.local_costmap]: Timed out waiting for transform from base_link to map to become available, tf error: Invalid frame ID "map" passed to canTransform argument target_frame - frame does not exist
[amcl-2] [WARN] [1783250594.860362919] [amcl]: AMCL cannot publish a pose or update the transform. Please set the initial pose...
[controller_server-4] [INFO] [1783250594.893900084] [local_costmap.local_costmap]: Timed out waiting for transform from base_link to map to become available, tf error: Invalid frame ID "map" passed to canTransform argument target_frame - frame does not exist
[controller_server-4] [INFO] [1783250595.393908844] [local_costmap.local_costmap]: Timed out waiting for transform from base_link to map to become available, tf error: Invalid frame ID "map" passed to canTransform argument target_frame - frame does not exist
[controller_server-4] [INFO] [1783250595.893947229] [local_costmap.local_costmap]: Timed out waiting for transform from base_link to map to become available, tf error: Invalid frame ID "map" passed to canTransform argument target_frame - frame does not exist
[controller_server-4] [INFO] [1783250596.393941906] [local_costmap.local_costmap]: Timed out waiting for transform from base_link to map to become available, tf error: Invalid frame ID "map" passed to canTransform argument target_frame - frame does not exist
[controller_server-4] [INFO] [1783250596.893929332] [local_costmap.local_costmap]: Timed out waiting for transform from base_link to map to become available, tf error: Invalid frame ID "map" passed to canTransform argument target_frame - frame does not exist
[amcl-2] [WARN] [1783250596.959480285] [amcl]: AMCL cannot publish a pose or update the transform. Please set the initial pose...
[controller_server-4] [INFO] [1783250597.393898841] [local_costmap.local_costmap]: Timed out waiting for transform from base_link to map to become available, tf error: Invalid frame ID "map" passed to canTransform argument target_frame - frame does not exist
[controller_server-4] [INFO] [1783250597.893921641] [local_costmap.local_costmap]: Timed out waiting for transform from base_link to map to become available, tf error: Invalid frame ID "map" passed to canTransform argument target_frame - frame does not exist
[controller_server-4] [INFO] [1783250598.393915399] [local_costmap.local_costmap]: Timed out waiting for transform from base_link to map to become available, tf error: Invalid frame ID "map" passed to canTransform argument target_frame - frame does not exist
[controller_server-4] [INFO] [1783250598.893937990] [local_costmap.local_costmap]: Timed out waiting for transform from base_link to map to become available, tf error: Invalid frame ID "map" passed to canTransform argument target_frame - frame does not exist
[amcl-2] [WARN] [1783250599.052319553] [amcl]: AMCL cannot publish a pose or update the transform. Please set the initial pose...
[controller_server-4] [INFO] [1783250599.393918039] [local_costmap.local_costmap]: Timed out waiting for transform from base_link to map to become available, tf error: Invalid frame ID "map" passed to canTransform argument target_frame - frame does not exist
[controller_server-4] [INFO] [1783250599.893930838] [local_costmap.local_costmap]: Timed out waiting for transform from base_link to map to become available, tf error: Invalid frame ID "map" passed to canTransform argument target_frame - frame does not exist
[controller_server-4] [INFO] [1783250600.393907594] [local_costmap.local_costmap]: Timed out waiting for transform from base_link to map to become available, tf error: Invalid frame ID "map" passed to canTransform argument target_frame - frame does not exist
[controller_server-4] [INFO] [1783250600.893914809] [local_costmap.local_costmap]: Timed out waiting for transform from base_link to map to become available, tf error: Invalid frame ID "map" passed to canTransform argument target_frame - frame does not exist
[amcl-2] [WARN] [1783250601.156288993] [amcl]: AMCL cannot publish a pose or update the transform. Please set the initial pose...
[controller_server-4] [INFO] [1783250601.393913231] [local_costmap.local_costmap]: Timed out waiting for transform from base_link to map to become available, tf error: Invalid frame ID "map" passed to canTransform argument target_frame - frame does not exist
[controller_server-4] [INFO] [1783250601.893903945] [local_costmap.local_costmap]: Timed out waiting for transform from base_link to map to become available, tf error: Invalid frame ID "map" passed to canTransform argument target_frame - frame does not exist
[controller_server-4] [INFO] [1783250602.393909991] [local_costmap.local_costmap]: Timed out waiting for transform from base_link to map to become available, tf error: Invalid frame ID "map" passed to canTransform argument target_frame - frame does not exist
[controller_server-4] [INFO] [1783250602.893902079] [local_costmap.local_costmap]: Timed out waiting for transform from base_link to map to become available, tf error: Invalid frame ID "map" passed to canTransform argument target_frame - frame does not exist
[amcl-2] [WARN] [1783250603.253573002] [amcl]: AMCL cannot publish a pose or update the transform. Please set the initial pose...
[controller_server-4] [INFO] [1783250603.393898917] [local_costmap.local_costmap]: Timed out waiting for transform from base_link to map to become available, tf error: Invalid frame ID "map" passed to canTransform argument target_frame - frame does not exist
[controller_server-4] [INFO] [1783250603.893917754] [local_costmap.local_costmap]: Timed out waiting for transform from base_link to map to become available, tf error: Invalid frame ID "map" passed to canTransform argument target_frame - frame does not exist
[amcl-2] [INFO] [1783250604.108584172] [amcl]: initialPoseReceived
[amcl-2] [WARN] [1783250604.109078923] [amcl]: Failed to transform initial pose in time (Lookup would require extrapolation into the future.  Requested time 1783250604.108782 but the latest data is at time 1783250604.102763, when looking up transform from frame [base_link] to frame [odom])
[amcl-2] [INFO] [1783250604.109224048] [amcl]: Setting pose (1783250604.109218): 0.396 -3.213 -2.180
[controller_server-4] [INFO] [1783250604.394202799] [local_costmap.local_costmap]: Timed out waiting for transform from base_link to map to become available, tf error: Lookup would require extrapolation into the past.  Requested time 1783250604.369200 but the earliest data is at time 1783250606.038623, when looking up transform from frame [base_link] to frame [map]
[controller_server-4] [INFO] [1783250604.894036343] [local_costmap.local_costmap]: Timed out waiting for transform from base_link to map to become available, tf error: Lookup would require extrapolation into the past.  Requested time 1783250604.869730 but the earliest data is at time 1783250606.038623, when looking up transform from frame [base_link] to frame [map]
[controller_server-4] [INFO] [1783250605.393963471] [local_costmap.local_costmap]: Timed out waiting for transform from base_link to map to become available, tf error: Lookup would require extrapolation into the past.  Requested time 1783250605.369177 but the earliest data is at time 1783250606.038623, when looking up transform from frame [base_link] to frame [map]
[controller_server-4] [INFO] [1783250605.893957015] [local_costmap.local_costmap]: Timed out waiting for transform from base_link to map to become available, tf error: Lookup would require extrapolation into the past.  Requested time 1783250605.869356 but the earliest data is at time 1783250606.038623, when looking up transform from frame [base_link] to frame [map]
[controller_server-4] [INFO] [1783250606.394141058] [local_costmap.local_costmap]: start
[controller_server-4] [INFO] [1783250606.648178063] [controller_server]: Activating controller: FollowPath of type regulated_pure_pursuit_controller::RegulatedPurePursuitController
[controller_server-4] [INFO] [1783250606.648454272] [controller_server]: Creating bond (controller_server) to lifecycle manager.
[lifecycle_manager-11] [INFO] [1783250606.777803757] [lifecycle_manager_navigation]: Server controller_server connected with bond.
[lifecycle_manager-11] [INFO] [1783250606.778585591] [lifecycle_manager_navigation]: [34m[1mActivating smoother_server[0m[0m
[smoother_server-5] [INFO] [1783250606.780708552] [smoother_server]: Activating
[smoother_server-5] [INFO] [1783250606.780970344] [smoother_server]: Creating bond (smoother_server) to lifecycle manager.
[lifecycle_manager-11] [INFO] [1783250606.905147822] [lifecycle_manager_navigation]: Server smoother_server connected with bond.
[lifecycle_manager-11] [INFO] [1783250606.905322614] [lifecycle_manager_navigation]: [34m[1mActivating planner_server[0m[0m
[planner_server-6] [INFO] [1783250606.906683657] [planner_server]: Activating
[planner_server-6] [INFO] [1783250606.906917199] [global_costmap.global_costmap]: Activating
[planner_server-6] [INFO] [1783250606.906996408] [global_costmap.global_costmap]: Checking transform
[planner_server-6] [INFO] [1783250606.907351950] [global_costmap.global_costmap]: start
[amcl-2] [INFO] [1783250607.305147039] [amcl]: initialPoseReceived
[amcl-2] [WARN] [1783250607.305617498] [amcl]: Failed to transform initial pose in time (Lookup would require extrapolation into the future.  Requested time 1783250607.305358 but the latest data is at time 1783250607.270076, when looking up transform from frame [base_link] to frame [odom])
[amcl-2] [INFO] [1783250607.306468458] [amcl]: Setting pose (1783250607.306460): 0.396 -3.213 -2.180
[planner_server-6] [INFO] [1783250607.957635926] [planner_server]: Activating plugin GridBased of type NavfnPlanner
[planner_server-6] [INFO] [1783250607.965382519] [planner_server]: Creating bond (planner_server) to lifecycle manager.
[lifecycle_manager-11] [INFO] [1783250608.090128914] [lifecycle_manager_navigation]: Server planner_server connected with bond.
[lifecycle_manager-11] [INFO] [1783250608.090300998] [lifecycle_manager_navigation]: [34m[1mActivating behavior_server[0m[0m
[behavior_server-7] [INFO] [1783250608.091587416] [behavior_server]: Activating
[behavior_server-7] [INFO] [1783250608.091711374] [behavior_server]: Activating spin
[behavior_server-7] [INFO] [1783250608.091768250] [behavior_server]: Activating backup
[behavior_server-7] [INFO] [1783250608.091819583] [behavior_server]: Activating drive_on_heading
[behavior_server-7] [INFO] [1783250608.091862000] [behavior_server]: Activating assisted_teleop
[behavior_server-7] [INFO] [1783250608.091903541] [behavior_server]: Activating wait
[behavior_server-7] [INFO] [1783250608.091962250] [behavior_server]: Creating bond (behavior_server) to lifecycle manager.
[lifecycle_manager-11] [INFO] [1783250608.213455766] [lifecycle_manager_navigation]: Server behavior_server connected with bond.
[lifecycle_manager-11] [INFO] [1783250608.213620892] [lifecycle_manager_navigation]: [34m[1mActivating bt_navigator[0m[0m
[bt_navigator-8] [INFO] [1783250608.215192352] [bt_navigator]: Activating
[bt_navigator-8] [INFO] [1783250608.661306122] [bt_navigator]: Creating bond (bt_navigator) to lifecycle manager.
[lifecycle_manager-11] [INFO] [1783250608.795110695] [lifecycle_manager_navigation]: Server bt_navigator connected with bond.
[lifecycle_manager-11] [INFO] [1783250608.795284862] [lifecycle_manager_navigation]: [34m[1mActivating waypoint_follower[0m[0m
[waypoint_follower-9] [INFO] [1783250608.797530073] [waypoint_follower]: Activating
[waypoint_follower-9] [INFO] [1783250608.797748364] [waypoint_follower]: Creating bond (waypoint_follower) to lifecycle manager.
[lifecycle_manager-11] [INFO] [1783250608.933602148] [lifecycle_manager_navigation]: Server waypoint_follower connected with bond.
[lifecycle_manager-11] [INFO] [1783250608.933766440] [lifecycle_manager_navigation]: [34m[1mActivating velocity_smoother[0m[0m
[velocity_smoother-10] [INFO] [1783250608.935394525] [velocity_smoother]: Activating
[velocity_smoother-10] [INFO] [1783250608.935687275] [velocity_smoother]: Creating bond (velocity_smoother) to lifecycle manager.
[lifecycle_manager-11] [INFO] [1783250609.084063573] [lifecycle_manager_navigation]: Server velocity_smoother connected with bond.
[lifecycle_manager-11] [INFO] [1783250609.084237573] [lifecycle_manager_navigation]: [34m[1mManaged nodes are active[0m[0m
[lifecycle_manager-11] [INFO] [1783250609.084297823] [lifecycle_manager_navigation]: [34m[1mCreating bond timer...[0m[0m
[velocity_smoother-10] [INFO] [1783250856.541075516] [rclcpp]: signal_handler(signum=2)
[smoother_server-5] [INFO] [1783250856.541104058] [rclcpp]: signal_handler(signum=2)
[map_server-1] [INFO] [1783250856.541135725] [rclcpp]: signal_handler(signum=2)
[behavior_server-7] [INFO] [1783250856.541143892] [rclcpp]: signal_handler(signum=2)
[behavior_server-7] [INFO] [1783250856.541459100] [behavior_server]: Running Nav2 LifecycleNode rcl preshutdown (behavior_server)
[behavior_server-7] [INFO] [1783250856.541730600] [behavior_server]: Deactivating
[waypoint_follower-9] [INFO] [1783250856.541181267] [rclcpp]: signal_handler(signum=2)
[waypoint_follower-9] [INFO] [1783250856.541666267] [waypoint_follower]: Running Nav2 LifecycleNode rcl preshutdown (waypoint_follower)
[behavior_server-7] [INFO] [1783250856.541836850] [behavior_server]: Destroying bond (behavior_server) to lifecycle manager.
[waypoint_follower-9] [INFO] [1783250856.541906600] [waypoint_follower]: Deactivating
[waypoint_follower-9] [INFO] [1783250856.542010309] [waypoint_follower]: Destroying bond (waypoint_follower) to lifecycle manager.
[bt_navigator-8] [INFO] [1783250856.541815392] [rclcpp]: signal_handler(signum=2)
[smoother_server-5] [INFO] [1783250856.542798310] [smoother_server]: Running Nav2 LifecycleNode rcl preshutdown (smoother_server)
[smoother_server-5] [INFO] [1783250856.543096685] [smoother_server]: Deactivating
[smoother_server-5] [INFO] [1783250856.543203477] [smoother_server]: Destroying bond (smoother_server) to lifecycle manager.
[lifecycle_manager-3] [INFO] [1783250856.543346935] [rclcpp]: signal_handler(signum=2)
[lifecycle_manager-3] [INFO] [1783250856.544642978] [lifecycle_manager_localization]: Running Nav2 LifecycleManager rcl preshutdown (lifecycle_manager_localization)
[lifecycle_manager-3] [INFO] [1783250856.545094728] [lifecycle_manager_localization]: [34m[1mTerminating bond timer...[0m[0m
[map_server-1] [INFO] [1783250856.543612894] [map_server]: Running Nav2 LifecycleNode rcl preshutdown (map_server)
[map_server-1] [INFO] [1783250856.543849019] [map_server]: Deactivating
[map_server-1] [INFO] [1783250856.543934977] [map_server]: Destroying bond (map_server) to lifecycle manager.
[planner_server-6] [INFO] [1783250856.543709102] [rclcpp]: signal_handler(signum=2)
[planner_server-6] [INFO] [1783250856.544260727] [planner_server]: Running Nav2 LifecycleNode rcl preshutdown (planner_server)
[planner_server-6] [INFO] [1783250856.544475269] [planner_server]: Deactivating
[planner_server-6] [INFO] [1783250856.544612436] [global_costmap.global_costmap]: Deactivating
[amcl-2] [INFO] [1783250856.544291311] [rclcpp]: signal_handler(signum=2)
[amcl-2] [INFO] [1783250856.545016020] [amcl]: Running Nav2 LifecycleNode rcl preshutdown (amcl)
[amcl-2] [INFO] [1783250856.545230978] [amcl]: Deactivating
[amcl-2] [INFO] [1783250856.545308728] [amcl]: Destroying bond (amcl) to lifecycle manager.
[velocity_smoother-10] [INFO] [1783250856.544622853] [velocity_smoother]: Running Nav2 LifecycleNode rcl preshutdown (velocity_smoother)
[velocity_smoother-10] [INFO] [1783250856.544851478] [velocity_smoother]: Deactivating
[velocity_smoother-10] [INFO] [1783250856.544947561] [velocity_smoother]: Destroying bond (velocity_smoother) to lifecycle manager.
[bt_navigator-8] [INFO] [1783250856.546022354] [bt_navigator]: Running Nav2 LifecycleNode rcl preshutdown (bt_navigator)
[bt_navigator-8] [INFO] [1783250856.546320687] [bt_navigator]: Deactivating
[bt_navigator-8] [INFO] [1783250856.546430229] [bt_navigator]: Destroying bond (bt_navigator) to lifecycle manager.
[controller_server-4] [INFO] [1783250856.553209068] [rclcpp]: signal_handler(signum=2)
[controller_server-4] [INFO] [1783250856.553697152] [controller_server]: Running Nav2 LifecycleNode rcl preshutdown (controller_server)
[controller_server-4] [INFO] [1783250856.579380756] [controller_server]: Deactivating
[controller_server-4] [INFO] [1783250856.579502881] [controller_server]: Deactivating controller: FollowPath of type regulated_pure_pursuit_controller::RegulatedPurePursuitController
[controller_server-4] [INFO] [1783250856.579632881] [local_costmap.local_costmap]: Deactivating
[controller_server-4] [INFO] [1783250856.595077352] [controller_server]: Destroying bond (controller_server) to lifecycle manager.
[lifecycle_manager-11] [INFO] [1783250856.557045321] [rclcpp]: signal_handler(signum=2)
[lifecycle_manager-11] [INFO] [1783250856.557966155] [lifecycle_manager_navigation]: Running Nav2 LifecycleManager rcl preshutdown (lifecycle_manager_navigation)
[lifecycle_manager-11] [INFO] [1783250856.558128864] [lifecycle_manager_navigation]: [34m[1mTerminating bond timer...[0m[0m
[amcl-2] [INFO] [1783250856.563878827] [amcl]: Cleaning up
[map_server-1] [INFO] [1783250856.564794661] [map_server]: Cleaning up
[map_server-1] [INFO] [1783250856.564998619] [map_server]: Destroying bond (map_server) to lifecycle manager.
[velocity_smoother-10] [INFO] [1783250856.582098966] [velocity_smoother]: Cleaning up
[velocity_smoother-10] [INFO] [1783250856.582316550] [velocity_smoother]: Destroying bond (velocity_smoother) to lifecycle manager.
[behavior_server-7] [INFO] [1783250856.583236384] [behavior_server]: Cleaning up
[waypoint_follower-9] [INFO] [1783250856.583561009] [waypoint_follower]: Cleaning up
[smoother_server-5] [INFO] [1783250856.647250352] [smoother_server]: Cleaning up
[bt_navigator-8] [INFO] [1783250856.649325979] [bt_navigator]: Cleaning up
[velocity_smoother-10] [INFO] [1783250856.668541036] [velocity_smoother]: Destroying
[lifecycle_manager-3] [INFO] [1783250856.711743280] [lifecycle_manager_localization]: Destroying lifecycle_manager_localization
[waypoint_follower-9] [INFO] [1783250856.714642490] [waypoint_follower]: Destroying bond (waypoint_follower) to lifecycle manager.
[map_server-1] [INFO] [1783250856.720907329] [map_server]: Destroying
[controller_server-4] [INFO] [1783250856.724552082] [controller_server]: Cleaning up
[controller_server-4] [INFO] [1783250856.724681623] [controller_server]: Cleaning up controller: FollowPath of type regulated_pure_pursuit_controller::RegulatedPurePursuitController
[controller_server-4] [INFO] [1783250856.725463499] [local_costmap.local_costmap]: Cleaning up
[waypoint_follower-9] [INFO] [1783250856.758311234] [waypoint_follower]: Destroying
[behavior_server-7] [INFO] [1783250856.821690035] [behavior_server]: Destroying bond (behavior_server) to lifecycle manager.
[smoother_server-5] [INFO] [1783250856.822304619] [smoother_server]: Destroying bond (smoother_server) to lifecycle manager.
[smoother_server-5] [INFO] [1783250856.867662573] [smoother_server]: Destroying
[planner_server-6] [INFO] [1783250856.907800980] [planner_server]: Deactivating plugin GridBased of type NavfnPlanner
[planner_server-6] [INFO] [1783250856.907966189] [planner_server]: Destroying bond (planner_server) to lifecycle manager.
[planner_server-6] [INFO] [1783250856.918917906] [planner_server]: Cleaning up
[amcl-2] [INFO] [1783250856.977297536] [amcl]: Destroying bond (amcl) to lifecycle manager.
[amcl-2] [INFO] [1783250857.073823031] [amcl]: Destroying
[controller_server-4] [INFO] [1783250857.215736771] [controller_server]: Destroying bond (controller_server) to lifecycle manager.
[controller_server-4] [INFO] [1783250857.251193008] [local_costmap.local_costmap]: Destroying
[planner_server-6] [INFO] [1783250857.272549692] [global_costmap.global_costmap]: Cleaning up
[lifecycle_manager-11] [INFO] [1783250857.329786613] [lifecycle_manager_navigation]: Destroying lifecycle_manager_navigation
[planner_server-6] [INFO] [1783250857.344590833] [planner_server]: Cleaning up plugin GridBased of type NavfnPlanner
[planner_server-6] [INFO] [1783250857.345421459] [planner_server]: Destroying plugin GridBased of type NavfnPlanner
[INFO] [map_server-1]: process has finished cleanly [pid 86232]
[INFO] [velocity_smoother-10]: process has finished cleanly [pid 86253]
[INFO] [waypoint_follower-9]: process has finished cleanly [pid 86248]
[INFO] [lifecycle_manager-3]: process has finished cleanly [pid 86236]
[planner_server-6] [INFO] [1783250857.489755659] [planner_server]: Destroying bond (planner_server) to lifecycle manager.
[planner_server-6] [INFO] [1783250857.511966552] [global_costmap.global_costmap]: Destroying
[behavior_server-7] [INFO] [1783250857.555370212] [behavior_server]: Destroying
[controller_server-4] [INFO] [1783250857.561856676] [controller_server]: Destroying
[INFO] [smoother_server-5]: process has finished cleanly [pid 86240]
[INFO] [amcl-2]: process has finished cleanly [pid 86234]
[planner_server-6] [INFO] [1783250857.723361556] [planner_server]: Destroying
[INFO] [lifecycle_manager-11]: process has finished cleanly [pid 86265]
[INFO] [controller_server-4]: process has finished cleanly [pid 86238]
[INFO] [behavior_server-7]: process has finished cleanly [pid 86244]
[INFO] [planner_server-6]: process has finished cleanly [pid 86242]
[bt_navigator-8] [INFO] [1783250858.010064871] [bt_navigator]: Completed Cleaning up
[bt_navigator-8] [INFO] [1783250858.010373163] [bt_navigator]: Destroying bond (bt_navigator) to lifecycle manager.
[bt_navigator-8] [INFO] [1783250858.067505418] [bt_navigator]: Destroying
[INFO] [bt_navigator-8]: process has finished cleanly [pid 86246]
