[INFO] [1782999347.410812238] [simple_scan_filter]: filter /scan -> /scan_filtered, keep=[0.18, 4.00], isolated_window=2, isolated_delta=0.25, min_support_neighbors=1
[INFO] [1782999361.070610837] [simple_scan_filter]: scan stats: n=404, zeros=96, nan=0, inf=0, finite_raw=308, finite_out=234, removed_isolated=3
[INFO] [1782999366.063959080] [simple_scan_filter]: scan stats: n=404, zeros=96, nan=0, inf=0, finite_raw=308, finite_out=236, removed_isolated=2
[INFO] [1782999371.057119637] [simple_scan_filter]: scan stats: n=404, zeros=94, nan=0, inf=0, finite_raw=310, finite_out=233, removed_isolated=5
[INFO] [1782999376.052145548] [simple_scan_filter]: scan stats: n=404, zeros=99, nan=0, inf=0, finite_raw=305, finite_out=231, removed_isolated=5
[INFO] [1782999381.065790606] [simple_scan_filter]: scan stats: n=404, zeros=94, nan=0, inf=0, finite_raw=310, finite_out=239, removed_isolated=3
[INFO] [1782999386.058156519] [simple_scan_filter]: scan stats: n=404, zeros=97, nan=0, inf=0, finite_raw=307, finite_out=231, removed_isolated=5
[INFO] [1782999391.034737914] [simple_scan_filter]: scan stats: n=404, zeros=100, nan=0, inf=0, finite_raw=304, finite_out=231, removed_isolated=3
[INFO] [1782999396.028634580] [simple_scan_filter]: scan stats: n=404, zeros=98, nan=0, inf=0, finite_raw=306, finite_out=233, removed_isolated=3
[INFO] [1782999401.023966644] [simple_scan_filter]: scan stats: n=404, zeros=89, nan=0, inf=0, finite_raw=315, finite_out=240, removed_isolated=2
[INFO] [1782999406.018149355] [simple_scan_filter]: scan stats: n=404, zeros=95, nan=0, inf=0, finite_raw=309, finite_out=231, removed_isolated=4
[INFO] [1782999411.010980506] [simple_scan_filter]: scan stats: n=404, zeros=93, nan=0, inf=0, finite_raw=311, finite_out=237, removed_isolated=4
[INFO] [1782999416.005244014] [simple_scan_filter]: scan stats: n=404, zeros=93, nan=0, inf=0, finite_raw=311, finite_out=238, removed_isolated=5
[INFO] [1782999421.011095002] [simple_scan_filter]: scan stats: n=404, zeros=99, nan=0, inf=0, finite_raw=305, finite_out=228, removed_isolated=5
[INFO] [1782999426.009877931] [simple_scan_filter]: scan stats: n=404, zeros=89, nan=0, inf=0, finite_raw=315, finite_out=239, removed_isolated=4
[INFO] [1782999430.989091885] [simple_scan_filter]: scan stats: n=404, zeros=93, nan=0, inf=0, finite_raw=311, finite_out=233, removed_isolated=4
[INFO] [1782999435.984694236] [simple_scan_filter]: scan stats: n=404, zeros=93, nan=0, inf=0, finite_raw=311, finite_out=237, removed_isolated=1
Traceback (most recent call last):
  File "/root/rdk_x5_vln_robot/ros2_bridge/simple_scan_filter.py", line 197, in <module>
    main()
  File "/root/rdk_x5_vln_robot/ros2_bridge/simple_scan_filter.py", line 191, in main
    rclpy.spin(node)
  File "/opt/ros/humble/local/lib/python3.10/dist-packages/rclpy/__init__.py", line 229, in spin
    executor.spin_once()
  File "/opt/ros/humble/local/lib/python3.10/dist-packages/rclpy/executors.py", line 751, in spin_once
    self._spin_once_impl(timeout_sec)
  File "/opt/ros/humble/local/lib/python3.10/dist-packages/rclpy/executors.py", line 740, in _spin_once_impl
    handler, entity, node = self.wait_for_ready_callbacks(timeout_sec=timeout_sec)
  File "/opt/ros/humble/local/lib/python3.10/dist-packages/rclpy/executors.py", line 723, in wait_for_ready_callbacks
    return next(self._cb_iter)
  File "/opt/ros/humble/local/lib/python3.10/dist-packages/rclpy/executors.py", line 624, in _wait_for_ready_callbacks
    raise ExternalShutdownException()
rclpy.executors.ExternalShutdownException
