[INFO] [launch]: All log files can be found below /root/.ros/log/2026-07-05-20-09-13-983823-ubuntu-107884
[INFO] [launch]: Default logging verbosity is set to INFO
[INFO] [map_server-1]: process started with pid [107908]
[INFO] [amcl-2]: process started with pid [107910]
[INFO] [lifecycle_manager-3]: process started with pid [107912]
[INFO] [controller_server-4]: process started with pid [107914]
[INFO] [smoother_server-5]: process started with pid [107916]
[INFO] [planner_server-6]: process started with pid [107918]
[INFO] [behavior_server-7]: process started with pid [107920]
[INFO] [bt_navigator-8]: process started with pid [107922]
[INFO] [waypoint_follower-9]: process started with pid [107924]
[INFO] [velocity_smoother-10]: process started with pid [107935]
[INFO] [lifecycle_manager-11]: process started with pid [107945]
[lifecycle_manager-3] [INFO] [1783253356.257891896] [lifecycle_manager_localization]: Creating
[lifecycle_manager-3] [INFO] [1783253356.374498669] [lifecycle_manager_localization]: [34m[1mCreating and initializing lifecycle service clients[0m[0m
[smoother_server-5] [INFO] [1783253356.655963678] [smoother_server]: 
[smoother_server-5] 	smoother_server lifecycle node launched. 
[smoother_server-5] 	Waiting on external lifecycle transitions to activate
[smoother_server-5] 	See https://design.ros2.org/articles/node_lifecycle.html for more information.
[bt_navigator-8] [INFO] [1783253356.713136462] [bt_navigator]: 
[bt_navigator-8] 	bt_navigator lifecycle node launched. 
[bt_navigator-8] 	Waiting on external lifecycle transitions to activate
[bt_navigator-8] 	See https://design.ros2.org/articles/node_lifecycle.html for more information.
[bt_navigator-8] [INFO] [1783253356.713773377] [bt_navigator]: Creating
[controller_server-4] [INFO] [1783253356.732872514] [controller_server]: 
[controller_server-4] 	controller_server lifecycle node launched. 
[controller_server-4] 	Waiting on external lifecycle transitions to activate
[controller_server-4] 	See https://design.ros2.org/articles/node_lifecycle.html for more information.
[lifecycle_manager-11] [INFO] [1783253356.734018345] [lifecycle_manager_navigation]: Creating
[controller_server-4] [INFO] [1783253356.767285834] [controller_server]: Creating controller server
[smoother_server-5] [INFO] [1783253356.777737650] [smoother_server]: Creating smoother server
[lifecycle_manager-11] [INFO] [1783253356.813964259] [lifecycle_manager_navigation]: [34m[1mCreating and initializing lifecycle service clients[0m[0m
[amcl-2] [INFO] [1783253356.932907903] [amcl]: 
[amcl-2] 	amcl lifecycle node launched. 
[amcl-2] 	Waiting on external lifecycle transitions to activate
[amcl-2] 	See https://design.ros2.org/articles/node_lifecycle.html for more information.
[planner_server-6] [INFO] [1783253356.964887268] [planner_server]: 
[planner_server-6] 	planner_server lifecycle node launched. 
[planner_server-6] 	Waiting on external lifecycle transitions to activate
[planner_server-6] 	See https://design.ros2.org/articles/node_lifecycle.html for more information.
[amcl-2] [INFO] [1783253356.978215289] [amcl]: Creating
[waypoint_follower-9] [INFO] [1783253357.029926665] [waypoint_follower]: 
[waypoint_follower-9] 	waypoint_follower lifecycle node launched. 
[waypoint_follower-9] 	Waiting on external lifecycle transitions to activate
[waypoint_follower-9] 	See https://design.ros2.org/articles/node_lifecycle.html for more information.
[waypoint_follower-9] [INFO] [1783253357.035509239] [waypoint_follower]: Creating
[planner_server-6] [INFO] [1783253357.058151161] [planner_server]: Creating
[map_server-1] [INFO] [1783253357.198307646] [map_server]: 
[map_server-1] 	map_server lifecycle node launched. 
[map_server-1] 	Waiting on external lifecycle transitions to activate
[map_server-1] 	See https://design.ros2.org/articles/node_lifecycle.html for more information.
[map_server-1] [INFO] [1783253357.214355121] [map_server]: Creating
[velocity_smoother-10] [INFO] [1783253357.280535307] [velocity_smoother]: 
[velocity_smoother-10] 	velocity_smoother lifecycle node launched. 
[velocity_smoother-10] 	Waiting on external lifecycle transitions to activate
[velocity_smoother-10] 	See https://design.ros2.org/articles/node_lifecycle.html for more information.
[behavior_server-7] [INFO] [1783253357.282898011] [behavior_server]: 
[behavior_server-7] 	behavior_server lifecycle node launched. 
[behavior_server-7] 	Waiting on external lifecycle transitions to activate
[behavior_server-7] 	See https://design.ros2.org/articles/node_lifecycle.html for more information.
[controller_server-4] [INFO] [1783253357.575066129] [local_costmap.local_costmap]: 
[controller_server-4] 	local_costmap lifecycle node launched. 
[controller_server-4] 	Waiting on external lifecycle transitions to activate
[controller_server-4] 	See https://design.ros2.org/articles/node_lifecycle.html for more information.
[controller_server-4] [INFO] [1783253357.581418243] [local_costmap.local_costmap]: Creating Costmap
[planner_server-6] [INFO] [1783253357.645232392] [global_costmap.global_costmap]: 
[planner_server-6] 	global_costmap lifecycle node launched. 
[planner_server-6] 	Waiting on external lifecycle transitions to activate
[planner_server-6] 	See https://design.ros2.org/articles/node_lifecycle.html for more information.
[planner_server-6] [INFO] [1783253357.673365722] [global_costmap.global_costmap]: Creating Costmap
[lifecycle_manager-3] [INFO] [1783253358.337374871] [lifecycle_manager_localization]: [34m[1mStarting managed nodes bringup...[0m[0m
[lifecycle_manager-3] [INFO] [1783253358.337966621] [lifecycle_manager_localization]: [34m[1mConfiguring map_server[0m[0m
[map_server-1] [INFO] [1783253358.339769326] [map_server]: Configuring
[map_server-1] [INFO] [1783253358.340042784] [map_io]: Loading yaml file: /root/rdk_x5_vln_robot/maps/joy_calibrated_corridor_map.yaml
[map_server-1] [INFO] [1783253358.341040991] [map_io]: resolution: 0.05
[map_server-1] [INFO] [1783253358.341117407] [map_io]: origin[0]: -10
[map_server-1] [INFO] [1783253358.341150282] [map_io]: origin[1]: -4.17
[map_server-1] [INFO] [1783253358.341178074] [map_io]: origin[2]: 0
[map_server-1] [INFO] [1783253358.341206490] [map_io]: free_thresh: 0.25
[map_server-1] [INFO] [1783253358.341234740] [map_io]: occupied_thresh: 0.65
[map_server-1] [INFO] [1783253358.341271157] [map_io]: mode: trinary
[map_server-1] [INFO] [1783253358.341301449] [map_io]: negate: 0
[map_server-1] [INFO] [1783253358.342097406] [map_io]: Loading image_file: /root/rdk_x5_vln_robot/maps/joy_calibrated_corridor_map.pgm
[map_server-1] [INFO] [1783253358.437134046] [map_io]: Read map /root/rdk_x5_vln_robot/maps/joy_calibrated_corridor_map.pgm: 226 X 293 map @ 0.05 m/cell
[lifecycle_manager-3] [INFO] [1783253358.539072175] [lifecycle_manager_localization]: [34m[1mConfiguring amcl[0m[0m
[amcl-2] [INFO] [1783253358.540532714] [amcl]: Configuring
[amcl-2] [INFO] [1783253358.540902422] [amcl]: initTransforms
[lifecycle_manager-11] [INFO] [1783253358.676244456] [lifecycle_manager_navigation]: [34m[1mStarting managed nodes bringup...[0m[0m
[lifecycle_manager-11] [INFO] [1783253358.681555531] [lifecycle_manager_navigation]: [34m[1mConfiguring controller_server[0m[0m
[controller_server-4] [INFO] [1783253358.686971356] [controller_server]: Configuring controller interface
[controller_server-4] [INFO] [1783253358.687906771] [controller_server]: getting goal checker plugins..
[controller_server-4] [INFO] [1783253358.688442687] [controller_server]: Controller frequency set to 10.0000Hz
[controller_server-4] [INFO] [1783253358.688693936] [local_costmap.local_costmap]: Configuring
[amcl-2] [INFO] [1783253358.714510645] [amcl]: initPubSub
[amcl-2] [INFO] [1783253358.757548493] [amcl]: Subscribed to map topic.
[controller_server-4] [INFO] [1783253358.772733761] [local_costmap.local_costmap]: Using plugin "static_layer"
[controller_server-4] [INFO] [1783253358.800747883] [local_costmap.local_costmap]: Subscribing to the map topic (/map) with transient local durability
[controller_server-4] [INFO] [1783253358.814547819] [local_costmap.local_costmap]: Initialized plugin "static_layer"
[controller_server-4] [INFO] [1783253358.814699944] [local_costmap.local_costmap]: Using plugin "voxel_layer"
[lifecycle_manager-3] [INFO] [1783253358.821894182] [lifecycle_manager_localization]: [34m[1mActivating map_server[0m[0m
[map_server-1] [INFO] [1783253358.822945306] [map_server]: Activating
[map_server-1] [INFO] [1783253358.824131096] [map_server]: Creating bond (map_server) to lifecycle manager.
[controller_server-4] [INFO] [1783253358.824882386] [local_costmap.local_costmap]: Subscribed to Topics: scan
[amcl-2] [INFO] [1783253358.825473052] [amcl]: Received a 226 X 293 map @ 0.050 m/pix
[controller_server-4] [INFO] [1783253358.895649065] [local_costmap.local_costmap]: Initialized plugin "voxel_layer"
[controller_server-4] [INFO] [1783253358.895821815] [local_costmap.local_costmap]: Using plugin "inflation_layer"
[controller_server-4] [INFO] [1783253358.903257636] [local_costmap.local_costmap]: Initialized plugin "inflation_layer"
[lifecycle_manager-3] [INFO] [1783253358.964579538] [lifecycle_manager_localization]: Server map_server connected with bond.
[lifecycle_manager-3] [INFO] [1783253358.964855371] [lifecycle_manager_localization]: [34m[1mActivating amcl[0m[0m
[amcl-2] [INFO] [1783253358.966075411] [amcl]: Activating
[amcl-2] [INFO] [1783253358.966276036] [amcl]: Creating bond (amcl) to lifecycle manager.
[amcl-2] [INFO] [1783253358.974473648] [amcl]: createLaserObject
[controller_server-4] [INFO] [1783253359.003341935] [local_costmap.local_costmap]: StaticLayer: Resizing static layer to 226 X 293 at 0.050000 m/pix
[controller_server-4] [INFO] [1783253359.003586601] [controller_server]: Created progress_checker : progress_checker of type nav2_controller::SimpleProgressChecker
[controller_server-4] [INFO] [1783253359.010316174] [controller_server]: Created goal checker : general_goal_checker of type nav2_controller::SimpleGoalChecker
[controller_server-4] [INFO] [1783253359.016232998] [controller_server]: Controller Server has general_goal_checker  goal checkers available.
[controller_server-4] [INFO] [1783253359.019715117] [controller_server]: Created controller : FollowPath of type nav2_regulated_pure_pursuit_controller::RegulatedPurePursuitController
[controller_server-4] [INFO] [1783253359.094581914] [controller_server]: Controller Server has FollowPath  controllers available.
[lifecycle_manager-3] [INFO] [1783253359.111224263] [lifecycle_manager_localization]: Server amcl connected with bond.
[lifecycle_manager-3] [INFO] [1783253359.111635971] [lifecycle_manager_localization]: [34m[1mManaged nodes are active[0m[0m
[lifecycle_manager-3] [INFO] [1783253359.111720929] [lifecycle_manager_localization]: [34m[1mCreating bond timer...[0m[0m
[lifecycle_manager-11] [INFO] [1783253359.204666364] [lifecycle_manager_navigation]: [34m[1mConfiguring smoother_server[0m[0m
[smoother_server-5] [INFO] [1783253359.206224278] [smoother_server]: Configuring smoother server
[smoother_server-5] [INFO] [1783253359.327050044] [smoother_server]: Created smoother : simple_smoother of type nav2_smoother::SimpleSmoother
[smoother_server-5] [INFO] [1783253359.345962972] [smoother_server]: Smoother Server has simple_smoother  smoothers available.
[lifecycle_manager-11] [INFO] [1783253359.457999794] [lifecycle_manager_navigation]: [34m[1mConfiguring planner_server[0m[0m
[planner_server-6] [INFO] [1783253359.459930166] [planner_server]: Configuring
[planner_server-6] [INFO] [1783253359.460149165] [global_costmap.global_costmap]: Configuring
[planner_server-6] [INFO] [1783253359.620075619] [global_costmap.global_costmap]: Using plugin "static_layer"
[planner_server-6] [INFO] [1783253359.659254348] [global_costmap.global_costmap]: Subscribing to the map topic (/map) with transient local durability
[planner_server-6] [INFO] [1783253359.673713700] [global_costmap.global_costmap]: Initialized plugin "static_layer"
[planner_server-6] [INFO] [1783253359.673882491] [global_costmap.global_costmap]: Using plugin "inflation_layer"
[planner_server-6] [INFO] [1783253359.690925589] [global_costmap.global_costmap]: Initialized plugin "inflation_layer"
[planner_server-6] [INFO] [1783253359.827225997] [global_costmap.global_costmap]: StaticLayer: Resizing costmap to 226 X 293 at 0.050000 m/pix
[planner_server-6] [INFO] [1783253359.828445328] [planner_server]: Created global planner plugin GridBased of type nav2_navfn_planner/NavfnPlanner
[planner_server-6] [INFO] [1783253359.828611953] [planner_server]: Configuring plugin GridBased of type NavfnPlanner
[planner_server-6] [INFO] [1783253359.837935688] [planner_server]: Planner Server has GridBased  planners available.
[lifecycle_manager-11] [INFO] [1783253359.981953584] [lifecycle_manager_navigation]: [34m[1mConfiguring behavior_server[0m[0m
[amcl-2] [WARN] [1783253360.568967440] [amcl]: AMCL cannot publish a pose or update the transform. Please set the initial pose...
[amcl-2] [WARN] [1783253362.668539764] [amcl]: AMCL cannot publish a pose or update the transform. Please set the initial pose...
[amcl-2] [WARN] [1783253364.669763413] [amcl]: AMCL cannot publish a pose or update the transform. Please set the initial pose...
[amcl-2] [WARN] [1783253366.757782343] [amcl]: AMCL cannot publish a pose or update the transform. Please set the initial pose...
[amcl-2] [WARN] [1783253368.759718288] [amcl]: AMCL cannot publish a pose or update the transform. Please set the initial pose...
[amcl-2] [WARN] [1783253370.854551171] [amcl]: AMCL cannot publish a pose or update the transform. Please set the initial pose...
[amcl-2] [WARN] [1783253372.856249829] [amcl]: AMCL cannot publish a pose or update the transform. Please set the initial pose...
[amcl-2] [WARN] [1783253374.950695801] [amcl]: AMCL cannot publish a pose or update the transform. Please set the initial pose...
[amcl-2] [WARN] [1783253377.049787143] [amcl]: AMCL cannot publish a pose or update the transform. Please set the initial pose...
[amcl-2] [INFO] [1783253378.220168832] [amcl]: initialPoseReceived
[amcl-2] [WARN] [1783253378.223777243] [amcl]: Failed to transform initial pose in time (Lookup would require extrapolation into the future.  Requested time 1783253378.220381 but the latest data is at time 1783253378.188697, when looking up transform from frame [base_link] to frame [odom])
[amcl-2] [INFO] [1783253378.223987618] [amcl]: Setting pose (1783253378.223981): -3.875 -0.204 2.555
[amcl-2] [INFO] [1783253381.417435651] [amcl]: initialPoseReceived
[amcl-2] [WARN] [1783253381.417902108] [amcl]: Failed to transform initial pose in time (Lookup would require extrapolation into the future.  Requested time 1783253381.417661 but the latest data is at time 1783253381.407271, when looking up transform from frame [base_link] to frame [odom])
[amcl-2] [INFO] [1783253381.418047233] [amcl]: Setting pose (1783253381.418041): -3.875 -0.204 2.555
