[INFO] [1783065036.839090578] [simple_scan_filter]: filter /scan -> /scan_filtered, keep=[0.18, 4.00], isolated_window=2, isolated_delta=0.25, min_support_neighbors=1
[INFO] [1783065050.657735117] [simple_scan_filter]: scan stats: n=404, zeros=84, nan=0, inf=0, finite_raw=320, finite_out=240, removed_isolated=3
[INFO] [1783065055.652552572] [simple_scan_filter]: scan stats: n=404, zeros=94, nan=0, inf=0, finite_raw=310, finite_out=234, removed_isolated=5
[INFO] [1783065060.655666734] [simple_scan_filter]: scan stats: n=404, zeros=81, nan=0, inf=0, finite_raw=323, finite_out=240, removed_isolated=4
[INFO] [1783065065.647368349] [simple_scan_filter]: scan stats: n=404, zeros=80, nan=0, inf=0, finite_raw=324, finite_out=237, removed_isolated=7
[INFO] [1783065070.643435213] [simple_scan_filter]: scan stats: n=404, zeros=81, nan=0, inf=0, finite_raw=323, finite_out=241, removed_isolated=5
[INFO] [1783065075.640094990] [simple_scan_filter]: scan stats: n=404, zeros=81, nan=0, inf=0, finite_raw=323, finite_out=242, removed_isolated=5
[INFO] [1783065080.639280972] [simple_scan_filter]: scan stats: n=404, zeros=84, nan=0, inf=0, finite_raw=320, finite_out=235, removed_isolated=7
[INFO] [1783065085.629833034] [simple_scan_filter]: scan stats: n=404, zeros=84, nan=0, inf=0, finite_raw=320, finite_out=240, removed_isolated=4
[INFO] [1783065090.624931469] [simple_scan_filter]: scan stats: n=404, zeros=84, nan=0, inf=0, finite_raw=320, finite_out=238, removed_isolated=5
[INFO] [1783065095.621928609] [simple_scan_filter]: scan stats: n=404, zeros=83, nan=0, inf=0, finite_raw=321, finite_out=239, removed_isolated=5
[INFO] [1783065100.616926538] [simple_scan_filter]: scan stats: n=404, zeros=82, nan=0, inf=0, finite_raw=322, finite_out=237, removed_isolated=6
[INFO] [1783065105.614322631] [simple_scan_filter]: scan stats: n=404, zeros=82, nan=0, inf=0, finite_raw=322, finite_out=240, removed_isolated=4
[INFO] [1783065110.609640971] [simple_scan_filter]: scan stats: n=404, zeros=76, nan=0, inf=0, finite_raw=328, finite_out=245, removed_isolated=3
[INFO] [1783065115.607284559] [simple_scan_filter]: scan stats: n=404, zeros=84, nan=0, inf=0, finite_raw=320, finite_out=236, removed_isolated=7
[INFO] [1783065120.601360059] [simple_scan_filter]: scan stats: n=404, zeros=88, nan=0, inf=0, finite_raw=316, finite_out=236, removed_isolated=5
[INFO] [1783065125.599093224] [simple_scan_filter]: scan stats: n=404, zeros=87, nan=0, inf=0, finite_raw=317, finite_out=241, removed_isolated=4
[INFO] [1783065130.596473970] [simple_scan_filter]: scan stats: n=404, zeros=78, nan=0, inf=0, finite_raw=326, finite_out=245, removed_isolated=3
[INFO] [1783065135.590877170] [simple_scan_filter]: scan stats: n=404, zeros=78, nan=0, inf=0, finite_raw=326, finite_out=245, removed_isolated=4
[INFO] [1783065140.585732910] [simple_scan_filter]: scan stats: n=404, zeros=91, nan=0, inf=0, finite_raw=313, finite_out=237, removed_isolated=5
[INFO] [1783065145.584855356] [simple_scan_filter]: scan stats: n=404, zeros=76, nan=0, inf=0, finite_raw=328, finite_out=246, removed_isolated=5
[INFO] [1783065150.581961631] [simple_scan_filter]: scan stats: n=404, zeros=77, nan=0, inf=0, finite_raw=327, finite_out=242, removed_isolated=6
[INFO] [1783065155.573641029] [simple_scan_filter]: scan stats: n=404, zeros=88, nan=0, inf=0, finite_raw=316, finite_out=235, removed_isolated=8
[INFO] [1783065160.574642549] [simple_scan_filter]: scan stats: n=404, zeros=82, nan=0, inf=0, finite_raw=322, finite_out=238, removed_isolated=8
[INFO] [1783065165.577503234] [simple_scan_filter]: scan stats: n=404, zeros=79, nan=0, inf=0, finite_raw=325, finite_out=244, removed_isolated=4
[INFO] [1783065170.569089623] [simple_scan_filter]: scan stats: n=404, zeros=87, nan=0, inf=0, finite_raw=317, finite_out=240, removed_isolated=8
[INFO] [1783065175.563836302] [simple_scan_filter]: scan stats: n=404, zeros=85, nan=0, inf=0, finite_raw=319, finite_out=245, removed_isolated=7
[INFO] [1783065180.559885227] [simple_scan_filter]: scan stats: n=404, zeros=77, nan=0, inf=0, finite_raw=327, finite_out=247, removed_isolated=5
[INFO] [1783065185.553431191] [simple_scan_filter]: scan stats: n=404, zeros=77, nan=0, inf=0, finite_raw=327, finite_out=242, removed_isolated=5
[INFO] [1783065190.549519362] [simple_scan_filter]: scan stats: n=404, zeros=80, nan=0, inf=0, finite_raw=324, finite_out=242, removed_isolated=5
[INFO] [1783065195.546541279] [simple_scan_filter]: scan stats: n=404, zeros=75, nan=0, inf=0, finite_raw=329, finite_out=243, removed_isolated=6
[INFO] [1783065200.555179362] [simple_scan_filter]: scan stats: n=404, zeros=76, nan=0, inf=0, finite_raw=328, finite_out=245, removed_isolated=4
[INFO] [1783065205.541488231] [simple_scan_filter]: scan stats: n=404, zeros=80, nan=0, inf=0, finite_raw=324, finite_out=241, removed_isolated=8
[INFO] [1783065210.538699932] [simple_scan_filter]: scan stats: n=404, zeros=79, nan=0, inf=0, finite_raw=325, finite_out=241, removed_isolated=7
[INFO] [1783065215.535694881] [simple_scan_filter]: scan stats: n=404, zeros=91, nan=0, inf=0, finite_raw=313, finite_out=242, removed_isolated=6
[INFO] [1783065220.552675829] [simple_scan_filter]: scan stats: n=404, zeros=78, nan=0, inf=0, finite_raw=326, finite_out=243, removed_isolated=5
[INFO] [1783065225.536714937] [simple_scan_filter]: scan stats: n=404, zeros=79, nan=0, inf=0, finite_raw=325, finite_out=241, removed_isolated=7
[INFO] [1783065230.519608667] [simple_scan_filter]: scan stats: n=404, zeros=88, nan=0, inf=0, finite_raw=316, finite_out=240, removed_isolated=6
[INFO] [1783065235.516541271] [simple_scan_filter]: scan stats: n=404, zeros=85, nan=0, inf=0, finite_raw=319, finite_out=246, removed_isolated=5
[INFO] [1783065240.519450290] [simple_scan_filter]: scan stats: n=404, zeros=80, nan=0, inf=0, finite_raw=324, finite_out=239, removed_isolated=6
[INFO] [1783065245.515798430] [simple_scan_filter]: scan stats: n=404, zeros=87, nan=0, inf=0, finite_raw=317, finite_out=240, removed_isolated=6
[INFO] [1783065250.506008900] [simple_scan_filter]: scan stats: n=404, zeros=83, nan=0, inf=0, finite_raw=321, finite_out=239, removed_isolated=6
[INFO] [1783065255.511119578] [simple_scan_filter]: scan stats: n=404, zeros=78, nan=0, inf=0, finite_raw=326, finite_out=243, removed_isolated=5
[INFO] [1783065260.502292418] [simple_scan_filter]: scan stats: n=404, zeros=81, nan=0, inf=0, finite_raw=323, finite_out=245, removed_isolated=5
[INFO] [1783065265.498419131] [simple_scan_filter]: scan stats: n=404, zeros=85, nan=0, inf=0, finite_raw=319, finite_out=239, removed_isolated=4
[INFO] [1783065270.499850634] [simple_scan_filter]: scan stats: n=404, zeros=84, nan=0, inf=0, finite_raw=320, finite_out=238, removed_isolated=7
[INFO] [1783065275.493190091] [simple_scan_filter]: scan stats: n=404, zeros=87, nan=0, inf=0, finite_raw=317, finite_out=239, removed_isolated=8
[INFO] [1783065280.491387796] [simple_scan_filter]: scan stats: n=404, zeros=88, nan=0, inf=0, finite_raw=316, finite_out=238, removed_isolated=8
[INFO] [1783065285.484045957] [simple_scan_filter]: scan stats: n=404, zeros=88, nan=0, inf=0, finite_raw=316, finite_out=238, removed_isolated=7
[INFO] [1783065290.480224572] [simple_scan_filter]: scan stats: n=404, zeros=78, nan=0, inf=0, finite_raw=326, finite_out=242, removed_isolated=6
[INFO] [1783065295.478164944] [simple_scan_filter]: scan stats: n=404, zeros=82, nan=0, inf=0, finite_raw=322, finite_out=239, removed_isolated=5
[INFO] [1783065300.470383909] [simple_scan_filter]: scan stats: n=404, zeros=83, nan=0, inf=0, finite_raw=321, finite_out=239, removed_isolated=5
[INFO] [1783065305.473086038] [simple_scan_filter]: scan stats: n=404, zeros=79, nan=0, inf=0, finite_raw=325, finite_out=238, removed_isolated=7
Traceback (most recent call last):
  File "/root/rdk_x5_vln_robot/ros2_bridge/simple_scan_filter.py", line 197, in <module>
    main()
  File "/root/rdk_x5_vln_robot/ros2_bridge/simple_scan_filter.py", line 191, in main
    rclpy.spin(node)
  File "/opt/ros/humble/local/lib/python3.10/dist-packages/rclpy/__init__.py", line 229, in spin
    executor.spin_once()
  File "/opt/ros/humble/local/lib/python3.10/dist-packages/rclpy/executors.py", line 751, in spin_once
    self._spin_once_impl(timeout_sec)
  File "/opt/ros/humble/local/lib/python3.10/dist-packages/rclpy/executors.py", line 740, in _spin_once_impl
    handler, entity, node = self.wait_for_ready_callbacks(timeout_sec=timeout_sec)
  File "/opt/ros/humble/local/lib/python3.10/dist-packages/rclpy/executors.py", line 723, in wait_for_ready_callbacks
    return next(self._cb_iter)
  File "/opt/ros/humble/local/lib/python3.10/dist-packages/rclpy/executors.py", line 624, in _wait_for_ready_callbacks
    raise ExternalShutdownException()
rclpy.executors.ExternalShutdownException
