[INFO] [launch]: All log files can be found below /root/.ros/log/2026-07-06-13-59-04-730490-ubuntu-142865
[INFO] [launch]: Default logging verbosity is set to INFO
[INFO] [map_server-1]: process started with pid [142889]
[INFO] [amcl-2]: process started with pid [142891]
[INFO] [lifecycle_manager-3]: process started with pid [142893]
[INFO] [controller_server-4]: process started with pid [142895]
[INFO] [smoother_server-5]: process started with pid [142897]
[INFO] [planner_server-6]: process started with pid [142899]
[INFO] [behavior_server-7]: process started with pid [142901]
[INFO] [bt_navigator-8]: process started with pid [142903]
[INFO] [waypoint_follower-9]: process started with pid [142915]
[INFO] [velocity_smoother-10]: process started with pid [142943]
[INFO] [lifecycle_manager-11]: process started with pid [142950]
[lifecycle_manager-3] [INFO] [1783317546.990283001] [lifecycle_manager_localization]: Creating
[planner_server-6] [INFO] [1783317547.056079561] [planner_server]: 
[planner_server-6] 	planner_server lifecycle node launched. 
[planner_server-6] 	Waiting on external lifecycle transitions to activate
[planner_server-6] 	See https://design.ros2.org/articles/node_lifecycle.html for more information.
[planner_server-6] [INFO] [1783317547.066220683] [planner_server]: Creating
[planner_server-6] [INFO] [1783317547.098938588] [global_costmap.global_costmap]: 
[planner_server-6] 	global_costmap lifecycle node launched. 
[planner_server-6] 	Waiting on external lifecycle transitions to activate
[planner_server-6] 	See https://design.ros2.org/articles/node_lifecycle.html for more information.
[planner_server-6] [INFO] [1783317547.100897795] [global_costmap.global_costmap]: Creating Costmap
[lifecycle_manager-3] [INFO] [1783317547.301252098] [lifecycle_manager_localization]: [34m[1mCreating and initializing lifecycle service clients[0m[0m
[smoother_server-5] [INFO] [1783317547.709758244] [smoother_server]: 
[smoother_server-5] 	smoother_server lifecycle node launched. 
[smoother_server-5] 	Waiting on external lifecycle transitions to activate
[smoother_server-5] 	See https://design.ros2.org/articles/node_lifecycle.html for more information.
[smoother_server-5] [INFO] [1783317547.726803280] [smoother_server]: Creating smoother server
[lifecycle_manager-11] [INFO] [1783317547.736089401] [lifecycle_manager_navigation]: Creating
[amcl-2] [INFO] [1783317547.738991609] [amcl]: 
[amcl-2] 	amcl lifecycle node launched. 
[amcl-2] 	Waiting on external lifecycle transitions to activate
[amcl-2] 	See https://design.ros2.org/articles/node_lifecycle.html for more information.
[amcl-2] [INFO] [1783317547.742335482] [amcl]: Creating
[behavior_server-7] [INFO] [1783317547.798796420] [behavior_server]: 
[behavior_server-7] 	behavior_server lifecycle node launched. 
[behavior_server-7] 	Waiting on external lifecycle transitions to activate
[behavior_server-7] 	See https://design.ros2.org/articles/node_lifecycle.html for more information.
[lifecycle_manager-11] [INFO] [1783317547.827065035] [lifecycle_manager_navigation]: [34m[1mCreating and initializing lifecycle service clients[0m[0m
[velocity_smoother-10] [INFO] [1783317547.827280327] [velocity_smoother]: 
[velocity_smoother-10] 	velocity_smoother lifecycle node launched. 
[velocity_smoother-10] 	Waiting on external lifecycle transitions to activate
[velocity_smoother-10] 	See https://design.ros2.org/articles/node_lifecycle.html for more information.
[controller_server-4] [INFO] [1783317547.868729229] [controller_server]: 
[controller_server-4] 	controller_server lifecycle node launched. 
[controller_server-4] 	Waiting on external lifecycle transitions to activate
[controller_server-4] 	See https://design.ros2.org/articles/node_lifecycle.html for more information.
[waypoint_follower-9] [INFO] [1783317547.893815386] [waypoint_follower]: 
[waypoint_follower-9] 	waypoint_follower lifecycle node launched. 
[waypoint_follower-9] 	Waiting on external lifecycle transitions to activate
[waypoint_follower-9] 	See https://design.ros2.org/articles/node_lifecycle.html for more information.
[waypoint_follower-9] [INFO] [1783317547.903617341] [waypoint_follower]: Creating
[map_server-1] [INFO] [1783317547.974544608] [map_server]: 
[map_server-1] 	map_server lifecycle node launched. 
[map_server-1] 	Waiting on external lifecycle transitions to activate
[map_server-1] 	See https://design.ros2.org/articles/node_lifecycle.html for more information.
[map_server-1] [INFO] [1783317547.986779020] [map_server]: Creating
[controller_server-4] [INFO] [1783317548.013929218] [controller_server]: Creating controller server
[bt_navigator-8] [INFO] [1783317548.227131892] [bt_navigator]: 
[bt_navigator-8] 	bt_navigator lifecycle node launched. 
[bt_navigator-8] 	Waiting on external lifecycle transitions to activate
[bt_navigator-8] 	See https://design.ros2.org/articles/node_lifecycle.html for more information.
[bt_navigator-8] [INFO] [1783317548.229274225] [bt_navigator]: Creating
[controller_server-4] [INFO] [1783317548.856959750] [local_costmap.local_costmap]: 
[controller_server-4] 	local_costmap lifecycle node launched. 
[controller_server-4] 	Waiting on external lifecycle transitions to activate
[controller_server-4] 	See https://design.ros2.org/articles/node_lifecycle.html for more information.
[controller_server-4] [INFO] [1783317548.860007332] [local_costmap.local_costmap]: Creating Costmap
[lifecycle_manager-3] [INFO] [1783317549.221218995] [lifecycle_manager_localization]: [34m[1mStarting managed nodes bringup...[0m[0m
[lifecycle_manager-3] [INFO] [1783317549.221443953] [lifecycle_manager_localization]: [34m[1mConfiguring map_server[0m[0m
[map_server-1] [INFO] [1783317549.224736993] [map_server]: Configuring
[map_server-1] [INFO] [1783317549.225033702] [map_io]: Loading yaml file: /root/rdk_x5_vln_robot/maps/joy_calibrated_corridor_map.yaml
[map_server-1] [INFO] [1783317549.226137326] [map_io]: resolution: 0.05
[map_server-1] [INFO] [1783317549.226225701] [map_io]: origin[0]: -4.7
[map_server-1] [INFO] [1783317549.226269243] [map_io]: origin[1]: -2.98
[map_server-1] [INFO] [1783317549.226301785] [map_io]: origin[2]: 0
[map_server-1] [INFO] [1783317549.226334826] [map_io]: free_thresh: 0.25
[map_server-1] [INFO] [1783317549.226366326] [map_io]: occupied_thresh: 0.65
[map_server-1] [INFO] [1783317549.226407826] [map_io]: mode: trinary
[map_server-1] [INFO] [1783317549.226440826] [map_io]: negate: 0
[map_server-1] [INFO] [1783317549.229730033] [map_io]: Loading image_file: /root/rdk_x5_vln_robot/maps/joy_calibrated_corridor_map.pgm
[lifecycle_manager-11] [INFO] [1783317549.262918105] [lifecycle_manager_navigation]: [34m[1mStarting managed nodes bringup...[0m[0m
[lifecycle_manager-11] [INFO] [1783317549.264321354] [lifecycle_manager_navigation]: [34m[1mConfiguring controller_server[0m[0m
[controller_server-4] [INFO] [1783317549.266964603] [controller_server]: Configuring controller interface
[controller_server-4] [INFO] [1783317549.268655686] [controller_server]: getting goal checker plugins..
[controller_server-4] [INFO] [1783317549.269231478] [controller_server]: Controller frequency set to 10.0000Hz
[controller_server-4] [INFO] [1783317549.269497394] [local_costmap.local_costmap]: Configuring
[map_server-1] [INFO] [1783317549.267354353] [map_io]: Read map /root/rdk_x5_vln_robot/maps/joy_calibrated_corridor_map.pgm: 183 X 137 map @ 0.05 m/cell
[lifecycle_manager-3] [INFO] [1783317549.347388075] [lifecycle_manager_localization]: [34m[1mConfiguring amcl[0m[0m
[amcl-2] [INFO] [1783317549.348632157] [amcl]: Configuring
[amcl-2] [INFO] [1783317549.349032199] [amcl]: initTransforms
[controller_server-4] [INFO] [1783317549.390015851] [local_costmap.local_costmap]: Using plugin "static_layer"
[controller_server-4] [INFO] [1783317549.423658547] [local_costmap.local_costmap]: Subscribing to the map topic (/map) with transient local durability
[controller_server-4] [INFO] [1783317549.439509792] [local_costmap.local_costmap]: Initialized plugin "static_layer"
[controller_server-4] [INFO] [1783317549.439672583] [local_costmap.local_costmap]: Using plugin "voxel_layer"
[controller_server-4] [INFO] [1783317549.452619120] [local_costmap.local_costmap]: Subscribed to Topics: scan
[amcl-2] [INFO] [1783317549.455648453] [amcl]: initPubSub
[amcl-2] [INFO] [1783317549.524865969] [amcl]: Subscribed to map topic.
[controller_server-4] [INFO] [1783317549.547656253] [local_costmap.local_costmap]: Initialized plugin "voxel_layer"
[controller_server-4] [INFO] [1783317549.547833961] [local_costmap.local_costmap]: Using plugin "inflation_layer"
[controller_server-4] [INFO] [1783317549.564546330] [local_costmap.local_costmap]: Initialized plugin "inflation_layer"
[lifecycle_manager-3] [INFO] [1783317549.585426198] [lifecycle_manager_localization]: [34m[1mActivating map_server[0m[0m
[map_server-1] [INFO] [1783317549.586575864] [map_server]: Activating
[map_server-1] [INFO] [1783317549.587413864] [map_server]: Creating bond (map_server) to lifecycle manager.
[amcl-2] [INFO] [1783317549.588482863] [amcl]: Received a 183 X 137 map @ 0.050 m/pix
[controller_server-4] [INFO] [1783317549.675719749] [local_costmap.local_costmap]: StaticLayer: Resizing static layer to 183 X 137 at 0.050000 m/pix
[controller_server-4] [INFO] [1783317549.676612957] [controller_server]: Created progress_checker : progress_checker of type nav2_controller::SimpleProgressChecker
[controller_server-4] [INFO] [1783317549.683721954] [controller_server]: Created goal checker : general_goal_checker of type nav2_controller::SimpleGoalChecker
[controller_server-4] [INFO] [1783317549.689390952] [controller_server]: Controller Server has general_goal_checker  goal checkers available.
[controller_server-4] [INFO] [1783317549.693502076] [controller_server]: Created controller : FollowPath of type nav2_regulated_pure_pursuit_controller::RegulatedPurePursuitController
[controller_server-4] [INFO] [1783317549.757376970] [controller_server]: Controller Server has FollowPath  controllers available.
[lifecycle_manager-11] [INFO] [1783317549.819271739] [lifecycle_manager_navigation]: [34m[1mConfiguring smoother_server[0m[0m
[smoother_server-5] [INFO] [1783317549.822314988] [smoother_server]: Configuring smoother server
[smoother_server-5] [INFO] [1783317549.883786466] [smoother_server]: Created smoother : simple_smoother of type nav2_smoother::SimpleSmoother
[smoother_server-5] [INFO] [1783317549.898909002] [smoother_server]: Smoother Server has simple_smoother  smoothers available.
[lifecycle_manager-11] [INFO] [1783317549.965264437] [lifecycle_manager_navigation]: [34m[1mConfiguring planner_server[0m[0m
[planner_server-6] [INFO] [1783317549.966629228] [planner_server]: Configuring
[planner_server-6] [INFO] [1783317549.966852686] [global_costmap.global_costmap]: Configuring
[planner_server-6] [INFO] [1783317550.021630125] [global_costmap.global_costmap]: Using plugin "static_layer"
[planner_server-6] [INFO] [1783317550.049373365] [global_costmap.global_costmap]: Subscribing to the map topic (/map) with transient local durability
[planner_server-6] [INFO] [1783317550.060472444] [global_costmap.global_costmap]: Initialized plugin "static_layer"
[planner_server-6] [INFO] [1783317550.060621486] [global_costmap.global_costmap]: Using plugin "inflation_layer"
[planner_server-6] [INFO] [1783317550.068529441] [global_costmap.global_costmap]: Initialized plugin "inflation_layer"
[planner_server-6] [INFO] [1783317550.181580526] [global_costmap.global_costmap]: StaticLayer: Resizing costmap to 183 X 137 at 0.050000 m/pix
[planner_server-6] [INFO] [1783317550.181596901] [planner_server]: Created global planner plugin GridBased of type nav2_navfn_planner/NavfnPlanner
[planner_server-6] [INFO] [1783317550.182750817] [planner_server]: Configuring plugin GridBased of type NavfnPlanner
[planner_server-6] [INFO] [1783317550.195581021] [planner_server]: Planner Server has GridBased  planners available.
[lifecycle_manager-3] [INFO] [1783317550.223008970] [lifecycle_manager_localization]: Server map_server connected with bond.
[lifecycle_manager-3] [INFO] [1783317550.223214761] [lifecycle_manager_localization]: [34m[1mActivating amcl[0m[0m
[amcl-2] [INFO] [1783317550.224673261] [amcl]: Activating
[amcl-2] [INFO] [1783317550.224871219] [amcl]: Creating bond (amcl) to lifecycle manager.
[amcl-2] [INFO] [1783317550.296905193] [amcl]: createLaserObject
[lifecycle_manager-3] [INFO] [1783317550.359911087] [lifecycle_manager_localization]: Server amcl connected with bond.
[lifecycle_manager-3] [INFO] [1783317550.360165920] [lifecycle_manager_localization]: [34m[1mManaged nodes are active[0m[0m
[lifecycle_manager-3] [INFO] [1783317550.360230795] [lifecycle_manager_localization]: [34m[1mCreating bond timer...[0m[0m
[lifecycle_manager-11] [INFO] [1783317550.371568791] [lifecycle_manager_navigation]: [34m[1mConfiguring behavior_server[0m[0m
[behavior_server-7] [INFO] [1783317550.373463541] [behavior_server]: Configuring
[behavior_server-7] [INFO] [1783317550.464212175] [behavior_server]: Creating behavior plugin spin of type nav2_behaviors/Spin
[behavior_server-7] [INFO] [1783317550.470663339] [behavior_server]: Configuring spin
[behavior_server-7] [INFO] [1783317550.553932559] [behavior_server]: Creating behavior plugin backup of type nav2_behaviors/BackUp
[behavior_server-7] [INFO] [1783317550.559639891] [behavior_server]: Configuring backup
[behavior_server-7] [INFO] [1783317550.649470192] [behavior_server]: Creating behavior plugin drive_on_heading of type nav2_behaviors/DriveOnHeading
[behavior_server-7] [INFO] [1783317550.654621523] [behavior_server]: Configuring drive_on_heading
[behavior_server-7] [INFO] [1783317550.733276370] [behavior_server]: Creating behavior plugin assisted_teleop of type nav2_behaviors/AssistedTeleop
[behavior_server-7] [INFO] [1783317550.742539159] [behavior_server]: Configuring assisted_teleop
[behavior_server-7] [INFO] [1783317550.849730120] [behavior_server]: Creating behavior plugin wait of type nav2_behaviors/Wait
[behavior_server-7] [INFO] [1783317550.857361992] [behavior_server]: Configuring wait
[lifecycle_manager-11] [INFO] [1783317550.944489295] [lifecycle_manager_navigation]: [34m[1mConfiguring bt_navigator[0m[0m
[bt_navigator-8] [INFO] [1783317550.946401627] [bt_navigator]: Configuring
[amcl-2] [WARN] [1783317551.392352634] [amcl]: AMCL cannot publish a pose or update the transform. Please set the initial pose...
[amcl-2] [INFO] [1783317551.584898357] [amcl]: Message Filter dropping message: frame 'laser' at time 1783317549.387 for reason 'the timestamp on the message is earlier than all the data in the transform cache'
[lifecycle_manager-11] [INFO] [1783317551.672456242] [lifecycle_manager_navigation]: [34m[1mConfiguring waypoint_follower[0m[0m
[waypoint_follower-9] [INFO] [1783317551.674280742] [waypoint_follower]: Configuring
[waypoint_follower-9] [INFO] [1783317551.775735039] [waypoint_follower]: Created waypoint_task_executor : wait_at_waypoint of type nav2_waypoint_follower::WaitAtWaypoint
[lifecycle_manager-11] [INFO] [1783317551.782451620] [lifecycle_manager_navigation]: [34m[1mConfiguring velocity_smoother[0m[0m
[velocity_smoother-10] [INFO] [1783317551.785156910] [velocity_smoother]: Configuring velocity smoother
[lifecycle_manager-11] [INFO] [1783317551.816564524] [lifecycle_manager_navigation]: [34m[1mActivating controller_server[0m[0m
[controller_server-4] [INFO] [1783317551.818096065] [controller_server]: Activating
[controller_server-4] [INFO] [1783317551.818322857] [local_costmap.local_costmap]: Activating
[controller_server-4] [INFO] [1783317551.818425940] [local_costmap.local_costmap]: Checking transform
[controller_server-4] [INFO] [1783317551.818589440] [local_costmap.local_costmap]: Timed out waiting for transform from base_link to map to become available, tf error: Invalid frame ID "map" passed to canTransform argument target_frame - frame does not exist
[controller_server-4] [INFO] [1783317552.318618886] [local_costmap.local_costmap]: Timed out waiting for transform from base_link to map to become available, tf error: Invalid frame ID "map" passed to canTransform argument target_frame - frame does not exist
[controller_server-4] [INFO] [1783317552.818606499] [local_costmap.local_costmap]: Timed out waiting for transform from base_link to map to become available, tf error: Invalid frame ID "map" passed to canTransform argument target_frame - frame does not exist
[controller_server-4] [INFO] [1783317553.318600861] [local_costmap.local_costmap]: Timed out waiting for transform from base_link to map to become available, tf error: Invalid frame ID "map" passed to canTransform argument target_frame - frame does not exist
[amcl-2] [WARN] [1783317553.485848260] [amcl]: AMCL cannot publish a pose or update the transform. Please set the initial pose...
[controller_server-4] [INFO] [1783317553.818608807] [local_costmap.local_costmap]: Timed out waiting for transform from base_link to map to become available, tf error: Invalid frame ID "map" passed to canTransform argument target_frame - frame does not exist
[controller_server-4] [INFO] [1783317554.318647961] [local_costmap.local_costmap]: Timed out waiting for transform from base_link to map to become available, tf error: Invalid frame ID "map" passed to canTransform argument target_frame - frame does not exist
[controller_server-4] [INFO] [1783317554.818609032] [local_costmap.local_costmap]: Timed out waiting for transform from base_link to map to become available, tf error: Invalid frame ID "map" passed to canTransform argument target_frame - frame does not exist
[controller_server-4] [INFO] [1783317555.318601020] [local_costmap.local_costmap]: Timed out waiting for transform from base_link to map to become available, tf error: Invalid frame ID "map" passed to canTransform argument target_frame - frame does not exist
[amcl-2] [WARN] [1783317555.583932841] [amcl]: AMCL cannot publish a pose or update the transform. Please set the initial pose...
[controller_server-4] [INFO] [1783317555.818603091] [local_costmap.local_costmap]: Timed out waiting for transform from base_link to map to become available, tf error: Invalid frame ID "map" passed to canTransform argument target_frame - frame does not exist
[controller_server-4] [INFO] [1783317556.318601828] [local_costmap.local_costmap]: Timed out waiting for transform from base_link to map to become available, tf error: Invalid frame ID "map" passed to canTransform argument target_frame - frame does not exist
[controller_server-4] [INFO] [1783317556.818632982] [local_costmap.local_costmap]: Timed out waiting for transform from base_link to map to become available, tf error: Invalid frame ID "map" passed to canTransform argument target_frame - frame does not exist
[controller_server-4] [INFO] [1783317557.318709762] [local_costmap.local_costmap]: Timed out waiting for transform from base_link to map to become available, tf error: Invalid frame ID "map" passed to canTransform argument target_frame - frame does not exist
[amcl-2] [WARN] [1783317557.586343124] [amcl]: AMCL cannot publish a pose or update the transform. Please set the initial pose...
[controller_server-4] [INFO] [1783317557.818603457] [local_costmap.local_costmap]: Timed out waiting for transform from base_link to map to become available, tf error: Invalid frame ID "map" passed to canTransform argument target_frame - frame does not exist
[controller_server-4] [INFO] [1783317558.318671195] [local_costmap.local_costmap]: Timed out waiting for transform from base_link to map to become available, tf error: Invalid frame ID "map" passed to canTransform argument target_frame - frame does not exist
[controller_server-4] [INFO] [1783317558.819323765] [local_costmap.local_costmap]: Timed out waiting for transform from base_link to map to become available, tf error: Invalid frame ID "map" passed to canTransform argument target_frame - frame does not exist
[controller_server-4] [INFO] [1783317559.318608836] [local_costmap.local_costmap]: Timed out waiting for transform from base_link to map to become available, tf error: Invalid frame ID "map" passed to canTransform argument target_frame - frame does not exist
[amcl-2] [WARN] [1783317559.588595906] [amcl]: AMCL cannot publish a pose or update the transform. Please set the initial pose...
[controller_server-4] [INFO] [1783317559.819093074] [local_costmap.local_costmap]: Timed out waiting for transform from base_link to map to become available, tf error: Invalid frame ID "map" passed to canTransform argument target_frame - frame does not exist
[controller_server-4] [INFO] [1783317560.318640561] [local_costmap.local_costmap]: Timed out waiting for transform from base_link to map to become available, tf error: Invalid frame ID "map" passed to canTransform argument target_frame - frame does not exist
[controller_server-4] [INFO] [1783317560.818622382] [local_costmap.local_costmap]: Timed out waiting for transform from base_link to map to become available, tf error: Invalid frame ID "map" passed to canTransform argument target_frame - frame does not exist
[controller_server-4] [INFO] [1783317561.318606661] [local_costmap.local_costmap]: Timed out waiting for transform from base_link to map to become available, tf error: Invalid frame ID "map" passed to canTransform argument target_frame - frame does not exist
[amcl-2] [WARN] [1783317561.681351531] [amcl]: AMCL cannot publish a pose or update the transform. Please set the initial pose...
[controller_server-4] [INFO] [1783317561.818609732] [local_costmap.local_costmap]: Timed out waiting for transform from base_link to map to become available, tf error: Invalid frame ID "map" passed to canTransform argument target_frame - frame does not exist
[controller_server-4] [INFO] [1783317562.318603636] [local_costmap.local_costmap]: Timed out waiting for transform from base_link to map to become available, tf error: Invalid frame ID "map" passed to canTransform argument target_frame - frame does not exist
[controller_server-4] [INFO] [1783317562.818584915] [local_costmap.local_costmap]: Timed out waiting for transform from base_link to map to become available, tf error: Invalid frame ID "map" passed to canTransform argument target_frame - frame does not exist
[controller_server-4] [INFO] [1783317563.318608652] [local_costmap.local_costmap]: Timed out waiting for transform from base_link to map to become available, tf error: Invalid frame ID "map" passed to canTransform argument target_frame - frame does not exist
[amcl-2] [WARN] [1783317563.689281394] [amcl]: AMCL cannot publish a pose or update the transform. Please set the initial pose...
[controller_server-4] [INFO] [1783317563.818799598] [local_costmap.local_costmap]: Timed out waiting for transform from base_link to map to become available, tf error: Invalid frame ID "map" passed to canTransform argument target_frame - frame does not exist
[controller_server-4] [INFO] [1783317564.318626085] [local_costmap.local_costmap]: Timed out waiting for transform from base_link to map to become available, tf error: Invalid frame ID "map" passed to canTransform argument target_frame - frame does not exist
[controller_server-4] [INFO] [1783317564.818630989] [local_costmap.local_costmap]: Timed out waiting for transform from base_link to map to become available, tf error: Invalid frame ID "map" passed to canTransform argument target_frame - frame does not exist
[controller_server-4] [INFO] [1783317565.318671685] [local_costmap.local_costmap]: Timed out waiting for transform from base_link to map to become available, tf error: Invalid frame ID "map" passed to canTransform argument target_frame - frame does not exist
[amcl-2] [WARN] [1783317565.775249688] [amcl]: AMCL cannot publish a pose or update the transform. Please set the initial pose...
[controller_server-4] [INFO] [1783317565.818602630] [local_costmap.local_costmap]: Timed out waiting for transform from base_link to map to become available, tf error: Invalid frame ID "map" passed to canTransform argument target_frame - frame does not exist
[controller_server-4] [INFO] [1783317566.318598284] [local_costmap.local_costmap]: Timed out waiting for transform from base_link to map to become available, tf error: Invalid frame ID "map" passed to canTransform argument target_frame - frame does not exist
[controller_server-4] [INFO] [1783317566.818600813] [local_costmap.local_costmap]: Timed out waiting for transform from base_link to map to become available, tf error: Invalid frame ID "map" passed to canTransform argument target_frame - frame does not exist
[controller_server-4] [INFO] [1783317567.318603676] [local_costmap.local_costmap]: Timed out waiting for transform from base_link to map to become available, tf error: Invalid frame ID "map" passed to canTransform argument target_frame - frame does not exist
[controller_server-4] [INFO] [1783317567.818605621] [local_costmap.local_costmap]: Timed out waiting for transform from base_link to map to become available, tf error: Invalid frame ID "map" passed to canTransform argument target_frame - frame does not exist
[amcl-2] [WARN] [1783317567.873073393] [amcl]: AMCL cannot publish a pose or update the transform. Please set the initial pose...
[controller_server-4] [INFO] [1783317568.318606817] [local_costmap.local_costmap]: Timed out waiting for transform from base_link to map to become available, tf error: Invalid frame ID "map" passed to canTransform argument target_frame - frame does not exist
[controller_server-4] [INFO] [1783317568.818610596] [local_costmap.local_costmap]: Timed out waiting for transform from base_link to map to become available, tf error: Invalid frame ID "map" passed to canTransform argument target_frame - frame does not exist
[controller_server-4] [INFO] [1783317569.318609083] [local_costmap.local_costmap]: Timed out waiting for transform from base_link to map to become available, tf error: Invalid frame ID "map" passed to canTransform argument target_frame - frame does not exist
[controller_server-4] [INFO] [1783317569.818602362] [local_costmap.local_costmap]: Timed out waiting for transform from base_link to map to become available, tf error: Invalid frame ID "map" passed to canTransform argument target_frame - frame does not exist
[amcl-2] [WARN] [1783317569.882185339] [amcl]: AMCL cannot publish a pose or update the transform. Please set the initial pose...
[amcl-2] [INFO] [1783317569.902047915] [amcl]: initialPoseReceived
[amcl-2] [WARN] [1783317569.902398915] [amcl]: Failed to transform initial pose in time (Lookup would require extrapolation into the future.  Requested time 1783317569.902203 but the latest data is at time 1783317569.873801, when looking up transform from frame [base_link] to frame [odom])
[amcl-2] [INFO] [1783317569.902479665] [amcl]: Setting pose (1783317569.902475): -2.771 1.203 -2.152
[controller_server-4] [INFO] [1783317570.318884432] [local_costmap.local_costmap]: Timed out waiting for transform from base_link to map to become available, tf error: Lookup would require extrapolation into the past.  Requested time 1783317570.307395 but the earliest data is at time 1783317571.867705, when looking up transform from frame [base_link] to frame [map]
[controller_server-4] [INFO] [1783317570.818666961] [local_costmap.local_costmap]: Timed out waiting for transform from base_link to map to become available, tf error: Lookup would require extrapolation into the past.  Requested time 1783317570.806920 but the earliest data is at time 1783317571.867705, when looking up transform from frame [base_link] to frame [map]
[controller_server-4] [INFO] [1783317571.318662281] [local_costmap.local_costmap]: Timed out waiting for transform from base_link to map to become available, tf error: Lookup would require extrapolation into the past.  Requested time 1783317571.307114 but the earliest data is at time 1783317571.867705, when looking up transform from frame [base_link] to frame [map]
[controller_server-4] [INFO] [1783317571.818668143] [local_costmap.local_costmap]: Timed out waiting for transform from base_link to map to become available, tf error: Lookup would require extrapolation into the past.  Requested time 1783317571.807433 but the earliest data is at time 1783317571.867705, when looking up transform from frame [base_link] to frame [map]
[controller_server-4] [INFO] [1783317572.318939714] [local_costmap.local_costmap]: start
[controller_server-4] [INFO] [1783317572.522734849] [controller_server]: Activating controller: FollowPath of type regulated_pure_pursuit_controller::RegulatedPurePursuitController
[controller_server-4] [INFO] [1783317572.522943057] [controller_server]: Creating bond (controller_server) to lifecycle manager.
[lifecycle_manager-11] [INFO] [1783317572.645306597] [lifecycle_manager_navigation]: Server controller_server connected with bond.
[lifecycle_manager-11] [INFO] [1783317572.645504055] [lifecycle_manager_navigation]: [34m[1mActivating smoother_server[0m[0m
[smoother_server-5] [INFO] [1783317572.646931888] [smoother_server]: Activating
[smoother_server-5] [INFO] [1783317572.647128763] [smoother_server]: Creating bond (smoother_server) to lifecycle manager.
[lifecycle_manager-11] [INFO] [1783317572.765331887] [lifecycle_manager_navigation]: Server smoother_server connected with bond.
[lifecycle_manager-11] [INFO] [1783317572.765499595] [lifecycle_manager_navigation]: [34m[1mActivating planner_server[0m[0m
[planner_server-6] [INFO] [1783317572.767063136] [planner_server]: Activating
[planner_server-6] [INFO] [1783317572.767273886] [global_costmap.global_costmap]: Activating
[planner_server-6] [INFO] [1783317572.767348303] [global_costmap.global_costmap]: Checking transform
[planner_server-6] [INFO] [1783317572.767695969] [global_costmap.global_costmap]: start
[amcl-2] [INFO] [1783317573.073105360] [amcl]: initialPoseReceived
[amcl-2] [WARN] [1783317573.073449818] [amcl]: Failed to transform initial pose in time (Lookup would require extrapolation into the future.  Requested time 1783317573.073291 but the latest data is at time 1783317573.040784, when looking up transform from frame [base_link] to frame [odom])
[amcl-2] [INFO] [1783317573.073538276] [amcl]: Setting pose (1783317573.073534): -2.771 1.203 -2.152
[planner_server-6] [INFO] [1783317573.817953342] [planner_server]: Activating plugin GridBased of type NavfnPlanner
[planner_server-6] [INFO] [1783317573.824514715] [planner_server]: Creating bond (planner_server) to lifecycle manager.
[lifecycle_manager-11] [INFO] [1783317573.948648378] [lifecycle_manager_navigation]: Server planner_server connected with bond.
[lifecycle_manager-11] [INFO] [1783317573.948882045] [lifecycle_manager_navigation]: [34m[1mActivating behavior_server[0m[0m
[behavior_server-7] [INFO] [1783317573.950548878] [behavior_server]: Activating
[behavior_server-7] [INFO] [1783317573.950699378] [behavior_server]: Activating spin
[behavior_server-7] [INFO] [1783317573.950766211] [behavior_server]: Activating backup
[behavior_server-7] [INFO] [1783317573.950818544] [behavior_server]: Activating drive_on_heading
[behavior_server-7] [INFO] [1783317573.950869586] [behavior_server]: Activating assisted_teleop
[behavior_server-7] [INFO] [1783317573.950919919] [behavior_server]: Activating wait
[behavior_server-7] [INFO] [1783317573.950985419] [behavior_server]: Creating bond (behavior_server) to lifecycle manager.
[lifecycle_manager-11] [INFO] [1783317574.077457999] [lifecycle_manager_navigation]: Server behavior_server connected with bond.
[lifecycle_manager-11] [INFO] [1783317574.077651957] [lifecycle_manager_navigation]: [34m[1mActivating bt_navigator[0m[0m
[bt_navigator-8] [INFO] [1783317574.079068707] [bt_navigator]: Activating
[bt_navigator-8] [INFO] [1783317574.436483661] [bt_navigator]: Creating bond (bt_navigator) to lifecycle manager.
[lifecycle_manager-11] [INFO] [1783317574.564027699] [lifecycle_manager_navigation]: Server bt_navigator connected with bond.
[lifecycle_manager-11] [INFO] [1783317574.564219449] [lifecycle_manager_navigation]: [34m[1mActivating waypoint_follower[0m[0m
[waypoint_follower-9] [INFO] [1783317574.565763657] [waypoint_follower]: Activating
[waypoint_follower-9] [INFO] [1783317574.565980698] [waypoint_follower]: Creating bond (waypoint_follower) to lifecycle manager.
[lifecycle_manager-11] [INFO] [1783317574.709081980] [lifecycle_manager_navigation]: Server waypoint_follower connected with bond.
[lifecycle_manager-11] [INFO] [1783317574.709922605] [lifecycle_manager_navigation]: [34m[1mActivating velocity_smoother[0m[0m
[velocity_smoother-10] [INFO] [1783317574.712075021] [velocity_smoother]: Activating
[velocity_smoother-10] [INFO] [1783317574.712380104] [velocity_smoother]: Creating bond (velocity_smoother) to lifecycle manager.
[lifecycle_manager-11] [INFO] [1783317574.842817307] [lifecycle_manager_navigation]: Server velocity_smoother connected with bond.
[lifecycle_manager-11] [INFO] [1783317574.843245932] [lifecycle_manager_navigation]: [34m[1mManaged nodes are active[0m[0m
[lifecycle_manager-11] [INFO] [1783317574.843309224] [lifecycle_manager_navigation]: [34m[1mCreating bond timer...[0m[0m
[planner_server-6] [WARN] [1783317681.735497433] [planner_server]: No planners specified in action call. Server will use only plugin GridBased  in server. This warning will appear once.
[bt_navigator-8] [INFO] [1783317681.919237616] [bt_navigator]: Begin navigating from current location (-2.76, 1.21) to (0.39, -0.01)
[controller_server-4] [INFO] [1783317681.969398889] [controller_server]: Received a goal, begin computing control effort.
[controller_server-4] [WARN] [1783317681.969707889] [controller_server]: No goal checker was specified in parameter 'current_goal_checker'. Server will use only plugin loaded general_goal_checker . This warning will appear once.
[controller_server-4] [INFO] [1783317702.070834126] [controller_server]: Passing new path to controller.
[bt_navigator-8] [WARN] [1783317708.449736957] [BehaviorTreeEngine]: Behavior Tree tick rate 50.00 was exceeded!
[controller_server-4] [INFO] [1783317722.169973384] [controller_server]: Passing new path to controller.
[controller_server-4] [ERROR] [1783317727.070268835] [controller_server]: Failed to make progress
[controller_server-4] [WARN] [1783317727.070609543] [controller_server]: [follow_path] [ActionServer] Aborting handle.
[controller_server-4] [INFO] [1783317727.107397946] [local_costmap.local_costmap]: Received request to clear entirely the local_costmap
[controller_server-4] [INFO] [1783317727.112356236] [controller_server]: Received a goal, begin computing control effort.
[bt_navigator-8] [WARN] [1783317742.167873825] [bt_navigator_navigate_to_pose_rclcpp_node]: Timed out while waiting for action server to acknowledge goal request for compute_path_to_pose
[planner_server-6] [INFO] [1783317742.179082988] [global_costmap.global_costmap]: Received request to clear entirely the global_costmap
[bt_navigator-8] [WARN] [1783317742.229290928] [bt_navigator_navigate_to_pose_rclcpp_node]: Node timed out while executing service call to global_costmap/clear_entirely_global_costmap.
[bt_navigator-8] [ERROR] [1783317742.291315780] [bt_navigator_navigate_to_pose_rclcpp_node]: Failed to cancel action server for follow_path
[controller_server-4] [INFO] [1783317742.312712147] [controller_server]: Goal was canceled. Stopping the robot.
[controller_server-4] [INFO] [1783317742.312917105] [controller_server]: [follow_path] [ActionServer] Client requested to cancel the goal. Cancelling.
[bt_navigator-8] [ERROR] [1783317742.351618216] [bt_navigator_navigate_to_pose_rclcpp_node]: Failed to get result for follow_path in node halt!
[controller_server-4] [INFO] [1783317742.352544091] [local_costmap.local_costmap]: Received request to clear entirely the local_costmap
[bt_navigator-8] [WARN] [1783317742.362763962] [BehaviorTreeEngine]: Behavior Tree tick rate 50.00 was exceeded!
[planner_server-6] [INFO] [1783317742.398478157] [global_costmap.global_costmap]: Received request to clear entirely the global_costmap
[behavior_server-7] [INFO] [1783317742.404835030] [behavior_server]: Running wait
[behavior_server-7] [INFO] [1783317743.405844161] [behavior_server]: wait completed successfully
[controller_server-4] [INFO] [1783317743.568763851] [controller_server]: Received a goal, begin computing control effort.
[controller_server-4] [INFO] [1783317763.669237733] [controller_server]: Passing new path to controller.
[controller_server-4] [INFO] [1783317783.769237927] [controller_server]: Passing new path to controller.
[controller_server-4] [ERROR] [1783317788.569436399] [controller_server]: Failed to make progress
[controller_server-4] [WARN] [1783317788.569789649] [controller_server]: [follow_path] [ActionServer] Aborting handle.
[controller_server-4] [INFO] [1783317788.604501053] [local_costmap.local_costmap]: Received request to clear entirely the local_costmap
[controller_server-4] [INFO] [1783317788.613583091] [controller_server]: Received a goal, begin computing control effort.
[controller_server-4] [WARN] [1783317788.726570758] [controller_server]: Control loop missed its desired rate of 10.0000Hz
[controller_server-4] [INFO] [1783317803.813894079] [controller_server]: Passing new path to controller.
[controller_server-4] [INFO] [1783317823.813891353] [controller_server]: Passing new path to controller.
[controller_server-4] [ERROR] [1783317833.814121670] [controller_server]: Failed to make progress
[controller_server-4] [WARN] [1783317833.814453253] [controller_server]: [follow_path] [ActionServer] Aborting handle.
[controller_server-4] [INFO] [1783317833.844278159] [local_costmap.local_costmap]: Received request to clear entirely the local_costmap
[planner_server-6] [INFO] [1783317833.846785408] [global_costmap.global_costmap]: Received request to clear entirely the global_costmap
[behavior_server-7] [INFO] [1783317833.862020110] [behavior_server]: Running wait
[behavior_server-7] [INFO] [1783317834.862442113] [behavior_server]: wait completed successfully
[controller_server-4] [INFO] [1783317834.966254074] [controller_server]: Received a goal, begin computing control effort.
[behavior_server-7] [INFO] [1783317854.932157454] [rclcpp]: signal_handler(signum=2)
[waypoint_follower-9] [INFO] [1783317854.932153579] [rclcpp]: signal_handler(signum=2)
[waypoint_follower-9] [INFO] [1783317854.933076412] [waypoint_follower]: Running Nav2 LifecycleNode rcl preshutdown (waypoint_follower)
[waypoint_follower-9] [INFO] [1783317854.933339995] [waypoint_follower]: Deactivating
[waypoint_follower-9] [INFO] [1783317854.933442287] [waypoint_follower]: Destroying bond (waypoint_follower) to lifecycle manager.
[lifecycle_manager-3] [INFO] [1783317854.932196954] [rclcpp]: signal_handler(signum=2)
[lifecycle_manager-3] [INFO] [1783317854.932954662] [lifecycle_manager_localization]: Running Nav2 LifecycleManager rcl preshutdown (lifecycle_manager_localization)
[lifecycle_manager-3] [INFO] [1783317854.933101870] [lifecycle_manager_localization]: [34m[1mTerminating bond timer...[0m[0m
[map_server-1] [INFO] [1783317854.932203162] [rclcpp]: signal_handler(signum=2)
[map_server-1] [INFO] [1783317854.932745787] [map_server]: Running Nav2 LifecycleNode rcl preshutdown (map_server)
[map_server-1] [INFO] [1783317854.933792370] [map_server]: Deactivating
[map_server-1] [INFO] [1783317854.933920453] [map_server]: Destroying bond (map_server) to lifecycle manager.
[velocity_smoother-10] [INFO] [1783317854.932235037] [rclcpp]: signal_handler(signum=2)
[velocity_smoother-10] [INFO] [1783317854.932924370] [velocity_smoother]: Running Nav2 LifecycleNode rcl preshutdown (velocity_smoother)
[velocity_smoother-10] [INFO] [1783317854.933765537] [velocity_smoother]: Deactivating
[velocity_smoother-10] [INFO] [1783317854.934189912] [velocity_smoother]: Destroying bond (velocity_smoother) to lifecycle manager.
[smoother_server-5] [INFO] [1783317854.932301954] [rclcpp]: signal_handler(signum=2)
[smoother_server-5] [INFO] [1783317854.932710829] [smoother_server]: Running Nav2 LifecycleNode rcl preshutdown (smoother_server)
[smoother_server-5] [INFO] [1783317854.933358162] [smoother_server]: Deactivating
[smoother_server-5] [INFO] [1783317854.933970828] [smoother_server]: Destroying bond (smoother_server) to lifecycle manager.
[planner_server-6] [INFO] [1783317854.932352371] [rclcpp]: signal_handler(signum=2)
[planner_server-6] [INFO] [1783317854.936469452] [planner_server]: Running Nav2 LifecycleNode rcl preshutdown (planner_server)
[planner_server-6] [INFO] [1783317854.937336702] [planner_server]: Deactivating
[planner_server-6] [INFO] [1783317854.937468785] [global_costmap.global_costmap]: Deactivating
[controller_server-4] [INFO] [1783317854.932394746] [rclcpp]: signal_handler(signum=2)
[controller_server-4] [INFO] [1783317854.933692662] [controller_server]: Running Nav2 LifecycleNode rcl preshutdown (controller_server)
[controller_server-4] [INFO] [1783317854.933981537] [controller_server]: Deactivating
[controller_server-4] [WARN] [1783317854.934070495] [controller_server]: [follow_path] [ActionServer] Requested to deactivate server but goal is still executing. Should check if action server is running before deactivating.
[lifecycle_manager-11] [INFO] [1783317854.933449870] [rclcpp]: signal_handler(signum=2)
[lifecycle_manager-11] [INFO] [1783317854.935260744] [lifecycle_manager_navigation]: Running Nav2 LifecycleManager rcl preshutdown (lifecycle_manager_navigation)
[lifecycle_manager-11] [INFO] [1783317854.937166535] [lifecycle_manager_navigation]: [34m[1mTerminating bond timer...[0m[0m
[bt_navigator-8] [INFO] [1783317854.934670953] [rclcpp]: signal_handler(signum=2)
[bt_navigator-8] [INFO] [1783317854.935036953] [bt_navigator]: Running Nav2 LifecycleNode rcl preshutdown (bt_navigator)
[bt_navigator-8] [INFO] [1783317854.935364119] [bt_navigator]: Deactivating
[bt_navigator-8] [WARN] [1783317854.935448619] [bt_navigator]: [navigate_to_pose] [ActionServer] Requested to deactivate server but goal is still executing. Should check if action server is running before deactivating.
[amcl-2] [INFO] [1783317854.934831620] [rclcpp]: signal_handler(signum=2)
[behavior_server-7] [INFO] [1783317854.935570869] [behavior_server]: Running Nav2 LifecycleNode rcl preshutdown (behavior_server)
[behavior_server-7] [INFO] [1783317854.935802911] [behavior_server]: Deactivating
[behavior_server-7] [INFO] [1783317854.935905869] [behavior_server]: Destroying bond (behavior_server) to lifecycle manager.
[amcl-2] [INFO] [1783317854.944535158] [amcl]: Running Nav2 LifecycleNode rcl preshutdown (amcl)
[amcl-2] [INFO] [1783317854.944825824] [amcl]: Deactivating
[amcl-2] [INFO] [1783317854.944936116] [amcl]: Destroying bond (amcl) to lifecycle manager.
[map_server-1] [INFO] [1783317854.964968900] [map_server]: Cleaning up
[map_server-1] [INFO] [1783317854.965179275] [map_server]: Destroying bond (map_server) to lifecycle manager.
[controller_server-4] [WARN] [1783317854.967515732] [controller_server]: [follow_path] [ActionServer] Stopping the thread per request.
[controller_server-4] [WARN] [1783317854.967663941] [controller_server]: [follow_path] [ActionServer] Aborting handle.
[controller_server-4] [INFO] [1783317854.968287815] [controller_server]: Deactivating controller: FollowPath of type regulated_pure_pursuit_controller::RegulatedPurePursuitController
[controller_server-4] [INFO] [1783317854.968928357] [local_costmap.local_costmap]: Deactivating
[waypoint_follower-9] [INFO] [1783317854.967488399] [waypoint_follower]: Cleaning up
[velocity_smoother-10] [INFO] [1783317854.977306937] [velocity_smoother]: Cleaning up
[velocity_smoother-10] [INFO] [1783317854.977567729] [velocity_smoother]: Destroying bond (velocity_smoother) to lifecycle manager.
[bt_navigator-8] [ERROR] [1783317855.004069219] [bt_navigator_navigate_to_pose_rclcpp_node]: Failed to cancel action server for follow_path
[behavior_server-7] [INFO] [1783317855.006790884] [behavior_server]: Cleaning up
[amcl-2] [INFO] [1783317855.017219589] [amcl]: Cleaning up
[bt_navigator-8] [INFO] [1783317855.035657624] [bt_navigator]: [navigate_to_pose] [ActionServer] Waiting for async process to finish.
[smoother_server-5] [INFO] [1783317855.037987581] [smoother_server]: Cleaning up
[bt_navigator-8] [ERROR] [1783317855.064567029] [bt_navigator_navigate_to_pose_rclcpp_node]: Failed to get result for follow_path in node halt!
[bt_navigator-8] [WARN] [1783317855.064863529] [bt_navigator]: [navigate_to_pose] [ActionServer] Aborting handle.
[bt_navigator-8] [INFO] [1783317855.065967779] [bt_navigator]: Goal canceled
[bt_navigator-8] [WARN] [1783317855.066083112] [bt_navigator]: [navigate_to_pose] [ActionServer] Stopping the thread per request.
[velocity_smoother-10] [INFO] [1783317855.065641737] [velocity_smoother]: Destroying
[bt_navigator-8] [INFO] [1783317855.066380070] [bt_navigator]: Destroying bond (bt_navigator) to lifecycle manager.
[controller_server-4] [INFO] [1783317855.119416592] [controller_server]: Destroying bond (controller_server) to lifecycle manager.
[map_server-1] [INFO] [1783317855.136537461] [map_server]: Destroying
[bt_navigator-8] [INFO] [1783317855.170522490] [bt_navigator]: Cleaning up
[lifecycle_manager-3] [INFO] [1783317855.216802223] [lifecycle_manager_localization]: Destroying lifecycle_manager_localization
[controller_server-4] [INFO] [1783317855.230826509] [controller_server]: Cleaning up
[controller_server-4] [INFO] [1783317855.230958717] [controller_server]: Cleaning up controller: FollowPath of type regulated_pure_pursuit_controller::RegulatedPurePursuitController
[controller_server-4] [INFO] [1783317855.231155301] [local_costmap.local_costmap]: Cleaning up
[waypoint_follower-9] [INFO] [1783317855.239343131] [waypoint_follower]: Destroying bond (waypoint_follower) to lifecycle manager.
[amcl-2] [INFO] [1783317855.259981165] [amcl]: Destroying bond (amcl) to lifecycle manager.
[waypoint_follower-9] [INFO] [1783317855.285887530] [waypoint_follower]: Destroying
[behavior_server-7] [INFO] [1783317855.387296325] [behavior_server]: Destroying bond (behavior_server) to lifecycle manager.
[smoother_server-5] [INFO] [1783317855.501292450] [smoother_server]: Destroying bond (smoother_server) to lifecycle manager.
[smoother_server-5] [INFO] [1783317855.561007386] [smoother_server]: Destroying
[amcl-2] [INFO] [1783317855.634411400] [amcl]: Destroying
[planner_server-6] [INFO] [1783317855.768160933] [planner_server]: Deactivating plugin GridBased of type NavfnPlanner
[planner_server-6] [INFO] [1783317855.768378141] [planner_server]: Destroying bond (planner_server) to lifecycle manager.
[planner_server-6] [INFO] [1783317855.791888508] [planner_server]: Cleaning up
[INFO] [lifecycle_manager-3]: process has finished cleanly [pid 142893]
[INFO] [waypoint_follower-9]: process has finished cleanly [pid 142915]
[controller_server-4] [INFO] [1783317855.965892568] [controller_server]: Destroying bond (controller_server) to lifecycle manager.
[controller_server-4] [INFO] [1783317855.986402518] [local_costmap.local_costmap]: Destroying
[INFO] [velocity_smoother-10]: process has finished cleanly [pid 142943]
[lifecycle_manager-11] [INFO] [1783317856.059772282] [lifecycle_manager_navigation]: Destroying lifecycle_manager_navigation
[behavior_server-7] [INFO] [1783317856.176319531] [behavior_server]: Destroying
[planner_server-6] [INFO] [1783317856.180901404] [global_costmap.global_costmap]: Cleaning up
[planner_server-6] [INFO] [1783317856.253074460] [planner_server]: Cleaning up plugin GridBased of type NavfnPlanner
[planner_server-6] [INFO] [1783317856.253574752] [planner_server]: Destroying plugin GridBased of type NavfnPlanner
[INFO] [smoother_server-5]: process has finished cleanly [pid 142897]
[INFO] [map_server-1]: process has finished cleanly [pid 142889]
[controller_server-4] [INFO] [1783317856.328123099] [controller_server]: Destroying
[planner_server-6] [INFO] [1783317856.419250106] [planner_server]: Destroying bond (planner_server) to lifecycle manager.
[planner_server-6] [INFO] [1783317856.451875928] [global_costmap.global_costmap]: Destroying
[INFO] [amcl-2]: process has finished cleanly [pid 142891]
[INFO] [lifecycle_manager-11]: process has finished cleanly [pid 142950]
[planner_server-6] [INFO] [1783317856.583566670] [planner_server]: Destroying
[INFO] [behavior_server-7]: process has finished cleanly [pid 142901]
[INFO] [controller_server-4]: process has finished cleanly [pid 142895]
[bt_navigator-8] [INFO] [1783317856.922526877] [bt_navigator]: Completed Cleaning up
[bt_navigator-8] [INFO] [1783317856.922802585] [bt_navigator]: Destroying bond (bt_navigator) to lifecycle manager.
[INFO] [planner_server-6]: process has finished cleanly [pid 142899]
[bt_navigator-8] [INFO] [1783317856.956484447] [bt_navigator]: Destroying
[INFO] [bt_navigator-8]: process has finished cleanly [pid 142903]
