[INFO] [launch]: All log files can be found below /root/.ros/log/2026-07-06-17-42-26-649755-ubuntu-100459
[INFO] [launch]: Default logging verbosity is set to INFO
[INFO] [map_server-1]: process started with pid [100494]
[INFO] [amcl-2]: process started with pid [100496]
[INFO] [lifecycle_manager-3]: process started with pid [100498]
[INFO] [controller_server-4]: process started with pid [100500]
[INFO] [smoother_server-5]: process started with pid [100502]
[INFO] [planner_server-6]: process started with pid [100504]
[INFO] [behavior_server-7]: process started with pid [100506]
[INFO] [bt_navigator-8]: process started with pid [100508]
[INFO] [waypoint_follower-9]: process started with pid [100510]
[INFO] [velocity_smoother-10]: process started with pid [100523]
[INFO] [lifecycle_manager-11]: process started with pid [100532]
[lifecycle_manager-3] [INFO] [1783330948.962196687] [lifecycle_manager_localization]: Creating
[lifecycle_manager-3] [INFO] [1783330949.012093368] [lifecycle_manager_localization]: [34m[1mCreating and initializing lifecycle service clients[0m[0m
[behavior_server-7] [INFO] [1783330949.031510398] [behavior_server]: 
[behavior_server-7] 	behavior_server lifecycle node launched. 
[behavior_server-7] 	Waiting on external lifecycle transitions to activate
[behavior_server-7] 	See https://design.ros2.org/articles/node_lifecycle.html for more information.
[controller_server-4] [INFO] [1783330949.261572561] [controller_server]: 
[controller_server-4] 	controller_server lifecycle node launched. 
[controller_server-4] 	Waiting on external lifecycle transitions to activate
[controller_server-4] 	See https://design.ros2.org/articles/node_lifecycle.html for more information.
[controller_server-4] [INFO] [1783330949.296848333] [controller_server]: Creating controller server
[bt_navigator-8] [INFO] [1783330949.379439079] [bt_navigator]: 
[bt_navigator-8] 	bt_navigator lifecycle node launched. 
[bt_navigator-8] 	Waiting on external lifecycle transitions to activate
[bt_navigator-8] 	See https://design.ros2.org/articles/node_lifecycle.html for more information.
[bt_navigator-8] [INFO] [1783330949.380990078] [bt_navigator]: Creating
[controller_server-4] [INFO] [1783330949.427649094] [local_costmap.local_costmap]: 
[controller_server-4] 	local_costmap lifecycle node launched. 
[controller_server-4] 	Waiting on external lifecycle transitions to activate
[controller_server-4] 	See https://design.ros2.org/articles/node_lifecycle.html for more information.
[controller_server-4] [INFO] [1783330949.435077881] [local_costmap.local_costmap]: Creating Costmap
[amcl-2] [INFO] [1783330949.603375204] [amcl]: 
[amcl-2] 	amcl lifecycle node launched. 
[amcl-2] 	Waiting on external lifecycle transitions to activate
[amcl-2] 	See https://design.ros2.org/articles/node_lifecycle.html for more information.
[amcl-2] [INFO] [1783330949.605207453] [amcl]: Creating
[smoother_server-5] [INFO] [1783330949.648950095] [smoother_server]: 
[smoother_server-5] 	smoother_server lifecycle node launched. 
[smoother_server-5] 	Waiting on external lifecycle transitions to activate
[smoother_server-5] 	See https://design.ros2.org/articles/node_lifecycle.html for more information.
[smoother_server-5] [INFO] [1783330949.690648030] [smoother_server]: Creating smoother server
[velocity_smoother-10] [INFO] [1783330949.763529781] [velocity_smoother]: 
[velocity_smoother-10] 	velocity_smoother lifecycle node launched. 
[velocity_smoother-10] 	Waiting on external lifecycle transitions to activate
[velocity_smoother-10] 	See https://design.ros2.org/articles/node_lifecycle.html for more information.
[planner_server-6] [INFO] [1783330949.798669428] [planner_server]: 
[planner_server-6] 	planner_server lifecycle node launched. 
[planner_server-6] 	Waiting on external lifecycle transitions to activate
[planner_server-6] 	See https://design.ros2.org/articles/node_lifecycle.html for more information.
[planner_server-6] [INFO] [1783330949.842996695] [planner_server]: Creating
[map_server-1] [INFO] [1783330949.945200929] [map_server]: 
[map_server-1] 	map_server lifecycle node launched. 
[map_server-1] 	Waiting on external lifecycle transitions to activate
[map_server-1] 	See https://design.ros2.org/articles/node_lifecycle.html for more information.
[map_server-1] [INFO] [1783330949.945842720] [map_server]: Creating
[lifecycle_manager-11] [INFO] [1783330950.069827193] [lifecycle_manager_navigation]: Creating
[lifecycle_manager-11] [INFO] [1783330950.177111258] [lifecycle_manager_navigation]: [34m[1mCreating and initializing lifecycle service clients[0m[0m
[waypoint_follower-9] [INFO] [1783330950.276940327] [waypoint_follower]: 
[waypoint_follower-9] 	waypoint_follower lifecycle node launched. 
[waypoint_follower-9] 	Waiting on external lifecycle transitions to activate
[waypoint_follower-9] 	See https://design.ros2.org/articles/node_lifecycle.html for more information.
[waypoint_follower-9] [INFO] [1783330950.279547367] [waypoint_follower]: Creating
[planner_server-6] [INFO] [1783330950.596675565] [global_costmap.global_costmap]: 
[planner_server-6] 	global_costmap lifecycle node launched. 
[planner_server-6] 	Waiting on external lifecycle transitions to activate
[planner_server-6] 	See https://design.ros2.org/articles/node_lifecycle.html for more information.
[planner_server-6] [INFO] [1783330950.598726605] [global_costmap.global_costmap]: Creating Costmap
[lifecycle_manager-11] [INFO] [1783330950.680111935] [lifecycle_manager_navigation]: [34m[1mStarting managed nodes bringup...[0m[0m
[lifecycle_manager-11] [INFO] [1783330950.680297726] [lifecycle_manager_navigation]: [34m[1mConfiguring controller_server[0m[0m
[controller_server-4] [INFO] [1783330951.034862111] [controller_server]: Configuring controller interface
[controller_server-4] [INFO] [1783330951.035672569] [controller_server]: getting goal checker plugins..
[controller_server-4] [INFO] [1783330951.036139444] [controller_server]: Controller frequency set to 8.0000Hz
[controller_server-4] [INFO] [1783330951.036367777] [local_costmap.local_costmap]: Configuring
[controller_server-4] [INFO] [1783330951.159398958] [local_costmap.local_costmap]: Using plugin "obstacle_layer"
[controller_server-4] [INFO] [1783330951.222419673] [local_costmap.local_costmap]: Subscribed to Topics: scan
[lifecycle_manager-3] [INFO] [1783330951.262276984] [lifecycle_manager_localization]: [34m[1mStarting managed nodes bringup...[0m[0m
[lifecycle_manager-3] [INFO] [1783330951.262501859] [lifecycle_manager_localization]: [34m[1mConfiguring map_server[0m[0m
[map_server-1] [INFO] [1783330951.264492608] [map_server]: Configuring
[map_server-1] [INFO] [1783330951.264771316] [map_io]: Loading yaml file: /root/rdk_x5_vln_robot/maps/joy_calibrated_corridor_map.yaml
[map_server-1] [INFO] [1783330951.265783399] [map_io]: resolution: 0.05
[map_server-1] [INFO] [1783330951.265865315] [map_io]: origin[0]: -3.89
[map_server-1] [INFO] [1783330951.265898440] [map_io]: origin[1]: -3.52
[map_server-1] [INFO] [1783330951.265926565] [map_io]: origin[2]: 0
[map_server-1] [INFO] [1783330951.265955315] [map_io]: free_thresh: 0.25
[map_server-1] [INFO] [1783330951.265983482] [map_io]: occupied_thresh: 0.65
[map_server-1] [INFO] [1783330951.266022107] [map_io]: mode: trinary
[map_server-1] [INFO] [1783330951.266052774] [map_io]: negate: 0
[map_server-1] [INFO] [1783330951.266812148] [map_io]: Loading image_file: /root/rdk_x5_vln_robot/maps/joy_calibrated_corridor_map.pgm
[map_server-1] [INFO] [1783330951.319374952] [map_io]: Read map /root/rdk_x5_vln_robot/maps/joy_calibrated_corridor_map.pgm: 173 X 148 map @ 0.05 m/cell
[controller_server-4] [INFO] [1783330951.343934272] [local_costmap.local_costmap]: Initialized plugin "obstacle_layer"
[controller_server-4] [INFO] [1783330951.344218938] [local_costmap.local_costmap]: Using plugin "inflation_layer"
[controller_server-4] [INFO] [1783330951.359778763] [local_costmap.local_costmap]: Initialized plugin "inflation_layer"
[lifecycle_manager-3] [INFO] [1783330951.426955809] [lifecycle_manager_localization]: [34m[1mConfiguring amcl[0m[0m
[amcl-2] [INFO] [1783330951.428349225] [amcl]: Configuring
[amcl-2] [INFO] [1783330951.428705474] [amcl]: initTransforms
[controller_server-4] [INFO] [1783330951.536193664] [controller_server]: Created progress_checker : progress_checker of type nav2_controller::SimpleProgressChecker
[controller_server-4] [INFO] [1783330951.547087325] [controller_server]: Created goal checker : general_goal_checker of type nav2_controller::SimpleGoalChecker
[amcl-2] [INFO] [1783330951.555575570] [amcl]: initPubSub
[controller_server-4] [INFO] [1783330951.556367320] [controller_server]: Controller Server has general_goal_checker  goal checkers available.
[controller_server-4] [INFO] [1783330951.561804317] [controller_server]: Created controller : FollowPath of type nav2_regulated_pure_pursuit_controller::RegulatedPurePursuitController
[amcl-2] [INFO] [1783330951.624445948] [amcl]: Subscribed to map topic.
[controller_server-4] [INFO] [1783330951.650160142] [controller_server]: Controller Server has FollowPath  controllers available.
[lifecycle_manager-3] [INFO] [1783330951.698502115] [lifecycle_manager_localization]: [34m[1mActivating map_server[0m[0m
[map_server-1] [INFO] [1783330951.701110780] [map_server]: Activating
[map_server-1] [INFO] [1783330951.701991447] [map_server]: Creating bond (map_server) to lifecycle manager.
[amcl-2] [INFO] [1783330951.708133610] [amcl]: Received a 173 X 148 map @ 0.050 m/pix
[lifecycle_manager-11] [INFO] [1783330951.783697484] [lifecycle_manager_navigation]: [34m[1mConfiguring smoother_server[0m[0m
[smoother_server-5] [INFO] [1783330951.785220442] [smoother_server]: Configuring smoother server
[lifecycle_manager-3] [INFO] [1783330951.835964413] [lifecycle_manager_localization]: Server map_server connected with bond.
[lifecycle_manager-3] [INFO] [1783330951.836215330] [lifecycle_manager_localization]: [34m[1mActivating amcl[0m[0m
[amcl-2] [INFO] [1783330951.837325913] [amcl]: Activating
[amcl-2] [INFO] [1783330951.837503621] [amcl]: Creating bond (amcl) to lifecycle manager.
[amcl-2] [INFO] [1783330951.917514076] [amcl]: createLaserObject
[smoother_server-5] [INFO] [1783330951.922350448] [smoother_server]: Created smoother : simple_smoother of type nav2_smoother::SimpleSmoother
[smoother_server-5] [INFO] [1783330951.930990027] [smoother_server]: Smoother Server has simple_smoother  smoothers available.
[lifecycle_manager-3] [INFO] [1783330951.973298212] [lifecycle_manager_localization]: Server amcl connected with bond.
[lifecycle_manager-3] [INFO] [1783330951.973501878] [lifecycle_manager_localization]: [34m[1mManaged nodes are active[0m[0m
[lifecycle_manager-3] [INFO] [1783330951.973581961] [lifecycle_manager_localization]: [34m[1mCreating bond timer...[0m[0m
[lifecycle_manager-11] [INFO] [1783330952.010465107] [lifecycle_manager_navigation]: [34m[1mConfiguring planner_server[0m[0m
[planner_server-6] [INFO] [1783330952.011962148] [planner_server]: Configuring
[planner_server-6] [INFO] [1783330952.012212481] [global_costmap.global_costmap]: Configuring
[planner_server-6] [INFO] [1783330952.072926239] [global_costmap.global_costmap]: Using plugin "static_layer"
[planner_server-6] [INFO] [1783330952.103951597] [global_costmap.global_costmap]: Subscribing to the map topic (/map) with transient local durability
[planner_server-6] [INFO] [1783330952.116770131] [global_costmap.global_costmap]: Initialized plugin "static_layer"
[planner_server-6] [INFO] [1783330952.116927298] [global_costmap.global_costmap]: Using plugin "inflation_layer"
[planner_server-6] [INFO] [1783330952.126248959] [global_costmap.global_costmap]: Initialized plugin "inflation_layer"
[planner_server-6] [INFO] [1783330952.248157600] [global_costmap.global_costmap]: StaticLayer: Resizing costmap to 173 X 148 at 0.050000 m/pix
[planner_server-6] [INFO] [1783330952.249367974] [planner_server]: Created global planner plugin GridBased of type nav2_navfn_planner/NavfnPlanner
[planner_server-6] [INFO] [1783330952.249502890] [planner_server]: Configuring plugin GridBased of type NavfnPlanner
[planner_server-6] [INFO] [1783330952.260625676] [planner_server]: Planner Server has GridBased  planners available.
[lifecycle_manager-11] [INFO] [1783330952.358350538] [lifecycle_manager_navigation]: [34m[1mConfiguring behavior_server[0m[0m
[behavior_server-7] [INFO] [1783330952.359532829] [behavior_server]: Configuring
[behavior_server-7] [INFO] [1783330952.448692112] [behavior_server]: Creating behavior plugin spin of type nav2_behaviors/Spin
[behavior_server-7] [INFO] [1783330952.452522902] [behavior_server]: Configuring spin
[behavior_server-7] [INFO] [1783330952.604003901] [behavior_server]: Creating behavior plugin backup of type nav2_behaviors/BackUp
[behavior_server-7] [INFO] [1783330952.608927690] [behavior_server]: Configuring backup
[behavior_server-7] [INFO] [1783330952.715215963] [behavior_server]: Creating behavior plugin drive_on_heading of type nav2_behaviors/DriveOnHeading
[behavior_server-7] [INFO] [1783330952.723363792] [behavior_server]: Configuring drive_on_heading
[behavior_server-7] [INFO] [1783330952.858813883] [behavior_server]: Creating behavior plugin assisted_teleop of type nav2_behaviors/AssistedTeleop
[behavior_server-7] [INFO] [1783330952.874180125] [behavior_server]: Configuring assisted_teleop
[behavior_server-7] [INFO] [1783330953.006603259] [behavior_server]: Creating behavior plugin wait of type nav2_behaviors/Wait
[behavior_server-7] [INFO] [1783330953.010047299] [behavior_server]: Configuring wait
[lifecycle_manager-11] [INFO] [1783330953.061964728] [lifecycle_manager_navigation]: [34m[1mConfiguring bt_navigator[0m[0m
[bt_navigator-8] [INFO] [1783330953.064141435] [bt_navigator]: Configuring
[amcl-2] [WARN] [1783330953.513898434] [amcl]: AMCL cannot publish a pose or update the transform. Please set the initial pose...
[lifecycle_manager-11] [INFO] [1783330953.773950913] [lifecycle_manager_navigation]: [34m[1mConfiguring waypoint_follower[0m[0m
[waypoint_follower-9] [INFO] [1783330953.775563537] [waypoint_follower]: Configuring
[waypoint_follower-9] [INFO] [1783330953.905835590] [waypoint_follower]: Created waypoint_task_executor : wait_at_waypoint of type nav2_waypoint_follower::WaitAtWaypoint
[lifecycle_manager-11] [INFO] [1783330953.911339628] [lifecycle_manager_navigation]: [34m[1mConfiguring velocity_smoother[0m[0m
[velocity_smoother-10] [INFO] [1783330953.913583877] [velocity_smoother]: Configuring velocity smoother
[lifecycle_manager-11] [INFO] [1783330953.947004025] [lifecycle_manager_navigation]: [34m[1mActivating controller_server[0m[0m
[controller_server-4] [INFO] [1783330953.948508691] [controller_server]: Activating
[controller_server-4] [INFO] [1783330953.948712482] [local_costmap.local_costmap]: Activating
[controller_server-4] [INFO] [1783330953.948785066] [local_costmap.local_costmap]: Checking transform
[controller_server-4] [INFO] [1783330953.949248774] [local_costmap.local_costmap]: start
[controller_server-4] [INFO] [1783330954.154106826] [controller_server]: Activating controller: FollowPath of type regulated_pure_pursuit_controller::RegulatedPurePursuitController
[controller_server-4] [INFO] [1783330954.154334284] [controller_server]: Creating bond (controller_server) to lifecycle manager.
[lifecycle_manager-11] [INFO] [1783330954.280856130] [lifecycle_manager_navigation]: Server controller_server connected with bond.
[lifecycle_manager-11] [INFO] [1783330954.281033255] [lifecycle_manager_navigation]: [34m[1mActivating smoother_server[0m[0m
[smoother_server-5] [INFO] [1783330954.282365129] [smoother_server]: Activating
[smoother_server-5] [INFO] [1783330954.282564796] [smoother_server]: Creating bond (smoother_server) to lifecycle manager.
[lifecycle_manager-11] [INFO] [1783330954.414161472] [lifecycle_manager_navigation]: Server smoother_server connected with bond.
[lifecycle_manager-11] [INFO] [1783330954.414356305] [lifecycle_manager_navigation]: [34m[1mActivating planner_server[0m[0m
[planner_server-6] [INFO] [1783330954.415898805] [planner_server]: Activating
[planner_server-6] [INFO] [1783330954.416132179] [global_costmap.global_costmap]: Activating
[planner_server-6] [INFO] [1783330954.416206638] [global_costmap.global_costmap]: Checking transform
[planner_server-6] [INFO] [1783330954.416340221] [global_costmap.global_costmap]: Timed out waiting for transform from base_link to map to become available, tf error: Invalid frame ID "map" passed to canTransform argument target_frame - frame does not exist
[planner_server-6] [INFO] [1783330954.916384150] [global_costmap.global_costmap]: Timed out waiting for transform from base_link to map to become available, tf error: Invalid frame ID "map" passed to canTransform argument target_frame - frame does not exist
[planner_server-6] [INFO] [1783330955.422519784] [global_costmap.global_costmap]: Timed out waiting for transform from base_link to map to become available, tf error: Invalid frame ID "map" passed to canTransform argument target_frame - frame does not exist
[amcl-2] [WARN] [1783330955.522564811] [amcl]: AMCL cannot publish a pose or update the transform. Please set the initial pose...
[planner_server-6] [INFO] [1783330955.916377925] [global_costmap.global_costmap]: Timed out waiting for transform from base_link to map to become available, tf error: Invalid frame ID "map" passed to canTransform argument target_frame - frame does not exist
[planner_server-6] [INFO] [1783330956.416363354] [global_costmap.global_costmap]: Timed out waiting for transform from base_link to map to become available, tf error: Invalid frame ID "map" passed to canTransform argument target_frame - frame does not exist
[planner_server-6] [INFO] [1783330956.916372824] [global_costmap.global_costmap]: Timed out waiting for transform from base_link to map to become available, tf error: Invalid frame ID "map" passed to canTransform argument target_frame - frame does not exist
[planner_server-6] [INFO] [1783330957.416369045] [global_costmap.global_costmap]: Timed out waiting for transform from base_link to map to become available, tf error: Invalid frame ID "map" passed to canTransform argument target_frame - frame does not exist
[amcl-2] [WARN] [1783330957.603880732] [amcl]: AMCL cannot publish a pose or update the transform. Please set the initial pose...
[planner_server-6] [INFO] [1783330957.916374599] [global_costmap.global_costmap]: Timed out waiting for transform from base_link to map to become available, tf error: Invalid frame ID "map" passed to canTransform argument target_frame - frame does not exist
[planner_server-6] [INFO] [1783330958.416368945] [global_costmap.global_costmap]: Timed out waiting for transform from base_link to map to become available, tf error: Invalid frame ID "map" passed to canTransform argument target_frame - frame does not exist
[planner_server-6] [INFO] [1783330958.916390458] [global_costmap.global_costmap]: Timed out waiting for transform from base_link to map to become available, tf error: Invalid frame ID "map" passed to canTransform argument target_frame - frame does not exist
[planner_server-6] [INFO] [1783330959.416370554] [global_costmap.global_costmap]: Timed out waiting for transform from base_link to map to become available, tf error: Invalid frame ID "map" passed to canTransform argument target_frame - frame does not exist
[amcl-2] [WARN] [1783330959.699358312] [amcl]: AMCL cannot publish a pose or update the transform. Please set the initial pose...
[planner_server-6] [INFO] [1783330959.916391108] [global_costmap.global_costmap]: Timed out waiting for transform from base_link to map to become available, tf error: Invalid frame ID "map" passed to canTransform argument target_frame - frame does not exist
[planner_server-6] [INFO] [1783330960.416378120] [global_costmap.global_costmap]: Timed out waiting for transform from base_link to map to become available, tf error: Invalid frame ID "map" passed to canTransform argument target_frame - frame does not exist
[planner_server-6] [INFO] [1783330960.917282091] [global_costmap.global_costmap]: Timed out waiting for transform from base_link to map to become available, tf error: Invalid frame ID "map" passed to canTransform argument target_frame - frame does not exist
[planner_server-6] [INFO] [1783330961.416385062] [global_costmap.global_costmap]: Timed out waiting for transform from base_link to map to become available, tf error: Invalid frame ID "map" passed to canTransform argument target_frame - frame does not exist
[amcl-2] [WARN] [1783330961.701874778] [amcl]: AMCL cannot publish a pose or update the transform. Please set the initial pose...
[planner_server-6] [INFO] [1783330961.916380492] [global_costmap.global_costmap]: Timed out waiting for transform from base_link to map to become available, tf error: Invalid frame ID "map" passed to canTransform argument target_frame - frame does not exist
[planner_server-6] [INFO] [1783330962.416372588] [global_costmap.global_costmap]: Timed out waiting for transform from base_link to map to become available, tf error: Invalid frame ID "map" passed to canTransform argument target_frame - frame does not exist
[planner_server-6] [INFO] [1783330962.916378809] [global_costmap.global_costmap]: Timed out waiting for transform from base_link to map to become available, tf error: Invalid frame ID "map" passed to canTransform argument target_frame - frame does not exist
[planner_server-6] [INFO] [1783330963.416370030] [global_costmap.global_costmap]: Timed out waiting for transform from base_link to map to become available, tf error: Invalid frame ID "map" passed to canTransform argument target_frame - frame does not exist
[amcl-2] [WARN] [1783330963.793758361] [amcl]: AMCL cannot publish a pose or update the transform. Please set the initial pose...
[planner_server-6] [INFO] [1783330963.916373085] [global_costmap.global_costmap]: Timed out waiting for transform from base_link to map to become available, tf error: Invalid frame ID "map" passed to canTransform argument target_frame - frame does not exist
[planner_server-6] [INFO] [1783330964.416372139] [global_costmap.global_costmap]: Timed out waiting for transform from base_link to map to become available, tf error: Invalid frame ID "map" passed to canTransform argument target_frame - frame does not exist
[planner_server-6] [INFO] [1783330964.916356777] [global_costmap.global_costmap]: Timed out waiting for transform from base_link to map to become available, tf error: Invalid frame ID "map" passed to canTransform argument target_frame - frame does not exist
[planner_server-6] [INFO] [1783330965.416374332] [global_costmap.global_costmap]: Timed out waiting for transform from base_link to map to become available, tf error: Invalid frame ID "map" passed to canTransform argument target_frame - frame does not exist
[amcl-2] [WARN] [1783330965.796070745] [amcl]: AMCL cannot publish a pose or update the transform. Please set the initial pose...
[planner_server-6] [INFO] [1783330965.916368803] [global_costmap.global_costmap]: Timed out waiting for transform from base_link to map to become available, tf error: Invalid frame ID "map" passed to canTransform argument target_frame - frame does not exist
[planner_server-6] [INFO] [1783330966.416364608] [global_costmap.global_costmap]: Timed out waiting for transform from base_link to map to become available, tf error: Invalid frame ID "map" passed to canTransform argument target_frame - frame does not exist
[planner_server-6] [INFO] [1783330966.916390454] [global_costmap.global_costmap]: Timed out waiting for transform from base_link to map to become available, tf error: Invalid frame ID "map" passed to canTransform argument target_frame - frame does not exist
[planner_server-6] [INFO] [1783330967.416393134] [global_costmap.global_costmap]: Timed out waiting for transform from base_link to map to become available, tf error: Invalid frame ID "map" passed to canTransform argument target_frame - frame does not exist
[amcl-2] [WARN] [1783330967.891002119] [amcl]: AMCL cannot publish a pose or update the transform. Please set the initial pose...
[planner_server-6] [INFO] [1783330967.916367855] [global_costmap.global_costmap]: Timed out waiting for transform from base_link to map to become available, tf error: Invalid frame ID "map" passed to canTransform argument target_frame - frame does not exist
[planner_server-6] [INFO] [1783330968.416393201] [global_costmap.global_costmap]: Timed out waiting for transform from base_link to map to become available, tf error: Invalid frame ID "map" passed to canTransform argument target_frame - frame does not exist
[planner_server-6] [INFO] [1783330968.916373548] [global_costmap.global_costmap]: Timed out waiting for transform from base_link to map to become available, tf error: Invalid frame ID "map" passed to canTransform argument target_frame - frame does not exist
[planner_server-6] [INFO] [1783330969.416386061] [global_costmap.global_costmap]: Timed out waiting for transform from base_link to map to become available, tf error: Invalid frame ID "map" passed to canTransform argument target_frame - frame does not exist
[planner_server-6] [INFO] [1783330969.916369283] [global_costmap.global_costmap]: Timed out waiting for transform from base_link to map to become available, tf error: Invalid frame ID "map" passed to canTransform argument target_frame - frame does not exist
[amcl-2] [WARN] [1783330969.986895785] [amcl]: AMCL cannot publish a pose or update the transform. Please set the initial pose...
[planner_server-6] [INFO] [1783330970.416367879] [global_costmap.global_costmap]: Timed out waiting for transform from base_link to map to become available, tf error: Invalid frame ID "map" passed to canTransform argument target_frame - frame does not exist
[planner_server-6] [INFO] [1783330970.916442726] [global_costmap.global_costmap]: Timed out waiting for transform from base_link to map to become available, tf error: Invalid frame ID "map" passed to canTransform argument target_frame - frame does not exist
[planner_server-6] [INFO] [1783330971.416380614] [global_costmap.global_costmap]: Timed out waiting for transform from base_link to map to become available, tf error: Invalid frame ID "map" passed to canTransform argument target_frame - frame does not exist
[planner_server-6] [INFO] [1783330971.920363167] [global_costmap.global_costmap]: Timed out waiting for transform from base_link to map to become available, tf error: Invalid frame ID "map" passed to canTransform argument target_frame - frame does not exist
[amcl-2] [WARN] [1783330971.994734834] [amcl]: AMCL cannot publish a pose or update the transform. Please set the initial pose...
[planner_server-6] [INFO] [1783330972.416366724] [global_costmap.global_costmap]: Timed out waiting for transform from base_link to map to become available, tf error: Invalid frame ID "map" passed to canTransform argument target_frame - frame does not exist
[planner_server-6] [INFO] [1783330972.916496196] [global_costmap.global_costmap]: Timed out waiting for transform from base_link to map to become available, tf error: Invalid frame ID "map" passed to canTransform argument target_frame - frame does not exist
[amcl-2] [INFO] [1783330973.190069668] [amcl]: initialPoseReceived
[amcl-2] [WARN] [1783330973.190541251] [amcl]: Failed to transform initial pose in time (Lookup would require extrapolation into the future.  Requested time 1783330973.190261 but the latest data is at time 1783330973.156306, when looking up transform from frame [base_link] to frame [odom])
[amcl-2] [INFO] [1783330973.190673001] [amcl]: Setting pose (1783330973.190668): -2.609 1.359 0.655
[planner_server-6] [INFO] [1783330973.416567667] [global_costmap.global_costmap]: Timed out waiting for transform from base_link to map to become available, tf error: Lookup would require extrapolation into the past.  Requested time 1783330973.390604 but the earliest data is at time 1783330975.177235, when looking up transform from frame [base_link] to frame [map]
[planner_server-6] [INFO] [1783330973.916497139] [global_costmap.global_costmap]: Timed out waiting for transform from base_link to map to become available, tf error: Lookup would require extrapolation into the past.  Requested time 1783330973.889793 but the earliest data is at time 1783330975.177235, when looking up transform from frame [base_link] to frame [map]
[planner_server-6] [INFO] [1783330974.416438819] [global_costmap.global_costmap]: Timed out waiting for transform from base_link to map to become available, tf error: Lookup would require extrapolation into the past.  Requested time 1783330974.390247 but the earliest data is at time 1783330975.177235, when looking up transform from frame [base_link] to frame [map]
[planner_server-6] [INFO] [1783330974.916494958] [global_costmap.global_costmap]: Timed out waiting for transform from base_link to map to become available, tf error: Lookup would require extrapolation into the past.  Requested time 1783330974.890283 but the earliest data is at time 1783330975.177235, when looking up transform from frame [base_link] to frame [map]
[planner_server-6] [INFO] [1783330975.416612680] [global_costmap.global_costmap]: start
[amcl-2] [INFO] [1783330976.373447022] [amcl]: initialPoseReceived
[amcl-2] [WARN] [1783330976.373918480] [amcl]: Failed to transform initial pose in time (Lookup would require extrapolation into the future.  Requested time 1783330976.373674 but the latest data is at time 1783330976.356130, when looking up transform from frame [base_link] to frame [odom])
[amcl-2] [INFO] [1783330976.374155730] [amcl]: Setting pose (1783330976.374151): -2.609 1.359 0.655
[planner_server-6] [INFO] [1783330976.467006554] [planner_server]: Activating plugin GridBased of type NavfnPlanner
[planner_server-6] [INFO] [1783330976.474398008] [planner_server]: Creating bond (planner_server) to lifecycle manager.
[lifecycle_manager-11] [INFO] [1783330976.601490229] [lifecycle_manager_navigation]: Server planner_server connected with bond.
[lifecycle_manager-11] [INFO] [1783330976.601688687] [lifecycle_manager_navigation]: [34m[1mActivating behavior_server[0m[0m
[behavior_server-7] [INFO] [1783330976.603334770] [behavior_server]: Activating
[behavior_server-7] [INFO] [1783330976.603477853] [behavior_server]: Activating spin
[behavior_server-7] [INFO] [1783330976.603543519] [behavior_server]: Activating backup
[behavior_server-7] [INFO] [1783330976.603594686] [behavior_server]: Activating drive_on_heading
[behavior_server-7] [INFO] [1783330976.603646269] [behavior_server]: Activating assisted_teleop
[behavior_server-7] [INFO] [1783330976.603696186] [behavior_server]: Activating wait
[behavior_server-7] [INFO] [1783330976.603762353] [behavior_server]: Creating bond (behavior_server) to lifecycle manager.
[lifecycle_manager-11] [INFO] [1783330976.729625824] [lifecycle_manager_navigation]: Server behavior_server connected with bond.
[lifecycle_manager-11] [INFO] [1783330976.729793533] [lifecycle_manager_navigation]: [34m[1mActivating bt_navigator[0m[0m
[bt_navigator-8] [INFO] [1783330976.731366490] [bt_navigator]: Activating
[bt_navigator-8] [WARN] [1783330977.201023020] [bt_navigator_navigate_to_pose_rclcpp_node]: Wait duration is negative or zero (0). Setting to positive.
[bt_navigator-8] [INFO] [1783330977.208582391] [bt_navigator]: Creating bond (bt_navigator) to lifecycle manager.
[lifecycle_manager-11] [INFO] [1783330977.334627363] [lifecycle_manager_navigation]: Server bt_navigator connected with bond.
[lifecycle_manager-11] [INFO] [1783330977.334821321] [lifecycle_manager_navigation]: [34m[1mActivating waypoint_follower[0m[0m
[waypoint_follower-9] [INFO] [1783330977.336692820] [waypoint_follower]: Activating
[waypoint_follower-9] [INFO] [1783330977.336913570] [waypoint_follower]: Creating bond (waypoint_follower) to lifecycle manager.
[lifecycle_manager-11] [INFO] [1783330977.469931204] [lifecycle_manager_navigation]: Server waypoint_follower connected with bond.
[lifecycle_manager-11] [INFO] [1783330977.470596162] [lifecycle_manager_navigation]: [34m[1mActivating velocity_smoother[0m[0m
[velocity_smoother-10] [INFO] [1783330977.473317536] [velocity_smoother]: Activating
[velocity_smoother-10] [INFO] [1783330977.473891410] [velocity_smoother]: Creating bond (velocity_smoother) to lifecycle manager.
[lifecycle_manager-11] [INFO] [1783330977.630084365] [lifecycle_manager_navigation]: Server velocity_smoother connected with bond.
[lifecycle_manager-11] [INFO] [1783330977.630254615] [lifecycle_manager_navigation]: [34m[1mManaged nodes are active[0m[0m
[lifecycle_manager-11] [INFO] [1783330977.630314490] [lifecycle_manager_navigation]: [34m[1mCreating bond timer...[0m[0m
[bt_navigator-8] [INFO] [1783331077.416957103] [rclcpp]: signal_handler(signum=2)
[velocity_smoother-10] [INFO] [1783331077.416951019] [rclcpp]: signal_handler(signum=2)
[controller_server-4] [INFO] [1783331077.416993144] [rclcpp]: signal_handler(signum=2)
[map_server-1] [INFO] [1783331077.417090269] [rclcpp]: signal_handler(signum=2)
[map_server-1] [INFO] [1783331077.417456436] [map_server]: Running Nav2 LifecycleNode rcl preshutdown (map_server)
[map_server-1] [INFO] [1783331077.417705769] [map_server]: Deactivating
[map_server-1] [INFO] [1783331077.417782185] [map_server]: Destroying bond (map_server) to lifecycle manager.
[velocity_smoother-10] [INFO] [1783331077.417438727] [velocity_smoother]: Running Nav2 LifecycleNode rcl preshutdown (velocity_smoother)
[velocity_smoother-10] [INFO] [1783331077.417707602] [velocity_smoother]: Deactivating
[velocity_smoother-10] [INFO] [1783331077.417833894] [velocity_smoother]: Destroying bond (velocity_smoother) to lifecycle manager.
[planner_server-6] [INFO] [1783331077.417809227] [rclcpp]: signal_handler(signum=2)
[planner_server-6] [INFO] [1783331077.418380227] [planner_server]: Running Nav2 LifecycleNode rcl preshutdown (planner_server)
[planner_server-6] [INFO] [1783331077.418559893] [planner_server]: Deactivating
[planner_server-6] [INFO] [1783331077.418673310] [global_costmap.global_costmap]: Deactivating
[amcl-2] [INFO] [1783331077.417957560] [rclcpp]: signal_handler(signum=2)
[bt_navigator-8] [INFO] [1783331077.418178810] [bt_navigator]: Running Nav2 LifecycleNode rcl preshutdown (bt_navigator)
[bt_navigator-8] [INFO] [1783331077.418439560] [bt_navigator]: Deactivating
[bt_navigator-8] [INFO] [1783331077.418554477] [bt_navigator]: Destroying bond (bt_navigator) to lifecycle manager.
[controller_server-4] [INFO] [1783331077.420560851] [controller_server]: Running Nav2 LifecycleNode rcl preshutdown (controller_server)
[controller_server-4] [INFO] [1783331077.420890184] [controller_server]: Deactivating
[controller_server-4] [INFO] [1783331077.421008642] [controller_server]: Deactivating controller: FollowPath of type regulated_pure_pursuit_controller::RegulatedPurePursuitController
[controller_server-4] [INFO] [1783331077.421198767] [local_costmap.local_costmap]: Deactivating
[lifecycle_manager-11] [INFO] [1783331077.416946811] [rclcpp]: signal_handler(signum=2)
[lifecycle_manager-11] [INFO] [1783331077.421383600] [lifecycle_manager_navigation]: Running Nav2 LifecycleManager rcl preshutdown (lifecycle_manager_navigation)
[lifecycle_manager-11] [INFO] [1783331077.421520517] [lifecycle_manager_navigation]: [34m[1mTerminating bond timer...[0m[0m
[amcl-2] [INFO] [1783331077.422224100] [amcl]: Running Nav2 LifecycleNode rcl preshutdown (amcl)
[amcl-2] [INFO] [1783331077.422494850] [amcl]: Deactivating
[amcl-2] [INFO] [1783331077.422582725] [amcl]: Destroying bond (amcl) to lifecycle manager.
[waypoint_follower-9] [INFO] [1783331077.424424724] [rclcpp]: signal_handler(signum=2)
[waypoint_follower-9] [INFO] [1783331077.425289598] [waypoint_follower]: Running Nav2 LifecycleNode rcl preshutdown (waypoint_follower)
[waypoint_follower-9] [INFO] [1783331077.425560515] [waypoint_follower]: Deactivating
[waypoint_follower-9] [INFO] [1783331077.425661015] [waypoint_follower]: Destroying bond (waypoint_follower) to lifecycle manager.
[smoother_server-5] [INFO] [1783331077.428070097] [rclcpp]: signal_handler(signum=2)
[smoother_server-5] [INFO] [1783331077.432297303] [smoother_server]: Running Nav2 LifecycleNode rcl preshutdown (smoother_server)
[smoother_server-5] [INFO] [1783331077.432580136] [smoother_server]: Deactivating
[smoother_server-5] [INFO] [1783331077.432681594] [smoother_server]: Destroying bond (smoother_server) to lifecycle manager.
[lifecycle_manager-3] [INFO] [1783331077.428835263] [rclcpp]: signal_handler(signum=2)
[lifecycle_manager-3] [INFO] [1783331077.429475762] [lifecycle_manager_localization]: Running Nav2 LifecycleManager rcl preshutdown (lifecycle_manager_localization)
[lifecycle_manager-3] [INFO] [1783331077.429644471] [lifecycle_manager_localization]: [34m[1mTerminating bond timer...[0m[0m
[behavior_server-7] [INFO] [1783331077.446862461] [rclcpp]: signal_handler(signum=2)
[behavior_server-7] [INFO] [1783331077.447180169] [behavior_server]: Running Nav2 LifecycleNode rcl preshutdown (behavior_server)
[behavior_server-7] [INFO] [1783331077.447433169] [behavior_server]: Deactivating
[behavior_server-7] [INFO] [1783331077.447540919] [behavior_server]: Destroying bond (behavior_server) to lifecycle manager.
[map_server-1] [INFO] [1783331077.471430281] [map_server]: Cleaning up
[velocity_smoother-10] [INFO] [1783331077.471792781] [velocity_smoother]: Cleaning up
[velocity_smoother-10] [INFO] [1783331077.471976573] [velocity_smoother]: Destroying bond (velocity_smoother) to lifecycle manager.
[velocity_smoother-10] [INFO] [1783331077.489758563] [velocity_smoother]: Destroying
[waypoint_follower-9] [INFO] [1783331077.477014195] [waypoint_follower]: Cleaning up
[amcl-2] [INFO] [1783331077.481311276] [amcl]: Cleaning up
[map_server-1] [INFO] [1783331077.529560416] [map_server]: Destroying bond (map_server) to lifecycle manager.
[smoother_server-5] [INFO] [1783331077.533603539] [smoother_server]: Cleaning up
[behavior_server-7] [INFO] [1783331077.548317031] [behavior_server]: Cleaning up
[controller_server-4] [INFO] [1783331077.550107530] [controller_server]: Destroying bond (controller_server) to lifecycle manager.
[bt_navigator-8] [INFO] [1783331077.568335479] [bt_navigator]: Cleaning up
[map_server-1] [INFO] [1783331077.572508685] [map_server]: Destroying
[behavior_server-7] [INFO] [1783331077.625445781] [behavior_server]: Destroying bond (behavior_server) to lifecycle manager.
[lifecycle_manager-3] [INFO] [1783331077.636360442] [lifecycle_manager_localization]: Destroying lifecycle_manager_localization
[controller_server-4] [INFO] [1783331077.675208504] [controller_server]: Cleaning up
[controller_server-4] [INFO] [1783331077.675349545] [controller_server]: Cleaning up controller: FollowPath of type regulated_pure_pursuit_controller::RegulatedPurePursuitController
[controller_server-4] [INFO] [1783331077.675547004] [local_costmap.local_costmap]: Cleaning up
[waypoint_follower-9] [INFO] [1783331077.679878960] [waypoint_follower]: Destroying bond (waypoint_follower) to lifecycle manager.
[smoother_server-5] [INFO] [1783331077.735152804] [smoother_server]: Destroying bond (smoother_server) to lifecycle manager.
[amcl-2] [INFO] [1783331077.757743667] [amcl]: Destroying bond (amcl) to lifecycle manager.
[waypoint_follower-9] [INFO] [1783331077.773568409] [waypoint_follower]: Destroying
[amcl-2] [INFO] [1783331077.782811445] [amcl]: Destroying
[smoother_server-5] [INFO] [1783331077.794198522] [smoother_server]: Destroying
[controller_server-4] [INFO] [1783331078.069881331] [controller_server]: Destroying bond (controller_server) to lifecycle manager.
[controller_server-4] [INFO] [1783331078.098136815] [local_costmap.local_costmap]: Destroying
[INFO] [lifecycle_manager-3]: process has finished cleanly [pid 100498]
[INFO] [velocity_smoother-10]: process has finished cleanly [pid 100523]
[behavior_server-7] [INFO] [1783331078.162618822] [behavior_server]: Destroying
[lifecycle_manager-11] [INFO] [1783331078.165822570] [lifecycle_manager_navigation]: Destroying lifecycle_manager_navigation
[INFO] [smoother_server-5]: process has finished cleanly [pid 100502]
[INFO] [map_server-1]: process has finished cleanly [pid 100494]
[INFO] [waypoint_follower-9]: process has finished cleanly [pid 100510]
[INFO] [amcl-2]: process has finished cleanly [pid 100496]
[controller_server-4] [INFO] [1783331078.379974745] [controller_server]: Destroying
[planner_server-6] [INFO] [1783331078.417617891] [planner_server]: Deactivating plugin GridBased of type NavfnPlanner
[planner_server-6] [INFO] [1783331078.417834558] [planner_server]: Destroying bond (planner_server) to lifecycle manager.
[planner_server-6] [INFO] [1783331078.428638510] [planner_server]: Cleaning up
[INFO] [lifecycle_manager-11]: process has finished cleanly [pid 100532]
[planner_server-6] [INFO] [1783331078.560125772] [global_costmap.global_costmap]: Cleaning up
[INFO] [behavior_server-7]: process has finished cleanly [pid 100506]
[planner_server-6] [INFO] [1783331078.578356804] [planner_server]: Cleaning up plugin GridBased of type NavfnPlanner
[planner_server-6] [INFO] [1783331078.579270595] [planner_server]: Destroying plugin GridBased of type NavfnPlanner
[planner_server-6] [INFO] [1783331078.640991687] [planner_server]: Destroying bond (planner_server) to lifecycle manager.
[planner_server-6] [INFO] [1783331078.690590118] [global_costmap.global_costmap]: Destroying
[INFO] [controller_server-4]: process has finished cleanly [pid 100500]
[planner_server-6] [INFO] [1783331078.827256794] [planner_server]: Destroying
[bt_navigator-8] [INFO] [1783331078.948688519] [bt_navigator]: Completed Cleaning up
[bt_navigator-8] [INFO] [1783331078.948999477] [bt_navigator]: Destroying bond (bt_navigator) to lifecycle manager.
[bt_navigator-8] [INFO] [1783331078.986252290] [bt_navigator]: Destroying
[INFO] [planner_server-6]: process has finished cleanly [pid 100504]
[INFO] [bt_navigator-8]: process has finished cleanly [pid 100508]
