===== semantic_explore_nav =====
CONFIG=configs/nav_yolo_lidar_semantic_explore_exp2.yaml
INSTRUCTION=find the bottle
NAV_ONLY=0
SEMANTIC_EXPLORE_ENABLED=1
[semantic_explore] stopping stale SLAM live stack...
[1/8] Start calibrated SLAM live stack (joy style, includes lidar+chassis+slam)...
[semantic_explore] waiting for /scan ...
[semantic_explore] OK: /scan
[semantic_explore] waiting for /scan_filtered ...
[semantic_explore] OK: /scan_filtered
[semantic_explore] waiting for /odom ...
[semantic_explore] OK: /odom
[semantic_explore] waiting for /map ...
[semantic_explore] OK: /map
[semantic_explore] waiting for /tf ...
[semantic_explore] OK: /tf
[semantic_explore] waiting for SLAM TF chain (map<-odom, odom<-base_link) before perception stack...
[semantic_explore] waiting for TF chain (map<-odom, odom<-base_link, map<-base_link)...
[WAIT] TF map <- odom, need 2 consecutive OK
[WAIT] TF map <- odom: OK 1/2
[WAIT] TF map <- odom: OK 2/2
[OK] TF map <- odom stable
[WAIT] TF odom <- base_link, need 2 consecutive OK
[WAIT] TF odom <- base_link: OK 1/2
[WAIT] TF odom <- base_link: OK 2/2
[OK] TF odom <- base_link stable
[WAIT] TF map <- base_link, need 3 consecutive OK
[WAIT] TF map <- base_link: OK 1/3
[WAIT] TF map <- base_link: OK 2/3
[WAIT] TF map <- base_link: OK 3/3
[OK] TF map <- base_link stable
[joy] starting mux + joystick in background (parallel with camera/YOLO/mapper)...
[2/8] Start camera + image bridge...
[camera] launch /dev/video0 1280x720@20 mjpeg -> logs/semantic_explore_camera.log
[camera] waiting for hobot_usb_cam process ...
[camera] OK: hobot_usb_cam running
[camera] waiting for bridge to publish /image_raw (check logs/semantic_explore_image_raw.log) ...
[camera] OK: /image_raw bridge publishing
[3/8] Start detector...
[4/8] Start semantic mapper...
[semantic_explore] waiting for /semantic_map_json ...
[semantic_explore] OK: /semantic_map_json
[semantic_explore] waiting for TF stable before explore nodes...
[semantic_explore] waiting for TF chain (map<-odom, odom<-base_link, map<-base_link)...
[WAIT] TF map <- odom, need 2 consecutive OK
[WAIT] TF map <- odom: OK 1/2
[WAIT] TF map <- odom: OK 2/2
[OK] TF map <- odom stable
[WAIT] TF odom <- base_link, need 2 consecutive OK
[WAIT] TF odom <- base_link: OK 1/2
[WAIT] TF odom <- base_link: OK 2/2
[OK] TF odom <- base_link stable
[WAIT] TF map <- base_link, need 3 consecutive OK
[WAIT] TF map <- base_link: OK 1/3
[WAIT] TF map <- base_link: OK 2/3
[WAIT] TF map <- base_link: OK 3/3
[OK] TF map <- base_link stable
[semantic_explore] waiting for /map (transient_local latch) up to 30s...
[semantic_explore] OK: /map latched 118x114
[5/8] Start explore goal selector...
[6/8] Start semantic explore nav (no separate chassis; SLAM stack owns it)...
[joy] OK: mux + joy + teleop ready
[joy] Foxglove cmd plot uses /cmd_vel_sent (real clipped velocity)
[7/8] Foxglove bridge...
[foxglove] OK: listening on 8765
[8/8] semantic_explore_nav started
  Joystick: /dev/input/js0 -> /cmd_vel_joy (highest priority)
  Nav cmd: /cmd_vel_autonomy -> mux -> /cmd_vel
  Real velocity plot: /cmd_vel_sent
  tail -f logs/semantic_explore_nav.log
  tail -f logs/semantic_explore_selector.log
  ros2 topic echo /explore_goal_hint
  ros2 topic echo /explore_state_json   (data.summary = 重点摘要: active_sector/exhaust/selected)
  ros2 topic echo /nav_state            (data.action_explanation = 转/走/停原因)
  Foxglove Raw Messages panels:
    RawMessages!explore_summary (/explore_state_json: summary 段在最前)
    RawMessages!nav_state       (完整 nav 状态快照)
  Foxglove 3D topics:
    /explore_candidate_goals  (yellow/orange/green candidates + rank labels)
    /explore_selected_goal    (green selected + look-at arrow)
    /explore_selection_process (robot cyan, link line, pending orange, status text)
    /explore_astar_markers    (cyan A* path + waypoints)
    /explore_path             (nav_msgs/Path)
    /explore_frontiers        (blue frontier clusters)
    /explore_projection_markers (purple/orange active-sector recovery projection markers)
  Layout: /root/rdk_x5_vln_robot/configs/foxglove_semantic_explore_nav.layout.json
  Foxglove HUD: Layout -> Import layout, left column TOP strip = 'HUD status' (/explore_hud.data)
  /explore_hud (active sector count/recovery/timeout status)
  /explore_state_json (sector_counts, active_sector_recovery, direction_lock)
  If HUD missing: drag splitter DOWN from top edge of 3D panel, or Add panel -> Raw messages -> /explore_hud.data
