[joy] starting cmd_vel priority mux (joy > autonomy)...
[joy] using device /dev/input/js0
[joy] starting joy_node dev=/dev/input/js0
[joy] joy_node launched (non-blocking)
[joy] starting teleop -> /cmd_vel_joy
[joy] OK: /joy + teleop -> /cmd_vel_joy
[joy] starting cmd_vel priority mux (joy > autonomy)...
[joy] using device /dev/input/js0
[joy] starting joy_node dev=/dev/input/js0
[joy] joy_node launched (non-blocking)
[joy] starting teleop -> /cmd_vel_joy
[joy] OK: /joy + teleop -> /cmd_vel_joy
[joy] starting cmd_vel priority mux (joy > autonomy)...
[joy] using device /dev/input/js0
[joy] starting joy_node dev=/dev/input/js0
[joy] joy_node launched (non-blocking)
[joy] starting teleop -> /cmd_vel_joy
[joy] OK: /joy + teleop -> /cmd_vel_joy
[joy] starting cmd_vel priority mux (joy > autonomy)...
[joy] using device /dev/input/js0
[joy] starting joy_node dev=/dev/input/js0
[joy] joy_node launched (non-blocking)
[joy] starting teleop -> /cmd_vel_joy
[joy] OK: /joy + teleop -> /cmd_vel_joy
[joy] reuse existing cmd_vel mux
[joy] using device /dev/input/js0
[joy] starting joy_node dev=/dev/input/js0
[joy] joy_node launched (non-blocking)
[joy] starting teleop -> /cmd_vel_joy
[joy] OK: /joy + teleop -> /cmd_vel_joy
[joy] starting cmd_vel priority mux (joy > autonomy)...
[joy] using device /dev/input/js0
[joy] starting joy_node dev=/dev/input/js0
[joy] joy_node launched (non-blocking)
[joy] starting teleop -> /cmd_vel_joy
[joy] OK: /joy + teleop -> /cmd_vel_joy
[joy] starting cmd_vel priority mux (joy > autonomy)...
[joy] using device /dev/input/js0
[joy] starting joy_node dev=/dev/input/js0
[joy] joy_node launched (non-blocking)
[joy] starting teleop -> /cmd_vel_joy
[joy] OK: /joy + teleop -> /cmd_vel_joy
[joy] starting cmd_vel priority mux (joy > autonomy)...
[joy] using device /dev/input/js0
[joy] starting joy_node dev=/dev/input/js0
[joy] joy_node launched (non-blocking)
[joy] starting teleop -> /cmd_vel_joy
[joy] OK: /joy + teleop -> /cmd_vel_joy
[joy] starting cmd_vel priority mux (joy > autonomy)...
[joy] using device /dev/input/js0
[joy] starting joy_node dev=/dev/input/js0
[joy] joy_node launched (non-blocking)
[joy] starting teleop -> /cmd_vel_joy
[joy] OK: /joy + teleop -> /cmd_vel_joy
[joy] starting cmd_vel priority mux (joy > autonomy)...
[joy] using device /dev/input/js0
[joy] starting joy_node dev=/dev/input/js0
[joy] joy_node launched (non-blocking)
[joy] starting teleop -> /cmd_vel_joy
[joy] OK: /joy + teleop -> /cmd_vel_joy
[joy] starting cmd_vel priority mux (joy > autonomy)...
[joy] using device /dev/input/js0
[joy] starting joy_node dev=/dev/input/js0
[joy] joy_node launched (non-blocking)
[joy] starting teleop -> /cmd_vel_joy
[joy] OK: /joy + teleop -> /cmd_vel_joy
[joy] starting cmd_vel priority mux (joy > autonomy)...
[joy] using device /dev/input/js0
[joy] starting joy_node dev=/dev/input/js0
[joy] joy_node launched (non-blocking)
[joy] starting teleop -> /cmd_vel_joy
[joy] OK: /joy + teleop -> /cmd_vel_joy
[joy] starting cmd_vel priority mux (joy > autonomy)...
[joy] using device /dev/input/js0
[joy] starting joy_node dev=/dev/input/js0
[joy] joy_node launched (non-blocking)
[joy] starting teleop -> /cmd_vel_joy
[joy] OK: /joy + teleop -> /cmd_vel_joy
[joy] starting cmd_vel priority mux (joy > autonomy)...
[joy] using device /dev/input/js0
[joy] starting joy_node dev=/dev/input/js0
[joy] joy_node launched (non-blocking)
[joy] starting teleop -> /cmd_vel_joy
[joy] OK: /joy + teleop -> /cmd_vel_joy
[joy] starting cmd_vel priority mux (joy > autonomy)...
[joy] using device /dev/input/js0
[joy] starting joy_node dev=/dev/input/js0
[joy] joy_node launched (non-blocking)
[joy] starting teleop -> /cmd_vel_joy
[joy] OK: /joy + teleop -> /cmd_vel_joy
[joy] starting cmd_vel priority mux (joy > autonomy)...
[joy] using device /dev/input/js0
[joy] starting joy_node dev=/dev/input/js0
[joy] joy_node launched (non-blocking)
[joy] starting teleop -> /cmd_vel_joy
[joy] OK: /joy + teleop -> /cmd_vel_joy
[joy] starting cmd_vel priority mux (joy > autonomy)...
[joy] using device /dev/input/js0
[joy] starting joy_node dev=/dev/input/js0
[joy] joy_node launched (non-blocking)
[joy] starting teleop -> /cmd_vel_joy
[joy] OK: /joy + teleop -> /cmd_vel_joy
[joy] starting cmd_vel priority mux (joy > autonomy)...
[joy] using device /dev/input/js0
[joy] starting joy_node dev=/dev/input/js0
[joy] joy_node launched (non-blocking)
[joy] starting teleop -> /cmd_vel_joy
[joy] OK: /joy + teleop -> /cmd_vel_joy
[joy] starting cmd_vel priority mux (joy > autonomy)...
[joy] using device /dev/input/js0
[joy] starting joy_node dev=/dev/input/js0
[joy] joy_node launched (non-blocking)
[joy] starting teleop -> /cmd_vel_joy
[joy] OK: /joy + teleop -> /cmd_vel_joy
[joy] starting cmd_vel priority mux (joy > autonomy)...
[joy] using device /dev/input/js0
[joy] starting joy_node dev=/dev/input/js0
[joy] joy_node launched (non-blocking)
[joy] starting teleop -> /cmd_vel_joy
[joy] OK: /joy + teleop -> /cmd_vel_joy
[joy] starting cmd_vel priority mux (joy > autonomy)...
[joy] using device /dev/input/js0
[joy] starting joy_node dev=/dev/input/js0
[joy] joy_node launched (non-blocking)
[joy] starting teleop -> /cmd_vel_joy
[joy] OK: /joy + teleop -> /cmd_vel_joy
