[INFO] [launch]: All log files can be found below /root/.ros/log/2026-07-02-14-37-17-137094-ubuntu-88320
[INFO] [launch]: Default logging verbosity is set to INFO
[INFO] [map_server-1]: process started with pid [88352]
[INFO] [amcl-2]: process started with pid [88354]
[INFO] [lifecycle_manager-3]: process started with pid [88356]
[INFO] [controller_server-4]: process started with pid [88358]
[INFO] [smoother_server-5]: process started with pid [88360]
[INFO] [planner_server-6]: process started with pid [88362]
[INFO] [behavior_server-7]: process started with pid [88364]
[INFO] [bt_navigator-8]: process started with pid [88366]
[INFO] [waypoint_follower-9]: process started with pid [88368]
[INFO] [velocity_smoother-10]: process started with pid [88376]
[INFO] [lifecycle_manager-11]: process started with pid [88396]
[lifecycle_manager-3] [INFO] [1782974239.564901387] [lifecycle_manager_localization]: Creating
[lifecycle_manager-3] [INFO] [1782974239.686283049] [lifecycle_manager_localization]: [34m[1mCreating and initializing lifecycle service clients[0m[0m
[velocity_smoother-10] [INFO] [1782974239.757395073] [velocity_smoother]: 
[velocity_smoother-10] 	velocity_smoother lifecycle node launched. 
[velocity_smoother-10] 	Waiting on external lifecycle transitions to activate
[velocity_smoother-10] 	See https://design.ros2.org/articles/node_lifecycle.html for more information.
[smoother_server-5] [INFO] [1782974239.876077904] [smoother_server]: 
[smoother_server-5] 	smoother_server lifecycle node launched. 
[smoother_server-5] 	Waiting on external lifecycle transitions to activate
[smoother_server-5] 	See https://design.ros2.org/articles/node_lifecycle.html for more information.
[lifecycle_manager-11] [INFO] [1782974239.878713276] [lifecycle_manager_navigation]: Creating
[controller_server-4] [INFO] [1782974239.925909709] [controller_server]: 
[controller_server-4] 	controller_server lifecycle node launched. 
[controller_server-4] 	Waiting on external lifecycle transitions to activate
[controller_server-4] 	See https://design.ros2.org/articles/node_lifecycle.html for more information.
[smoother_server-5] [INFO] [1782974239.960566326] [smoother_server]: Creating smoother server
[planner_server-6] [INFO] [1782974239.965172070] [planner_server]: 
[planner_server-6] 	planner_server lifecycle node launched. 
[planner_server-6] 	Waiting on external lifecycle transitions to activate
[planner_server-6] 	See https://design.ros2.org/articles/node_lifecycle.html for more information.
[planner_server-6] [INFO] [1782974239.996236984] [planner_server]: Creating
[lifecycle_manager-11] [INFO] [1782974240.008860216] [lifecycle_manager_navigation]: [34m[1mCreating and initializing lifecycle service clients[0m[0m
[amcl-2] [INFO] [1782974240.035882303] [amcl]: 
[amcl-2] 	amcl lifecycle node launched. 
[amcl-2] 	Waiting on external lifecycle transitions to activate
[amcl-2] 	See https://design.ros2.org/articles/node_lifecycle.html for more information.
[amcl-2] [INFO] [1782974240.037702675] [amcl]: Creating
[controller_server-4] [INFO] [1782974240.048323577] [controller_server]: Creating controller server
[map_server-1] [INFO] [1782974240.193837537] [map_server]: 
[map_server-1] 	map_server lifecycle node launched. 
[map_server-1] 	Waiting on external lifecycle transitions to activate
[map_server-1] 	See https://design.ros2.org/articles/node_lifecycle.html for more information.
[map_server-1] [INFO] [1782974240.218637335] [map_server]: Creating
[waypoint_follower-9] [INFO] [1782974240.238521849] [waypoint_follower]: 
[waypoint_follower-9] 	waypoint_follower lifecycle node launched. 
[waypoint_follower-9] 	Waiting on external lifecycle transitions to activate
[waypoint_follower-9] 	See https://design.ros2.org/articles/node_lifecycle.html for more information.
[waypoint_follower-9] [INFO] [1782974240.249883833] [waypoint_follower]: Creating
[behavior_server-7] [INFO] [1782974240.261771399] [behavior_server]: 
[behavior_server-7] 	behavior_server lifecycle node launched. 
[behavior_server-7] 	Waiting on external lifecycle transitions to activate
[behavior_server-7] 	See https://design.ros2.org/articles/node_lifecycle.html for more information.
[bt_navigator-8] [INFO] [1782974240.280506956] [bt_navigator]: 
[bt_navigator-8] 	bt_navigator lifecycle node launched. 
[bt_navigator-8] 	Waiting on external lifecycle transitions to activate
[bt_navigator-8] 	See https://design.ros2.org/articles/node_lifecycle.html for more information.
[bt_navigator-8] [INFO] [1782974240.282744203] [bt_navigator]: Creating
[controller_server-4] [INFO] [1782974240.635117453] [local_costmap.local_costmap]: 
[controller_server-4] 	local_costmap lifecycle node launched. 
[controller_server-4] 	Waiting on external lifecycle transitions to activate
[controller_server-4] 	See https://design.ros2.org/articles/node_lifecycle.html for more information.
[controller_server-4] [INFO] [1782974240.645442605] [local_costmap.local_costmap]: Creating Costmap
[planner_server-6] [INFO] [1782974240.647709686] [global_costmap.global_costmap]: 
[planner_server-6] 	global_costmap lifecycle node launched. 
[planner_server-6] 	Waiting on external lifecycle transitions to activate
[planner_server-6] 	See https://design.ros2.org/articles/node_lifecycle.html for more information.
[planner_server-6] [INFO] [1782974240.649690599] [global_costmap.global_costmap]: Creating Costmap
[lifecycle_manager-11] [INFO] [1782974241.515947288] [lifecycle_manager_navigation]: [34m[1mStarting managed nodes bringup...[0m[0m
[lifecycle_manager-11] [INFO] [1782974241.516162330] [lifecycle_manager_navigation]: [34m[1mConfiguring controller_server[0m[0m
[controller_server-4] [INFO] [1782974241.526059774] [controller_server]: Configuring controller interface
[controller_server-4] [INFO] [1782974241.526993814] [controller_server]: getting goal checker plugins..
[controller_server-4] [INFO] [1782974241.527525897] [controller_server]: Controller frequency set to 20.0000Hz
[controller_server-4] [INFO] [1782974241.527764646] [local_costmap.local_costmap]: Configuring
[lifecycle_manager-3] [INFO] [1782974241.656438506] [lifecycle_manager_localization]: [34m[1mStarting managed nodes bringup...[0m[0m
[lifecycle_manager-3] [INFO] [1782974241.656656422] [lifecycle_manager_localization]: [34m[1mConfiguring map_server[0m[0m
[map_server-1] [INFO] [1782974241.658270586] [map_server]: Configuring
[map_server-1] [INFO] [1782974241.658540003] [map_io]: Loading yaml file: /root/rdk_x5_vln_robot/maps/joy_calibrated_corridor_map.yaml
[map_server-1] [INFO] [1782974241.659647293] [map_io]: resolution: 0.05
[map_server-1] [INFO] [1782974241.659727251] [map_io]: origin[0]: -5.07
[map_server-1] [INFO] [1782974241.659758293] [map_io]: origin[1]: -5.68
[map_server-1] [INFO] [1782974241.659786959] [map_io]: origin[2]: 0
[map_server-1] [INFO] [1782974241.659816334] [map_io]: free_thresh: 0.25
[map_server-1] [INFO] [1782974241.659844459] [map_io]: occupied_thresh: 0.65
[map_server-1] [INFO] [1782974241.659879209] [map_io]: mode: trinary
[map_server-1] [INFO] [1782974241.659909209] [map_io]: negate: 0
[map_server-1] [INFO] [1782974241.660671666] [map_io]: Loading image_file: /root/rdk_x5_vln_robot/maps/joy_calibrated_corridor_map.pgm
[controller_server-4] [INFO] [1782974241.673485648] [local_costmap.local_costmap]: Using plugin "voxel_layer"
[controller_server-4] [INFO] [1782974241.764086353] [local_costmap.local_costmap]: Subscribed to Topics: scan
[map_server-1] [INFO] [1782974241.764579644] [map_io]: Read map /root/rdk_x5_vln_robot/maps/joy_calibrated_corridor_map.pgm: 155 X 201 map @ 0.05 m/cell
[lifecycle_manager-3] [INFO] [1782974241.909534230] [lifecycle_manager_localization]: [34m[1mConfiguring amcl[0m[0m
[controller_server-4] [INFO] [1782974241.972854516] [local_costmap.local_costmap]: Initialized plugin "voxel_layer"
[controller_server-4] [INFO] [1782974241.973825097] [local_costmap.local_costmap]: Using plugin "inflation_layer"
[controller_server-4] [INFO] [1782974241.984255499] [local_costmap.local_costmap]: Initialized plugin "inflation_layer"
[controller_server-4] [INFO] [1782974242.107832366] [controller_server]: Created progress_checker : progress_checker of type nav2_controller::SimpleProgressChecker
[controller_server-4] [INFO] [1782974242.117342519] [controller_server]: Created goal checker : general_goal_checker of type nav2_controller::SimpleGoalChecker
[controller_server-4] [INFO] [1782974242.125868215] [controller_server]: Controller Server has general_goal_checker  goal checkers available.
[controller_server-4] [INFO] [1782974242.135760410] [controller_server]: Created controller : FollowPath of type dwb_core::DWBLocalPlanner
[controller_server-4] [INFO] [1782974242.155053507] [controller_server]: Setting transform_tolerance to 0.200000
[controller_server-4] [INFO] [1782974242.311704160] [controller_server]: Using critic "RotateToGoal" (dwb_critics::RotateToGoalCritic)
[controller_server-4] [INFO] [1782974242.321134730] [controller_server]: Critic plugin initialized
[controller_server-4] [INFO] [1782974242.323009436] [controller_server]: Using critic "Oscillation" (dwb_critics::OscillationCritic)
[controller_server-4] [INFO] [1782974242.333136880] [controller_server]: Critic plugin initialized
[controller_server-4] [INFO] [1782974242.336652750] [controller_server]: Using critic "BaseObstacle" (dwb_critics::BaseObstacleCritic)
[controller_server-4] [INFO] [1782974242.341138410] [controller_server]: Critic plugin initialized
[controller_server-4] [INFO] [1782974242.343833448] [controller_server]: Using critic "GoalAlign" (dwb_critics::GoalAlignCritic)
[controller_server-4] [INFO] [1782974242.351454104] [controller_server]: Critic plugin initialized
[controller_server-4] [INFO] [1782974242.354485141] [controller_server]: Using critic "PathAlign" (dwb_critics::PathAlignCritic)
[controller_server-4] [INFO] [1782974242.363772170] [controller_server]: Critic plugin initialized
[controller_server-4] [INFO] [1782974242.366500666] [controller_server]: Using critic "PathDist" (dwb_critics::PathDistCritic)
[controller_server-4] [INFO] [1782974242.369830953] [controller_server]: Critic plugin initialized
[controller_server-4] [INFO] [1782974242.370566035] [controller_server]: Using critic "GoalDist" (dwb_critics::GoalDistCritic)
[amcl-2] [INFO] [1782974242.366755332] [amcl]: Configuring
[amcl-2] [INFO] [1782974242.367108540] [amcl]: initTransforms
[controller_server-4] [INFO] [1782974242.375130654] [controller_server]: Critic plugin initialized
[controller_server-4] [INFO] [1782974242.375304362] [controller_server]: Controller Server has FollowPath  controllers available.
[lifecycle_manager-11] [INFO] [1782974242.512614917] [lifecycle_manager_navigation]: [34m[1mConfiguring smoother_server[0m[0m
[smoother_server-5] [INFO] [1782974242.514071582] [smoother_server]: Configuring smoother server
[amcl-2] [INFO] [1782974242.522785611] [amcl]: initPubSub
[amcl-2] [INFO] [1782974242.638528447] [amcl]: Subscribed to map topic.
[smoother_server-5] [INFO] [1782974242.673024732] [smoother_server]: Created smoother : simple_smoother of type nav2_smoother::SimpleSmoother
[smoother_server-5] [INFO] [1782974242.694066327] [smoother_server]: Smoother Server has simple_smoother  smoothers available.
[lifecycle_manager-3] [INFO] [1782974242.736233225] [lifecycle_manager_localization]: [34m[1mActivating map_server[0m[0m
[map_server-1] [INFO] [1782974242.740307511] [map_server]: Activating
[map_server-1] [INFO] [1782974242.741165385] [map_server]: Creating bond (map_server) to lifecycle manager.
[amcl-2] [INFO] [1782974242.751164079] [amcl]: Received a 155 X 201 map @ 0.050 m/pix
[lifecycle_manager-11] [INFO] [1782974242.821038397] [lifecycle_manager_navigation]: [34m[1mConfiguring planner_server[0m[0m
[planner_server-6] [INFO] [1782974242.822518311] [planner_server]: Configuring
[planner_server-6] [INFO] [1782974242.822709186] [global_costmap.global_costmap]: Configuring
[lifecycle_manager-3] [INFO] [1782974242.881076145] [lifecycle_manager_localization]: Server map_server connected with bond.
[lifecycle_manager-3] [INFO] [1782974242.881295020] [lifecycle_manager_localization]: [34m[1mActivating amcl[0m[0m
[planner_server-6] [INFO] [1782974242.881330686] [global_costmap.global_costmap]: Using plugin "static_layer"
[amcl-2] [INFO] [1782974242.882377602] [amcl]: Activating
[amcl-2] [INFO] [1782974242.882556768] [amcl]: Creating bond (amcl) to lifecycle manager.
[planner_server-6] [INFO] [1782974242.925180999] [global_costmap.global_costmap]: Subscribing to the map topic (/map) with transient local durability
[planner_server-6] [INFO] [1782974242.937342607] [global_costmap.global_costmap]: Initialized plugin "static_layer"
[planner_server-6] [INFO] [1782974242.937501565] [global_costmap.global_costmap]: Using plugin "obstacle_layer"
[planner_server-6] [INFO] [1782974242.957990744] [global_costmap.global_costmap]: Subscribed to Topics: scan
[amcl-2] [INFO] [1782974242.979301964] [amcl]: createLaserObject
[lifecycle_manager-3] [INFO] [1782974243.016922203] [lifecycle_manager_localization]: Server amcl connected with bond.
[lifecycle_manager-3] [INFO] [1782974243.017122411] [lifecycle_manager_localization]: [34m[1mManaged nodes are active[0m[0m
[lifecycle_manager-3] [INFO] [1782974243.017229577] [lifecycle_manager_localization]: [34m[1mCreating bond timer...[0m[0m
[planner_server-6] [INFO] [1782974243.026122523] [global_costmap.global_costmap]: Initialized plugin "obstacle_layer"
[planner_server-6] [INFO] [1782974243.026296231] [global_costmap.global_costmap]: Using plugin "inflation_layer"
[planner_server-6] [INFO] [1782974243.036921049] [global_costmap.global_costmap]: Initialized plugin "inflation_layer"
[planner_server-6] [INFO] [1782974243.152914968] [planner_server]: Created global planner plugin GridBased of type nav2_navfn_planner/NavfnPlanner
[planner_server-6] [INFO] [1782974243.153098176] [planner_server]: Configuring plugin GridBased of type NavfnPlanner
[planner_server-6] [INFO] [1782974243.154974965] [global_costmap.global_costmap]: StaticLayer: Resizing costmap to 155 X 201 at 0.050000 m/pix
[planner_server-6] [INFO] [1782974243.165240826] [planner_server]: Planner Server has GridBased  planners available.
[lifecycle_manager-11] [INFO] [1782974243.297359430] [lifecycle_manager_navigation]: [34m[1mConfiguring behavior_server[0m[0m
[behavior_server-7] [INFO] [1782974243.298829220] [behavior_server]: Configuring
[behavior_server-7] [INFO] [1782974243.413142683] [behavior_server]: Creating behavior plugin spin of type nav2_behaviors/Spin
[behavior_server-7] [INFO] [1782974243.418451050] [behavior_server]: Configuring spin
[behavior_server-7] [INFO] [1782974243.536581633] [behavior_server]: Creating behavior plugin backup of type nav2_behaviors/BackUp
[behavior_server-7] [INFO] [1782974243.540809960] [behavior_server]: Configuring backup
[behavior_server-7] [INFO] [1782974243.656187922] [behavior_server]: Creating behavior plugin drive_on_heading of type nav2_behaviors/DriveOnHeading
[behavior_server-7] [INFO] [1782974243.663173787] [behavior_server]: Configuring drive_on_heading
[behavior_server-7] [INFO] [1782974243.898090246] [behavior_server]: Creating behavior plugin assisted_teleop of type nav2_behaviors/AssistedTeleop
[behavior_server-7] [INFO] [1782974243.909507938] [behavior_server]: Configuring assisted_teleop
[behavior_server-7] [INFO] [1782974244.044313038] [behavior_server]: Creating behavior plugin wait of type nav2_behaviors/Wait
[behavior_server-7] [INFO] [1782974244.047826492] [behavior_server]: Configuring wait
[lifecycle_manager-11] [INFO] [1782974244.104867078] [lifecycle_manager_navigation]: [34m[1mConfiguring bt_navigator[0m[0m
[bt_navigator-8] [INFO] [1782974244.106325409] [bt_navigator]: Configuring
[amcl-2] [WARN] [1782974244.377784191] [amcl]: AMCL cannot publish a pose or update the transform. Please set the initial pose...
[lifecycle_manager-11] [INFO] [1782974244.779049331] [lifecycle_manager_navigation]: [34m[1mConfiguring waypoint_follower[0m[0m
[waypoint_follower-9] [INFO] [1782974244.780741328] [waypoint_follower]: Configuring
[waypoint_follower-9] [INFO] [1782974244.922978835] [waypoint_follower]: Created waypoint_task_executor : wait_at_waypoint of type nav2_waypoint_follower::WaitAtWaypoint
[lifecycle_manager-11] [INFO] [1782974244.930702908] [lifecycle_manager_navigation]: [34m[1mConfiguring velocity_smoother[0m[0m
[velocity_smoother-10] [INFO] [1782974244.932257655] [velocity_smoother]: Configuring velocity smoother
[lifecycle_manager-11] [INFO] [1782974244.965021359] [lifecycle_manager_navigation]: [34m[1mActivating controller_server[0m[0m
[controller_server-4] [INFO] [1782974244.966475190] [controller_server]: Activating
[controller_server-4] [INFO] [1782974244.966667440] [local_costmap.local_costmap]: Activating
[controller_server-4] [INFO] [1782974244.966731315] [local_costmap.local_costmap]: Checking transform
[controller_server-4] [INFO] [1782974244.967124481] [local_costmap.local_costmap]: start
[controller_server-4] [INFO] [1782974245.170785651] [controller_server]: Creating bond (controller_server) to lifecycle manager.
[lifecycle_manager-11] [INFO] [1782974245.301301799] [lifecycle_manager_navigation]: Server controller_server connected with bond.
[lifecycle_manager-11] [INFO] [1782974245.301515632] [lifecycle_manager_navigation]: [34m[1mActivating smoother_server[0m[0m
[smoother_server-5] [INFO] [1782974245.303897504] [smoother_server]: Activating
[smoother_server-5] [INFO] [1782974245.304085795] [smoother_server]: Creating bond (smoother_server) to lifecycle manager.
[lifecycle_manager-11] [INFO] [1782974245.438907813] [lifecycle_manager_navigation]: Server smoother_server connected with bond.
[lifecycle_manager-11] [INFO] [1782974245.439065854] [lifecycle_manager_navigation]: [34m[1mActivating planner_server[0m[0m
[planner_server-6] [INFO] [1782974245.440664852] [planner_server]: Activating
[planner_server-6] [INFO] [1782974245.440883185] [global_costmap.global_costmap]: Activating
[planner_server-6] [INFO] [1782974245.440958810] [global_costmap.global_costmap]: Checking transform
[planner_server-6] [INFO] [1782974245.441086643] [global_costmap.global_costmap]: Timed out waiting for transform from base_link to map to become available, tf error: Invalid frame ID "map" passed to canTransform argument target_frame - frame does not exist
[planner_server-6] [INFO] [1782974245.941141810] [global_costmap.global_costmap]: Timed out waiting for transform from base_link to map to become available, tf error: Invalid frame ID "map" passed to canTransform argument target_frame - frame does not exist
[planner_server-6] [INFO] [1782974246.441124101] [global_costmap.global_costmap]: Timed out waiting for transform from base_link to map to become available, tf error: Invalid frame ID "map" passed to canTransform argument target_frame - frame does not exist
[amcl-2] [WARN] [1782974246.472782223] [amcl]: AMCL cannot publish a pose or update the transform. Please set the initial pose...
[planner_server-6] [INFO] [1782974246.941115977] [global_costmap.global_costmap]: Timed out waiting for transform from base_link to map to become available, tf error: Invalid frame ID "map" passed to canTransform argument target_frame - frame does not exist
[planner_server-6] [INFO] [1782974247.441123685] [global_costmap.global_costmap]: Timed out waiting for transform from base_link to map to become available, tf error: Invalid frame ID "map" passed to canTransform argument target_frame - frame does not exist
[planner_server-6] [INFO] [1782974247.941121769] [global_costmap.global_costmap]: Timed out waiting for transform from base_link to map to become available, tf error: Invalid frame ID "map" passed to canTransform argument target_frame - frame does not exist
[planner_server-6] [INFO] [1782974248.441124686] [global_costmap.global_costmap]: Timed out waiting for transform from base_link to map to become available, tf error: Invalid frame ID "map" passed to canTransform argument target_frame - frame does not exist
[amcl-2] [WARN] [1782974248.569769545] [amcl]: AMCL cannot publish a pose or update the transform. Please set the initial pose...
[planner_server-6] [INFO] [1782974248.941125811] [global_costmap.global_costmap]: Timed out waiting for transform from base_link to map to become available, tf error: Invalid frame ID "map" passed to canTransform argument target_frame - frame does not exist
[planner_server-6] [INFO] [1782974249.441122687] [global_costmap.global_costmap]: Timed out waiting for transform from base_link to map to become available, tf error: Invalid frame ID "map" passed to canTransform argument target_frame - frame does not exist
[planner_server-6] [INFO] [1782974249.941116812] [global_costmap.global_costmap]: Timed out waiting for transform from base_link to map to become available, tf error: Invalid frame ID "map" passed to canTransform argument target_frame - frame does not exist
[planner_server-6] [INFO] [1782974250.441127771] [global_costmap.global_costmap]: Timed out waiting for transform from base_link to map to become available, tf error: Invalid frame ID "map" passed to canTransform argument target_frame - frame does not exist
[amcl-2] [WARN] [1782974250.668309283] [amcl]: AMCL cannot publish a pose or update the transform. Please set the initial pose...
[planner_server-6] [INFO] [1782974250.941128146] [global_costmap.global_costmap]: Timed out waiting for transform from base_link to map to become available, tf error: Invalid frame ID "map" passed to canTransform argument target_frame - frame does not exist
[planner_server-6] [INFO] [1782974251.441117397] [global_costmap.global_costmap]: Timed out waiting for transform from base_link to map to become available, tf error: Invalid frame ID "map" passed to canTransform argument target_frame - frame does not exist
[planner_server-6] [INFO] [1782974251.941149064] [global_costmap.global_costmap]: Timed out waiting for transform from base_link to map to become available, tf error: Invalid frame ID "map" passed to canTransform argument target_frame - frame does not exist
[planner_server-6] [INFO] [1782974252.441122982] [global_costmap.global_costmap]: Timed out waiting for transform from base_link to map to become available, tf error: Invalid frame ID "map" passed to canTransform argument target_frame - frame does not exist
[amcl-2] [WARN] [1782974252.765040607] [amcl]: AMCL cannot publish a pose or update the transform. Please set the initial pose...
[planner_server-6] [INFO] [1782974252.941149899] [global_costmap.global_costmap]: Timed out waiting for transform from base_link to map to become available, tf error: Invalid frame ID "map" passed to canTransform argument target_frame - frame does not exist
[planner_server-6] [INFO] [1782974253.441149650] [global_costmap.global_costmap]: Timed out waiting for transform from base_link to map to become available, tf error: Invalid frame ID "map" passed to canTransform argument target_frame - frame does not exist
[planner_server-6] [INFO] [1782974253.941201776] [global_costmap.global_costmap]: Timed out waiting for transform from base_link to map to become available, tf error: Invalid frame ID "map" passed to canTransform argument target_frame - frame does not exist
[planner_server-6] [INFO] [1782974254.441215819] [global_costmap.global_costmap]: Timed out waiting for transform from base_link to map to become available, tf error: Invalid frame ID "map" passed to canTransform argument target_frame - frame does not exist
[amcl-2] [WARN] [1782974254.859896976] [amcl]: AMCL cannot publish a pose or update the transform. Please set the initial pose...
[planner_server-6] [INFO] [1782974254.941201486] [global_costmap.global_costmap]: Timed out waiting for transform from base_link to map to become available, tf error: Invalid frame ID "map" passed to canTransform argument target_frame - frame does not exist
[planner_server-6] [INFO] [1782974255.441113071] [global_costmap.global_costmap]: Timed out waiting for transform from base_link to map to become available, tf error: Invalid frame ID "map" passed to canTransform argument target_frame - frame does not exist
[planner_server-6] [INFO] [1782974255.941216113] [global_costmap.global_costmap]: Timed out waiting for transform from base_link to map to become available, tf error: Invalid frame ID "map" passed to canTransform argument target_frame - frame does not exist
[planner_server-6] [INFO] [1782974256.441115156] [global_costmap.global_costmap]: Timed out waiting for transform from base_link to map to become available, tf error: Invalid frame ID "map" passed to canTransform argument target_frame - frame does not exist
[planner_server-6] [INFO] [1782974256.943304446] [global_costmap.global_costmap]: Timed out waiting for transform from base_link to map to become available, tf error: Invalid frame ID "map" passed to canTransform argument target_frame - frame does not exist
[amcl-2] [WARN] [1782974256.959580798] [amcl]: AMCL cannot publish a pose or update the transform. Please set the initial pose...
[planner_server-6] [INFO] [1782974257.441117117] [global_costmap.global_costmap]: Timed out waiting for transform from base_link to map to become available, tf error: Invalid frame ID "map" passed to canTransform argument target_frame - frame does not exist
[planner_server-6] [INFO] [1782974257.941125618] [global_costmap.global_costmap]: Timed out waiting for transform from base_link to map to become available, tf error: Invalid frame ID "map" passed to canTransform argument target_frame - frame does not exist
[planner_server-6] [INFO] [1782974258.441131370] [global_costmap.global_costmap]: Timed out waiting for transform from base_link to map to become available, tf error: Invalid frame ID "map" passed to canTransform argument target_frame - frame does not exist
[planner_server-6] [INFO] [1782974258.941117913] [global_costmap.global_costmap]: Timed out waiting for transform from base_link to map to become available, tf error: Invalid frame ID "map" passed to canTransform argument target_frame - frame does not exist
[amcl-2] [WARN] [1782974259.054492419] [amcl]: AMCL cannot publish a pose or update the transform. Please set the initial pose...
[planner_server-6] [INFO] [1782974259.441135039] [global_costmap.global_costmap]: Timed out waiting for transform from base_link to map to become available, tf error: Invalid frame ID "map" passed to canTransform argument target_frame - frame does not exist
[planner_server-6] [INFO] [1782974259.941116458] [global_costmap.global_costmap]: Timed out waiting for transform from base_link to map to become available, tf error: Invalid frame ID "map" passed to canTransform argument target_frame - frame does not exist
[planner_server-6] [INFO] [1782974260.441144751] [global_costmap.global_costmap]: Timed out waiting for transform from base_link to map to become available, tf error: Invalid frame ID "map" passed to canTransform argument target_frame - frame does not exist
[planner_server-6] [INFO] [1782974260.941113961] [global_costmap.global_costmap]: Timed out waiting for transform from base_link to map to become available, tf error: Invalid frame ID "map" passed to canTransform argument target_frame - frame does not exist
[amcl-2] [WARN] [1782974261.151598788] [amcl]: AMCL cannot publish a pose or update the transform. Please set the initial pose...
[planner_server-6] [INFO] [1782974261.441135337] [global_costmap.global_costmap]: Timed out waiting for transform from base_link to map to become available, tf error: Invalid frame ID "map" passed to canTransform argument target_frame - frame does not exist
[planner_server-6] [INFO] [1782974261.941122631] [global_costmap.global_costmap]: Timed out waiting for transform from base_link to map to become available, tf error: Invalid frame ID "map" passed to canTransform argument target_frame - frame does not exist
[planner_server-6] [INFO] [1782974262.441121008] [global_costmap.global_costmap]: Timed out waiting for transform from base_link to map to become available, tf error: Invalid frame ID "map" passed to canTransform argument target_frame - frame does not exist
[planner_server-6] [INFO] [1782974262.941152759] [global_costmap.global_costmap]: Timed out waiting for transform from base_link to map to become available, tf error: Invalid frame ID "map" passed to canTransform argument target_frame - frame does not exist
[amcl-2] [WARN] [1782974263.161096949] [amcl]: AMCL cannot publish a pose or update the transform. Please set the initial pose...
[amcl-2] [INFO] [1782974263.424596118] [amcl]: initialPoseReceived
[amcl-2] [WARN] [1782974263.425290409] [amcl]: Failed to transform initial pose in time (Lookup would require extrapolation into the future.  Requested time 1782974263.424810 but the latest data is at time 1782974263.412005, when looking up transform from frame [base_link] to frame [odom])
[amcl-2] [INFO] [1782974263.425469908] [amcl]: Setting pose (1782974263.425464): 0.000 0.000 0.000
[planner_server-6] [INFO] [1782974263.441139636] [global_costmap.global_costmap]: Timed out waiting for transform from base_link to map to become available, tf error: Invalid frame ID "map" passed to canTransform argument target_frame - frame does not exist
[planner_server-6] [INFO] [1782974263.941328721] [global_costmap.global_costmap]: Timed out waiting for transform from base_link to map to become available, tf error: Lookup would require extrapolation into the past.  Requested time 1782974263.915025 but the earliest data is at time 1782974264.350775, when looking up transform from frame [base_link] to frame [map]
[amcl-2] [INFO] [1782974263.955106910] [amcl]: initialPoseReceived
[amcl-2] [WARN] [1782974263.955459618] [amcl]: Failed to transform initial pose in time (Lookup would require extrapolation into the past.  Requested time 1782974263.955280 but the earliest data is at time 1782974264.350775, when looking up transform from frame [base_link] to frame [odom])
[amcl-2] [INFO] [1782974263.955568618] [amcl]: Setting pose (1782974263.955565): 0.000 0.000 0.000
[planner_server-6] [INFO] [1782974264.441362556] [global_costmap.global_costmap]: start
[amcl-2] [INFO] [1782974264.592218218] [amcl]: initialPoseReceived
[amcl-2] [WARN] [1782974264.592499385] [amcl]: Failed to transform initial pose in time (Lookup would require extrapolation into the future.  Requested time 1782974264.592368 but the latest data is at time 1782974264.578271, when looking up transform from frame [base_link] to frame [odom])
[amcl-2] [INFO] [1782974264.592565468] [amcl]: Setting pose (1782974264.592564): 0.000 0.000 0.000
[planner_server-6] [INFO] [1782974264.758370984] [global_costmap.global_costmap]: Message Filter dropping message: frame 'laser' at time 1782974264.348 for reason 'the timestamp on the message is earlier than all the data in the transform cache'
[amcl-2] [INFO] [1782974265.227950279] [amcl]: initialPoseReceived
[amcl-2] [WARN] [1782974265.228407195] [amcl]: Failed to transform initial pose in time (Lookup would require extrapolation into the future.  Requested time 1782974265.228167 but the latest data is at time 1782974265.212051, when looking up transform from frame [base_link] to frame [odom])
[amcl-2] [INFO] [1782974265.228575486] [amcl]: Setting pose (1782974265.228571): 0.000 0.000 0.000
[planner_server-6] [INFO] [1782974265.445802763] [planner_server]: Activating plugin GridBased of type NavfnPlanner
[planner_server-6] [INFO] [1782974265.457564079] [planner_server]: Creating bond (planner_server) to lifecycle manager.
[lifecycle_manager-11] [INFO] [1782974265.580885155] [lifecycle_manager_navigation]: Server planner_server connected with bond.
[lifecycle_manager-11] [INFO] [1782974265.581067613] [lifecycle_manager_navigation]: [34m[1mActivating behavior_server[0m[0m
[behavior_server-7] [INFO] [1782974265.582514361] [behavior_server]: Activating
[behavior_server-7] [INFO] [1782974265.582657736] [behavior_server]: Activating spin
[behavior_server-7] [INFO] [1782974265.582720403] [behavior_server]: Activating backup
[behavior_server-7] [INFO] [1782974265.582766403] [behavior_server]: Activating drive_on_heading
[behavior_server-7] [INFO] [1782974265.582811736] [behavior_server]: Activating assisted_teleop
[behavior_server-7] [INFO] [1782974265.582854861] [behavior_server]: Activating wait
[behavior_server-7] [INFO] [1782974265.582916194] [behavior_server]: Creating bond (behavior_server) to lifecycle manager.
[lifecycle_manager-11] [INFO] [1782974265.708468892] [lifecycle_manager_navigation]: Server behavior_server connected with bond.
[lifecycle_manager-11] [INFO] [1782974265.708680808] [lifecycle_manager_navigation]: [34m[1mActivating bt_navigator[0m[0m
[bt_navigator-8] [INFO] [1782974265.710388972] [bt_navigator]: Activating
[amcl-2] [INFO] [1782974265.864472713] [amcl]: initialPoseReceived
[amcl-2] [WARN] [1782974265.864803588] [amcl]: Failed to transform initial pose in time (Lookup would require extrapolation into the future.  Requested time 1782974265.864642 but the latest data is at time 1782974265.846334, when looking up transform from frame [base_link] to frame [odom])
[amcl-2] [INFO] [1782974265.864890712] [amcl]: Setting pose (1782974265.864889): 0.000 0.000 0.000
[bt_navigator-8] [INFO] [1782974266.186753966] [bt_navigator]: Creating bond (bt_navigator) to lifecycle manager.
[lifecycle_manager-11] [INFO] [1782974266.310621791] [lifecycle_manager_navigation]: Server bt_navigator connected with bond.
[lifecycle_manager-11] [INFO] [1782974266.310802583] [lifecycle_manager_navigation]: [34m[1mActivating waypoint_follower[0m[0m
[waypoint_follower-9] [INFO] [1782974266.312620080] [waypoint_follower]: Activating
[waypoint_follower-9] [INFO] [1782974266.312821621] [waypoint_follower]: Creating bond (waypoint_follower) to lifecycle manager.
[lifecycle_manager-11] [INFO] [1782974266.445447267] [lifecycle_manager_navigation]: Server waypoint_follower connected with bond.
[lifecycle_manager-11] [INFO] [1782974266.445620142] [lifecycle_manager_navigation]: [34m[1mActivating velocity_smoother[0m[0m
[velocity_smoother-10] [INFO] [1782974266.453800797] [velocity_smoother]: Activating
[velocity_smoother-10] [INFO] [1782974266.454104755] [velocity_smoother]: Creating bond (velocity_smoother) to lifecycle manager.
[amcl-2] [INFO] [1782974266.501140647] [amcl]: initialPoseReceived
[amcl-2] [WARN] [1782974266.501675896] [amcl]: Failed to transform initial pose in time (Lookup would require extrapolation into the future.  Requested time 1782974266.501512 but the latest data is at time 1782974266.478555, when looking up transform from frame [base_link] to frame [odom])
[amcl-2] [INFO] [1782974266.501785063] [amcl]: Setting pose (1782974266.501783): 0.000 0.000 0.000
[lifecycle_manager-11] [INFO] [1782974266.581244367] [lifecycle_manager_navigation]: Server velocity_smoother connected with bond.
[lifecycle_manager-11] [INFO] [1782974266.581408492] [lifecycle_manager_navigation]: [34m[1mManaged nodes are active[0m[0m
[lifecycle_manager-11] [INFO] [1782974266.581460784] [lifecycle_manager_navigation]: [34m[1mCreating bond timer...[0m[0m
[controller_server-4] [INFO] [1782974288.723959521] [local_costmap.local_costmap]: Message Filter dropping message: frame 'laser' at time 1782974288.316 for reason 'the timestamp on the message is earlier than all the data in the transform cache'
[planner_server-6] [INFO] [1782974288.724565104] [global_costmap.global_costmap]: Message Filter dropping message: frame 'laser' at time 1782974288.316 for reason 'the timestamp on the message is earlier than all the data in the transform cache'
[controller_server-4] [INFO] [1782974320.783575031] [local_costmap.local_costmap]: Message Filter dropping message: frame 'laser' at time 1782974320.376 for reason 'the timestamp on the message is earlier than all the data in the transform cache'
[bt_navigator-8] [INFO] [1782974334.864613732] [bt_navigator]: Begin navigating from current location (0.05, 0.02) to (0.60, 0.00)
[bt_navigator-8] [WARN] [1782974334.884076663] [BehaviorTreeEngine]: Behavior Tree tick rate 100.00 was exceeded!
[bt_navigator-8] [WARN] [1782974334.887597283] [BehaviorTreeEngine]: Behavior Tree tick rate 100.00 was exceeded!
[bt_navigator-8] [WARN] [1782974334.932440387] [BehaviorTreeEngine]: Behavior Tree tick rate 100.00 was exceeded!
[bt_navigator-8] [WARN] [1782974334.940722126] [BehaviorTreeEngine]: Behavior Tree tick rate 100.00 was exceeded!
[bt_navigator-8] [WARN] [1782974334.946533201] [BehaviorTreeEngine]: Behavior Tree tick rate 100.00 was exceeded!
[controller_server-4] [INFO] [1782974334.950292946] [controller_server]: Received a goal, begin computing control effort.
[controller_server-4] [WARN] [1782974334.950780737] [controller_server]: No goal checker was specified in parameter 'current_goal_checker'. Server will use only plugin loaded general_goal_checker . This warning will appear once.
[controller_server-4] [INFO] [1782974336.001382267] [controller_server]: Passing new path to controller.
[bt_navigator-8] [WARN] [1782974336.118561895] [BehaviorTreeEngine]: Behavior Tree tick rate 100.00 was exceeded!
[bt_navigator-8] [WARN] [1782974336.965876460] [BehaviorTreeEngine]: Behavior Tree tick rate 100.00 was exceeded!
[planner_server-6] [ERROR] [1782974336.971027744] [planner_server]: Failed to create a plan from potential when a legal potential was found. This shouldn't happen.
[planner_server-6] [WARN] [1782974336.975120739] [planner_server]: GridBased: failed to create plan with tolerance 0.50.
[planner_server-6] [WARN] [1782974336.975369780] [planner_server]: Planning algorithm GridBased failed to generate a valid path to (0.60, 0.00)
[planner_server-6] [WARN] [1782974336.975452155] [planner_server]: [compute_path_to_pose] [ActionServer] Aborting handle.
[planner_server-6] [INFO] [1782974336.997885373] [global_costmap.global_costmap]: Received request to clear entirely the global_costmap
[bt_navigator-8] [WARN] [1782974337.008175442] [BehaviorTreeEngine]: Behavior Tree tick rate 100.00 was exceeded!
[planner_server-6] [WARN] [1782974337.451159781] [planner_server]: Planner loop missed its desired rate of 20.0000 Hz. Current loop rate is 2.2402 Hz
[controller_server-4] [INFO] [1782974337.501392128] [controller_server]: Passing new path to controller.
[controller_server-4] [INFO] [1782974338.557488443] [controller_server]: Passing new path to controller.
[planner_server-6] [ERROR] [1782974339.530435874] [planner_server]: Failed to create a plan from potential when a legal potential was found. This shouldn't happen.
[planner_server-6] [WARN] [1782974339.530660207] [planner_server]: GridBased: failed to create plan with tolerance 0.50.
[planner_server-6] [WARN] [1782974339.530735166] [planner_server]: Planning algorithm GridBased failed to generate a valid path to (0.60, 0.00)
[planner_server-6] [WARN] [1782974339.530793332] [planner_server]: [compute_path_to_pose] [ActionServer] Aborting handle.
[planner_server-6] [INFO] [1782974339.560860498] [global_costmap.global_costmap]: Received request to clear entirely the global_costmap
[controller_server-4] [ERROR] [1782974340.236412804] [DWBLocalPlanner]: No valid trajectories out of 420! 
[controller_server-4] [ERROR] [1782974340.240791673] [DWBLocalPlanner]: 1.00: BaseObstacle/Trajectory Hits Obstacle.
[controller_server-4] [WARN] [1782974340.244933834] [controller_server]: No valid trajectories out of 420! 
[controller_server-4] [ERROR] [1782974340.284862736] [DWBLocalPlanner]: No valid trajectories out of 420! 
[controller_server-4] [ERROR] [1782974340.284971236] [DWBLocalPlanner]: 1.00: BaseObstacle/Trajectory Hits Obstacle.
[controller_server-4] [WARN] [1782974340.285644777] [controller_server]: No valid trajectories out of 420! 
[controller_server-4] [ERROR] [1782974340.332137545] [DWBLocalPlanner]: No valid trajectories out of 420! 
[controller_server-4] [ERROR] [1782974340.334320209] [DWBLocalPlanner]: 1.00: BaseObstacle/Trajectory Hits Obstacle.
[controller_server-4] [WARN] [1782974340.338181328] [controller_server]: No valid trajectories out of 420! 
[controller_server-4] [ERROR] [1782974340.392527128] [DWBLocalPlanner]: No valid trajectories out of 420! 
[controller_server-4] [ERROR] [1782974340.392647002] [DWBLocalPlanner]: 1.00: BaseObstacle/Trajectory Hits Obstacle.
[controller_server-4] [WARN] [1782974340.396305956] [controller_server]: No valid trajectories out of 420! 
[controller_server-4] [WARN] [1782974340.403089321] [controller_server]: Control loop missed its desired rate of 20.0000Hz
[controller_server-4] [ERROR] [1782974340.445879636] [DWBLocalPlanner]: No valid trajectories out of 420! 
[controller_server-4] [ERROR] [1782974340.445993469] [DWBLocalPlanner]: 1.00: BaseObstacle/Trajectory Hits Obstacle.
[controller_server-4] [WARN] [1782974340.446674094] [controller_server]: No valid trajectories out of 420! 
[planner_server-6] [WARN] [1782974340.452423669] [planner_server]: Planner loop missed its desired rate of 20.0000 Hz. Current loop rate is 1.1319 Hz
[controller_server-4] [ERROR] [1782974340.486934412] [DWBLocalPlanner]: No valid trajectories out of 420! 
[controller_server-4] [ERROR] [1782974340.490384782] [DWBLocalPlanner]: 1.00: BaseObstacle/Trajectory Hits Obstacle.
[controller_server-4] [WARN] [1782974340.494497652] [controller_server]: No valid trajectories out of 420! 
[controller_server-4] [ERROR] [1782974340.498037313] [controller_server]: Controller patience exceeded
[controller_server-4] [WARN] [1782974340.501523642] [controller_server]: [follow_path] [ActionServer] Aborting handle.
[controller_server-4] [INFO] [1782974340.505715969] [controller_server]: Received a goal, begin computing control effort.
[controller_server-4] [ERROR] [1782974340.545060623] [DWBLocalPlanner]: No valid trajectories out of 420! 
[controller_server-4] [ERROR] [1782974340.545162623] [DWBLocalPlanner]: 1.00: BaseObstacle/Trajectory Hits Obstacle.
[controller_server-4] [WARN] [1782974340.547167120] [controller_server]: No valid trajectories out of 420! 
[controller_server-4] [ERROR] [1782974340.589647019] [DWBLocalPlanner]: No valid trajectories out of 420! 
[controller_server-4] [ERROR] [1782974340.589755894] [DWBLocalPlanner]: 1.00: BaseObstacle/Trajectory Hits Obstacle.
[controller_server-4] [WARN] [1782974340.592662098] [controller_server]: No valid trajectories out of 420! 
[controller_server-4] [ERROR] [1782974340.899775669] [DWBLocalPlanner]: No valid trajectories out of 420! 
[controller_server-4] [ERROR] [1782974340.900656959] [DWBLocalPlanner]: 1.00: RotateToGoal/Not slowing down near goal.
[controller_server-4] [WARN] [1782974340.901436625] [controller_server]: No valid trajectories out of 420! 
[controller_server-4] [ERROR] [1782974340.938497864] [DWBLocalPlanner]: No valid trajectories out of 420! 
[controller_server-4] [ERROR] [1782974340.938601906] [DWBLocalPlanner]: 1.00: RotateToGoal/Not slowing down near goal.
[controller_server-4] [WARN] [1782974340.940134945] [controller_server]: No valid trajectories out of 420! 
[controller_server-4] [ERROR] [1782974340.991696540] [DWBLocalPlanner]: No valid trajectories out of 420! 
[controller_server-4] [ERROR] [1782974340.991815582] [DWBLocalPlanner]: 1.00: RotateToGoal/Not slowing down near goal.
[controller_server-4] [WARN] [1782974340.992532247] [controller_server]: No valid trajectories out of 420! 
[controller_server-4] [ERROR] [1782974341.033739356] [DWBLocalPlanner]: No valid trajectories out of 420! 
[controller_server-4] [ERROR] [1782974341.034608730] [DWBLocalPlanner]: 1.00: RotateToGoal/Not slowing down near goal.
[controller_server-4] [WARN] [1782974341.035369562] [controller_server]: No valid trajectories out of 420! 
[controller_server-4] [ERROR] [1782974341.106790296] [DWBLocalPlanner]: No valid trajectories out of 420! 
[controller_server-4] [ERROR] [1782974341.111446623] [DWBLocalPlanner]: 1.00: RotateToGoal/Not slowing down near goal.
[controller_server-4] [WARN] [1782974341.113780328] [controller_server]: No valid trajectories out of 420! 
[controller_server-4] [WARN] [1782974341.114584327] [controller_server]: Control loop missed its desired rate of 20.0000Hz
[controller_server-4] [ERROR] [1782974341.147961405] [DWBLocalPlanner]: No valid trajectories out of 420! 
[controller_server-4] [ERROR] [1782974341.148081155] [DWBLocalPlanner]: 1.00: RotateToGoal/Not slowing down near goal.
[controller_server-4] [WARN] [1782974341.149933194] [controller_server]: No valid trajectories out of 420! 
[controller_server-4] [ERROR] [1782974341.150168569] [controller_server]: Controller patience exceeded
[controller_server-4] [WARN] [1782974341.150624193] [controller_server]: [follow_path] [ActionServer] Aborting handle.
[controller_server-4] [INFO] [1782974341.168531210] [local_costmap.local_costmap]: Received request to clear entirely the local_costmap
[controller_server-4] [INFO] [1782974341.178947987] [controller_server]: Received a goal, begin computing control effort.
[controller_server-4] [INFO] [1782974341.530241579] [controller_server]: Passing new path to controller.
[controller_server-4] [ERROR] [1782974341.568788942] [DWBLocalPlanner]: No valid trajectories out of 420! 
[controller_server-4] [ERROR] [1782974341.570475940] [DWBLocalPlanner]: 1.00: RotateToGoal/Nonrotation command near goal.
[controller_server-4] [WARN] [1782974341.571685146] [controller_server]: No valid trajectories out of 420! 
[controller_server-4] [ERROR] [1782974341.619050622] [DWBLocalPlanner]: No valid trajectories out of 420! 
[controller_server-4] [ERROR] [1782974341.620243162] [DWBLocalPlanner]: 1.00: RotateToGoal/Nonrotation command near goal.
[controller_server-4] [WARN] [1782974341.620992244] [controller_server]: No valid trajectories out of 420! 
[controller_server-4] [ERROR] [1782974341.669607676] [DWBLocalPlanner]: No valid trajectories out of 420! 
[controller_server-4] [ERROR] [1782974341.669718634] [DWBLocalPlanner]: 1.00: RotateToGoal/Nonrotation command near goal.
[controller_server-4] [WARN] [1782974341.671604465] [controller_server]: No valid trajectories out of 420! 
[controller_server-4] [ERROR] [1782974341.708778288] [DWBLocalPlanner]: No valid trajectories out of 420! 
[controller_server-4] [ERROR] [1782974341.712601533] [DWBLocalPlanner]: 1.00: RotateToGoal/Nonrotation command near goal.
[controller_server-4] [WARN] [1782974341.713438865] [controller_server]: No valid trajectories out of 420! 
[controller_server-4] [ERROR] [1782974341.763945336] [DWBLocalPlanner]: No valid trajectories out of 420! 
[controller_server-4] [ERROR] [1782974341.766214416] [DWBLocalPlanner]: 1.00: RotateToGoal/Nonrotation command near goal.
[controller_server-4] [WARN] [1782974341.770649785] [controller_server]: No valid trajectories out of 420! 
[controller_server-4] [ERROR] [1782974341.819358258] [DWBLocalPlanner]: No valid trajectories out of 420! 
[controller_server-4] [ERROR] [1782974341.819466925] [DWBLocalPlanner]: 1.00: RotateToGoal/Nonrotation command near goal.
[controller_server-4] [WARN] [1782974341.820159216] [controller_server]: No valid trajectories out of 420! 
[controller_server-4] [ERROR] [1782974341.820370049] [controller_server]: Controller patience exceeded
[controller_server-4] [WARN] [1782974341.820889465] [controller_server]: [follow_path] [ActionServer] Aborting handle.
[controller_server-4] [INFO] [1782974341.838889189] [local_costmap.local_costmap]: Received request to clear entirely the local_costmap
[planner_server-6] [INFO] [1782974341.850955256] [global_costmap.global_costmap]: Received request to clear entirely the global_costmap
[bt_navigator-8] [WARN] [1782974341.855536124] [BehaviorTreeEngine]: Behavior Tree tick rate 100.00 was exceeded!
[bt_navigator-8] [WARN] [1782974341.866070985] [BehaviorTreeEngine]: Behavior Tree tick rate 100.00 was exceeded!
[planner_server-6] [WARN] [1782974342.452723123] [planner_server]: Planner loop missed its desired rate of 20.0000 Hz. Current loop rate is 1.6920 Hz
[controller_server-4] [INFO] [1782974342.486698576] [controller_server]: Received a goal, begin computing control effort.
[controller_server-4] [ERROR] [1782974342.517521491] [DWBLocalPlanner]: No valid trajectories out of 420! 
[controller_server-4] [ERROR] [1782974342.522019693] [DWBLocalPlanner]: 1.00: RotateToGoal/Nonrotation command near goal.
[controller_server-4] [WARN] [1782974342.527168561] [controller_server]: No valid trajectories out of 420! 
[controller_server-4] [ERROR] [1782974342.578141948] [DWBLocalPlanner]: No valid trajectories out of 420! 
[controller_server-4] [ERROR] [1782974342.578250948] [DWBLocalPlanner]: 1.00: RotateToGoal/Nonrotation command near goal.
[controller_server-4] [WARN] [1782974342.581170485] [controller_server]: No valid trajectories out of 420! 
[controller_server-4] [ERROR] [1782974342.632906371] [DWBLocalPlanner]: No valid trajectories out of 420! 
[controller_server-4] [ERROR] [1782974342.633740995] [DWBLocalPlanner]: 1.00: RotateToGoal/Nonrotation command near goal.
[controller_server-4] [WARN] [1782974342.635925701] [controller_server]: No valid trajectories out of 420! 
[controller_server-4] [ERROR] [1782974342.669488779] [DWBLocalPlanner]: No valid trajectories out of 420! 
[controller_server-4] [ERROR] [1782974342.669594445] [DWBLocalPlanner]: 1.00: RotateToGoal/Nonrotation command near goal.
[controller_server-4] [WARN] [1782974342.670469111] [controller_server]: No valid trajectories out of 420! 
[controller_server-4] [ERROR] [1782974342.720059875] [DWBLocalPlanner]: No valid trajectories out of 420! 
[controller_server-4] [ERROR] [1782974342.723732411] [DWBLocalPlanner]: 1.00: RotateToGoal/Nonrotation command near goal.
[controller_server-4] [WARN] [1782974342.728961279] [controller_server]: No valid trajectories out of 420! 
[controller_server-4] [ERROR] [1782974342.776318921] [DWBLocalPlanner]: No valid trajectories out of 420! 
[controller_server-4] [ERROR] [1782974342.779828916] [DWBLocalPlanner]: 1.00: RotateToGoal/Nonrotation command near goal.
[controller_server-4] [WARN] [1782974342.781739789] [controller_server]: No valid trajectories out of 420! 
[controller_server-4] [ERROR] [1782974342.816252032] [DWBLocalPlanner]: No valid trajectories out of 420! 
[controller_server-4] [ERROR] [1782974342.818670154] [DWBLocalPlanner]: 1.00: RotateToGoal/Nonrotation command near goal.
[controller_server-4] [WARN] [1782974342.819595486] [controller_server]: No valid trajectories out of 420! 
[controller_server-4] [ERROR] [1782974342.820740859] [controller_server]: Controller patience exceeded
[controller_server-4] [WARN] [1782974342.820994025] [controller_server]: [follow_path] [ActionServer] Aborting handle.
[controller_server-4] [INFO] [1782974342.846146574] [local_costmap.local_costmap]: Received request to clear entirely the local_costmap
[controller_server-4] [INFO] [1782974342.856173726] [controller_server]: Received a goal, begin computing control effort.
[controller_server-4] [ERROR] [1782974343.000980607] [DWBLocalPlanner]: No valid trajectories out of 420! 
[controller_server-4] [ERROR] [1782974343.001117274] [DWBLocalPlanner]: 1.00: RotateToGoal/Nonrotation command near goal.
[controller_server-4] [WARN] [1782974343.002039064] [controller_server]: No valid trajectories out of 420! 
[controller_server-4] [WARN] [1782974343.003169062] [controller_server]: Control loop missed its desired rate of 20.0000Hz
[controller_server-4] [ERROR] [1782974343.057967486] [DWBLocalPlanner]: No valid trajectories out of 420! 
[controller_server-4] [ERROR] [1782974343.058887776] [DWBLocalPlanner]: 1.00: RotateToGoal/Nonrotation command near goal.
[controller_server-4] [WARN] [1782974343.060563107] [controller_server]: No valid trajectories out of 420! 
[controller_server-4] [ERROR] [1782974343.133012006] [DWBLocalPlanner]: No valid trajectories out of 420! 
[controller_server-4] [ERROR] [1782974343.133142298] [DWBLocalPlanner]: 1.00: RotateToGoal/Nonrotation command near goal.
[controller_server-4] [WARN] [1782974343.134153338] [controller_server]: No valid trajectories out of 420! 
[controller_server-4] [ERROR] [1782974343.187585138] [DWBLocalPlanner]: No valid trajectories out of 420! 
[controller_server-4] [ERROR] [1782974343.188328970] [DWBLocalPlanner]: 1.00: RotateToGoal/Nonrotation command near goal.
[controller_server-4] [WARN] [1782974343.189540135] [controller_server]: No valid trajectories out of 420! 
[controller_server-4] [ERROR] [1782974343.189764802] [controller_server]: Controller patience exceeded
[controller_server-4] [WARN] [1782974343.190817592] [controller_server]: [follow_path] [ActionServer] Aborting handle.
[behavior_server-7] [INFO] [1782974343.209444691] [behavior_server]: Running spin
[behavior_server-7] [INFO] [1782974343.214923725] [behavior_server]: Turning 1.57 for spin behavior.
[bt_navigator-8] [WARN] [1782974343.650539200] [BehaviorTreeEngine]: Behavior Tree tick rate 100.00 was exceeded!
[behavior_server-7] [WARN] [1782974345.417419273] [behavior_server]: Collision Ahead - Exiting Spin
[behavior_server-7] [WARN] [1782974345.417597898] [behavior_server]: spin failed
[behavior_server-7] [WARN] [1782974345.417679314] [behavior_server]: [spin] [ActionServer] Aborting handle.
[bt_navigator-8] [WARN] [1782974345.437138037] [BehaviorTreeEngine]: Behavior Tree tick rate 100.00 was exceeded!
[behavior_server-7] [INFO] [1782974345.448559813] [behavior_server]: Running wait
[bt_navigator-8] [WARN] [1782974346.616601181] [BehaviorTreeEngine]: Behavior Tree tick rate 100.00 was exceeded!
[behavior_server-7] [INFO] [1782974350.455820613] [behavior_server]: wait completed successfully
[controller_server-4] [INFO] [1782974350.509656663] [controller_server]: Received a goal, begin computing control effort.
[controller_server-4] [ERROR] [1782974350.551036480] [DWBLocalPlanner]: No valid trajectories out of 420! 
[controller_server-4] [ERROR] [1782974350.551998812] [DWBLocalPlanner]: 1.00: RotateToGoal/Nonrotation command near goal.
[controller_server-4] [WARN] [1782974350.552760352] [controller_server]: No valid trajectories out of 420! 
[controller_server-4] [INFO] [1782974350.554723850] [controller_server]: Reached the goal!
[bt_navigator-8] [INFO] [1782974350.587438971] [bt_navigator]: Goal succeeded
