[INFO] [1783232177.773350703] [foxglove_click_goal_bridge]: Foxglove click goal bridge started.
[INFO] [1783232177.784684781] [foxglove_click_goal_bridge]: Listening point click topic:
[INFO] [1783232177.799991732] [foxglove_click_goal_bridge]:   /foxglove_goal_point
[INFO] [1783232177.807398521] [foxglove_click_goal_bridge]:   geometry_msgs/msg/PointStamped
[INFO] [1783232177.819934432] [foxglove_click_goal_bridge]: Listening pose click topic:
[INFO] [1783232177.833511967] [foxglove_click_goal_bridge]:   /foxglove_goal_pose
[INFO] [1783232177.838433882] [foxglove_click_goal_bridge]:   geometry_msgs/msg/PoseStamped
[INFO] [1783232177.843077255] [foxglove_click_goal_bridge]: Recommended Foxglove tool:
[INFO] [1783232177.849032585] [foxglove_click_goal_bridge]:   Publish -> 2D point -> /foxglove_goal_point
[INFO] [1783232177.864949245] [foxglove_click_goal_bridge]: Visual path topic: /foxglove_click_planned_path
[INFO] [1783232177.889750400] [foxglove_click_goal_bridge]: Visual trajectory: /foxglove_click_trajectory_dots (red dots)
[INFO] [1783232177.900085271] [foxglove_click_goal_bridge]: Visual start marker: /foxglove_click_start_marker
[INFO] [1783232177.906150601] [foxglove_click_goal_bridge]: Visual goal marker: /foxglove_click_goal_marker + /foxglove_click_goal_label
[INFO] [1783232177.912452807] [foxglove_click_goal_bridge]: Foxglove map viz: /foxglove_map_viz (use in 3D panel instead of /map)
[INFO] [1783232179.216983052] [foxglove_click_goal_bridge]: >>> CLICK READY: Foxglove 可以单击地图白色区域发送导航目标。 Topic=/foxglove_goal_point, frame=map。 若 scan 与地图错位，请先用 /initialpose 校正。导航进行中会忽略新点击。
[INFO] [1783232193.283738120] [foxglove_click_goal_bridge]: Transformed click from base_link (0.441, -1.421) -> map (-1.334, -0.680)
[INFO] [1783232193.318495104] [foxglove_click_goal_bridge]: Goal marker published at (-1.334, -0.680) -> /foxglove_click_goal_marker /foxglove_click_goal_label
[INFO] [1783232193.328656392] [foxglove_click_goal_bridge]: Received Foxglove clicked point: frame_id=base_link, x=-1.334, y=-0.680, goal_yaw=-1.130
[INFO] [1783232193.333417306] [foxglove_click_goal_bridge]: Goal footprint OK: (-1.334, -0.680) -> ok (radius=0.11m)
[INFO] [1783232193.364370084] [foxglove_click_goal_bridge]: [1] Start marker at (-0.237, 0.324) -> /foxglove_click_start_marker
[INFO] [1783232193.386827616] [foxglove_click_goal_bridge]: Goal marker published at (-1.334, -0.680) -> /foxglove_click_goal_marker /foxglove_click_goal_label
[INFO] [1783232193.393140404] [foxglove_click_goal_bridge]: [1] Accepted goal: frame=map, x=-1.334, y=-0.680
[INFO] [1783232193.487743321] [foxglove_click_goal_bridge]: [1] Planned path published: 58 poses -> /foxglove_click_planned_path
[INFO] [1783232193.513317726] [foxglove_click_goal_bridge]: [1] NavigateToPose goal accepted. Robot should start planning/following.
[INFO] [1783232193.530894676] [foxglove_click_goal_bridge]: [1] navigating: distance_remaining=0.000 m, recoveries=0
[INFO] [1783232195.530770951] [foxglove_click_goal_bridge]: [1] navigating: distance_remaining=1.436 m, recoveries=0
[INFO] [1783232197.555139966] [foxglove_click_goal_bridge]: [1] navigating: distance_remaining=1.211 m, recoveries=0
[INFO] [1783232199.579349733] [foxglove_click_goal_bridge]: [1] navigating: distance_remaining=1.036 m, recoveries=0
[INFO] [1783232201.594062754] [foxglove_click_goal_bridge]: [1] navigating: distance_remaining=0.811 m, recoveries=0
[INFO] [1783232203.598658782] [foxglove_click_goal_bridge]: [1] navigating: distance_remaining=0.561 m, recoveries=0
[INFO] [1783232205.610924224] [foxglove_click_goal_bridge]: [1] navigating: distance_remaining=0.311 m, recoveries=0
[INFO] [1783232207.244981876] [foxglove_click_goal_bridge]: [1] Navigation succeeded. status=4
[INFO] [1783232207.251142123] [foxglove_click_goal_bridge]: Navigation succeeded. Current pose will be updated by pose_memory_node.
[INFO] [1783232220.932513308] [foxglove_click_goal_bridge]: Transformed click from base_link (-1.680, 1.637) -> map (0.633, -2.136)
[INFO] [1783232220.967336376] [foxglove_click_goal_bridge]: Goal marker published at (0.633, -2.136) -> /foxglove_click_goal_marker /foxglove_click_goal_label
[INFO] [1783232220.981179120] [foxglove_click_goal_bridge]: Received Foxglove clicked point: frame_id=base_link, x=0.633, y=-2.136, goal_yaw=-2.998
[INFO] [1783232220.992280115] [foxglove_click_goal_bridge]: Goal footprint OK: (0.633, -2.136) -> ok (radius=0.11m)
[INFO] [1783232221.020471644] [foxglove_click_goal_bridge]: [2] Start marker at (-1.264, -0.756) -> /foxglove_click_start_marker
[INFO] [1783232221.038943469] [foxglove_click_goal_bridge]: Goal marker published at (0.633, -2.136) -> /foxglove_click_goal_marker /foxglove_click_goal_label
[INFO] [1783232221.046029424] [foxglove_click_goal_bridge]: [2] Accepted goal: frame=map, x=0.633, y=-2.136
[INFO] [1783232221.166279663] [foxglove_click_goal_bridge]: [2] Planned path published: 127 poses -> /foxglove_click_planned_path
[INFO] [1783232221.189097862] [foxglove_click_goal_bridge]: [2] NavigateToPose goal accepted. Robot should start planning/following.
[INFO] [1783232221.199816065] [foxglove_click_goal_bridge]: [2] navigating: distance_remaining=0.000 m, recoveries=0
[INFO] [1783232223.210356268] [foxglove_click_goal_bridge]: [2] navigating: distance_remaining=3.212 m, recoveries=0
[INFO] [1783232225.209066019] [foxglove_click_goal_bridge]: [2] navigating: distance_remaining=3.165 m, recoveries=0
[INFO] [1783232227.228320470] [foxglove_click_goal_bridge]: [2] navigating: distance_remaining=3.165 m, recoveries=0
[INFO] [1783232229.230536430] [foxglove_click_goal_bridge]: [2] navigating: distance_remaining=3.115 m, recoveries=0
[INFO] [1783232231.262864836] [foxglove_click_goal_bridge]: [2] navigating: distance_remaining=2.940 m, recoveries=0
[INFO] [1783232233.270245505] [foxglove_click_goal_bridge]: [2] navigating: distance_remaining=2.740 m, recoveries=0
[INFO] [1783232235.277281007] [foxglove_click_goal_bridge]: [2] navigating: distance_remaining=2.490 m, recoveries=0
[INFO] [1783232237.282091929] [foxglove_click_goal_bridge]: [2] navigating: distance_remaining=2.290 m, recoveries=0
[INFO] [1783232239.283725520] [foxglove_click_goal_bridge]: [2] navigating: distance_remaining=2.040 m, recoveries=0
[INFO] [1783232241.291752151] [foxglove_click_goal_bridge]: [2] navigating: distance_remaining=1.640 m, recoveries=0
[INFO] [1783232243.314487193] [foxglove_click_goal_bridge]: [2] navigating: distance_remaining=1.365 m, recoveries=0
[INFO] [1783232245.329967656] [foxglove_click_goal_bridge]: [2] navigating: distance_remaining=1.090 m, recoveries=0
[INFO] [1783232247.344093163] [foxglove_click_goal_bridge]: [2] navigating: distance_remaining=0.765 m, recoveries=0
[INFO] [1783232249.349231549] [foxglove_click_goal_bridge]: [2] navigating: distance_remaining=0.465 m, recoveries=0
[INFO] [1783232251.361681809] [foxglove_click_goal_bridge]: [2] navigating: distance_remaining=0.240 m, recoveries=0
[INFO] [1783232251.905367408] [foxglove_click_goal_bridge]: [2] Navigation succeeded. status=4
[INFO] [1783232251.908620824] [foxglove_click_goal_bridge]: Navigation succeeded. Current pose will be updated by pose_memory_node.
