[INFO] [1783328546.458432978] [simple_scan_filter]: filter /scan -> /scan_filtered, keep=[0.22, 4.00], isolated_window=2, isolated_delta=0.25, min_support_neighbors=1
[INFO] [1783328557.076888588] [simple_scan_filter]: scan stats: n=404, zeros=120, nan=0, inf=0, finite_raw=284, finite_out=238, removed_isolated=9
[INFO] [1783328562.074573695] [simple_scan_filter]: scan stats: n=404, zeros=115, nan=0, inf=0, finite_raw=289, finite_out=239, removed_isolated=11
[INFO] [1783328567.055930889] [simple_scan_filter]: scan stats: n=404, zeros=110, nan=0, inf=0, finite_raw=294, finite_out=242, removed_isolated=11
[INFO] [1783328572.058928789] [simple_scan_filter]: scan stats: n=404, zeros=117, nan=0, inf=0, finite_raw=287, finite_out=242, removed_isolated=6
[INFO] [1783328577.040738110] [simple_scan_filter]: scan stats: n=404, zeros=115, nan=0, inf=0, finite_raw=289, finite_out=244, removed_isolated=7
[INFO] [1783328582.034610597] [simple_scan_filter]: scan stats: n=404, zeros=113, nan=0, inf=0, finite_raw=291, finite_out=242, removed_isolated=8
[INFO] [1783328587.034789043] [simple_scan_filter]: scan stats: n=404, zeros=117, nan=0, inf=0, finite_raw=287, finite_out=236, removed_isolated=11
[INFO] [1783328592.031114199] [simple_scan_filter]: scan stats: n=404, zeros=116, nan=0, inf=0, finite_raw=288, finite_out=241, removed_isolated=6
[INFO] [1783328597.018272857] [simple_scan_filter]: scan stats: n=404, zeros=118, nan=0, inf=0, finite_raw=286, finite_out=239, removed_isolated=11
[INFO] [1783328602.016856682] [simple_scan_filter]: scan stats: n=404, zeros=115, nan=0, inf=0, finite_raw=289, finite_out=244, removed_isolated=5
[INFO] [1783328607.007887717] [simple_scan_filter]: scan stats: n=404, zeros=120, nan=0, inf=0, finite_raw=284, finite_out=238, removed_isolated=7
[INFO] [1783328611.999742169] [simple_scan_filter]: scan stats: n=404, zeros=108, nan=0, inf=0, finite_raw=296, finite_out=244, removed_isolated=8
[INFO] [1783328616.988912581] [simple_scan_filter]: scan stats: n=404, zeros=119, nan=0, inf=0, finite_raw=285, finite_out=235, removed_isolated=10
[INFO] [1783328621.983150661] [simple_scan_filter]: scan stats: n=404, zeros=115, nan=0, inf=0, finite_raw=289, finite_out=243, removed_isolated=9
[INFO] [1783328626.975178408] [simple_scan_filter]: scan stats: n=404, zeros=114, nan=0, inf=0, finite_raw=290, finite_out=238, removed_isolated=11
[INFO] [1783328631.968565406] [simple_scan_filter]: scan stats: n=404, zeros=116, nan=0, inf=0, finite_raw=288, finite_out=238, removed_isolated=10
[INFO] [1783328636.961215239] [simple_scan_filter]: scan stats: n=404, zeros=114, nan=0, inf=0, finite_raw=290, finite_out=241, removed_isolated=12
[INFO] [1783328641.958121823] [simple_scan_filter]: scan stats: n=404, zeros=110, nan=0, inf=0, finite_raw=294, finite_out=242, removed_isolated=9
[INFO] [1783328646.947363325] [simple_scan_filter]: scan stats: n=404, zeros=124, nan=0, inf=0, finite_raw=280, finite_out=235, removed_isolated=7
[INFO] [1783328651.941556411] [simple_scan_filter]: scan stats: n=404, zeros=119, nan=0, inf=0, finite_raw=285, finite_out=242, removed_isolated=6
[INFO] [1783328656.938872831] [simple_scan_filter]: scan stats: n=404, zeros=112, nan=0, inf=0, finite_raw=292, finite_out=243, removed_isolated=8
[INFO] [1783328661.928965586] [simple_scan_filter]: scan stats: n=404, zeros=115, nan=0, inf=0, finite_raw=289, finite_out=244, removed_isolated=8
[INFO] [1783328666.921463300] [simple_scan_filter]: scan stats: n=404, zeros=110, nan=0, inf=0, finite_raw=294, finite_out=245, removed_isolated=8
[INFO] [1783328671.915296266] [simple_scan_filter]: scan stats: n=404, zeros=118, nan=0, inf=0, finite_raw=286, finite_out=243, removed_isolated=7
[INFO] [1783328676.923773981] [simple_scan_filter]: scan stats: n=404, zeros=121, nan=0, inf=0, finite_raw=283, finite_out=235, removed_isolated=9
[INFO] [1783328681.920839073] [simple_scan_filter]: scan stats: n=404, zeros=119, nan=0, inf=0, finite_raw=285, finite_out=243, removed_isolated=8
[INFO] [1783328686.894432210] [simple_scan_filter]: scan stats: n=404, zeros=117, nan=0, inf=0, finite_raw=287, finite_out=241, removed_isolated=7
[INFO] [1783328691.887198513] [simple_scan_filter]: scan stats: n=404, zeros=115, nan=0, inf=0, finite_raw=289, finite_out=238, removed_isolated=8
[INFO] [1783328696.883853025] [simple_scan_filter]: scan stats: n=404, zeros=107, nan=0, inf=0, finite_raw=297, finite_out=247, removed_isolated=6
[INFO] [1783328701.881125746] [simple_scan_filter]: scan stats: n=404, zeros=112, nan=0, inf=0, finite_raw=292, finite_out=242, removed_isolated=6
[INFO] [1783328706.871854511] [simple_scan_filter]: scan stats: n=404, zeros=108, nan=0, inf=0, finite_raw=296, finite_out=244, removed_isolated=7
[INFO] [1783328711.864141276] [simple_scan_filter]: scan stats: n=404, zeros=109, nan=0, inf=0, finite_raw=295, finite_out=245, removed_isolated=6
[INFO] [1783328716.859845459] [simple_scan_filter]: scan stats: n=404, zeros=117, nan=0, inf=0, finite_raw=287, finite_out=242, removed_isolated=8
[INFO] [1783328721.847736561] [simple_scan_filter]: scan stats: n=404, zeros=111, nan=0, inf=0, finite_raw=293, finite_out=243, removed_isolated=9
[INFO] [1783328726.843124329] [simple_scan_filter]: scan stats: n=404, zeros=112, nan=0, inf=0, finite_raw=292, finite_out=241, removed_isolated=6
[INFO] [1783328731.835533765] [simple_scan_filter]: scan stats: n=404, zeros=115, nan=0, inf=0, finite_raw=289, finite_out=244, removed_isolated=6
[INFO] [1783328736.830523619] [simple_scan_filter]: scan stats: n=404, zeros=113, nan=0, inf=0, finite_raw=291, finite_out=242, removed_isolated=6
[INFO] [1783328741.825045599] [simple_scan_filter]: scan stats: n=404, zeros=120, nan=0, inf=0, finite_raw=284, finite_out=239, removed_isolated=7
[INFO] [1783328746.818285830] [simple_scan_filter]: scan stats: n=404, zeros=118, nan=0, inf=0, finite_raw=286, finite_out=242, removed_isolated=8
[INFO] [1783328751.822382228] [simple_scan_filter]: scan stats: n=404, zeros=113, nan=0, inf=0, finite_raw=291, finite_out=240, removed_isolated=6
[INFO] [1783328756.809182420] [simple_scan_filter]: scan stats: n=404, zeros=116, nan=0, inf=0, finite_raw=288, finite_out=237, removed_isolated=10
[INFO] [1783328761.797819780] [simple_scan_filter]: scan stats: n=404, zeros=106, nan=0, inf=0, finite_raw=298, finite_out=244, removed_isolated=9
[INFO] [1783328766.794922056] [simple_scan_filter]: scan stats: n=404, zeros=112, nan=0, inf=0, finite_raw=292, finite_out=242, removed_isolated=9
[INFO] [1783328771.785749043] [simple_scan_filter]: scan stats: n=404, zeros=116, nan=0, inf=0, finite_raw=288, finite_out=240, removed_isolated=5
Traceback (most recent call last):
  File "/root/rdk_x5_vln_robot/ros2_bridge/simple_scan_filter.py", line 197, in <module>
    main()
  File "/root/rdk_x5_vln_robot/ros2_bridge/simple_scan_filter.py", line 191, in main
    rclpy.spin(node)
  File "/opt/ros/humble/local/lib/python3.10/dist-packages/rclpy/__init__.py", line 229, in spin
    executor.spin_once()
  File "/opt/ros/humble/local/lib/python3.10/dist-packages/rclpy/executors.py", line 751, in spin_once
    self._spin_once_impl(timeout_sec)
  File "/opt/ros/humble/local/lib/python3.10/dist-packages/rclpy/executors.py", line 740, in _spin_once_impl
    handler, entity, node = self.wait_for_ready_callbacks(timeout_sec=timeout_sec)
  File "/opt/ros/humble/local/lib/python3.10/dist-packages/rclpy/executors.py", line 723, in wait_for_ready_callbacks
    return next(self._cb_iter)
  File "/opt/ros/humble/local/lib/python3.10/dist-packages/rclpy/executors.py", line 624, in _wait_for_ready_callbacks
    raise ExternalShutdownException()
rclpy.executors.ExternalShutdownException
