[INFO] [launch]: All log files can be found below /root/.ros/log/2026-07-02-15-23-33-182190-ubuntu-122087
[INFO] [launch]: Default logging verbosity is set to INFO
[INFO] [foxglove_bridge-1]: process started with pid [122111]
[foxglove_bridge-1] [INFO] [1782977014.420836528] [foxglove_bridge]: Starting foxglove_bridge (humble, 3.3.0@)
[foxglove_bridge-1] [INFO] [1782977014.425916564] [foxglove_bridge]: Server listening on port 8765
[foxglove_bridge-1] [INFO] [1782977014.428364227] [foxglove_bridge]: Advertising new channel 2 for topic "/rosout"
[foxglove_bridge-1] [INFO] [1782977014.430008809] [foxglove_bridge]: Advertising new channel 3 for topic "/parameter_events"
[foxglove_bridge-1] [INFO] [1782977014.745078716] [foxglove_bridge]: received connection graph subscribe request
[foxglove_bridge-1] [INFO] [1782977014.956808249] [foxglove_bridge]: publishing connection graph
[foxglove_bridge-1] [INFO] [1782977015.458436054] [foxglove_bridge]: Advertising new channel 4 for topic "/yolov5s_bpu/debug"
[foxglove_bridge-1] [INFO] [1782977015.458865845] [foxglove_bridge]: Advertising new channel 5 for topic "/target_words"
[foxglove_bridge-1] [INFO] [1782977015.459065636] [foxglove_bridge]: Advertising new channel 6 for topic "/nav_state"
[foxglove_bridge-1] [INFO] [1782977015.459226095] [foxglove_bridge]: Advertising new channel 7 for topic "/target_bbox_json"
[foxglove_bridge-1] [INFO] [1782977015.460799343] [foxglove_bridge]: Advertising new channel 8 for topic "/image_raw"
[foxglove_bridge-1] [INFO] [1782977015.461849091] [foxglove_bridge]: Advertising new channel 9 for topic "/image"
[foxglove_bridge-1] [INFO] [1782977015.463116673] [foxglove_bridge]: Advertising new channel 10 for topic "/scan"
[foxglove_bridge-1] [INFO] [1782977015.464461422] [foxglove_bridge]: Advertising new channel 11 for topic "/cmd_vel"
[foxglove_bridge-1] [INFO] [1782977015.464864921] [foxglove_bridge]: Advertising new channel 12 for topic "/yolov5s_bpu/annotated/compressed"
[foxglove_bridge-1] [INFO] [1782977015.465299462] [foxglove_bridge]: Advertising new channel 13 for topic "/nav_target_point"
[foxglove_bridge-1] [INFO] [1782977015.468900666] [foxglove_bridge]: Advertising new channel 14 for topic "/camera_info"
[foxglove_bridge-1] [INFO] [1782977015.607051123] [foxglove_bridge]: publishing connection graph
[foxglove_bridge-1] [INFO] [1782977016.110639466] [foxglove_bridge]: Advertising new channel 15 for topic "/tf_static"
[foxglove_bridge-1] [INFO] [1782977016.115895418] [foxglove_bridge]: received subscribe request for channel 15 from client 3
[foxglove_bridge-1] [INFO] [1782977016.124887657] [foxglove_bridge]: received subscribe request for channel 15 from client 1
[foxglove_bridge-1] [INFO] [1782977016.140827763] [foxglove_bridge]: Created ROS subscription on /tf_static (tf2_msgs/msg/TFMessage) for channel 15
[foxglove_bridge-1] [INFO] [1782977016.149677002] [foxglove_bridge]: publishing connection graph
[foxglove_bridge-1] [INFO] [1782977016.566956451] [foxglove_bridge]: received subscribe request for channel 11 from client 4
[foxglove_bridge-1] [INFO] [1782977016.572647611] [foxglove_bridge]: Created ROS subscription on /cmd_vel (geometry_msgs/msg/Twist) for channel 11
[foxglove_bridge-1] [INFO] [1782977016.573092819] [foxglove_bridge]: received subscribe request for channel 7 from client 4
[foxglove_bridge-1] [INFO] [1782977016.579576852] [foxglove_bridge]: Created ROS subscription on /target_bbox_json (std_msgs/msg/String) for channel 7
[foxglove_bridge-1] [INFO] [1782977016.579863060] [foxglove_bridge]: received subscribe request for channel 6 from client 4
[foxglove_bridge-1] [INFO] [1782977016.582847390] [foxglove_bridge]: Created ROS subscription on /nav_state (std_msgs/msg/String) for channel 6
[foxglove_bridge-1] [INFO] [1782977016.583144223] [foxglove_bridge]: received subscribe request for channel 10 from client 4
[foxglove_bridge-1] [INFO] [1782977016.592307629] [foxglove_bridge]: Created ROS subscription on /scan (sensor_msgs/msg/LaserScan) for channel 10
[foxglove_bridge-1] [INFO] [1782977016.592580212] [foxglove_bridge]: received subscribe request for channel 12 from client 4
[foxglove_bridge-1] [INFO] [1782977016.597755789] [foxglove_bridge]: Created ROS subscription on /yolov5s_bpu/annotated/compressed (sensor_msgs/msg/CompressedImage) for channel 12
[foxglove_bridge-1] [INFO] [1782977016.598020330] [foxglove_bridge]: received unsubscribe request for channel 11 from client 4
[foxglove_bridge-1] [INFO] [1782977016.598127705] [foxglove_bridge]: Cleaned up ROS subscription for channel 11 (no more subscribers)
[foxglove_bridge-1] [INFO] [1782977016.599053162] [foxglove_bridge]: received unsubscribe request for channel 7 from client 4
[foxglove_bridge-1] [INFO] [1782977016.599191204] [foxglove_bridge]: Cleaned up ROS subscription for channel 7 (no more subscribers)
[foxglove_bridge-1] [INFO] [1782977016.599309662] [foxglove_bridge]: received unsubscribe request for channel 6 from client 4
[foxglove_bridge-1] [INFO] [1782977016.599363078] [foxglove_bridge]: Cleaned up ROS subscription for channel 6 (no more subscribers)
[foxglove_bridge-1] [INFO] [1782977016.599616370] [foxglove_bridge]: received unsubscribe request for channel 10 from client 4
[foxglove_bridge-1] [INFO] [1782977016.599680161] [foxglove_bridge]: Cleaned up ROS subscription for channel 10 (no more subscribers)
[foxglove_bridge-1] [INFO] [1782977016.599765120] [foxglove_bridge]: received unsubscribe request for channel 12 from client 4
[foxglove_bridge-1] [INFO] [1782977016.599811411] [foxglove_bridge]: Cleaned up ROS subscription for channel 12 (no more subscribers)
[foxglove_bridge-1] [INFO] [1782977016.600661743] [foxglove_bridge]: received subscribe request for channel 11 from client 4
[foxglove_bridge-1] [INFO] [1782977016.604886197] [foxglove_bridge]: Created ROS subscription on /cmd_vel (geometry_msgs/msg/Twist) for channel 11
[foxglove_bridge-1] [INFO] [1782977016.605140321] [foxglove_bridge]: received subscribe request for channel 7 from client 4
[foxglove_bridge-1] [INFO] [1782977016.611906438] [foxglove_bridge]: Created ROS subscription on /target_bbox_json (std_msgs/msg/String) for channel 7
[foxglove_bridge-1] [INFO] [1782977016.612152479] [foxglove_bridge]: received subscribe request for channel 6 from client 4
[foxglove_bridge-1] [INFO] [1782977016.631026373] [foxglove_bridge]: Created ROS subscription on /nav_state (std_msgs/msg/String) for channel 6
[foxglove_bridge-1] [INFO] [1782977016.636097575] [foxglove_bridge]: Client ID 4 is advertising "/move_base_simple/goal" (geometry_msgs/PoseStamped) on channel 1 with encoding "cdr"
[foxglove_bridge-1] [INFO] [1782977016.641415819] [foxglove_bridge]: Client ID 4 is advertising "/clicked_point" (geometry_msgs/PointStamped) on channel 2 with encoding "cdr"
[foxglove_bridge-1] [INFO] [1782977016.645378897] [foxglove_bridge]: Client ID 4 is advertising "/initialpose" (geometry_msgs/PoseWithCovarianceStamped) on channel 3 with encoding "cdr"
[foxglove_bridge-1] [INFO] [1782977016.645618105] [foxglove_bridge]: received subscribe request for channel 10 from client 4
[foxglove_bridge-1] [INFO] [1782977016.649149226] [foxglove_bridge]: Created ROS subscription on /scan (sensor_msgs/msg/LaserScan) for channel 10
[foxglove_bridge-1] [INFO] [1782977016.649387309] [foxglove_bridge]: received subscribe request for channel 12 from client 4
[foxglove_bridge-1] [INFO] [1782977016.653809512] [foxglove_bridge]: Created ROS subscription on /yolov5s_bpu/annotated/compressed (sensor_msgs/msg/CompressedImage) for channel 12
[foxglove_bridge-1] [INFO] [1782977016.656052759] [foxglove_bridge]: Advertising new channel 16 for topic "/initialpose"
[foxglove_bridge-1] [INFO] [1782977016.656877050] [foxglove_bridge]: Advertising new channel 17 for topic "/move_base_simple/goal"
[foxglove_bridge-1] [INFO] [1782977016.657716757] [foxglove_bridge]: Advertising new channel 18 for topic "/clicked_point"
[foxglove_bridge-1] [INFO] [1782977016.664668124] [foxglove_bridge]: publishing connection graph
[foxglove_bridge-1] [INFO] [1782977016.665931830] [foxglove_bridge]: received subscribe request for channel 16 from client 1
[foxglove_bridge-1] [INFO] [1782977016.665945372] [foxglove_bridge]: received subscribe request for channel 17 from client 3
[foxglove_bridge-1] [INFO] [1782977016.670711325] [foxglove_bridge]: Created ROS subscription on /initialpose (geometry_msgs/msg/PoseWithCovarianceStamped) for channel 16
[foxglove_bridge-1] [INFO] [1782977016.672838072] [foxglove_bridge]: received subscribe request for channel 17 from client 1
[foxglove_bridge-1] [INFO] [1782977016.680683271] [foxglove_bridge]: Created ROS subscription on /move_base_simple/goal (geometry_msgs/msg/PoseStamped) for channel 17
[foxglove_bridge-1] [INFO] [1782977016.699552123] [foxglove_bridge]: received subscribe request for channel 15 from client 4
[foxglove_bridge-1] [INFO] [1782977017.171569505] [foxglove_bridge]: publishing connection graph
[foxglove_bridge-1] [INFO] [1782977017.234263512] [foxglove_bridge]: received subscribe request for channel 15 from client 2
[foxglove_bridge-1] [INFO] [1782977018.105587532] [foxglove_bridge]: publishing connection graph
[foxglove_bridge-1] [INFO] [1782977018.176092696] [foxglove_bridge]: received subscribe request for channel 11 from client 5
[foxglove_bridge-1] [INFO] [1782977018.176464779] [foxglove_bridge]: received subscribe request for channel 7 from client 5
[foxglove_bridge-1] [INFO] [1782977018.176735279] [foxglove_bridge]: received subscribe request for channel 15 from client 5
[foxglove_bridge-1] [INFO] [1782977018.176977778] [foxglove_bridge]: received subscribe request for channel 10 from client 5
[foxglove_bridge-1] [INFO] [1782977018.177149861] [foxglove_bridge]: received subscribe request for channel 12 from client 5
[foxglove_bridge-1] [INFO] [1782977018.177272820] [foxglove_bridge]: received subscribe request for channel 6 from client 5
[foxglove_bridge-1] [INFO] [1782977018.607856753] [foxglove_bridge]: Advertising new channel 19 for topic "/tf"
[foxglove_bridge-1] [INFO] [1782977018.624420899] [foxglove_bridge]: received subscribe request for channel 19 from client 3
[foxglove_bridge-1] [INFO] [1782977018.629001393] [foxglove_bridge]: received subscribe request for channel 19 from client 5
[foxglove_bridge-1] [INFO] [1782977018.629009185] [foxglove_bridge]: received subscribe request for channel 19 from client 2
[foxglove_bridge-1] [INFO] [1782977018.631065974] [foxglove_bridge]: Created ROS subscription on /tf (tf2_msgs/msg/TFMessage) for channel 19
[foxglove_bridge-1] [INFO] [1782977018.631858723] [foxglove_bridge]: received subscribe request for channel 19 from client 4
[foxglove_bridge-1] [INFO] [1782977018.656372527] [foxglove_bridge]: publishing connection graph
[foxglove_bridge-1] [INFO] [1782977019.162430743] [foxglove_bridge]: publishing connection graph
[foxglove_bridge-1] [INFO] [1782977020.279548713] [foxglove_bridge]: publishing connection graph
[foxglove_bridge-1] [INFO] [1782977020.786124261] [foxglove_bridge]: Advertising new channel 20 for topic "/map_server/transition_event"
[foxglove_bridge-1] [INFO] [1782977020.835204618] [foxglove_bridge]: publishing connection graph
[foxglove_bridge-1] [INFO] [1782977021.391908647] [foxglove_bridge]: publishing connection graph
[foxglove_bridge-1] [INFO] [1782977021.898905279] [foxglove_bridge]: publishing connection graph
[foxglove_bridge-1] [INFO] [1782977022.406073368] [foxglove_bridge]: publishing connection graph
[foxglove_bridge-1] [INFO] [1782977022.913038333] [foxglove_bridge]: publishing connection graph
[foxglove_bridge-1] [INFO] [1782977025.250438939] [foxglove_bridge]: publishing connection graph
[foxglove_bridge-1] [INFO] [1782977025.762513356] [foxglove_bridge]: publishing connection graph
[foxglove_bridge-1] [INFO] [1782977025.878798756] [foxglove_bridge]: received unsubscribe request for channel 10 from client 4
[foxglove_bridge-1] [INFO] [1782977026.260464290] [foxglove_bridge]: received subscribe request for channel 10 from client 4
[foxglove_bridge-1] [INFO] [1782977026.269921987] [foxglove_bridge]: publishing connection graph
[foxglove_bridge-1] [INFO] [1782977028.372546713] [foxglove_bridge]: publishing connection graph
[foxglove_bridge-1] [INFO] [1782977030.037116849] [foxglove_bridge]: publishing connection graph
[foxglove_bridge-1] [INFO] [1782977030.543577106] [foxglove_bridge]: Advertising new channel 21 for topic "/map"
[foxglove_bridge-1] [INFO] [1782977030.572622737] [foxglove_bridge]: publishing connection graph
[foxglove_bridge-1] [INFO] [1782977030.578580355] [foxglove_bridge]: received subscribe request for channel 21 from client 4
[foxglove_bridge-1] [INFO] [1782977030.583031433] [foxglove_bridge]: Created ROS subscription on /map (nav_msgs/msg/OccupancyGrid) for channel 21
[foxglove_bridge-1] [INFO] [1782977030.935765419] [foxglove_bridge]: received subscribe request for channel 21 from client 3
[foxglove_bridge-1] [INFO] [1782977030.965643674] [foxglove_bridge]: received subscribe request for channel 21 from client 1
[foxglove_bridge-1] [INFO] [1782977031.081061325] [foxglove_bridge]: publishing connection graph
[foxglove_bridge-1] [INFO] [1782977034.471216397] [foxglove_bridge]: publishing connection graph
[foxglove_bridge-1] [INFO] [1782977034.979245902] [foxglove_bridge]: publishing connection graph
[foxglove_bridge-1] [INFO] [1782977035.487302740] [foxglove_bridge]: publishing connection graph
[foxglove_bridge-1] [INFO] [1782977037.857089641] [foxglove_bridge]: publishing connection graph
[foxglove_bridge-1] [INFO] [1782977039.106706574] [foxglove_bridge]: publishing connection graph
[foxglove_bridge-1] [INFO] [1782977039.614326080] [foxglove_bridge]: publishing connection graph
[foxglove_bridge-1] [INFO] [1782977040.117252258] [foxglove_bridge]: Advertising new channel 22 for topic "/bond"
[foxglove_bridge-1] [INFO] [1782977040.126321872] [foxglove_bridge]: publishing connection graph
[foxglove_bridge-1] [INFO] [1782977042.840577560] [foxglove_bridge]: received unsubscribe request for channel 11 from client 5
[foxglove_bridge-1] [INFO] [1782977042.840950560] [foxglove_bridge]: received unsubscribe request for channel 7 from client 5
[foxglove_bridge-1] [INFO] [1782977042.842245892] [foxglove_bridge]: received unsubscribe request for channel 15 from client 5
[foxglove_bridge-1] [INFO] [1782977042.842479600] [foxglove_bridge]: received unsubscribe request for channel 10 from client 5
[foxglove_bridge-1] [INFO] [1782977042.842583391] [foxglove_bridge]: received unsubscribe request for channel 12 from client 5
[foxglove_bridge-1] [INFO] [1782977042.842660058] [foxglove_bridge]: received unsubscribe request for channel 6 from client 5
[foxglove_bridge-1] [INFO] [1782977042.842738683] [foxglove_bridge]: received unsubscribe request for channel 19 from client 5
[foxglove_bridge-1] [INFO] [1782977042.895203994] [foxglove_bridge]: received subscribe request for channel 11 from client 5
[foxglove_bridge-1] [INFO] [1782977042.897841740] [foxglove_bridge]: received subscribe request for channel 7 from client 5
[foxglove_bridge-1] [INFO] [1782977042.898060865] [foxglove_bridge]: received subscribe request for channel 6 from client 5
[foxglove_bridge-1] [INFO] [1782977042.992602750] [foxglove_bridge]: received subscribe request for channel 19 from client 5
[foxglove_bridge-1] [INFO] [1782977042.992831458] [foxglove_bridge]: received subscribe request for channel 15 from client 5
[foxglove_bridge-1] [INFO] [1782977043.086494760] [foxglove_bridge]: Client ID 5 is advertising "/move_base_simple/goal" (geometry_msgs/PoseStamped) on channel 1 with encoding "cdr"
[foxglove_bridge-1] [INFO] [1782977043.091778629] [foxglove_bridge]: publishing connection graph
[foxglove_bridge-1] [INFO] [1782977043.092780961] [foxglove_bridge]: Client ID 5 is advertising "/clicked_point" (geometry_msgs/PointStamped) on channel 2 with encoding "cdr"
[foxglove_bridge-1] [INFO] [1782977043.098388537] [foxglove_bridge]: Client ID 5 is advertising "/initialpose" (geometry_msgs/PoseWithCovarianceStamped) on channel 3 with encoding "cdr"
[foxglove_bridge-1] [INFO] [1782977043.119232720] [foxglove_bridge]: received subscribe request for channel 10 from client 5
[foxglove_bridge-1] [INFO] [1782977043.122358342] [foxglove_bridge]: received subscribe request for channel 12 from client 5
[foxglove_bridge-1] [INFO] [1782977043.593916433] [foxglove_bridge]: Removing channel 4 for topic "/yolov5s_bpu/debug" (std_msgs/msg/String)
[foxglove_bridge-1] [INFO] [1782977043.602059423] [foxglove_bridge]: publishing connection graph
[foxglove_bridge-1] [INFO] [1782977044.109964512] [foxglove_bridge]: publishing connection graph
[foxglove_bridge-1] [INFO] [1782977044.611633066] [foxglove_bridge]: Removing channel 5 for topic "/target_words" (std_msgs/msg/String)
[foxglove_bridge-1] [INFO] [1782977044.611797233] [foxglove_bridge]: Removing channel 8 for topic "/image_raw" (sensor_msgs/msg/Image)
[foxglove_bridge-1] [INFO] [1782977044.611860691] [foxglove_bridge]: Removing channel 13 for topic "/nav_target_point" (std_msgs/msg/String)
[foxglove_bridge-1] [INFO] [1782977044.616532019] [foxglove_bridge]: publishing connection graph
[foxglove_bridge-1] [INFO] [1782977045.121923069] [foxglove_bridge]: publishing connection graph
[foxglove_bridge-1] [INFO] [1782977045.627559035] [foxglove_bridge]: publishing connection graph
[foxglove_bridge-1] [INFO] [1782977046.312947282] [foxglove_bridge]: publishing connection graph
[foxglove_bridge-1] [INFO] [1782977046.851280334] [foxglove_bridge]: publishing connection graph
[foxglove_bridge-1] [INFO] [1782977047.358763840] [foxglove_bridge]: publishing connection graph
[foxglove_bridge-1] [INFO] [1782977048.257223327] [foxglove_bridge]: publishing connection graph
[foxglove_bridge-1] [INFO] [1782977048.805977282] [foxglove_bridge]: publishing connection graph
[foxglove_bridge-1] [INFO] [1782977049.308530169] [foxglove_bridge]: Advertising new channel 23 for topic "/planner_server/transition_event"
[foxglove_bridge-1] [INFO] [1782977049.309088835] [foxglove_bridge]: Advertising new channel 24 for topic "/global_costmap/global_costmap/transition_event"
[foxglove_bridge-1] [INFO] [1782977049.423490862] [foxglove_bridge]: publishing connection graph
[foxglove_bridge-1] [INFO] [1782977049.932179450] [foxglove_bridge]: publishing connection graph
[foxglove_bridge-1] [INFO] [1782977051.107690516] [foxglove_bridge]: publishing connection graph
[foxglove_bridge-1] [INFO] [1782977051.616271979] [foxglove_bridge]: publishing connection graph
[foxglove_bridge-1] [INFO] [1782977052.124487900] [foxglove_bridge]: publishing connection graph
[foxglove_bridge-1] [INFO] [1782977052.627002204] [foxglove_bridge]: Advertising new channel 25 for topic "/image_raw"
[foxglove_bridge-1] [INFO] [1782977052.637266775] [foxglove_bridge]: publishing connection graph
[foxglove_bridge-1] [INFO] [1782977054.190523380] [foxglove_bridge]: publishing connection graph
[foxglove_bridge-1] [INFO] [1782977054.704318919] [foxglove_bridge]: publishing connection graph
[foxglove_bridge-1] [INFO] [1782977055.212763966] [foxglove_bridge]: publishing connection graph
[foxglove_bridge-1] [INFO] [1782977055.721221845] [foxglove_bridge]: publishing connection graph
[foxglove_bridge-1] [INFO] [1782977056.230978307] [foxglove_bridge]: publishing connection graph
[foxglove_bridge-1] [INFO] [1782977058.005918766] [foxglove_bridge]: publishing connection graph
[foxglove_bridge-1] [INFO] [1782977058.703580665] [foxglove_bridge]: publishing connection graph
[foxglove_bridge-1] [INFO] [1782977059.229471399] [foxglove_bridge]: publishing connection graph
[foxglove_bridge-1] [INFO] [1782977059.733480367] [foxglove_bridge]: Advertising new channel 26 for topic "/global_costmap/published_footprint"
[foxglove_bridge-1] [INFO] [1782977059.734543408] [foxglove_bridge]: Advertising new channel 27 for topic "/global_costmap/footprint"
[foxglove_bridge-1] [INFO] [1782977059.735551448] [foxglove_bridge]: Advertising new channel 28 for topic "/global_costmap/costmap_updates"
[foxglove_bridge-1] [INFO] [1782977059.737619070] [foxglove_bridge]: Advertising new channel 29 for topic "/global_costmap/costmap_raw"
[foxglove_bridge-1] [INFO] [1782977059.738309986] [foxglove_bridge]: Advertising new channel 30 for topic "/global_costmap/costmap"
[foxglove_bridge-1] [INFO] [1782977059.827011586] [foxglove_bridge]: publishing connection graph
[foxglove_bridge-1] [INFO] [1782977060.330916763] [foxglove_bridge]: Advertising new channel 31 for topic "/plan"
[foxglove_bridge-1] [INFO] [1782977060.340479460] [foxglove_bridge]: publishing connection graph
[foxglove_bridge-1] [INFO] [1782977062.065412731] [foxglove_bridge]: publishing connection graph
[foxglove_bridge-1] [INFO] [1782977062.593922502] [foxglove_bridge]: publishing connection graph
[foxglove_bridge-1] [INFO] [1782977063.108032917] [foxglove_bridge]: publishing connection graph
[foxglove_bridge-1] [INFO] [1782977063.621856332] [foxglove_bridge]: publishing connection graph
[foxglove_bridge-1] [INFO] [1782977064.411510243] [foxglove_bridge]: publishing connection graph
[foxglove_bridge-1] [INFO] [1782977064.923698035] [foxglove_bridge]: publishing connection graph
[foxglove_bridge-1] [INFO] [1782977065.435128995] [foxglove_bridge]: publishing connection graph
[foxglove_bridge-1] [INFO] [1782977065.951768573] [foxglove_bridge]: publishing connection graph
[foxglove_bridge-1] [INFO] [1782977066.465906695] [foxglove_bridge]: publishing connection graph
[foxglove_bridge-1] [INFO] [1782977066.968859249] [foxglove_bridge]: Advertising new channel 32 for topic "/yolov5s_bpu/debug"
[foxglove_bridge-1] [INFO] [1782977066.969330040] [foxglove_bridge]: Advertising new channel 33 for topic "/nav_target_point"
[foxglove_bridge-1] [INFO] [1782977066.969602123] [foxglove_bridge]: Advertising new channel 34 for topic "/target_words"
[foxglove_bridge-1] [INFO] [1782977066.983463022] [foxglove_bridge]: publishing connection graph
[foxglove_bridge-1] [INFO] [1782977068.446324988] [foxglove_bridge]: publishing connection graph
[foxglove_bridge-1] [INFO] [1782977069.115193630] [foxglove_bridge]: publishing connection graph
[foxglove_bridge-1] [INFO] [1782977069.629548753] [foxglove_bridge]: publishing connection graph
[foxglove_bridge-1] [INFO] [1782977070.145170874] [foxglove_bridge]: publishing connection graph
[foxglove_bridge-1] [INFO] [1782977071.183898106] [foxglove_bridge]: publishing connection graph
[foxglove_bridge-1] [INFO] [1782977071.700378893] [foxglove_bridge]: publishing connection graph
[foxglove_bridge-1] [INFO] [1782977072.429823045] [foxglove_bridge]: publishing connection graph
[foxglove_bridge-1] [INFO] [1782977072.947315622] [foxglove_bridge]: publishing connection graph
