[INFO] [1782977048.396476907] [planner_server]: 
	planner_server lifecycle node launched. 
	Waiting on external lifecycle transitions to activate
	See https://design.ros2.org/articles/node_lifecycle.html for more information.
[INFO] [1782977048.404089689] [planner_server]: Creating
[INFO] [1782977048.491038958] [global_costmap.global_costmap]: 
	global_costmap lifecycle node launched. 
	Waiting on external lifecycle transitions to activate
	See https://design.ros2.org/articles/node_lifecycle.html for more information.
[INFO] [1782977048.493647580] [global_costmap.global_costmap]: Creating Costmap
[INFO] [1782977059.635112654] [planner_server]: Configuring
[INFO] [1782977059.635444237] [global_costmap.global_costmap]: Configuring
[INFO] [1782977059.661910454] [global_costmap.global_costmap]: Using plugin "static_layer"
[INFO] [1782977059.677879727] [global_costmap.global_costmap]: Subscribing to the map topic (/map) with transient local durability
[INFO] [1782977059.684292469] [global_costmap.global_costmap]: Initialized plugin "static_layer"
[INFO] [1782977059.684543510] [global_costmap.global_costmap]: Using plugin "inflation_layer"
[INFO] [1782977059.686502091] [global_costmap.global_costmap]: Initialized plugin "inflation_layer"
[INFO] [1782977059.732528618] [global_costmap.global_costmap]: StaticLayer: Resizing costmap to 155 X 201 at 0.050000 m/pix
[INFO] [1782977059.733813242] [planner_server]: Created global planner plugin GridBased of type nav2_navfn_planner/NavfnPlanner
[INFO] [1782977059.734058991] [planner_server]: Configuring plugin GridBased of type NavfnPlanner
[INFO] [1782977059.736776946] [planner_server]: Planner Server has GridBased  planners available.
[INFO] [1782977070.096368766] [planner_server]: Activating
[INFO] [1782977070.096771474] [global_costmap.global_costmap]: Activating
[INFO] [1782977070.096934974] [global_costmap.global_costmap]: Checking transform
[INFO] [1782977070.097387515] [global_costmap.global_costmap]: start
[INFO] [1782977071.147752276] [planner_server]: Activating plugin GridBased of type NavfnPlanner
[INFO] [1782977071.151483396] [planner_server]: Creating bond (planner_server) to lifecycle manager.
[ERROR] [1782977074.400526932] [transformPoseInTargetFrame]: Connectivity Error looking up target frame: Could not find a connection between 'map' and 'base_link' because they are not part of the same tree.Tf has two or more unconnected trees.

[ERROR] [1782977075.404528291] [transformPoseInTargetFrame]: Connectivity Error looking up target frame: Could not find a connection between 'map' and 'base_link' because they are not part of the same tree.Tf has two or more unconnected trees.

[ERROR] [1782977076.403271031] [transformPoseInTargetFrame]: Connectivity Error looking up target frame: Could not find a connection between 'map' and 'base_link' because they are not part of the same tree.Tf has two or more unconnected trees.

[ERROR] [1782977077.402994645] [transformPoseInTargetFrame]: Connectivity Error looking up target frame: Could not find a connection between 'map' and 'base_link' because they are not part of the same tree.Tf has two or more unconnected trees.

[ERROR] [1782977078.403804632] [transformPoseInTargetFrame]: Connectivity Error looking up target frame: Could not find a connection between 'map' and 'base_link' because they are not part of the same tree.Tf has two or more unconnected trees.

[ERROR] [1782977079.403231538] [transformPoseInTargetFrame]: Connectivity Error looking up target frame: Could not find a connection between 'map' and 'base_link' because they are not part of the same tree.Tf has two or more unconnected trees.

[ERROR] [1782977080.405359107] [transformPoseInTargetFrame]: Connectivity Error looking up target frame: Could not find a connection between 'map' and 'base_link' because they are not part of the same tree.Tf has two or more unconnected trees.

[ERROR] [1782977081.403740431] [transformPoseInTargetFrame]: Connectivity Error looking up target frame: Could not find a connection between 'map' and 'base_link' because they are not part of the same tree.Tf has two or more unconnected trees.

[ERROR] [1782977082.403487253] [transformPoseInTargetFrame]: Connectivity Error looking up target frame: Could not find a connection between 'map' and 'base_link' because they are not part of the same tree.Tf has two or more unconnected trees.

[ERROR] [1782977083.405342531] [transformPoseInTargetFrame]: Connectivity Error looking up target frame: Could not find a connection between 'map' and 'base_link' because they are not part of the same tree.Tf has two or more unconnected trees.

[ERROR] [1782977084.398318069] [transformPoseInTargetFrame]: Connectivity Error looking up target frame: Could not find a connection between 'map' and 'base_link' because they are not part of the same tree.Tf has two or more unconnected trees.

[ERROR] [1782977085.403984176] [transformPoseInTargetFrame]: Connectivity Error looking up target frame: Could not find a connection between 'map' and 'base_link' because they are not part of the same tree.Tf has two or more unconnected trees.

[ERROR] [1782977086.403576748] [transformPoseInTargetFrame]: Connectivity Error looking up target frame: Could not find a connection between 'map' and 'base_link' because they are not part of the same tree.Tf has two or more unconnected trees.

[ERROR] [1782977087.403515862] [transformPoseInTargetFrame]: Connectivity Error looking up target frame: Could not find a connection between 'map' and 'base_link' because they are not part of the same tree.Tf has two or more unconnected trees.

[ERROR] [1782977088.403517059] [transformPoseInTargetFrame]: Connectivity Error looking up target frame: Could not find a connection between 'map' and 'base_link' because they are not part of the same tree.Tf has two or more unconnected trees.

[ERROR] [1782977089.403647547] [transformPoseInTargetFrame]: Connectivity Error looking up target frame: Could not find a connection between 'map' and 'base_link' because they are not part of the same tree.Tf has two or more unconnected trees.

[ERROR] [1782977090.403450202] [transformPoseInTargetFrame]: Connectivity Error looking up target frame: Could not find a connection between 'map' and 'base_link' because they are not part of the same tree.Tf has two or more unconnected trees.

[ERROR] [1782977091.403496733] [transformPoseInTargetFrame]: Connectivity Error looking up target frame: Could not find a connection between 'map' and 'base_link' because they are not part of the same tree.Tf has two or more unconnected trees.

[ERROR] [1782977092.403591804] [transformPoseInTargetFrame]: Connectivity Error looking up target frame: Could not find a connection between 'map' and 'base_link' because they are not part of the same tree.Tf has two or more unconnected trees.

[ERROR] [1782977093.403668126] [transformPoseInTargetFrame]: Connectivity Error looking up target frame: Could not find a connection between 'map' and 'base_link' because they are not part of the same tree.Tf has two or more unconnected trees.

[ERROR] [1782977094.407281943] [transformPoseInTargetFrame]: Connectivity Error looking up target frame: Could not find a connection between 'map' and 'base_link' because they are not part of the same tree.Tf has two or more unconnected trees.

[ERROR] [1782977095.403591145] [transformPoseInTargetFrame]: Connectivity Error looking up target frame: Could not find a connection between 'map' and 'base_link' because they are not part of the same tree.Tf has two or more unconnected trees.

[ERROR] [1782977096.405870922] [transformPoseInTargetFrame]: Connectivity Error looking up target frame: Could not find a connection between 'map' and 'base_link' because they are not part of the same tree.Tf has two or more unconnected trees.

[ERROR] [1782977097.403892413] [transformPoseInTargetFrame]: Connectivity Error looking up target frame: Could not find a connection between 'map' and 'base_link' because they are not part of the same tree.Tf has two or more unconnected trees.

[ERROR] [1782977098.403119903] [transformPoseInTargetFrame]: Connectivity Error looking up target frame: Could not find a connection between 'map' and 'base_link' because they are not part of the same tree.Tf has two or more unconnected trees.

[ERROR] [1782977099.404024473] [transformPoseInTargetFrame]: Connectivity Error looking up target frame: Could not find a connection between 'map' and 'base_link' because they are not part of the same tree.Tf has two or more unconnected trees.

[ERROR] [1782977100.404360503] [transformPoseInTargetFrame]: Connectivity Error looking up target frame: Could not find a connection between 'map' and 'base_link' because they are not part of the same tree.Tf has two or more unconnected trees.

[ERROR] [1782977101.401789995] [transformPoseInTargetFrame]: Connectivity Error looking up target frame: Could not find a connection between 'map' and 'base_link' because they are not part of the same tree.Tf has two or more unconnected trees.

[ERROR] [1782977102.403939981] [transformPoseInTargetFrame]: Connectivity Error looking up target frame: Could not find a connection between 'map' and 'base_link' because they are not part of the same tree.Tf has two or more unconnected trees.

[ERROR] [1782977103.403596011] [transformPoseInTargetFrame]: Connectivity Error looking up target frame: Could not find a connection between 'map' and 'base_link' because they are not part of the same tree.Tf has two or more unconnected trees.

[ERROR] [1782977104.403486250] [transformPoseInTargetFrame]: Connectivity Error looking up target frame: Could not find a connection between 'map' and 'base_link' because they are not part of the same tree.Tf has two or more unconnected trees.

[ERROR] [1782977105.403467947] [transformPoseInTargetFrame]: Connectivity Error looking up target frame: Could not find a connection between 'map' and 'base_link' because they are not part of the same tree.Tf has two or more unconnected trees.

[ERROR] [1782977106.404151768] [transformPoseInTargetFrame]: Connectivity Error looking up target frame: Could not find a connection between 'map' and 'base_link' because they are not part of the same tree.Tf has two or more unconnected trees.

[ERROR] [1782977107.401364635] [transformPoseInTargetFrame]: Connectivity Error looking up target frame: Could not find a connection between 'map' and 'base_link' because they are not part of the same tree.Tf has two or more unconnected trees.

[ERROR] [1782977108.401199957] [transformPoseInTargetFrame]: Connectivity Error looking up target frame: Could not find a connection between 'map' and 'base_link' because they are not part of the same tree.Tf has two or more unconnected trees.

[ERROR] [1782977109.401747195] [transformPoseInTargetFrame]: Connectivity Error looking up target frame: Could not find a connection between 'map' and 'base_link' because they are not part of the same tree.Tf has two or more unconnected trees.

[ERROR] [1782977110.401754725] [transformPoseInTargetFrame]: Connectivity Error looking up target frame: Could not find a connection between 'map' and 'base_link' because they are not part of the same tree.Tf has two or more unconnected trees.

[ERROR] [1782977111.402026755] [transformPoseInTargetFrame]: Connectivity Error looking up target frame: Could not find a connection between 'map' and 'base_link' because they are not part of the same tree.Tf has two or more unconnected trees.

[ERROR] [1782977112.402367077] [transformPoseInTargetFrame]: Connectivity Error looking up target frame: Could not find a connection between 'map' and 'base_link' because they are not part of the same tree.Tf has two or more unconnected trees.

[ERROR] [1782977113.403066856] [transformPoseInTargetFrame]: Connectivity Error looking up target frame: Could not find a connection between 'map' and 'base_link' because they are not part of the same tree.Tf has two or more unconnected trees.

[ERROR] [1782977114.401494930] [transformPoseInTargetFrame]: Connectivity Error looking up target frame: Could not find a connection between 'map' and 'base_link' because they are not part of the same tree.Tf has two or more unconnected trees.

[ERROR] [1782977115.402368709] [transformPoseInTargetFrame]: Connectivity Error looking up target frame: Could not find a connection between 'map' and 'base_link' because they are not part of the same tree.Tf has two or more unconnected trees.

[ERROR] [1782977116.402280115] [transformPoseInTargetFrame]: Connectivity Error looking up target frame: Could not find a connection between 'map' and 'base_link' because they are not part of the same tree.Tf has two or more unconnected trees.

[ERROR] [1782977117.402469395] [transformPoseInTargetFrame]: Connectivity Error looking up target frame: Could not find a connection between 'map' and 'base_link' because they are not part of the same tree.Tf has two or more unconnected trees.

[ERROR] [1782977118.402458384] [transformPoseInTargetFrame]: Connectivity Error looking up target frame: Could not find a connection between 'map' and 'base_link' because they are not part of the same tree.Tf has two or more unconnected trees.

[ERROR] [1782977119.402098164] [transformPoseInTargetFrame]: Connectivity Error looking up target frame: Could not find a connection between 'map' and 'base_link' because they are not part of the same tree.Tf has two or more unconnected trees.

[ERROR] [1782977120.402530736] [transformPoseInTargetFrame]: Connectivity Error looking up target frame: Could not find a connection between 'map' and 'base_link' because they are not part of the same tree.Tf has two or more unconnected trees.

[ERROR] [1782977121.401882517] [transformPoseInTargetFrame]: Connectivity Error looking up target frame: Could not find a connection between 'map' and 'base_link' because they are not part of the same tree.Tf has two or more unconnected trees.

[ERROR] [1782977122.402631505] [transformPoseInTargetFrame]: Connectivity Error looking up target frame: Could not find a connection between 'map' and 'base_link' because they are not part of the same tree.Tf has two or more unconnected trees.

[ERROR] [1782977123.402309577] [transformPoseInTargetFrame]: Connectivity Error looking up target frame: Could not find a connection between 'map' and 'base_link' because they are not part of the same tree.Tf has two or more unconnected trees.

[ERROR] [1782977124.401748233] [transformPoseInTargetFrame]: Connectivity Error looking up target frame: Could not find a connection between 'map' and 'base_link' because they are not part of the same tree.Tf has two or more unconnected trees.

[ERROR] [1782977125.401853971] [transformPoseInTargetFrame]: Connectivity Error looking up target frame: Could not find a connection between 'map' and 'base_link' because they are not part of the same tree.Tf has two or more unconnected trees.

[ERROR] [1782977126.401728377] [transformPoseInTargetFrame]: Connectivity Error looking up target frame: Could not find a connection between 'map' and 'base_link' because they are not part of the same tree.Tf has two or more unconnected trees.

[ERROR] [1782977127.401541866] [transformPoseInTargetFrame]: Connectivity Error looking up target frame: Could not find a connection between 'map' and 'base_link' because they are not part of the same tree.Tf has two or more unconnected trees.

[ERROR] [1782977128.401438938] [transformPoseInTargetFrame]: Connectivity Error looking up target frame: Could not find a connection between 'map' and 'base_link' because they are not part of the same tree.Tf has two or more unconnected trees.

[ERROR] [1782977129.402595175] [transformPoseInTargetFrame]: Connectivity Error looking up target frame: Could not find a connection between 'map' and 'base_link' because they are not part of the same tree.Tf has two or more unconnected trees.

[ERROR] [1782977130.402560164] [transformPoseInTargetFrame]: Connectivity Error looking up target frame: Could not find a connection between 'map' and 'base_link' because they are not part of the same tree.Tf has two or more unconnected trees.

[ERROR] [1782977131.402386028] [transformPoseInTargetFrame]: Connectivity Error looking up target frame: Could not find a connection between 'map' and 'base_link' because they are not part of the same tree.Tf has two or more unconnected trees.

[ERROR] [1782977132.405514221] [transformPoseInTargetFrame]: Connectivity Error looking up target frame: Could not find a connection between 'map' and 'base_link' because they are not part of the same tree.Tf has two or more unconnected trees.

[ERROR] [1782977133.402908046] [transformPoseInTargetFrame]: Connectivity Error looking up target frame: Could not find a connection between 'map' and 'base_link' because they are not part of the same tree.Tf has two or more unconnected trees.

[ERROR] [1782977134.403392243] [transformPoseInTargetFrame]: Connectivity Error looking up target frame: Could not find a connection between 'map' and 'base_link' because they are not part of the same tree.Tf has two or more unconnected trees.

[ERROR] [1782977135.402475691] [transformPoseInTargetFrame]: Connectivity Error looking up target frame: Could not find a connection between 'map' and 'base_link' because they are not part of the same tree.Tf has two or more unconnected trees.

[ERROR] [1782977136.403757761] [transformPoseInTargetFrame]: Connectivity Error looking up target frame: Could not find a connection between 'map' and 'base_link' because they are not part of the same tree.Tf has two or more unconnected trees.

[ERROR] [1782977137.403041376] [transformPoseInTargetFrame]: Connectivity Error looking up target frame: Could not find a connection between 'map' and 'base_link' because they are not part of the same tree.Tf has two or more unconnected trees.

[ERROR] [1782977138.401970491] [transformPoseInTargetFrame]: Connectivity Error looking up target frame: Could not find a connection between 'map' and 'base_link' because they are not part of the same tree.Tf has two or more unconnected trees.

[ERROR] [1782977139.402772771] [transformPoseInTargetFrame]: Connectivity Error looking up target frame: Could not find a connection between 'map' and 'base_link' because they are not part of the same tree.Tf has two or more unconnected trees.

[ERROR] [1782977140.402567843] [transformPoseInTargetFrame]: Connectivity Error looking up target frame: Could not find a connection between 'map' and 'base_link' because they are not part of the same tree.Tf has two or more unconnected trees.

[ERROR] [1782977141.402728123] [transformPoseInTargetFrame]: Connectivity Error looking up target frame: Could not find a connection between 'map' and 'base_link' because they are not part of the same tree.Tf has two or more unconnected trees.

[ERROR] [1782977142.402011779] [transformPoseInTargetFrame]: Connectivity Error looking up target frame: Could not find a connection between 'map' and 'base_link' because they are not part of the same tree.Tf has two or more unconnected trees.

[ERROR] [1782977143.402493476] [transformPoseInTargetFrame]: Connectivity Error looking up target frame: Could not find a connection between 'map' and 'base_link' because they are not part of the same tree.Tf has two or more unconnected trees.

[ERROR] [1782977144.402483631] [transformPoseInTargetFrame]: Connectivity Error looking up target frame: Could not find a connection between 'map' and 'base_link' because they are not part of the same tree.Tf has two or more unconnected trees.

[ERROR] [1782977145.401676246] [transformPoseInTargetFrame]: Connectivity Error looking up target frame: Could not find a connection between 'map' and 'base_link' because they are not part of the same tree.Tf has two or more unconnected trees.

[ERROR] [1782977146.401886068] [transformPoseInTargetFrame]: Connectivity Error looking up target frame: Could not find a connection between 'map' and 'base_link' because they are not part of the same tree.Tf has two or more unconnected trees.

[ERROR] [1782977147.402836514] [transformPoseInTargetFrame]: Connectivity Error looking up target frame: Could not find a connection between 'map' and 'base_link' because they are not part of the same tree.Tf has two or more unconnected trees.

[ERROR] [1782977148.403931126] [transformPoseInTargetFrame]: Connectivity Error looking up target frame: Could not find a connection between 'map' and 'base_link' because they are not part of the same tree.Tf has two or more unconnected trees.

[ERROR] [1782977149.403138408] [transformPoseInTargetFrame]: Connectivity Error looking up target frame: Could not find a connection between 'map' and 'base_link' because they are not part of the same tree.Tf has two or more unconnected trees.

[ERROR] [1782977150.402232314] [transformPoseInTargetFrame]: Connectivity Error looking up target frame: Could not find a connection between 'map' and 'base_link' because they are not part of the same tree.Tf has two or more unconnected trees.

[ERROR] [1782977151.402508594] [transformPoseInTargetFrame]: Connectivity Error looking up target frame: Could not find a connection between 'map' and 'base_link' because they are not part of the same tree.Tf has two or more unconnected trees.

[ERROR] [1782977152.403044957] [transformPoseInTargetFrame]: Connectivity Error looking up target frame: Could not find a connection between 'map' and 'base_link' because they are not part of the same tree.Tf has two or more unconnected trees.

[ERROR] [1782977153.404099195] [transformPoseInTargetFrame]: Extrapolation Error looking up target frame: Lookup would require extrapolation into the past.  Requested time 1782977153.384156 but the earliest data is at time 1782977153.526384, when looking up transform from frame [base_link] to frame [map]

[INFO] [1782977154.097725974] [global_costmap.global_costmap]: StaticLayer: Resizing costmap to 120 X 135 at 0.050000 m/pix
[ERROR] [1782977439.403601222] [transformPoseInTargetFrame]: Extrapolation Error looking up target frame: Lookup would require extrapolation into the past.  Requested time 1782977169.417812 but the earliest data is at time 1782977438.686780, when looking up transform from frame [base_link] to frame [map]

[ERROR] [1782977440.403877129] [transformPoseInTargetFrame]: Extrapolation Error looking up target frame: Lookup would require extrapolation into the past.  Requested time 1782977169.417812 but the earliest data is at time 1782977438.686780, when looking up transform from frame [base_link] to frame [map]

[ERROR] [1782977441.404201577] [transformPoseInTargetFrame]: Extrapolation Error looking up target frame: Lookup would require extrapolation into the past.  Requested time 1782977169.417812 but the earliest data is at time 1782977438.686780, when looking up transform from frame [base_link] to frame [map]

[ERROR] [1782977442.403999067] [transformPoseInTargetFrame]: Extrapolation Error looking up target frame: Lookup would require extrapolation into the past.  Requested time 1782977169.417812 but the earliest data is at time 1782977438.686780, when looking up transform from frame [base_link] to frame [map]

[ERROR] [1782977443.403970557] [transformPoseInTargetFrame]: Extrapolation Error looking up target frame: Lookup would require extrapolation into the past.  Requested time 1782977169.417812 but the earliest data is at time 1782977438.686780, when looking up transform from frame [base_link] to frame [map]

[ERROR] [1782977444.403678048] [transformPoseInTargetFrame]: Extrapolation Error looking up target frame: Lookup would require extrapolation into the past.  Requested time 1782977169.417812 but the earliest data is at time 1782977438.686780, when looking up transform from frame [base_link] to frame [map]

[ERROR] [1782977445.403696371] [transformPoseInTargetFrame]: Extrapolation Error looking up target frame: Lookup would require extrapolation into the past.  Requested time 1782977169.417812 but the earliest data is at time 1782977438.686780, when looking up transform from frame [base_link] to frame [map]

[ERROR] [1782977446.405258901] [transformPoseInTargetFrame]: Extrapolation Error looking up target frame: Lookup would require extrapolation into the past.  Requested time 1782977169.417812 but the earliest data is at time 1782977438.686780, when looking up transform from frame [base_link] to frame [map]

[ERROR] [1782977447.405573516] [transformPoseInTargetFrame]: Extrapolation Error looking up target frame: Lookup would require extrapolation into the past.  Requested time 1782977447.392421 but the earliest data is at time 1782977447.815913, when looking up transform from frame [base_link] to frame [map]

[INFO] [1782977448.097871714] [global_costmap.global_costmap]: StaticLayer: Resizing costmap to 134 X 123 at 0.050000 m/pix
[INFO] [1782977638.097828451] [global_costmap.global_costmap]: StaticLayer: Resizing costmap to 135 X 141 at 0.050000 m/pix
[INFO] [1782977896.097724759] [global_costmap.global_costmap]: StaticLayer: Resizing costmap to 135 X 141 at 0.050000 m/pix
[INFO] [1782977905.097670727] [global_costmap.global_costmap]: StaticLayer: Resizing costmap to 135 X 142 at 0.050000 m/pix
[INFO] [1782977912.097688253] [global_costmap.global_costmap]: StaticLayer: Resizing costmap to 148 X 142 at 0.050000 m/pix
[INFO] [1782977994.097689886] [global_costmap.global_costmap]: StaticLayer: Resizing costmap to 166 X 142 at 0.050000 m/pix
[ERROR] [1782978306.404457740] [transformPoseInTargetFrame]: Extrapolation Error looking up target frame: Lookup would require extrapolation into the past.  Requested time 1782978016.058485 but the earliest data is at time 1782978305.624612, when looking up transform from frame [base_link] to frame [map]

[ERROR] [1782978307.404529483] [transformPoseInTargetFrame]: Extrapolation Error looking up target frame: Lookup would require extrapolation into the past.  Requested time 1782978016.058485 but the earliest data is at time 1782978305.624612, when looking up transform from frame [base_link] to frame [map]

[ERROR] [1782978308.407568306] [transformPoseInTargetFrame]: Extrapolation Error looking up target frame: Lookup would require extrapolation into the past.  Requested time 1782978016.058485 but the earliest data is at time 1782978305.624612, when looking up transform from frame [base_link] to frame [map]

[ERROR] [1782978309.397831103] [transformPoseInTargetFrame]: Extrapolation Error looking up target frame: Lookup would require extrapolation into the past.  Requested time 1782978016.058485 but the earliest data is at time 1782978305.624612, when looking up transform from frame [base_link] to frame [map]

[ERROR] [1782978310.404625462] [transformPoseInTargetFrame]: Extrapolation Error looking up target frame: Lookup would require extrapolation into the past.  Requested time 1782978016.058485 but the earliest data is at time 1782978305.624612, when looking up transform from frame [base_link] to frame [map]

[ERROR] [1782978311.398392838] [transformPoseInTargetFrame]: Extrapolation Error looking up target frame: Lookup would require extrapolation into the past.  Requested time 1782978016.058485 but the earliest data is at time 1782978305.624612, when looking up transform from frame [base_link] to frame [map]

[ERROR] [1782978312.404207449] [transformPoseInTargetFrame]: Extrapolation Error looking up target frame: Lookup would require extrapolation into the past.  Requested time 1782978016.058485 but the earliest data is at time 1782978305.624612, when looking up transform from frame [base_link] to frame [map]

[ERROR] [1782978313.404416817] [transformPoseInTargetFrame]: Extrapolation Error looking up target frame: Lookup would require extrapolation into the past.  Requested time 1782978313.378040 but the earliest data is at time 1782978313.793453, when looking up transform from frame [base_link] to frame [map]

[INFO] [1782978314.097737266] [global_costmap.global_costmap]: StaticLayer: Resizing costmap to 152 X 99 at 0.050000 m/pix
[INFO] [1782978514.097680641] [global_costmap.global_costmap]: StaticLayer: Resizing costmap to 157 X 110 at 0.050000 m/pix
[INFO] [1782978535.097688836] [global_costmap.global_costmap]: StaticLayer: Resizing costmap to 160 X 112 at 0.050000 m/pix
[INFO] [1782978590.097687765] [global_costmap.global_costmap]: StaticLayer: Resizing costmap to 168 X 112 at 0.050000 m/pix
[ERROR] [1782978764.402817380] [transformPoseInTargetFrame]: Extrapolation Error looking up target frame: Lookup would require extrapolation into the past.  Requested time 1782978718.618889 but the earliest data is at time 1782978763.848758, when looking up transform from frame [base_link] to frame [map]

[ERROR] [1782978765.403448264] [transformPoseInTargetFrame]: Extrapolation Error looking up target frame: Lookup would require extrapolation into the past.  Requested time 1782978718.618889 but the earliest data is at time 1782978763.848758, when looking up transform from frame [base_link] to frame [map]

[ERROR] [1782978766.403701189] [transformPoseInTargetFrame]: Extrapolation Error looking up target frame: Lookup would require extrapolation into the past.  Requested time 1782978718.618889 but the earliest data is at time 1782978763.848758, when looking up transform from frame [base_link] to frame [map]

[ERROR] [1782978767.403809239] [transformPoseInTargetFrame]: Extrapolation Error looking up target frame: Lookup would require extrapolation into the past.  Requested time 1782978718.618889 but the earliest data is at time 1782978763.848758, when looking up transform from frame [base_link] to frame [map]

[ERROR] [1782978768.403321163] [transformPoseInTargetFrame]: Extrapolation Error looking up target frame: Lookup would require extrapolation into the past.  Requested time 1782978718.618889 but the earliest data is at time 1782978763.848758, when looking up transform from frame [base_link] to frame [map]

[ERROR] [1782978769.403960337] [transformPoseInTargetFrame]: Extrapolation Error looking up target frame: Lookup would require extrapolation into the past.  Requested time 1782978718.618889 but the earliest data is at time 1782978763.848758, when looking up transform from frame [base_link] to frame [map]

[ERROR] [1782978770.404461261] [transformPoseInTargetFrame]: Extrapolation Error looking up target frame: Lookup would require extrapolation into the past.  Requested time 1782978718.618889 but the earliest data is at time 1782978763.848758, when looking up transform from frame [base_link] to frame [map]

[INFO] [1782978771.363971319] [global_costmap.global_costmap]: StaticLayer: Resizing costmap to 83 X 32 at 0.050000 m/pix
[INFO] [1782978887.097676339] [global_costmap.global_costmap]: StaticLayer: Resizing costmap to 84 X 32 at 0.050000 m/pix
[INFO] [1782978915.097677688] [global_costmap.global_costmap]: StaticLayer: Resizing costmap to 105 X 99 at 0.050000 m/pix
[INFO] [1782979039.097685961] [global_costmap.global_costmap]: StaticLayer: Resizing costmap to 143 X 132 at 0.050000 m/pix
[INFO] [1782979206.641388852] [rclcpp]: signal_handler(signum=15)
[INFO] [1782979206.641787811] [planner_server]: Running Nav2 LifecycleNode rcl preshutdown (planner_server)
[INFO] [1782979206.642064602] [planner_server]: Deactivating
[INFO] [1782979206.642230935] [global_costmap.global_costmap]: Deactivating
[INFO] [1782979207.097840513] [planner_server]: Deactivating plugin GridBased of type NavfnPlanner
[INFO] [1782979207.098166721] [planner_server]: Destroying bond (planner_server) to lifecycle manager.
[INFO] [1782979207.108721676] [planner_server]: Cleaning up
[INFO] [1782979207.145720870] [global_costmap.global_costmap]: Cleaning up
[INFO] [1782979207.157212032] [planner_server]: Cleaning up plugin GridBased of type NavfnPlanner
[INFO] [1782979207.157976157] [planner_server]: Destroying plugin GridBased of type NavfnPlanner
[INFO] [1782979207.173617068] [planner_server]: Destroying bond (planner_server) to lifecycle manager.
[INFO] [1782979207.181997148] [global_costmap.global_costmap]: Destroying
[INFO] [1782979207.207220638] [planner_server]: Destroying
