[INFO] [launch]: All log files can be found below /root/.ros/log/2026-07-03-14-13-42-963269-ubuntu-46131
[INFO] [launch]: Default logging verbosity is set to INFO
[INFO] [foxglove_bridge-1]: process started with pid [46163]
[foxglove_bridge-1] [INFO] [1783059224.072489131] [foxglove_bridge]: Starting foxglove_bridge (humble, 3.3.0@)
[foxglove_bridge-1] [INFO] [1783059224.081916587] [foxglove_bridge]: Server listening on port 8765
[foxglove_bridge-1] [INFO] [1783059224.091302626] [foxglove_bridge]: Advertising new channel 2 for topic "/tf_static"
[foxglove_bridge-1] [INFO] [1783059224.091529126] [foxglove_bridge]: Advertising new channel 3 for topic "/tf"
[foxglove_bridge-1] [INFO] [1783059224.092434376] [foxglove_bridge]: Advertising new channel 4 for topic "/rosout"
[foxglove_bridge-1] [INFO] [1783059224.093346626] [foxglove_bridge]: Advertising new channel 5 for topic "/scan"
[foxglove_bridge-1] [INFO] [1783059224.094841709] [foxglove_bridge]: Advertising new channel 6 for topic "/parameter_events"
[foxglove_bridge-1] [INFO] [1783059224.096345834] [foxglove_bridge]: Advertising new channel 7 for topic "/initialpose"
[foxglove_bridge-1] [INFO] [1783059224.097676208] [foxglove_bridge]: Advertising new channel 8 for topic "/odom"
[foxglove_bridge-1] [INFO] [1783059224.098183125] [foxglove_bridge]: Advertising new channel 9 for topic "/cmd_vel_sent"
[foxglove_bridge-1] [INFO] [1783059224.098293666] [foxglove_bridge]: Advertising new channel 10 for topic "/scan_filtered"
[foxglove_bridge-1] [INFO] [1783059224.098354416] [foxglove_bridge]: Advertising new channel 11 for topic "/cmd_vel"
[foxglove_bridge-1] [INFO] [1783059224.098779041] [foxglove_bridge]: Advertising new channel 12 for topic "/chassis_bridge_state"
[foxglove_bridge-1] [INFO] [1783059226.628093519] [foxglove_bridge]: received connection graph subscribe request
[foxglove_bridge-1] [INFO] [1783059226.628384561] [foxglove_bridge]: received subscribe request for channel 11 from client 2
[foxglove_bridge-1] [INFO] [1783059226.638055851] [foxglove_bridge]: Created ROS subscription on /cmd_vel (geometry_msgs/msg/Twist) for channel 11
[foxglove_bridge-1] [INFO] [1783059226.638316725] [foxglove_bridge]: received subscribe request for channel 3 from client 2
[foxglove_bridge-1] [INFO] [1783059226.642824308] [foxglove_bridge]: publishing connection graph
[foxglove_bridge-1] [INFO] [1783059226.648049432] [foxglove_bridge]: Created ROS subscription on /tf (tf2_msgs/msg/TFMessage) for channel 3
[foxglove_bridge-1] [INFO] [1783059226.648278098] [foxglove_bridge]: received subscribe request for channel 2 from client 2
[foxglove_bridge-1] [INFO] [1783059226.651237181] [foxglove_bridge]: Created ROS subscription on /tf_static (tf2_msgs/msg/TFMessage) for channel 2
[foxglove_bridge-1] [INFO] [1783059226.651464931] [foxglove_bridge]: received subscribe request for channel 5 from client 2
[foxglove_bridge-1] [INFO] [1783059226.659970887] [foxglove_bridge]: Created ROS subscription on /scan (sensor_msgs/msg/LaserScan) for channel 5
[foxglove_bridge-1] [INFO] [1783059226.660223262] [foxglove_bridge]: received subscribe request for channel 10 from client 2
[foxglove_bridge-1] [INFO] [1783059226.663784803] [foxglove_bridge]: Created ROS subscription on /scan_filtered (sensor_msgs/msg/LaserScan) for channel 10
[foxglove_bridge-1] [INFO] [1783059227.147805154] [foxglove_bridge]: publishing connection graph
[foxglove_bridge-1] [INFO] [1783059229.730679119] [foxglove_bridge]: received subscribe request for channel 3 from client 1
[foxglove_bridge-1] [INFO] [1783059229.730900328] [foxglove_bridge]: received subscribe request for channel 2 from client 1
[foxglove_bridge-1] [INFO] [1783059229.731021369] [foxglove_bridge]: received subscribe request for channel 11 from client 1
[foxglove_bridge-1] [INFO] [1783059229.731101703] [foxglove_bridge]: received subscribe request for channel 10 from client 1
[foxglove_bridge-1] [INFO] [1783059232.839792093] [foxglove_bridge]: received subscribe request for channel 2 from client 3
[foxglove_bridge-1] [INFO] [1783059232.840065551] [foxglove_bridge]: received subscribe request for channel 3 from client 3
[foxglove_bridge-1] [INFO] [1783059232.840186759] [foxglove_bridge]: received subscribe request for channel 10 from client 3
[foxglove_bridge-1] [INFO] [1783059232.846522674] [foxglove_bridge]: publishing connection graph
[foxglove_bridge-1] [INFO] [1783059233.352926311] [foxglove_bridge]: publishing connection graph
[foxglove_bridge-1] [INFO] [1783059233.857649907] [foxglove_bridge]: publishing connection graph
[foxglove_bridge-1] [INFO] [1783059237.721839669] [foxglove_bridge]: publishing connection graph
[foxglove_bridge-1] [INFO] [1783059238.235632471] [foxglove_bridge]: Advertising new channel 13 for topic "/amcl/transition_event"
[foxglove_bridge-1] [INFO] [1783059240.638814851] [foxglove_bridge]: publishing connection graph
[foxglove_bridge-1] [INFO] [1783059241.148937154] [foxglove_bridge]: Advertising new channel 14 for topic "/waypoint_follower/transition_event"
[foxglove_bridge-1] [INFO] [1783059241.150387903] [foxglove_bridge]: Advertising new channel 15 for topic "/received_global_plan"
[foxglove_bridge-1] [INFO] [1783059241.152153445] [foxglove_bridge]: Advertising new channel 16 for topic "/planner_server/transition_event"
[foxglove_bridge-1] [INFO] [1783059241.153695861] [foxglove_bridge]: Advertising new channel 17 for topic "/particle_cloud"
[foxglove_bridge-1] [INFO] [1783059241.153987903] [foxglove_bridge]: Advertising new channel 18 for topic "/transformed_global_plan"
[foxglove_bridge-1] [INFO] [1783059241.154429111] [foxglove_bridge]: Advertising new channel 19 for topic "/map_server/transition_event"
[foxglove_bridge-1] [INFO] [1783059241.154719027] [foxglove_bridge]: Advertising new channel 20 for topic "/local_plan"
[foxglove_bridge-1] [INFO] [1783059241.156104236] [foxglove_bridge]: Advertising new channel 21 for topic "/local_costmap/voxel_grid"
[foxglove_bridge-1] [INFO] [1783059241.157394777] [foxglove_bridge]: Advertising new channel 22 for topic "/local_costmap/published_footprint"
[foxglove_bridge-1] [INFO] [1783059241.157961943] [foxglove_bridge]: Advertising new channel 23 for topic "/local_costmap/local_costmap/transition_event"
[foxglove_bridge-1] [INFO] [1783059241.159334818] [foxglove_bridge]: Advertising new channel 24 for topic "/local_costmap/costmap"
[foxglove_bridge-1] [INFO] [1783059241.159723776] [foxglove_bridge]: Advertising new channel 25 for topic "/map"
[foxglove_bridge-1] [INFO] [1783059241.161426401] [foxglove_bridge]: Advertising new channel 26 for topic "/local_costmap/clearing_endpoints"
[foxglove_bridge-1] [INFO] [1783059241.161959443] [foxglove_bridge]: Advertising new channel 27 for topic "/velocity_smoother/transition_event"
[foxglove_bridge-1] [INFO] [1783059241.165262733] [foxglove_bridge]: Advertising new channel 28 for topic "/evaluation"
[foxglove_bridge-1] [INFO] [1783059241.166132483] [foxglove_bridge]: Advertising new channel 29 for topic "/local_costmap/footprint"
[foxglove_bridge-1] [INFO] [1783059241.167588900] [foxglove_bridge]: Advertising new channel 30 for topic "/diagnostics"
[foxglove_bridge-1] [INFO] [1783059241.167999191] [foxglove_bridge]: Advertising new channel 31 for topic "/cost_cloud"
[foxglove_bridge-1] [INFO] [1783059241.168484899] [foxglove_bridge]: Advertising new channel 32 for topic "/smoother_server/transition_event"
[foxglove_bridge-1] [INFO] [1783059241.170102024] [foxglove_bridge]: Advertising new channel 33 for topic "/local_costmap/costmap_raw"
[foxglove_bridge-1] [INFO] [1783059241.170623066] [foxglove_bridge]: Advertising new channel 34 for topic "/controller_server/transition_event"
[foxglove_bridge-1] [INFO] [1783059241.191259561] [foxglove_bridge]: Advertising new channel 35 for topic "/marker"
[foxglove_bridge-1] [INFO] [1783059241.191730519] [foxglove_bridge]: Advertising new channel 36 for topic "/bt_navigator/transition_event"
[foxglove_bridge-1] [INFO] [1783059241.195913018] [foxglove_bridge]: Advertising new channel 37 for topic "/local_costmap/costmap_updates"
[foxglove_bridge-1] [INFO] [1783059241.195964643] [foxglove_bridge]: received subscribe request for channel 25 from client 3
[foxglove_bridge-1] [INFO] [1783059241.196764810] [foxglove_bridge]: Advertising new channel 38 for topic "/bond"
[foxglove_bridge-1] [INFO] [1783059241.197226935] [foxglove_bridge]: Advertising new channel 39 for topic "/global_costmap/global_costmap/transition_event"
[foxglove_bridge-1] [INFO] [1783059241.197594435] [foxglove_bridge]: Advertising new channel 40 for topic "/behavior_server/transition_event"
[foxglove_bridge-1] [INFO] [1783059241.197884435] [foxglove_bridge]: Advertising new channel 41 for topic "/amcl_pose"
[foxglove_bridge-1] [INFO] [1783059241.295634871] [foxglove_bridge]: Created ROS subscription on /map (nav_msgs/msg/OccupancyGrid) for channel 25
[foxglove_bridge-1] [ERROR] [1783059241.468171082] [foxglove_bridge]: Failed to retrieve parameters from node '/local_costmap/local_costmap': Parameter service for node '/local_costmap/local_costmap' is not ready
[foxglove_bridge-1] [WARN] [1783059241.468350791] [foxglove_bridge]: Adding node /local_costmap/local_costmap to the ignore list to prevent repeated timeouts or failures in future parameter requests.
[foxglove_bridge-1] [INFO] [1783059243.217218733] [foxglove_bridge]: received subscribe request for channel 25 from client 2
[foxglove_bridge-1] [INFO] [1783059245.667156477] [foxglove_bridge]: publishing connection graph
[foxglove_bridge-1] [INFO] [1783059246.174149489] [foxglove_bridge]: Advertising new channel 42 for topic "/speed_limit"
[foxglove_bridge-1] [INFO] [1783059246.174459114] [foxglove_bridge]: Advertising new channel 43 for topic "/plan"
[foxglove_bridge-1] [INFO] [1783059246.174636239] [foxglove_bridge]: Advertising new channel 44 for topic "/plan_smoothed"
[foxglove_bridge-1] [INFO] [1783059246.174785322] [foxglove_bridge]: Advertising new channel 45 for topic "/global_costmap/published_footprint"
[foxglove_bridge-1] [INFO] [1783059246.175632822] [foxglove_bridge]: Advertising new channel 46 for topic "/goal_pose"
[foxglove_bridge-1] [INFO] [1783059246.175832572] [foxglove_bridge]: Advertising new channel 47 for topic "/global_costmap/footprint"
[foxglove_bridge-1] [INFO] [1783059246.175977905] [foxglove_bridge]: Advertising new channel 48 for topic "/global_costmap/costmap_updates"
[foxglove_bridge-1] [INFO] [1783059246.176141405] [foxglove_bridge]: Advertising new channel 49 for topic "/global_costmap/costmap_raw"
[foxglove_bridge-1] [INFO] [1783059246.176304405] [foxglove_bridge]: Advertising new channel 50 for topic "/global_costmap/costmap"
[foxglove_bridge-1] [INFO] [1783059246.176474321] [foxglove_bridge]: Advertising new channel 51 for topic "/cmd_vel_teleop"
[foxglove_bridge-1] [INFO] [1783059246.176584863] [foxglove_bridge]: Advertising new channel 52 for topic "/cmd_vel_nav"
[foxglove_bridge-1] [INFO] [1783059246.177167071] [foxglove_bridge]: Advertising new channel 53 for topic "/preempt_teleop"
[foxglove_bridge-1] [INFO] [1783059246.429504015] [foxglove_bridge]: publishing connection graph
[foxglove_bridge-1] [INFO] [1783059246.967646353] [foxglove_bridge]: publishing connection graph
[foxglove_bridge-1] [INFO] [1783059247.332197230] [foxglove_bridge]: received subscribe request for channel 25 from client 1
[foxglove_bridge-1] [INFO] [1783059247.509681898] [foxglove_bridge]: publishing connection graph
[foxglove_bridge-1] [INFO] [1783059248.354065584] [foxglove_bridge]: publishing connection graph
[foxglove_bridge-1] [INFO] [1783059251.392757113] [foxglove_bridge]: publishing connection graph
[foxglove_bridge-1] [INFO] [1783059251.931363534] [foxglove_bridge]: publishing connection graph
[foxglove_bridge-1] [ERROR] [1783059252.468642955] [foxglove_bridge]: Failed to retrieve parameters from node '/bt_navigator_navigate_to_pose_rclcpp_node': Failed to retrieve parameter names for node '/bt_navigator_navigate_to_pose_rclcpp_node'
[foxglove_bridge-1] [WARN] [1783059252.468854872] [foxglove_bridge]: Adding node /bt_navigator_navigate_to_pose_rclcpp_node to the ignore list to prevent repeated timeouts or failures in future parameter requests.
[foxglove_bridge-1] [ERROR] [1783059252.469093122] [foxglove_bridge]: Failed to retrieve parameters from node '/planner_server': Failed to retrieve parameter names for node '/planner_server'
[foxglove_bridge-1] [WARN] [1783059252.469164747] [foxglove_bridge]: Adding node /planner_server to the ignore list to prevent repeated timeouts or failures in future parameter requests.
[foxglove_bridge-1] [ERROR] [1783059252.470646705] [foxglove_bridge]: Failed to retrieve parameters from node '/bt_navigator_navigate_through_poses_rclcpp_node': Failed to retrieve parameter names for node '/bt_navigator_navigate_through_poses_rclcpp_node'
[foxglove_bridge-1] [WARN] [1783059252.470792371] [foxglove_bridge]: Adding node /bt_navigator_navigate_through_poses_rclcpp_node to the ignore list to prevent repeated timeouts or failures in future parameter requests.
[foxglove_bridge-1] [INFO] [1783059252.540192939] [foxglove_bridge]: publishing connection graph
[foxglove_bridge-1] [INFO] [1783059253.086674608] [foxglove_bridge]: publishing connection graph
[foxglove_bridge-1] [INFO] [1783059255.344987519] [foxglove_bridge]: publishing connection graph
[foxglove_bridge-1] [INFO] [1783059256.068207440] [foxglove_bridge]: publishing connection graph
[foxglove_bridge-1] [INFO] [1783059256.762863993] [foxglove_bridge]: publishing connection graph
[foxglove_bridge-1] [INFO] [1783059257.358943610] [foxglove_bridge]: publishing connection graph
[foxglove_bridge-1] [INFO] [1783059257.901815488] [foxglove_bridge]: publishing connection graph
[foxglove_bridge-1] [INFO] [1783059258.447293657] [foxglove_bridge]: publishing connection graph
[foxglove_bridge-1] [INFO] [1783059258.991908577] [foxglove_bridge]: publishing connection graph
[foxglove_bridge-1] [INFO] [1783059259.639254890] [foxglove_bridge]: publishing connection graph
[foxglove_bridge-1] [INFO] [1783059260.148407068] [foxglove_bridge]: Advertising new channel 54 for topic "/behavior_tree_log"
[foxglove_bridge-1] [INFO] [1783059260.202774347] [foxglove_bridge]: publishing connection graph
[foxglove_bridge-1] [INFO] [1783059260.775437094] [foxglove_bridge]: publishing connection graph
[foxglove_bridge-1] [INFO] [1783059261.335927676] [foxglove_bridge]: publishing connection graph
[foxglove_bridge-1] [INFO] [1783059264.438343355] [foxglove_bridge]: publishing connection graph
[foxglove_bridge-1] [INFO] [1783059264.992953814] [foxglove_bridge]: publishing connection graph
[foxglove_bridge-1] [INFO] [1783059266.219818956] [foxglove_bridge]: publishing connection graph
[foxglove_bridge-1] [INFO] [1783059268.910173352] [foxglove_bridge]: publishing connection graph
[foxglove_bridge-1] [INFO] [1783059269.558490123] [foxglove_bridge]: publishing connection graph
[foxglove_bridge-1] [INFO] [1783059270.104485125] [foxglove_bridge]: publishing connection graph
[foxglove_bridge-1] [INFO] [1783059292.175321168] [foxglove_bridge]: publishing connection graph
[foxglove_bridge-1] [INFO] [1783059292.734164051] [foxglove_bridge]: publishing connection graph
[foxglove_bridge-1] [INFO] [1783059295.057636616] [foxglove_bridge]: publishing connection graph
[foxglove_bridge-1] [INFO] [1783059295.863472677] [foxglove_bridge]: publishing connection graph
[foxglove_bridge-1] [INFO] [1783059296.420174558] [foxglove_bridge]: publishing connection graph
[foxglove_bridge-1] [INFO] [1783059298.605825023] [foxglove_bridge]: publishing connection graph
[foxglove_bridge-1] [INFO] [1783059300.725969211] [foxglove_bridge]: publishing connection graph
[foxglove_bridge-1] [INFO] [1783059301.341896696] [foxglove_bridge]: publishing connection graph
[foxglove_bridge-1] [INFO] [1783059303.592952889] [foxglove_bridge]: publishing connection graph
[foxglove_bridge-1] [INFO] [1783059305.851727164] [foxglove_bridge]: publishing connection graph
[foxglove_bridge-1] [ERROR] [1783059308.117723440] [foxglove_bridge]: Failed to retrieve parameters from node '/ydlidar_ros2_driver_node': Timed out waiting for 27 parameter(s) from node '/ydlidar_ros2_driver_node'
[foxglove_bridge-1] [WARN] [1783059308.119870607] [foxglove_bridge]: Adding node /ydlidar_ros2_driver_node to the ignore list to prevent repeated timeouts or failures in future parameter requests.
[foxglove_bridge-1] [INFO] [1783059308.218184978] [foxglove_bridge]: publishing connection graph
[foxglove_bridge-1] [INFO] [1783059309.041876456] [foxglove_bridge]: publishing connection graph
[foxglove_bridge-1] [INFO] [1783059309.688022242] [foxglove_bridge]: publishing connection graph
[foxglove_bridge-1] [INFO] [1783059310.294540971] [foxglove_bridge]: publishing connection graph
[foxglove_bridge-1] [INFO] [1783059311.045200837] [foxglove_bridge]: publishing connection graph
[foxglove_bridge-1] [ERROR] [1783059311.109195486] [foxglove_bridge]: Failed to retrieve parameters from node '/waypoint_follower': Timed out waiting for 8 parameter(s) from node '/waypoint_follower'
[foxglove_bridge-1] [WARN] [1783059311.109380111] [foxglove_bridge]: Adding node /waypoint_follower to the ignore list to prevent repeated timeouts or failures in future parameter requests.
[foxglove_bridge-1] [INFO] [1783059312.335840906] [foxglove_bridge]: publishing connection graph
[foxglove_bridge-1] [INFO] [1783059314.449954450] [foxglove_bridge]: publishing connection graph
[foxglove_bridge-1] [INFO] [1783059315.065717847] [foxglove_bridge]: publishing connection graph
[foxglove_bridge-1] [INFO] [1783059316.105028736] [foxglove_bridge]: publishing connection graph
[foxglove_bridge-1] [INFO] [1783059316.723561425] [foxglove_bridge]: publishing connection graph
[foxglove_bridge-1] [ERROR] [1783059319.873443141] [foxglove_bridge]: Failed to retrieve parameters from node '/click_nav_wait_map_base': Failed to retrieve parameter names for node '/click_nav_wait_map_base'
[foxglove_bridge-1] [WARN] [1783059319.873658516] [foxglove_bridge]: Adding node /click_nav_wait_map_base to the ignore list to prevent repeated timeouts or failures in future parameter requests.
[foxglove_bridge-1] [ERROR] [1783059319.873766974] [foxglove_bridge]: Failed to retrieve parameters from node '/simple_scan_filter': Failed to retrieve parameter names for node '/simple_scan_filter'
[foxglove_bridge-1] [WARN] [1783059319.873841016] [foxglove_bridge]: Adding node /simple_scan_filter to the ignore list to prevent repeated timeouts or failures in future parameter requests.
[foxglove_bridge-1] [ERROR] [1783059319.873916599] [foxglove_bridge]: Failed to retrieve parameters from node '/m1_pwm_cmd_vel_bridge': Failed to retrieve parameter names for node '/m1_pwm_cmd_vel_bridge'
[foxglove_bridge-1] [WARN] [1783059319.873959599] [foxglove_bridge]: Adding node /m1_pwm_cmd_vel_bridge to the ignore list to prevent repeated timeouts or failures in future parameter requests.
[foxglove_bridge-1] [ERROR] [1783059319.874025266] [foxglove_bridge]: Failed to retrieve parameters from node '/map_server': Failed to retrieve parameter names for node '/map_server'
[foxglove_bridge-1] [WARN] [1783059319.874066932] [foxglove_bridge]: Adding node /map_server to the ignore list to prevent repeated timeouts or failures in future parameter requests.
[foxglove_bridge-1] [ERROR] [1783059319.876237142] [foxglove_bridge]: Failed to retrieve parameters from node '/behavior_server': Failed to retrieve parameter names for node '/behavior_server'
[foxglove_bridge-1] [WARN] [1783059319.876390642] [foxglove_bridge]: Adding node /behavior_server to the ignore list to prevent repeated timeouts or failures in future parameter requests.
[foxglove_bridge-1] [ERROR] [1783059319.938636790] [foxglove_bridge]: Failed to retrieve parameters from node '/smoother_server': Timed out waiting for 13 parameter(s) from node '/smoother_server'
[foxglove_bridge-1] [WARN] [1783059319.938827707] [foxglove_bridge]: Adding node /smoother_server to the ignore list to prevent repeated timeouts or failures in future parameter requests.
[foxglove_bridge-1] [ERROR] [1783059319.939252123] [foxglove_bridge]: Failed to retrieve parameters from node '/pose_memory_node': Timed out waiting for 1 parameter(s) from node '/pose_memory_node'
[foxglove_bridge-1] [WARN] [1783059319.939357082] [foxglove_bridge]: Adding node /pose_memory_node to the ignore list to prevent repeated timeouts or failures in future parameter requests.
[foxglove_bridge-1] [ERROR] [1783059319.939510207] [foxglove_bridge]: Failed to retrieve parameters from node '/lifecycle_manager_localization': Failed to retrieve parameter names for node '/lifecycle_manager_localization'
[foxglove_bridge-1] [WARN] [1783059319.939596582] [foxglove_bridge]: Adding node /lifecycle_manager_localization to the ignore list to prevent repeated timeouts or failures in future parameter requests.
[foxglove_bridge-1] [ERROR] [1783059319.939728957] [foxglove_bridge]: Failed to retrieve parameters from node '/bt_navigator': Failed to retrieve parameter names for node '/bt_navigator'
[foxglove_bridge-1] [WARN] [1783059319.939779082] [foxglove_bridge]: Adding node /bt_navigator to the ignore list to prevent repeated timeouts or failures in future parameter requests.
[foxglove_bridge-1] [ERROR] [1783059319.939904874] [foxglove_bridge]: Failed to retrieve parameters from node '/static_transform_publisher_PHNECrLwWgJT33PZ': Timed out waiting for 17 parameter(s) from node '/static_transform_publisher_PHNECrLwWgJT33PZ'
[foxglove_bridge-1] [WARN] [1783059319.939956707] [foxglove_bridge]: Adding node /static_transform_publisher_PHNECrLwWgJT33PZ to the ignore list to prevent repeated timeouts or failures in future parameter requests.
[foxglove_bridge-1] [ERROR] [1783059319.940072624] [foxglove_bridge]: Failed to retrieve parameters from node '/controller_server': Timed out waiting for 91 parameter(s) from node '/controller_server'
[foxglove_bridge-1] [WARN] [1783059319.940121540] [foxglove_bridge]: Adding node /controller_server to the ignore list to prevent repeated timeouts or failures in future parameter requests.
[foxglove_bridge-1] [ERROR] [1783059319.940485749] [foxglove_bridge]: Failed to retrieve parameters from node '/velocity_smoother': Timed out waiting for 13 parameter(s) from node '/velocity_smoother'
[foxglove_bridge-1] [WARN] [1783059319.940550832] [foxglove_bridge]: Adding node /velocity_smoother to the ignore list to prevent repeated timeouts or failures in future parameter requests.
[foxglove_bridge-1] [ERROR] [1783059324.975100863] [foxglove_bridge]: Failed to retrieve parameters from node '/amcl': Failed to retrieve parameter names for node '/amcl'
[foxglove_bridge-1] [WARN] [1783059324.975313155] [foxglove_bridge]: Adding node /amcl to the ignore list to prevent repeated timeouts or failures in future parameter requests.
[foxglove_bridge-1] [ERROR] [1783059324.975602863] [foxglove_bridge]: Failed to retrieve parameters from node '/lifecycle_manager_navigation': Failed to retrieve parameter names for node '/lifecycle_manager_navigation'
[foxglove_bridge-1] [WARN] [1783059324.975706530] [foxglove_bridge]: Adding node /lifecycle_manager_navigation to the ignore list to prevent repeated timeouts or failures in future parameter requests.
[foxglove_bridge-1] [ERROR] [1783059329.984499162] [foxglove_bridge]: Failed to retrieve parameters from node '/global_costmap/global_costmap': Failed to retrieve parameter names for node '/global_costmap/global_costmap'
[foxglove_bridge-1] [WARN] [1783059329.984708912] [foxglove_bridge]: Adding node /global_costmap/global_costmap to the ignore list to prevent repeated timeouts or failures in future parameter requests.
[foxglove_bridge-1] [INFO] [1783059338.848339885] [foxglove_bridge]: publishing connection graph
[foxglove_bridge-1] [INFO] [1783059339.963275954] [foxglove_bridge]: publishing connection graph
[foxglove_bridge-1] [INFO] [1783059340.695095217] [foxglove_bridge]: publishing connection graph
[foxglove_bridge-1] [INFO] [1783059341.204578276] [foxglove_bridge]: Advertising new channel 55 for topic "/foxglove_goal_pose"
[foxglove_bridge-1] [INFO] [1783059341.206502443] [foxglove_bridge]: Advertising new channel 56 for topic "/foxglove_goal_point"
[foxglove_bridge-1] [INFO] [1783059342.505888952] [foxglove_bridge]: publishing connection graph
[foxglove_bridge-1] [INFO] [1783059343.150587392] [foxglove_bridge]: publishing connection graph
[foxglove_bridge-1] [INFO] [1783059343.660975575] [foxglove_bridge]: Advertising new channel 57 for topic "/foxglove_click_planned_path"
[foxglove_bridge-1] [INFO] [1783059343.663838742] [foxglove_bridge]: Advertising new channel 58 for topic "/foxglove_click_path_marker"
[foxglove_bridge-1] [INFO] [1783059343.664531576] [foxglove_bridge]: Advertising new channel 59 for topic "/foxglove_click_goal_marker"
[foxglove_bridge-1] [INFO] [1783059343.666940202] [foxglove_bridge]: Advertising new channel 60 for topic "/foxglove_click_goal_label"
[foxglove_bridge-1] [INFO] [1783059343.667311035] [foxglove_bridge]: Advertising new channel 61 for topic "/foxglove_click_accepted_goal"
[foxglove_bridge-1] [INFO] [1783059343.786329786] [foxglove_bridge]: publishing connection graph
[foxglove_bridge-1] [INFO] [1783059347.839178984] [foxglove_bridge]: publishing connection graph
[foxglove_bridge-1] [INFO] [1783059354.833971295] [foxglove_bridge]: publishing connection graph
[foxglove_bridge-1] [INFO] [1783059355.459551516] [foxglove_bridge]: publishing connection graph
[foxglove_bridge-1] [ERROR] [1783059359.925559374] [foxglove_bridge]: Failed to retrieve parameters from node '/foxglove_click_goal_bridge': Failed to retrieve parameter names for node '/foxglove_click_goal_bridge'
[foxglove_bridge-1] [WARN] [1783059359.925754707] [foxglove_bridge]: Adding node /foxglove_click_goal_bridge to the ignore list to prevent repeated timeouts or failures in future parameter requests.
[foxglove_bridge-1] [INFO] [1783059434.167149951] [foxglove_bridge]: received subscribe request for channel 3 from client 4
[foxglove_bridge-1] [INFO] [1783059434.167947618] [foxglove_bridge]: received subscribe request for channel 2 from client 4
[foxglove_bridge-1] [INFO] [1783059434.326585334] [foxglove_bridge]: Client ID 4 is advertising "/foxglove_goal_pose" (geometry_msgs/PoseStamped) on channel 1 with encoding "cdr"
[foxglove_bridge-1] [INFO] [1783059434.364228596] [foxglove_bridge]: Client ID 4 is advertising "/foxglove_goal_point" (geometry_msgs/PointStamped) on channel 2 with encoding "cdr"
[foxglove_bridge-1] [INFO] [1783059434.424822489] [foxglove_bridge]: Client ID 4 is advertising "/initialpose" (geometry_msgs/PoseWithCovarianceStamped) on channel 3 with encoding "cdr"
[foxglove_bridge-1] [INFO] [1783059434.438782619] [foxglove_bridge]: publishing connection graph
[foxglove_bridge-1] [INFO] [1783059434.463692418] [foxglove_bridge]: Client ID 4 is advertising "/move_base_simple/goal" (geometry_msgs/PoseStamped) on channel 4 with encoding "cdr"
[foxglove_bridge-1] [INFO] [1783059434.493352344] [foxglove_bridge]: Client ID 4 is advertising "/clicked_point" (geometry_msgs/PointStamped) on channel 5 with encoding "cdr"
[foxglove_bridge-1] [INFO] [1783059434.493636427] [foxglove_bridge]: received subscribe request for channel 41 from client 4
[foxglove_bridge-1] [INFO] [1783059434.530332772] [foxglove_bridge]: Created ROS subscription on /amcl_pose (geometry_msgs/msg/PoseWithCovarianceStamped) for channel 41
[foxglove_bridge-1] [INFO] [1783059434.533368565] [foxglove_bridge]: received subscribe request for channel 31 from client 4
[foxglove_bridge-1] [INFO] [1783059434.561836657] [foxglove_bridge]: Created ROS subscription on /cost_cloud (sensor_msgs/msg/PointCloud2) for channel 31
[foxglove_bridge-1] [INFO] [1783059434.562112574] [foxglove_bridge]: received subscribe request for channel 61 from client 4
[foxglove_bridge-1] [INFO] [1783059434.585241081] [foxglove_bridge]: Created ROS subscription on /foxglove_click_accepted_goal (geometry_msgs/msg/PoseStamped) for channel 61
[foxglove_bridge-1] [INFO] [1783059434.585528206] [foxglove_bridge]: received subscribe request for channel 58 from client 4
[foxglove_bridge-1] [INFO] [1783059434.616808799] [foxglove_bridge]: Created ROS subscription on /foxglove_click_path_marker (visualization_msgs/msg/Marker) for channel 58
[foxglove_bridge-1] [INFO] [1783059434.617121174] [foxglove_bridge]: received subscribe request for channel 57 from client 4
[foxglove_bridge-1] [INFO] [1783059434.640880015] [foxglove_bridge]: Created ROS subscription on /foxglove_click_planned_path (nav_msgs/msg/Path) for channel 57
[foxglove_bridge-1] [INFO] [1783059434.641164807] [foxglove_bridge]: received subscribe request for channel 55 from client 4
[foxglove_bridge-1] [INFO] [1783059434.664223980] [foxglove_bridge]: Created ROS subscription on /foxglove_goal_pose (geometry_msgs/msg/PoseStamped) for channel 55
[foxglove_bridge-1] [INFO] [1783059434.664670439] [foxglove_bridge]: received subscribe request for channel 45 from client 4
[foxglove_bridge-1] [INFO] [1783059434.702843992] [foxglove_bridge]: Created ROS subscription on /global_costmap/published_footprint (geometry_msgs/msg/PolygonStamped) for channel 45
[foxglove_bridge-1] [INFO] [1783059434.703707409] [foxglove_bridge]: received subscribe request for channel 46 from client 4
[foxglove_bridge-1] [INFO] [1783059434.733213793] [foxglove_bridge]: Created ROS subscription on /goal_pose (geometry_msgs/msg/PoseStamped) for channel 46
[foxglove_bridge-1] [INFO] [1783059434.736799795] [foxglove_bridge]: received subscribe request for channel 7 from client 4
[foxglove_bridge-1] [INFO] [1783059434.759392218] [foxglove_bridge]: Created ROS subscription on /initialpose (geometry_msgs/msg/PoseWithCovarianceStamped) for channel 7
[foxglove_bridge-1] [INFO] [1783059434.762825344] [foxglove_bridge]: received subscribe request for channel 26 from client 4
[foxglove_bridge-1] [INFO] [1783059434.795674355] [foxglove_bridge]: Created ROS subscription on /local_costmap/clearing_endpoints (sensor_msgs/msg/PointCloud2) for channel 26
[foxglove_bridge-1] [INFO] [1783059434.795972813] [foxglove_bridge]: received subscribe request for channel 22 from client 4
[foxglove_bridge-1] [INFO] [1783059434.826957281] [foxglove_bridge]: Created ROS subscription on /local_costmap/published_footprint (geometry_msgs/msg/PolygonStamped) for channel 22
[foxglove_bridge-1] [INFO] [1783059434.829105323] [foxglove_bridge]: received subscribe request for channel 20 from client 4
[foxglove_bridge-1] [INFO] [1783059434.856838540] [foxglove_bridge]: Created ROS subscription on /local_plan (nav_msgs/msg/Path) for channel 20
[foxglove_bridge-1] [INFO] [1783059434.857990582] [foxglove_bridge]: received subscribe request for channel 25 from client 4
[foxglove_bridge-1] [INFO] [1783059434.858194999] [foxglove_bridge]: received subscribe request for channel 35 from client 4
[foxglove_bridge-1] [INFO] [1783059434.892796093] [foxglove_bridge]: Created ROS subscription on /marker (visualization_msgs/msg/MarkerArray) for channel 35
[foxglove_bridge-1] [INFO] [1783059434.896092761] [foxglove_bridge]: received subscribe request for channel 43 from client 4
[foxglove_bridge-1] [INFO] [1783059434.924501645] [foxglove_bridge]: Created ROS subscription on /plan (nav_msgs/msg/Path) for channel 43
[foxglove_bridge-1] [INFO] [1783059434.925161020] [foxglove_bridge]: received subscribe request for channel 44 from client 4
[foxglove_bridge-1] [INFO] [1783059434.951650153] [foxglove_bridge]: Created ROS subscription on /plan_smoothed (nav_msgs/msg/Path) for channel 44
[foxglove_bridge-1] [INFO] [1783059434.952062070] [foxglove_bridge]: received subscribe request for channel 15 from client 4
[foxglove_bridge-1] [INFO] [1783059434.994703000] [foxglove_bridge]: Created ROS subscription on /received_global_plan (nav_msgs/msg/Path) for channel 15
[foxglove_bridge-1] [INFO] [1783059434.995231625] [foxglove_bridge]: received subscribe request for channel 5 from client 4
[foxglove_bridge-1] [INFO] [1783059434.995813417] [foxglove_bridge]: Advertising new channel 62 for topic "/move_base_simple/goal"
[foxglove_bridge-1] [INFO] [1783059434.998225042] [foxglove_bridge]: Advertising new channel 63 for topic "/clicked_point"
[foxglove_bridge-1] [INFO] [1783059434.999747376] [foxglove_bridge]: received subscribe request for channel 10 from client 4
[foxglove_bridge-1] [INFO] [1783059434.999999793] [foxglove_bridge]: received subscribe request for channel 18 from client 4
[foxglove_bridge-1] [INFO] [1783059435.052901809] [foxglove_bridge]: Created ROS subscription on /transformed_global_plan (nav_msgs/msg/Path) for channel 18
[foxglove_bridge-1] [INFO] [1783059435.201293147] [foxglove_bridge]: received subscribe request for channel 62 from client 4
[foxglove_bridge-1] [INFO] [1783059435.212996026] [foxglove_bridge]: publishing connection graph
[foxglove_bridge-1] [INFO] [1783059435.239508867] [foxglove_bridge]: Created ROS subscription on /move_base_simple/goal (geometry_msgs/msg/PoseStamped) for channel 62
[foxglove_bridge-1] [INFO] [1783059435.831909718] [foxglove_bridge]: publishing connection graph
[foxglove_bridge-1] [INFO] [1783059495.213920166] [foxglove_bridge]: publishing connection graph
