[INFO] [launch]: All log files can be found below /root/.ros/log/2026-07-03-15-01-25-015519-ubuntu-69176
[INFO] [launch]: Default logging verbosity is set to INFO
[INFO] [foxglove_bridge-1]: process started with pid [69198]
[foxglove_bridge-1] [INFO] [1783062087.226867552] [foxglove_bridge]: Starting foxglove_bridge (humble, 3.3.0@)
[foxglove_bridge-1] [INFO] [1783062087.247070429] [foxglove_bridge]: Server listening on port 8765
[foxglove_bridge-1] [INFO] [1783062087.295055265] [foxglove_bridge]: Advertising new channel 2 for topic "/velocity_smoother/transition_event"
[foxglove_bridge-1] [INFO] [1783062087.298684974] [foxglove_bridge]: Advertising new channel 3 for topic "/tf_static"
[foxglove_bridge-1] [INFO] [1783062087.298870016] [foxglove_bridge]: Advertising new channel 4 for topic "/tf"
[foxglove_bridge-1] [INFO] [1783062087.303278141] [foxglove_bridge]: Advertising new channel 5 for topic "/odom"
[foxglove_bridge-1] [INFO] [1783062087.310139391] [foxglove_bridge]: Advertising new channel 6 for topic "/cmd_vel_sent"
[foxglove_bridge-1] [INFO] [1783062087.311539767] [foxglove_bridge]: Advertising new channel 7 for topic "/rosout"
[foxglove_bridge-1] [INFO] [1783062087.313875600] [foxglove_bridge]: Advertising new channel 8 for topic "/cmd_vel_nav"
[foxglove_bridge-1] [INFO] [1783062087.316498975] [foxglove_bridge]: Advertising new channel 9 for topic "/scan"
[foxglove_bridge-1] [INFO] [1783062087.316699642] [foxglove_bridge]: Advertising new channel 10 for topic "/cmd_vel"
[foxglove_bridge-1] [INFO] [1783062087.320253601] [foxglove_bridge]: Advertising new channel 11 for topic "/parameter_events"
[foxglove_bridge-1] [INFO] [1783062087.321232101] [foxglove_bridge]: Advertising new channel 12 for topic "/chassis_bridge_state"
[foxglove_bridge-1] [INFO] [1783062087.321878226] [foxglove_bridge]: Advertising new channel 13 for topic "/bond"
[foxglove_bridge-1] [INFO] [1783062088.124015159] [foxglove_bridge]: received connection graph subscribe request
[foxglove_bridge-1] [INFO] [1783062088.124305867] [foxglove_bridge]: received subscribe request for channel 3 from client 1
[foxglove_bridge-1] [INFO] [1783062088.172189037] [foxglove_bridge]: Created ROS subscription on /tf_static (tf2_msgs/msg/TFMessage) for channel 3
[foxglove_bridge-1] [INFO] [1783062088.176025163] [foxglove_bridge]: received subscribe request for channel 4 from client 1
[foxglove_bridge-1] [INFO] [1783062088.229117958] [foxglove_bridge]: Created ROS subscription on /tf (tf2_msgs/msg/TFMessage) for channel 4
[foxglove_bridge-1] [INFO] [1783062088.231547250] [foxglove_bridge]: received subscribe request for channel 10 from client 1
[foxglove_bridge-1] [INFO] [1783062088.321727965] [foxglove_bridge]: Created ROS subscription on /cmd_vel (geometry_msgs/msg/Twist) for channel 10
[foxglove_bridge-1] [INFO] [1783062089.030830224] [foxglove_bridge]: Advertising new channel 14 for topic "/waypoint_follower/transition_event"
[foxglove_bridge-1] [INFO] [1783062089.033104516] [foxglove_bridge]: Advertising new channel 15 for topic "/speed_limit"
[foxglove_bridge-1] [INFO] [1783062089.033506641] [foxglove_bridge]: Advertising new channel 16 for topic "/scan_filtered"
[foxglove_bridge-1] [INFO] [1783062089.033880975] [foxglove_bridge]: Advertising new channel 17 for topic "/planner_server/transition_event"
[foxglove_bridge-1] [INFO] [1783062089.036058891] [foxglove_bridge]: Advertising new channel 18 for topic "/plan"
[foxglove_bridge-1] [INFO] [1783062089.036416266] [foxglove_bridge]: Advertising new channel 19 for topic "/received_global_plan"
[foxglove_bridge-1] [INFO] [1783062089.036660725] [foxglove_bridge]: Advertising new channel 20 for topic "/plan_smoothed"
[foxglove_bridge-1] [INFO] [1783062089.038085142] [foxglove_bridge]: Advertising new channel 21 for topic "/map"
[foxglove_bridge-1] [INFO] [1783062089.039075600] [foxglove_bridge]: Advertising new channel 22 for topic "/lookahead_point"
[foxglove_bridge-1] [INFO] [1783062089.040585100] [foxglove_bridge]: Advertising new channel 23 for topic "/local_costmap/published_footprint"
[foxglove_bridge-1] [INFO] [1783062089.040959225] [foxglove_bridge]: Advertising new channel 24 for topic "/local_costmap/local_costmap/transition_event"
[foxglove_bridge-1] [INFO] [1783062089.042642517] [foxglove_bridge]: Advertising new channel 25 for topic "/local_costmap/costmap_raw"
[foxglove_bridge-1] [INFO] [1783062089.042958725] [foxglove_bridge]: Advertising new channel 26 for topic "/local_costmap/costmap"
[foxglove_bridge-1] [INFO] [1783062089.045831309] [foxglove_bridge]: Advertising new channel 27 for topic "/local_costmap/clearing_endpoints"
[foxglove_bridge-1] [INFO] [1783062089.046770517] [foxglove_bridge]: Advertising new channel 28 for topic "/initialpose"
[foxglove_bridge-1] [INFO] [1783062089.048352392] [foxglove_bridge]: Advertising new channel 29 for topic "/global_costmap/published_footprint"
[foxglove_bridge-1] [INFO] [1783062089.048813059] [foxglove_bridge]: Advertising new channel 30 for topic "/global_costmap/global_costmap/transition_event"
[foxglove_bridge-1] [INFO] [1783062089.049602434] [foxglove_bridge]: Advertising new channel 31 for topic "/goal_pose"
[foxglove_bridge-1] [INFO] [1783062089.051492476] [foxglove_bridge]: Advertising new channel 32 for topic "/global_costmap/footprint"
[foxglove_bridge-1] [INFO] [1783062089.052681518] [foxglove_bridge]: Advertising new channel 33 for topic "/smoother_server/transition_event"
[foxglove_bridge-1] [INFO] [1783062089.053416434] [foxglove_bridge]: Advertising new channel 34 for topic "/global_costmap/costmap_updates"
[foxglove_bridge-1] [INFO] [1783062089.053744851] [foxglove_bridge]: Advertising new channel 35 for topic "/global_costmap/costmap_raw"
[foxglove_bridge-1] [INFO] [1783062089.055658685] [foxglove_bridge]: Advertising new channel 36 for topic "/local_costmap/voxel_grid"
[foxglove_bridge-1] [INFO] [1783062089.056121143] [foxglove_bridge]: Advertising new channel 37 for topic "/local_costmap/footprint"
[foxglove_bridge-1] [INFO] [1783062089.056406101] [foxglove_bridge]: Advertising new channel 38 for topic "/global_costmap/costmap"
[foxglove_bridge-1] [INFO] [1783062089.056592310] [foxglove_bridge]: Advertising new channel 39 for topic "/foxglove_click_planned_path"
[foxglove_bridge-1] [INFO] [1783062089.061612393] [foxglove_bridge]: Advertising new channel 40 for topic "/foxglove_click_path_marker"
[foxglove_bridge-1] [INFO] [1783062089.062027727] [foxglove_bridge]: Advertising new channel 41 for topic "/foxglove_click_goal_marker"
[foxglove_bridge-1] [INFO] [1783062089.062430685] [foxglove_bridge]: Advertising new channel 42 for topic "/foxglove_click_goal_label"
[foxglove_bridge-1] [INFO] [1783062089.062622977] [foxglove_bridge]: Advertising new channel 43 for topic "/foxglove_click_accepted_goal"
[foxglove_bridge-1] [INFO] [1783062089.063337393] [foxglove_bridge]: Advertising new channel 44 for topic "/controller_server/transition_event"
[foxglove_bridge-1] [INFO] [1783062089.063552810] [foxglove_bridge]: Advertising new channel 45 for topic "/cmd_vel_teleop"
[foxglove_bridge-1] [INFO] [1783062089.063690102] [foxglove_bridge]: Advertising new channel 46 for topic "/local_costmap/costmap_updates"
[foxglove_bridge-1] [INFO] [1783062089.064289727] [foxglove_bridge]: Advertising new channel 47 for topic "/preempt_teleop"
[foxglove_bridge-1] [INFO] [1783062089.064629685] [foxglove_bridge]: Advertising new channel 48 for topic "/bt_navigator/transition_event"
[foxglove_bridge-1] [INFO] [1783062089.064956102] [foxglove_bridge]: Advertising new channel 49 for topic "/lookahead_collision_arc"
[foxglove_bridge-1] [INFO] [1783062089.066350394] [foxglove_bridge]: Advertising new channel 50 for topic "/behavior_tree_log"
[foxglove_bridge-1] [INFO] [1783062089.066758185] [foxglove_bridge]: Advertising new channel 51 for topic "/behavior_server/transition_event"
[foxglove_bridge-1] [INFO] [1783062090.824172437] [foxglove_bridge]: publishing connection graph
[foxglove_bridge-1] [INFO] [1783062091.330800140] [foxglove_bridge]: Advertising new channel 52 for topic "/foxglove_goal_pose"
[foxglove_bridge-1] [INFO] [1783062091.331120598] [foxglove_bridge]: Advertising new channel 53 for topic "/foxglove_goal_point"
[foxglove_bridge-1] [INFO] [1783062091.332460390] [foxglove_bridge]: Advertising new channel 54 for topic "/diagnostics"
[foxglove_bridge-1] [INFO] [1783062091.332790474] [foxglove_bridge]: Advertising new channel 55 for topic "/amcl/transition_event"
[foxglove_bridge-1] [INFO] [1783062091.361503309] [foxglove_bridge]: publishing connection graph
[foxglove_bridge-1] [ERROR] [1783062093.871483864] [foxglove_bridge]: Failed to retrieve parameters from node '/bt_navigator_navigate_through_poses_rclcpp_node': Failed to retrieve parameter names for node '/bt_navigator_navigate_through_poses_rclcpp_node'
[foxglove_bridge-1] [WARN] [1783062093.871701989] [foxglove_bridge]: Adding node /bt_navigator_navigate_through_poses_rclcpp_node to the ignore list to prevent repeated timeouts or failures in future parameter requests.
[foxglove_bridge-1] [ERROR] [1783062093.872476697] [foxglove_bridge]: Failed to retrieve parameters from node '/bt_navigator_navigate_to_pose_rclcpp_node': Failed to retrieve parameter names for node '/bt_navigator_navigate_to_pose_rclcpp_node'
[foxglove_bridge-1] [WARN] [1783062093.872593697] [foxglove_bridge]: Adding node /bt_navigator_navigate_to_pose_rclcpp_node to the ignore list to prevent repeated timeouts or failures in future parameter requests.
[foxglove_bridge-1] [INFO] [1783062093.874305531] [foxglove_bridge]: received subscribe request for channel 10 from client 2
[foxglove_bridge-1] [INFO] [1783062093.874587364] [foxglove_bridge]: received subscribe request for channel 4 from client 2
[foxglove_bridge-1] [INFO] [1783062093.874689781] [foxglove_bridge]: received subscribe request for channel 3 from client 2
[foxglove_bridge-1] [INFO] [1783062093.874959739] [foxglove_bridge]: received subscribe request for channel 9 from client 2
[foxglove_bridge-1] [INFO] [1783062093.894538407] [foxglove_bridge]: Created ROS subscription on /scan (sensor_msgs/msg/LaserScan) for channel 9
[foxglove_bridge-1] [INFO] [1783062093.941928994] [foxglove_bridge]: publishing connection graph
[foxglove_bridge-1] [INFO] [1783062093.965927870] [foxglove_bridge]: received subscribe request for channel 16 from client 2
[foxglove_bridge-1] [INFO] [1783062093.985491580] [foxglove_bridge]: Created ROS subscription on /scan_filtered (sensor_msgs/msg/LaserScan) for channel 16
[foxglove_bridge-1] [INFO] [1783062094.001886831] [foxglove_bridge]: received subscribe request for channel 16 from client 1
[foxglove_bridge-1] [INFO] [1783062094.002183831] [foxglove_bridge]: received subscribe request for channel 21 from client 1
[foxglove_bridge-1] [INFO] [1783062094.029604625] [foxglove_bridge]: Created ROS subscription on /map (nav_msgs/msg/OccupancyGrid) for channel 21
[foxglove_bridge-1] [INFO] [1783062094.160736301] [foxglove_bridge]: received subscribe request for channel 21 from client 2
[foxglove_bridge-1] [INFO] [1783062094.486568533] [foxglove_bridge]: publishing connection graph
[foxglove_bridge-1] [INFO] [1783062095.057002490] [foxglove_bridge]: publishing connection graph
[foxglove_bridge-1] [INFO] [1783062097.036372589] [foxglove_bridge]: publishing connection graph
[foxglove_bridge-1] [INFO] [1783062097.320950234] [foxglove_bridge]: received subscribe request for channel 3 from client 4
[foxglove_bridge-1] [INFO] [1783062097.321183109] [foxglove_bridge]: received subscribe request for channel 4 from client 4
[foxglove_bridge-1] [INFO] [1783062097.321278692] [foxglove_bridge]: received subscribe request for channel 16 from client 4
[foxglove_bridge-1] [INFO] [1783062097.321355526] [foxglove_bridge]: received subscribe request for channel 21 from client 4
[foxglove_bridge-1] [INFO] [1783062097.804694518] [foxglove_bridge]: publishing connection graph
[foxglove_bridge-1] [INFO] [1783062101.514454446] [foxglove_bridge]: publishing connection graph
[foxglove_bridge-1] [INFO] [1783062101.526367363] [foxglove_bridge]: received subscribe request for channel 4 from client 3
[foxglove_bridge-1] [INFO] [1783062101.526616488] [foxglove_bridge]: received subscribe request for channel 3 from client 3
[foxglove_bridge-1] [INFO] [1783062101.526744780] [foxglove_bridge]: received subscribe request for channel 28 from client 3
[foxglove_bridge-1] [INFO] [1783062101.549793906] [foxglove_bridge]: Created ROS subscription on /initialpose (geometry_msgs/msg/PoseWithCovarianceStamped) for channel 28
[foxglove_bridge-1] [INFO] [1783062101.550081656] [foxglove_bridge]: received subscribe request for channel 27 from client 3
[foxglove_bridge-1] [INFO] [1783062101.573367200] [foxglove_bridge]: Created ROS subscription on /local_costmap/clearing_endpoints (sensor_msgs/msg/PointCloud2) for channel 27
[foxglove_bridge-1] [INFO] [1783062101.573647658] [foxglove_bridge]: received subscribe request for channel 23 from client 3
[foxglove_bridge-1] [INFO] [1783062101.595057993] [foxglove_bridge]: Created ROS subscription on /local_costmap/published_footprint (geometry_msgs/msg/PolygonStamped) for channel 23
[foxglove_bridge-1] [INFO] [1783062101.595328576] [foxglove_bridge]: received subscribe request for channel 49 from client 3
[foxglove_bridge-1] [INFO] [1783062101.623304536] [foxglove_bridge]: Created ROS subscription on /lookahead_collision_arc (nav_msgs/msg/Path) for channel 49
[foxglove_bridge-1] [INFO] [1783062101.623797995] [foxglove_bridge]: received subscribe request for channel 21 from client 3
[foxglove_bridge-1] [INFO] [1783062101.623966912] [foxglove_bridge]: received subscribe request for channel 18 from client 3
[foxglove_bridge-1] [INFO] [1783062101.648614455] [foxglove_bridge]: Created ROS subscription on /plan (nav_msgs/msg/Path) for channel 18
[foxglove_bridge-1] [INFO] [1783062101.648883413] [foxglove_bridge]: received subscribe request for channel 20 from client 3
[foxglove_bridge-1] [INFO] [1783062101.674436290] [foxglove_bridge]: Created ROS subscription on /plan_smoothed (nav_msgs/msg/Path) for channel 20
[foxglove_bridge-1] [INFO] [1783062101.674875582] [foxglove_bridge]: received subscribe request for channel 19 from client 3
[foxglove_bridge-1] [INFO] [1783062101.699022458] [foxglove_bridge]: Created ROS subscription on /received_global_plan (nav_msgs/msg/Path) for channel 19
[foxglove_bridge-1] [INFO] [1783062101.699470917] [foxglove_bridge]: received subscribe request for channel 9 from client 3
[foxglove_bridge-1] [INFO] [1783062101.699618667] [foxglove_bridge]: received subscribe request for channel 16 from client 3
[foxglove_bridge-1] [INFO] [1783062101.699702375] [foxglove_bridge]: received subscribe request for channel 43 from client 3
[foxglove_bridge-1] [INFO] [1783062101.720283210] [foxglove_bridge]: Created ROS subscription on /foxglove_click_accepted_goal (geometry_msgs/msg/PoseStamped) for channel 43
[foxglove_bridge-1] [INFO] [1783062101.720567168] [foxglove_bridge]: received subscribe request for channel 31 from client 3
[foxglove_bridge-1] [INFO] [1783062101.732944836] [foxglove_bridge]: Created ROS subscription on /goal_pose (geometry_msgs/msg/PoseStamped) for channel 31
[foxglove_bridge-1] [INFO] [1783062101.733245669] [foxglove_bridge]: received subscribe request for channel 29 from client 3
[foxglove_bridge-1] [INFO] [1783062101.746686962] [foxglove_bridge]: Created ROS subscription on /global_costmap/published_footprint (geometry_msgs/msg/PolygonStamped) for channel 29
[foxglove_bridge-1] [INFO] [1783062102.377303589] [foxglove_bridge]: publishing connection graph
[foxglove_bridge-1] [INFO] [1783062103.113595432] [foxglove_bridge]: publishing connection graph
[foxglove_bridge-1] [INFO] [1783062103.880835361] [foxglove_bridge]: publishing connection graph
[foxglove_bridge-1] [INFO] [1783062104.890412639] [foxglove_bridge]: publishing connection graph
[foxglove_bridge-1] [INFO] [1783062106.224007356] [foxglove_bridge]: publishing connection graph
[foxglove_bridge-1] [ERROR] [1783062106.859546609] [foxglove_bridge]: Failed to retrieve parameters from node '/lifecycle_manager_localization': Parameter service for node '/lifecycle_manager_localization' is not ready
[foxglove_bridge-1] [WARN] [1783062106.859740734] [foxglove_bridge]: Adding node /lifecycle_manager_localization to the ignore list to prevent repeated timeouts or failures in future parameter requests.
[foxglove_bridge-1] [ERROR] [1783062110.852118300] [foxglove_bridge]: Failed to retrieve parameters from node '/smoother_server': Parameter service for node '/smoother_server' is not ready
[foxglove_bridge-1] [WARN] [1783062110.852358175] [foxglove_bridge]: Adding node /smoother_server to the ignore list to prevent repeated timeouts or failures in future parameter requests.
[foxglove_bridge-1] [ERROR] [1783062110.853157841] [foxglove_bridge]: Failed to retrieve parameters from node '/waypoint_follower': Parameter service for node '/waypoint_follower' is not ready
[foxglove_bridge-1] [WARN] [1783062110.853288008] [foxglove_bridge]: Adding node /waypoint_follower to the ignore list to prevent repeated timeouts or failures in future parameter requests.
[foxglove_bridge-1] [INFO] [1783062115.194745803] [foxglove_bridge]: publishing connection graph
[foxglove_bridge-1] [INFO] [1783062115.704995462] [foxglove_bridge]: Advertising new channel 56 for topic "/map_server/transition_event"
[foxglove_bridge-1] [ERROR] [1783062115.990756773] [foxglove_bridge]: Failed to retrieve parameters from node '/bt_navigator': Parameter service for node '/bt_navigator' is not ready
[foxglove_bridge-1] [WARN] [1783062115.990953648] [foxglove_bridge]: Adding node /bt_navigator to the ignore list to prevent repeated timeouts or failures in future parameter requests.
[foxglove_bridge-1] [ERROR] [1783062115.991802357] [foxglove_bridge]: Failed to retrieve parameters from node '/planner_server': Parameter service for node '/planner_server' is not ready
[foxglove_bridge-1] [WARN] [1783062115.991940773] [foxglove_bridge]: Adding node /planner_server to the ignore list to prevent repeated timeouts or failures in future parameter requests.
[foxglove_bridge-1] [INFO] [1783062116.497502724] [foxglove_bridge]: publishing connection graph
[foxglove_bridge-1] [INFO] [1783062117.007439758] [foxglove_bridge]: Advertising new channel 57 for topic "/particle_cloud"
[foxglove_bridge-1] [INFO] [1783062117.008032550] [foxglove_bridge]: Advertising new channel 58 for topic "/amcl_pose"
[foxglove_bridge-1] [INFO] [1783062117.064873929] [foxglove_bridge]: publishing connection graph
[foxglove_bridge-1] [INFO] [1783062119.686836438] [foxglove_bridge]: publishing connection graph
[foxglove_bridge-1] [INFO] [1783062121.015113526] [foxglove_bridge]: publishing connection graph
[foxglove_bridge-1] [INFO] [1783062121.792721370] [foxglove_bridge]: publishing connection graph
[foxglove_bridge-1] [INFO] [1783062122.363473074] [foxglove_bridge]: publishing connection graph
[foxglove_bridge-1] [INFO] [1783062125.068879794] [foxglove_bridge]: publishing connection graph
[foxglove_bridge-1] [INFO] [1783062127.990836194] [foxglove_bridge]: publishing connection graph
[foxglove_bridge-1] [INFO] [1783062128.602630526] [foxglove_bridge]: publishing connection graph
[foxglove_bridge-1] [INFO] [1783062133.062913148] [foxglove_bridge]: publishing connection graph
[foxglove_bridge-1] [INFO] [1783062134.083285297] [foxglove_bridge]: publishing connection graph
[foxglove_bridge-1] [INFO] [1783062135.088194611] [foxglove_bridge]: publishing connection graph
[foxglove_bridge-1] [INFO] [1783062135.799250323] [foxglove_bridge]: publishing connection graph
[foxglove_bridge-1] [INFO] [1783062136.363420693] [foxglove_bridge]: publishing connection graph
[foxglove_bridge-1] [INFO] [1783062140.556518500] [foxglove_bridge]: publishing connection graph
[foxglove_bridge-1] [INFO] [1783062141.301951214] [foxglove_bridge]: publishing connection graph
[foxglove_bridge-1] [INFO] [1783062143.753432451] [foxglove_bridge]: publishing connection graph
[foxglove_bridge-1] [INFO] [1783062144.339614196] [foxglove_bridge]: publishing connection graph
[foxglove_bridge-1] [INFO] [1783062148.686321424] [foxglove_bridge]: publishing connection graph
[foxglove_bridge-1] [INFO] [1783062151.666227691] [foxglove_bridge]: publishing connection graph
[foxglove_bridge-1] [INFO] [1783062152.231557058] [foxglove_bridge]: publishing connection graph
[foxglove_bridge-1] [INFO] [1783062156.217808342] [foxglove_bridge]: publishing connection graph
[foxglove_bridge-1] [INFO] [1783062158.989473384] [foxglove_bridge]: publishing connection graph
[foxglove_bridge-1] [INFO] [1783062160.143253703] [foxglove_bridge]: publishing connection graph
[foxglove_bridge-1] [INFO] [1783062161.112778177] [foxglove_bridge]: publishing connection graph
[foxglove_bridge-1] [INFO] [1783062164.638787346] [foxglove_bridge]: publishing connection graph
[foxglove_bridge-1] [INFO] [1783062165.205882678] [foxglove_bridge]: publishing connection graph
[foxglove_bridge-1] [INFO] [1783062169.230606439] [foxglove_bridge]: publishing connection graph
[foxglove_bridge-1] [INFO] [1783062171.266781488] [foxglove_bridge]: publishing connection graph
[foxglove_bridge-1] [INFO] [1783062173.652122025] [foxglove_bridge]: publishing connection graph
[foxglove_bridge-1] [INFO] [1783062174.416279756] [foxglove_bridge]: publishing connection graph
[foxglove_bridge-1] [INFO] [1783062175.080832271] [foxglove_bridge]: publishing connection graph
[foxglove_bridge-1] [ERROR] [1783062179.368476259] [foxglove_bridge]: Failed to retrieve parameters from node '/m1_pwm_cmd_vel_bridge': Failed to retrieve parameter names for node '/m1_pwm_cmd_vel_bridge'
[foxglove_bridge-1] [WARN] [1783062179.368689551] [foxglove_bridge]: Adding node /m1_pwm_cmd_vel_bridge to the ignore list to prevent repeated timeouts or failures in future parameter requests.
[foxglove_bridge-1] [ERROR] [1783062179.655005450] [foxglove_bridge]: Failed to retrieve parameters from node '/static_transform_publisher_2QolMfBcNSl0ySnb': Timed out waiting for 17 parameter(s) from node '/static_transform_publisher_2QolMfBcNSl0ySnb'
[foxglove_bridge-1] [WARN] [1783062179.655202325] [foxglove_bridge]: Adding node /static_transform_publisher_2QolMfBcNSl0ySnb to the ignore list to prevent repeated timeouts or failures in future parameter requests.
[foxglove_bridge-1] [ERROR] [1783062179.698352287] [foxglove_bridge]: Failed to retrieve parameters from node '/amcl': Timed out waiting for 51 parameter(s) from node '/amcl'
[foxglove_bridge-1] [WARN] [1783062179.698629579] [foxglove_bridge]: Adding node /amcl to the ignore list to prevent repeated timeouts or failures in future parameter requests.
[foxglove_bridge-1] [ERROR] [1783062180.043571608] [foxglove_bridge]: Exception thrown in rosgraphPollThread: failed to get service names and types by node: error not set
[foxglove_bridge-1] [INFO] [1783062180.213987539] [foxglove_bridge]: publishing connection graph
[foxglove_bridge-1] [INFO] [1783062184.251418129] [foxglove_bridge]: publishing connection graph
[foxglove_bridge-1] [ERROR] [1783062185.310991343] [foxglove_bridge]: Failed to retrieve parameters from node '/nav2_bootstrap_amcl': Failed to retrieve parameter names for node '/nav2_bootstrap_amcl'
[foxglove_bridge-1] [WARN] [1783062185.314236218] [foxglove_bridge]: Adding node /nav2_bootstrap_amcl to the ignore list to prevent repeated timeouts or failures in future parameter requests.
[foxglove_bridge-1] [ERROR] [1783062185.314448302] [foxglove_bridge]: Failed to retrieve parameters from node '/map_server': Failed to retrieve parameter names for node '/map_server'
[foxglove_bridge-1] [WARN] [1783062185.316174802] [foxglove_bridge]: Adding node /map_server to the ignore list to prevent repeated timeouts or failures in future parameter requests.
[foxglove_bridge-1] [ERROR] [1783062185.350628596] [foxglove_bridge]: Failed to retrieve parameters from node '/ydlidar_ros2_driver_node': Failed to retrieve parameter names for node '/ydlidar_ros2_driver_node'
[foxglove_bridge-1] [WARN] [1783062185.350812721] [foxglove_bridge]: Adding node /ydlidar_ros2_driver_node to the ignore list to prevent repeated timeouts or failures in future parameter requests.
[foxglove_bridge-1] [INFO] [1783062188.921591771] [foxglove_bridge]: publishing connection graph
[foxglove_bridge-1] [INFO] [1783062189.780789426] [foxglove_bridge]: publishing connection graph
[foxglove_bridge-1] [INFO] [1783062190.470555025] [foxglove_bridge]: publishing connection graph
[foxglove_bridge-1] [ERROR] [1783062193.168806458] [foxglove_bridge]: Failed to retrieve parameters from node '/pose_memory_node': Timed out waiting for 1 parameter(s) from node '/pose_memory_node'
[foxglove_bridge-1] [WARN] [1783062193.169005125] [foxglove_bridge]: Adding node /pose_memory_node to the ignore list to prevent repeated timeouts or failures in future parameter requests.
[foxglove_bridge-1] [ERROR] [1783062193.169189500] [foxglove_bridge]: Failed to retrieve parameters from node '/behavior_server': Timed out waiting for 9 parameter(s) from node '/behavior_server'
[foxglove_bridge-1] [WARN] [1783062193.169260000] [foxglove_bridge]: Adding node /behavior_server to the ignore list to prevent repeated timeouts or failures in future parameter requests.
[foxglove_bridge-1] [INFO] [1783062197.085305533] [foxglove_bridge]: publishing connection graph
[foxglove_bridge-1] [ERROR] [1783062198.589430116] [foxglove_bridge]: Failed to retrieve parameters from node '/foxglove_click_goal_bridge': Timed out waiting for 1 parameter(s) from node '/foxglove_click_goal_bridge'
[foxglove_bridge-1] [WARN] [1783062198.589632491] [foxglove_bridge]: Adding node /foxglove_click_goal_bridge to the ignore list to prevent repeated timeouts or failures in future parameter requests.
[foxglove_bridge-1] [ERROR] [1783062198.589778783] [foxglove_bridge]: Failed to retrieve parameters from node '/simple_scan_filter': Failed to retrieve parameter names for node '/simple_scan_filter'
[foxglove_bridge-1] [WARN] [1783062198.589863408] [foxglove_bridge]: Adding node /simple_scan_filter to the ignore list to prevent repeated timeouts or failures in future parameter requests.
[foxglove_bridge-1] [ERROR] [1783062198.590144866] [foxglove_bridge]: Failed to retrieve parameters from node '/global_costmap/global_costmap': Failed to retrieve parameter names for node '/global_costmap/global_costmap'
[foxglove_bridge-1] [WARN] [1783062198.590237283] [foxglove_bridge]: Adding node /global_costmap/global_costmap to the ignore list to prevent repeated timeouts or failures in future parameter requests.
[foxglove_bridge-1] [ERROR] [1783062198.590391908] [foxglove_bridge]: Failed to retrieve parameters from node '/velocity_smoother': Failed to retrieve parameter names for node '/velocity_smoother'
[foxglove_bridge-1] [WARN] [1783062198.590460991] [foxglove_bridge]: Adding node /velocity_smoother to the ignore list to prevent repeated timeouts or failures in future parameter requests.
[foxglove_bridge-1] [ERROR] [1783062198.590603866] [foxglove_bridge]: Failed to retrieve parameters from node '/lifecycle_manager_navigation': Failed to retrieve parameter names for node '/lifecycle_manager_navigation'
[foxglove_bridge-1] [WARN] [1783062198.590668699] [foxglove_bridge]: Adding node /lifecycle_manager_navigation to the ignore list to prevent repeated timeouts or failures in future parameter requests.
[foxglove_bridge-1] [INFO] [1783062198.792294049] [foxglove_bridge]: publishing connection graph
[foxglove_bridge-1] [INFO] [1783062199.470314230] [foxglove_bridge]: publishing connection graph
[foxglove_bridge-1] [ERROR] [1783062203.995429187] [foxglove_bridge]: Failed to retrieve parameters from node '/controller_server': Failed to retrieve parameter names for node '/controller_server'
[foxglove_bridge-1] [WARN] [1783062203.995622270] [foxglove_bridge]: Adding node /controller_server to the ignore list to prevent repeated timeouts or failures in future parameter requests.
[foxglove_bridge-1] [ERROR] [1783062204.365577800] [foxglove_bridge]: Failed to retrieve parameters from node '/local_costmap/local_costmap': Timed out waiting for 66 parameter(s) from node '/local_costmap/local_costmap'
[foxglove_bridge-1] [WARN] [1783062204.365781884] [foxglove_bridge]: Adding node /local_costmap/local_costmap to the ignore list to prevent repeated timeouts or failures in future parameter requests.
[foxglove_bridge-1] [ERROR] [1783062204.365919717] [foxglove_bridge]: Failed to retrieve parameters from node '/nav2_wait_amcl_settle': Failed to retrieve parameter names for node '/nav2_wait_amcl_settle'
[foxglove_bridge-1] [WARN] [1783062204.366026384] [foxglove_bridge]: Adding node /nav2_wait_amcl_settle to the ignore list to prevent repeated timeouts or failures in future parameter requests.
[foxglove_bridge-1] [INFO] [1783062204.553697149] [foxglove_bridge]: publishing connection graph
[foxglove_bridge-1] [INFO] [1783062205.188125326] [foxglove_bridge]: publishing connection graph
[foxglove_bridge-1] [INFO] [1783062211.468419673] [foxglove_bridge]: publishing connection graph
[foxglove_bridge-1] [INFO] [1783062212.135120436] [foxglove_bridge]: publishing connection graph
[foxglove_bridge-1] [INFO] [1783062215.211923936] [foxglove_bridge]: publishing connection graph
[foxglove_bridge-1] [INFO] [1783062216.249790395] [foxglove_bridge]: publishing connection graph
[foxglove_bridge-1] [INFO] [1783062217.042506876] [foxglove_bridge]: publishing connection graph
[foxglove_bridge-1] [INFO] [1783062217.792786812] [foxglove_bridge]: publishing connection graph
[foxglove_bridge-1] [INFO] [1783062223.063054528] [foxglove_bridge]: publishing connection graph
[foxglove_bridge-1] [INFO] [1783062223.968445351] [foxglove_bridge]: publishing connection graph
[foxglove_bridge-1] [INFO] [1783062225.785490747] [foxglove_bridge]: publishing connection graph
[foxglove_bridge-1] [INFO] [1783062226.475939427] [foxglove_bridge]: publishing connection graph
[foxglove_bridge-1] [INFO] [1783062231.680624718] [foxglove_bridge]: publishing connection graph
[foxglove_bridge-1] [INFO] [1783062233.406471897] [foxglove_bridge]: publishing connection graph
[foxglove_bridge-1] [INFO] [1783062234.051312281] [foxglove_bridge]: publishing connection graph
[foxglove_bridge-1] [INFO] [1783062239.926856204] [foxglove_bridge]: publishing connection graph
[foxglove_bridge-1] [INFO] [1783062240.924732574] [foxglove_bridge]: publishing connection graph
[foxglove_bridge-1] [INFO] [1783062241.772910850] [foxglove_bridge]: publishing connection graph
[foxglove_bridge-1] [INFO] [1783062242.440502027] [foxglove_bridge]: publishing connection graph
[foxglove_bridge-1] [INFO] [1783062247.476454213] [foxglove_bridge]: publishing connection graph
[foxglove_bridge-1] [INFO] [1783062249.821398396] [foxglove_bridge]: publishing connection graph
[foxglove_bridge-1] [INFO] [1783062256.165471847] [foxglove_bridge]: publishing connection graph
[foxglove_bridge-1] [INFO] [1783062257.793325348] [foxglove_bridge]: publishing connection graph
[foxglove_bridge-1] [INFO] [1783062263.600473878] [foxglove_bridge]: publishing connection graph
[foxglove_bridge-1] [INFO] [1783062264.574031869] [foxglove_bridge]: publishing connection graph
[foxglove_bridge-1] [INFO] [1783062265.757207418] [foxglove_bridge]: publishing connection graph
[foxglove_bridge-1] [INFO] [1783062266.432752845] [foxglove_bridge]: publishing connection graph
[foxglove_bridge-1] [INFO] [1783062271.533776067] [foxglove_bridge]: publishing connection graph
[foxglove_bridge-1] [INFO] [1783062272.255681330] [foxglove_bridge]: publishing connection graph
[foxglove_bridge-1] [INFO] [1783062273.776791070] [foxglove_bridge]: publishing connection graph
[foxglove_bridge-1] [INFO] [1783062274.441895704] [foxglove_bridge]: publishing connection graph
[foxglove_bridge-1] [INFO] [1783062279.432516372] [foxglove_bridge]: publishing connection graph
[foxglove_bridge-1] [INFO] [1783062280.169533969] [foxglove_bridge]: publishing connection graph
[foxglove_bridge-1] [INFO] [1783062281.777277465] [foxglove_bridge]: publishing connection graph
[foxglove_bridge-1] [INFO] [1783062282.416405346] [foxglove_bridge]: publishing connection graph
[foxglove_bridge-1] [INFO] [1783062287.363704799] [foxglove_bridge]: publishing connection graph
[foxglove_bridge-1] [INFO] [1783062289.875397069] [foxglove_bridge]: publishing connection graph
[foxglove_bridge-1] [INFO] [1783062295.356782058] [foxglove_bridge]: publishing connection graph
[foxglove_bridge-1] [INFO] [1783062296.553479230] [foxglove_bridge]: publishing connection graph
[foxglove_bridge-1] [INFO] [1783062300.208869165] [foxglove_bridge]: publishing connection graph
[foxglove_bridge-1] [INFO] [1783062301.537602555] [foxglove_bridge]: received unsubscribe request for channel 4 from client 3
[foxglove_bridge-1] [INFO] [1783062301.537857013] [foxglove_bridge]: received unsubscribe request for channel 3 from client 3
[foxglove_bridge-1] [INFO] [1783062301.537944721] [foxglove_bridge]: received unsubscribe request for channel 28 from client 3
[foxglove_bridge-1] [INFO] [1783062301.537990096] [foxglove_bridge]: Cleaned up ROS subscription for channel 28 (no more subscribers)
[foxglove_bridge-1] [INFO] [1783062301.538110805] [foxglove_bridge]: received unsubscribe request for channel 27 from client 3
[foxglove_bridge-1] [INFO] [1783062301.538156555] [foxglove_bridge]: Cleaned up ROS subscription for channel 27 (no more subscribers)
[foxglove_bridge-1] [INFO] [1783062301.538400721] [foxglove_bridge]: received unsubscribe request for channel 23 from client 3
[foxglove_bridge-1] [INFO] [1783062301.538451930] [foxglove_bridge]: Cleaned up ROS subscription for channel 23 (no more subscribers)
[foxglove_bridge-1] [INFO] [1783062301.538528013] [foxglove_bridge]: received unsubscribe request for channel 49 from client 3
[foxglove_bridge-1] [INFO] [1783062301.538571555] [foxglove_bridge]: Cleaned up ROS subscription for channel 49 (no more subscribers)
[foxglove_bridge-1] [INFO] [1783062301.538844596] [foxglove_bridge]: received unsubscribe request for channel 21 from client 3
[foxglove_bridge-1] [INFO] [1783062301.538921180] [foxglove_bridge]: received unsubscribe request for channel 18 from client 3
[foxglove_bridge-1] [INFO] [1783062301.538963555] [foxglove_bridge]: Cleaned up ROS subscription for channel 18 (no more subscribers)
[foxglove_bridge-1] [INFO] [1783062301.539033930] [foxglove_bridge]: received unsubscribe request for channel 20 from client 3
[foxglove_bridge-1] [INFO] [1783062301.539076263] [foxglove_bridge]: Cleaned up ROS subscription for channel 20 (no more subscribers)
[foxglove_bridge-1] [INFO] [1783062301.539145471] [foxglove_bridge]: received unsubscribe request for channel 19 from client 3
[foxglove_bridge-1] [INFO] [1783062301.539187388] [foxglove_bridge]: Cleaned up ROS subscription for channel 19 (no more subscribers)
[foxglove_bridge-1] [INFO] [1783062301.539256513] [foxglove_bridge]: received unsubscribe request for channel 9 from client 3
[foxglove_bridge-1] [INFO] [1783062301.539322180] [foxglove_bridge]: received unsubscribe request for channel 16 from client 3
[foxglove_bridge-1] [INFO] [1783062301.539386180] [foxglove_bridge]: received unsubscribe request for channel 43 from client 3
[foxglove_bridge-1] [INFO] [1783062301.539427055] [foxglove_bridge]: Cleaned up ROS subscription for channel 43 (no more subscribers)
[foxglove_bridge-1] [INFO] [1783062301.539501596] [foxglove_bridge]: received unsubscribe request for channel 31 from client 3
[foxglove_bridge-1] [INFO] [1783062301.539542971] [foxglove_bridge]: Cleaned up ROS subscription for channel 31 (no more subscribers)
[foxglove_bridge-1] [INFO] [1783062301.539613471] [foxglove_bridge]: received unsubscribe request for channel 29 from client 3
[foxglove_bridge-1] [INFO] [1783062301.539656221] [foxglove_bridge]: Cleaned up ROS subscription for channel 29 (no more subscribers)
[foxglove_bridge-1] [INFO] [1783062301.656797105] [foxglove_bridge]: received subscribe request for channel 4 from client 3
[foxglove_bridge-1] [INFO] [1783062301.657023813] [foxglove_bridge]: received subscribe request for channel 3 from client 3
[foxglove_bridge-1] [INFO] [1783062301.944246334] [foxglove_bridge]: publishing connection graph
[foxglove_bridge-1] [INFO] [1783062302.210567854] [foxglove_bridge]: Client ID 3 is advertising "/foxglove_goal_pose" (geometry_msgs/PoseStamped) on channel 1 with encoding "cdr"
[foxglove_bridge-1] [INFO] [1783062302.257298524] [foxglove_bridge]: Client ID 3 is advertising "/foxglove_goal_point" (geometry_msgs/PointStamped) on channel 2 with encoding "cdr"
[foxglove_bridge-1] [INFO] [1783062302.297765277] [foxglove_bridge]: Client ID 3 is advertising "/initialpose" (geometry_msgs/PoseWithCovarianceStamped) on channel 3 with encoding "cdr"
[foxglove_bridge-1] [INFO] [1783062302.347090905] [foxglove_bridge]: Client ID 3 is advertising "/move_base_simple/goal" (geometry_msgs/PoseStamped) on channel 4 with encoding "cdr"
[foxglove_bridge-1] [INFO] [1783062302.401943701] [foxglove_bridge]: Client ID 3 is advertising "/clicked_point" (geometry_msgs/PointStamped) on channel 5 with encoding "cdr"
[foxglove_bridge-1] [INFO] [1783062302.405478451] [foxglove_bridge]: received subscribe request for channel 58 from client 3
[foxglove_bridge-1] [INFO] [1783062302.457705330] [foxglove_bridge]: Created ROS subscription on /amcl_pose (geometry_msgs/msg/PoseWithCovarianceStamped) for channel 58
[foxglove_bridge-1] [INFO] [1783062302.458028247] [foxglove_bridge]: received subscribe request for channel 43 from client 3
[foxglove_bridge-1] [INFO] [1783062302.501527833] [foxglove_bridge]: Created ROS subscription on /foxglove_click_accepted_goal (geometry_msgs/msg/PoseStamped) for channel 43
[foxglove_bridge-1] [INFO] [1783062302.505829250] [foxglove_bridge]: received subscribe request for channel 29 from client 3
[foxglove_bridge-1] [INFO] [1783062302.577109089] [foxglove_bridge]: Created ROS subscription on /global_costmap/published_footprint (geometry_msgs/msg/PolygonStamped) for channel 29
[foxglove_bridge-1] [INFO] [1783062302.577441297] [foxglove_bridge]: received subscribe request for channel 31 from client 3
[foxglove_bridge-1] [INFO] [1783062302.578133422] [foxglove_bridge]: Advertising new channel 59 for topic "/move_base_simple/goal"
[foxglove_bridge-1] [INFO] [1783062302.578480089] [foxglove_bridge]: Advertising new channel 60 for topic "/clicked_point"
[foxglove_bridge-1] [INFO] [1783062302.662729929] [foxglove_bridge]: Created ROS subscription on /goal_pose (geometry_msgs/msg/PoseStamped) for channel 31
[foxglove_bridge-1] [INFO] [1783062302.663943595] [foxglove_bridge]: received subscribe request for channel 28 from client 3
[foxglove_bridge-1] [INFO] [1783062302.714942099] [foxglove_bridge]: Created ROS subscription on /initialpose (geometry_msgs/msg/PoseWithCovarianceStamped) for channel 28
[foxglove_bridge-1] [INFO] [1783062302.718422599] [foxglove_bridge]: received subscribe request for channel 27 from client 3
[foxglove_bridge-1] [INFO] [1783062302.759175894] [foxglove_bridge]: Created ROS subscription on /local_costmap/clearing_endpoints (sensor_msgs/msg/PointCloud2) for channel 27
[foxglove_bridge-1] [INFO] [1783062302.762778061] [foxglove_bridge]: received subscribe request for channel 23 from client 3
[foxglove_bridge-1] [INFO] [1783062302.766183894] [foxglove_bridge]: publishing connection graph
[foxglove_bridge-1] [INFO] [1783062302.789484771] [foxglove_bridge]: Created ROS subscription on /local_costmap/published_footprint (geometry_msgs/msg/PolygonStamped) for channel 23
[foxglove_bridge-1] [INFO] [1783062302.789790979] [foxglove_bridge]: received subscribe request for channel 49 from client 3
[foxglove_bridge-1] [INFO] [1783062302.810124856] [foxglove_bridge]: Created ROS subscription on /lookahead_collision_arc (nav_msgs/msg/Path) for channel 49
[foxglove_bridge-1] [INFO] [1783062302.810446023] [foxglove_bridge]: received subscribe request for channel 21 from client 3
[foxglove_bridge-1] [INFO] [1783062302.810572148] [foxglove_bridge]: received subscribe request for channel 18 from client 3
[foxglove_bridge-1] [INFO] [1783062302.842531525] [foxglove_bridge]: Created ROS subscription on /plan (nav_msgs/msg/Path) for channel 18
[foxglove_bridge-1] [INFO] [1783062302.842846108] [foxglove_bridge]: received subscribe request for channel 20 from client 3
[foxglove_bridge-1] [INFO] [1783062302.875221111] [foxglove_bridge]: Created ROS subscription on /plan_smoothed (nav_msgs/msg/Path) for channel 20
[foxglove_bridge-1] [INFO] [1783062302.875515777] [foxglove_bridge]: received subscribe request for channel 19 from client 3
[foxglove_bridge-1] [INFO] [1783062302.901947446] [foxglove_bridge]: Created ROS subscription on /received_global_plan (nav_msgs/msg/Path) for channel 19
[foxglove_bridge-1] [INFO] [1783062302.902227779] [foxglove_bridge]: received subscribe request for channel 9 from client 3
[foxglove_bridge-1] [INFO] [1783062302.902420113] [foxglove_bridge]: received subscribe request for channel 16 from client 3
[foxglove_bridge-1] [INFO] [1783062303.029276455] [foxglove_bridge]: received subscribe request for channel 59 from client 3
[foxglove_bridge-1] [INFO] [1783062303.062354708] [foxglove_bridge]: Created ROS subscription on /move_base_simple/goal (geometry_msgs/msg/PoseStamped) for channel 59
[foxglove_bridge-1] [INFO] [1783062303.432493651] [foxglove_bridge]: publishing connection graph
[foxglove_bridge-1] [INFO] [1783062308.360967177] [foxglove_bridge]: publishing connection graph
[foxglove_bridge-1] [INFO] [1783062309.507233719] [foxglove_bridge]: received unsubscribe request for channel 16 from client 3
[foxglove_bridge-1] [INFO] [1783062309.510056302] [foxglove_bridge]: received unsubscribe request for channel 58 from client 3
[foxglove_bridge-1] [INFO] [1783062309.510138594] [foxglove_bridge]: Cleaned up ROS subscription for channel 58 (no more subscribers)
[foxglove_bridge-1] [INFO] [1783062309.510212094] [foxglove_bridge]: received unsubscribe request for channel 29 from client 3
[foxglove_bridge-1] [INFO] [1783062309.510254261] [foxglove_bridge]: Cleaned up ROS subscription for channel 29 (no more subscribers)
[foxglove_bridge-1] [INFO] [1783062309.510304219] [foxglove_bridge]: received unsubscribe request for channel 21 from client 3
[foxglove_bridge-1] [INFO] [1783062309.510345969] [foxglove_bridge]: received unsubscribe request for channel 28 from client 3
[foxglove_bridge-1] [INFO] [1783062309.510383427] [foxglove_bridge]: Cleaned up ROS subscription for channel 28 (no more subscribers)
[foxglove_bridge-1] [INFO] [1783062309.510437052] [foxglove_bridge]: received unsubscribe request for channel 59 from client 3
[foxglove_bridge-1] [INFO] [1783062309.510478844] [foxglove_bridge]: Cleaned up ROS subscription for channel 59 (no more subscribers)
[foxglove_bridge-1] [INFO] [1783062309.510540677] [foxglove_bridge]: received unsubscribe request for channel 27 from client 3
[foxglove_bridge-1] [INFO] [1783062309.510581594] [foxglove_bridge]: Cleaned up ROS subscription for channel 27 (no more subscribers)
[foxglove_bridge-1] [INFO] [1783062309.510637677] [foxglove_bridge]: received unsubscribe request for channel 19 from client 3
[foxglove_bridge-1] [INFO] [1783062309.510677011] [foxglove_bridge]: Cleaned up ROS subscription for channel 19 (no more subscribers)
[foxglove_bridge-1] [INFO] [1783062309.510727802] [foxglove_bridge]: received unsubscribe request for channel 31 from client 3
[foxglove_bridge-1] [INFO] [1783062309.510766427] [foxglove_bridge]: Cleaned up ROS subscription for channel 31 (no more subscribers)
[foxglove_bridge-1] [INFO] [1783062309.516695719] [foxglove_bridge]: received unsubscribe request for channel 23 from client 3
[foxglove_bridge-1] [INFO] [1783062309.518676136] [foxglove_bridge]: Cleaned up ROS subscription for channel 23 (no more subscribers)
[foxglove_bridge-1] [INFO] [1783062309.518785303] [foxglove_bridge]: received unsubscribe request for channel 4 from client 3
[foxglove_bridge-1] [INFO] [1783062309.521617386] [foxglove_bridge]: received unsubscribe request for channel 49 from client 3
[foxglove_bridge-1] [INFO] [1783062309.521700053] [foxglove_bridge]: Cleaned up ROS subscription for channel 49 (no more subscribers)
[foxglove_bridge-1] [INFO] [1783062309.521769428] [foxglove_bridge]: received unsubscribe request for channel 18 from client 3
[foxglove_bridge-1] [INFO] [1783062309.521811761] [foxglove_bridge]: Cleaned up ROS subscription for channel 18 (no more subscribers)
[foxglove_bridge-1] [INFO] [1783062309.521859970] [foxglove_bridge]: received unsubscribe request for channel 3 from client 3
[foxglove_bridge-1] [INFO] [1783062309.521903511] [foxglove_bridge]: received unsubscribe request for channel 43 from client 3
[foxglove_bridge-1] [INFO] [1783062309.521941886] [foxglove_bridge]: Cleaned up ROS subscription for channel 43 (no more subscribers)
[foxglove_bridge-1] [INFO] [1783062309.521999595] [foxglove_bridge]: received unsubscribe request for channel 9 from client 3
[foxglove_bridge-1] [INFO] [1783062309.522042803] [foxglove_bridge]: received unsubscribe request for channel 20 from client 3
[foxglove_bridge-1] [INFO] [1783062309.522081136] [foxglove_bridge]: Cleaned up ROS subscription for channel 20 (no more subscribers)
[foxglove_bridge-1] [INFO] [1783062309.787114322] [foxglove_bridge]: publishing connection graph
[foxglove_bridge-1] [INFO] [1783062310.512105541] [foxglove_bridge]: publishing connection graph
[foxglove_bridge-1] [INFO] [1783062311.159229047] [foxglove_bridge]: publishing connection graph
[foxglove_bridge-1] [INFO] [1783062315.925495724] [foxglove_bridge]: publishing connection graph
[foxglove_bridge-1] [INFO] [1783062316.858116333] [foxglove_bridge]: publishing connection graph
[foxglove_bridge-1] [INFO] [1783062319.991231766] [foxglove_bridge]: publishing connection graph
[foxglove_bridge-1] [INFO] [1783062320.562793265] [foxglove_bridge]: publishing connection graph
[foxglove_bridge-1] [INFO] [1783062325.077184920] [foxglove_bridge]: publishing connection graph
[foxglove_bridge-1] [INFO] [1783062326.379657430] [foxglove_bridge]: publishing connection graph
[foxglove_bridge-1] [INFO] [1783062327.178278695] [foxglove_bridge]: publishing connection graph
[foxglove_bridge-1] [INFO] [1783062327.956620208] [foxglove_bridge]: publishing connection graph
[foxglove_bridge-1] [INFO] [1783062328.595667712] [foxglove_bridge]: publishing connection graph
[foxglove_bridge-1] [INFO] [1783062333.963268757] [foxglove_bridge]: publishing connection graph
[foxglove_bridge-1] [INFO] [1783062336.080126698] [foxglove_bridge]: publishing connection graph
[foxglove_bridge-1] [INFO] [1783062341.581014541] [foxglove_bridge]: publishing connection graph
[foxglove_bridge-1] [INFO] [1783062342.825700086] [foxglove_bridge]: publishing connection graph
[foxglove_bridge-1] [INFO] [1783062343.252727699] [foxglove_bridge]: received subscribe request for channel 4 from client 5
[foxglove_bridge-1] [INFO] [1783062343.252997782] [foxglove_bridge]: received subscribe request for channel 3 from client 5
[foxglove_bridge-1] [INFO] [1783062343.506333883] [foxglove_bridge]: publishing connection graph
[foxglove_bridge-1] [INFO] [1783062343.726083857] [foxglove_bridge]: Client ID 5 is advertising "/foxglove_goal_pose" (geometry_msgs/PoseStamped) on channel 1 with encoding "cdr"
[foxglove_bridge-1] [INFO] [1783062343.756766817] [foxglove_bridge]: Client ID 5 is advertising "/foxglove_goal_point" (geometry_msgs/PointStamped) on channel 2 with encoding "cdr"
[foxglove_bridge-1] [INFO] [1783062343.790838444] [foxglove_bridge]: Client ID 5 is advertising "/initialpose" (geometry_msgs/PoseWithCovarianceStamped) on channel 3 with encoding "cdr"
[foxglove_bridge-1] [INFO] [1783062343.826837072] [foxglove_bridge]: Client ID 5 is advertising "/move_base_simple/goal" (geometry_msgs/PoseStamped) on channel 4 with encoding "cdr"
[foxglove_bridge-1] [INFO] [1783062343.877140617] [foxglove_bridge]: Client ID 5 is advertising "/clicked_point" (geometry_msgs/PointStamped) on channel 5 with encoding "cdr"
[foxglove_bridge-1] [INFO] [1783062343.878170701] [foxglove_bridge]: received subscribe request for channel 58 from client 5
[foxglove_bridge-1] [INFO] [1783062343.914013370] [foxglove_bridge]: Created ROS subscription on /amcl_pose (geometry_msgs/msg/PoseWithCovarianceStamped) for channel 58
[foxglove_bridge-1] [INFO] [1783062343.914327911] [foxglove_bridge]: received subscribe request for channel 43 from client 5
[foxglove_bridge-1] [INFO] [1783062343.944908289] [foxglove_bridge]: Created ROS subscription on /foxglove_click_accepted_goal (geometry_msgs/msg/PoseStamped) for channel 43
[foxglove_bridge-1] [INFO] [1783062343.945248539] [foxglove_bridge]: received subscribe request for channel 29 from client 5
[foxglove_bridge-1] [INFO] [1783062343.973386874] [foxglove_bridge]: Created ROS subscription on /global_costmap/published_footprint (geometry_msgs/msg/PolygonStamped) for channel 29
[foxglove_bridge-1] [INFO] [1783062343.973693291] [foxglove_bridge]: received subscribe request for channel 31 from client 5
[foxglove_bridge-1] [INFO] [1783062343.998083334] [foxglove_bridge]: Created ROS subscription on /goal_pose (geometry_msgs/msg/PoseStamped) for channel 31
[foxglove_bridge-1] [INFO] [1783062343.998400751] [foxglove_bridge]: received subscribe request for channel 28 from client 5
[foxglove_bridge-1] [INFO] [1783062344.036154170] [foxglove_bridge]: Created ROS subscription on /initialpose (geometry_msgs/msg/PoseWithCovarianceStamped) for channel 28
[foxglove_bridge-1] [INFO] [1783062344.048691337] [foxglove_bridge]: received subscribe request for channel 27 from client 5
[foxglove_bridge-1] [INFO] [1783062344.083504881] [foxglove_bridge]: Created ROS subscription on /local_costmap/clearing_endpoints (sensor_msgs/msg/PointCloud2) for channel 27
[foxglove_bridge-1] [INFO] [1783062344.083806882] [foxglove_bridge]: received subscribe request for channel 23 from client 5
[foxglove_bridge-1] [INFO] [1783062344.117336092] [foxglove_bridge]: Created ROS subscription on /local_costmap/published_footprint (geometry_msgs/msg/PolygonStamped) for channel 23
[foxglove_bridge-1] [INFO] [1783062344.117615759] [foxglove_bridge]: received subscribe request for channel 49 from client 5
[foxglove_bridge-1] [INFO] [1783062344.151930970] [foxglove_bridge]: Created ROS subscription on /lookahead_collision_arc (nav_msgs/msg/Path) for channel 49
[foxglove_bridge-1] [INFO] [1783062344.152802511] [foxglove_bridge]: received subscribe request for channel 21 from client 5
[foxglove_bridge-1] [INFO] [1783062344.152941678] [foxglove_bridge]: received subscribe request for channel 59 from client 5
[foxglove_bridge-1] [INFO] [1783062344.181780888] [foxglove_bridge]: Created ROS subscription on /move_base_simple/goal (geometry_msgs/msg/PoseStamped) for channel 59
[foxglove_bridge-1] [INFO] [1783062344.182075013] [foxglove_bridge]: received subscribe request for channel 18 from client 5
[foxglove_bridge-1] [INFO] [1783062344.205090807] [foxglove_bridge]: Created ROS subscription on /plan (nav_msgs/msg/Path) for channel 18
[foxglove_bridge-1] [INFO] [1783062344.205605765] [foxglove_bridge]: received subscribe request for channel 20 from client 5
[foxglove_bridge-1] [INFO] [1783062344.219602683] [foxglove_bridge]: publishing connection graph
[foxglove_bridge-1] [INFO] [1783062344.235655267] [foxglove_bridge]: Created ROS subscription on /plan_smoothed (nav_msgs/msg/Path) for channel 20
[foxglove_bridge-1] [INFO] [1783062344.235946892] [foxglove_bridge]: received subscribe request for channel 19 from client 5
[foxglove_bridge-1] [INFO] [1783062344.259311810] [foxglove_bridge]: Created ROS subscription on /received_global_plan (nav_msgs/msg/Path) for channel 19
[foxglove_bridge-1] [INFO] [1783062344.259595394] [foxglove_bridge]: received subscribe request for channel 9 from client 5
[foxglove_bridge-1] [INFO] [1783062344.259696060] [foxglove_bridge]: received subscribe request for channel 16 from client 5
[foxglove_bridge-1] [INFO] [1783062344.804111890] [foxglove_bridge]: publishing connection graph
[foxglove_bridge-1] [INFO] [1783062349.443525878] [foxglove_bridge]: publishing connection graph
[foxglove_bridge-1] [INFO] [1783062355.390342620] [foxglove_bridge]: publishing connection graph
[foxglove_bridge-1] [INFO] [1783062361.244512394] [foxglove_bridge]: publishing connection graph
[foxglove_bridge-1] [INFO] [1783062363.721405687] [foxglove_bridge]: publishing connection graph
[foxglove_bridge-1] [INFO] [1783062368.819843865] [foxglove_bridge]: publishing connection graph
[foxglove_bridge-1] [INFO] [1783062370.008565361] [foxglove_bridge]: publishing connection graph
[foxglove_bridge-1] [INFO] [1783062370.852584418] [foxglove_bridge]: publishing connection graph
[foxglove_bridge-1] [INFO] [1783062371.679194182] [foxglove_bridge]: publishing connection graph
[foxglove_bridge-1] [INFO] [1783062372.327888225] [foxglove_bridge]: publishing connection graph
[foxglove_bridge-1] [INFO] [1783062376.949912367] [foxglove_bridge]: publishing connection graph
[foxglove_bridge-1] [INFO] [1783062378.037641940] [foxglove_bridge]: publishing connection graph
[foxglove_bridge-1] [INFO] [1783062378.682941733] [foxglove_bridge]: publishing connection graph
[foxglove_bridge-1] [INFO] [1783062381.725463768] [foxglove_bridge]: publishing connection graph
[foxglove_bridge-1] [INFO] [1783062382.364002810] [foxglove_bridge]: publishing connection graph
[foxglove_bridge-1] [INFO] [1783062385.168716912] [foxglove_bridge]: publishing connection graph
[foxglove_bridge-1] [INFO] [1783062386.202321063] [foxglove_bridge]: publishing connection graph
[foxglove_bridge-1] [INFO] [1783062386.777920559] [foxglove_bridge]: publishing connection graph
