[INFO] [launch]: All log files can be found below /root/.ros/log/2026-07-03-15-01-39-655630-ubuntu-69439
[INFO] [launch]: Default logging verbosity is set to INFO
[INFO] [map_server-1]: process started with pid [69463]
[INFO] [amcl-2]: process started with pid [69465]
[INFO] [lifecycle_manager-3]: process started with pid [69467]
[INFO] [controller_server-4]: process started with pid [69469]
[INFO] [smoother_server-5]: process started with pid [69471]
[INFO] [planner_server-6]: process started with pid [69473]
[INFO] [behavior_server-7]: process started with pid [69475]
[INFO] [bt_navigator-8]: process started with pid [69477]
[INFO] [waypoint_follower-9]: process started with pid [69479]
[INFO] [velocity_smoother-10]: process started with pid [69483]
[INFO] [lifecycle_manager-11]: process started with pid [69492]
[amcl-2] [37;1m2026-07-03 15:01:41.893 [31;1m[[37;1mRTPS_TRANSPORT_SHM[31;1m Error] [37mFailed init_port fastrtps_port7427: open_and_lock_file failed[34;1m -> Function [36mopen_port_internal[m
[lifecycle_manager-3] [37;1m2026-07-03 15:01:41.839 [31;1m[[37;1mRTPS_TRANSPORT_SHM[31;1m Error] [37mFailed init_port fastrtps_port7427: open_and_lock_file failed[34;1m -> Function [36mopen_port_internal[m
[lifecycle_manager-3] [37;1m2026-07-03 15:01:41.841 [31;1m[[37;1mRTPS_TRANSPORT_SHM[31;1m Error] [37mFailed init_port fastrtps_port7433: open_and_lock_file failed[34;1m -> Function [36mopen_port_internal[m
[controller_server-4] [37;1m2026-07-03 15:01:41.901 [31;1m[[37;1mRTPS_TRANSPORT_SHM[31;1m Error] [37mFailed init_port fastrtps_port7427: open_and_lock_file failed[34;1m -> Function [36mopen_port_internal[m
[controller_server-4] [37;1m2026-07-03 15:01:41.903 [31;1m[[37;1mRTPS_TRANSPORT_SHM[31;1m Error] [37mFailed init_port fastrtps_port7433: open_and_lock_file failed[34;1m -> Function [36mopen_port_internal[m
[controller_server-4] [37;1m2026-07-03 15:01:41.906 [31;1m[[37;1mRTPS_TRANSPORT_SHM[31;1m Error] [37mFailed init_port fastrtps_port7441: open_and_lock_file failed[34;1m -> Function [36mopen_port_internal[m
[smoother_server-5] [37;1m2026-07-03 15:01:41.925 [31;1m[[37;1mRTPS_TRANSPORT_SHM[31;1m Error] [37mFailed init_port fastrtps_port7427: open_and_lock_file failed[34;1m -> Function [36mopen_port_internal[m
[smoother_server-5] [37;1m2026-07-03 15:01:41.927 [31;1m[[37;1mRTPS_TRANSPORT_SHM[31;1m Error] [37mFailed init_port fastrtps_port7433: open_and_lock_file failed[34;1m -> Function [36mopen_port_internal[m
[smoother_server-5] [37;1m2026-07-03 15:01:41.930 [31;1m[[37;1mRTPS_TRANSPORT_SHM[31;1m Error] [37mFailed init_port fastrtps_port7441: open_and_lock_file failed[34;1m -> Function [36mopen_port_internal[m
[planner_server-6] [37;1m2026-07-03 15:01:41.964 [31;1m[[37;1mRTPS_TRANSPORT_SHM[31;1m Error] [37mFailed init_port fastrtps_port7427: open_and_lock_file failed[34;1m -> Function [36mopen_port_internal[m
[planner_server-6] [37;1m2026-07-03 15:01:41.966 [31;1m[[37;1mRTPS_TRANSPORT_SHM[31;1m Error] [37mFailed init_port fastrtps_port7433: open_and_lock_file failed[34;1m -> Function [36mopen_port_internal[m
[planner_server-6] [37;1m2026-07-03 15:01:41.969 [31;1m[[37;1mRTPS_TRANSPORT_SHM[31;1m Error] [37mFailed init_port fastrtps_port7441: open_and_lock_file failed[34;1m -> Function [36mopen_port_internal[m
[amcl-2] [37;1m2026-07-03 15:01:41.973 [31;1m[[37;1mRTPS_TRANSPORT_SHM[31;1m Error] [37mFailed init_port fastrtps_port7433: open_and_lock_file failed[34;1m -> Function [36mopen_port_internal[m
[amcl-2] [37;1m2026-07-03 15:01:41.994 [31;1m[[37;1mRTPS_TRANSPORT_SHM[31;1m Error] [37mFailed init_port fastrtps_port7441: open_and_lock_file failed[34;1m -> Function [36mopen_port_internal[m
[map_server-1] [37;1m2026-07-03 15:01:42.004 [31;1m[[37;1mRTPS_TRANSPORT_SHM[31;1m Error] [37mFailed init_port fastrtps_port7427: open_and_lock_file failed[34;1m -> Function [36mopen_port_internal[m
[map_server-1] [37;1m2026-07-03 15:01:42.012 [31;1m[[37;1mRTPS_TRANSPORT_SHM[31;1m Error] [37mFailed init_port fastrtps_port7433: open_and_lock_file failed[34;1m -> Function [36mopen_port_internal[m
[map_server-1] [37;1m2026-07-03 15:01:42.031 [31;1m[[37;1mRTPS_TRANSPORT_SHM[31;1m Error] [37mFailed init_port fastrtps_port7441: open_and_lock_file failed[34;1m -> Function [36mopen_port_internal[m
[velocity_smoother-10] [37;1m2026-07-03 15:01:42.204 [31;1m[[37;1mRTPS_TRANSPORT_SHM[31;1m Error] [37mFailed init_port fastrtps_port7427: open_and_lock_file failed[34;1m -> Function [36mopen_port_internal[m
[waypoint_follower-9] [37;1m2026-07-03 15:01:42.208 [31;1m[[37;1mRTPS_TRANSPORT_SHM[31;1m Error] [37mFailed init_port fastrtps_port7427: open_and_lock_file failed[34;1m -> Function [36mopen_port_internal[m
[waypoint_follower-9] [37;1m2026-07-03 15:01:42.210 [31;1m[[37;1mRTPS_TRANSPORT_SHM[31;1m Error] [37mFailed init_port fastrtps_port7433: open_and_lock_file failed[34;1m -> Function [36mopen_port_internal[m
[behavior_server-7] [37;1m2026-07-03 15:01:42.248 [31;1m[[37;1mRTPS_TRANSPORT_SHM[31;1m Error] [37mFailed init_port fastrtps_port7427: open_and_lock_file failed[34;1m -> Function [36mopen_port_internal[m
[waypoint_follower-9] [37;1m2026-07-03 15:01:42.267 [31;1m[[37;1mRTPS_TRANSPORT_SHM[31;1m Error] [37mFailed init_port fastrtps_port7441: open_and_lock_file failed[34;1m -> Function [36mopen_port_internal[m
[bt_navigator-8] [37;1m2026-07-03 15:01:42.288 [31;1m[[37;1mRTPS_TRANSPORT_SHM[31;1m Error] [37mFailed init_port fastrtps_port7427: open_and_lock_file failed[34;1m -> Function [36mopen_port_internal[m
[behavior_server-7] [37;1m2026-07-03 15:01:42.328 [31;1m[[37;1mRTPS_TRANSPORT_SHM[31;1m Error] [37mFailed init_port fastrtps_port7433: open_and_lock_file failed[34;1m -> Function [36mopen_port_internal[m
[behavior_server-7] [37;1m2026-07-03 15:01:42.332 [31;1m[[37;1mRTPS_TRANSPORT_SHM[31;1m Error] [37mFailed init_port fastrtps_port7441: open_and_lock_file failed[34;1m -> Function [36mopen_port_internal[m
[bt_navigator-8] [37;1m2026-07-03 15:01:42.318 [31;1m[[37;1mRTPS_TRANSPORT_SHM[31;1m Error] [37mFailed init_port fastrtps_port7433: open_and_lock_file failed[34;1m -> Function [36mopen_port_internal[m
[velocity_smoother-10] [37;1m2026-07-03 15:01:42.308 [31;1m[[37;1mRTPS_TRANSPORT_SHM[31;1m Error] [37mFailed init_port fastrtps_port7433: open_and_lock_file failed[34;1m -> Function [36mopen_port_internal[m
[velocity_smoother-10] [37;1m2026-07-03 15:01:42.311 [31;1m[[37;1mRTPS_TRANSPORT_SHM[31;1m Error] [37mFailed init_port fastrtps_port7441: open_and_lock_file failed[34;1m -> Function [36mopen_port_internal[m
[bt_navigator-8] [37;1m2026-07-03 15:01:42.362 [31;1m[[37;1mRTPS_TRANSPORT_SHM[31;1m Error] [37mFailed init_port fastrtps_port7441: open_and_lock_file failed[34;1m -> Function [36mopen_port_internal[m
[lifecycle_manager-11] [37;1m2026-07-03 15:01:42.458 [31;1m[[37;1mRTPS_TRANSPORT_SHM[31;1m Error] [37mFailed init_port fastrtps_port7433: open_and_lock_file failed[34;1m -> Function [36mopen_port_internal[m
[lifecycle_manager-11] [37;1m2026-07-03 15:01:42.517 [31;1m[[37;1mRTPS_TRANSPORT_SHM[31;1m Error] [37mFailed init_port fastrtps_port7441: open_and_lock_file failed[34;1m -> Function [36mopen_port_internal[m
[lifecycle_manager-3] [INFO] [1783062102.946667421] [lifecycle_manager_localization]: Creating
[lifecycle_manager-11] [INFO] [1783062103.020533759] [lifecycle_manager_navigation]: Creating
[lifecycle_manager-3] [INFO] [1783062103.199873605] [lifecycle_manager_localization]: [34m[1mCreating and initializing lifecycle service clients[0m[0m
[lifecycle_manager-11] [INFO] [1783062103.303972612] [lifecycle_manager_navigation]: [34m[1mCreating and initializing lifecycle service clients[0m[0m
[controller_server-4] [INFO] [1783062103.614948925] [controller_server]: 
[controller_server-4] 	controller_server lifecycle node launched. 
[controller_server-4] 	Waiting on external lifecycle transitions to activate
[controller_server-4] 	See https://design.ros2.org/articles/node_lifecycle.html for more information.
[amcl-2] [INFO] [1783062103.662791679] [amcl]: 
[amcl-2] 	amcl lifecycle node launched. 
[amcl-2] 	Waiting on external lifecycle transitions to activate
[amcl-2] 	See https://design.ros2.org/articles/node_lifecycle.html for more information.
[amcl-2] [INFO] [1783062103.664659679] [amcl]: Creating
[controller_server-4] [INFO] [1783062103.689203472] [controller_server]: Creating controller server
[planner_server-6] [INFO] [1783062103.751807518] [planner_server]: 
[planner_server-6] 	planner_server lifecycle node launched. 
[planner_server-6] 	Waiting on external lifecycle transitions to activate
[planner_server-6] 	See https://design.ros2.org/articles/node_lifecycle.html for more information.
[planner_server-6] [INFO] [1783062103.786065729] [planner_server]: Creating
[bt_navigator-8] [INFO] [1783062104.084493625] [bt_navigator]: 
[bt_navigator-8] 	bt_navigator lifecycle node launched. 
[bt_navigator-8] 	Waiting on external lifecycle transitions to activate
[bt_navigator-8] 	See https://design.ros2.org/articles/node_lifecycle.html for more information.
[bt_navigator-8] [INFO] [1783062104.091752709] [bt_navigator]: Creating
[velocity_smoother-10] [INFO] [1783062104.272323013] [velocity_smoother]: 
[velocity_smoother-10] 	velocity_smoother lifecycle node launched. 
[velocity_smoother-10] 	Waiting on external lifecycle transitions to activate
[velocity_smoother-10] 	See https://design.ros2.org/articles/node_lifecycle.html for more information.
[smoother_server-5] [INFO] [1783062104.401562022] [smoother_server]: 
[smoother_server-5] 	smoother_server lifecycle node launched. 
[smoother_server-5] 	Waiting on external lifecycle transitions to activate
[smoother_server-5] 	See https://design.ros2.org/articles/node_lifecycle.html for more information.
[smoother_server-5] [INFO] [1783062104.451635567] [smoother_server]: Creating smoother server
[map_server-1] [INFO] [1783062104.901369765] [map_server]: 
[map_server-1] 	map_server lifecycle node launched. 
[map_server-1] 	Waiting on external lifecycle transitions to activate
[map_server-1] 	See https://design.ros2.org/articles/node_lifecycle.html for more information.
[map_server-1] [INFO] [1783062104.901957182] [map_server]: Creating
[behavior_server-7] [INFO] [1783062104.934113642] [behavior_server]: 
[behavior_server-7] 	behavior_server lifecycle node launched. 
[behavior_server-7] 	Waiting on external lifecycle transitions to activate
[behavior_server-7] 	See https://design.ros2.org/articles/node_lifecycle.html for more information.
[waypoint_follower-9] [INFO] [1783062105.295230042] [waypoint_follower]: 
[waypoint_follower-9] 	waypoint_follower lifecycle node launched. 
[waypoint_follower-9] 	Waiting on external lifecycle transitions to activate
[waypoint_follower-9] 	See https://design.ros2.org/articles/node_lifecycle.html for more information.
[waypoint_follower-9] [INFO] [1783062105.307032460] [waypoint_follower]: Creating
[lifecycle_manager-3] [INFO] [1783062105.355699046] [lifecycle_manager_localization]: Waiting for service map_server/get_state...
[lifecycle_manager-11] [INFO] [1783062105.642626108] [lifecycle_manager_navigation]: Waiting for service controller_server/get_state...
[lifecycle_manager-3] [INFO] [1783062107.357184310] [lifecycle_manager_localization]: Waiting for service map_server/get_state...
[planner_server-6] [INFO] [1783062108.227170286] [global_costmap.global_costmap]: 
[planner_server-6] 	global_costmap lifecycle node launched. 
[planner_server-6] 	Waiting on external lifecycle transitions to activate
[planner_server-6] 	See https://design.ros2.org/articles/node_lifecycle.html for more information.
[planner_server-6] [INFO] [1783062108.235616162] [global_costmap.global_costmap]: Creating Costmap
[controller_server-4] [INFO] [1783062108.245580079] [local_costmap.local_costmap]: 
[controller_server-4] 	local_costmap lifecycle node launched. 
[controller_server-4] 	Waiting on external lifecycle transitions to activate
[controller_server-4] 	See https://design.ros2.org/articles/node_lifecycle.html for more information.
[controller_server-4] [INFO] [1783062108.280435498] [local_costmap.local_costmap]: Creating Costmap
[lifecycle_manager-3] [INFO] [1783062108.816137452] [lifecycle_manager_localization]: [34m[1mStarting managed nodes bringup...[0m[0m
[lifecycle_manager-3] [INFO] [1783062108.816383618] [lifecycle_manager_localization]: [34m[1mConfiguring map_server[0m[0m
[map_server-1] [INFO] [1783062108.828673078] [map_server]: Configuring
[map_server-1] [INFO] [1783062108.828999036] [map_io]: Loading yaml file: /root/rdk_x5_vln_robot/maps/joy_calibrated_corridor_map.yaml
[map_server-1] [INFO] [1783062108.830095411] [map_io]: resolution: 0.05
[map_server-1] [INFO] [1783062108.844293954] [map_io]: origin[0]: -4.84
[map_server-1] [INFO] [1783062108.844345704] [map_io]: origin[1]: -5.2
[map_server-1] [INFO] [1783062108.844381745] [map_io]: origin[2]: 0
[map_server-1] [INFO] [1783062108.844415245] [map_io]: free_thresh: 0.25
[map_server-1] [INFO] [1783062108.844445037] [map_io]: occupied_thresh: 0.65
[map_server-1] [INFO] [1783062108.844512662] [map_io]: mode: trinary
[map_server-1] [INFO] [1783062108.844549787] [map_io]: negate: 0
[map_server-1] [INFO] [1783062108.845495662] [map_io]: Loading image_file: /root/rdk_x5_vln_robot/maps/joy_calibrated_corridor_map.pgm
[map_server-1] [INFO] [1783062108.874160039] [map_io]: Read map /root/rdk_x5_vln_robot/maps/joy_calibrated_corridor_map.pgm: 163 X 168 map @ 0.05 m/cell
[lifecycle_manager-11] [INFO] [1783062109.094735054] [lifecycle_manager_navigation]: [34m[1mStarting managed nodes bringup...[0m[0m
[lifecycle_manager-11] [INFO] [1783062109.094963596] [lifecycle_manager_navigation]: [34m[1mConfiguring controller_server[0m[0m
[lifecycle_manager-3] [INFO] [1783062109.578192254] [lifecycle_manager_localization]: [34m[1mConfiguring amcl[0m[0m
[amcl-2] [INFO] [1783062109.586506338] [amcl]: Configuring
[amcl-2] [INFO] [1783062109.586949296] [amcl]: initTransforms
[controller_server-4] [INFO] [1783062110.130395084] [controller_server]: Configuring controller interface
[lifecycle_manager-11] [ERROR] [1783062110.138975751] [lifecycle_manager_navigation]: Failed to change state for node: controller_server
[lifecycle_manager-11] [ERROR] [1783062110.139160001] [lifecycle_manager_navigation]: Failed to bring up all requested nodes. Aborting bringup.
[controller_server-4] [INFO] [1783062110.153391085] [controller_server]: getting goal checker plugins..
[controller_server-4] [INFO] [1783062110.165755919] [controller_server]: Controller frequency set to 20.0000Hz
[controller_server-4] [INFO] [1783062110.167428378] [local_costmap.local_costmap]: Configuring
[amcl-2] [INFO] [1783062110.190770421] [amcl]: initPubSub
[amcl-2] [INFO] [1783062110.349740349] [amcl]: Subscribed to map topic.
[controller_server-4] [INFO] [1783062110.826840381] [local_costmap.local_costmap]: Using plugin "voxel_layer"
[controller_server-4] [INFO] [1783062110.938763930] [local_costmap.local_costmap]: Subscribed to Topics: scan
[lifecycle_manager-3] [INFO] [1783062110.965535932] [lifecycle_manager_localization]: [34m[1mActivating map_server[0m[0m
[map_server-1] [INFO] [1783062110.974686016] [map_server]: Activating
[map_server-1] [INFO] [1783062110.984267684] [map_server]: Creating bond (map_server) to lifecycle manager.
[amcl-2] [INFO] [1783062111.051007105] [amcl]: Received a 163 X 168 map @ 0.050 m/pix
[controller_server-4] [INFO] [1783062111.579949224] [local_costmap.local_costmap]: Initialized plugin "voxel_layer"
[controller_server-4] [INFO] [1783062111.580138849] [local_costmap.local_costmap]: Using plugin "inflation_layer"
[controller_server-4] [INFO] [1783062111.723984942] [local_costmap.local_costmap]: Initialized plugin "inflation_layer"
[lifecycle_manager-3] [INFO] [1783062112.074504133] [lifecycle_manager_localization]: Server map_server connected with bond.
[lifecycle_manager-3] [INFO] [1783062112.074706966] [lifecycle_manager_localization]: [34m[1mActivating amcl[0m[0m
[amcl-2] [INFO] [1783062112.082400383] [amcl]: Activating
[amcl-2] [INFO] [1783062112.082605258] [amcl]: Creating bond (amcl) to lifecycle manager.
[amcl-2] [INFO] [1783062112.145290929] [amcl]: createLaserObject
[controller_server-4] [INFO] [1783062112.330762067] [controller_server]: Created progress_checker : progress_checker of type nav2_controller::SimpleProgressChecker
[controller_server-4] [INFO] [1783062112.391791321] [controller_server]: Created goal checker : general_goal_checker of type nav2_controller::SimpleGoalChecker
[controller_server-4] [INFO] [1783062112.442464200] [controller_server]: Controller Server has general_goal_checker  goal checkers available.
[amcl-2] [WARN] [1783062112.443927033] [amcl]: AMCL cannot publish a pose or update the transform. Please set the initial pose...
[controller_server-4] [INFO] [1783062112.445360033] [controller_server]: Created controller : FollowPath of type nav2_regulated_pure_pursuit_controller::RegulatedPurePursuitController
[controller_server-4] [INFO] [1783062112.814366225] [controller_server]: Controller Server has FollowPath  controllers available.
[lifecycle_manager-3] [INFO] [1783062113.088251369] [lifecycle_manager_localization]: Server amcl connected with bond.
[lifecycle_manager-3] [INFO] [1783062113.088453660] [lifecycle_manager_localization]: [34m[1mManaged nodes are active[0m[0m
[lifecycle_manager-3] [INFO] [1783062113.088530119] [lifecycle_manager_localization]: [34m[1mCreating bond timer...[0m[0m
[amcl-2] [WARN] [1783062114.536619342] [amcl]: AMCL cannot publish a pose or update the transform. Please set the initial pose...
[amcl-2] [WARN] [1783062116.536972143] [amcl]: AMCL cannot publish a pose or update the transform. Please set the initial pose...
[amcl-2] [WARN] [1783062118.631479117] [amcl]: AMCL cannot publish a pose or update the transform. Please set the initial pose...
[amcl-2] [WARN] [1783062120.666971295] [amcl]: AMCL cannot publish a pose or update the transform. Please set the initial pose...
[amcl-2] [WARN] [1783062122.725950890] [amcl]: AMCL cannot publish a pose or update the transform. Please set the initial pose...
[amcl-2] [WARN] [1783062124.826082612] [amcl]: AMCL cannot publish a pose or update the transform. Please set the initial pose...
[amcl-2] [WARN] [1783062126.845600411] [amcl]: AMCL cannot publish a pose or update the transform. Please set the initial pose...
[amcl-2] [WARN] [1783062128.922760630] [amcl]: AMCL cannot publish a pose or update the transform. Please set the initial pose...
[amcl-2] [WARN] [1783062131.018619224] [amcl]: AMCL cannot publish a pose or update the transform. Please set the initial pose...
[amcl-2] [WARN] [1783062133.022565104] [amcl]: AMCL cannot publish a pose or update the transform. Please set the initial pose...
[amcl-2] [WARN] [1783062135.127475364] [amcl]: AMCL cannot publish a pose or update the transform. Please set the initial pose...
[amcl-2] [WARN] [1783062137.214321914] [amcl]: AMCL cannot publish a pose or update the transform. Please set the initial pose...
[amcl-2] [WARN] [1783062139.313441005] [amcl]: AMCL cannot publish a pose or update the transform. Please set the initial pose...
[amcl-2] [WARN] [1783062141.318416632] [amcl]: AMCL cannot publish a pose or update the transform. Please set the initial pose...
[amcl-2] [WARN] [1783062143.359973385] [amcl]: AMCL cannot publish a pose or update the transform. Please set the initial pose...
[amcl-2] [WARN] [1783062145.408746638] [amcl]: AMCL cannot publish a pose or update the transform. Please set the initial pose...
[amcl-2] [WARN] [1783062147.409127512] [amcl]: AMCL cannot publish a pose or update the transform. Please set the initial pose...
[amcl-2] [WARN] [1783062149.515442642] [amcl]: AMCL cannot publish a pose or update the transform. Please set the initial pose...
[amcl-2] [WARN] [1783062150.984231899] [amcl.rclcpp]: failed to send response to /amcl/get_state (timeout): client will not receive response, at ./src/rmw_response.cpp:154, at ./src/rcl/service.c:314
[amcl-2] [WARN] [1783062151.521816932] [amcl]: AMCL cannot publish a pose or update the transform. Please set the initial pose...
[amcl-2] [WARN] [1783062153.602639934] [amcl]: AMCL cannot publish a pose or update the transform. Please set the initial pose...
[amcl-2] [WARN] [1783062155.700980853] [amcl]: AMCL cannot publish a pose or update the transform. Please set the initial pose...
[amcl-2] [WARN] [1783062157.704455807] [amcl]: AMCL cannot publish a pose or update the transform. Please set the initial pose...
[amcl-2] [WARN] [1783062159.799295141] [amcl]: AMCL cannot publish a pose or update the transform. Please set the initial pose...
[amcl-2] [WARN] [1783062161.807186760] [amcl]: AMCL cannot publish a pose or update the transform. Please set the initial pose...
[amcl-2] [WARN] [1783062163.811913796] [amcl]: AMCL cannot publish a pose or update the transform. Please set the initial pose...
[amcl-2] [WARN] [1783062165.894195654] [amcl]: AMCL cannot publish a pose or update the transform. Please set the initial pose...
[amcl-2] [WARN] [1783062167.992836042] [amcl]: AMCL cannot publish a pose or update the transform. Please set the initial pose...
[amcl-2] [WARN] [1783062169.995803880] [amcl]: AMCL cannot publish a pose or update the transform. Please set the initial pose...
[amcl-2] [INFO] [1783062170.505035465] [amcl]: initialPoseReceived
[amcl-2] [WARN] [1783062170.505518257] [amcl]: Failed to transform initial pose in time (Lookup would require extrapolation into the future.  Requested time 1783062170.505252 but the latest data is at time 1783062170.357505, when looking up transform from frame [base_link] to frame [odom])
[amcl-2] [INFO] [1783062170.505672298] [amcl]: Setting pose (1783062170.505666): -4.138 -2.140 -1.529
[amcl-2] [INFO] [1783062171.290345365] [amcl]: initialPoseReceived
[amcl-2] [WARN] [1783062171.290710074] [amcl]: Failed to transform initial pose in time (Lookup would require extrapolation into the past.  Requested time 1783062171.290534 but the earliest data is at time 1783062171.393599, when looking up transform from frame [base_link] to frame [odom])
[amcl-2] [INFO] [1783062171.290821365] [amcl]: Setting pose (1783062171.290816): -4.138 -2.140 -1.529
[amcl-2] [INFO] [1783062171.607751726] [amcl]: initialPoseReceived
[amcl-2] [WARN] [1783062171.608067309] [amcl]: Failed to transform initial pose in time (Lookup would require extrapolation into the future.  Requested time 1783062171.607912 but the latest data is at time 1783062171.585031, when looking up transform from frame [base_link] to frame [odom])
[amcl-2] [INFO] [1783062171.608169351] [amcl]: Setting pose (1783062171.608165): -4.138 -2.140 -1.529
[amcl-2] [INFO] [1783062172.232400695] [amcl]: initialPoseReceived
[amcl-2] [WARN] [1783062172.232966445] [amcl]: Failed to transform initial pose in time (Lookup would require extrapolation into the future.  Requested time 1783062172.232809 but the latest data is at time 1783062172.003774, when looking up transform from frame [base_link] to frame [odom])
[amcl-2] [INFO] [1783062172.233106821] [amcl]: Setting pose (1783062172.233102): -4.138 -2.140 -1.529
[amcl-2] [INFO] [1783062172.865650166] [amcl]: initialPoseReceived
[amcl-2] [WARN] [1783062172.865983208] [amcl]: Failed to transform initial pose in time (Lookup would require extrapolation into the future.  Requested time 1783062172.865823 but the latest data is at time 1783062172.799757, when looking up transform from frame [base_link] to frame [odom])
[amcl-2] [INFO] [1783062172.866084749] [amcl]: Setting pose (1783062172.866081): -4.138 -2.140 -1.529
[amcl-2] [INFO] [1783062173.330163331] [amcl]: initialPoseReceived
[amcl-2] [WARN] [1783062173.330499622] [amcl]: Failed to transform initial pose in time (Lookup would require extrapolation into the future.  Requested time 1783062173.330349 but the latest data is at time 1783062173.308885, when looking up transform from frame [base_link] to frame [odom])
[amcl-2] [INFO] [1783062173.330606956] [amcl]: Setting pose (1783062173.330603): -4.138 -2.140 -1.529
[amcl-2] [INFO] [1783062173.765814409] [amcl]: initialPoseReceived
[amcl-2] [WARN] [1783062173.766139784] [amcl]: Failed to transform initial pose in time (Lookup would require extrapolation into the future.  Requested time 1783062173.765983 but the latest data is at time 1783062173.607644, when looking up transform from frame [base_link] to frame [odom])
[amcl-2] [INFO] [1783062173.766243701] [amcl]: Setting pose (1783062173.766239): -4.138 -2.140 -1.529
[amcl-2] [INFO] [1783062174.167104985] [amcl]: initialPoseReceived
[amcl-2] [WARN] [1783062174.167465110] [amcl]: Failed to transform initial pose in time (Lookup would require extrapolation into the future.  Requested time 1783062174.167304 but the latest data is at time 1783062174.149638, when looking up transform from frame [base_link] to frame [odom])
[amcl-2] [INFO] [1783062174.167569402] [amcl]: Setting pose (1783062174.167565): -4.138 -2.140 -1.529
[amcl-2] [INFO] [1783062174.596538022] [amcl]: initialPoseReceived
[amcl-2] [WARN] [1783062174.607200064] [amcl]: Failed to transform initial pose in time (Lookup would require extrapolation into the future.  Requested time 1783062174.607045 but the latest data is at time 1783062174.577585, when looking up transform from frame [base_link] to frame [odom])
[amcl-2] [INFO] [1783062174.611655273] [amcl]: Setting pose (1783062174.611648): -4.138 -2.140 -1.529
[amcl-2] [INFO] [1783062174.988128138] [amcl]: initialPoseReceived
[amcl-2] [WARN] [1783062174.988466513] [amcl]: Failed to transform initial pose in time (Lookup would require extrapolation into the future.  Requested time 1783062174.988312 but the latest data is at time 1783062174.949916, when looking up transform from frame [base_link] to frame [odom])
[amcl-2] [INFO] [1783062174.988600347] [amcl]: Setting pose (1783062174.988595): -4.138 -2.140 -1.529
[amcl-2] [INFO] [1783062175.432925301] [amcl]: initialPoseReceived
[amcl-2] [WARN] [1783062175.433253718] [amcl]: Failed to transform initial pose in time (Lookup would require extrapolation into the future.  Requested time 1783062175.433098 but the latest data is at time 1783062175.357378, when looking up transform from frame [base_link] to frame [odom])
[amcl-2] [INFO] [1783062175.433350843] [amcl]: Setting pose (1783062175.433347): -4.138 -2.140 -1.529
[amcl-2] [INFO] [1783062175.905607216] [amcl]: initialPoseReceived
[amcl-2] [WARN] [1783062175.905979841] [amcl]: Failed to transform initial pose in time (Lookup would require extrapolation into the future.  Requested time 1783062175.905822 but the latest data is at time 1783062175.791984, when looking up transform from frame [base_link] to frame [odom])
[amcl-2] [INFO] [1783062175.906744549] [amcl]: Setting pose (1783062175.906739): -4.138 -2.140 -1.529
[amcl-2] [INFO] [1783062176.235376577] [amcl]: initialPoseReceived
[amcl-2] [WARN] [1783062176.235756952] [amcl]: Failed to transform initial pose in time (Lookup would require extrapolation into the future.  Requested time 1783062176.235588 but the latest data is at time 1783062176.207431, when looking up transform from frame [base_link] to frame [odom])
[amcl-2] [INFO] [1783062176.235872577] [amcl]: Setting pose (1783062176.235868): -4.138 -2.140 -1.529
[amcl-2] [INFO] [1783062176.750935913] [amcl]: initialPoseReceived
[amcl-2] [WARN] [1783062176.751256663] [amcl]: Failed to transform initial pose in time (Lookup would require extrapolation into the future.  Requested time 1783062176.751110 but the latest data is at time 1783062176.556913, when looking up transform from frame [base_link] to frame [odom])
[amcl-2] [INFO] [1783062176.751361329] [amcl]: Setting pose (1783062176.751357): -4.138 -2.140 -1.529
[amcl-2] [INFO] [1783062177.182438574] [amcl]: initialPoseReceived
[amcl-2] [WARN] [1783062177.182822283] [amcl]: Failed to transform initial pose in time (Lookup would require extrapolation into the future.  Requested time 1783062177.182647 but the latest data is at time 1783062176.887766, when looking up transform from frame [base_link] to frame [odom])
[amcl-2] [INFO] [1783062177.182960533] [amcl]: Setting pose (1783062177.182955): -4.138 -2.140 -1.529
[amcl-2] [INFO] [1783062177.508814435] [amcl]: initialPoseReceived
[amcl-2] [WARN] [1783062177.509159269] [amcl]: Failed to transform initial pose in time (Lookup would require extrapolation into the future.  Requested time 1783062177.508986 but the latest data is at time 1783062177.434134, when looking up transform from frame [base_link] to frame [odom])
[amcl-2] [INFO] [1783062177.509266394] [amcl]: Setting pose (1783062177.509263): -4.138 -2.140 -1.529
[amcl-2] [INFO] [1783062177.996218435] [amcl]: initialPoseReceived
[amcl-2] [WARN] [1783062177.996550268] [amcl]: Failed to transform initial pose in time (Lookup would require extrapolation into the future.  Requested time 1783062177.996391 but the latest data is at time 1783062177.956995, when looking up transform from frame [base_link] to frame [odom])
[amcl-2] [INFO] [1783062177.996686810] [amcl]: Setting pose (1783062177.996682): -4.138 -2.140 -1.529
[amcl-2] [INFO] [1783062178.322759921] [amcl]: initialPoseReceived
[amcl-2] [WARN] [1783062178.323107838] [amcl]: Failed to transform initial pose in time (Lookup would require extrapolation into the future.  Requested time 1783062178.322960 but the latest data is at time 1783062178.256754, when looking up transform from frame [base_link] to frame [odom])
[amcl-2] [INFO] [1783062178.323211629] [amcl]: Setting pose (1783062178.323207): -4.138 -2.140 -1.529
[amcl-2] [INFO] [1783062178.784439043] [amcl]: initialPoseReceived
[amcl-2] [WARN] [1783062178.784781335] [amcl]: Failed to transform initial pose in time (Lookup would require extrapolation into the future.  Requested time 1783062178.784622 but the latest data is at time 1783062178.674167, when looking up transform from frame [base_link] to frame [odom])
[amcl-2] [INFO] [1783062178.785085835] [amcl]: Setting pose (1783062178.785080): -4.138 -2.140 -1.529
[amcl-2] [INFO] [1783062179.207837662] [amcl]: initialPoseReceived
[amcl-2] [WARN] [1783062179.208180329] [amcl]: Failed to transform initial pose in time (Lookup would require extrapolation into the future.  Requested time 1783062179.208034 but the latest data is at time 1783062178.915473, when looking up transform from frame [base_link] to frame [odom])
[amcl-2] [INFO] [1783062179.208285954] [amcl]: Setting pose (1783062179.208282): -4.138 -2.140 -1.529
[amcl-2] [INFO] [1783062179.717442914] [amcl]: initialPoseReceived
[amcl-2] [WARN] [1783062179.717783539] [amcl]: Failed to transform initial pose in time (Lookup would require extrapolation into the future.  Requested time 1783062179.717620 but the latest data is at time 1783062179.488837, when looking up transform from frame [base_link] to frame [odom])
[amcl-2] [INFO] [1783062179.717912955] [amcl]: Setting pose (1783062179.717908): -4.138 -2.140 -1.529
[lifecycle_manager-3] [INFO] [1783062188.088829034] [lifecycle_manager_localization]: [34m[1mHave not received a heartbeat from amcl.[0m[0m
[lifecycle_manager-3] [ERROR] [1783062188.089027118] [lifecycle_manager_localization]: CRITICAL FAILURE: SERVER amcl IS DOWN after not receiving a heartbeat for 4000 ms. Shutting down related nodes.
[lifecycle_manager-3] [INFO] [1783062188.089097034] [lifecycle_manager_localization]: [34m[1mTerminating bond timer...[0m[0m
[lifecycle_manager-3] [INFO] [1783062188.089142618] [lifecycle_manager_localization]: [34m[1mResetting managed nodes...[0m[0m
[lifecycle_manager-3] [INFO] [1783062188.089187534] [lifecycle_manager_localization]: [34m[1mDeactivating amcl[0m[0m
[amcl-2] [INFO] [1783062188.144931331] [amcl]: Deactivating
[amcl-2] [INFO] [1783062188.145144247] [amcl]: Destroying bond (amcl) to lifecycle manager.
[amcl-2] [INFO] [1783062239.901532286] [amcl]: Message Filter dropping message: frame 'laser' at time 1783062238.748 for reason 'the timestamp on the message is earlier than all the data in the transform cache'
[amcl-2] [INFO] [1783062279.464546624] [amcl]: Message Filter dropping message: frame 'laser' at time 1783062278.326 for reason 'the timestamp on the message is earlier than all the data in the transform cache'
[amcl-2] [INFO] [1783062316.279385999] [amcl]: Message Filter dropping message: frame 'laser' at time 1783062315.105 for reason 'the timestamp on the message is earlier than all the data in the transform cache'
[amcl-2] [INFO] [1783062321.003915505] [amcl]: Message Filter dropping message: frame 'laser' at time 1783062319.900 for reason 'the timestamp on the message is earlier than all the data in the transform cache'
[amcl-2] [INFO] [1783062328.603537879] [amcl]: Message Filter dropping message: frame 'laser' at time 1783062326.899 for reason 'the timestamp on the message is earlier than all the data in the transform cache'
[planner_server-6] [WARN] [1783062370.696660866] [planner_server.rclcpp]: failed to send response to /planner_server/get_state (timeout): client will not receive response, at ./src/rmw_response.cpp:154, at ./src/rcl/service.c:314
