[INFO] [1783248419.353544533] [foxglove_click_goal_bridge]: Foxglove click goal bridge started.
[INFO] [1783248419.357011407] [foxglove_click_goal_bridge]: Listening point click topic:
[INFO] [1783248419.369652489] [foxglove_click_goal_bridge]:   /foxglove_goal_point
[INFO] [1783248419.373304863] [foxglove_click_goal_bridge]:   geometry_msgs/msg/PointStamped
[INFO] [1783248419.376932446] [foxglove_click_goal_bridge]: Listening pose click topic:
[INFO] [1783248419.380874487] [foxglove_click_goal_bridge]:   /foxglove_goal_pose
[INFO] [1783248419.384302070] [foxglove_click_goal_bridge]:   geometry_msgs/msg/PoseStamped
[INFO] [1783248419.388105361] [foxglove_click_goal_bridge]: Recommended Foxglove tool:
[INFO] [1783248419.392314819] [foxglove_click_goal_bridge]:   Publish -> 2D point -> /foxglove_goal_point
[INFO] [1783248419.395867152] [foxglove_click_goal_bridge]: Visual path topic: /foxglove_click_planned_path
[INFO] [1783248419.399421527] [foxglove_click_goal_bridge]: Visual trajectory: /foxglove_click_trajectory_dots (red dots)
[INFO] [1783248419.402973485] [foxglove_click_goal_bridge]: Visual start marker: /foxglove_click_start_marker
[INFO] [1783248419.406466026] [foxglove_click_goal_bridge]: Visual goal marker: /foxglove_click_goal_marker + /foxglove_click_goal_label
[INFO] [1783248419.410087150] [foxglove_click_goal_bridge]: Foxglove map viz: /foxglove_map_viz (use in 3D panel instead of /map)
[INFO] [1783248421.102686098] [foxglove_click_goal_bridge]: >>> CLICK READY: Foxglove 可以单击地图白色区域发送导航目标。 Topic=/foxglove_goal_point, frame=map。 若 scan 与地图错位，请先用 /initialpose 校正。导航进行中会忽略新点击。
[INFO] [1783248449.598381936] [foxglove_click_goal_bridge]: Transformed click from base_link (2.310, -1.668) -> map (1.392, 1.462)
[INFO] [1783248449.618483058] [foxglove_click_goal_bridge]: Goal marker published at (1.392, 1.462) -> /foxglove_click_goal_marker /foxglove_click_goal_label
[INFO] [1783248449.625034682] [foxglove_click_goal_bridge]: Received Foxglove clicked point: frame_id=base_link, x=1.392, y=1.462, goal_yaw=0.537
[INFO] [1783248449.631166889] [foxglove_click_goal_bridge]: Goal footprint OK: (1.392, 1.462) -> ok (radius=0.11m)
[INFO] [1783248449.651646511] [foxglove_click_goal_bridge]: [1] Start marker at (-1.446, 1.714) -> /foxglove_click_start_marker
[INFO] [1783248449.663951634] [foxglove_click_goal_bridge]: Goal marker published at (1.392, 1.462) -> /foxglove_click_goal_marker /foxglove_click_goal_label
[INFO] [1783248449.669862550] [foxglove_click_goal_bridge]: [1] Accepted goal: frame=map, x=1.392, y=1.462
[INFO] [1783248449.803151905] [foxglove_click_goal_bridge]: [1] Planned path published: 123 poses -> /foxglove_click_planned_path
[INFO] [1783248449.845225732] [foxglove_click_goal_bridge]: [1] NavigateToPose goal accepted. Robot should start planning/following.
[INFO] [1783248449.860731313] [foxglove_click_goal_bridge]: [1] navigating: distance_remaining=0.000 m, recoveries=0
[INFO] [1783248451.864393378] [foxglove_click_goal_bridge]: [1] navigating: distance_remaining=3.038 m, recoveries=0
[INFO] [1783248453.867713857] [foxglove_click_goal_bridge]: [1] navigating: distance_remaining=3.013 m, recoveries=0
[INFO] [1783248455.894243288] [foxglove_click_goal_bridge]: [1] navigating: distance_remaining=2.793 m, recoveries=0
[INFO] [1783248457.902997301] [foxglove_click_goal_bridge]: [1] navigating: distance_remaining=2.568 m, recoveries=0
[INFO] [1783248459.903803979] [foxglove_click_goal_bridge]: [1] navigating: distance_remaining=2.443 m, recoveries=0
[INFO] [1783248461.906353779] [foxglove_click_goal_bridge]: [1] navigating: distance_remaining=2.318 m, recoveries=0
[INFO] [1783248463.907405867] [foxglove_click_goal_bridge]: [1] navigating: distance_remaining=2.068 m, recoveries=0
[INFO] [1783248465.938328322] [foxglove_click_goal_bridge]: [1] navigating: distance_remaining=1.893 m, recoveries=0
[INFO] [1783248467.945973611] [foxglove_click_goal_bridge]: [1] navigating: distance_remaining=1.718 m, recoveries=0
[INFO] [1783248469.971911894] [foxglove_click_goal_bridge]: [1] navigating: distance_remaining=1.518 m, recoveries=0
[INFO] [1783248471.975286385] [foxglove_click_goal_bridge]: [1] navigating: distance_remaining=1.293 m, recoveries=0
[INFO] [1783248473.988310247] [foxglove_click_goal_bridge]: [1] navigating: distance_remaining=1.118 m, recoveries=0
[INFO] [1783248475.984865067] [foxglove_click_goal_bridge]: [1] navigating: distance_remaining=0.968 m, recoveries=0
[INFO] [1783248478.007555712] [foxglove_click_goal_bridge]: [1] navigating: distance_remaining=0.818 m, recoveries=0
[INFO] [1783248480.024394730] [foxglove_click_goal_bridge]: [1] navigating: distance_remaining=0.643 m, recoveries=0
[INFO] [1783248482.032136288] [foxglove_click_goal_bridge]: [1] navigating: distance_remaining=0.752 m, recoveries=0
[INFO] [1783248484.035880719] [foxglove_click_goal_bridge]: [1] navigating: distance_remaining=0.343 m, recoveries=0
[INFO] [1783248485.484507456] [foxglove_click_goal_bridge]: [1] Navigation succeeded. status=4
[INFO] [1783248485.487910914] [foxglove_click_goal_bridge]: Navigation succeeded. Current pose will be updated by pose_memory_node.
[INFO] [1783248510.439760628] [foxglove_click_goal_bridge]: Transformed click from base_link (-0.368, -1.441) -> map (0.735, 0.070)
[INFO] [1783248510.449823917] [foxglove_click_goal_bridge]: Goal marker published at (0.735, 0.070) -> /foxglove_click_goal_marker /foxglove_click_goal_label
[INFO] [1783248510.456406791] [foxglove_click_goal_bridge]: Received Foxglove clicked point: frame_id=base_link, x=0.735, y=0.070, goal_yaw=-0.104
[INFO] [1783248510.461359332] [foxglove_click_goal_bridge]: Goal footprint OK: (0.735, 0.070) -> ok (radius=0.11m)
[INFO] [1783248510.497110783] [foxglove_click_goal_bridge]: [2] Start marker at (1.250, 1.465) -> /foxglove_click_start_marker
[INFO] [1783248510.522728653] [foxglove_click_goal_bridge]: Goal marker published at (0.735, 0.070) -> /foxglove_click_goal_marker /foxglove_click_goal_label
[INFO] [1783248510.533199234] [foxglove_click_goal_bridge]: [2] Accepted goal: frame=map, x=0.735, y=0.070
[INFO] [1783248510.649189627] [foxglove_click_goal_bridge]: [2] Planned path published: 60 poses -> /foxglove_click_planned_path
[INFO] [1783248510.681214496] [foxglove_click_goal_bridge]: [2] NavigateToPose goal accepted. Robot should start planning/following.
[INFO] [1783248510.696206243] [foxglove_click_goal_bridge]: [2] navigating: distance_remaining=0.172 m, recoveries=0
[INFO] [1783248512.709659294] [foxglove_click_goal_bridge]: [2] navigating: distance_remaining=1.491 m, recoveries=0
[INFO] [1783248514.717853551] [foxglove_click_goal_bridge]: [2] navigating: distance_remaining=1.341 m, recoveries=0
[INFO] [1783248516.733645512] [foxglove_click_goal_bridge]: [2] navigating: distance_remaining=1.266 m, recoveries=0
[INFO] [1783248518.738733055] [foxglove_click_goal_bridge]: [2] navigating: distance_remaining=1.091 m, recoveries=0
[INFO] [1783248520.762948674] [foxglove_click_goal_bridge]: [2] navigating: distance_remaining=0.941 m, recoveries=0
[INFO] [1783248522.769558378] [foxglove_click_goal_bridge]: [2] navigating: distance_remaining=0.791 m, recoveries=0
[INFO] [1783248524.777210786] [foxglove_click_goal_bridge]: [2] navigating: distance_remaining=0.591 m, recoveries=0
[INFO] [1783248526.791234649] [foxglove_click_goal_bridge]: [2] navigating: distance_remaining=0.391 m, recoveries=0
[INFO] [1783248528.821428005] [foxglove_click_goal_bridge]: [2] navigating: distance_remaining=0.216 m, recoveries=0
[INFO] [1783248528.987162136] [foxglove_click_goal_bridge]: [2] Navigation succeeded. status=4
[INFO] [1783248528.990093760] [foxglove_click_goal_bridge]: Navigation succeeded. Current pose will be updated by pose_memory_node.
[INFO] [1783248569.422597271] [foxglove_click_goal_bridge]: Transformed click from base_link (-1.517, 0.917) -> map (2.620, 0.276)
[INFO] [1783248569.444612058] [foxglove_click_goal_bridge]: Goal marker published at (2.620, 0.276) -> /foxglove_click_goal_marker /foxglove_click_goal_label
[INFO] [1783248569.451907597] [foxglove_click_goal_bridge]: Received Foxglove clicked point: frame_id=base_link, x=2.620, y=0.276, goal_yaw=-2.551
[INFO] [1783248569.457007930] [foxglove_click_goal_bridge]: Goal footprint OK: (2.620, 0.276) -> ok (radius=0.11m)
[INFO] [1783248569.479962424] [foxglove_click_goal_bridge]: [3] Start marker at (0.848, 0.194) -> /foxglove_click_start_marker
[INFO] [1783248569.490851380] [foxglove_click_goal_bridge]: Goal marker published at (2.620, 0.276) -> /foxglove_click_goal_marker /foxglove_click_goal_label
[INFO] [1783248569.496619045] [foxglove_click_goal_bridge]: [3] Accepted goal: frame=map, x=2.620, y=0.276
[INFO] [1783248569.603854643] [foxglove_click_goal_bridge]: [3] Planned path published: 81 poses -> /foxglove_click_planned_path
[INFO] [1783248569.635112052] [foxglove_click_goal_bridge]: [3] NavigateToPose goal accepted. Robot should start planning/following.
[INFO] [1783248569.653468423] [foxglove_click_goal_bridge]: [3] navigating: distance_remaining=0.166 m, recoveries=0
[INFO] [1783248571.672304884] [foxglove_click_goal_bridge]: [3] navigating: distance_remaining=2.061 m, recoveries=0
[INFO] [1783248573.700340757] [foxglove_click_goal_bridge]: [3] navigating: distance_remaining=2.061 m, recoveries=0
[INFO] [1783248575.718066337] [foxglove_click_goal_bridge]: [3] navigating: distance_remaining=2.270 m, recoveries=0
[INFO] [1783248577.721184085] [foxglove_click_goal_bridge]: [3] navigating: distance_remaining=2.220 m, recoveries=0
[INFO] [1783248579.720547373] [foxglove_click_goal_bridge]: [3] navigating: distance_remaining=2.070 m, recoveries=0
[INFO] [1783248581.735643487] [foxglove_click_goal_bridge]: [3] navigating: distance_remaining=1.945 m, recoveries=0
[INFO] [1783248583.738718351] [foxglove_click_goal_bridge]: [3] navigating: distance_remaining=1.745 m, recoveries=0
[INFO] [1783248585.753246710] [foxglove_click_goal_bridge]: [3] navigating: distance_remaining=1.595 m, recoveries=0
[INFO] [1783248587.752646153] [foxglove_click_goal_bridge]: [3] navigating: distance_remaining=1.345 m, recoveries=0
[INFO] [1783248589.766274714] [foxglove_click_goal_bridge]: [3] navigating: distance_remaining=1.195 m, recoveries=0
[INFO] [1783248591.771319566] [foxglove_click_goal_bridge]: [3] navigating: distance_remaining=1.328 m, recoveries=0
[INFO] [1783248593.778468582] [foxglove_click_goal_bridge]: [3] navigating: distance_remaining=0.770 m, recoveries=0
[INFO] [1783248595.792059510] [foxglove_click_goal_bridge]: [3] navigating: distance_remaining=0.676 m, recoveries=0
[INFO] [1783248597.808516225] [foxglove_click_goal_bridge]: [3] navigating: distance_remaining=0.445 m, recoveries=0
[INFO] [1783248599.813522900] [foxglove_click_goal_bridge]: [3] navigating: distance_remaining=0.245 m, recoveries=0
[INFO] [1783248600.351699922] [foxglove_click_goal_bridge]: [3] Navigation succeeded. status=4
[INFO] [1783248600.355396380] [foxglove_click_goal_bridge]: Navigation succeeded. Current pose will be updated by pose_memory_node.
