[INFO] [1783252990.142717204] [simple_scan_filter]: filter /scan -> /scan_filtered, keep=[0.22, 4.00], isolated_window=2, isolated_delta=0.25, min_support_neighbors=1
[INFO] [1783253003.847934500] [simple_scan_filter]: scan stats: n=404, zeros=99, nan=0, inf=0, finite_raw=305, finite_out=249, removed_isolated=3
[INFO] [1783253008.843514499] [simple_scan_filter]: scan stats: n=404, zeros=96, nan=0, inf=0, finite_raw=308, finite_out=247, removed_isolated=6
[INFO] [1783253013.870788512] [simple_scan_filter]: scan stats: n=404, zeros=91, nan=0, inf=0, finite_raw=313, finite_out=254, removed_isolated=3
[INFO] [1783253018.833878900] [simple_scan_filter]: scan stats: n=404, zeros=97, nan=0, inf=0, finite_raw=307, finite_out=247, removed_isolated=3
[INFO] [1783253023.847053782] [simple_scan_filter]: scan stats: n=404, zeros=96, nan=0, inf=0, finite_raw=308, finite_out=252, removed_isolated=5
[INFO] [1783253028.834282121] [simple_scan_filter]: scan stats: n=404, zeros=98, nan=0, inf=0, finite_raw=306, finite_out=247, removed_isolated=5
[INFO] [1783253033.853140807] [simple_scan_filter]: scan stats: n=404, zeros=98, nan=0, inf=0, finite_raw=306, finite_out=246, removed_isolated=5
[INFO] [1783253038.818206231] [simple_scan_filter]: scan stats: n=404, zeros=96, nan=0, inf=0, finite_raw=308, finite_out=248, removed_isolated=5
[INFO] [1783253043.840639933] [simple_scan_filter]: scan stats: n=404, zeros=97, nan=0, inf=0, finite_raw=307, finite_out=251, removed_isolated=4
[INFO] [1783253048.812336869] [simple_scan_filter]: scan stats: n=404, zeros=96, nan=0, inf=0, finite_raw=308, finite_out=249, removed_isolated=3
[INFO] [1783253053.805812289] [simple_scan_filter]: scan stats: n=404, zeros=96, nan=0, inf=0, finite_raw=308, finite_out=253, removed_isolated=3
[INFO] [1783253058.801126967] [simple_scan_filter]: scan stats: n=404, zeros=102, nan=0, inf=0, finite_raw=302, finite_out=241, removed_isolated=7
[INFO] [1783253063.799563817] [simple_scan_filter]: scan stats: n=404, zeros=100, nan=0, inf=0, finite_raw=304, finite_out=247, removed_isolated=4
[INFO] [1783253068.792555683] [simple_scan_filter]: scan stats: n=404, zeros=90, nan=0, inf=0, finite_raw=314, finite_out=249, removed_isolated=7
[INFO] [1783253073.791031511] [simple_scan_filter]: scan stats: n=404, zeros=101, nan=0, inf=0, finite_raw=303, finite_out=248, removed_isolated=4
[INFO] [1783253078.787182350] [simple_scan_filter]: scan stats: n=404, zeros=95, nan=0, inf=0, finite_raw=309, finite_out=247, removed_isolated=7
[INFO] [1783253083.781705867] [simple_scan_filter]: scan stats: n=404, zeros=96, nan=0, inf=0, finite_raw=308, finite_out=251, removed_isolated=3
[INFO] [1783253088.777210184] [simple_scan_filter]: scan stats: n=404, zeros=103, nan=0, inf=0, finite_raw=301, finite_out=246, removed_isolated=3
[INFO] [1783253093.777637547] [simple_scan_filter]: scan stats: n=404, zeros=104, nan=0, inf=0, finite_raw=300, finite_out=245, removed_isolated=4
[INFO] [1783253098.768135347] [simple_scan_filter]: scan stats: n=404, zeros=100, nan=0, inf=0, finite_raw=304, finite_out=242, removed_isolated=5
[INFO] [1783253103.771957932] [simple_scan_filter]: scan stats: n=404, zeros=89, nan=0, inf=0, finite_raw=315, finite_out=252, removed_isolated=5
[INFO] [1783253108.766881287] [simple_scan_filter]: scan stats: n=404, zeros=94, nan=0, inf=0, finite_raw=310, finite_out=251, removed_isolated=4
[INFO] [1783253113.762645150] [simple_scan_filter]: scan stats: n=404, zeros=88, nan=0, inf=0, finite_raw=316, finite_out=256, removed_isolated=4
[INFO] [1783253118.763106393] [simple_scan_filter]: scan stats: n=404, zeros=98, nan=0, inf=0, finite_raw=306, finite_out=248, removed_isolated=4
[INFO] [1783253123.759151357] [simple_scan_filter]: scan stats: n=404, zeros=94, nan=0, inf=0, finite_raw=310, finite_out=255, removed_isolated=3
[INFO] [1783253128.748761880] [simple_scan_filter]: scan stats: n=404, zeros=102, nan=0, inf=0, finite_raw=302, finite_out=243, removed_isolated=5
[INFO] [1783253133.760842428] [simple_scan_filter]: scan stats: n=404, zeros=104, nan=0, inf=0, finite_raw=300, finite_out=245, removed_isolated=3
[INFO] [1783253138.742071603] [simple_scan_filter]: scan stats: n=404, zeros=101, nan=0, inf=0, finite_raw=303, finite_out=240, removed_isolated=7
[INFO] [1783253143.773723315] [simple_scan_filter]: scan stats: n=404, zeros=96, nan=0, inf=0, finite_raw=308, finite_out=248, removed_isolated=4
[INFO] [1783253148.740971732] [simple_scan_filter]: scan stats: n=404, zeros=94, nan=0, inf=0, finite_raw=310, finite_out=250, removed_isolated=4
[INFO] [1783253153.729012135] [simple_scan_filter]: scan stats: n=404, zeros=96, nan=0, inf=0, finite_raw=308, finite_out=251, removed_isolated=3
[INFO] [1783253158.723567456] [simple_scan_filter]: scan stats: n=404, zeros=92, nan=0, inf=0, finite_raw=312, finite_out=255, removed_isolated=3
[INFO] [1783253163.721145867] [simple_scan_filter]: scan stats: n=404, zeros=96, nan=0, inf=0, finite_raw=308, finite_out=248, removed_isolated=5
[INFO] [1783253168.722041116] [simple_scan_filter]: scan stats: n=404, zeros=99, nan=0, inf=0, finite_raw=305, finite_out=247, removed_isolated=4
[INFO] [1783253173.711341470] [simple_scan_filter]: scan stats: n=404, zeros=101, nan=0, inf=0, finite_raw=303, finite_out=243, removed_isolated=7
[INFO] [1783253178.713664610] [simple_scan_filter]: scan stats: n=404, zeros=100, nan=0, inf=0, finite_raw=304, finite_out=247, removed_isolated=4
[INFO] [1783253183.710428474] [simple_scan_filter]: scan stats: n=404, zeros=95, nan=0, inf=0, finite_raw=309, finite_out=251, removed_isolated=5
[INFO] [1783253188.711221217] [simple_scan_filter]: scan stats: n=404, zeros=98, nan=0, inf=0, finite_raw=306, finite_out=249, removed_isolated=3
[INFO] [1783253193.696133487] [simple_scan_filter]: scan stats: n=404, zeros=103, nan=0, inf=0, finite_raw=301, finite_out=247, removed_isolated=2
[INFO] [1783253198.693770793] [simple_scan_filter]: scan stats: n=404, zeros=98, nan=0, inf=0, finite_raw=306, finite_out=246, removed_isolated=4
[INFO] [1783253203.689192860] [simple_scan_filter]: scan stats: n=404, zeros=104, nan=0, inf=0, finite_raw=300, finite_out=245, removed_isolated=4
[INFO] [1783253208.685543894] [simple_scan_filter]: scan stats: n=404, zeros=96, nan=0, inf=0, finite_raw=308, finite_out=253, removed_isolated=4
[INFO] [1783253213.683434184] [simple_scan_filter]: scan stats: n=404, zeros=102, nan=0, inf=0, finite_raw=302, finite_out=247, removed_isolated=3
[INFO] [1783253218.686874936] [simple_scan_filter]: scan stats: n=404, zeros=92, nan=0, inf=0, finite_raw=312, finite_out=248, removed_isolated=6
[INFO] [1783253223.671984341] [simple_scan_filter]: scan stats: n=404, zeros=98, nan=0, inf=0, finite_raw=306, finite_out=248, removed_isolated=5
[INFO] [1783253228.667510577] [simple_scan_filter]: scan stats: n=404, zeros=99, nan=0, inf=0, finite_raw=305, finite_out=248, removed_isolated=3
[INFO] [1783253233.662684530] [simple_scan_filter]: scan stats: n=404, zeros=95, nan=0, inf=0, finite_raw=309, finite_out=254, removed_isolated=3
[INFO] [1783253238.669757105] [simple_scan_filter]: scan stats: n=404, zeros=98, nan=0, inf=0, finite_raw=306, finite_out=250, removed_isolated=3
[INFO] [1783253243.661055829] [simple_scan_filter]: scan stats: n=404, zeros=102, nan=0, inf=0, finite_raw=302, finite_out=244, removed_isolated=5
[INFO] [1783253248.654608894] [simple_scan_filter]: scan stats: n=404, zeros=94, nan=0, inf=0, finite_raw=310, finite_out=255, removed_isolated=3
[INFO] [1783253253.648177092] [simple_scan_filter]: scan stats: n=404, zeros=115, nan=0, inf=0, finite_raw=289, finite_out=251, removed_isolated=3
[INFO] [1783253258.646651376] [simple_scan_filter]: scan stats: n=404, zeros=114, nan=0, inf=0, finite_raw=290, finite_out=237, removed_isolated=7
[INFO] [1783253263.641420590] [simple_scan_filter]: scan stats: n=404, zeros=106, nan=0, inf=0, finite_raw=298, finite_out=231, removed_isolated=1
[INFO] [1783253268.637524561] [simple_scan_filter]: scan stats: n=404, zeros=127, nan=0, inf=0, finite_raw=277, finite_out=180, removed_isolated=5
[INFO] [1783253273.632270667] [simple_scan_filter]: scan stats: n=404, zeros=108, nan=0, inf=0, finite_raw=296, finite_out=233, removed_isolated=2
[INFO] [1783253278.627827656] [simple_scan_filter]: scan stats: n=404, zeros=92, nan=0, inf=0, finite_raw=312, finite_out=247, removed_isolated=6
[INFO] [1783253283.623510361] [simple_scan_filter]: scan stats: n=404, zeros=89, nan=0, inf=0, finite_raw=315, finite_out=253, removed_isolated=8
[INFO] [1783253288.622038905] [simple_scan_filter]: scan stats: n=404, zeros=107, nan=0, inf=0, finite_raw=297, finite_out=249, removed_isolated=10
[INFO] [1783253293.627729867] [simple_scan_filter]: scan stats: n=404, zeros=112, nan=0, inf=0, finite_raw=292, finite_out=248, removed_isolated=7
Traceback (most recent call last):
  File "/root/rdk_x5_vln_robot/ros2_bridge/simple_scan_filter.py", line 197, in <module>
    main()
  File "/root/rdk_x5_vln_robot/ros2_bridge/simple_scan_filter.py", line 191, in main
    rclpy.spin(node)
  File "/opt/ros/humble/local/lib/python3.10/dist-packages/rclpy/__init__.py", line 229, in spin
    executor.spin_once()
  File "/opt/ros/humble/local/lib/python3.10/dist-packages/rclpy/executors.py", line 751, in spin_once
    self._spin_once_impl(timeout_sec)
  File "/opt/ros/humble/local/lib/python3.10/dist-packages/rclpy/executors.py", line 740, in _spin_once_impl
    handler, entity, node = self.wait_for_ready_callbacks(timeout_sec=timeout_sec)
  File "/opt/ros/humble/local/lib/python3.10/dist-packages/rclpy/executors.py", line 723, in wait_for_ready_callbacks
    return next(self._cb_iter)
  File "/opt/ros/humble/local/lib/python3.10/dist-packages/rclpy/executors.py", line 624, in _wait_for_ready_callbacks
    raise ExternalShutdownException()
rclpy.executors.ExternalShutdownException
