[INFO] [launch]: All log files can be found below /root/.ros/log/2026-07-03-18-30-13-600140-ubuntu-186856
[INFO] [launch]: Default logging verbosity is set to INFO
[INFO] [map_server-1]: process started with pid [186896]
[INFO] [amcl-2]: process started with pid [186898]
[INFO] [lifecycle_manager-3]: process started with pid [186900]
[INFO] [controller_server-4]: process started with pid [186902]
[INFO] [smoother_server-5]: process started with pid [186904]
[INFO] [planner_server-6]: process started with pid [186906]
[INFO] [behavior_server-7]: process started with pid [186908]
[INFO] [bt_navigator-8]: process started with pid [186910]
[INFO] [waypoint_follower-9]: process started with pid [186912]
[INFO] [velocity_smoother-10]: process started with pid [186922]
[INFO] [lifecycle_manager-11]: process started with pid [186929]
[planner_server-6] [INFO] [1783074615.974743298] [planner_server]: 
[planner_server-6] 	planner_server lifecycle node launched. 
[planner_server-6] 	Waiting on external lifecycle transitions to activate
[planner_server-6] 	See https://design.ros2.org/articles/node_lifecycle.html for more information.
[planner_server-6] [INFO] [1783074615.982188625] [planner_server]: Creating
[lifecycle_manager-3] [INFO] [1783074616.212491049] [lifecycle_manager_localization]: Creating
[lifecycle_manager-3] [INFO] [1783074616.252674514] [lifecycle_manager_localization]: [34m[1mCreating and initializing lifecycle service clients[0m[0m
[planner_server-6] [INFO] [1783074616.464242246] [global_costmap.global_costmap]: 
[planner_server-6] 	global_costmap lifecycle node launched. 
[planner_server-6] 	Waiting on external lifecycle transitions to activate
[planner_server-6] 	See https://design.ros2.org/articles/node_lifecycle.html for more information.
[planner_server-6] [INFO] [1783074616.468583242] [global_costmap.global_costmap]: Creating Costmap
[behavior_server-7] [INFO] [1783074616.704443370] [behavior_server]: 
[behavior_server-7] 	behavior_server lifecycle node launched. 
[behavior_server-7] 	Waiting on external lifecycle transitions to activate
[smoother_server-5] [INFO] [1783074616.718072816] [smoother_server]: 
[smoother_server-5] 	smoother_server lifecycle node launched. 
[smoother_server-5] 	Waiting on external lifecycle transitions to activate
[smoother_server-5] 	See https://design.ros2.org/articles/node_lifecycle.html for more information.
[smoother_server-5] [INFO] [1783074616.726532934] [smoother_server]: Creating smoother server
[behavior_server-7] 	See https://design.ros2.org/articles/node_lifecycle.html for more information.
[lifecycle_manager-11] [INFO] [1783074616.806705989] [lifecycle_manager_navigation]: Creating
[controller_server-4] [INFO] [1783074616.870193809] [controller_server]: 
[controller_server-4] 	controller_server lifecycle node launched. 
[controller_server-4] 	Waiting on external lifecycle transitions to activate
[controller_server-4] 	See https://design.ros2.org/articles/node_lifecycle.html for more information.
[amcl-2] [INFO] [1783074616.884869462] [amcl]: 
[amcl-2] 	amcl lifecycle node launched. 
[amcl-2] 	Waiting on external lifecycle transitions to activate
[amcl-2] 	See https://design.ros2.org/articles/node_lifecycle.html for more information.
[amcl-2] [INFO] [1783074616.886637878] [amcl]: Creating
[bt_navigator-8] [INFO] [1783074616.888355959] [bt_navigator]: 
[bt_navigator-8] 	bt_navigator lifecycle node launched. 
[bt_navigator-8] 	Waiting on external lifecycle transitions to activate
[bt_navigator-8] 	See https://design.ros2.org/articles/node_lifecycle.html for more information.
[bt_navigator-8] [INFO] [1783074616.888925501] [bt_navigator]: Creating
[velocity_smoother-10] [INFO] [1783074616.889106959] [velocity_smoother]: 
[velocity_smoother-10] 	velocity_smoother lifecycle node launched. 
[velocity_smoother-10] 	Waiting on external lifecycle transitions to activate
[velocity_smoother-10] 	See https://design.ros2.org/articles/node_lifecycle.html for more information.
[lifecycle_manager-11] [INFO] [1783074616.941644871] [lifecycle_manager_navigation]: [34m[1mCreating and initializing lifecycle service clients[0m[0m
[map_server-1] [INFO] [1783074616.964307477] [map_server]: 
[map_server-1] 	map_server lifecycle node launched. 
[map_server-1] 	Waiting on external lifecycle transitions to activate
[map_server-1] 	See https://design.ros2.org/articles/node_lifecycle.html for more information.
[map_server-1] [INFO] [1783074616.966600891] [map_server]: Creating
[waypoint_follower-9] [INFO] [1783074616.965659684] [waypoint_follower]: 
[waypoint_follower-9] 	waypoint_follower lifecycle node launched. 
[waypoint_follower-9] 	Waiting on external lifecycle transitions to activate
[waypoint_follower-9] 	See https://design.ros2.org/articles/node_lifecycle.html for more information.
[waypoint_follower-9] [INFO] [1783074616.967814973] [waypoint_follower]: Creating
[controller_server-4] [INFO] [1783074617.137042534] [controller_server]: Creating controller server
[controller_server-4] [INFO] [1783074618.073239510] [local_costmap.local_costmap]: 
[controller_server-4] 	local_costmap lifecycle node launched. 
[controller_server-4] 	Waiting on external lifecycle transitions to activate
[controller_server-4] 	See https://design.ros2.org/articles/node_lifecycle.html for more information.
[controller_server-4] [INFO] [1783074618.077628423] [local_costmap.local_costmap]: Creating Costmap
[lifecycle_manager-3] [INFO] [1783074618.381996907] [lifecycle_manager_localization]: [34m[1mStarting managed nodes bringup...[0m[0m
[lifecycle_manager-3] [INFO] [1783074618.382639907] [lifecycle_manager_localization]: [34m[1mConfiguring map_server[0m[0m
[map_server-1] [INFO] [1783074618.384826405] [map_server]: Configuring
[map_server-1] [INFO] [1783074618.385103029] [map_io]: Loading yaml file: /root/rdk_x5_vln_robot/maps/joy_calibrated_corridor_map.yaml
[map_server-1] [INFO] [1783074618.386608903] [map_io]: resolution: 0.05
[map_server-1] [INFO] [1783074618.386691486] [map_io]: origin[0]: -3.53
[map_server-1] [INFO] [1783074618.386723820] [map_io]: origin[1]: -3.73
[map_server-1] [INFO] [1783074618.386751820] [map_io]: origin[2]: 0
[map_server-1] [INFO] [1783074618.386781028] [map_io]: free_thresh: 0.25
[map_server-1] [INFO] [1783074618.386809320] [map_io]: occupied_thresh: 0.65
[map_server-1] [INFO] [1783074618.386843486] [map_io]: mode: trinary
[map_server-1] [INFO] [1783074618.386873320] [map_io]: negate: 0
[map_server-1] [INFO] [1783074618.387584402] [map_io]: Loading image_file: /root/rdk_x5_vln_robot/maps/joy_calibrated_corridor_map.pgm
[map_server-1] [INFO] [1783074618.463808461] [map_io]: Read map /root/rdk_x5_vln_robot/maps/joy_calibrated_corridor_map.pgm: 155 X 171 map @ 0.05 m/cell
[lifecycle_manager-3] [INFO] [1783074618.766069989] [lifecycle_manager_localization]: [34m[1mConfiguring amcl[0m[0m
[amcl-2] [INFO] [1783074618.767590196] [amcl]: Configuring
[amcl-2] [INFO] [1783074618.767945487] [amcl]: initTransforms
[amcl-2] [INFO] [1783074618.911824154] [amcl]: initPubSub
[amcl-2] [INFO] [1783074618.962933026] [amcl]: Subscribed to map topic.
[lifecycle_manager-3] [INFO] [1783074619.026343137] [lifecycle_manager_localization]: [34m[1mActivating map_server[0m[0m
[map_server-1] [INFO] [1783074619.027408678] [map_server]: Activating
[map_server-1] [INFO] [1783074619.028926927] [map_server]: Creating bond (map_server) to lifecycle manager.
[amcl-2] [INFO] [1783074619.031333508] [amcl]: Received a 155 X 171 map @ 0.050 m/pix
[lifecycle_manager-3] [INFO] [1783074619.161559269] [lifecycle_manager_localization]: Server map_server connected with bond.
[lifecycle_manager-3] [INFO] [1783074619.161775561] [lifecycle_manager_localization]: [34m[1mActivating amcl[0m[0m
[amcl-2] [INFO] [1783074619.163658143] [amcl]: Activating
[amcl-2] [INFO] [1783074619.163837934] [amcl]: Creating bond (amcl) to lifecycle manager.
[amcl-2] [INFO] [1783074619.199994694] [amcl]: createLaserObject
[lifecycle_manager-11] [INFO] [1783074619.248777235] [lifecycle_manager_navigation]: [34m[1mStarting managed nodes bringup...[0m[0m
[lifecycle_manager-11] [INFO] [1783074619.251904316] [lifecycle_manager_navigation]: [34m[1mConfiguring controller_server[0m[0m
[controller_server-4] [INFO] [1783074619.259357226] [controller_server]: Configuring controller interface
[controller_server-4] [INFO] [1783074619.260164808] [controller_server]: getting goal checker plugins..
[controller_server-4] [INFO] [1783074619.265927928] [controller_server]: Controller frequency set to 10.0000Hz
[controller_server-4] [INFO] [1783074619.266219970] [local_costmap.local_costmap]: Configuring
[lifecycle_manager-3] [INFO] [1783074619.297848776] [lifecycle_manager_localization]: Server amcl connected with bond.
[lifecycle_manager-3] [INFO] [1783074619.298026192] [lifecycle_manager_localization]: [34m[1mManaged nodes are active[0m[0m
[lifecycle_manager-3] [INFO] [1783074619.298092734] [lifecycle_manager_localization]: [34m[1mCreating bond timer...[0m[0m
[controller_server-4] [INFO] [1783074619.367108799] [local_costmap.local_costmap]: Using plugin "static_layer"
[controller_server-4] [INFO] [1783074619.453859723] [local_costmap.local_costmap]: Subscribing to the map topic (/map) with transient local durability
[controller_server-4] [INFO] [1783074619.520786248] [local_costmap.local_costmap]: Initialized plugin "static_layer"
[controller_server-4] [INFO] [1783074619.521954997] [local_costmap.local_costmap]: Using plugin "inflation_layer"
[controller_server-4] [INFO] [1783074619.538528274] [local_costmap.local_costmap]: Initialized plugin "inflation_layer"
[controller_server-4] [INFO] [1783074619.682681440] [controller_server]: Created progress_checker : progress_checker of type nav2_controller::SimpleProgressChecker
[controller_server-4] [INFO] [1783074619.683939981] [local_costmap.local_costmap]: StaticLayer: Resizing static layer to 155 X 171 at 0.050000 m/pix
[controller_server-4] [INFO] [1783074619.686851812] [controller_server]: Created goal checker : general_goal_checker of type nav2_controller::SimpleGoalChecker
[controller_server-4] [INFO] [1783074619.688891643] [controller_server]: Controller Server has general_goal_checker  goal checkers available.
[controller_server-4] [INFO] [1783074619.692408265] [controller_server]: Created controller : FollowPath of type nav2_regulated_pure_pursuit_controller::RegulatedPurePursuitController
[controller_server-4] [INFO] [1783074619.758714207] [controller_server]: Controller Server has FollowPath  controllers available.
[lifecycle_manager-11] [INFO] [1783074619.835024349] [lifecycle_manager_navigation]: [34m[1mConfiguring smoother_server[0m[0m
[smoother_server-5] [INFO] [1783074619.836417306] [smoother_server]: Configuring smoother server
[smoother_server-5] [INFO] [1783074619.907672536] [smoother_server]: Created smoother : simple_smoother of type nav2_smoother::SimpleSmoother
[smoother_server-5] [INFO] [1783074619.910111200] [smoother_server]: Smoother Server has simple_smoother  smoothers available.
[lifecycle_manager-11] [INFO] [1783074619.972262771] [lifecycle_manager_navigation]: [34m[1mConfiguring planner_server[0m[0m
[planner_server-6] [INFO] [1783074619.973884436] [planner_server]: Configuring
[planner_server-6] [INFO] [1783074619.974254936] [global_costmap.global_costmap]: Configuring
[planner_server-6] [INFO] [1783074620.025423225] [global_costmap.global_costmap]: Using plugin "static_layer"
[planner_server-6] [INFO] [1783074620.052543576] [global_costmap.global_costmap]: Subscribing to the map topic (/map) with transient local durability
[planner_server-6] [INFO] [1783074620.064890232] [global_costmap.global_costmap]: Initialized plugin "static_layer"
[planner_server-6] [INFO] [1783074620.065051565] [global_costmap.global_costmap]: Using plugin "inflation_layer"
[planner_server-6] [INFO] [1783074620.067339230] [global_costmap.global_costmap]: Initialized plugin "inflation_layer"
[planner_server-6] [INFO] [1783074620.147326160] [global_costmap.global_costmap]: StaticLayer: Resizing costmap to 155 X 171 at 0.050000 m/pix
[planner_server-6] [INFO] [1783074620.148333493] [planner_server]: Created global planner plugin GridBased of type nav2_navfn_planner/NavfnPlanner
[planner_server-6] [INFO] [1783074620.148462701] [planner_server]: Configuring plugin GridBased of type NavfnPlanner
[planner_server-6] [INFO] [1783074620.153012197] [planner_server]: Planner Server has GridBased  planners available.
[lifecycle_manager-11] [INFO] [1783074620.250126196] [lifecycle_manager_navigation]: [34m[1mConfiguring behavior_server[0m[0m
[behavior_server-7] [INFO] [1783074620.252242444] [behavior_server]: Configuring
[behavior_server-7] [INFO] [1783074620.313920765] [behavior_server]: Creating behavior plugin spin of type nav2_behaviors/Spin
[behavior_server-7] [INFO] [1783074620.318454178] [behavior_server]: Configuring spin
[behavior_server-7] [INFO] [1783074620.383902829] [behavior_server]: Creating behavior plugin backup of type nav2_behaviors/BackUp
[behavior_server-7] [INFO] [1783074620.388493283] [behavior_server]: Configuring backup
[behavior_server-7] [INFO] [1783074620.450931562] [behavior_server]: Creating behavior plugin drive_on_heading of type nav2_behaviors/DriveOnHeading
[behavior_server-7] [INFO] [1783074620.454823809] [behavior_server]: Configuring drive_on_heading
[behavior_server-7] [INFO] [1783074620.512019634] [behavior_server]: Creating behavior plugin assisted_teleop of type nav2_behaviors/AssistedTeleop
[behavior_server-7] [INFO] [1783074620.521585292] [behavior_server]: Configuring assisted_teleop
[behavior_server-7] [INFO] [1783074620.592702189] [behavior_server]: Creating behavior plugin wait of type nav2_behaviors/Wait
[behavior_server-7] [INFO] [1783074620.599583141] [behavior_server]: Configuring wait
[lifecycle_manager-11] [INFO] [1783074620.660104797] [lifecycle_manager_navigation]: [34m[1mConfiguring bt_navigator[0m[0m
[bt_navigator-8] [INFO] [1783074620.662154545] [bt_navigator]: Configuring
[amcl-2] [WARN] [1783074620.792129057] [amcl]: AMCL cannot publish a pose or update the transform. Please set the initial pose...
[amcl-2] [INFO] [1783074621.026535269] [amcl]: Message Filter dropping message: frame 'laser' at time 1783074618.888 for reason 'the timestamp on the message is earlier than all the data in the transform cache'
[lifecycle_manager-11] [INFO] [1783074621.242288164] [lifecycle_manager_navigation]: [34m[1mConfiguring waypoint_follower[0m[0m
[waypoint_follower-9] [INFO] [1783074621.247681535] [waypoint_follower]: Configuring
[waypoint_follower-9] [INFO] [1783074621.382907875] [waypoint_follower]: Created waypoint_task_executor : wait_at_waypoint of type nav2_waypoint_follower::WaitAtWaypoint
[lifecycle_manager-11] [INFO] [1783074621.389266911] [lifecycle_manager_navigation]: [34m[1mConfiguring velocity_smoother[0m[0m
[velocity_smoother-10] [INFO] [1783074621.390913535] [velocity_smoother]: Configuring velocity smoother
[lifecycle_manager-11] [INFO] [1783074621.418811011] [lifecycle_manager_navigation]: [34m[1mActivating controller_server[0m[0m
[controller_server-4] [INFO] [1783074621.420274259] [controller_server]: Activating
[controller_server-4] [INFO] [1783074621.420490009] [local_costmap.local_costmap]: Activating
[controller_server-4] [INFO] [1783074621.420588426] [local_costmap.local_costmap]: Checking transform
[controller_server-4] [INFO] [1783074621.421082550] [local_costmap.local_costmap]: start
[controller_server-4] [ERROR] [1783074621.733856111] [local_costmap.local_costmap]: StaticLayer: "map" passed to lookupTransform argument target_frame does not exist. 
[controller_server-4] [INFO] [1783074621.771435120] [controller_server]: Activating controller: FollowPath of type regulated_pure_pursuit_controller::RegulatedPurePursuitController
[controller_server-4] [INFO] [1783074621.771654953] [controller_server]: Creating bond (controller_server) to lifecycle manager.
[lifecycle_manager-11] [INFO] [1783074621.899480508] [lifecycle_manager_navigation]: Server controller_server connected with bond.
[lifecycle_manager-11] [INFO] [1783074621.899765383] [lifecycle_manager_navigation]: [34m[1mActivating smoother_server[0m[0m
[smoother_server-5] [INFO] [1783074621.902038423] [smoother_server]: Activating
[smoother_server-5] [INFO] [1783074621.902232839] [smoother_server]: Creating bond (smoother_server) to lifecycle manager.
[lifecycle_manager-11] [INFO] [1783074622.029770478] [lifecycle_manager_navigation]: Server smoother_server connected with bond.
[lifecycle_manager-11] [INFO] [1783074622.029955353] [lifecycle_manager_navigation]: [34m[1mActivating planner_server[0m[0m
[planner_server-6] [INFO] [1783074622.031209477] [planner_server]: Activating
[planner_server-6] [INFO] [1783074622.031393852] [global_costmap.global_costmap]: Activating
[planner_server-6] [INFO] [1783074622.031460893] [global_costmap.global_costmap]: Checking transform
[planner_server-6] [INFO] [1783074622.031593977] [global_costmap.global_costmap]: Timed out waiting for transform from base_link to map to become available, tf error: Invalid frame ID "map" passed to canTransform argument target_frame - frame does not exist
[controller_server-4] [ERROR] [1783074622.041420051] [local_costmap.local_costmap]: StaticLayer: "map" passed to lookupTransform argument target_frame does not exist. 
[controller_server-4] [ERROR] [1783074622.350281991] [local_costmap.local_costmap]: StaticLayer: "map" passed to lookupTransform argument target_frame does not exist. 
[planner_server-6] [INFO] [1783074622.531649291] [global_costmap.global_costmap]: Timed out waiting for transform from base_link to map to become available, tf error: Invalid frame ID "map" passed to canTransform argument target_frame - frame does not exist
[controller_server-4] [ERROR] [1783074622.747809269] [local_costmap.local_costmap]: StaticLayer: "map" passed to lookupTransform argument target_frame does not exist. 
[amcl-2] [WARN] [1783074622.890193895] [amcl]: AMCL cannot publish a pose or update the transform. Please set the initial pose...
[planner_server-6] [INFO] [1783074623.031617272] [global_costmap.global_costmap]: Timed out waiting for transform from base_link to map to become available, tf error: Invalid frame ID "map" passed to canTransform argument target_frame - frame does not exist
[controller_server-4] [ERROR] [1783074623.053898045] [local_costmap.local_costmap]: StaticLayer: "map" passed to lookupTransform argument target_frame does not exist. 
[controller_server-4] [ERROR] [1783074623.359859903] [local_costmap.local_costmap]: StaticLayer: "map" passed to lookupTransform argument target_frame does not exist. 
[planner_server-6] [INFO] [1783074623.531626628] [global_costmap.global_costmap]: Timed out waiting for transform from base_link to map to become available, tf error: Invalid frame ID "map" passed to canTransform argument target_frame - frame does not exist
[controller_server-4] [ERROR] [1783074623.760004721] [local_costmap.local_costmap]: StaticLayer: "map" passed to lookupTransform argument target_frame does not exist. 
[planner_server-6] [INFO] [1783074624.031648276] [global_costmap.global_costmap]: Timed out waiting for transform from base_link to map to become available, tf error: Invalid frame ID "map" passed to canTransform argument target_frame - frame does not exist
[controller_server-4] [ERROR] [1783074624.066249954] [local_costmap.local_costmap]: StaticLayer: "map" passed to lookupTransform argument target_frame does not exist. 
[controller_server-4] [ERROR] [1783074624.372389230] [local_costmap.local_costmap]: StaticLayer: "map" passed to lookupTransform argument target_frame does not exist. 
[planner_server-6] [INFO] [1783074624.531635549] [global_costmap.global_costmap]: Timed out waiting for transform from base_link to map to become available, tf error: Invalid frame ID "map" passed to canTransform argument target_frame - frame does not exist
[controller_server-4] [ERROR] [1783074624.772011132] [local_costmap.local_costmap]: StaticLayer: "map" passed to lookupTransform argument target_frame does not exist. 
[amcl-2] [WARN] [1783074624.987963360] [amcl]: AMCL cannot publish a pose or update the transform. Please set the initial pose...
[planner_server-6] [INFO] [1783074625.031626780] [global_costmap.global_costmap]: Timed out waiting for transform from base_link to map to become available, tf error: Invalid frame ID "map" passed to canTransform argument target_frame - frame does not exist
[controller_server-4] [ERROR] [1783074625.078470781] [local_costmap.local_costmap]: StaticLayer: "map" passed to lookupTransform argument target_frame does not exist. 
[controller_server-4] [ERROR] [1783074625.386355138] [local_costmap.local_costmap]: StaticLayer: "map" passed to lookupTransform argument target_frame does not exist. 
[planner_server-6] [INFO] [1783074625.531626303] [global_costmap.global_costmap]: Timed out waiting for transform from base_link to map to become available, tf error: Invalid frame ID "map" passed to canTransform argument target_frame - frame does not exist
[controller_server-4] [ERROR] [1783074625.785145958] [local_costmap.local_costmap]: StaticLayer: "map" passed to lookupTransform argument target_frame does not exist. 
[planner_server-6] [INFO] [1783074626.031627785] [global_costmap.global_costmap]: Timed out waiting for transform from base_link to map to become available, tf error: Invalid frame ID "map" passed to canTransform argument target_frame - frame does not exist
[controller_server-4] [ERROR] [1783074626.091384816] [local_costmap.local_costmap]: StaticLayer: "map" passed to lookupTransform argument target_frame does not exist. 
[controller_server-4] [ERROR] [1783074626.398864715] [local_costmap.local_costmap]: StaticLayer: "map" passed to lookupTransform argument target_frame does not exist. 
[planner_server-6] [INFO] [1783074626.531617808] [global_costmap.global_costmap]: Timed out waiting for transform from base_link to map to become available, tf error: Invalid frame ID "map" passed to canTransform argument target_frame - frame does not exist
[controller_server-4] [ERROR] [1783074626.798843992] [local_costmap.local_costmap]: StaticLayer: "map" passed to lookupTransform argument target_frame does not exist. 
[amcl-2] [WARN] [1783074626.991052616] [amcl]: AMCL cannot publish a pose or update the transform. Please set the initial pose...
[planner_server-6] [INFO] [1783074627.031626456] [global_costmap.global_costmap]: Timed out waiting for transform from base_link to map to become available, tf error: Invalid frame ID "map" passed to canTransform argument target_frame - frame does not exist
[controller_server-4] [ERROR] [1783074627.106664266] [local_costmap.local_costmap]: StaticLayer: "map" passed to lookupTransform argument target_frame does not exist. 
[controller_server-4] [ERROR] [1783074627.413327915] [local_costmap.local_costmap]: StaticLayer: "map" passed to lookupTransform argument target_frame does not exist. 
[planner_server-6] [INFO] [1783074627.531619521] [global_costmap.global_costmap]: Timed out waiting for transform from base_link to map to become available, tf error: Invalid frame ID "map" passed to canTransform argument target_frame - frame does not exist
[controller_server-4] [ERROR] [1783074627.808182655] [local_costmap.local_costmap]: StaticLayer: "map" passed to lookupTransform argument target_frame does not exist. 
[planner_server-6] [INFO] [1783074628.031600544] [global_costmap.global_costmap]: Timed out waiting for transform from base_link to map to become available, tf error: Invalid frame ID "map" passed to canTransform argument target_frame - frame does not exist
[controller_server-4] [ERROR] [1783074628.120458258] [local_costmap.local_costmap]: StaticLayer: "map" passed to lookupTransform argument target_frame does not exist. 
[controller_server-4] [ERROR] [1783074628.429048490] [local_costmap.local_costmap]: StaticLayer: "map" passed to lookupTransform argument target_frame does not exist. 
[planner_server-6] [INFO] [1783074628.531616484] [global_costmap.global_costmap]: Timed out waiting for transform from base_link to map to become available, tf error: Invalid frame ID "map" passed to canTransform argument target_frame - frame does not exist
[controller_server-4] [ERROR] [1783074628.825634728] [local_costmap.local_costmap]: StaticLayer: "map" passed to lookupTransform argument target_frame does not exist. 
[planner_server-6] [INFO] [1783074629.031621757] [global_costmap.global_costmap]: Timed out waiting for transform from base_link to map to become available, tf error: Invalid frame ID "map" passed to canTransform argument target_frame - frame does not exist
[amcl-2] [WARN] [1783074629.095896618] [amcl]: AMCL cannot publish a pose or update the transform. Please set the initial pose...
[controller_server-4] [ERROR] [1783074629.137831665] [local_costmap.local_costmap]: StaticLayer: "map" passed to lookupTransform argument target_frame does not exist. 
[controller_server-4] [ERROR] [1783074629.444547023] [local_costmap.local_costmap]: StaticLayer: "map" passed to lookupTransform argument target_frame does not exist. 
[planner_server-6] [INFO] [1783074629.531625072] [global_costmap.global_costmap]: Timed out waiting for transform from base_link to map to become available, tf error: Invalid frame ID "map" passed to canTransform argument target_frame - frame does not exist
[controller_server-4] [ERROR] [1783074629.846509340] [local_costmap.local_costmap]: StaticLayer: "map" passed to lookupTransform argument target_frame does not exist. 
[planner_server-6] [INFO] [1783074630.031639012] [global_costmap.global_costmap]: Timed out waiting for transform from base_link to map to become available, tf error: Invalid frame ID "map" passed to canTransform argument target_frame - frame does not exist
[controller_server-4] [ERROR] [1783074630.157811319] [local_costmap.local_costmap]: StaticLayer: "map" passed to lookupTransform argument target_frame does not exist. 
[controller_server-4] [ERROR] [1783074630.464779302] [local_costmap.local_costmap]: StaticLayer: "map" passed to lookupTransform argument target_frame does not exist. 
[planner_server-6] [INFO] [1783074630.531621119] [global_costmap.global_costmap]: Timed out waiting for transform from base_link to map to become available, tf error: Invalid frame ID "map" passed to canTransform argument target_frame - frame does not exist
[controller_server-4] [ERROR] [1783074630.863831080] [local_costmap.local_costmap]: StaticLayer: "map" passed to lookupTransform argument target_frame does not exist. 
[planner_server-6] [INFO] [1783074631.031623017] [global_costmap.global_costmap]: Timed out waiting for transform from base_link to map to become available, tf error: Invalid frame ID "map" passed to canTransform argument target_frame - frame does not exist
[controller_server-4] [ERROR] [1783074631.169769272] [local_costmap.local_costmap]: StaticLayer: "map" passed to lookupTransform argument target_frame does not exist. 
[amcl-2] [WARN] [1783074631.184757051] [amcl]: AMCL cannot publish a pose or update the transform. Please set the initial pose...
[controller_server-4] [ERROR] [1783074631.476005631] [local_costmap.local_costmap]: StaticLayer: "map" passed to lookupTransform argument target_frame does not exist. 
[planner_server-6] [INFO] [1783074631.533521747] [global_costmap.global_costmap]: Timed out waiting for transform from base_link to map to become available, tf error: Invalid frame ID "map" passed to canTransform argument target_frame - frame does not exist
[controller_server-4] [ERROR] [1783074631.873366285] [local_costmap.local_costmap]: StaticLayer: "map" passed to lookupTransform argument target_frame does not exist. 
[planner_server-6] [INFO] [1783074632.031630147] [global_costmap.global_costmap]: Timed out waiting for transform from base_link to map to become available, tf error: Invalid frame ID "map" passed to canTransform argument target_frame - frame does not exist
[controller_server-4] [ERROR] [1783074632.186241138] [local_costmap.local_costmap]: StaticLayer: "map" passed to lookupTransform argument target_frame does not exist. 
[controller_server-4] [ERROR] [1783074632.496775993] [local_costmap.local_costmap]: StaticLayer: "map" passed to lookupTransform argument target_frame does not exist. 
[planner_server-6] [INFO] [1783074632.531620254] [global_costmap.global_costmap]: Timed out waiting for transform from base_link to map to become available, tf error: Invalid frame ID "map" passed to canTransform argument target_frame - frame does not exist
[controller_server-4] [ERROR] [1783074632.893931022] [local_costmap.local_costmap]: StaticLayer: "map" passed to lookupTransform argument target_frame does not exist. 
[planner_server-6] [INFO] [1783074633.031645278] [global_costmap.global_costmap]: Timed out waiting for transform from base_link to map to become available, tf error: Invalid frame ID "map" passed to canTransform argument target_frame - frame does not exist
[controller_server-4] [ERROR] [1783074633.202270171] [local_costmap.local_costmap]: StaticLayer: "map" passed to lookupTransform argument target_frame does not exist. 
[amcl-2] [WARN] [1783074633.282280310] [amcl]: AMCL cannot publish a pose or update the transform. Please set the initial pose...
[controller_server-4] [ERROR] [1783074633.508486280] [local_costmap.local_costmap]: StaticLayer: "map" passed to lookupTransform argument target_frame does not exist. 
[planner_server-6] [INFO] [1783074633.531614551] [global_costmap.global_costmap]: Timed out waiting for transform from base_link to map to become available, tf error: Invalid frame ID "map" passed to canTransform argument target_frame - frame does not exist
[controller_server-4] [ERROR] [1783074633.912666553] [local_costmap.local_costmap]: StaticLayer: "map" passed to lookupTransform argument target_frame does not exist. 
[planner_server-6] [INFO] [1783074634.031620075] [global_costmap.global_costmap]: Timed out waiting for transform from base_link to map to become available, tf error: Invalid frame ID "map" passed to canTransform argument target_frame - frame does not exist
[controller_server-4] [ERROR] [1783074634.219441495] [local_costmap.local_costmap]: StaticLayer: "map" passed to lookupTransform argument target_frame does not exist. 
[controller_server-4] [ERROR] [1783074634.525311396] [local_costmap.local_costmap]: StaticLayer: "map" passed to lookupTransform argument target_frame does not exist. 
[planner_server-6] [INFO] [1783074634.531614307] [global_costmap.global_costmap]: Timed out waiting for transform from base_link to map to become available, tf error: Invalid frame ID "map" passed to canTransform argument target_frame - frame does not exist
[controller_server-4] [ERROR] [1783074634.925798214] [local_costmap.local_costmap]: StaticLayer: "map" passed to lookupTransform argument target_frame does not exist. 
[planner_server-6] [INFO] [1783074635.031643872] [global_costmap.global_costmap]: Timed out waiting for transform from base_link to map to become available, tf error: Invalid frame ID "map" passed to canTransform argument target_frame - frame does not exist
[controller_server-4] [ERROR] [1783074635.232041365] [local_costmap.local_costmap]: StaticLayer: "map" passed to lookupTransform argument target_frame does not exist. 
[amcl-2] [WARN] [1783074635.381149277] [amcl]: AMCL cannot publish a pose or update the transform. Please set the initial pose...
[planner_server-6] [INFO] [1783074635.531646396] [global_costmap.global_costmap]: Timed out waiting for transform from base_link to map to become available, tf error: Invalid frame ID "map" passed to canTransform argument target_frame - frame does not exist
[controller_server-4] [ERROR] [1783074635.538402307] [local_costmap.local_costmap]: StaticLayer: "map" passed to lookupTransform argument target_frame does not exist. 
[controller_server-4] [ERROR] [1783074635.938565001] [local_costmap.local_costmap]: StaticLayer: "map" passed to lookupTransform argument target_frame does not exist. 
[planner_server-6] [INFO] [1783074636.031651628] [global_costmap.global_costmap]: Timed out waiting for transform from base_link to map to become available, tf error: Invalid frame ID "map" passed to canTransform argument target_frame - frame does not exist
[controller_server-4] [ERROR] [1783074636.245398276] [local_costmap.local_costmap]: StaticLayer: "map" passed to lookupTransform argument target_frame does not exist. 
[planner_server-6] [INFO] [1783074636.531611694] [global_costmap.global_costmap]: Timed out waiting for transform from base_link to map to become available, tf error: Invalid frame ID "map" passed to canTransform argument target_frame - frame does not exist
[controller_server-4] [ERROR] [1783074636.551628385] [local_costmap.local_costmap]: StaticLayer: "map" passed to lookupTransform argument target_frame does not exist. 
[controller_server-4] [ERROR] [1783074636.951910037] [local_costmap.local_costmap]: StaticLayer: "map" passed to lookupTransform argument target_frame does not exist. 
[planner_server-6] [INFO] [1783074637.031614634] [global_costmap.global_costmap]: Timed out waiting for transform from base_link to map to become available, tf error: Invalid frame ID "map" passed to canTransform argument target_frame - frame does not exist
[controller_server-4] [ERROR] [1783074637.258371687] [local_costmap.local_costmap]: StaticLayer: "map" passed to lookupTransform argument target_frame does not exist. 
[amcl-2] [WARN] [1783074637.478183329] [amcl]: AMCL cannot publish a pose or update the transform. Please set the initial pose...
[planner_server-6] [INFO] [1783074637.531613783] [global_costmap.global_costmap]: Timed out waiting for transform from base_link to map to become available, tf error: Invalid frame ID "map" passed to canTransform argument target_frame - frame does not exist
[controller_server-4] [ERROR] [1783074637.565082504] [local_costmap.local_costmap]: StaticLayer: "map" passed to lookupTransform argument target_frame does not exist. 
[controller_server-4] [ERROR] [1783074637.965183906] [local_costmap.local_costmap]: StaticLayer: "map" passed to lookupTransform argument target_frame does not exist. 
[planner_server-6] [INFO] [1783074638.031614515] [global_costmap.global_costmap]: Timed out waiting for transform from base_link to map to become available, tf error: Invalid frame ID "map" passed to canTransform argument target_frame - frame does not exist
[controller_server-4] [ERROR] [1783074638.266363520] [local_costmap.local_costmap]: StaticLayer: "map" passed to lookupTransform argument target_frame does not exist. 
[planner_server-6] [INFO] [1783074638.531617081] [global_costmap.global_costmap]: Timed out waiting for transform from base_link to map to become available, tf error: Invalid frame ID "map" passed to canTransform argument target_frame - frame does not exist
[controller_server-4] [ERROR] [1783074638.568300174] [local_costmap.local_costmap]: StaticLayer: "map" passed to lookupTransform argument target_frame does not exist. 
[controller_server-4] [ERROR] [1783074638.993323596] [local_costmap.local_costmap]: StaticLayer: "map" passed to lookupTransform argument target_frame does not exist. 
[planner_server-6] [INFO] [1783074639.031626105] [global_costmap.global_costmap]: Timed out waiting for transform from base_link to map to become available, tf error: Invalid frame ID "map" passed to canTransform argument target_frame - frame does not exist
[controller_server-4] [ERROR] [1783074639.323396685] [local_costmap.local_costmap]: StaticLayer: "map" passed to lookupTransform argument target_frame does not exist. 
[amcl-2] [WARN] [1783074639.491018414] [amcl]: AMCL cannot publish a pose or update the transform. Please set the initial pose...
[planner_server-6] [INFO] [1783074639.531687754] [global_costmap.global_costmap]: Timed out waiting for transform from base_link to map to become available, tf error: Invalid frame ID "map" passed to canTransform argument target_frame - frame does not exist
[controller_server-4] [ERROR] [1783074639.632600500] [local_costmap.local_costmap]: StaticLayer: "map" passed to lookupTransform argument target_frame does not exist. 
[controller_server-4] [ERROR] [1783074640.026177324] [local_costmap.local_costmap]: StaticLayer: "map" passed to lookupTransform argument target_frame does not exist. 
[planner_server-6] [INFO] [1783074640.031621111] [global_costmap.global_costmap]: Timed out waiting for transform from base_link to map to become available, tf error: Invalid frame ID "map" passed to canTransform argument target_frame - frame does not exist
[controller_server-4] [ERROR] [1783074640.333234141] [local_costmap.local_costmap]: StaticLayer: "map" passed to lookupTransform argument target_frame does not exist. 
[planner_server-6] [INFO] [1783074640.531611344] [global_costmap.global_costmap]: Timed out waiting for transform from base_link to map to become available, tf error: Invalid frame ID "map" passed to canTransform argument target_frame - frame does not exist
[controller_server-4] [ERROR] [1783074640.639960291] [local_costmap.local_costmap]: StaticLayer: "map" passed to lookupTransform argument target_frame does not exist. 
[planner_server-6] [INFO] [1783074641.031758368] [global_costmap.global_costmap]: Timed out waiting for transform from base_link to map to become available, tf error: Invalid frame ID "map" passed to canTransform argument target_frame - frame does not exist
[controller_server-4] [ERROR] [1783074641.036158406] [local_costmap.local_costmap]: StaticLayer: "map" passed to lookupTransform argument target_frame does not exist. 
[controller_server-4] [ERROR] [1783074641.346525636] [local_costmap.local_costmap]: StaticLayer: "map" passed to lookupTransform argument target_frame does not exist. 
[planner_server-6] [INFO] [1783074641.531617934] [global_costmap.global_costmap]: Timed out waiting for transform from base_link to map to become available, tf error: Invalid frame ID "map" passed to canTransform argument target_frame - frame does not exist
[amcl-2] [WARN] [1783074641.576282520] [amcl]: AMCL cannot publish a pose or update the transform. Please set the initial pose...
[controller_server-4] [ERROR] [1783074641.654380869] [local_costmap.local_costmap]: StaticLayer: "map" passed to lookupTransform argument target_frame does not exist. 
[planner_server-6] [INFO] [1783074642.031626250] [global_costmap.global_costmap]: Timed out waiting for transform from base_link to map to become available, tf error: Invalid frame ID "map" passed to canTransform argument target_frame - frame does not exist
[controller_server-4] [ERROR] [1783074642.053877105] [local_costmap.local_costmap]: StaticLayer: "map" passed to lookupTransform argument target_frame does not exist. 
[controller_server-4] [ERROR] [1783074642.359864423] [local_costmap.local_costmap]: StaticLayer: "map" passed to lookupTransform argument target_frame does not exist. 
[planner_server-6] [INFO] [1783074642.531614107] [global_costmap.global_costmap]: Timed out waiting for transform from base_link to map to become available, tf error: Invalid frame ID "map" passed to canTransform argument target_frame - frame does not exist
[controller_server-4] [ERROR] [1783074642.666388115] [local_costmap.local_costmap]: StaticLayer: "map" passed to lookupTransform argument target_frame does not exist. 
[planner_server-6] [INFO] [1783074643.031614715] [global_costmap.global_costmap]: Timed out waiting for transform from base_link to map to become available, tf error: Invalid frame ID "map" passed to canTransform argument target_frame - frame does not exist
[controller_server-4] [ERROR] [1783074643.069630557] [local_costmap.local_costmap]: StaticLayer: "map" passed to lookupTransform argument target_frame does not exist. 
[amcl-2] [INFO] [1783074643.224463172] [amcl]: initialPoseReceived
[amcl-2] [WARN] [1783074643.226244629] [amcl]: Failed to transform initial pose in time (Lookup would require extrapolation into the future.  Requested time 1783074643.225986 but the latest data is at time 1783074643.197551, when looking up transform from frame [base_link] to frame [odom])
[amcl-2] [INFO] [1783074643.226934629] [amcl]: Setting pose (1783074643.226928): 1.982 0.174 2.977
[planner_server-6] [INFO] [1783074643.531940697] [global_costmap.global_costmap]: Timed out waiting for transform from base_link to map to become available, tf error: Lookup would require extrapolation into the past.  Requested time 1783074643.498081 but the earliest data is at time 1783074645.163989, when looking up transform from frame [base_link] to frame [map]
[planner_server-6] [INFO] [1783074644.031698972] [global_costmap.global_costmap]: Timed out waiting for transform from base_link to map to become available, tf error: Lookup would require extrapolation into the past.  Requested time 1783074643.997581 but the earliest data is at time 1783074645.163989, when looking up transform from frame [base_link] to frame [map]
[planner_server-6] [INFO] [1783074644.531681788] [global_costmap.global_costmap]: Timed out waiting for transform from base_link to map to become available, tf error: Lookup would require extrapolation into the past.  Requested time 1783074644.498047 but the earliest data is at time 1783074645.163989, when looking up transform from frame [base_link] to frame [map]
[planner_server-6] [INFO] [1783074645.031657187] [global_costmap.global_costmap]: Timed out waiting for transform from base_link to map to become available, tf error: Lookup would require extrapolation into the past.  Requested time 1783074644.998083 but the earliest data is at time 1783074645.163989, when looking up transform from frame [base_link] to frame [map]
[planner_server-6] [INFO] [1783074645.531854420] [global_costmap.global_costmap]: start
[amcl-2] [INFO] [1783074646.395262546] [amcl]: initialPoseReceived
[amcl-2] [WARN] [1783074646.395629212] [amcl]: Failed to transform initial pose in time (Lookup would require extrapolation into the future.  Requested time 1783074646.395445 but the latest data is at time 1783074646.364322, when looking up transform from frame [base_link] to frame [odom])
[amcl-2] [INFO] [1783074646.395737462] [amcl]: Setting pose (1783074646.395733): 1.982 0.174 2.977
[planner_server-6] [INFO] [1783074646.582216634] [planner_server]: Activating plugin GridBased of type NavfnPlanner
[planner_server-6] [INFO] [1783074646.589589836] [planner_server]: Creating bond (planner_server) to lifecycle manager.
[lifecycle_manager-11] [INFO] [1783074646.712536812] [lifecycle_manager_navigation]: Server planner_server connected with bond.
[lifecycle_manager-11] [INFO] [1783074646.712803145] [lifecycle_manager_navigation]: [34m[1mActivating behavior_server[0m[0m
[behavior_server-7] [INFO] [1783074646.714155769] [behavior_server]: Activating
[behavior_server-7] [INFO] [1783074646.714287769] [behavior_server]: Activating spin
[behavior_server-7] [INFO] [1783074646.714353436] [behavior_server]: Activating backup
[behavior_server-7] [INFO] [1783074646.714405644] [behavior_server]: Activating drive_on_heading
[behavior_server-7] [INFO] [1783074646.714456727] [behavior_server]: Activating assisted_teleop
[behavior_server-7] [INFO] [1783074646.714509602] [behavior_server]: Activating wait
[behavior_server-7] [INFO] [1783074646.714574852] [behavior_server]: Creating bond (behavior_server) to lifecycle manager.
[lifecycle_manager-11] [INFO] [1783074646.840482660] [lifecycle_manager_navigation]: Server behavior_server connected with bond.
[lifecycle_manager-11] [INFO] [1783074646.840641034] [lifecycle_manager_navigation]: [34m[1mActivating bt_navigator[0m[0m
[bt_navigator-8] [INFO] [1783074646.842190908] [bt_navigator]: Activating
[bt_navigator-8] [INFO] [1783074647.240421938] [bt_navigator]: Creating bond (bt_navigator) to lifecycle manager.
[lifecycle_manager-11] [INFO] [1783074647.360377834] [lifecycle_manager_navigation]: Server bt_navigator connected with bond.
[lifecycle_manager-11] [INFO] [1783074647.360555708] [lifecycle_manager_navigation]: [34m[1mActivating waypoint_follower[0m[0m
[waypoint_follower-9] [INFO] [1783074647.362003791] [waypoint_follower]: Activating
[waypoint_follower-9] [INFO] [1783074647.362234790] [waypoint_follower]: Creating bond (waypoint_follower) to lifecycle manager.
[lifecycle_manager-11] [INFO] [1783074647.490209346] [lifecycle_manager_navigation]: Server waypoint_follower connected with bond.
[lifecycle_manager-11] [INFO] [1783074647.490367554] [lifecycle_manager_navigation]: [34m[1mActivating velocity_smoother[0m[0m
[velocity_smoother-10] [INFO] [1783074647.494561634] [velocity_smoother]: Activating
[velocity_smoother-10] [INFO] [1783074647.494912759] [velocity_smoother]: Creating bond (velocity_smoother) to lifecycle manager.
[lifecycle_manager-11] [INFO] [1783074647.625250396] [lifecycle_manager_navigation]: Server velocity_smoother connected with bond.
[lifecycle_manager-11] [INFO] [1783074647.625423187] [lifecycle_manager_navigation]: [34m[1mManaged nodes are active[0m[0m
[lifecycle_manager-11] [INFO] [1783074647.625480270] [lifecycle_manager_navigation]: [34m[1mCreating bond timer...[0m[0m
[amcl-2] [INFO] [1783074649.559431010] [amcl]: initialPoseReceived
[amcl-2] [WARN] [1783074649.559778968] [amcl]: Failed to transform initial pose in time (Lookup would require extrapolation into the future.  Requested time 1783074649.559608 but the latest data is at time 1783074649.530853, when looking up transform from frame [base_link] to frame [odom])
[amcl-2] [INFO] [1783074649.559870426] [amcl]: Setting pose (1783074649.559866): 1.982 0.174 2.977
[amcl-2] [INFO] [1783074652.730198761] [amcl]: initialPoseReceived
[amcl-2] [WARN] [1783074652.730556553] [amcl]: Failed to transform initial pose in time (Lookup would require extrapolation into the future.  Requested time 1783074652.730398 but the latest data is at time 1783074652.698144, when looking up transform from frame [base_link] to frame [odom])
[amcl-2] [INFO] [1783074652.730693678] [amcl]: Setting pose (1783074652.730689): 1.982 0.174 2.977
[planner_server-6] [WARN] [1783074836.973427455] [planner_server]: No planners specified in action call. Server will use only plugin GridBased  in server. This warning will appear once.
[bt_navigator-8] [INFO] [1783074836.981874447] [bt_navigator]: Begin navigating from current location (1.95, 0.20) to (-0.34, 0.05)
[controller_server-4] [INFO] [1783074837.031502566] [controller_server]: Received a goal, begin computing control effort.
[controller_server-4] [WARN] [1783074837.031771358] [controller_server]: No goal checker was specified in parameter 'current_goal_checker'. Server will use only plugin loaded general_goal_checker . This warning will appear once.
[controller_server-4] [INFO] [1783074847.132939549] [controller_server]: Passing new path to controller.
[controller_server-4] [INFO] [1783074857.232934842] [controller_server]: Passing new path to controller.
[controller_server-4] [INFO] [1783074867.232927704] [controller_server]: Passing new path to controller.
[controller_server-4] [INFO] [1783074877.341782021] [controller_server]: Passing new path to controller.
[controller_server-4] [INFO] [1783074887.434146746] [controller_server]: Passing new path to controller.
[controller_server-4] [INFO] [1783074897.432923324] [controller_server]: Passing new path to controller.
[controller_server-4] [INFO] [1783074907.532953824] [controller_server]: Passing new path to controller.
[controller_server-4] [INFO] [1783074917.632935258] [controller_server]: Passing new path to controller.
[controller_server-4] [INFO] [1783074927.632982676] [controller_server]: Passing new path to controller.
[bt_navigator-8] [WARN] [1783074930.366583253] [BehaviorTreeEngine]: Behavior Tree tick rate 50.00 was exceeded!
[controller_server-4] [ERROR] [1783074937.133228658] [controller_server]: Failed to make progress
[controller_server-4] [WARN] [1783074937.133557158] [controller_server]: [follow_path] [ActionServer] Aborting handle.
[controller_server-4] [INFO] [1783074937.167363252] [local_costmap.local_costmap]: Received request to clear entirely the local_costmap
[controller_server-4] [INFO] [1783074937.173013413] [controller_server]: Received a goal, begin computing control effort.
[controller_server-4] [WARN] [1783074937.366788774] [controller_server]: Control loop missed its desired rate of 10.0000Hz
[controller_server-4] [INFO] [1783074937.773339604] [controller_server]: Passing new path to controller.
[bt_navigator-8] [WARN] [1783074944.288403127] [BehaviorTreeEngine]: Behavior Tree tick rate 50.00 was exceeded!
[bt_navigator-8] [WARN] [1783074947.767282685] [bt_navigator_navigate_to_pose_rclcpp_node]: Timed out while waiting for action server to acknowledge goal request for compute_path_to_pose
[planner_server-6] [INFO] [1783074947.768757684] [global_costmap.global_costmap]: Received request to clear entirely the global_costmap
[bt_navigator-8] [WARN] [1783074947.828275962] [bt_navigator_navigate_to_pose_rclcpp_node]: Node timed out while executing service call to global_costmap/clear_entirely_global_costmap.
[controller_server-4] [INFO] [1783074947.881043829] [controller_server]: Goal was canceled. Stopping the robot.
[bt_navigator-8] [ERROR] [1783074947.889455447] [bt_navigator_navigate_to_pose_rclcpp_node]: Failed to cancel action server for follow_path
[controller_server-4] [INFO] [1783074947.901514352] [controller_server]: [follow_path] [ActionServer] Client requested to cancel the goal. Cancelling.
[bt_navigator-8] [ERROR] [1783074947.949792224] [bt_navigator_navigate_to_pose_rclcpp_node]: Failed to get result for follow_path in node halt!
[bt_navigator-8] [WARN] [1783074947.961690880] [BehaviorTreeEngine]: Behavior Tree tick rate 50.00 was exceeded!
[bt_navigator-8] [WARN] [1783074948.021938949] [bt_navigator_navigate_to_pose_rclcpp_node]: Node timed out while executing service call to local_costmap/clear_entirely_local_costmap.
[controller_server-4] [INFO] [1783074948.029048692] [local_costmap.local_costmap]: Received request to clear entirely the local_costmap
[bt_navigator-8] [WARN] [1783074948.042019847] [bt_navigator]: [navigate_to_pose] [ActionServer] Aborting handle.
[bt_navigator-8] [ERROR] [1783074948.043621428] [bt_navigator]: Goal failed
[map_server-1] [INFO] [1783075199.154367636] [rclcpp]: signal_handler(signum=2)
[map_server-1] [INFO] [1783075199.155290969] [map_server]: Running Nav2 LifecycleNode rcl preshutdown (map_server)
[bt_navigator-8] [INFO] [1783075199.154359303] [rclcpp]: signal_handler(signum=2)
[amcl-2] [INFO] [1783075199.154367470] [rclcpp]: signal_handler(signum=2)
[velocity_smoother-10] [INFO] [1783075199.154466470] [rclcpp]: signal_handler(signum=2)
[velocity_smoother-10] [INFO] [1783075199.155204594] [velocity_smoother]: Running Nav2 LifecycleNode rcl preshutdown (velocity_smoother)
[velocity_smoother-10] [INFO] [1783075199.155462427] [velocity_smoother]: Deactivating
[velocity_smoother-10] [INFO] [1783075199.155557427] [velocity_smoother]: Destroying bond (velocity_smoother) to lifecycle manager.
[controller_server-4] [INFO] [1783075199.154761261] [rclcpp]: signal_handler(signum=2)
[planner_server-6] [INFO] [1783075199.154887969] [rclcpp]: signal_handler(signum=2)
[smoother_server-5] [INFO] [1783075199.155064469] [rclcpp]: signal_handler(signum=2)
[map_server-1] [INFO] [1783075199.155497760] [map_server]: Deactivating
[map_server-1] [INFO] [1783075199.155570385] [map_server]: Destroying bond (map_server) to lifecycle manager.
[planner_server-6] [INFO] [1783075199.155966968] [planner_server]: Running Nav2 LifecycleNode rcl preshutdown (planner_server)
[planner_server-6] [INFO] [1783075199.156186468] [planner_server]: Deactivating
[planner_server-6] [INFO] [1783075199.156313343] [global_costmap.global_costmap]: Deactivating
[amcl-2] [INFO] [1783075199.156322093] [amcl]: Running Nav2 LifecycleNode rcl preshutdown (amcl)
[lifecycle_manager-3] [INFO] [1783075199.156837468] [rclcpp]: signal_handler(signum=2)
[controller_server-4] [INFO] [1783075199.157001301] [controller_server]: Running Nav2 LifecycleNode rcl preshutdown (controller_server)
[controller_server-4] [INFO] [1783075199.157268259] [controller_server]: Deactivating
[controller_server-4] [INFO] [1783075199.157352342] [controller_server]: Deactivating controller: FollowPath of type regulated_pure_pursuit_controller::RegulatedPurePursuitController
[controller_server-4] [INFO] [1783075199.157462842] [local_costmap.local_costmap]: Deactivating
[bt_navigator-8] [INFO] [1783075199.158396258] [bt_navigator]: Running Nav2 LifecycleNode rcl preshutdown (bt_navigator)
[bt_navigator-8] [INFO] [1783075199.158702299] [bt_navigator]: Deactivating
[bt_navigator-8] [INFO] [1783075199.158804341] [bt_navigator]: Destroying bond (bt_navigator) to lifecycle manager.
[behavior_server-7] [INFO] [1783075199.158649008] [rclcpp]: signal_handler(signum=2)
[smoother_server-5] [INFO] [1783075199.158656549] [smoother_server]: Running Nav2 LifecycleNode rcl preshutdown (smoother_server)
[smoother_server-5] [INFO] [1783075199.158897924] [smoother_server]: Deactivating
[smoother_server-5] [INFO] [1783075199.158973841] [smoother_server]: Destroying bond (smoother_server) to lifecycle manager.
[behavior_server-7] [INFO] [1783075199.160279381] [behavior_server]: Running Nav2 LifecycleNode rcl preshutdown (behavior_server)
[behavior_server-7] [INFO] [1783075199.160575131] [behavior_server]: Deactivating
[behavior_server-7] [INFO] [1783075199.160702964] [behavior_server]: Destroying bond (behavior_server) to lifecycle manager.
[controller_server-4] [INFO] [1783075199.161070714] [controller_server]: Destroying bond (controller_server) to lifecycle manager.
[lifecycle_manager-3] [INFO] [1783075199.162218671] [lifecycle_manager_localization]: Running Nav2 LifecycleManager rcl preshutdown (lifecycle_manager_localization)
[lifecycle_manager-3] [INFO] [1783075199.162432213] [lifecycle_manager_localization]: [34m[1mTerminating bond timer...[0m[0m
[waypoint_follower-9] [INFO] [1783075199.165268710] [rclcpp]: signal_handler(signum=2)
[waypoint_follower-9] [INFO] [1783075199.166464542] [waypoint_follower]: Running Nav2 LifecycleNode rcl preshutdown (waypoint_follower)
[waypoint_follower-9] [INFO] [1783075199.166748667] [waypoint_follower]: Deactivating
[waypoint_follower-9] [INFO] [1783075199.166846709] [waypoint_follower]: Destroying bond (waypoint_follower) to lifecycle manager.
[amcl-2] [INFO] [1783075199.171141580] [amcl]: Deactivating
[amcl-2] [INFO] [1783075199.171303580] [amcl]: Destroying bond (amcl) to lifecycle manager.
[lifecycle_manager-11] [INFO] [1783075199.175639326] [rclcpp]: signal_handler(signum=2)
[lifecycle_manager-11] [INFO] [1783075199.176008492] [lifecycle_manager_navigation]: Running Nav2 LifecycleManager rcl preshutdown (lifecycle_manager_navigation)
[lifecycle_manager-11] [INFO] [1783075199.176178992] [lifecycle_manager_navigation]: [34m[1mTerminating bond timer...[0m[0m
[map_server-1] [INFO] [1783075199.187025566] [map_server]: Cleaning up
[map_server-1] [INFO] [1783075199.187248691] [map_server]: Destroying bond (map_server) to lifecycle manager.
[velocity_smoother-10] [INFO] [1783075199.223218658] [velocity_smoother]: Cleaning up
[velocity_smoother-10] [INFO] [1783075199.223456283] [velocity_smoother]: Destroying bond (velocity_smoother) to lifecycle manager.
[waypoint_follower-9] [INFO] [1783075199.268892409] [waypoint_follower]: Cleaning up
[controller_server-4] [INFO] [1783075199.280884065] [controller_server]: Cleaning up
[controller_server-4] [INFO] [1783075199.281020315] [controller_server]: Cleaning up controller: FollowPath of type regulated_pure_pursuit_controller::RegulatedPurePursuitController
[controller_server-4] [INFO] [1783075199.281202940] [local_costmap.local_costmap]: Cleaning up
[bt_navigator-8] [INFO] [1783075199.281521773] [bt_navigator]: Cleaning up
[smoother_server-5] [INFO] [1783075199.285818686] [smoother_server]: Cleaning up
[behavior_server-7] [INFO] [1783075199.286034311] [behavior_server]: Cleaning up
[velocity_smoother-10] [INFO] [1783075199.311284455] [velocity_smoother]: Destroying
[map_server-1] [INFO] [1783075199.356717623] [map_server]: Destroying
[amcl-2] [INFO] [1783075199.391746258] [amcl]: Cleaning up
[lifecycle_manager-3] [INFO] [1783075199.424844021] [lifecycle_manager_localization]: Destroying lifecycle_manager_localization
[waypoint_follower-9] [INFO] [1783075199.473677311] [waypoint_follower]: Destroying bond (waypoint_follower) to lifecycle manager.
[behavior_server-7] [INFO] [1783075199.496046999] [behavior_server]: Destroying bond (behavior_server) to lifecycle manager.
[waypoint_follower-9] [INFO] [1783075199.528604178] [waypoint_follower]: Destroying
[planner_server-6] [INFO] [1783075199.532331925] [planner_server]: Deactivating plugin GridBased of type NavfnPlanner
[planner_server-6] [INFO] [1783075199.532510258] [planner_server]: Destroying bond (planner_server) to lifecycle manager.
[amcl-2] [INFO] [1783075199.580984340] [amcl]: Destroying bond (amcl) to lifecycle manager.
[smoother_server-5] [INFO] [1783075199.588451792] [smoother_server]: Destroying bond (smoother_server) to lifecycle manager.
[smoother_server-5] [INFO] [1783075199.620853430] [smoother_server]: Destroying
[planner_server-6] [INFO] [1783075199.634348293] [planner_server]: Cleaning up
[amcl-2] [INFO] [1783075199.735547327] [amcl]: Destroying
[controller_server-4] [INFO] [1783075199.973595574] [controller_server]: Destroying bond (controller_server) to lifecycle manager.
[controller_server-4] [INFO] [1783075199.998868718] [local_costmap.local_costmap]: Destroying
[planner_server-6] [INFO] [1783075200.032712271] [global_costmap.global_costmap]: Cleaning up
[lifecycle_manager-11] [INFO] [1783075200.050762964] [lifecycle_manager_navigation]: Destroying lifecycle_manager_navigation
[planner_server-6] [INFO] [1783075200.108555745] [planner_server]: Cleaning up plugin GridBased of type NavfnPlanner
[planner_server-6] [INFO] [1783075200.125500522] [planner_server]: Destroying plugin GridBased of type NavfnPlanner
[INFO] [velocity_smoother-10]: process has finished cleanly [pid 186922]
[INFO] [lifecycle_manager-3]: process has finished cleanly [pid 186900]
[INFO] [map_server-1]: process has finished cleanly [pid 186896]
[planner_server-6] [INFO] [1783075200.259944277] [planner_server]: Destroying bond (planner_server) to lifecycle manager.
[controller_server-4] [INFO] [1783075200.289320501] [controller_server]: Destroying
[planner_server-6] [INFO] [1783075200.292795456] [global_costmap.global_costmap]: Destroying
[behavior_server-7] [INFO] [1783075200.306199445] [behavior_server]: Destroying
[INFO] [waypoint_follower-9]: process has finished cleanly [pid 186912]
[INFO] [smoother_server-5]: process has finished cleanly [pid 186904]
[planner_server-6] [INFO] [1783075200.553006517] [planner_server]: Destroying
[INFO] [amcl-2]: process has finished cleanly [pid 186898]
[INFO] [lifecycle_manager-11]: process has finished cleanly [pid 186929]
[INFO] [controller_server-4]: process has finished cleanly [pid 186902]
[INFO] [behavior_server-7]: process has finished cleanly [pid 186908]
[INFO] [planner_server-6]: process has finished cleanly [pid 186906]
[bt_navigator-8] [INFO] [1783075201.051340031] [bt_navigator]: Completed Cleaning up
[bt_navigator-8] [INFO] [1783075201.051645948] [bt_navigator]: Destroying bond (bt_navigator) to lifecycle manager.
[bt_navigator-8] [INFO] [1783075201.159635477] [bt_navigator]: Destroying
[INFO] [bt_navigator-8]: process has finished cleanly [pid 186910]
