[INFO] [1782979676.539928702] [map_server]: 
	map_server lifecycle node launched. 
	Waiting on external lifecycle transitions to activate
	See https://design.ros2.org/articles/node_lifecycle.html for more information.
[INFO] [1782979676.540640243] [map_server]: Creating
[INFO] [1782979682.977100716] [map_server]: Configuring
[INFO] [1782979682.977481800] [map_io]: Loading yaml file: /root/rdk_x5_vln_robot/maps/joy_calibrated_corridor_map.yaml
[INFO] [1782979682.978583383] [map_io]: resolution: 0.05
[INFO] [1782979682.978726675] [map_io]: origin[0]: -5.07
[INFO] [1782979682.978797883] [map_io]: origin[1]: -5.68
[INFO] [1782979682.978865050] [map_io]: origin[2]: 0
[INFO] [1782979682.978934009] [map_io]: free_thresh: 0.25
[INFO] [1782979682.979007800] [map_io]: occupied_thresh: 0.65
[INFO] [1782979682.979080675] [map_io]: mode: trinary
[INFO] [1782979682.979157759] [map_io]: negate: 0
[INFO] [1782979682.979965342] [map_io]: Loading image_file: /root/rdk_x5_vln_robot/maps/joy_calibrated_corridor_map.pgm
[INFO] [1782979683.007458390] [map_io]: Read map /root/rdk_x5_vln_robot/maps/joy_calibrated_corridor_map.pgm: 155 X 201 map @ 0.05 m/cell
[INFO] [1782979690.323769214] [map_server]: Activating
[INFO] [1782979690.324772131] [map_server]: Creating bond (map_server) to lifecycle manager.
[INFO] [1782979765.191057124] [rclcpp]: signal_handler(signum=2)
[INFO] [1782979765.191619124] [map_server]: Running Nav2 LifecycleNode rcl preshutdown (map_server)
[INFO] [1782979765.191893874] [map_server]: Deactivating
[INFO] [1782979765.192046416] [map_server]: Destroying bond (map_server) to lifecycle manager.
[INFO] [1782979765.202684710] [map_server]: Cleaning up
[INFO] [1782979765.203906752] [map_server]: Destroying bond (map_server) to lifecycle manager.
[INFO] [1782979765.235758549] [map_server]: Destroying
