[INFO] [1782979698.091108155] [planner_server]: 
	planner_server lifecycle node launched. 
	Waiting on external lifecycle transitions to activate
	See https://design.ros2.org/articles/node_lifecycle.html for more information.
[INFO] [1782979698.097533698] [planner_server]: Creating
[INFO] [1782979698.121151870] [global_costmap.global_costmap]: 
	global_costmap lifecycle node launched. 
	Waiting on external lifecycle transitions to activate
	See https://design.ros2.org/articles/node_lifecycle.html for more information.
[INFO] [1782979698.122996787] [global_costmap.global_costmap]: Creating Costmap
[INFO] [1782979708.002298256] [planner_server]: Configuring
[INFO] [1782979708.003159215] [global_costmap.global_costmap]: Configuring
[INFO] [1782979708.036511056] [global_costmap.global_costmap]: Using plugin "static_layer"
[INFO] [1782979708.051221726] [global_costmap.global_costmap]: Subscribing to the map topic (/map) with transient local durability
[INFO] [1782979708.058840477] [global_costmap.global_costmap]: Initialized plugin "static_layer"
[INFO] [1782979708.059627186] [global_costmap.global_costmap]: Using plugin "inflation_layer"
[INFO] [1782979708.063490103] [global_costmap.global_costmap]: Initialized plugin "inflation_layer"
[INFO] [1782979708.101271570] [global_costmap.global_costmap]: StaticLayer: Resizing costmap to 155 X 201 at 0.050000 m/pix
[INFO] [1782979708.102401862] [planner_server]: Created global planner plugin GridBased of type nav2_navfn_planner/NavfnPlanner
[INFO] [1782979708.102584779] [planner_server]: Configuring plugin GridBased of type NavfnPlanner
[INFO] [1782979708.103739154] [planner_server]: Planner Server has GridBased  planners available.
[INFO] [1782979717.520379258] [planner_server]: Activating
[INFO] [1782979717.520709091] [global_costmap.global_costmap]: Activating
[INFO] [1782979717.520839550] [global_costmap.global_costmap]: Checking transform
[INFO] [1782979717.521220550] [global_costmap.global_costmap]: start
[INFO] [1782979718.571517782] [planner_server]: Activating plugin GridBased of type NavfnPlanner
[INFO] [1782979718.574809324] [planner_server]: Creating bond (planner_server) to lifecycle manager.
[INFO] [1782979765.191056749] [rclcpp]: signal_handler(signum=2)
[INFO] [1782979765.191502624] [planner_server]: Running Nav2 LifecycleNode rcl preshutdown (planner_server)
[INFO] [1782979765.191817416] [planner_server]: Deactivating
[INFO] [1782979765.191995083] [global_costmap.global_costmap]: Deactivating
[INFO] [1782979765.521652938] [planner_server]: Deactivating plugin GridBased of type NavfnPlanner
[INFO] [1782979765.522647314] [planner_server]: Destroying bond (planner_server) to lifecycle manager.
[INFO] [1782979765.533818107] [planner_server]: Cleaning up
[INFO] [1782979765.570982615] [global_costmap.global_costmap]: Cleaning up
[INFO] [1782979765.580386658] [planner_server]: Cleaning up plugin GridBased of type NavfnPlanner
[INFO] [1782979765.581196367] [planner_server]: Destroying plugin GridBased of type NavfnPlanner
[INFO] [1782979765.604290996] [planner_server]: Destroying bond (planner_server) to lifecycle manager.
[INFO] [1782979765.615392748] [global_costmap.global_costmap]: Destroying
[INFO] [1782979765.643998004] [planner_server]: Destroying
