[INFO] [1783241819.055223110] [foxglove_click_goal_bridge]: Foxglove click goal bridge started.
[INFO] [1783241819.080989150] [foxglove_click_goal_bridge]: Listening point click topic:
[INFO] [1783241819.084178400] [foxglove_click_goal_bridge]:   /foxglove_goal_point
[INFO] [1783241819.093604692] [foxglove_click_goal_bridge]:   geometry_msgs/msg/PointStamped
[INFO] [1783241819.110075108] [foxglove_click_goal_bridge]: Listening pose click topic:
[INFO] [1783241819.127961191] [foxglove_click_goal_bridge]:   /foxglove_goal_pose
[INFO] [1783241819.151666399] [foxglove_click_goal_bridge]:   geometry_msgs/msg/PoseStamped
[INFO] [1783241819.169351481] [foxglove_click_goal_bridge]: Recommended Foxglove tool:
[INFO] [1783241819.175691856] [foxglove_click_goal_bridge]:   Publish -> 2D point -> /foxglove_goal_point
[INFO] [1783241819.180150106] [foxglove_click_goal_bridge]: Visual path topic: /foxglove_click_planned_path
[INFO] [1783241819.202052189] [foxglove_click_goal_bridge]: Visual trajectory: /foxglove_click_trajectory_dots (red dots)
[INFO] [1783241819.205800480] [foxglove_click_goal_bridge]: Visual start marker: /foxglove_click_start_marker
[INFO] [1783241819.231019563] [foxglove_click_goal_bridge]: Visual goal marker: /foxglove_click_goal_marker + /foxglove_click_goal_label
[INFO] [1783241819.235692438] [foxglove_click_goal_bridge]: Foxglove map viz: /foxglove_map_viz (use in 3D panel instead of /map)
[INFO] [1783241820.699536564] [foxglove_click_goal_bridge]: >>> CLICK READY: Foxglove 可以单击地图白色区域发送导航目标。 Topic=/foxglove_goal_point, frame=map。 若 scan 与地图错位，请先用 /initialpose 校正。导航进行中会忽略新点击。
[INFO] [1783241833.469254864] [foxglove_click_goal_bridge]: Transformed click from base_link (-2.796, 1.589) -> map (-2.175, 3.228)
[INFO] [1783241833.489284530] [foxglove_click_goal_bridge]: Goal marker published at (-2.175, 3.228) -> /foxglove_click_goal_marker /foxglove_click_goal_label
[INFO] [1783241833.513442530] [foxglove_click_goal_bridge]: Received Foxglove clicked point: frame_id=base_link, x=-2.175, y=3.228, goal_yaw=-0.045
[INFO] [1783241833.519707488] [foxglove_click_goal_bridge]: Goal footprint OK: (-2.175, 3.228) -> ok (radius=0.11m)
[INFO] [1783241833.550193612] [foxglove_click_goal_bridge]: [1] Start marker at (0.546, 1.513) -> /foxglove_click_start_marker
[INFO] [1783241833.575087569] [foxglove_click_goal_bridge]: Goal marker published at (-2.175, 3.228) -> /foxglove_click_goal_marker /foxglove_click_goal_label
[INFO] [1783241833.579255903] [foxglove_click_goal_bridge]: [1] Accepted goal: frame=map, x=-2.175, y=3.228
[INFO] [1783241833.713250482] [foxglove_click_goal_bridge]: [1] Planned path published: 155 poses -> /foxglove_click_planned_path
[INFO] [1783241833.750446523] [foxglove_click_goal_bridge]: [1] NavigateToPose goal accepted. Robot should start planning/following.
[INFO] [1783241833.771724647] [foxglove_click_goal_bridge]: [1] navigating: distance_remaining=0.000 m, recoveries=0
[INFO] [1783241835.778980671] [foxglove_click_goal_bridge]: [1] navigating: distance_remaining=3.960 m, recoveries=0
[INFO] [1783241837.810907193] [foxglove_click_goal_bridge]: [1] navigating: distance_remaining=3.960 m, recoveries=0
[INFO] [1783241839.815765466] [foxglove_click_goal_bridge]: [1] navigating: distance_remaining=3.960 m, recoveries=0
[INFO] [1783241841.815816364] [foxglove_click_goal_bridge]: [1] navigating: distance_remaining=3.839 m, recoveries=0
[INFO] [1783241843.819277136] [foxglove_click_goal_bridge]: [1] navigating: distance_remaining=3.739 m, recoveries=0
[INFO] [1783241845.826814157] [foxglove_click_goal_bridge]: [1] navigating: distance_remaining=3.593 m, recoveries=0
[INFO] [1783241847.844387927] [foxglove_click_goal_bridge]: [1] navigating: distance_remaining=3.343 m, recoveries=0
[INFO] [1783241849.865437530] [foxglove_click_goal_bridge]: [1] navigating: distance_remaining=3.118 m, recoveries=0
[INFO] [1783241851.890536050] [foxglove_click_goal_bridge]: [1] navigating: distance_remaining=2.918 m, recoveries=0
[INFO] [1783241853.971682233] [foxglove_click_goal_bridge]: [1] navigating: distance_remaining=2.721 m, recoveries=0
[INFO] [1783241855.976686710] [foxglove_click_goal_bridge]: [1] navigating: distance_remaining=2.539 m, recoveries=0
[INFO] [1783241857.985557520] [foxglove_click_goal_bridge]: [1] navigating: distance_remaining=2.314 m, recoveries=0
[INFO] [1783241859.988292871] [foxglove_click_goal_bridge]: [1] navigating: distance_remaining=2.089 m, recoveries=0
[INFO] [1783241861.988041014] [foxglove_click_goal_bridge]: [1] navigating: distance_remaining=1.964 m, recoveries=0
[INFO] [1783241863.991573614] [foxglove_click_goal_bridge]: [1] navigating: distance_remaining=1.744 m, recoveries=0
[INFO] [1783241866.001833130] [foxglove_click_goal_bridge]: [1] navigating: distance_remaining=1.493 m, recoveries=0
[INFO] [1783241868.045010436] [foxglove_click_goal_bridge]: [1] navigating: distance_remaining=1.343 m, recoveries=0
[INFO] [1783241870.043022035] [foxglove_click_goal_bridge]: [1] navigating: distance_remaining=1.118 m, recoveries=0
[INFO] [1783241872.042927342] [foxglove_click_goal_bridge]: [1] navigating: distance_remaining=0.918 m, recoveries=0
[INFO] [1783241874.057619064] [foxglove_click_goal_bridge]: [1] navigating: distance_remaining=0.679 m, recoveries=0
[INFO] [1783241876.061692828] [foxglove_click_goal_bridge]: [1] navigating: distance_remaining=0.389 m, recoveries=0
[INFO] [1783241877.959328386] [foxglove_click_goal_bridge]: [1] Navigation succeeded. status=4
[INFO] [1783241877.962764720] [foxglove_click_goal_bridge]: Navigation succeeded. Current pose will be updated by pose_memory_node.
