[INFO] [launch]: All log files can be found below /root/.ros/log/2026-07-06-14-21-45-892473-ubuntu-9797
[INFO] [launch]: Default logging verbosity is set to INFO
[INFO] [foxglove_bridge-1]: process started with pid [9830]
[foxglove_bridge-1] [INFO] [1783318907.063273909] [foxglove_bridge]: Starting foxglove_bridge (humble, 3.3.0@)
[foxglove_bridge-1] [INFO] [1783318907.069315452] [foxglove_bridge]: Server listening on port 8765
[foxglove_bridge-1] [INFO] [1783318907.073705161] [foxglove_bridge]: Advertising new channel 2 for topic "/tf_static"
[foxglove_bridge-1] [INFO] [1783318907.074673161] [foxglove_bridge]: Advertising new channel 3 for topic "/rosout"
[foxglove_bridge-1] [INFO] [1783318907.076411370] [foxglove_bridge]: Advertising new channel 4 for topic "/parameter_events"
[foxglove_bridge-1] [INFO] [1783318907.627099997] [foxglove_bridge]: Advertising new channel 5 for topic "/scan"
[foxglove_bridge-1] [INFO] [1783318908.156647536] [foxglove_bridge]: Advertising new channel 6 for topic "/tf"
[foxglove_bridge-1] [INFO] [1783318908.159561912] [foxglove_bridge]: Advertising new channel 7 for topic "/odom"
[foxglove_bridge-1] [INFO] [1783318908.160206204] [foxglove_bridge]: Advertising new channel 8 for topic "/cmd_vel_sent"
[foxglove_bridge-1] [INFO] [1783318908.160386245] [foxglove_bridge]: Advertising new channel 9 for topic "/scan_filtered"
[foxglove_bridge-1] [INFO] [1783318908.160468079] [foxglove_bridge]: Advertising new channel 10 for topic "/cmd_vel"
[foxglove_bridge-1] [INFO] [1783318908.165536830] [foxglove_bridge]: Advertising new channel 11 for topic "/chassis_bridge_state"
[foxglove_bridge-1] [INFO] [1783318908.247719390] [foxglove_bridge]: received connection graph subscribe request
[foxglove_bridge-1] [INFO] [1783318908.250047599] [foxglove_bridge]: received subscribe request for channel 2 from client 1
[foxglove_bridge-1] [INFO] [1783318908.262894102] [foxglove_bridge]: Created ROS subscription on /tf_static (tf2_msgs/msg/TFMessage) for channel 2
[foxglove_bridge-1] [INFO] [1783318908.263159977] [foxglove_bridge]: received subscribe request for channel 5 from client 1
[foxglove_bridge-1] [INFO] [1783318908.271792646] [foxglove_bridge]: Created ROS subscription on /scan (sensor_msgs/msg/LaserScan) for channel 5
[foxglove_bridge-1] [INFO] [1783318908.343221745] [foxglove_bridge]: received subscribe request for channel 6 from client 1
[foxglove_bridge-1] [INFO] [1783318908.345811996] [foxglove_bridge]: Created ROS subscription on /tf (tf2_msgs/msg/TFMessage) for channel 6
[foxglove_bridge-1] [INFO] [1783318908.423615597] [foxglove_bridge]: received subscribe request for channel 10 from client 1
[foxglove_bridge-1] [INFO] [1783318908.427578306] [foxglove_bridge]: Created ROS subscription on /cmd_vel (geometry_msgs/msg/Twist) for channel 10
[foxglove_bridge-1] [INFO] [1783318908.736300252] [foxglove_bridge]: publishing connection graph
[foxglove_bridge-1] [INFO] [1783318912.918425846] [foxglove_bridge]: publishing connection graph
[foxglove_bridge-1] [INFO] [1783318913.422343746] [foxglove_bridge]: publishing connection graph
[foxglove_bridge-1] [INFO] [1783318917.353509525] [foxglove_bridge]: publishing connection graph
[foxglove_bridge-1] [INFO] [1783318917.866219212] [foxglove_bridge]: Advertising new channel 12 for topic "/diagnostics"
[foxglove_bridge-1] [INFO] [1783318919.862980651] [foxglove_bridge]: publishing connection graph
[foxglove_bridge-1] [INFO] [1783318920.376669710] [foxglove_bridge]: Advertising new channel 13 for topic "/waypoint_follower/transition_event"
[foxglove_bridge-1] [INFO] [1783318920.376958668] [foxglove_bridge]: Advertising new channel 14 for topic "/velocity_smoother/transition_event"
[foxglove_bridge-1] [INFO] [1783318920.377154543] [foxglove_bridge]: Advertising new channel 15 for topic "/smoother_server/transition_event"
[foxglove_bridge-1] [INFO] [1783318920.378792460] [foxglove_bridge]: Advertising new channel 16 for topic "/received_global_plan"
[foxglove_bridge-1] [INFO] [1783318920.382127461] [foxglove_bridge]: Advertising new channel 17 for topic "/particle_cloud"
[foxglove_bridge-1] [INFO] [1783318920.382834627] [foxglove_bridge]: Advertising new channel 18 for topic "/lookahead_point"
[foxglove_bridge-1] [INFO] [1783318920.383020877] [foxglove_bridge]: Advertising new channel 19 for topic "/plan_smoothed"
[foxglove_bridge-1] [INFO] [1783318920.385755586] [foxglove_bridge]: Advertising new channel 20 for topic "/local_costmap/published_footprint"
[foxglove_bridge-1] [INFO] [1783318920.386032795] [foxglove_bridge]: Advertising new channel 21 for topic "/local_costmap/local_costmap/transition_event"
[foxglove_bridge-1] [INFO] [1783318920.388177753] [foxglove_bridge]: Advertising new channel 22 for topic "/local_costmap/costmap_updates"
[foxglove_bridge-1] [INFO] [1783318920.389232920] [foxglove_bridge]: Advertising new channel 23 for topic "/local_costmap/costmap"
[foxglove_bridge-1] [INFO] [1783318920.389445420] [foxglove_bridge]: Advertising new channel 24 for topic "/lookahead_collision_arc"
[foxglove_bridge-1] [INFO] [1783318920.391746004] [foxglove_bridge]: Advertising new channel 25 for topic "/local_costmap/clearing_endpoints"
[foxglove_bridge-1] [INFO] [1783318920.394041838] [foxglove_bridge]: Advertising new channel 26 for topic "/local_costmap/costmap_raw"
[foxglove_bridge-1] [INFO] [1783318920.394744171] [foxglove_bridge]: Advertising new channel 27 for topic "/initialpose"
[foxglove_bridge-1] [INFO] [1783318920.394945630] [foxglove_bridge]: Advertising new channel 28 for topic "/global_costmap/published_footprint"
[foxglove_bridge-1] [INFO] [1783318920.395467088] [foxglove_bridge]: Advertising new channel 29 for topic "/local_costmap/footprint"
[foxglove_bridge-1] [INFO] [1783318920.395664422] [foxglove_bridge]: Advertising new channel 30 for topic "/global_costmap/global_costmap/transition_event"
[foxglove_bridge-1] [INFO] [1783318920.395783672] [foxglove_bridge]: Advertising new channel 31 for topic "/map"
[foxglove_bridge-1] [INFO] [1783318920.395890797] [foxglove_bridge]: Advertising new channel 32 for topic "/global_costmap/costmap_raw"
[foxglove_bridge-1] [INFO] [1783318920.396022005] [foxglove_bridge]: Advertising new channel 33 for topic "/controller_server/transition_event"
[foxglove_bridge-1] [INFO] [1783318920.397428172] [foxglove_bridge]: Advertising new channel 34 for topic "/speed_limit"
[foxglove_bridge-1] [INFO] [1783318920.397699630] [foxglove_bridge]: Advertising new channel 35 for topic "/map_server/transition_event"
[foxglove_bridge-1] [INFO] [1783318920.397824047] [foxglove_bridge]: Advertising new channel 36 for topic "/cmd_vel_nav"
[foxglove_bridge-1] [INFO] [1783318920.397949630] [foxglove_bridge]: Advertising new channel 37 for topic "/planner_server/transition_event"
[foxglove_bridge-1] [INFO] [1783318920.398075339] [foxglove_bridge]: Advertising new channel 38 for topic "/bt_navigator/transition_event"
[foxglove_bridge-1] [INFO] [1783318920.400308631] [foxglove_bridge]: Advertising new channel 39 for topic "/bond"
[foxglove_bridge-1] [INFO] [1783318920.400607548] [foxglove_bridge]: Advertising new channel 40 for topic "/behavior_server/transition_event"
[foxglove_bridge-1] [INFO] [1783318920.400750214] [foxglove_bridge]: Advertising new channel 41 for topic "/amcl_pose"
[foxglove_bridge-1] [INFO] [1783318920.400969881] [foxglove_bridge]: Advertising new channel 42 for topic "/amcl/transition_event"
[foxglove_bridge-1] [INFO] [1783318920.416394717] [foxglove_bridge]: received subscribe request for channel 31 from client 1
[foxglove_bridge-1] [INFO] [1783318920.424875344] [foxglove_bridge]: Created ROS subscription on /map (nav_msgs/msg/OccupancyGrid) for channel 31
[foxglove_bridge-1] [INFO] [1783318921.693099464] [foxglove_bridge]: publishing connection graph
[foxglove_bridge-1] [INFO] [1783318922.201340852] [foxglove_bridge]: Advertising new channel 43 for topic "/preempt_teleop"
[foxglove_bridge-1] [INFO] [1783318922.201679602] [foxglove_bridge]: Advertising new channel 44 for topic "/global_costmap/costmap_updates"
[foxglove_bridge-1] [INFO] [1783318922.201868727] [foxglove_bridge]: Advertising new channel 45 for topic "/global_costmap/costmap"
[foxglove_bridge-1] [INFO] [1783318922.201985936] [foxglove_bridge]: Advertising new channel 46 for topic "/cmd_vel_teleop"
[foxglove_bridge-1] [INFO] [1783318922.202095811] [foxglove_bridge]: Advertising new channel 47 for topic "/plan"
[foxglove_bridge-1] [INFO] [1783318922.202232811] [foxglove_bridge]: Advertising new channel 48 for topic "/global_costmap/footprint"
[foxglove_bridge-1] [INFO] [1783318922.400795723] [foxglove_bridge]: publishing connection graph
[foxglove_bridge-1] [INFO] [1783318922.908665861] [foxglove_bridge]: Advertising new channel 49 for topic "/goal_pose"
[foxglove_bridge-1] [INFO] [1783318922.999648920] [foxglove_bridge]: publishing connection graph
[foxglove_bridge-1] [INFO] [1783318923.533489977] [foxglove_bridge]: publishing connection graph
[foxglove_bridge-1] [INFO] [1783318924.090193289] [foxglove_bridge]: publishing connection graph
[foxglove_bridge-1] [INFO] [1783318924.651075559] [foxglove_bridge]: publishing connection graph
[foxglove_bridge-1] [INFO] [1783318925.189045865] [foxglove_bridge]: publishing connection graph
[foxglove_bridge-1] [INFO] [1783318929.513229876] [foxglove_bridge]: publishing connection graph
[foxglove_bridge-1] [ERROR] [1783318929.826779221] [foxglove_bridge]: Failed to retrieve parameters from node '/bt_navigator_navigate_to_pose_rclcpp_node': Failed to retrieve parameter names for node '/bt_navigator_navigate_to_pose_rclcpp_node'
[foxglove_bridge-1] [WARN] [1783318929.826971346] [foxglove_bridge]: Adding node /bt_navigator_navigate_to_pose_rclcpp_node to the ignore list to prevent repeated timeouts or failures in future parameter requests.
[foxglove_bridge-1] [ERROR] [1783318929.827251429] [foxglove_bridge]: Failed to retrieve parameters from node '/controller_server': Failed to retrieve parameter names for node '/controller_server'
[foxglove_bridge-1] [WARN] [1783318929.827509304] [foxglove_bridge]: Adding node /controller_server to the ignore list to prevent repeated timeouts or failures in future parameter requests.
[foxglove_bridge-1] [ERROR] [1783318929.827893512] [foxglove_bridge]: Failed to retrieve parameters from node '/bt_navigator_navigate_through_poses_rclcpp_node': Failed to retrieve parameter names for node '/bt_navigator_navigate_through_poses_rclcpp_node'
[foxglove_bridge-1] [WARN] [1783318929.827989846] [foxglove_bridge]: Adding node /bt_navigator_navigate_through_poses_rclcpp_node to the ignore list to prevent repeated timeouts or failures in future parameter requests.
[foxglove_bridge-1] [INFO] [1783318930.112753602] [foxglove_bridge]: publishing connection graph
[foxglove_bridge-1] [INFO] [1783318930.663143736] [foxglove_bridge]: publishing connection graph
[foxglove_bridge-1] [INFO] [1783318931.205933910] [foxglove_bridge]: publishing connection graph
[foxglove_bridge-1] [INFO] [1783318932.342065179] [foxglove_bridge]: publishing connection graph
[foxglove_bridge-1] [INFO] [1783318934.303907410] [foxglove_bridge]: publishing connection graph
[foxglove_bridge-1] [INFO] [1783318934.919948090] [foxglove_bridge]: publishing connection graph
[foxglove_bridge-1] [INFO] [1783318935.457964965] [foxglove_bridge]: publishing connection graph
[foxglove_bridge-1] [INFO] [1783318938.795390799] [foxglove_bridge]: publishing connection graph
[foxglove_bridge-1] [INFO] [1783318939.342185962] [foxglove_bridge]: publishing connection graph
[foxglove_bridge-1] [INFO] [1783318942.419709310] [foxglove_bridge]: publishing connection graph
[foxglove_bridge-1] [INFO] [1783318942.963740843] [foxglove_bridge]: publishing connection graph
[foxglove_bridge-1] [INFO] [1783318947.369099164] [foxglove_bridge]: publishing connection graph
[foxglove_bridge-1] [INFO] [1783318949.297694523] [foxglove_bridge]: publishing connection graph
[foxglove_bridge-1] [INFO] [1783318949.917731139] [foxglove_bridge]: publishing connection graph
[foxglove_bridge-1] [INFO] [1783318950.460492494] [foxglove_bridge]: publishing connection graph
[foxglove_bridge-1] [INFO] [1783318951.003926140] [foxglove_bridge]: publishing connection graph
[foxglove_bridge-1] [INFO] [1783318951.545860910] [foxglove_bridge]: publishing connection graph
[foxglove_bridge-1] [INFO] [1783318952.191311275] [foxglove_bridge]: publishing connection graph
[foxglove_bridge-1] [INFO] [1783318952.710794375] [foxglove_bridge]: Advertising new channel 50 for topic "/behavior_tree_log"
[foxglove_bridge-1] [INFO] [1783318952.774484298] [foxglove_bridge]: publishing connection graph
[foxglove_bridge-1] [INFO] [1783318953.321194317] [foxglove_bridge]: publishing connection graph
[foxglove_bridge-1] [INFO] [1783318954.984781079] [foxglove_bridge]: publishing connection graph
[foxglove_bridge-1] [INFO] [1783318955.841260127] [foxglove_bridge]: publishing connection graph
[foxglove_bridge-1] [INFO] [1783318956.412868977] [foxglove_bridge]: publishing connection graph
[foxglove_bridge-1] [INFO] [1783318957.364882532] [foxglove_bridge]: publishing connection graph
[foxglove_bridge-1] [INFO] [1783318957.926556546] [foxglove_bridge]: publishing connection graph
[foxglove_bridge-1] [INFO] [1783318968.860903731] [foxglove_bridge]: publishing connection graph
[foxglove_bridge-1] [INFO] [1783318969.457996191] [foxglove_bridge]: publishing connection graph
[foxglove_bridge-1] [ERROR] [1783318973.950548156] [foxglove_bridge]: Failed to retrieve parameters from node '/velocity_smoother': Failed to retrieve parameter names for node '/velocity_smoother'
[foxglove_bridge-1] [WARN] [1783318973.950740198] [foxglove_bridge]: Adding node /velocity_smoother to the ignore list to prevent repeated timeouts or failures in future parameter requests.
[foxglove_bridge-1] [ERROR] [1783318973.950866781] [foxglove_bridge]: Failed to retrieve parameters from node '/amcl': Failed to retrieve parameter names for node '/amcl'
[foxglove_bridge-1] [WARN] [1783318973.950939073] [foxglove_bridge]: Adding node /amcl to the ignore list to prevent repeated timeouts or failures in future parameter requests.
[foxglove_bridge-1] [ERROR] [1783318973.951034740] [foxglove_bridge]: Failed to retrieve parameters from node '/lifecycle_manager_navigation': Failed to retrieve parameter names for node '/lifecycle_manager_navigation'
[foxglove_bridge-1] [WARN] [1783318973.951088865] [foxglove_bridge]: Adding node /lifecycle_manager_navigation to the ignore list to prevent repeated timeouts or failures in future parameter requests.
[foxglove_bridge-1] [ERROR] [1783318973.951173948] [foxglove_bridge]: Failed to retrieve parameters from node '/waypoint_follower': Failed to retrieve parameter names for node '/waypoint_follower'
[foxglove_bridge-1] [WARN] [1783318973.951226740] [foxglove_bridge]: Adding node /waypoint_follower to the ignore list to prevent repeated timeouts or failures in future parameter requests.
[foxglove_bridge-1] [ERROR] [1783318973.967913032] [foxglove_bridge]: Failed to retrieve parameters from node '/nav2_wait_amcl_settle': Failed to retrieve parameter names for node '/nav2_wait_amcl_settle'
[foxglove_bridge-1] [WARN] [1783318973.968089741] [foxglove_bridge]: Adding node /nav2_wait_amcl_settle to the ignore list to prevent repeated timeouts or failures in future parameter requests.
[foxglove_bridge-1] [ERROR] [1783318974.091224040] [foxglove_bridge]: Failed to retrieve parameters from node '/simple_scan_filter': Timed out waiting for 1 parameter(s) from node '/simple_scan_filter'
[foxglove_bridge-1] [WARN] [1783318974.091418915] [foxglove_bridge]: Adding node /simple_scan_filter to the ignore list to prevent repeated timeouts or failures in future parameter requests.
[foxglove_bridge-1] [ERROR] [1783318974.091595790] [foxglove_bridge]: Failed to retrieve parameters from node '/ydlidar_ros2_driver_node': Failed to retrieve parameter names for node '/ydlidar_ros2_driver_node'
[foxglove_bridge-1] [WARN] [1783318974.091659790] [foxglove_bridge]: Adding node /ydlidar_ros2_driver_node to the ignore list to prevent repeated timeouts or failures in future parameter requests.
[foxglove_bridge-1] [ERROR] [1783318974.091827623] [foxglove_bridge]: Failed to retrieve parameters from node '/planner_server': Failed to retrieve parameter names for node '/planner_server'
[foxglove_bridge-1] [WARN] [1783318974.091882040] [foxglove_bridge]: Adding node /planner_server to the ignore list to prevent repeated timeouts or failures in future parameter requests.
[foxglove_bridge-1] [ERROR] [1783318974.092006707] [foxglove_bridge]: Failed to retrieve parameters from node '/static_transform_publisher_eZaMXQZll1bxGV4o': Failed to retrieve parameter names for node '/static_transform_publisher_eZaMXQZll1bxGV4o'
[foxglove_bridge-1] [WARN] [1783318974.092058165] [foxglove_bridge]: Adding node /static_transform_publisher_eZaMXQZll1bxGV4o to the ignore list to prevent repeated timeouts or failures in future parameter requests.
[foxglove_bridge-1] [ERROR] [1783318974.092253248] [foxglove_bridge]: Failed to retrieve parameters from node '/m1_pwm_cmd_vel_bridge': Failed to retrieve parameter names for node '/m1_pwm_cmd_vel_bridge'
[foxglove_bridge-1] [WARN] [1783318974.092320832] [foxglove_bridge]: Adding node /m1_pwm_cmd_vel_bridge to the ignore list to prevent repeated timeouts or failures in future parameter requests.
[foxglove_bridge-1] [ERROR] [1783318974.092450373] [foxglove_bridge]: Failed to retrieve parameters from node '/map_server': Failed to retrieve parameter names for node '/map_server'
[foxglove_bridge-1] [WARN] [1783318974.092497290] [foxglove_bridge]: Adding node /map_server to the ignore list to prevent repeated timeouts or failures in future parameter requests.
[foxglove_bridge-1] [ERROR] [1783318974.092608582] [foxglove_bridge]: Failed to retrieve parameters from node '/behavior_server': Failed to retrieve parameter names for node '/behavior_server'
[foxglove_bridge-1] [WARN] [1783318974.092655915] [foxglove_bridge]: Adding node /behavior_server to the ignore list to prevent repeated timeouts or failures in future parameter requests.
[foxglove_bridge-1] [ERROR] [1783318974.093414332] [foxglove_bridge]: Failed to retrieve parameters from node '/smoother_server': Timed out waiting for 13 parameter(s) from node '/smoother_server'
[foxglove_bridge-1] [WARN] [1783318974.093557998] [foxglove_bridge]: Adding node /smoother_server to the ignore list to prevent repeated timeouts or failures in future parameter requests.
[foxglove_bridge-1] [ERROR] [1783318974.104317291] [foxglove_bridge]: Failed to retrieve parameters from node '/global_costmap/global_costmap': Timed out waiting for 39 parameter(s) from node '/global_costmap/global_costmap'
[foxglove_bridge-1] [WARN] [1783318974.104479832] [foxglove_bridge]: Adding node /global_costmap/global_costmap to the ignore list to prevent repeated timeouts or failures in future parameter requests.
[foxglove_bridge-1] [ERROR] [1783318974.104633791] [foxglove_bridge]: Failed to retrieve parameters from node '/lifecycle_manager_localization': Failed to retrieve parameter names for node '/lifecycle_manager_localization'
[foxglove_bridge-1] [WARN] [1783318974.104687499] [foxglove_bridge]: Adding node /lifecycle_manager_localization to the ignore list to prevent repeated timeouts or failures in future parameter requests.
[foxglove_bridge-1] [ERROR] [1783318974.105333666] [foxglove_bridge]: Failed to retrieve parameters from node '/local_costmap/local_costmap': Failed to retrieve parameter names for node '/local_costmap/local_costmap'
[foxglove_bridge-1] [WARN] [1783318974.105418457] [foxglove_bridge]: Adding node /local_costmap/local_costmap to the ignore list to prevent repeated timeouts or failures in future parameter requests.
[foxglove_bridge-1] [ERROR] [1783318988.749002908] [foxglove_bridge]: Failed to retrieve parameters from node '/bt_navigator': Failed to retrieve parameter names for node '/bt_navigator'
[foxglove_bridge-1] [WARN] [1783318988.749209241] [foxglove_bridge]: Adding node /bt_navigator to the ignore list to prevent repeated timeouts or failures in future parameter requests.
[foxglove_bridge-1] [INFO] [1783319015.741507828] [foxglove_bridge]: publishing connection graph
[foxglove_bridge-1] [INFO] [1783319016.377275061] [foxglove_bridge]: publishing connection graph
[foxglove_bridge-1] [INFO] [1783319017.638478860] [foxglove_bridge]: publishing connection graph
[foxglove_bridge-1] [INFO] [1783319018.223752635] [foxglove_bridge]: publishing connection graph
[foxglove_bridge-1] [INFO] [1783319019.336126976] [foxglove_bridge]: publishing connection graph
[foxglove_bridge-1] [INFO] [1783319020.097722743] [foxglove_bridge]: publishing connection graph
[foxglove_bridge-1] [INFO] [1783319020.766973012] [foxglove_bridge]: publishing connection graph
[foxglove_bridge-1] [INFO] [1783319021.337687117] [foxglove_bridge]: publishing connection graph
[foxglove_bridge-1] [INFO] [1783319023.574610075] [foxglove_bridge]: publishing connection graph
[foxglove_bridge-1] [INFO] [1783319024.377602667] [foxglove_bridge]: publishing connection graph
[foxglove_bridge-1] [INFO] [1783319025.114438387] [foxglove_bridge]: publishing connection graph
[foxglove_bridge-1] [INFO] [1783319027.536017987] [foxglove_bridge]: publishing connection graph
[foxglove_bridge-1] [INFO] [1783319028.500980399] [foxglove_bridge]: publishing connection graph
[foxglove_bridge-1] [INFO] [1783319029.174217116] [foxglove_bridge]: publishing connection graph
[foxglove_bridge-1] [INFO] [1783319030.063926696] [foxglove_bridge]: publishing connection graph
[foxglove_bridge-1] [INFO] [1783319030.672379414] [foxglove_bridge]: publishing connection graph
[foxglove_bridge-1] [INFO] [1783319046.361691083] [foxglove_bridge]: publishing connection graph
[foxglove_bridge-1] [INFO] [1783319047.264337177] [foxglove_bridge]: publishing connection graph
[foxglove_bridge-1] [INFO] [1783319048.122035232] [foxglove_bridge]: publishing connection graph
[foxglove_bridge-1] [INFO] [1783319048.788563051] [foxglove_bridge]: publishing connection graph
[foxglove_bridge-1] [INFO] [1783319049.591254692] [foxglove_bridge]: publishing connection graph
[foxglove_bridge-1] [INFO] [1783319050.107773564] [foxglove_bridge]: Advertising new channel 51 for topic "/foxglove_map_viz"
[foxglove_bridge-1] [INFO] [1783319050.108245148] [foxglove_bridge]: Advertising new channel 52 for topic "/foxglove_goal_pose"
[foxglove_bridge-1] [INFO] [1783319050.108610606] [foxglove_bridge]: Advertising new channel 53 for topic "/foxglove_goal_point"
[foxglove_bridge-1] [INFO] [1783319050.108908898] [foxglove_bridge]: Advertising new channel 54 for topic "/foxglove_click_planned_path"
[foxglove_bridge-1] [INFO] [1783319050.113060189] [foxglove_bridge]: Advertising new channel 55 for topic "/foxglove_click_path_marker"
[foxglove_bridge-1] [INFO] [1783319050.113681772] [foxglove_bridge]: Advertising new channel 56 for topic "/foxglove_click_goal_marker"
[foxglove_bridge-1] [INFO] [1783319050.114185689] [foxglove_bridge]: Advertising new channel 57 for topic "/foxglove_click_goal_label"
[foxglove_bridge-1] [INFO] [1783319050.114440314] [foxglove_bridge]: Advertising new channel 58 for topic "/foxglove_click_accepted_goal"
[foxglove_bridge-1] [INFO] [1783319050.115749939] [foxglove_bridge]: Advertising new channel 59 for topic "/foxglove_click_trajectory_dots"
[foxglove_bridge-1] [INFO] [1783319050.116607730] [foxglove_bridge]: Advertising new channel 60 for topic "/foxglove_click_start_marker"
[foxglove_bridge-1] [INFO] [1783319050.437821494] [foxglove_bridge]: publishing connection graph
[foxglove_bridge-1] [INFO] [1783319051.046939066] [foxglove_bridge]: publishing connection graph
[foxglove_bridge-1] [INFO] [1783319055.870250989] [foxglove_bridge]: publishing connection graph
[foxglove_bridge-1] [INFO] [1783319080.902389479] [foxglove_bridge]: publishing connection graph
[foxglove_bridge-1] [INFO] [1783319081.558118034] [foxglove_bridge]: publishing connection graph
[foxglove_bridge-1] [ERROR] [1783319086.188352604] [foxglove_bridge]: Failed to retrieve parameters from node '/foxglove_click_goal_bridge': Failed to retrieve parameter names for node '/foxglove_click_goal_bridge'
[foxglove_bridge-1] [WARN] [1783319086.188537188] [foxglove_bridge]: Adding node /foxglove_click_goal_bridge to the ignore list to prevent repeated timeouts or failures in future parameter requests.
[foxglove_bridge-1] [ERROR] [1783319086.188826229] [foxglove_bridge]: Failed to retrieve parameters from node '/pose_memory_node': Failed to retrieve parameter names for node '/pose_memory_node'
[foxglove_bridge-1] [WARN] [1783319086.188896021] [foxglove_bridge]: Adding node /pose_memory_node to the ignore list to prevent repeated timeouts or failures in future parameter requests.
[foxglove_bridge-1] [INFO] [1783319091.549522757] [foxglove_bridge]: received subscribe request for channel 6 from client 2
[foxglove_bridge-1] [INFO] [1783319091.549798215] [foxglove_bridge]: received subscribe request for channel 2 from client 2
[foxglove_bridge-1] [INFO] [1783319091.655891020] [foxglove_bridge]: Advertising new channel 61 for topic "/move_base_simple/goal"
[foxglove_bridge-1] [INFO] [1783319091.659472104] [foxglove_bridge]: Client ID 2 is advertising "/move_base_simple/goal" (geometry_msgs/PoseStamped) on channel 1 with encoding "cdr"
[foxglove_bridge-1] [INFO] [1783319091.703444192] [foxglove_bridge]: Client ID 2 is advertising "/foxglove_goal_point" (geometry_msgs/PointStamped) on channel 2 with encoding "cdr"
[foxglove_bridge-1] [INFO] [1783319091.730750571] [foxglove_bridge]: Client ID 2 is advertising "/initialpose" (geometry_msgs/PoseWithCovarianceStamped) on channel 3 with encoding "cdr"
[foxglove_bridge-1] [INFO] [1783319091.759453908] [foxglove_bridge]: Client ID 2 is advertising "/clicked_point" (geometry_msgs/PointStamped) on channel 4 with encoding "cdr"
[foxglove_bridge-1] [INFO] [1783319091.799747163] [foxglove_bridge]: received subscribe request for channel 41 from client 2
[foxglove_bridge-1] [INFO] [1783319091.823380790] [foxglove_bridge]: Created ROS subscription on /amcl_pose (geometry_msgs/msg/PoseWithCovarianceStamped) for channel 41
[foxglove_bridge-1] [INFO] [1783319091.827006416] [foxglove_bridge]: received subscribe request for channel 58 from client 2
[foxglove_bridge-1] [INFO] [1783319091.835637459] [foxglove_bridge]: publishing connection graph
[foxglove_bridge-1] [INFO] [1783319091.857916295] [foxglove_bridge]: Created ROS subscription on /foxglove_click_accepted_goal (geometry_msgs/msg/PoseStamped) for channel 58
[foxglove_bridge-1] [INFO] [1783319091.860612712] [foxglove_bridge]: received subscribe request for channel 57 from client 2
[foxglove_bridge-1] [INFO] [1783319091.912409135] [foxglove_bridge]: Created ROS subscription on /foxglove_click_goal_label (visualization_msgs/msg/Marker) for channel 57
[foxglove_bridge-1] [INFO] [1783319091.912680093] [foxglove_bridge]: received subscribe request for channel 56 from client 2
[foxglove_bridge-1] [INFO] [1783319091.939552430] [foxglove_bridge]: Created ROS subscription on /foxglove_click_goal_marker (visualization_msgs/msg/Marker) for channel 56
[foxglove_bridge-1] [INFO] [1783319091.939834388] [foxglove_bridge]: received subscribe request for channel 55 from client 2
[foxglove_bridge-1] [INFO] [1783319091.970618225] [foxglove_bridge]: Created ROS subscription on /foxglove_click_path_marker (visualization_msgs/msg/Marker) for channel 55
[foxglove_bridge-1] [INFO] [1783319091.971053809] [foxglove_bridge]: received subscribe request for channel 60 from client 2
[foxglove_bridge-1] [INFO] [1783319092.001017396] [foxglove_bridge]: Created ROS subscription on /foxglove_click_start_marker (visualization_msgs/msg/Marker) for channel 60
[foxglove_bridge-1] [INFO] [1783319092.001303312] [foxglove_bridge]: received subscribe request for channel 59 from client 2
[foxglove_bridge-1] [INFO] [1783319092.023049690] [foxglove_bridge]: Created ROS subscription on /foxglove_click_trajectory_dots (visualization_msgs/msg/Marker) for channel 59
[foxglove_bridge-1] [INFO] [1783319092.023323482] [foxglove_bridge]: received subscribe request for channel 52 from client 2
[foxglove_bridge-1] [INFO] [1783319092.041105401] [foxglove_bridge]: Created ROS subscription on /foxglove_goal_pose (geometry_msgs/msg/PoseStamped) for channel 52
[foxglove_bridge-1] [INFO] [1783319092.041421234] [foxglove_bridge]: received subscribe request for channel 51 from client 2
[foxglove_bridge-1] [INFO] [1783319092.059717611] [foxglove_bridge]: Created ROS subscription on /foxglove_map_viz (nav_msgs/msg/OccupancyGrid) for channel 51
[foxglove_bridge-1] [INFO] [1783319092.060000694] [foxglove_bridge]: received subscribe request for channel 28 from client 2
[foxglove_bridge-1] [INFO] [1783319092.085486364] [foxglove_bridge]: Created ROS subscription on /global_costmap/published_footprint (geometry_msgs/msg/PolygonStamped) for channel 28
[foxglove_bridge-1] [INFO] [1783319092.086837114] [foxglove_bridge]: received subscribe request for channel 49 from client 2
[foxglove_bridge-1] [INFO] [1783319092.107336700] [foxglove_bridge]: Created ROS subscription on /goal_pose (geometry_msgs/msg/PoseStamped) for channel 49
[foxglove_bridge-1] [INFO] [1783319092.107619034] [foxglove_bridge]: received subscribe request for channel 27 from client 2
[foxglove_bridge-1] [INFO] [1783319092.136107162] [foxglove_bridge]: Created ROS subscription on /initialpose (geometry_msgs/msg/PoseWithCovarianceStamped) for channel 27
[foxglove_bridge-1] [INFO] [1783319092.139488746] [foxglove_bridge]: received subscribe request for channel 25 from client 2
[foxglove_bridge-1] [INFO] [1783319092.168465458] [foxglove_bridge]: Created ROS subscription on /local_costmap/clearing_endpoints (sensor_msgs/msg/PointCloud2) for channel 25
[foxglove_bridge-1] [INFO] [1783319092.169174166] [foxglove_bridge]: received subscribe request for channel 20 from client 2
[foxglove_bridge-1] [INFO] [1783319092.191771585] [foxglove_bridge]: Created ROS subscription on /local_costmap/published_footprint (geometry_msgs/msg/PolygonStamped) for channel 20
[foxglove_bridge-1] [INFO] [1783319092.192046794] [foxglove_bridge]: received subscribe request for channel 31 from client 2
[foxglove_bridge-1] [INFO] [1783319092.192329627] [foxglove_bridge]: received subscribe request for channel 19 from client 2
[foxglove_bridge-1] [INFO] [1783319092.215712547] [foxglove_bridge]: Created ROS subscription on /plan_smoothed (nav_msgs/msg/Path) for channel 19
[foxglove_bridge-1] [INFO] [1783319092.216259547] [foxglove_bridge]: received subscribe request for channel 5 from client 2
[foxglove_bridge-1] [INFO] [1783319092.216679380] [foxglove_bridge]: received subscribe request for channel 9 from client 2
[foxglove_bridge-1] [INFO] [1783319092.239291758] [foxglove_bridge]: Created ROS subscription on /scan_filtered (sensor_msgs/msg/LaserScan) for channel 9
[foxglove_bridge-1] [INFO] [1783319092.239567716] [foxglove_bridge]: received subscribe request for channel 61 from client 2
[foxglove_bridge-1] [INFO] [1783319092.263620636] [foxglove_bridge]: Created ROS subscription on /move_base_simple/goal (geometry_msgs/msg/PoseStamped) for channel 61
[foxglove_bridge-1] [INFO] [1783319092.344602687] [foxglove_bridge]: Advertising new channel 62 for topic "/clicked_point"
[foxglove_bridge-1] [INFO] [1783319092.478254412] [foxglove_bridge]: publishing connection graph
[foxglove_bridge-1] [INFO] [1783319360.575584628] [rclcpp]: signal_handler(signum=2)
[foxglove_bridge-1] [INFO] [1783319360.585724667] [foxglove_bridge]: Shutting down foxglove_bridge
[foxglove_bridge-1] [INFO] [1783319362.547521238] [foxglove_bridge]: received unsubscribe request for channel 10 from client 1
[foxglove_bridge-1] [INFO] [1783319362.547534197] [foxglove_bridge]: received connection graph subscribe request
[foxglove_bridge-1] [INFO] [1783319362.547601905] [foxglove_bridge]: Cleaned up ROS subscription for channel 10 (no more subscribers)
[foxglove_bridge-1] [INFO] [1783319362.547660988] [foxglove_bridge]: received unsubscribe request for channel 58 from client 2
[foxglove_bridge-1] [INFO] [1783319362.557882319] [foxglove_bridge]: received unsubscribe request for channel 31 from client 1
[foxglove_bridge-1] [INFO] [1783319362.557896569] [foxglove_bridge]: Cleaned up ROS subscription for channel 58 (no more subscribers)
[foxglove_bridge-1] [INFO] [1783319362.569219608] [foxglove_bridge]: received unsubscribe request for channel 60 from client 2
[foxglove_bridge-1] [INFO] [1783319362.569288733] [foxglove_bridge]: Cleaned up ROS subscription for channel 60 (no more subscribers)
[foxglove_bridge-1] [INFO] [1783319362.580531146] [foxglove_bridge]: received unsubscribe request for channel 5 from client 1
[foxglove_bridge-1] [INFO] [1783319362.580606438] [foxglove_bridge]: received unsubscribe request for channel 6 from client 1
[foxglove_bridge-1] [INFO] [1783319362.580627980] [foxglove_bridge]: received unsubscribe request for channel 2 from client 1
[foxglove_bridge-1] [INFO] [1783319362.580799896] [foxglove_bridge]: received unsubscribe request for channel 61 from client 2
[foxglove_bridge-1] [INFO] [1783319362.580834105] [foxglove_bridge]: Cleaned up ROS subscription for channel 61 (no more subscribers)
[foxglove_bridge-1] [INFO] [1783319362.592950643] [foxglove_bridge]: received unsubscribe request for channel 51 from client 2
[foxglove_bridge-1] [INFO] [1783319362.593026351] [foxglove_bridge]: Cleaned up ROS subscription for channel 51 (no more subscribers)
[foxglove_bridge-1] [INFO] [1783319362.604106265] [foxglove_bridge]: received unsubscribe request for channel 20 from client 2
[foxglove_bridge-1] [INFO] [1783319362.604185640] [foxglove_bridge]: Cleaned up ROS subscription for channel 20 (no more subscribers)
[foxglove_bridge-1] [INFO] [1783319362.615417054] [foxglove_bridge]: received unsubscribe request for channel 57 from client 2
[foxglove_bridge-1] [INFO] [1783319362.615500095] [foxglove_bridge]: Cleaned up ROS subscription for channel 57 (no more subscribers)
[foxglove_bridge-1] [INFO] [1783319362.626917718] [foxglove_bridge]: received unsubscribe request for channel 2 from client 2
[foxglove_bridge-1] [INFO] [1783319362.626996342] [foxglove_bridge]: Cleaned up ROS subscription for channel 2 (no more subscribers)
[foxglove_bridge-1] [INFO] [1783319362.637944131] [foxglove_bridge]: received unsubscribe request for channel 31 from client 2
[foxglove_bridge-1] [INFO] [1783319362.638029715] [foxglove_bridge]: Cleaned up ROS subscription for channel 31 (no more subscribers)
[foxglove_bridge-1] [INFO] [1783319362.649436337] [foxglove_bridge]: received unsubscribe request for channel 27 from client 2
[foxglove_bridge-1] [INFO] [1783319362.649505753] [foxglove_bridge]: Cleaned up ROS subscription for channel 27 (no more subscribers)
[foxglove_bridge-1] [INFO] [1783319362.659974251] [foxglove_bridge]: received unsubscribe request for channel 59 from client 2
[foxglove_bridge-1] [INFO] [1783319362.660044542] [foxglove_bridge]: Cleaned up ROS subscription for channel 59 (no more subscribers)
[foxglove_bridge-1] [INFO] [1783319362.670317123] [foxglove_bridge]: received unsubscribe request for channel 9 from client 2
[foxglove_bridge-1] [INFO] [1783319362.670390539] [foxglove_bridge]: Cleaned up ROS subscription for channel 9 (no more subscribers)
[foxglove_bridge-1] [INFO] [1783319362.680543412] [foxglove_bridge]: received unsubscribe request for channel 55 from client 2
[foxglove_bridge-1] [INFO] [1783319362.680608953] [foxglove_bridge]: Cleaned up ROS subscription for channel 55 (no more subscribers)
[foxglove_bridge-1] [INFO] [1783319362.690704201] [foxglove_bridge]: received unsubscribe request for channel 6 from client 2
[foxglove_bridge-1] [INFO] [1783319362.690771784] [foxglove_bridge]: Cleaned up ROS subscription for channel 6 (no more subscribers)
[foxglove_bridge-1] [INFO] [1783319362.701621573] [foxglove_bridge]: received unsubscribe request for channel 56 from client 2
[foxglove_bridge-1] [INFO] [1783319362.701691406] [foxglove_bridge]: Cleaned up ROS subscription for channel 56 (no more subscribers)
[foxglove_bridge-1] [INFO] [1783319362.712748612] [foxglove_bridge]: received unsubscribe request for channel 5 from client 2
[foxglove_bridge-1] [INFO] [1783319362.712813987] [foxglove_bridge]: Cleaned up ROS subscription for channel 5 (no more subscribers)
[foxglove_bridge-1] [INFO] [1783319362.722696067] [foxglove_bridge]: received unsubscribe request for channel 49 from client 2
[foxglove_bridge-1] [INFO] [1783319362.722767442] [foxglove_bridge]: Cleaned up ROS subscription for channel 49 (no more subscribers)
[foxglove_bridge-1] [INFO] [1783319362.732421857] [foxglove_bridge]: received unsubscribe request for channel 41 from client 2
[foxglove_bridge-1] [INFO] [1783319362.732485565] [foxglove_bridge]: Cleaned up ROS subscription for channel 41 (no more subscribers)
[foxglove_bridge-1] [INFO] [1783319362.742768104] [foxglove_bridge]: received unsubscribe request for channel 28 from client 2
[foxglove_bridge-1] [INFO] [1783319362.742832146] [foxglove_bridge]: Cleaned up ROS subscription for channel 28 (no more subscribers)
[foxglove_bridge-1] [INFO] [1783319362.753227893] [foxglove_bridge]: received unsubscribe request for channel 52 from client 2
[foxglove_bridge-1] [INFO] [1783319362.753294268] [foxglove_bridge]: Cleaned up ROS subscription for channel 52 (no more subscribers)
[foxglove_bridge-1] [INFO] [1783319362.763233765] [foxglove_bridge]: received unsubscribe request for channel 19 from client 2
[foxglove_bridge-1] [INFO] [1783319362.763303223] [foxglove_bridge]: Cleaned up ROS subscription for channel 19 (no more subscribers)
[foxglove_bridge-1] [INFO] [1783319362.773436804] [foxglove_bridge]: received unsubscribe request for channel 25 from client 2
[foxglove_bridge-1] [INFO] [1783319362.773507012] [foxglove_bridge]: Cleaned up ROS subscription for channel 25 (no more subscribers)
[foxglove_bridge-1] [INFO] [1783319362.785887676] [foxglove_bridge]: Shutdown complete
[INFO] [foxglove_bridge-1]: process has finished cleanly [pid 9830]
