[INFO] [1783318895.802305269] [simple_scan_filter]: filter /scan -> /scan_filtered, keep=[0.22, 4.00], isolated_window=2, isolated_delta=0.25, min_support_neighbors=1
[INFO] [1783318909.352649517] [simple_scan_filter]: scan stats: n=404, zeros=122, nan=0, inf=0, finite_raw=282, finite_out=226, removed_isolated=4
[INFO] [1783318914.347059151] [simple_scan_filter]: scan stats: n=404, zeros=125, nan=0, inf=0, finite_raw=279, finite_out=224, removed_isolated=6
[INFO] [1783318919.352349675] [simple_scan_filter]: scan stats: n=404, zeros=123, nan=0, inf=0, finite_raw=281, finite_out=225, removed_isolated=5
[INFO] [1783318924.344584003] [simple_scan_filter]: scan stats: n=404, zeros=128, nan=0, inf=0, finite_raw=276, finite_out=220, removed_isolated=8
[INFO] [1783318929.335781679] [simple_scan_filter]: scan stats: n=404, zeros=134, nan=0, inf=0, finite_raw=270, finite_out=215, removed_isolated=8
[INFO] [1783318934.328737289] [simple_scan_filter]: scan stats: n=404, zeros=123, nan=0, inf=0, finite_raw=281, finite_out=226, removed_isolated=6
[INFO] [1783318939.317964916] [simple_scan_filter]: scan stats: n=404, zeros=130, nan=0, inf=0, finite_raw=274, finite_out=221, removed_isolated=5
[INFO] [1783318944.317267023] [simple_scan_filter]: scan stats: n=404, zeros=126, nan=0, inf=0, finite_raw=278, finite_out=221, removed_isolated=6
[INFO] [1783318949.311055025] [simple_scan_filter]: scan stats: n=404, zeros=132, nan=0, inf=0, finite_raw=272, finite_out=222, removed_isolated=7
[INFO] [1783318954.301880673] [simple_scan_filter]: scan stats: n=404, zeros=126, nan=0, inf=0, finite_raw=278, finite_out=220, removed_isolated=8
[INFO] [1783318959.295888262] [simple_scan_filter]: scan stats: n=404, zeros=130, nan=0, inf=0, finite_raw=274, finite_out=221, removed_isolated=6
[INFO] [1783318964.294435374] [simple_scan_filter]: scan stats: n=404, zeros=124, nan=0, inf=0, finite_raw=280, finite_out=224, removed_isolated=6
[INFO] [1783318969.288750179] [simple_scan_filter]: scan stats: n=404, zeros=121, nan=0, inf=0, finite_raw=283, finite_out=221, removed_isolated=5
[INFO] [1783318974.282566968] [simple_scan_filter]: scan stats: n=404, zeros=127, nan=0, inf=0, finite_raw=277, finite_out=222, removed_isolated=4
[INFO] [1783318979.280012618] [simple_scan_filter]: scan stats: n=404, zeros=124, nan=0, inf=0, finite_raw=280, finite_out=226, removed_isolated=5
[INFO] [1783318984.267890589] [simple_scan_filter]: scan stats: n=404, zeros=126, nan=0, inf=0, finite_raw=278, finite_out=223, removed_isolated=4
[INFO] [1783318989.267945214] [simple_scan_filter]: scan stats: n=404, zeros=131, nan=0, inf=0, finite_raw=273, finite_out=220, removed_isolated=8
[INFO] [1783318994.255848370] [simple_scan_filter]: scan stats: n=404, zeros=118, nan=0, inf=0, finite_raw=286, finite_out=225, removed_isolated=5
[INFO] [1783318999.249486849] [simple_scan_filter]: scan stats: n=404, zeros=137, nan=0, inf=0, finite_raw=267, finite_out=214, removed_isolated=9
[INFO] [1783319004.244334862] [simple_scan_filter]: scan stats: n=404, zeros=134, nan=0, inf=0, finite_raw=270, finite_out=222, removed_isolated=4
[INFO] [1783319009.239811907] [simple_scan_filter]: scan stats: n=404, zeros=115, nan=0, inf=0, finite_raw=289, finite_out=235, removed_isolated=5
[INFO] [1783319014.234798905] [simple_scan_filter]: scan stats: n=404, zeros=116, nan=0, inf=0, finite_raw=288, finite_out=234, removed_isolated=8
[INFO] [1783319019.240428562] [simple_scan_filter]: scan stats: n=404, zeros=123, nan=0, inf=0, finite_raw=281, finite_out=226, removed_isolated=7
[INFO] [1783319024.228090507] [simple_scan_filter]: scan stats: n=404, zeros=123, nan=0, inf=0, finite_raw=281, finite_out=229, removed_isolated=6
[INFO] [1783319029.216234739] [simple_scan_filter]: scan stats: n=404, zeros=124, nan=0, inf=0, finite_raw=280, finite_out=229, removed_isolated=5
[INFO] [1783319034.208295801] [simple_scan_filter]: scan stats: n=404, zeros=121, nan=0, inf=0, finite_raw=283, finite_out=232, removed_isolated=4
[INFO] [1783319039.205961652] [simple_scan_filter]: scan stats: n=404, zeros=120, nan=0, inf=0, finite_raw=284, finite_out=235, removed_isolated=5
[INFO] [1783319044.195712460] [simple_scan_filter]: scan stats: n=404, zeros=124, nan=0, inf=0, finite_raw=280, finite_out=231, removed_isolated=5
[INFO] [1783319049.191070018] [simple_scan_filter]: scan stats: n=404, zeros=121, nan=0, inf=0, finite_raw=283, finite_out=230, removed_isolated=5
[INFO] [1783319054.192916297] [simple_scan_filter]: scan stats: n=404, zeros=123, nan=0, inf=0, finite_raw=281, finite_out=233, removed_isolated=4
[INFO] [1783319059.189457760] [simple_scan_filter]: scan stats: n=404, zeros=127, nan=0, inf=0, finite_raw=277, finite_out=223, removed_isolated=7
[INFO] [1783319064.188780824] [simple_scan_filter]: scan stats: n=404, zeros=122, nan=0, inf=0, finite_raw=282, finite_out=228, removed_isolated=5
[INFO] [1783319069.169499404] [simple_scan_filter]: scan stats: n=404, zeros=117, nan=0, inf=0, finite_raw=287, finite_out=229, removed_isolated=8
[INFO] [1783319074.166604092] [simple_scan_filter]: scan stats: n=404, zeros=130, nan=0, inf=0, finite_raw=274, finite_out=221, removed_isolated=8
[INFO] [1783319079.159680508] [simple_scan_filter]: scan stats: n=404, zeros=126, nan=0, inf=0, finite_raw=278, finite_out=223, removed_isolated=4
[INFO] [1783319084.153672907] [simple_scan_filter]: scan stats: n=404, zeros=124, nan=0, inf=0, finite_raw=280, finite_out=221, removed_isolated=9
[INFO] [1783319089.149480996] [simple_scan_filter]: scan stats: n=404, zeros=124, nan=0, inf=0, finite_raw=280, finite_out=225, removed_isolated=8
[INFO] [1783319094.144099694] [simple_scan_filter]: scan stats: n=404, zeros=126, nan=0, inf=0, finite_raw=278, finite_out=225, removed_isolated=6
[INFO] [1783319099.136365001] [simple_scan_filter]: scan stats: n=404, zeros=128, nan=0, inf=0, finite_raw=276, finite_out=220, removed_isolated=6
[INFO] [1783319104.135076920] [simple_scan_filter]: scan stats: n=404, zeros=131, nan=0, inf=0, finite_raw=273, finite_out=218, removed_isolated=5
[INFO] [1783319109.130543784] [simple_scan_filter]: scan stats: n=404, zeros=102, nan=0, inf=0, finite_raw=302, finite_out=232, removed_isolated=4
[INFO] [1783319114.126649510] [simple_scan_filter]: scan stats: n=404, zeros=97, nan=0, inf=0, finite_raw=307, finite_out=245, removed_isolated=1
[INFO] [1783319119.125842393] [simple_scan_filter]: scan stats: n=404, zeros=59, nan=0, inf=0, finite_raw=345, finite_out=323, removed_isolated=1
[INFO] [1783319124.120089015] [simple_scan_filter]: scan stats: n=404, zeros=49, nan=0, inf=0, finite_raw=355, finite_out=341, removed_isolated=2
[INFO] [1783319129.116954254] [simple_scan_filter]: scan stats: n=404, zeros=35, nan=0, inf=0, finite_raw=369, finite_out=356, removed_isolated=0
[INFO] [1783319134.109307484] [simple_scan_filter]: scan stats: n=404, zeros=34, nan=0, inf=0, finite_raw=370, finite_out=366, removed_isolated=0
[INFO] [1783319139.100860249] [simple_scan_filter]: scan stats: n=404, zeros=41, nan=0, inf=0, finite_raw=363, finite_out=351, removed_isolated=0
[INFO] [1783319144.096732300] [simple_scan_filter]: scan stats: n=404, zeros=68, nan=0, inf=0, finite_raw=336, finite_out=317, removed_isolated=6
[INFO] [1783319149.087887679] [simple_scan_filter]: scan stats: n=404, zeros=69, nan=0, inf=0, finite_raw=335, finite_out=315, removed_isolated=4
[INFO] [1783319154.084443012] [simple_scan_filter]: scan stats: n=404, zeros=67, nan=0, inf=0, finite_raw=337, finite_out=318, removed_isolated=3
[INFO] [1783319159.080186509] [simple_scan_filter]: scan stats: n=404, zeros=66, nan=0, inf=0, finite_raw=338, finite_out=319, removed_isolated=5
[INFO] [1783319164.074664586] [simple_scan_filter]: scan stats: n=404, zeros=69, nan=0, inf=0, finite_raw=335, finite_out=318, removed_isolated=3
[INFO] [1783319169.067866578] [simple_scan_filter]: scan stats: n=404, zeros=65, nan=0, inf=0, finite_raw=339, finite_out=319, removed_isolated=4
[INFO] [1783319174.070649569] [simple_scan_filter]: scan stats: n=404, zeros=63, nan=0, inf=0, finite_raw=341, finite_out=319, removed_isolated=5
[INFO] [1783319179.060829270] [simple_scan_filter]: scan stats: n=404, zeros=69, nan=0, inf=0, finite_raw=335, finite_out=315, removed_isolated=4
[INFO] [1783319184.060430595] [simple_scan_filter]: scan stats: n=404, zeros=66, nan=0, inf=0, finite_raw=338, finite_out=317, removed_isolated=5
[INFO] [1783319189.050512048] [simple_scan_filter]: scan stats: n=404, zeros=61, nan=0, inf=0, finite_raw=343, finite_out=317, removed_isolated=6
[INFO] [1783319194.044232086] [simple_scan_filter]: scan stats: n=404, zeros=70, nan=0, inf=0, finite_raw=334, finite_out=318, removed_isolated=3
[INFO] [1783319199.038438502] [simple_scan_filter]: scan stats: n=404, zeros=65, nan=0, inf=0, finite_raw=339, finite_out=318, removed_isolated=6
[INFO] [1783319204.036211547] [simple_scan_filter]: scan stats: n=404, zeros=66, nan=0, inf=0, finite_raw=338, finite_out=320, removed_isolated=3
[INFO] [1783319209.032492389] [simple_scan_filter]: scan stats: n=404, zeros=65, nan=0, inf=0, finite_raw=339, finite_out=321, removed_isolated=4
[INFO] [1783319214.023397944] [simple_scan_filter]: scan stats: n=404, zeros=67, nan=0, inf=0, finite_raw=337, finite_out=319, removed_isolated=4
[INFO] [1783319219.023410338] [simple_scan_filter]: scan stats: n=404, zeros=70, nan=0, inf=0, finite_raw=334, finite_out=317, removed_isolated=3
[INFO] [1783319224.014109407] [simple_scan_filter]: scan stats: n=404, zeros=67, nan=0, inf=0, finite_raw=337, finite_out=317, removed_isolated=4
[INFO] [1783319229.012287815] [simple_scan_filter]: scan stats: n=404, zeros=67, nan=0, inf=0, finite_raw=337, finite_out=319, removed_isolated=5
[INFO] [1783319234.012126190] [simple_scan_filter]: scan stats: n=404, zeros=65, nan=0, inf=0, finite_raw=339, finite_out=317, removed_isolated=4
[INFO] [1783319239.005034741] [simple_scan_filter]: scan stats: n=404, zeros=67, nan=0, inf=0, finite_raw=337, finite_out=318, removed_isolated=5
[INFO] [1783319244.003106259] [simple_scan_filter]: scan stats: n=404, zeros=67, nan=0, inf=0, finite_raw=337, finite_out=318, removed_isolated=3
[INFO] [1783319248.994036121] [simple_scan_filter]: scan stats: n=404, zeros=70, nan=0, inf=0, finite_raw=334, finite_out=316, removed_isolated=5
[INFO] [1783319254.001999158] [simple_scan_filter]: scan stats: n=404, zeros=66, nan=0, inf=0, finite_raw=338, finite_out=317, removed_isolated=5
[INFO] [1783319258.983549002] [simple_scan_filter]: scan stats: n=404, zeros=71, nan=0, inf=0, finite_raw=333, finite_out=318, removed_isolated=2
[INFO] [1783319263.979995355] [simple_scan_filter]: scan stats: n=404, zeros=67, nan=0, inf=0, finite_raw=337, finite_out=320, removed_isolated=3
[INFO] [1783319268.972948847] [simple_scan_filter]: scan stats: n=404, zeros=65, nan=0, inf=0, finite_raw=339, finite_out=318, removed_isolated=5
[INFO] [1783319273.974859183] [simple_scan_filter]: scan stats: n=404, zeros=66, nan=0, inf=0, finite_raw=338, finite_out=319, removed_isolated=5
[INFO] [1783319278.990973113] [simple_scan_filter]: scan stats: n=404, zeros=63, nan=0, inf=0, finite_raw=341, finite_out=319, removed_isolated=5
[INFO] [1783319283.959892524] [simple_scan_filter]: scan stats: n=404, zeros=64, nan=0, inf=0, finite_raw=340, finite_out=318, removed_isolated=6
[INFO] [1783319288.952578404] [simple_scan_filter]: scan stats: n=404, zeros=69, nan=0, inf=0, finite_raw=335, finite_out=319, removed_isolated=2
[INFO] [1783319293.948499757] [simple_scan_filter]: scan stats: n=404, zeros=68, nan=0, inf=0, finite_raw=336, finite_out=319, removed_isolated=3
[INFO] [1783319298.943297459] [simple_scan_filter]: scan stats: n=404, zeros=67, nan=0, inf=0, finite_raw=337, finite_out=320, removed_isolated=3
[INFO] [1783319303.940616593] [simple_scan_filter]: scan stats: n=404, zeros=66, nan=0, inf=0, finite_raw=338, finite_out=319, removed_isolated=3
[INFO] [1783319308.940946827] [simple_scan_filter]: scan stats: n=404, zeros=68, nan=0, inf=0, finite_raw=336, finite_out=319, removed_isolated=3
[INFO] [1783319313.928277372] [simple_scan_filter]: scan stats: n=404, zeros=64, nan=0, inf=0, finite_raw=340, finite_out=319, removed_isolated=4
[INFO] [1783319318.928897890] [simple_scan_filter]: scan stats: n=404, zeros=64, nan=0, inf=0, finite_raw=340, finite_out=319, removed_isolated=4
[INFO] [1783319323.930529884] [simple_scan_filter]: scan stats: n=404, zeros=68, nan=0, inf=0, finite_raw=336, finite_out=319, removed_isolated=4
[INFO] [1783319328.919353817] [simple_scan_filter]: scan stats: n=404, zeros=67, nan=0, inf=0, finite_raw=337, finite_out=320, removed_isolated=3
[INFO] [1783319333.914932975] [simple_scan_filter]: scan stats: n=404, zeros=66, nan=0, inf=0, finite_raw=338, finite_out=318, removed_isolated=5
[INFO] [1783319338.906776320] [simple_scan_filter]: scan stats: n=404, zeros=70, nan=0, inf=0, finite_raw=334, finite_out=319, removed_isolated=3
[INFO] [1783319343.902198142] [simple_scan_filter]: scan stats: n=404, zeros=65, nan=0, inf=0, finite_raw=339, finite_out=319, removed_isolated=5
[INFO] [1783319348.896879860] [simple_scan_filter]: scan stats: n=404, zeros=67, nan=0, inf=0, finite_raw=337, finite_out=318, removed_isolated=3
[INFO] [1783319353.893273639] [simple_scan_filter]: scan stats: n=404, zeros=68, nan=0, inf=0, finite_raw=336, finite_out=319, removed_isolated=3
[INFO] [1783319358.891238231] [simple_scan_filter]: scan stats: n=404, zeros=68, nan=0, inf=0, finite_raw=336, finite_out=315, removed_isolated=6
Traceback (most recent call last):
  File "/root/rdk_x5_vln_robot/ros2_bridge/simple_scan_filter.py", line 197, in <module>
    main()
  File "/root/rdk_x5_vln_robot/ros2_bridge/simple_scan_filter.py", line 191, in main
    rclpy.spin(node)
  File "/opt/ros/humble/local/lib/python3.10/dist-packages/rclpy/__init__.py", line 229, in spin
    executor.spin_once()
  File "/opt/ros/humble/local/lib/python3.10/dist-packages/rclpy/executors.py", line 751, in spin_once
    self._spin_once_impl(timeout_sec)
  File "/opt/ros/humble/local/lib/python3.10/dist-packages/rclpy/executors.py", line 748, in _spin_once_impl
    raise handler.exception()
  File "/opt/ros/humble/local/lib/python3.10/dist-packages/rclpy/task.py", line 254, in __call__
    self._handler.send(None)
  File "/opt/ros/humble/local/lib/python3.10/dist-packages/rclpy/executors.py", line 447, in handler
    await call_coroutine(entity, arg)
  File "/opt/ros/humble/local/lib/python3.10/dist-packages/rclpy/executors.py", line 372, in _execute_subscription
    await await_or_execute(sub.callback, msg)
  File "/opt/ros/humble/local/lib/python3.10/dist-packages/rclpy/executors.py", line 107, in await_or_execute
    return callback(*args)
  File "/root/rdk_x5_vln_robot/ros2_bridge/simple_scan_filter.py", line 143, in cb
    self.pub.publish(out)
  File "/opt/ros/humble/local/lib/python3.10/dist-packages/rclpy/publisher.py", line 70, in publish
    self.__publisher.publish(msg)
rclpy._rclpy_pybind11.RCLError: Failed to publish: publisher's context is invalid, at ./src/rcl/publisher.c:389
