[INFO] [1783325595.111858995] [simple_scan_filter]: filter /scan -> /scan_filtered, keep=[0.22, 4.00], isolated_window=2, isolated_delta=0.25, min_support_neighbors=1
[INFO] [1783325608.730983345] [simple_scan_filter]: scan stats: n=404, zeros=89, nan=0, inf=0, finite_raw=315, finite_out=298, removed_isolated=4
[INFO] [1783325613.726466391] [simple_scan_filter]: scan stats: n=404, zeros=92, nan=0, inf=0, finite_raw=312, finite_out=297, removed_isolated=6
[INFO] [1783325618.740563891] [simple_scan_filter]: scan stats: n=404, zeros=91, nan=0, inf=0, finite_raw=313, finite_out=297, removed_isolated=4
[INFO] [1783325623.718419714] [simple_scan_filter]: scan stats: n=404, zeros=92, nan=0, inf=0, finite_raw=312, finite_out=297, removed_isolated=4
[INFO] [1783325628.747488660] [simple_scan_filter]: scan stats: n=404, zeros=100, nan=0, inf=0, finite_raw=304, finite_out=288, removed_isolated=5
[INFO] [1783325633.711152761] [simple_scan_filter]: scan stats: n=404, zeros=93, nan=0, inf=0, finite_raw=311, finite_out=300, removed_isolated=3
[INFO] [1783325638.712264192] [simple_scan_filter]: scan stats: n=404, zeros=93, nan=0, inf=0, finite_raw=311, finite_out=296, removed_isolated=4
[INFO] [1783325643.702569865] [simple_scan_filter]: scan stats: n=404, zeros=88, nan=0, inf=0, finite_raw=316, finite_out=301, removed_isolated=3
[INFO] [1783325648.710382158] [simple_scan_filter]: scan stats: n=404, zeros=93, nan=0, inf=0, finite_raw=311, finite_out=295, removed_isolated=3
[INFO] [1783325653.694726068] [simple_scan_filter]: scan stats: n=404, zeros=91, nan=0, inf=0, finite_raw=313, finite_out=299, removed_isolated=5
[INFO] [1783325658.694121140] [simple_scan_filter]: scan stats: n=404, zeros=87, nan=0, inf=0, finite_raw=317, finite_out=299, removed_isolated=8
[INFO] [1783325663.691812580] [simple_scan_filter]: scan stats: n=404, zeros=96, nan=0, inf=0, finite_raw=308, finite_out=292, removed_isolated=4
[INFO] [1783325668.686973847] [simple_scan_filter]: scan stats: n=404, zeros=97, nan=0, inf=0, finite_raw=307, finite_out=291, removed_isolated=7
[INFO] [1783325673.681235732] [simple_scan_filter]: scan stats: n=404, zeros=101, nan=0, inf=0, finite_raw=303, finite_out=287, removed_isolated=3
[INFO] [1783325678.679319445] [simple_scan_filter]: scan stats: n=404, zeros=88, nan=0, inf=0, finite_raw=316, finite_out=300, removed_isolated=5
[INFO] [1783325683.684551777] [simple_scan_filter]: scan stats: n=404, zeros=94, nan=0, inf=0, finite_raw=310, finite_out=293, removed_isolated=5
[INFO] [1783325688.670214769] [simple_scan_filter]: scan stats: n=404, zeros=86, nan=0, inf=0, finite_raw=318, finite_out=302, removed_isolated=6
[INFO] [1783325693.668992588] [simple_scan_filter]: scan stats: n=404, zeros=98, nan=0, inf=0, finite_raw=306, finite_out=291, removed_isolated=3
[INFO] [1783325698.664418443] [simple_scan_filter]: scan stats: n=404, zeros=96, nan=0, inf=0, finite_raw=308, finite_out=296, removed_isolated=4
[INFO] [1783325703.659222375] [simple_scan_filter]: scan stats: n=404, zeros=97, nan=0, inf=0, finite_raw=307, finite_out=293, removed_isolated=6
[INFO] [1783325708.655401217] [simple_scan_filter]: scan stats: n=404, zeros=93, nan=0, inf=0, finite_raw=311, finite_out=294, removed_isolated=3
[INFO] [1783325713.662532721] [simple_scan_filter]: scan stats: n=404, zeros=87, nan=0, inf=0, finite_raw=317, finite_out=300, removed_isolated=3
[INFO] [1783325718.697459929] [simple_scan_filter]: scan stats: n=404, zeros=97, nan=0, inf=0, finite_raw=307, finite_out=291, removed_isolated=3
[INFO] [1783325723.648130751] [simple_scan_filter]: scan stats: n=404, zeros=97, nan=0, inf=0, finite_raw=307, finite_out=294, removed_isolated=3
[INFO] [1783325728.644780070] [simple_scan_filter]: scan stats: n=404, zeros=92, nan=0, inf=0, finite_raw=312, finite_out=296, removed_isolated=4
[INFO] [1783325733.643509507] [simple_scan_filter]: scan stats: n=404, zeros=91, nan=0, inf=0, finite_raw=313, finite_out=297, removed_isolated=6
[INFO] [1783325738.636114147] [simple_scan_filter]: scan stats: n=404, zeros=91, nan=0, inf=0, finite_raw=313, finite_out=295, removed_isolated=4
[INFO] [1783325743.631497407] [simple_scan_filter]: scan stats: n=404, zeros=89, nan=0, inf=0, finite_raw=315, finite_out=299, removed_isolated=3
[INFO] [1783325748.626852535] [simple_scan_filter]: scan stats: n=404, zeros=92, nan=0, inf=0, finite_raw=312, finite_out=296, removed_isolated=5
[INFO] [1783325753.626201408] [simple_scan_filter]: scan stats: n=404, zeros=94, nan=0, inf=0, finite_raw=310, finite_out=296, removed_isolated=6
[INFO] [1783325758.628249108] [simple_scan_filter]: scan stats: n=404, zeros=92, nan=0, inf=0, finite_raw=312, finite_out=296, removed_isolated=4
[INFO] [1783325763.616850886] [simple_scan_filter]: scan stats: n=404, zeros=94, nan=0, inf=0, finite_raw=310, finite_out=292, removed_isolated=4
[INFO] [1783325768.613992199] [simple_scan_filter]: scan stats: n=404, zeros=92, nan=0, inf=0, finite_raw=312, finite_out=294, removed_isolated=4
[INFO] [1783325773.615356091] [simple_scan_filter]: scan stats: n=404, zeros=89, nan=0, inf=0, finite_raw=315, finite_out=297, removed_isolated=4
[INFO] [1783325778.608342518] [simple_scan_filter]: scan stats: n=404, zeros=93, nan=0, inf=0, finite_raw=311, finite_out=295, removed_isolated=4
[INFO] [1783325783.605292065] [simple_scan_filter]: scan stats: n=404, zeros=87, nan=0, inf=0, finite_raw=317, finite_out=304, removed_isolated=4
[INFO] [1783325788.608757440] [simple_scan_filter]: scan stats: n=404, zeros=90, nan=0, inf=0, finite_raw=314, finite_out=295, removed_isolated=7
[INFO] [1783325793.599716642] [simple_scan_filter]: scan stats: n=404, zeros=96, nan=0, inf=0, finite_raw=308, finite_out=299, removed_isolated=3
[INFO] [1783325798.597515588] [simple_scan_filter]: scan stats: n=404, zeros=96, nan=0, inf=0, finite_raw=308, finite_out=293, removed_isolated=4
[INFO] [1783325803.597178863] [simple_scan_filter]: scan stats: n=404, zeros=89, nan=0, inf=0, finite_raw=315, finite_out=298, removed_isolated=7
[INFO] [1783325808.597851715] [simple_scan_filter]: scan stats: n=404, zeros=96, nan=0, inf=0, finite_raw=308, finite_out=295, removed_isolated=3
[INFO] [1783325813.585373228] [simple_scan_filter]: scan stats: n=404, zeros=96, nan=0, inf=0, finite_raw=308, finite_out=292, removed_isolated=4
[INFO] [1783325818.583100487] [simple_scan_filter]: scan stats: n=404, zeros=92, nan=0, inf=0, finite_raw=312, finite_out=294, removed_isolated=5
[INFO] [1783325823.581141739] [simple_scan_filter]: scan stats: n=404, zeros=94, nan=0, inf=0, finite_raw=310, finite_out=294, removed_isolated=5
[INFO] [1783325828.576560361] [simple_scan_filter]: scan stats: n=404, zeros=97, nan=0, inf=0, finite_raw=307, finite_out=292, removed_isolated=4
[INFO] [1783325833.577036520] [simple_scan_filter]: scan stats: n=404, zeros=89, nan=0, inf=0, finite_raw=315, finite_out=296, removed_isolated=7
[INFO] [1783325838.571685173] [simple_scan_filter]: scan stats: n=404, zeros=94, nan=0, inf=0, finite_raw=310, finite_out=277, removed_isolated=8
[INFO] [1783325843.572689029] [simple_scan_filter]: scan stats: n=404, zeros=91, nan=0, inf=0, finite_raw=313, finite_out=278, removed_isolated=8
[INFO] [1783325848.578753172] [simple_scan_filter]: scan stats: n=404, zeros=84, nan=0, inf=0, finite_raw=320, finite_out=286, removed_isolated=6
[INFO] [1783325853.578726768] [simple_scan_filter]: scan stats: n=404, zeros=85, nan=0, inf=0, finite_raw=319, finite_out=295, removed_isolated=3
[INFO] [1783325858.562625899] [simple_scan_filter]: scan stats: n=404, zeros=93, nan=0, inf=0, finite_raw=311, finite_out=294, removed_isolated=4
[INFO] [1783325863.557735318] [simple_scan_filter]: scan stats: n=404, zeros=92, nan=0, inf=0, finite_raw=312, finite_out=296, removed_isolated=2
[INFO] [1783325868.558864190] [simple_scan_filter]: scan stats: n=404, zeros=86, nan=0, inf=0, finite_raw=318, finite_out=296, removed_isolated=3
[INFO] [1783325873.561408765] [simple_scan_filter]: scan stats: n=404, zeros=88, nan=0, inf=0, finite_raw=316, finite_out=290, removed_isolated=4
[INFO] [1783325878.555403834] [simple_scan_filter]: scan stats: n=404, zeros=88, nan=0, inf=0, finite_raw=316, finite_out=295, removed_isolated=2
[INFO] [1783325883.553212940] [simple_scan_filter]: scan stats: n=404, zeros=93, nan=0, inf=0, finite_raw=311, finite_out=290, removed_isolated=4
[INFO] [1783325888.551553875] [simple_scan_filter]: scan stats: n=404, zeros=66, nan=0, inf=0, finite_raw=338, finite_out=333, removed_isolated=1
[INFO] [1783325893.543376137] [simple_scan_filter]: scan stats: n=404, zeros=37, nan=0, inf=0, finite_raw=367, finite_out=351, removed_isolated=3
[INFO] [1783325898.546226895] [simple_scan_filter]: scan stats: n=404, zeros=26, nan=0, inf=0, finite_raw=378, finite_out=376, removed_isolated=1
[INFO] [1783325903.536349564] [simple_scan_filter]: scan stats: n=404, zeros=39, nan=0, inf=0, finite_raw=365, finite_out=355, removed_isolated=2
[INFO] [1783325908.535806312] [simple_scan_filter]: scan stats: n=404, zeros=62, nan=0, inf=0, finite_raw=342, finite_out=324, removed_isolated=2
[INFO] [1783325913.530193555] [simple_scan_filter]: scan stats: n=404, zeros=88, nan=0, inf=0, finite_raw=316, finite_out=266, removed_isolated=3
[INFO] [1783325918.529664709] [simple_scan_filter]: scan stats: n=404, zeros=99, nan=0, inf=0, finite_raw=305, finite_out=238, removed_isolated=4
[INFO] [1783325923.524689150] [simple_scan_filter]: scan stats: n=404, zeros=85, nan=0, inf=0, finite_raw=319, finite_out=250, removed_isolated=5
[INFO] [1783325928.516009836] [simple_scan_filter]: scan stats: n=404, zeros=95, nan=0, inf=0, finite_raw=309, finite_out=265, removed_isolated=1
[INFO] [1783325933.511289226] [simple_scan_filter]: scan stats: n=404, zeros=101, nan=0, inf=0, finite_raw=303, finite_out=249, removed_isolated=6
[INFO] [1783325938.508389153] [simple_scan_filter]: scan stats: n=404, zeros=100, nan=0, inf=0, finite_raw=304, finite_out=247, removed_isolated=6
[INFO] [1783325943.508448408] [simple_scan_filter]: scan stats: n=404, zeros=99, nan=0, inf=0, finite_raw=305, finite_out=251, removed_isolated=4
[INFO] [1783325948.502777741] [simple_scan_filter]: scan stats: n=404, zeros=103, nan=0, inf=0, finite_raw=301, finite_out=252, removed_isolated=3
[INFO] [1783325953.509478779] [simple_scan_filter]: scan stats: n=404, zeros=99, nan=0, inf=0, finite_raw=305, finite_out=255, removed_isolated=3
[INFO] [1783325958.497958436] [simple_scan_filter]: scan stats: n=404, zeros=88, nan=0, inf=0, finite_raw=316, finite_out=259, removed_isolated=3
Traceback (most recent call last):
  File "/root/rdk_x5_vln_robot/ros2_bridge/simple_scan_filter.py", line 197, in <module>
    main()
  File "/root/rdk_x5_vln_robot/ros2_bridge/simple_scan_filter.py", line 191, in main
    rclpy.spin(node)
  File "/opt/ros/humble/local/lib/python3.10/dist-packages/rclpy/__init__.py", line 229, in spin
    executor.spin_once()
  File "/opt/ros/humble/local/lib/python3.10/dist-packages/rclpy/executors.py", line 751, in spin_once
    self._spin_once_impl(timeout_sec)
  File "/opt/ros/humble/local/lib/python3.10/dist-packages/rclpy/executors.py", line 740, in _spin_once_impl
    handler, entity, node = self.wait_for_ready_callbacks(timeout_sec=timeout_sec)
  File "/opt/ros/humble/local/lib/python3.10/dist-packages/rclpy/executors.py", line 723, in wait_for_ready_callbacks
    return next(self._cb_iter)
  File "/opt/ros/humble/local/lib/python3.10/dist-packages/rclpy/executors.py", line 624, in _wait_for_ready_callbacks
    raise ExternalShutdownException()
rclpy.executors.ExternalShutdownException
