[INFO] [launch]: All log files can be found below /root/.ros/log/2026-07-02-14-33-40-352206-ubuntu-84587
[INFO] [launch]: Default logging verbosity is set to INFO
[INFO] [foxglove_bridge-1]: process started with pid [84634]
[foxglove_bridge-1] [INFO] [1782974021.419992970] [foxglove_bridge]: Starting foxglove_bridge (humble, 3.3.0@)
[foxglove_bridge-1] [INFO] [1782974021.426660627] [foxglove_bridge]: Server listening on port 8765
[foxglove_bridge-1] [INFO] [1782974021.431339620] [foxglove_bridge]: Advertising new channel 2 for topic "/tf_static"
[foxglove_bridge-1] [INFO] [1782974021.431577328] [foxglove_bridge]: Advertising new channel 3 for topic "/tf"
[foxglove_bridge-1] [INFO] [1782974021.432301202] [foxglove_bridge]: Advertising new channel 4 for topic "/rosout"
[foxglove_bridge-1] [INFO] [1782974021.433123535] [foxglove_bridge]: Advertising new channel 5 for topic "/scan"
[foxglove_bridge-1] [INFO] [1782974021.434699574] [foxglove_bridge]: Advertising new channel 6 for topic "/parameter_events"
[foxglove_bridge-1] [INFO] [1782974021.437367820] [foxglove_bridge]: Advertising new channel 7 for topic "/odom"
[foxglove_bridge-1] [INFO] [1782974021.437908944] [foxglove_bridge]: Advertising new channel 8 for topic "/cmd_vel_sent"
[foxglove_bridge-1] [INFO] [1782974021.438052611] [foxglove_bridge]: Advertising new channel 9 for topic "/scan_filtered"
[foxglove_bridge-1] [INFO] [1782974021.438138319] [foxglove_bridge]: Advertising new channel 10 for topic "/cmd_vel"
[foxglove_bridge-1] [INFO] [1782974021.438612818] [foxglove_bridge]: Advertising new channel 11 for topic "/chassis_bridge_state"
[foxglove_bridge-1] [ERROR] [1782974028.157789665] [foxglove_bridge]: Failed to retrieve parameters from node '/nav2_oneclick_odom_probe': Failed to retrieve parameter names for node '/nav2_oneclick_odom_probe'
[foxglove_bridge-1] [WARN] [1782974028.157989665] [foxglove_bridge]: Adding node /nav2_oneclick_odom_probe to the ignore list to prevent repeated timeouts or failures in future parameter requests.
[foxglove_bridge-1] [INFO] [1782974028.158443247] [foxglove_bridge]: received connection graph subscribe request
[foxglove_bridge-1] [INFO] [1782974028.159030913] [foxglove_bridge]: received subscribe request for channel 3 from client 1
[foxglove_bridge-1] [INFO] [1782974028.171193270] [foxglove_bridge]: Created ROS subscription on /tf (tf2_msgs/msg/TFMessage) for channel 3
[foxglove_bridge-1] [INFO] [1782974028.171446686] [foxglove_bridge]: received subscribe request for channel 2 from client 1
[foxglove_bridge-1] [INFO] [1782974028.175343347] [foxglove_bridge]: publishing connection graph
[foxglove_bridge-1] [INFO] [1782974028.176696929] [foxglove_bridge]: Created ROS subscription on /tf_static (tf2_msgs/msg/TFMessage) for channel 2
[foxglove_bridge-1] [INFO] [1782974028.524020711] [foxglove_bridge]: received subscribe request for channel 3 from client 3
[foxglove_bridge-1] [INFO] [1782974028.524214461] [foxglove_bridge]: received subscribe request for channel 2 from client 3
[foxglove_bridge-1] [INFO] [1782974028.524325461] [foxglove_bridge]: received subscribe request for channel 5 from client 3
[foxglove_bridge-1] [INFO] [1782974028.532371907] [foxglove_bridge]: Created ROS subscription on /scan (sensor_msgs/msg/LaserScan) for channel 5
[foxglove_bridge-1] [INFO] [1782974028.679918107] [foxglove_bridge]: publishing connection graph
[foxglove_bridge-1] [INFO] [1782974029.214567365] [foxglove_bridge]: publishing connection graph
[foxglove_bridge-1] [INFO] [1782974029.719653791] [foxglove_bridge]: publishing connection graph
[foxglove_bridge-1] [INFO] [1782974030.224860258] [foxglove_bridge]: publishing connection graph
[foxglove_bridge-1] [INFO] [1782974030.737657381] [foxglove_bridge]: publishing connection graph
[foxglove_bridge-1] [INFO] [1782974031.269970226] [foxglove_bridge]: publishing connection graph
[foxglove_bridge-1] [INFO] [1782974031.775795693] [foxglove_bridge]: publishing connection graph
[foxglove_bridge-1] [INFO] [1782974034.942903093] [foxglove_bridge]: publishing connection graph
[foxglove_bridge-1] [INFO] [1782974037.003612200] [foxglove_bridge]: publishing connection graph
[foxglove_bridge-1] [INFO] [1782974037.517549030] [foxglove_bridge]: Advertising new channel 12 for topic "/smoother_server/transition_event"
[foxglove_bridge-1] [INFO] [1782974037.519132778] [foxglove_bridge]: Advertising new channel 13 for topic "/diagnostics"
[foxglove_bridge-1] [INFO] [1782974037.519595236] [foxglove_bridge]: Advertising new channel 14 for topic "/controller_server/transition_event"
[foxglove_bridge-1] [INFO] [1782974037.520924400] [foxglove_bridge]: Advertising new channel 15 for topic "/waypoint_follower/transition_event"
[foxglove_bridge-1] [INFO] [1782974037.521726816] [foxglove_bridge]: Advertising new channel 16 for topic "/bt_navigator/transition_event"
[foxglove_bridge-1] [INFO] [1782974040.005139263] [foxglove_bridge]: publishing connection graph
[foxglove_bridge-1] [INFO] [1782974040.514784517] [foxglove_bridge]: Advertising new channel 17 for topic "/transformed_global_plan"
[foxglove_bridge-1] [INFO] [1782974040.520664134] [foxglove_bridge]: Advertising new channel 18 for topic "/speed_limit"
[foxglove_bridge-1] [INFO] [1782974040.522325090] [foxglove_bridge]: Advertising new channel 19 for topic "/preempt_teleop"
[foxglove_bridge-1] [INFO] [1782974040.523588338] [foxglove_bridge]: Advertising new channel 20 for topic "/plan"
[foxglove_bridge-1] [INFO] [1782974040.523868796] [foxglove_bridge]: Advertising new channel 21 for topic "/planner_server/transition_event"
[foxglove_bridge-1] [INFO] [1782974040.524118795] [foxglove_bridge]: Advertising new channel 22 for topic "/map_server/transition_event"
[foxglove_bridge-1] [INFO] [1782974040.524296587] [foxglove_bridge]: Advertising new channel 23 for topic "/local_plan"
[foxglove_bridge-1] [INFO] [1782974040.524464461] [foxglove_bridge]: Advertising new channel 24 for topic "/received_global_plan"
[foxglove_bridge-1] [INFO] [1782974040.529337871] [foxglove_bridge]: Advertising new channel 25 for topic "/local_costmap/published_footprint"
[foxglove_bridge-1] [INFO] [1782974040.531194660] [foxglove_bridge]: Advertising new channel 26 for topic "/plan_smoothed"
[foxglove_bridge-1] [INFO] [1782974040.533150240] [foxglove_bridge]: Advertising new channel 27 for topic "/local_costmap/costmap_raw"
[foxglove_bridge-1] [INFO] [1782974040.534486447] [foxglove_bridge]: Advertising new channel 28 for topic "/local_costmap/costmap"
[foxglove_bridge-1] [INFO] [1782974040.536428902] [foxglove_bridge]: Advertising new channel 29 for topic "/local_costmap/clearing_endpoints"
[foxglove_bridge-1] [INFO] [1782974040.537468609] [foxglove_bridge]: Advertising new channel 30 for topic "/initialpose"
[foxglove_bridge-1] [INFO] [1782974040.538218983] [foxglove_bridge]: Advertising new channel 31 for topic "/local_costmap/local_costmap/transition_event"
[foxglove_bridge-1] [INFO] [1782974040.538464566] [foxglove_bridge]: Advertising new channel 32 for topic "/global_costmap/published_footprint"
[foxglove_bridge-1] [INFO] [1782974040.539481564] [foxglove_bridge]: Advertising new channel 33 for topic "/local_costmap/footprint"
[foxglove_bridge-1] [INFO] [1782974040.539884231] [foxglove_bridge]: Advertising new channel 34 for topic "/global_costmap/global_costmap/transition_event"
[foxglove_bridge-1] [INFO] [1782974040.540135438] [foxglove_bridge]: Advertising new channel 35 for topic "/global_costmap/footprint"
[foxglove_bridge-1] [INFO] [1782974040.540527021] [foxglove_bridge]: Advertising new channel 36 for topic "/global_costmap/costmap_raw"
[foxglove_bridge-1] [INFO] [1782974040.540763646] [foxglove_bridge]: Advertising new channel 37 for topic "/global_costmap/costmap"
[foxglove_bridge-1] [INFO] [1782974040.541025771] [foxglove_bridge]: Advertising new channel 38 for topic "/cost_cloud"
[foxglove_bridge-1] [INFO] [1782974040.541179187] [foxglove_bridge]: Advertising new channel 39 for topic "/cmd_vel_teleop"
[foxglove_bridge-1] [INFO] [1782974040.546954553] [foxglove_bridge]: Advertising new channel 40 for topic "/evaluation"
[foxglove_bridge-1] [INFO] [1782974040.547417886] [foxglove_bridge]: Advertising new channel 41 for topic "/cmd_vel_nav"
[foxglove_bridge-1] [INFO] [1782974040.549004050] [foxglove_bridge]: Advertising new channel 42 for topic "/particle_cloud"
[foxglove_bridge-1] [INFO] [1782974040.553530794] [foxglove_bridge]: Advertising new channel 43 for topic "/marker"
[foxglove_bridge-1] [INFO] [1782974040.554350543] [foxglove_bridge]: Advertising new channel 44 for topic "/local_costmap/costmap_updates"
[foxglove_bridge-1] [INFO] [1782974040.555063500] [foxglove_bridge]: Advertising new channel 45 for topic "/bond"
[foxglove_bridge-1] [INFO] [1782974040.555543416] [foxglove_bridge]: Advertising new channel 46 for topic "/velocity_smoother/transition_event"
[foxglove_bridge-1] [INFO] [1782974040.556003290] [foxglove_bridge]: Advertising new channel 47 for topic "/map"
[foxglove_bridge-1] [INFO] [1782974040.556432040] [foxglove_bridge]: Advertising new channel 48 for topic "/behavior_server/transition_event"
[foxglove_bridge-1] [INFO] [1782974040.557454580] [foxglove_bridge]: Advertising new channel 49 for topic "/local_costmap/voxel_grid"
[foxglove_bridge-1] [INFO] [1782974040.558088079] [foxglove_bridge]: Advertising new channel 50 for topic "/amcl_pose"
[foxglove_bridge-1] [INFO] [1782974040.558382162] [foxglove_bridge]: Advertising new channel 51 for topic "/global_costmap/costmap_updates"
[foxglove_bridge-1] [INFO] [1782974040.558816786] [foxglove_bridge]: Advertising new channel 52 for topic "/amcl/transition_event"
[foxglove_bridge-1] [INFO] [1782974041.982486536] [foxglove_bridge]: received subscribe request for channel 47 from client 1
[foxglove_bridge-1] [INFO] [1782974042.003298047] [foxglove_bridge]: Created ROS subscription on /map (nav_msgs/msg/OccupancyGrid) for channel 47
[foxglove_bridge-1] [INFO] [1782974042.556203321] [foxglove_bridge]: publishing connection graph
[foxglove_bridge-1] [INFO] [1782974043.064493369] [foxglove_bridge]: Advertising new channel 53 for topic "/goal_pose"
[foxglove_bridge-1] [INFO] [1782974043.166723637] [foxglove_bridge]: publishing connection graph
[foxglove_bridge-1] [INFO] [1782974043.706865180] [foxglove_bridge]: publishing connection graph
[foxglove_bridge-1] [INFO] [1782974044.975522241] [foxglove_bridge]: publishing connection graph
[foxglove_bridge-1] [INFO] [1782974045.689751446] [foxglove_bridge]: publishing connection graph
[foxglove_bridge-1] [INFO] [1782974046.237135271] [foxglove_bridge]: publishing connection graph
[foxglove_bridge-1] [INFO] [1782974046.825877910] [foxglove_bridge]: publishing connection graph
[foxglove_bridge-1] [INFO] [1782974047.370560364] [foxglove_bridge]: publishing connection graph
[foxglove_bridge-1] [ERROR] [1782974048.554586508] [foxglove_bridge]: Failed to retrieve parameters from node '/bt_navigator_navigate_through_poses_rclcpp_node': Failed to retrieve parameter names for node '/bt_navigator_navigate_through_poses_rclcpp_node'
[foxglove_bridge-1] [WARN] [1782974048.554806383] [foxglove_bridge]: Adding node /bt_navigator_navigate_through_poses_rclcpp_node to the ignore list to prevent repeated timeouts or failures in future parameter requests.
[foxglove_bridge-1] [ERROR] [1782974048.555204507] [foxglove_bridge]: Failed to retrieve parameters from node '/bt_navigator_navigate_to_pose_rclcpp_node': Failed to retrieve parameter names for node '/bt_navigator_navigate_to_pose_rclcpp_node'
[foxglove_bridge-1] [WARN] [1782974048.555289673] [foxglove_bridge]: Adding node /bt_navigator_navigate_to_pose_rclcpp_node to the ignore list to prevent repeated timeouts or failures in future parameter requests.
[foxglove_bridge-1] [ERROR] [1782974048.555671631] [foxglove_bridge]: Failed to retrieve parameters from node '/planner_server': Failed to retrieve parameter names for node '/planner_server'
[foxglove_bridge-1] [WARN] [1782974048.555745673] [foxglove_bridge]: Adding node /planner_server to the ignore list to prevent repeated timeouts or failures in future parameter requests.
[foxglove_bridge-1] [INFO] [1782974049.398178692] [foxglove_bridge]: publishing connection graph
[foxglove_bridge-1] [INFO] [1782974050.043915331] [foxglove_bridge]: publishing connection graph
[foxglove_bridge-1] [INFO] [1782974050.585255290] [foxglove_bridge]: publishing connection graph
[foxglove_bridge-1] [INFO] [1782974051.222555901] [foxglove_bridge]: publishing connection graph
[foxglove_bridge-1] [INFO] [1782974051.764163651] [foxglove_bridge]: publishing connection graph
[foxglove_bridge-1] [INFO] [1782974052.478332275] [foxglove_bridge]: publishing connection graph
[foxglove_bridge-1] [INFO] [1782974053.112621723] [foxglove_bridge]: publishing connection graph
[foxglove_bridge-1] [INFO] [1782974053.716612591] [foxglove_bridge]: publishing connection graph
[foxglove_bridge-1] [INFO] [1782974054.265973747] [foxglove_bridge]: publishing connection graph
[foxglove_bridge-1] [INFO] [1782974057.601501295] [foxglove_bridge]: publishing connection graph
[foxglove_bridge-1] [INFO] [1782974059.579354409] [foxglove_bridge]: publishing connection graph
[foxglove_bridge-1] [INFO] [1782974060.203374207] [foxglove_bridge]: publishing connection graph
[foxglove_bridge-1] [INFO] [1782974060.745472208] [foxglove_bridge]: publishing connection graph
[foxglove_bridge-1] [INFO] [1782974061.286747293] [foxglove_bridge]: publishing connection graph
[foxglove_bridge-1] [INFO] [1782974062.171604003] [foxglove_bridge]: publishing connection graph
[foxglove_bridge-1] [INFO] [1782974062.681805592] [foxglove_bridge]: Advertising new channel 54 for topic "/behavior_tree_log"
[foxglove_bridge-1] [INFO] [1782974062.787377813] [foxglove_bridge]: publishing connection graph
[foxglove_bridge-1] [INFO] [1782974063.338213260] [foxglove_bridge]: publishing connection graph
[foxglove_bridge-1] [INFO] [1782974063.901393481] [foxglove_bridge]: publishing connection graph
[foxglove_bridge-1] [INFO] [1782974066.603792709] [foxglove_bridge]: publishing connection graph
[foxglove_bridge-1] [INFO] [1782974068.714136801] [foxglove_bridge]: publishing connection graph
[foxglove_bridge-1] [INFO] [1782974069.292302084] [foxglove_bridge]: publishing connection graph
[foxglove_bridge-1] [INFO] [1782974071.597313477] [foxglove_bridge]: publishing connection graph
[foxglove_bridge-1] [INFO] [1782974073.406198469] [foxglove_bridge]: publishing connection graph
[foxglove_bridge-1] [INFO] [1782974073.963870616] [foxglove_bridge]: publishing connection graph
[foxglove_bridge-1] [INFO] [1782974076.055551239] [foxglove_bridge]: publishing connection graph
[foxglove_bridge-1] [INFO] [1782974078.211080062] [foxglove_bridge]: publishing connection graph
[foxglove_bridge-1] [INFO] [1782974078.778945570] [foxglove_bridge]: publishing connection graph
[foxglove_bridge-1] [INFO] [1782974080.830879795] [foxglove_bridge]: publishing connection graph
[foxglove_bridge-1] [INFO] [1782974081.537203685] [foxglove_bridge]: publishing connection graph
[foxglove_bridge-1] [INFO] [1782974082.285897430] [foxglove_bridge]: publishing connection graph
[foxglove_bridge-1] [INFO] [1782974082.849237695] [foxglove_bridge]: publishing connection graph
[foxglove_bridge-1] [INFO] [1782974085.816654092] [foxglove_bridge]: publishing connection graph
[foxglove_bridge-1] [INFO] [1782974086.919249491] [foxglove_bridge]: publishing connection graph
[foxglove_bridge-1] [INFO] [1782974090.541379107] [foxglove_bridge]: publishing connection graph
[foxglove_bridge-1] [INFO] [1782974091.144531690] [foxglove_bridge]: publishing connection graph
[foxglove_bridge-1] [INFO] [1782974091.701432132] [foxglove_bridge]: publishing connection graph
[foxglove_bridge-1] [INFO] [1782974095.906309700] [foxglove_bridge]: publishing connection graph
[foxglove_bridge-1] [INFO] [1782974096.526798383] [foxglove_bridge]: publishing connection graph
[foxglove_bridge-1] [INFO] [1782974102.267916189] [foxglove_bridge]: publishing connection graph
[foxglove_bridge-1] [INFO] [1782974102.898635275] [foxglove_bridge]: publishing connection graph
[foxglove_bridge-1] [ERROR] [1782974104.019853735] [foxglove_bridge]: Failed to retrieve parameters from node '/waypoint_follower': Failed to retrieve parameter names for node '/waypoint_follower'
[foxglove_bridge-1] [WARN] [1782974104.020072151] [foxglove_bridge]: Adding node /waypoint_follower to the ignore list to prevent repeated timeouts or failures in future parameter requests.
[foxglove_bridge-1] [ERROR] [1782974104.065177711] [foxglove_bridge]: Failed to retrieve parameters from node '/local_costmap/local_costmap': Failed to retrieve parameter names for node '/local_costmap/local_costmap'
[foxglove_bridge-1] [WARN] [1782974104.065431127] [foxglove_bridge]: Adding node /local_costmap/local_costmap to the ignore list to prevent repeated timeouts or failures in future parameter requests.
[foxglove_bridge-1] [ERROR] [1782974104.065541127] [foxglove_bridge]: Failed to retrieve parameters from node '/controller_server': Failed to retrieve parameter names for node '/controller_server'
[foxglove_bridge-1] [WARN] [1782974104.065599127] [foxglove_bridge]: Adding node /controller_server to the ignore list to prevent repeated timeouts or failures in future parameter requests.
[foxglove_bridge-1] [ERROR] [1782974104.065680335] [foxglove_bridge]: Failed to retrieve parameters from node '/simple_scan_filter': Failed to retrieve parameter names for node '/simple_scan_filter'
[foxglove_bridge-1] [WARN] [1782974104.065730543] [foxglove_bridge]: Adding node /simple_scan_filter to the ignore list to prevent repeated timeouts or failures in future parameter requests.
[foxglove_bridge-1] [ERROR] [1782974104.065901085] [foxglove_bridge]: Failed to retrieve parameters from node '/static_transform_publisher_q4cIXq4FHdUXL6I5': Failed to retrieve parameter names for node '/static_transform_publisher_q4cIXq4FHdUXL6I5'
[foxglove_bridge-1] [WARN] [1782974104.065954626] [foxglove_bridge]: Adding node /static_transform_publisher_q4cIXq4FHdUXL6I5 to the ignore list to prevent repeated timeouts or failures in future parameter requests.
[foxglove_bridge-1] [ERROR] [1782974104.396837439] [foxglove_bridge]: Failed to retrieve parameters from node '/ydlidar_ros2_driver_node': Timed out waiting for 27 parameter(s) from node '/ydlidar_ros2_driver_node'
[foxglove_bridge-1] [WARN] [1782974104.400240392] [foxglove_bridge]: Adding node /ydlidar_ros2_driver_node to the ignore list to prevent repeated timeouts or failures in future parameter requests.
[foxglove_bridge-1] [ERROR] [1782974104.400479642] [foxglove_bridge]: Failed to retrieve parameters from node '/m1_pwm_cmd_vel_bridge': Failed to retrieve parameter names for node '/m1_pwm_cmd_vel_bridge'
[foxglove_bridge-1] [WARN] [1782974104.400592808] [foxglove_bridge]: Adding node /m1_pwm_cmd_vel_bridge to the ignore list to prevent repeated timeouts or failures in future parameter requests.
[foxglove_bridge-1] [ERROR] [1782974104.400808100] [foxglove_bridge]: Failed to retrieve parameters from node '/map_server': Failed to retrieve parameter names for node '/map_server'
[foxglove_bridge-1] [WARN] [1782974104.400894975] [foxglove_bridge]: Adding node /map_server to the ignore list to prevent repeated timeouts or failures in future parameter requests.
[foxglove_bridge-1] [ERROR] [1782974104.401089808] [foxglove_bridge]: Failed to retrieve parameters from node '/behavior_server': Failed to retrieve parameter names for node '/behavior_server'
[foxglove_bridge-1] [WARN] [1782974104.401175308] [foxglove_bridge]: Adding node /behavior_server to the ignore list to prevent repeated timeouts or failures in future parameter requests.
[foxglove_bridge-1] [ERROR] [1782974104.404439469] [foxglove_bridge]: Failed to retrieve parameters from node '/lifecycle_manager_navigation': Timed out waiting for 13 parameter(s) from node '/lifecycle_manager_navigation'
[foxglove_bridge-1] [WARN] [1782974104.404612011] [foxglove_bridge]: Adding node /lifecycle_manager_navigation to the ignore list to prevent repeated timeouts or failures in future parameter requests.
[foxglove_bridge-1] [ERROR] [1782974104.404848261] [foxglove_bridge]: Failed to retrieve parameters from node '/velocity_smoother': Failed to retrieve parameter names for node '/velocity_smoother'
[foxglove_bridge-1] [WARN] [1782974104.404955427] [foxglove_bridge]: Adding node /velocity_smoother to the ignore list to prevent repeated timeouts or failures in future parameter requests.
[foxglove_bridge-1] [ERROR] [1782974104.405151885] [foxglove_bridge]: Failed to retrieve parameters from node '/amcl': Timed out waiting for 51 parameter(s) from node '/amcl'
[foxglove_bridge-1] [WARN] [1782974104.405232593] [foxglove_bridge]: Adding node /amcl to the ignore list to prevent repeated timeouts or failures in future parameter requests.
[foxglove_bridge-1] [ERROR] [1782974104.405402718] [foxglove_bridge]: Failed to retrieve parameters from node '/smoother_server': Failed to retrieve parameter names for node '/smoother_server'
[foxglove_bridge-1] [WARN] [1782974104.405471885] [foxglove_bridge]: Adding node /smoother_server to the ignore list to prevent repeated timeouts or failures in future parameter requests.
[foxglove_bridge-1] [ERROR] [1782974104.405667301] [foxglove_bridge]: Failed to retrieve parameters from node '/global_costmap/global_costmap': Failed to retrieve parameter names for node '/global_costmap/global_costmap'
[foxglove_bridge-1] [WARN] [1782974104.405731509] [foxglove_bridge]: Adding node /global_costmap/global_costmap to the ignore list to prevent repeated timeouts or failures in future parameter requests.
[foxglove_bridge-1] [ERROR] [1782974104.413970872] [foxglove_bridge]: Failed to retrieve parameters from node '/lifecycle_manager_localization': Failed to retrieve parameter names for node '/lifecycle_manager_localization'
[foxglove_bridge-1] [WARN] [1782974104.414157747] [foxglove_bridge]: Adding node /lifecycle_manager_localization to the ignore list to prevent repeated timeouts or failures in future parameter requests.
[foxglove_bridge-1] [ERROR] [1782974104.414467622] [foxglove_bridge]: Failed to retrieve parameters from node '/bt_navigator': Failed to retrieve parameter names for node '/bt_navigator'
[foxglove_bridge-1] [WARN] [1782974104.414586705] [foxglove_bridge]: Adding node /bt_navigator to the ignore list to prevent repeated timeouts or failures in future parameter requests.
[foxglove_bridge-1] [INFO] [1782974106.311870458] [foxglove_bridge]: publishing connection graph
[foxglove_bridge-1] [INFO] [1782974106.976417246] [foxglove_bridge]: publishing connection graph
[foxglove_bridge-1] [INFO] [1782974107.554612659] [foxglove_bridge]: publishing connection graph
[foxglove_bridge-1] [INFO] [1782974110.106188051] [foxglove_bridge]: publishing connection graph
[foxglove_bridge-1] [INFO] [1782974110.765417430] [foxglove_bridge]: publishing connection graph
[foxglove_bridge-1] [INFO] [1782974113.972023918] [foxglove_bridge]: publishing connection graph
[foxglove_bridge-1] [INFO] [1782974113.999757003] [foxglove_bridge]: Client ID 4 is advertising "/move_base_simple/goal" (geometry_msgs/PoseStamped) on channel 1 with encoding "cdr"
[foxglove_bridge-1] [INFO] [1782974114.097248529] [foxglove_bridge]: Client ID 4 is advertising "/clicked_point" (geometry_msgs/PointStamped) on channel 2 with encoding "cdr"
[foxglove_bridge-1] [INFO] [1782974114.230834794] [foxglove_bridge]: Client ID 4 is advertising "/initialpose" (geometry_msgs/PoseWithCovarianceStamped) on channel 3 with encoding "cdr"
[foxglove_bridge-1] [INFO] [1782974114.488327839] [foxglove_bridge]: Advertising new channel 55 for topic "/move_base_simple/goal"
[foxglove_bridge-1] [INFO] [1782974114.498681365] [foxglove_bridge]: Advertising new channel 56 for topic "/clicked_point"
[foxglove_bridge-1] [INFO] [1782974114.510333224] [foxglove_bridge]: received subscribe request for channel 55 from client 1
[foxglove_bridge-1] [INFO] [1782974114.559097611] [foxglove_bridge]: Created ROS subscription on /move_base_simple/goal (geometry_msgs/msg/PoseStamped) for channel 55
[foxglove_bridge-1] [INFO] [1782974114.642843282] [foxglove_bridge]: publishing connection graph
[foxglove_bridge-1] [INFO] [1782974115.272548455] [foxglove_bridge]: publishing connection graph
[foxglove_bridge-1] [INFO] [1782974118.071108369] [foxglove_bridge]: publishing connection graph
[foxglove_bridge-1] [INFO] [1782974118.702973373] [foxglove_bridge]: publishing connection graph
[foxglove_bridge-1] [INFO] [1782974130.503634176] [foxglove_bridge]: publishing connection graph
[foxglove_bridge-1] [INFO] [1782974133.288493078] [foxglove_bridge]: publishing connection graph
[foxglove_bridge-1] [INFO] [1782974134.099256577] [foxglove_bridge]: publishing connection graph
[foxglove_bridge-1] [INFO] [1782974134.700694210] [foxglove_bridge]: publishing connection graph
[foxglove_bridge-1] [INFO] [1782974135.323100355] [foxglove_bridge]: publishing connection graph
[foxglove_bridge-1] [INFO] [1782974136.902667246] [foxglove_bridge]: publishing connection graph
[foxglove_bridge-1] [INFO] [1782974138.170563920] [foxglove_bridge]: publishing connection graph
