[INFO] [1782974013.501703107] [simple_scan_filter]: filter /scan -> /scan_filtered, keep=[0.18, 4.00], isolated_window=2, isolated_delta=0.25, min_support_neighbors=1
[INFO] [1782974018.349653606] [simple_scan_filter]: scan stats: n=404, zeros=105, nan=0, inf=0, finite_raw=299, finite_out=236, removed_isolated=7
[INFO] [1782974023.340059651] [simple_scan_filter]: scan stats: n=404, zeros=109, nan=0, inf=0, finite_raw=295, finite_out=222, removed_isolated=8
[INFO] [1782974028.332886991] [simple_scan_filter]: scan stats: n=404, zeros=107, nan=0, inf=0, finite_raw=297, finite_out=239, removed_isolated=4
[INFO] [1782974033.322680426] [simple_scan_filter]: scan stats: n=404, zeros=106, nan=0, inf=0, finite_raw=298, finite_out=244, removed_isolated=3
[INFO] [1782974038.320550896] [simple_scan_filter]: scan stats: n=404, zeros=112, nan=0, inf=0, finite_raw=292, finite_out=230, removed_isolated=5
[INFO] [1782974043.305084684] [simple_scan_filter]: scan stats: n=404, zeros=99, nan=0, inf=0, finite_raw=305, finite_out=247, removed_isolated=2
[INFO] [1782974048.296112469] [simple_scan_filter]: scan stats: n=404, zeros=102, nan=0, inf=0, finite_raw=302, finite_out=233, removed_isolated=6
[INFO] [1782974053.300120074] [simple_scan_filter]: scan stats: n=404, zeros=106, nan=0, inf=0, finite_raw=298, finite_out=236, removed_isolated=7
[INFO] [1782974058.282650384] [simple_scan_filter]: scan stats: n=404, zeros=106, nan=0, inf=0, finite_raw=298, finite_out=238, removed_isolated=4
[INFO] [1782974063.274263437] [simple_scan_filter]: scan stats: n=404, zeros=109, nan=0, inf=0, finite_raw=295, finite_out=241, removed_isolated=3
[INFO] [1782974068.266449703] [simple_scan_filter]: scan stats: n=404, zeros=104, nan=0, inf=0, finite_raw=300, finite_out=243, removed_isolated=2
[INFO] [1782974073.289364723] [simple_scan_filter]: scan stats: n=404, zeros=99, nan=0, inf=0, finite_raw=305, finite_out=242, removed_isolated=3
[INFO] [1782974078.270593226] [simple_scan_filter]: scan stats: n=404, zeros=101, nan=0, inf=0, finite_raw=303, finite_out=244, removed_isolated=2
[INFO] [1782974083.237645255] [simple_scan_filter]: scan stats: n=404, zeros=104, nan=0, inf=0, finite_raw=300, finite_out=243, removed_isolated=1
[INFO] [1782974088.234984830] [simple_scan_filter]: scan stats: n=404, zeros=104, nan=0, inf=0, finite_raw=300, finite_out=238, removed_isolated=3
[INFO] [1782974093.223408132] [simple_scan_filter]: scan stats: n=404, zeros=106, nan=0, inf=0, finite_raw=298, finite_out=238, removed_isolated=4
[INFO] [1782974098.218685472] [simple_scan_filter]: scan stats: n=404, zeros=112, nan=0, inf=0, finite_raw=292, finite_out=235, removed_isolated=1
[INFO] [1782974103.310579345] [simple_scan_filter]: scan stats: n=404, zeros=109, nan=0, inf=0, finite_raw=295, finite_out=236, removed_isolated=3
[INFO] [1782974108.301308245] [simple_scan_filter]: scan stats: n=404, zeros=107, nan=0, inf=0, finite_raw=297, finite_out=239, removed_isolated=3
[INFO] [1782974113.289945530] [simple_scan_filter]: scan stats: n=404, zeros=110, nan=0, inf=0, finite_raw=294, finite_out=238, removed_isolated=2
[INFO] [1782974118.292142300] [simple_scan_filter]: scan stats: n=404, zeros=106, nan=0, inf=0, finite_raw=298, finite_out=233, removed_isolated=8
[INFO] [1782974123.278227850] [simple_scan_filter]: scan stats: n=404, zeros=105, nan=0, inf=0, finite_raw=299, finite_out=234, removed_isolated=6
[INFO] [1782974128.267547151] [simple_scan_filter]: scan stats: n=404, zeros=105, nan=0, inf=0, finite_raw=299, finite_out=232, removed_isolated=7
[INFO] [1782974133.282552670] [simple_scan_filter]: scan stats: n=404, zeros=109, nan=0, inf=0, finite_raw=295, finite_out=236, removed_isolated=5
[INFO] [1782974138.252808593] [simple_scan_filter]: scan stats: n=404, zeros=107, nan=0, inf=0, finite_raw=297, finite_out=232, removed_isolated=10
Traceback (most recent call last):
  File "/root/rdk_x5_vln_robot/ros2_bridge/simple_scan_filter.py", line 197, in <module>
    main()
  File "/root/rdk_x5_vln_robot/ros2_bridge/simple_scan_filter.py", line 191, in main
    rclpy.spin(node)
  File "/opt/ros/humble/local/lib/python3.10/dist-packages/rclpy/__init__.py", line 229, in spin
    executor.spin_once()
  File "/opt/ros/humble/local/lib/python3.10/dist-packages/rclpy/executors.py", line 751, in spin_once
    self._spin_once_impl(timeout_sec)
  File "/opt/ros/humble/local/lib/python3.10/dist-packages/rclpy/executors.py", line 740, in _spin_once_impl
    handler, entity, node = self.wait_for_ready_callbacks(timeout_sec=timeout_sec)
  File "/opt/ros/humble/local/lib/python3.10/dist-packages/rclpy/executors.py", line 723, in wait_for_ready_callbacks
    return next(self._cb_iter)
  File "/opt/ros/humble/local/lib/python3.10/dist-packages/rclpy/executors.py", line 624, in _wait_for_ready_callbacks
    raise ExternalShutdownException()
rclpy.executors.ExternalShutdownException
