[INFO] [launch]: All log files can be found below /root/.ros/log/2026-07-02-21-47-22-906932-ubuntu-55457
[INFO] [launch]: Default logging verbosity is set to INFO
[INFO] [foxglove_bridge-1]: process started with pid [55499]
[foxglove_bridge-1] [INFO] [1783000044.009831986] [foxglove_bridge]: Starting foxglove_bridge (humble, 3.3.0@)
[foxglove_bridge-1] [INFO] [1783000044.016678681] [foxglove_bridge]: Server listening on port 8765
[foxglove_bridge-1] [INFO] [1783000044.021061631] [foxglove_bridge]: Advertising new channel 2 for topic "/tf_static"
[foxglove_bridge-1] [INFO] [1783000044.021262172] [foxglove_bridge]: Advertising new channel 3 for topic "/tf"
[foxglove_bridge-1] [INFO] [1783000044.022095504] [foxglove_bridge]: Advertising new channel 4 for topic "/rosout"
[foxglove_bridge-1] [INFO] [1783000044.022974419] [foxglove_bridge]: Advertising new channel 5 for topic "/scan"
[foxglove_bridge-1] [INFO] [1783000044.025455789] [foxglove_bridge]: Advertising new channel 6 for topic "/parameter_events"
[foxglove_bridge-1] [INFO] [1783000044.026681328] [foxglove_bridge]: Advertising new channel 7 for topic "/foxglove_goal_pose"
[foxglove_bridge-1] [INFO] [1783000044.028405658] [foxglove_bridge]: Advertising new channel 8 for topic "/odom"
[foxglove_bridge-1] [INFO] [1783000044.028962282] [foxglove_bridge]: Advertising new channel 9 for topic "/cmd_vel_sent"
[foxglove_bridge-1] [INFO] [1783000044.029115324] [foxglove_bridge]: Advertising new channel 10 for topic "/scan_filtered"
[foxglove_bridge-1] [INFO] [1783000044.029184615] [foxglove_bridge]: Advertising new channel 11 for topic "/cmd_vel"
[foxglove_bridge-1] [INFO] [1783000044.029687989] [foxglove_bridge]: Advertising new channel 12 for topic "/chassis_bridge_state"
[foxglove_bridge-1] [INFO] [1783000044.604593507] [foxglove_bridge]: received connection graph subscribe request
[foxglove_bridge-1] [INFO] [1783000044.674488372] [foxglove_bridge]: publishing connection graph
[foxglove_bridge-1] [INFO] [1783000044.689877468] [foxglove_bridge]: received subscribe request for channel 3 from client 1
[foxglove_bridge-1] [INFO] [1783000044.702953151] [foxglove_bridge]: Created ROS subscription on /tf (tf2_msgs/msg/TFMessage) for channel 3
[foxglove_bridge-1] [INFO] [1783000044.703200275] [foxglove_bridge]: received subscribe request for channel 2 from client 1
[foxglove_bridge-1] [INFO] [1783000044.714574962] [foxglove_bridge]: Created ROS subscription on /tf_static (tf2_msgs/msg/TFMessage) for channel 2
[foxglove_bridge-1] [INFO] [1783000044.724076693] [foxglove_bridge]: Client ID 1 is advertising "/move_base_simple/goal" (geometry_msgs/PoseStamped) on channel 1 with encoding "cdr"
[foxglove_bridge-1] [INFO] [1783000044.729572350] [foxglove_bridge]: Client ID 1 is advertising "/clicked_point" (geometry_msgs/PointStamped) on channel 2 with encoding "cdr"
[foxglove_bridge-1] [INFO] [1783000044.735000256] [foxglove_bridge]: Client ID 1 is advertising "/initialpose" (geometry_msgs/PoseWithCovarianceStamped) on channel 3 with encoding "cdr"
[foxglove_bridge-1] [INFO] [1783000044.804564455] [foxglove_bridge]: received subscribe request for channel 3 from client 2
[foxglove_bridge-1] [INFO] [1783000044.804817413] [foxglove_bridge]: received subscribe request for channel 2 from client 2
[foxglove_bridge-1] [INFO] [1783000044.805018246] [foxglove_bridge]: received subscribe request for channel 10 from client 2
[foxglove_bridge-1] [INFO] [1783000044.815365143] [foxglove_bridge]: Created ROS subscription on /scan_filtered (sensor_msgs/msg/LaserScan) for channel 10
[foxglove_bridge-1] [INFO] [1783000045.004331529] [foxglove_bridge]: received subscribe request for channel 2 from client 3
[foxglove_bridge-1] [INFO] [1783000045.004658653] [foxglove_bridge]: received subscribe request for channel 5 from client 3
[foxglove_bridge-1] [INFO] [1783000045.012901970] [foxglove_bridge]: Created ROS subscription on /scan (sensor_msgs/msg/LaserScan) for channel 5
[foxglove_bridge-1] [INFO] [1783000045.013176428] [foxglove_bridge]: received subscribe request for channel 11 from client 3
[foxglove_bridge-1] [INFO] [1783000045.021218246] [foxglove_bridge]: Created ROS subscription on /cmd_vel (geometry_msgs/msg/Twist) for channel 11
[foxglove_bridge-1] [INFO] [1783000045.021481079] [foxglove_bridge]: received subscribe request for channel 3 from client 3
[foxglove_bridge-1] [INFO] [1783000045.033544181] [foxglove_bridge]: received subscribe request for channel 7 from client 1
[foxglove_bridge-1] [INFO] [1783000045.037973589] [foxglove_bridge]: Created ROS subscription on /foxglove_goal_pose (geometry_msgs/msg/PoseStamped) for channel 7
[foxglove_bridge-1] [INFO] [1783000045.038222547] [foxglove_bridge]: received subscribe request for channel 5 from client 1
[foxglove_bridge-1] [INFO] [1783000045.038330672] [foxglove_bridge]: received subscribe request for channel 10 from client 1
[foxglove_bridge-1] [INFO] [1783000045.176022240] [foxglove_bridge]: Advertising new channel 13 for topic "/move_base_simple/goal"
[foxglove_bridge-1] [INFO] [1783000045.177003863] [foxglove_bridge]: Advertising new channel 14 for topic "/initialpose"
[foxglove_bridge-1] [INFO] [1783000045.177958486] [foxglove_bridge]: Advertising new channel 15 for topic "/clicked_point"
[foxglove_bridge-1] [INFO] [1783000045.181638438] [foxglove_bridge]: publishing connection graph
[foxglove_bridge-1] [INFO] [1783000045.304181660] [foxglove_bridge]: received subscribe request for channel 14 from client 1
[foxglove_bridge-1] [INFO] [1783000045.307781237] [foxglove_bridge]: Created ROS subscription on /initialpose (geometry_msgs/msg/PoseWithCovarianceStamped) for channel 14
[foxglove_bridge-1] [INFO] [1783000045.308065361] [foxglove_bridge]: received subscribe request for channel 13 from client 1
[foxglove_bridge-1] [INFO] [1783000045.313234851] [foxglove_bridge]: Created ROS subscription on /move_base_simple/goal (geometry_msgs/msg/PoseStamped) for channel 13
[foxglove_bridge-1] [INFO] [1783000045.686328425] [foxglove_bridge]: publishing connection graph
[foxglove_bridge-1] [INFO] [1783000050.298425583] [foxglove_bridge]: publishing connection graph
[foxglove_bridge-1] [INFO] [1783000050.892650073] [foxglove_bridge]: publishing connection graph
[foxglove_bridge-1] [INFO] [1783000051.397735025] [foxglove_bridge]: publishing connection graph
[foxglove_bridge-1] [INFO] [1783000053.417983883] [foxglove_bridge]: publishing connection graph
[foxglove_bridge-1] [INFO] [1783000053.922980506] [foxglove_bridge]: publishing connection graph
[foxglove_bridge-1] [INFO] [1783000055.211379474] [foxglove_bridge]: publishing connection graph
[foxglove_bridge-1] [INFO] [1783000055.716678849] [foxglove_bridge]: publishing connection graph
[foxglove_bridge-1] [INFO] [1783000056.221561808] [foxglove_bridge]: publishing connection graph
[foxglove_bridge-1] [INFO] [1783000058.279558244] [foxglove_bridge]: publishing connection graph
[foxglove_bridge-1] [INFO] [1783000058.785107955] [foxglove_bridge]: publishing connection graph
[foxglove_bridge-1] [INFO] [1783000059.347885101] [foxglove_bridge]: publishing connection graph
[foxglove_bridge-1] [INFO] [1783000059.853113980] [foxglove_bridge]: publishing connection graph
[foxglove_bridge-1] [INFO] [1783000061.462919113] [foxglove_bridge]: publishing connection graph
[foxglove_bridge-1] [INFO] [1783000061.967944537] [foxglove_bridge]: publishing connection graph
[foxglove_bridge-1] [INFO] [1783000063.308361684] [foxglove_bridge]: publishing connection graph
[foxglove_bridge-1] [INFO] [1783000064.023759883] [foxglove_bridge]: publishing connection graph
[foxglove_bridge-1] [ERROR] [1783000064.413207194] [foxglove_bridge]: Failed to retrieve parameters from node '/tf2_echo': Failed to retrieve parameter names for node '/tf2_echo'
[foxglove_bridge-1] [WARN] [1783000064.413378611] [foxglove_bridge]: Adding node /tf2_echo to the ignore list to prevent repeated timeouts or failures in future parameter requests.
[foxglove_bridge-1] [INFO] [1783000066.305983774] [foxglove_bridge]: publishing connection graph
[foxglove_bridge-1] [INFO] [1783000066.818215816] [foxglove_bridge]: publishing connection graph
[foxglove_bridge-1] [INFO] [1783000067.323547414] [foxglove_bridge]: publishing connection graph
[foxglove_bridge-1] [INFO] [1783000067.828632595] [foxglove_bridge]: publishing connection graph
[foxglove_bridge-1] [INFO] [1783000069.481325263] [foxglove_bridge]: publishing connection graph
[foxglove_bridge-1] [INFO] [1783000069.986239031] [foxglove_bridge]: publishing connection graph
[foxglove_bridge-1] [INFO] [1783000071.275244801] [foxglove_bridge]: publishing connection graph
[foxglove_bridge-1] [INFO] [1783000071.779943363] [foxglove_bridge]: publishing connection graph
[foxglove_bridge-1] [INFO] [1783000072.285019301] [foxglove_bridge]: publishing connection graph
[foxglove_bridge-1] [INFO] [1783000074.330955301] [foxglove_bridge]: publishing connection graph
[foxglove_bridge-1] [INFO] [1783000074.845991848] [foxglove_bridge]: publishing connection graph
[foxglove_bridge-1] [INFO] [1783000075.353369451] [foxglove_bridge]: publishing connection graph
[foxglove_bridge-1] [INFO] [1783000075.860762597] [foxglove_bridge]: publishing connection graph
[foxglove_bridge-1] [INFO] [1783000077.492646211] [foxglove_bridge]: publishing connection graph
[foxglove_bridge-1] [INFO] [1783000077.997635656] [foxglove_bridge]: publishing connection graph
[foxglove_bridge-1] [INFO] [1783000079.249312686] [foxglove_bridge]: publishing connection graph
[foxglove_bridge-1] [INFO] [1783000080.489165575] [foxglove_bridge]: publishing connection graph
[foxglove_bridge-1] [INFO] [1783000080.998881847] [foxglove_bridge]: publishing connection graph
[foxglove_bridge-1] [INFO] [1783000081.642379293] [foxglove_bridge]: publishing connection graph
[foxglove_bridge-1] [INFO] [1783000082.147470367] [foxglove_bridge]: publishing connection graph
[foxglove_bridge-1] [INFO] [1783000085.684226446] [foxglove_bridge]: publishing connection graph
[foxglove_bridge-1] [INFO] [1783000087.150215900] [foxglove_bridge]: publishing connection graph
[foxglove_bridge-1] [INFO] [1783000087.658007102] [foxglove_bridge]: Advertising new channel 16 for topic "/velocity_smoother/transition_event"
[foxglove_bridge-1] [INFO] [1783000088.969380844] [foxglove_bridge]: publishing connection graph
[foxglove_bridge-1] [INFO] [1783000089.474099428] [foxglove_bridge]: Advertising new channel 17 for topic "/waypoint_follower/transition_event"
[foxglove_bridge-1] [INFO] [1783000089.476346674] [foxglove_bridge]: Advertising new channel 18 for topic "/map"
[foxglove_bridge-1] [INFO] [1783000089.478458421] [foxglove_bridge]: Advertising new channel 19 for topic "/local_costmap/voxel_grid"
[foxglove_bridge-1] [INFO] [1783000089.478961170] [foxglove_bridge]: Advertising new channel 20 for topic "/local_costmap/local_costmap/transition_event"
[foxglove_bridge-1] [INFO] [1783000089.479687710] [foxglove_bridge]: Advertising new channel 21 for topic "/map_server/transition_event"
[foxglove_bridge-1] [INFO] [1783000089.481035166] [foxglove_bridge]: Advertising new channel 22 for topic "/local_costmap/footprint"
[foxglove_bridge-1] [INFO] [1783000089.484170619] [foxglove_bridge]: Advertising new channel 23 for topic "/local_costmap/clearing_endpoints"
[foxglove_bridge-1] [INFO] [1783000089.485596158] [foxglove_bridge]: Advertising new channel 24 for topic "/global_costmap/global_costmap/transition_event"
[foxglove_bridge-1] [INFO] [1783000089.486118532] [foxglove_bridge]: Advertising new channel 25 for topic "/smoother_server/transition_event"
[foxglove_bridge-1] [INFO] [1783000089.486618156] [foxglove_bridge]: Advertising new channel 26 for topic "/controller_server/transition_event"
[foxglove_bridge-1] [INFO] [1783000089.487197613] [foxglove_bridge]: Advertising new channel 27 for topic "/planner_server/transition_event"
[foxglove_bridge-1] [INFO] [1783000089.490142816] [foxglove_bridge]: Advertising new channel 28 for topic "/diagnostics"
[foxglove_bridge-1] [INFO] [1783000089.490656023] [foxglove_bridge]: Advertising new channel 29 for topic "/bt_navigator/transition_event"
[foxglove_bridge-1] [INFO] [1783000089.495952889] [foxglove_bridge]: Advertising new channel 30 for topic "/behavior_server/transition_event"
[foxglove_bridge-1] [INFO] [1783000089.496414180] [foxglove_bridge]: Advertising new channel 31 for topic "/amcl/transition_event"
[foxglove_bridge-1] [INFO] [1783000089.507810576] [foxglove_bridge]: received subscribe request for channel 18 from client 3
[foxglove_bridge-1] [INFO] [1783000089.528357705] [foxglove_bridge]: Created ROS subscription on /map (nav_msgs/msg/OccupancyGrid) for channel 18
[foxglove_bridge-1] [INFO] [1783000089.529426828] [foxglove_bridge]: received subscribe request for channel 18 from client 2
[foxglove_bridge-1] [INFO] [1783000093.499917020] [foxglove_bridge]: publishing connection graph
[foxglove_bridge-1] [INFO] [1783000094.007184813] [foxglove_bridge]: Advertising new channel 32 for topic "/speed_limit"
[foxglove_bridge-1] [INFO] [1783000094.008392727] [foxglove_bridge]: Advertising new channel 33 for topic "/plan"
[foxglove_bridge-1] [INFO] [1783000094.008672852] [foxglove_bridge]: Advertising new channel 34 for topic "/received_global_plan"
[foxglove_bridge-1] [INFO] [1783000094.008857810] [foxglove_bridge]: Advertising new channel 35 for topic "/transformed_global_plan"
[foxglove_bridge-1] [INFO] [1783000094.009011809] [foxglove_bridge]: Advertising new channel 36 for topic "/plan_smoothed"
[foxglove_bridge-1] [INFO] [1783000094.011161180] [foxglove_bridge]: Advertising new channel 37 for topic "/local_costmap/published_footprint"
[foxglove_bridge-1] [INFO] [1783000094.012650469] [foxglove_bridge]: Advertising new channel 38 for topic "/local_costmap/costmap_raw"
[foxglove_bridge-1] [INFO] [1783000094.012936260] [foxglove_bridge]: Advertising new channel 39 for topic "/global_costmap/published_footprint"
[foxglove_bridge-1] [INFO] [1783000094.013129885] [foxglove_bridge]: Advertising new channel 40 for topic "/local_plan"
[foxglove_bridge-1] [INFO] [1783000094.013275552] [foxglove_bridge]: Advertising new channel 41 for topic "/goal_pose"
[foxglove_bridge-1] [INFO] [1783000094.013390093] [foxglove_bridge]: Advertising new channel 42 for topic "/global_costmap/footprint"
[foxglove_bridge-1] [INFO] [1783000094.013540759] [foxglove_bridge]: Advertising new channel 43 for topic "/global_costmap/costmap_raw"
[foxglove_bridge-1] [INFO] [1783000094.013702759] [foxglove_bridge]: Advertising new channel 44 for topic "/global_costmap/costmap"
[foxglove_bridge-1] [INFO] [1783000094.015256798] [foxglove_bridge]: Advertising new channel 45 for topic "/global_costmap/costmap_updates"
[foxglove_bridge-1] [INFO] [1783000094.015567631] [foxglove_bridge]: Advertising new channel 46 for topic "/local_costmap/costmap"
[foxglove_bridge-1] [INFO] [1783000094.018638375] [foxglove_bridge]: Advertising new channel 47 for topic "/evaluation"
[foxglove_bridge-1] [INFO] [1783000094.019161999] [foxglove_bridge]: Advertising new channel 48 for topic "/cost_cloud"
[foxglove_bridge-1] [INFO] [1783000094.024675198] [foxglove_bridge]: Advertising new channel 49 for topic "/marker"
[foxglove_bridge-1] [INFO] [1783000094.024974030] [foxglove_bridge]: Advertising new channel 50 for topic "/cmd_vel_teleop"
[foxglove_bridge-1] [INFO] [1783000094.025202030] [foxglove_bridge]: Advertising new channel 51 for topic "/cmd_vel_nav"
[foxglove_bridge-1] [INFO] [1783000094.025408613] [foxglove_bridge]: Advertising new channel 52 for topic "/local_costmap/costmap_updates"
[foxglove_bridge-1] [INFO] [1783000094.026107487] [foxglove_bridge]: Advertising new channel 53 for topic "/preempt_teleop"
[foxglove_bridge-1] [INFO] [1783000094.026786861] [foxglove_bridge]: Advertising new channel 54 for topic "/bond"
[foxglove_bridge-1] [INFO] [1783000094.028167900] [foxglove_bridge]: Advertising new channel 55 for topic "/particle_cloud"
[foxglove_bridge-1] [INFO] [1783000094.028574774] [foxglove_bridge]: Advertising new channel 56 for topic "/amcl_pose"
[foxglove_bridge-1] [INFO] [1783000094.486197824] [foxglove_bridge]: publishing connection graph
[foxglove_bridge-1] [INFO] [1783000095.034290753] [foxglove_bridge]: publishing connection graph
[foxglove_bridge-1] [INFO] [1783000095.717457690] [foxglove_bridge]: publishing connection graph
[foxglove_bridge-1] [ERROR] [1783000096.157969273] [foxglove_bridge]: Incompatible subscriber QoS settings for topic "/initialpose" (geometry_msgs/msg/PoseWithCovarianceStamped)
[foxglove_bridge-1] [INFO] [1783000097.579000095] [foxglove_bridge]: publishing connection graph
[foxglove_bridge-1] [INFO] [1783000098.130551105] [foxglove_bridge]: publishing connection graph
[foxglove_bridge-1] [ERROR] [1783000098.186334422] [foxglove_bridge]: Failed to retrieve parameters from node '/bt_navigator_navigate_to_pose_rclcpp_node': Failed to retrieve parameter names for node '/bt_navigator_navigate_to_pose_rclcpp_node'
[foxglove_bridge-1] [WARN] [1783000098.186509255] [foxglove_bridge]: Adding node /bt_navigator_navigate_to_pose_rclcpp_node to the ignore list to prevent repeated timeouts or failures in future parameter requests.
[foxglove_bridge-1] [ERROR] [1783000098.186599880] [foxglove_bridge]: Failed to retrieve parameters from node '/planner_server': Failed to retrieve parameter names for node '/planner_server'
[foxglove_bridge-1] [WARN] [1783000098.186646838] [foxglove_bridge]: Adding node /planner_server to the ignore list to prevent repeated timeouts or failures in future parameter requests.
[foxglove_bridge-1] [ERROR] [1783000098.188468126] [foxglove_bridge]: Failed to retrieve parameters from node '/bt_navigator_navigate_through_poses_rclcpp_node': Failed to retrieve parameter names for node '/bt_navigator_navigate_through_poses_rclcpp_node'
[foxglove_bridge-1] [WARN] [1783000098.188618293] [foxglove_bridge]: Adding node /bt_navigator_navigate_through_poses_rclcpp_node to the ignore list to prevent repeated timeouts or failures in future parameter requests.
[foxglove_bridge-1] [INFO] [1783000098.674636672] [foxglove_bridge]: publishing connection graph
[foxglove_bridge-1] [INFO] [1783000099.260415872] [foxglove_bridge]: publishing connection graph
[foxglove_bridge-1] [INFO] [1783000099.770276334] [foxglove_bridge]: Advertising new channel 57 for topic "/behavior_tree_log"
[foxglove_bridge-1] [INFO] [1783000100.059684358] [foxglove_bridge]: publishing connection graph
[foxglove_bridge-1] [INFO] [1783000100.871521406] [foxglove_bridge]: publishing connection graph
[foxglove_bridge-1] [INFO] [1783000101.591338412] [foxglove_bridge]: publishing connection graph
[foxglove_bridge-1] [INFO] [1783000102.151343537] [foxglove_bridge]: publishing connection graph
[foxglove_bridge-1] [INFO] [1783000104.365214843] [foxglove_bridge]: publishing connection graph
[foxglove_bridge-1] [INFO] [1783000107.255982418] [foxglove_bridge]: publishing connection graph
[foxglove_bridge-1] [INFO] [1783000107.838677886] [foxglove_bridge]: publishing connection graph
[foxglove_bridge-1] [INFO] [1783000109.843940214] [foxglove_bridge]: publishing connection graph
[foxglove_bridge-1] [INFO] [1783000110.475929640] [foxglove_bridge]: publishing connection graph
[foxglove_bridge-1] [INFO] [1783000111.065665808] [foxglove_bridge]: publishing connection graph
[foxglove_bridge-1] [INFO] [1783000113.664360566] [foxglove_bridge]: publishing connection graph
[foxglove_bridge-1] [INFO] [1783000114.726595700] [foxglove_bridge]: publishing connection graph
[foxglove_bridge-1] [INFO] [1783000115.368013324] [foxglove_bridge]: publishing connection graph
[foxglove_bridge-1] [INFO] [1783000116.270586409] [foxglove_bridge]: publishing connection graph
[foxglove_bridge-1] [INFO] [1783000117.601698871] [foxglove_bridge]: received subscribe request for channel 56 from client 1
[foxglove_bridge-1] [INFO] [1783000117.621673336] [foxglove_bridge]: Created ROS subscription on /amcl_pose (geometry_msgs/msg/PoseWithCovarianceStamped) for channel 56
[foxglove_bridge-1] [INFO] [1783000117.622537376] [foxglove_bridge]: received subscribe request for channel 48 from client 1
[foxglove_bridge-1] [INFO] [1783000117.650227369] [foxglove_bridge]: Created ROS subscription on /cost_cloud (sensor_msgs/msg/PointCloud2) for channel 48
[foxglove_bridge-1] [INFO] [1783000117.651069743] [foxglove_bridge]: received subscribe request for channel 39 from client 1
[foxglove_bridge-1] [INFO] [1783000117.688533969] [foxglove_bridge]: Created ROS subscription on /global_costmap/published_footprint (geometry_msgs/msg/PolygonStamped) for channel 39
[foxglove_bridge-1] [INFO] [1783000117.689616217] [foxglove_bridge]: received subscribe request for channel 41 from client 1
[foxglove_bridge-1] [INFO] [1783000117.705979522] [foxglove_bridge]: Created ROS subscription on /goal_pose (geometry_msgs/msg/PoseStamped) for channel 41
[foxglove_bridge-1] [INFO] [1783000117.709412557] [foxglove_bridge]: received subscribe request for channel 23 from client 1
[foxglove_bridge-1] [INFO] [1783000117.730549312] [foxglove_bridge]: Created ROS subscription on /local_costmap/clearing_endpoints (sensor_msgs/msg/PointCloud2) for channel 23
[foxglove_bridge-1] [INFO] [1783000117.730836687] [foxglove_bridge]: received subscribe request for channel 37 from client 1
[foxglove_bridge-1] [INFO] [1783000117.749509487] [foxglove_bridge]: Created ROS subscription on /local_costmap/published_footprint (geometry_msgs/msg/PolygonStamped) for channel 37
[foxglove_bridge-1] [INFO] [1783000117.749776112] [foxglove_bridge]: received subscribe request for channel 40 from client 1
[foxglove_bridge-1] [INFO] [1783000117.752922148] [foxglove_bridge]: publishing connection graph
[foxglove_bridge-1] [INFO] [1783000117.774538402] [foxglove_bridge]: Created ROS subscription on /local_plan (nav_msgs/msg/Path) for channel 40
[foxglove_bridge-1] [INFO] [1783000117.776434774] [foxglove_bridge]: received subscribe request for channel 18 from client 1
[foxglove_bridge-1] [INFO] [1783000117.776763690] [foxglove_bridge]: received subscribe request for channel 49 from client 1
[foxglove_bridge-1] [INFO] [1783000117.805668097] [foxglove_bridge]: Created ROS subscription on /marker (visualization_msgs/msg/MarkerArray) for channel 49
[foxglove_bridge-1] [INFO] [1783000117.807151511] [foxglove_bridge]: received subscribe request for channel 33 from client 1
[foxglove_bridge-1] [INFO] [1783000117.827161768] [foxglove_bridge]: Created ROS subscription on /plan (nav_msgs/msg/Path) for channel 33
[foxglove_bridge-1] [INFO] [1783000117.827674851] [foxglove_bridge]: received subscribe request for channel 36 from client 1
[foxglove_bridge-1] [INFO] [1783000117.843881947] [foxglove_bridge]: Created ROS subscription on /plan_smoothed (nav_msgs/msg/Path) for channel 36
[foxglove_bridge-1] [INFO] [1783000117.844168572] [foxglove_bridge]: received subscribe request for channel 34 from client 1
[foxglove_bridge-1] [INFO] [1783000117.863394205] [foxglove_bridge]: Created ROS subscription on /received_global_plan (nav_msgs/msg/Path) for channel 34
[foxglove_bridge-1] [INFO] [1783000117.863686829] [foxglove_bridge]: received subscribe request for channel 35 from client 1
[foxglove_bridge-1] [INFO] [1783000117.878060054] [foxglove_bridge]: Created ROS subscription on /transformed_global_plan (nav_msgs/msg/Path) for channel 35
[foxglove_bridge-1] [INFO] [1783000118.332747551] [foxglove_bridge]: publishing connection graph
[foxglove_bridge-1] [INFO] [1783000119.209164854] [foxglove_bridge]: publishing connection graph
[foxglove_bridge-1] [INFO] [1783000120.358467767] [foxglove_bridge]: publishing connection graph
[foxglove_bridge-1] [INFO] [1783000120.943842080] [foxglove_bridge]: publishing connection graph
[foxglove_bridge-1] [INFO] [1783000121.633229047] [foxglove_bridge]: publishing connection graph
[foxglove_bridge-1] [INFO] [1783000125.045082624] [foxglove_bridge]: publishing connection graph
[foxglove_bridge-1] [INFO] [1783000125.934927000] [foxglove_bridge]: publishing connection graph
[foxglove_bridge-1] [INFO] [1783000126.844145553] [foxglove_bridge]: publishing connection graph
[foxglove_bridge-1] [INFO] [1783000127.473339592] [foxglove_bridge]: publishing connection graph
[foxglove_bridge-1] [INFO] [1783000127.989374117] [foxglove_bridge]: Advertising new channel 58 for topic "/foxglove_click_accepted_goal"
[foxglove_bridge-1] [INFO] [1783000127.991594530] [foxglove_bridge]: Advertising new channel 59 for topic "/foxglove_click_planned_path"
[foxglove_bridge-1] [INFO] [1783000127.996130189] [foxglove_bridge]: Advertising new channel 60 for topic "/foxglove_click_path_marker"
[foxglove_bridge-1] [INFO] [1783000128.143299143] [foxglove_bridge]: publishing connection graph
[foxglove_bridge-1] [INFO] [1783000128.808386788] [foxglove_bridge]: publishing connection graph
[foxglove_bridge-1] [INFO] [1783000129.730245408] [foxglove_bridge]: publishing connection graph
[foxglove_bridge-1] [INFO] [1783000130.925766518] [foxglove_bridge]: publishing connection graph
[foxglove_bridge-1] [INFO] [1783000131.979800832] [foxglove_bridge]: received subscribe request for channel 58 from client 1
[foxglove_bridge-1] [INFO] [1783000131.997319386] [foxglove_bridge]: Created ROS subscription on /foxglove_click_accepted_goal (geometry_msgs/msg/PoseStamped) for channel 58
[foxglove_bridge-1] [INFO] [1783000132.003347917] [foxglove_bridge]: received subscribe request for channel 60 from client 1
[foxglove_bridge-1] [INFO] [1783000132.044433013] [foxglove_bridge]: Created ROS subscription on /foxglove_click_path_marker (visualization_msgs/msg/Marker) for channel 60
[foxglove_bridge-1] [INFO] [1783000132.048156090] [foxglove_bridge]: received subscribe request for channel 59 from client 1
[foxglove_bridge-1] [INFO] [1783000132.078792329] [foxglove_bridge]: Created ROS subscription on /foxglove_click_planned_path (nav_msgs/msg/Path) for channel 59
[foxglove_bridge-1] [INFO] [1783000132.121733464] [foxglove_bridge]: publishing connection graph
[foxglove_bridge-1] [INFO] [1783000132.747219224] [foxglove_bridge]: publishing connection graph
[foxglove_bridge-1] [INFO] [1783000133.918162717] [foxglove_bridge]: publishing connection graph
[foxglove_bridge-1] [INFO] [1783000134.920623626] [foxglove_bridge]: publishing connection graph
[foxglove_bridge-1] [INFO] [1783000135.687821357] [foxglove_bridge]: publishing connection graph
[foxglove_bridge-1] [INFO] [1783000136.527727131] [foxglove_bridge]: publishing connection graph
[foxglove_bridge-1] [INFO] [1783000137.171541740] [foxglove_bridge]: publishing connection graph
[foxglove_bridge-1] [INFO] [1783000139.949710386] [foxglove_bridge]: publishing connection graph
[foxglove_bridge-1] [ERROR] [1783000140.068607517] [foxglove_bridge]: Failed to retrieve parameters from node '/static_transform_publisher_lIuqxmOX2tAuIyaj': Timed out waiting for 17 parameter(s) from node '/static_transform_publisher_lIuqxmOX2tAuIyaj'
[foxglove_bridge-1] [WARN] [1783000140.068812558] [foxglove_bridge]: Adding node /static_transform_publisher_lIuqxmOX2tAuIyaj to the ignore list to prevent repeated timeouts or failures in future parameter requests.
[foxglove_bridge-1] [ERROR] [1783000140.068919350] [foxglove_bridge]: Failed to retrieve parameters from node '/simple_scan_filter': Timed out waiting for 1 parameter(s) from node '/simple_scan_filter'
[foxglove_bridge-1] [WARN] [1783000140.068972141] [foxglove_bridge]: Adding node /simple_scan_filter to the ignore list to prevent repeated timeouts or failures in future parameter requests.
[foxglove_bridge-1] [ERROR] [1783000140.085469155] [foxglove_bridge]: Failed to retrieve parameters from node '/ydlidar_ros2_driver_node': Timed out waiting for 27 parameter(s) from node '/ydlidar_ros2_driver_node'
[foxglove_bridge-1] [WARN] [1783000140.085642946] [foxglove_bridge]: Adding node /ydlidar_ros2_driver_node to the ignore list to prevent repeated timeouts or failures in future parameter requests.
[foxglove_bridge-1] [ERROR] [1783000140.086124237] [foxglove_bridge]: Failed to retrieve parameters from node '/smoother_server': Failed to retrieve parameter names for node '/smoother_server'
[foxglove_bridge-1] [WARN] [1783000140.086233279] [foxglove_bridge]: Adding node /smoother_server to the ignore list to prevent repeated timeouts or failures in future parameter requests.
[foxglove_bridge-1] [INFO] [1783000140.556028273] [foxglove_bridge]: publishing connection graph
[foxglove_bridge-1] [ERROR] [1783000142.002869943] [foxglove_bridge]: Failed to retrieve parameters from node '/lifecycle_manager_navigation': Timed out waiting for 13 parameter(s) from node '/lifecycle_manager_navigation'
[foxglove_bridge-1] [WARN] [1783000142.003089901] [foxglove_bridge]: Adding node /lifecycle_manager_navigation to the ignore list to prevent repeated timeouts or failures in future parameter requests.
[foxglove_bridge-1] [ERROR] [1783000142.003644191] [foxglove_bridge]: Failed to retrieve parameters from node '/controller_server': Failed to retrieve parameter names for node '/controller_server'
[foxglove_bridge-1] [WARN] [1783000142.003748024] [foxglove_bridge]: Adding node /controller_server to the ignore list to prevent repeated timeouts or failures in future parameter requests.
[foxglove_bridge-1] [ERROR] [1783000142.003882608] [foxglove_bridge]: Failed to retrieve parameters from node '/local_costmap/local_costmap': Failed to retrieve parameter names for node '/local_costmap/local_costmap'
[foxglove_bridge-1] [WARN] [1783000142.004450273] [foxglove_bridge]: Adding node /local_costmap/local_costmap to the ignore list to prevent repeated timeouts or failures in future parameter requests.
[foxglove_bridge-1] [INFO] [1783000143.375381285] [foxglove_bridge]: publishing connection graph
[foxglove_bridge-1] [INFO] [1783000146.449227511] [foxglove_bridge]: publishing connection graph
[foxglove_bridge-1] [ERROR] [1783000147.026478413] [foxglove_bridge]: Failed to retrieve parameters from node '/global_costmap/global_costmap': Failed to retrieve parameter names for node '/global_costmap/global_costmap'
[foxglove_bridge-1] [WARN] [1783000147.026678871] [foxglove_bridge]: Adding node /global_costmap/global_costmap to the ignore list to prevent repeated timeouts or failures in future parameter requests.
[foxglove_bridge-1] [INFO] [1783000147.079967656] [foxglove_bridge]: publishing connection graph
[foxglove_bridge-1] [INFO] [1783000150.140457054] [foxglove_bridge]: publishing connection graph
[foxglove_bridge-1] [ERROR] [1783000151.026799484] [foxglove_bridge]: Failed to retrieve parameters from node '/pose_memory_node': Timed out waiting for 1 parameter(s) from node '/pose_memory_node'
[foxglove_bridge-1] [WARN] [1783000151.027036525] [foxglove_bridge]: Adding node /pose_memory_node to the ignore list to prevent repeated timeouts or failures in future parameter requests.
[foxglove_bridge-1] [ERROR] [1783000151.027441275] [foxglove_bridge]: Failed to retrieve parameters from node '/bt_navigator': Failed to retrieve parameter names for node '/bt_navigator'
[foxglove_bridge-1] [WARN] [1783000151.027555150] [foxglove_bridge]: Adding node /bt_navigator to the ignore list to prevent repeated timeouts or failures in future parameter requests.
[foxglove_bridge-1] [ERROR] [1783000151.028017107] [foxglove_bridge]: Failed to retrieve parameters from node '/m1_pwm_cmd_vel_bridge': Timed out waiting for 1 parameter(s) from node '/m1_pwm_cmd_vel_bridge'
[foxglove_bridge-1] [WARN] [1783000151.028128065] [foxglove_bridge]: Adding node /m1_pwm_cmd_vel_bridge to the ignore list to prevent repeated timeouts or failures in future parameter requests.
[foxglove_bridge-1] [INFO] [1783000151.071982617] [foxglove_bridge]: publishing connection graph
[foxglove_bridge-1] [INFO] [1783000151.678951184] [foxglove_bridge]: publishing connection graph
[foxglove_bridge-1] [INFO] [1783000154.039441737] [foxglove_bridge]: publishing connection graph
[foxglove_bridge-1] [ERROR] [1783000156.071532641] [foxglove_bridge]: Failed to retrieve parameters from node '/waypoint_follower': Failed to retrieve parameter names for node '/waypoint_follower'
[foxglove_bridge-1] [WARN] [1783000156.071757599] [foxglove_bridge]: Adding node /waypoint_follower to the ignore list to prevent repeated timeouts or failures in future parameter requests.
[foxglove_bridge-1] [ERROR] [1783000156.071955390] [foxglove_bridge]: Failed to retrieve parameters from node '/velocity_smoother': Failed to retrieve parameter names for node '/velocity_smoother'
[foxglove_bridge-1] [WARN] [1783000156.072022473] [foxglove_bridge]: Adding node /velocity_smoother to the ignore list to prevent repeated timeouts or failures in future parameter requests.
[foxglove_bridge-1] [INFO] [1783000156.493703105] [foxglove_bridge]: publishing connection graph
[foxglove_bridge-1] [INFO] [1783000157.142573400] [foxglove_bridge]: publishing connection graph
[foxglove_bridge-1] [INFO] [1783000160.117222880] [foxglove_bridge]: publishing connection graph
[foxglove_bridge-1] [INFO] [1783000161.146451342] [foxglove_bridge]: publishing connection graph
[foxglove_bridge-1] [ERROR] [1783000161.218603015] [foxglove_bridge]: Failed to retrieve parameters from node '/map_server': Failed to retrieve parameter names for node '/map_server'
[foxglove_bridge-1] [WARN] [1783000161.218796598] [foxglove_bridge]: Adding node /map_server to the ignore list to prevent repeated timeouts or failures in future parameter requests.
[foxglove_bridge-1] [ERROR] [1783000161.835903494] [foxglove_bridge]: Failed to retrieve parameters from node '/behavior_server': Timed out waiting for 27 parameter(s) from node '/behavior_server'
[foxglove_bridge-1] [WARN] [1783000161.836080077] [foxglove_bridge]: Adding node /behavior_server to the ignore list to prevent repeated timeouts or failures in future parameter requests.
[foxglove_bridge-1] [ERROR] [1783000161.853545131] [foxglove_bridge]: Failed to retrieve parameters from node '/amcl': Timed out waiting for 51 parameter(s) from node '/amcl'
[foxglove_bridge-1] [WARN] [1783000161.853736547] [foxglove_bridge]: Adding node /amcl to the ignore list to prevent repeated timeouts or failures in future parameter requests.
[foxglove_bridge-1] [ERROR] [1783000161.856413543] [foxglove_bridge]: Failed to retrieve parameters from node '/lifecycle_manager_localization': Failed to retrieve parameter names for node '/lifecycle_manager_localization'
[foxglove_bridge-1] [WARN] [1783000161.856568543] [foxglove_bridge]: Adding node /lifecycle_manager_localization to the ignore list to prevent repeated timeouts or failures in future parameter requests.
[foxglove_bridge-1] [ERROR] [1783000161.856757709] [foxglove_bridge]: Failed to retrieve parameters from node '/foxglove_click_goal_bridge': Timed out waiting for 1 parameter(s) from node '/foxglove_click_goal_bridge'
[foxglove_bridge-1] [WARN] [1783000161.856817584] [foxglove_bridge]: Adding node /foxglove_click_goal_bridge to the ignore list to prevent repeated timeouts or failures in future parameter requests.
[foxglove_bridge-1] [INFO] [1783000193.850231484] [rclcpp]: signal_handler(signum=2)
[foxglove_bridge-1] [INFO] [1783000193.868218164] [foxglove_bridge]: Shutting down foxglove_bridge
[foxglove_bridge-1] [INFO] [1783000193.869607287] [foxglove_bridge]: received unsubscribe request for channel 36 from client 1
[foxglove_bridge-1] [INFO] [1783000193.869677828] [foxglove_bridge]: Cleaned up ROS subscription for channel 36 (no more subscribers)
[foxglove_bridge-1] [INFO] [1783000193.871083951] [foxglove_bridge]: received unsubscribe request for channel 18 from client 2
[foxglove_bridge-1] [INFO] [1783000193.940383966] [foxglove_bridge]: received unsubscribe request for channel 2 from client 2
[foxglove_bridge-1] [INFO] [1783000193.940461424] [foxglove_bridge]: received unsubscribe request for channel 3 from client 2
[foxglove_bridge-1] [INFO] [1783000193.940479757] [foxglove_bridge]: received unsubscribe request for channel 10 from client 2
[foxglove_bridge-1] [INFO] [1783000193.949528368] [foxglove_bridge]: received unsubscribe request for channel 10 from client 1
[foxglove_bridge-1] [INFO] [1783000193.974603037] [foxglove_bridge]: Cleaned up ROS subscription for channel 10 (no more subscribers)
[foxglove_bridge-1] [INFO] [1783000194.144784433] [foxglove_bridge]: received unsubscribe request for channel 56 from client 1
[foxglove_bridge-1] [INFO] [1783000194.148407302] [foxglove_bridge]: Cleaned up ROS subscription for channel 56 (no more subscribers)
[foxglove_bridge-1] [INFO] [1783000194.286253917] [foxglove_bridge]: received unsubscribe request for channel 41 from client 1
[foxglove_bridge-1] [INFO] [1783000194.290615743] [foxglove_bridge]: Cleaned up ROS subscription for channel 41 (no more subscribers)
[foxglove_bridge-1] [INFO] [1783000194.382700014] [foxglove_bridge]: received unsubscribe request for channel 14 from client 1
[foxglove_bridge-1] [INFO] [1783000194.391712958] [foxglove_bridge]: Cleaned up ROS subscription for channel 14 (no more subscribers)
[foxglove_bridge-1] [INFO] [1783000194.460320432] [foxglove_bridge]: received unsubscribe request for channel 58 from client 1
[foxglove_bridge-1] [INFO] [1783000194.462537887] [foxglove_bridge]: Cleaned up ROS subscription for channel 58 (no more subscribers)
[foxglove_bridge-1] [INFO] [1783000194.791965655] [foxglove_bridge]: received unsubscribe request for channel 60 from client 1
[foxglove_bridge-1] [INFO] [1783000194.797897063] [foxglove_bridge]: Cleaned up ROS subscription for channel 60 (no more subscribers)
[foxglove_bridge-1] [INFO] [1783000195.395790489] [foxglove_bridge]: received unsubscribe request for channel 5 from client 1
[foxglove_bridge-1] [INFO] [1783000195.395874031] [foxglove_bridge]: received unsubscribe request for channel 37 from client 1
[foxglove_bridge-1] [INFO] [1783000195.395892572] [foxglove_bridge]: Cleaned up ROS subscription for channel 37 (no more subscribers)
[foxglove_bridge-1] [INFO] [1783000195.687124152] [foxglove_bridge]: received unsubscribe request for channel 59 from client 1
[foxglove_bridge-1] [INFO] [1783000195.691299854] [foxglove_bridge]: Cleaned up ROS subscription for channel 59 (no more subscribers)
[foxglove_bridge-1] [INFO] [1783000196.162375899] [foxglove_bridge]: received unsubscribe request for channel 23 from client 1
[foxglove_bridge-1] [INFO] [1783000196.165317061] [foxglove_bridge]: Cleaned up ROS subscription for channel 23 (no more subscribers)
[foxglove_bridge-1] [INFO] [1783000196.178374124] [foxglove_bridge]: received unsubscribe request for channel 40 from client 1
[foxglove_bridge-1] [INFO] [1783000196.180982495] [foxglove_bridge]: Cleaned up ROS subscription for channel 40 (no more subscribers)
[foxglove_bridge-1] [INFO] [1783000196.194149182] [foxglove_bridge]: received unsubscribe request for channel 13 from client 1
[foxglove_bridge-1] [INFO] [1783000196.194226307] [foxglove_bridge]: Cleaned up ROS subscription for channel 13 (no more subscribers)
[foxglove_bridge-1] [INFO] [1783000196.209997490] [foxglove_bridge]: received unsubscribe request for channel 49 from client 1
[foxglove_bridge-1] [INFO] [1783000196.210067865] [foxglove_bridge]: Cleaned up ROS subscription for channel 49 (no more subscribers)
[foxglove_bridge-1] [INFO] [1783000196.227695629] [foxglove_bridge]: received unsubscribe request for channel 2 from client 1
[foxglove_bridge-1] [INFO] [1783000196.227761504] [foxglove_bridge]: received unsubscribe request for channel 7 from client 1
[foxglove_bridge-1] [INFO] [1783000196.227776962] [foxglove_bridge]: Cleaned up ROS subscription for channel 7 (no more subscribers)
[foxglove_bridge-1] [INFO] [1783000196.244052978] [foxglove_bridge]: received unsubscribe request for channel 48 from client 1
[foxglove_bridge-1] [INFO] [1783000196.244128853] [foxglove_bridge]: Cleaned up ROS subscription for channel 48 (no more subscribers)
[foxglove_bridge-1] [INFO] [1783000196.260342119] [foxglove_bridge]: received unsubscribe request for channel 39 from client 1
[foxglove_bridge-1] [INFO] [1783000196.260410077] [foxglove_bridge]: Cleaned up ROS subscription for channel 39 (no more subscribers)
[foxglove_bridge-1] [INFO] [1783000196.277205384] [foxglove_bridge]: received unsubscribe request for channel 3 from client 1
[foxglove_bridge-1] [INFO] [1783000196.277281175] [foxglove_bridge]: received unsubscribe request for channel 18 from client 1
[foxglove_bridge-1] [INFO] [1783000196.277300759] [foxglove_bridge]: received unsubscribe request for channel 33 from client 1
[foxglove_bridge-1] [INFO] [1783000196.277314634] [foxglove_bridge]: Cleaned up ROS subscription for channel 33 (no more subscribers)
[foxglove_bridge-1] [INFO] [1783000196.293500108] [foxglove_bridge]: received unsubscribe request for channel 34 from client 1
[foxglove_bridge-1] [INFO] [1783000196.293563816] [foxglove_bridge]: Cleaned up ROS subscription for channel 34 (no more subscribers)
[foxglove_bridge-1] [INFO] [1783000196.310096373] [foxglove_bridge]: received unsubscribe request for channel 35 from client 1
[foxglove_bridge-1] [INFO] [1783000196.310164582] [foxglove_bridge]: Cleaned up ROS subscription for channel 35 (no more subscribers)
[foxglove_bridge-1] [INFO] [1783000196.334355793] [foxglove_bridge]: received connection graph subscribe request
[foxglove_bridge-1] [INFO] [1783000196.334428085] [foxglove_bridge]: received unsubscribe request for channel 11 from client 3
[foxglove_bridge-1] [INFO] [1783000196.334447377] [foxglove_bridge]: Cleaned up ROS subscription for channel 11 (no more subscribers)
[foxglove_bridge-1] [INFO] [1783000196.342892238] [foxglove_bridge]: received unsubscribe request for channel 3 from client 3
[foxglove_bridge-1] [INFO] [1783000196.342956488] [foxglove_bridge]: Cleaned up ROS subscription for channel 3 (no more subscribers)
[foxglove_bridge-1] [INFO] [1783000196.350665184] [foxglove_bridge]: received unsubscribe request for channel 5 from client 3
[foxglove_bridge-1] [INFO] [1783000196.350727142] [foxglove_bridge]: Cleaned up ROS subscription for channel 5 (no more subscribers)
[foxglove_bridge-1] [INFO] [1783000196.359581170] [foxglove_bridge]: received unsubscribe request for channel 18 from client 3
[foxglove_bridge-1] [INFO] [1783000196.359647128] [foxglove_bridge]: Cleaned up ROS subscription for channel 18 (no more subscribers)
[foxglove_bridge-1] [INFO] [1783000196.367871574] [foxglove_bridge]: received unsubscribe request for channel 2 from client 3
[foxglove_bridge-1] [INFO] [1783000196.367934865] [foxglove_bridge]: Cleaned up ROS subscription for channel 2 (no more subscribers)
[foxglove_bridge-1] [INFO] [1783000196.379287681] [foxglove_bridge]: Shutdown complete
[INFO] [foxglove_bridge-1]: process has finished cleanly [pid 55499]
