[INFO] [launch]: All log files can be found below /root/.ros/log/2026-07-02-21-48-03-523486-ubuntu-56253
[INFO] [launch]: Default logging verbosity is set to INFO
[INFO] [map_server-1]: process started with pid [56323]
[INFO] [amcl-2]: process started with pid [56325]
[INFO] [lifecycle_manager-3]: process started with pid [56327]
[INFO] [controller_server-4]: process started with pid [56329]
[INFO] [smoother_server-5]: process started with pid [56331]
[INFO] [planner_server-6]: process started with pid [56333]
[INFO] [behavior_server-7]: process started with pid [56335]
[INFO] [bt_navigator-8]: process started with pid [56337]
[INFO] [waypoint_follower-9]: process started with pid [56352]
[INFO] [velocity_smoother-10]: process started with pid [56362]
[INFO] [lifecycle_manager-11]: process started with pid [56380]
[lifecycle_manager-3] [INFO] [1783000086.159696746] [lifecycle_manager_localization]: Creating
[lifecycle_manager-3] [INFO] [1783000086.189845982] [lifecycle_manager_localization]: [34m[1mCreating and initializing lifecycle service clients[0m[0m
[amcl-2] [INFO] [1783000086.224538628] [amcl]: 
[amcl-2] 	amcl lifecycle node launched. 
[amcl-2] 	Waiting on external lifecycle transitions to activate
[amcl-2] 	See https://design.ros2.org/articles/node_lifecycle.html for more information.
[amcl-2] [INFO] [1783000086.245888297] [amcl]: Creating
[planner_server-6] [INFO] [1783000086.292208296] [planner_server]: 
[planner_server-6] 	planner_server lifecycle node launched. 
[planner_server-6] 	Waiting on external lifecycle transitions to activate
[planner_server-6] 	See https://design.ros2.org/articles/node_lifecycle.html for more information.
[planner_server-6] [INFO] [1783000086.361530378] [planner_server]: Creating
[lifecycle_manager-11] [INFO] [1783000086.470141097] [lifecycle_manager_navigation]: Creating
[smoother_server-5] [INFO] [1783000086.510911481] [smoother_server]: 
[smoother_server-5] 	smoother_server lifecycle node launched. 
[smoother_server-5] 	Waiting on external lifecycle transitions to activate
[smoother_server-5] 	See https://design.ros2.org/articles/node_lifecycle.html for more information.
[controller_server-4] [INFO] [1783000086.566549796] [controller_server]: 
[controller_server-4] 	controller_server lifecycle node launched. 
[controller_server-4] 	Waiting on external lifecycle transitions to activate
[controller_server-4] 	See https://design.ros2.org/articles/node_lifecycle.html for more information.
[smoother_server-5] [INFO] [1783000086.615837707] [smoother_server]: Creating smoother server
[lifecycle_manager-11] [INFO] [1783000086.629412890] [lifecycle_manager_navigation]: [34m[1mCreating and initializing lifecycle service clients[0m[0m
[behavior_server-7] [INFO] [1783000086.644176822] [behavior_server]: 
[behavior_server-7] 	behavior_server lifecycle node launched. 
[behavior_server-7] 	Waiting on external lifecycle transitions to activate
[behavior_server-7] 	See https://design.ros2.org/articles/node_lifecycle.html for more information.
[controller_server-4] [INFO] [1783000086.646741025] [controller_server]: Creating controller server
[planner_server-6] [INFO] [1783000086.684955164] [global_costmap.global_costmap]: 
[planner_server-6] 	global_costmap lifecycle node launched. 
[planner_server-6] 	Waiting on external lifecycle transitions to activate
[planner_server-6] 	See https://design.ros2.org/articles/node_lifecycle.html for more information.
[planner_server-6] [INFO] [1783000086.701226385] [global_costmap.global_costmap]: Creating Costmap
[velocity_smoother-10] [INFO] [1783000086.888079419] [velocity_smoother]: 
[velocity_smoother-10] 	velocity_smoother lifecycle node launched. 
[velocity_smoother-10] 	Waiting on external lifecycle transitions to activate
[velocity_smoother-10] 	See https://design.ros2.org/articles/node_lifecycle.html for more information.
[map_server-1] [INFO] [1783000086.989930525] [map_server]: 
[map_server-1] 	map_server lifecycle node launched. 
[map_server-1] 	Waiting on external lifecycle transitions to activate
[map_server-1] 	See https://design.ros2.org/articles/node_lifecycle.html for more information.
[map_server-1] [INFO] [1783000087.005844913] [map_server]: Creating
[waypoint_follower-9] [INFO] [1783000087.023758547] [waypoint_follower]: 
[waypoint_follower-9] 	waypoint_follower lifecycle node launched. 
[waypoint_follower-9] 	Waiting on external lifecycle transitions to activate
[waypoint_follower-9] 	See https://design.ros2.org/articles/node_lifecycle.html for more information.
[waypoint_follower-9] [INFO] [1783000087.036385941] [waypoint_follower]: Creating
[bt_navigator-8] [INFO] [1783000087.358968021] [bt_navigator]: 
[bt_navigator-8] 	bt_navigator lifecycle node launched. 
[bt_navigator-8] 	Waiting on external lifecycle transitions to activate
[bt_navigator-8] 	See https://design.ros2.org/articles/node_lifecycle.html for more information.
[bt_navigator-8] [INFO] [1783000087.362175973] [bt_navigator]: Creating
[controller_server-4] [INFO] [1783000088.225381321] [local_costmap.local_costmap]: 
[controller_server-4] 	local_costmap lifecycle node launched. 
[controller_server-4] 	Waiting on external lifecycle transitions to activate
[controller_server-4] 	See https://design.ros2.org/articles/node_lifecycle.html for more information.
[controller_server-4] [INFO] [1783000088.227819441] [local_costmap.local_costmap]: Creating Costmap
[lifecycle_manager-3] [INFO] [1783000088.359877618] [lifecycle_manager_localization]: Waiting for service map_server/get_state...
[lifecycle_manager-11] [INFO] [1783000089.141568657] [lifecycle_manager_navigation]: [34m[1mStarting managed nodes bringup...[0m[0m
[lifecycle_manager-11] [INFO] [1783000089.141815948] [lifecycle_manager_navigation]: [34m[1mConfiguring controller_server[0m[0m
[controller_server-4] [INFO] [1783000089.143886069] [controller_server]: Configuring controller interface
[controller_server-4] [INFO] [1783000089.146635606] [controller_server]: getting goal checker plugins..
[controller_server-4] [INFO] [1783000089.147112230] [controller_server]: Controller frequency set to 20.0000Hz
[controller_server-4] [INFO] [1783000089.147361146] [local_costmap.local_costmap]: Configuring
[lifecycle_manager-3] [INFO] [1783000089.219055058] [lifecycle_manager_localization]: [34m[1mStarting managed nodes bringup...[0m[0m
[lifecycle_manager-3] [INFO] [1783000089.219268932] [lifecycle_manager_localization]: [34m[1mConfiguring map_server[0m[0m
[map_server-1] [INFO] [1783000089.220937054] [map_server]: Configuring
[map_server-1] [INFO] [1783000089.221234720] [map_io]: Loading yaml file: /root/rdk_x5_vln_robot/maps/joy_calibrated_corridor_map.yaml
[map_server-1] [INFO] [1783000089.224639923] [map_io]: resolution: 0.05
[map_server-1] [INFO] [1783000089.224731381] [map_io]: origin[0]: -3.83
[map_server-1] [INFO] [1783000089.224765339] [map_io]: origin[1]: -4.3
[map_server-1] [INFO] [1783000089.224793297] [map_io]: origin[2]: 0
[map_server-1] [INFO] [1783000089.224823381] [map_io]: free_thresh: 0.25
[map_server-1] [INFO] [1783000089.224852506] [map_io]: occupied_thresh: 0.65
[map_server-1] [INFO] [1783000089.224901672] [map_io]: mode: trinary
[map_server-1] [INFO] [1783000089.224933422] [map_io]: negate: 0
[map_server-1] [INFO] [1783000089.225706421] [map_io]: Loading image_file: /root/rdk_x5_vln_robot/maps/joy_calibrated_corridor_map.pgm
[map_server-1] [INFO] [1783000089.245451718] [map_io]: Read map /root/rdk_x5_vln_robot/maps/joy_calibrated_corridor_map.pgm: 143 X 166 map @ 0.05 m/cell
[controller_server-4] [INFO] [1783000089.254882493] [local_costmap.local_costmap]: Using plugin "voxel_layer"
[controller_server-4] [INFO] [1783000089.287034893] [local_costmap.local_costmap]: Subscribed to Topics: scan
[lifecycle_manager-3] [INFO] [1783000089.367536205] [lifecycle_manager_localization]: [34m[1mConfiguring amcl[0m[0m
[amcl-2] [INFO] [1783000089.370155450] [amcl]: Configuring
[amcl-2] [INFO] [1783000089.371120365] [amcl]: initTransforms
[controller_server-4] [INFO] [1783000089.428398178] [local_costmap.local_costmap]: Initialized plugin "voxel_layer"
[controller_server-4] [INFO] [1783000089.428773261] [local_costmap.local_costmap]: Using plugin "inflation_layer"
[controller_server-4] [INFO] [1783000089.450487180] [local_costmap.local_costmap]: Initialized plugin "inflation_layer"
[amcl-2] [INFO] [1783000089.557555277] [amcl]: initPubSub
[amcl-2] [INFO] [1783000089.640045711] [amcl]: Subscribed to map topic.
[controller_server-4] [INFO] [1783000089.649926568] [controller_server]: Created progress_checker : progress_checker of type nav2_controller::SimpleProgressChecker
[controller_server-4] [INFO] [1783000089.659152634] [controller_server]: Created goal checker : general_goal_checker of type nav2_controller::SimpleGoalChecker
[controller_server-4] [INFO] [1783000089.665055332] [controller_server]: Controller Server has general_goal_checker  goal checkers available.
[controller_server-4] [INFO] [1783000089.673979941] [controller_server]: Created controller : FollowPath of type dwb_core::DWBLocalPlanner
[controller_server-4] [INFO] [1783000089.694797986] [controller_server]: Setting transform_tolerance to 0.200000
[lifecycle_manager-3] [INFO] [1783000089.719227859] [lifecycle_manager_localization]: [34m[1mActivating map_server[0m[0m
[map_server-1] [INFO] [1783000089.720503523] [map_server]: Activating
[map_server-1] [INFO] [1783000089.721367147] [map_server]: Creating bond (map_server) to lifecycle manager.
[amcl-2] [INFO] [1783000089.730876171] [amcl]: Received a 143 X 166 map @ 0.050 m/pix
[controller_server-4] [INFO] [1783000089.825496166] [controller_server]: Using critic "RotateToGoal" (dwb_critics::RotateToGoalCritic)
[controller_server-4] [INFO] [1783000089.835505315] [controller_server]: Critic plugin initialized
[controller_server-4] [INFO] [1783000089.838005560] [controller_server]: Using critic "Oscillation" (dwb_critics::OscillationCritic)
[controller_server-4] [INFO] [1783000089.849153123] [controller_server]: Critic plugin initialized
[controller_server-4] [INFO] [1783000089.851363036] [controller_server]: Using critic "BaseObstacle" (dwb_critics::BaseObstacleCritic)
[controller_server-4] [INFO] [1783000089.855394028] [controller_server]: Critic plugin initialized
[controller_server-4] [INFO] [1783000089.857551983] [controller_server]: Using critic "GoalAlign" (dwb_critics::GoalAlignCritic)
[lifecycle_manager-3] [INFO] [1783000089.859635979] [lifecycle_manager_localization]: Server map_server connected with bond.
[lifecycle_manager-3] [INFO] [1783000089.859875937] [lifecycle_manager_localization]: [34m[1mActivating amcl[0m[0m
[controller_server-4] [INFO] [1783000089.862597099] [controller_server]: Critic plugin initialized
[controller_server-4] [INFO] [1783000089.863374556] [controller_server]: Using critic "PathAlign" (dwb_critics::PathAlignCritic)
[controller_server-4] [INFO] [1783000089.867759131] [controller_server]: Critic plugin initialized
[controller_server-4] [INFO] [1783000089.868488338] [controller_server]: Using critic "PathDist" (dwb_critics::PathDistCritic)
[controller_server-4] [INFO] [1783000089.869704253] [controller_server]: Critic plugin initialized
[controller_server-4] [INFO] [1783000089.870409168] [controller_server]: Using critic "GoalDist" (dwb_critics::GoalDistCritic)
[amcl-2] [INFO] [1783000089.864806303] [amcl]: Activating
[amcl-2] [INFO] [1783000089.865401885] [amcl]: Creating bond (amcl) to lifecycle manager.
[controller_server-4] [INFO] [1783000089.876442740] [controller_server]: Critic plugin initialized
[controller_server-4] [INFO] [1783000089.876620907] [controller_server]: Controller Server has FollowPath  controllers available.
[amcl-2] [INFO] [1783000089.928878687] [amcl]: createLaserObject
[lifecycle_manager-11] [INFO] [1783000089.976371101] [lifecycle_manager_navigation]: [34m[1mConfiguring smoother_server[0m[0m
[smoother_server-5] [INFO] [1783000089.979041304] [smoother_server]: Configuring smoother server
[lifecycle_manager-3] [INFO] [1783000090.020416521] [lifecycle_manager_localization]: Server amcl connected with bond.
[lifecycle_manager-3] [INFO] [1783000090.020660812] [lifecycle_manager_localization]: [34m[1mManaged nodes are active[0m[0m
[lifecycle_manager-3] [INFO] [1783000090.020728020] [lifecycle_manager_localization]: [34m[1mCreating bond timer...[0m[0m
[smoother_server-5] [INFO] [1783000090.094582053] [smoother_server]: Created smoother : simple_smoother of type nav2_smoother::SimpleSmoother
[smoother_server-5] [INFO] [1783000090.120963672] [smoother_server]: Smoother Server has simple_smoother  smoothers available.
[lifecycle_manager-11] [INFO] [1783000090.262585082] [lifecycle_manager_navigation]: [34m[1mConfiguring planner_server[0m[0m
[planner_server-6] [INFO] [1783000090.264166538] [planner_server]: Configuring
[planner_server-6] [INFO] [1783000090.264363954] [global_costmap.global_costmap]: Configuring
[planner_server-6] [INFO] [1783000090.331364332] [global_costmap.global_costmap]: Using plugin "static_layer"
[planner_server-6] [INFO] [1783000090.370995344] [global_costmap.global_costmap]: Subscribing to the map topic (/map) with transient local durability
[planner_server-6] [INFO] [1783000090.385678859] [global_costmap.global_costmap]: Initialized plugin "static_layer"
[planner_server-6] [INFO] [1783000090.385851442] [global_costmap.global_costmap]: Using plugin "obstacle_layer"
[planner_server-6] [INFO] [1783000090.388334813] [global_costmap.global_costmap]: Subscribed to Topics: scan
[planner_server-6] [INFO] [1783000090.424784413] [global_costmap.global_costmap]: Initialized plugin "obstacle_layer"
[planner_server-6] [INFO] [1783000090.426817451] [global_costmap.global_costmap]: Using plugin "inflation_layer"
[planner_server-6] [INFO] [1783000090.439275887] [global_costmap.global_costmap]: Initialized plugin "inflation_layer"
[planner_server-6] [INFO] [1783000090.565983699] [global_costmap.global_costmap]: StaticLayer: Resizing costmap to 143 X 166 at 0.050000 m/pix
[planner_server-6] [INFO] [1783000090.567707071] [planner_server]: Created global planner plugin GridBased of type nav2_navfn_planner/NavfnPlanner
[planner_server-6] [INFO] [1783000090.568000904] [planner_server]: Configuring plugin GridBased of type NavfnPlanner
[planner_server-6] [INFO] [1783000090.589218032] [planner_server]: Planner Server has GridBased  planners available.
[lifecycle_manager-11] [INFO] [1783000090.729794694] [lifecycle_manager_navigation]: [34m[1mConfiguring behavior_server[0m[0m
[behavior_server-7] [INFO] [1783000090.732297814] [behavior_server]: Configuring
[behavior_server-7] [INFO] [1783000090.853023387] [behavior_server]: Creating behavior plugin spin of type nav2_behaviors/Spin
[behavior_server-7] [INFO] [1783000090.857229463] [behavior_server]: Configuring spin
[behavior_server-7] [INFO] [1783000090.936437986] [behavior_server]: Creating behavior plugin backup of type nav2_behaviors/BackUp
[behavior_server-7] [INFO] [1783000090.940939228] [behavior_server]: Configuring backup
[behavior_server-7] [INFO] [1783000091.032836770] [behavior_server]: Creating behavior plugin drive_on_heading of type nav2_behaviors/DriveOnHeading
[behavior_server-7] [INFO] [1783000091.036558388] [behavior_server]: Configuring drive_on_heading
[behavior_server-7] [INFO] [1783000091.111855419] [behavior_server]: Creating behavior plugin assisted_teleop of type nav2_behaviors/AssistedTeleop
[behavior_server-7] [INFO] [1783000091.122829024] [behavior_server]: Configuring assisted_teleop
[behavior_server-7] [INFO] [1783000091.224793256] [behavior_server]: Creating behavior plugin wait of type nav2_behaviors/Wait
[behavior_server-7] [INFO] [1783000091.228651999] [behavior_server]: Configuring wait
[lifecycle_manager-11] [INFO] [1783000091.296744168] [lifecycle_manager_navigation]: [34m[1mConfiguring bt_navigator[0m[0m
[bt_navigator-8] [INFO] [1783000091.298474914] [bt_navigator]: Configuring
[amcl-2] [WARN] [1783000091.429673052] [amcl]: AMCL cannot publish a pose or update the transform. Please set the initial pose...
[lifecycle_manager-11] [INFO] [1783000092.183158356] [lifecycle_manager_navigation]: [34m[1mConfiguring waypoint_follower[0m[0m
[waypoint_follower-9] [INFO] [1783000092.185200186] [waypoint_follower]: Configuring
[waypoint_follower-9] [INFO] [1783000092.413793689] [waypoint_follower]: Created waypoint_task_executor : wait_at_waypoint of type nav2_waypoint_follower::WaitAtWaypoint
[lifecycle_manager-11] [INFO] [1783000092.424770419] [lifecycle_manager_navigation]: [34m[1mConfiguring velocity_smoother[0m[0m
[velocity_smoother-10] [INFO] [1783000092.429172370] [velocity_smoother]: Configuring velocity smoother
[lifecycle_manager-11] [INFO] [1783000092.477280200] [lifecycle_manager_navigation]: [34m[1mActivating controller_server[0m[0m
[controller_server-4] [INFO] [1783000092.478913530] [controller_server]: Activating
[controller_server-4] [INFO] [1783000092.479112238] [local_costmap.local_costmap]: Activating
[controller_server-4] [INFO] [1783000092.479179488] [local_costmap.local_costmap]: Checking transform
[controller_server-4] [INFO] [1783000092.479544154] [local_costmap.local_costmap]: start
[controller_server-4] [INFO] [1783000092.686254155] [controller_server]: Creating bond (controller_server) to lifecycle manager.
[lifecycle_manager-11] [INFO] [1783000092.820014997] [lifecycle_manager_navigation]: Server controller_server connected with bond.
[lifecycle_manager-11] [INFO] [1783000092.820189955] [lifecycle_manager_navigation]: [34m[1mActivating smoother_server[0m[0m
[smoother_server-5] [INFO] [1783000092.821579619] [smoother_server]: Activating
[smoother_server-5] [INFO] [1783000092.821821994] [smoother_server]: Creating bond (smoother_server) to lifecycle manager.
[lifecycle_manager-11] [INFO] [1783000092.969104103] [lifecycle_manager_navigation]: Server smoother_server connected with bond.
[lifecycle_manager-11] [INFO] [1783000092.969277519] [lifecycle_manager_navigation]: [34m[1mActivating planner_server[0m[0m
[planner_server-6] [INFO] [1783000092.970693641] [planner_server]: Activating
[planner_server-6] [INFO] [1783000092.970898058] [global_costmap.global_costmap]: Activating
[planner_server-6] [INFO] [1783000092.970965599] [global_costmap.global_costmap]: Checking transform
[planner_server-6] [INFO] [1783000092.971093516] [global_costmap.global_costmap]: Timed out waiting for transform from base_link to map to become available, tf error: Invalid frame ID "map" passed to canTransform argument target_frame - frame does not exist
[planner_server-6] [INFO] [1783000093.471162696] [global_costmap.global_costmap]: Timed out waiting for transform from base_link to map to become available, tf error: Invalid frame ID "map" passed to canTransform argument target_frame - frame does not exist
[amcl-2] [WARN] [1783000093.518184903] [amcl]: AMCL cannot publish a pose or update the transform. Please set the initial pose...
[planner_server-6] [INFO] [1783000093.971140169] [global_costmap.global_costmap]: Timed out waiting for transform from base_link to map to become available, tf error: Invalid frame ID "map" passed to canTransform argument target_frame - frame does not exist
[planner_server-6] [INFO] [1783000094.471558767] [global_costmap.global_costmap]: Timed out waiting for transform from base_link to map to become available, tf error: Invalid frame ID "map" passed to canTransform argument target_frame - frame does not exist
[planner_server-6] [INFO] [1783000094.971131992] [global_costmap.global_costmap]: Timed out waiting for transform from base_link to map to become available, tf error: Invalid frame ID "map" passed to canTransform argument target_frame - frame does not exist
[planner_server-6] [INFO] [1783000095.471210134] [global_costmap.global_costmap]: Timed out waiting for transform from base_link to map to become available, tf error: Invalid frame ID "map" passed to canTransform argument target_frame - frame does not exist
[amcl-2] [WARN] [1783000095.619894699] [amcl]: AMCL cannot publish a pose or update the transform. Please set the initial pose...
[planner_server-6] [INFO] [1783000095.971120817] [global_costmap.global_costmap]: Timed out waiting for transform from base_link to map to become available, tf error: Invalid frame ID "map" passed to canTransform argument target_frame - frame does not exist
[planner_server-6] [INFO] [1783000096.471126877] [global_costmap.global_costmap]: Timed out waiting for transform from base_link to map to become available, tf error: Invalid frame ID "map" passed to canTransform argument target_frame - frame does not exist
[amcl-2] [INFO] [1783000096.630457049] [amcl]: initialPoseReceived
[amcl-2] [WARN] [1783000096.630976839] [amcl]: Failed to transform initial pose in time (Lookup would require extrapolation into the future.  Requested time 1783000096.630660 but the latest data is at time 1783000096.606085, when looking up transform from frame [base_link] to frame [odom])
[amcl-2] [INFO] [1783000096.631118464] [amcl]: Setting pose (1783000096.631113): 0.137 0.111 0.207
[amcl-2] [INFO] [1783000096.931987090] [amcl]: initialPoseReceived
[amcl-2] [WARN] [1783000096.932330048] [amcl]: Failed to transform initial pose in time (Lookup would require extrapolation into the past.  Requested time 1783000096.932156 but the earliest data is at time 1783000097.612238, when looking up transform from frame [base_link] to frame [odom])
[amcl-2] [INFO] [1783000096.932438964] [amcl]: Setting pose (1783000096.932434): 0.137 0.111 0.207
[planner_server-6] [INFO] [1783000096.971359144] [global_costmap.global_costmap]: Timed out waiting for transform from base_link to map to become available, tf error: Lookup would require extrapolation into the past.  Requested time 1783000096.939979 but the earliest data is at time 1783000097.612238, when looking up transform from frame [base_link] to frame [map]
[amcl-2] [INFO] [1783000097.220099448] [amcl]: initialPoseReceived
[amcl-2] [WARN] [1783000097.220469114] [amcl]: Failed to transform initial pose in time (Lookup would require extrapolation into the past.  Requested time 1783000097.220291 but the earliest data is at time 1783000097.612238, when looking up transform from frame [base_link] to frame [odom])
[amcl-2] [INFO] [1783000097.220576947] [amcl]: Setting pose (1783000097.220572): 0.137 0.111 0.207
[planner_server-6] [INFO] [1783000097.471200372] [global_costmap.global_costmap]: Timed out waiting for transform from base_link to map to become available, tf error: Lookup would require extrapolation into the past.  Requested time 1783000097.439217 but the earliest data is at time 1783000097.612238, when looking up transform from frame [base_link] to frame [map]
[planner_server-6] [INFO] [1783000097.971380057] [global_costmap.global_costmap]: start
[amcl-2] [INFO] [1783000098.342881766] [amcl]: initialPoseReceived
[amcl-2] [WARN] [1783000098.343219099] [amcl]: Failed to transform initial pose in time (Lookup would require extrapolation into the future.  Requested time 1783000098.343065 but the latest data is at time 1783000098.305510, when looking up transform from frame [base_link] to frame [odom])
[amcl-2] [INFO] [1783000098.343302849] [amcl]: Setting pose (1783000098.343299): 0.137 0.111 0.207
[planner_server-6] [INFO] [1783000099.029574952] [planner_server]: Activating plugin GridBased of type NavfnPlanner
[planner_server-6] [INFO] [1783000099.038587311] [planner_server]: Creating bond (planner_server) to lifecycle manager.
[lifecycle_manager-11] [INFO] [1783000099.173520403] [lifecycle_manager_navigation]: Server planner_server connected with bond.
[lifecycle_manager-11] [INFO] [1783000099.173721111] [lifecycle_manager_navigation]: [34m[1mActivating behavior_server[0m[0m
[behavior_server-7] [INFO] [1783000099.177720062] [behavior_server]: Activating
[behavior_server-7] [INFO] [1783000099.177876478] [behavior_server]: Activating spin
[behavior_server-7] [INFO] [1783000099.177944936] [behavior_server]: Activating backup
[behavior_server-7] [INFO] [1783000099.177994311] [behavior_server]: Activating drive_on_heading
[behavior_server-7] [INFO] [1783000099.178041061] [behavior_server]: Activating assisted_teleop
[behavior_server-7] [INFO] [1783000099.178084894] [behavior_server]: Activating wait
[behavior_server-7] [INFO] [1783000099.178146686] [behavior_server]: Creating bond (behavior_server) to lifecycle manager.
[lifecycle_manager-11] [INFO] [1783000099.308455078] [lifecycle_manager_navigation]: Server behavior_server connected with bond.
[lifecycle_manager-11] [INFO] [1783000099.308621577] [lifecycle_manager_navigation]: [34m[1mActivating bt_navigator[0m[0m
[bt_navigator-8] [INFO] [1783000099.310104533] [bt_navigator]: Activating
[amcl-2] [INFO] [1783000099.394993798] [amcl]: initialPoseReceived
[amcl-2] [WARN] [1783000099.395372672] [amcl]: Failed to transform initial pose in time (Lookup would require extrapolation into the future.  Requested time 1783000099.395200 but the latest data is at time 1783000099.373688, when looking up transform from frame [base_link] to frame [odom])
[amcl-2] [INFO] [1783000099.395517588] [amcl]: Setting pose (1783000099.395512): 0.137 0.111 0.207
[bt_navigator-8] [INFO] [1783000101.457901400] [bt_navigator]: Creating bond (bt_navigator) to lifecycle manager.
[lifecycle_manager-11] [INFO] [1783000101.616039076] [lifecycle_manager_navigation]: Server bt_navigator connected with bond.
[lifecycle_manager-11] [INFO] [1783000101.616248909] [lifecycle_manager_navigation]: [34m[1mActivating waypoint_follower[0m[0m
[waypoint_follower-9] [INFO] [1783000101.619006071] [waypoint_follower]: Activating
[waypoint_follower-9] [INFO] [1783000101.619197321] [waypoint_follower]: Creating bond (waypoint_follower) to lifecycle manager.
[lifecycle_manager-11] [INFO] [1783000101.774202211] [lifecycle_manager_navigation]: Server waypoint_follower connected with bond.
[lifecycle_manager-11] [INFO] [1783000101.774382794] [lifecycle_manager_navigation]: [34m[1mActivating velocity_smoother[0m[0m
[velocity_smoother-10] [INFO] [1783000101.776457248] [velocity_smoother]: Activating
[velocity_smoother-10] [INFO] [1783000101.776759623] [velocity_smoother]: Creating bond (velocity_smoother) to lifecycle manager.
[lifecycle_manager-11] [INFO] [1783000101.928246227] [lifecycle_manager_navigation]: Server velocity_smoother connected with bond.
[lifecycle_manager-11] [INFO] [1783000101.928419394] [lifecycle_manager_navigation]: [34m[1mManaged nodes are active[0m[0m
[lifecycle_manager-11] [INFO] [1783000101.928475768] [lifecycle_manager_navigation]: [34m[1mCreating bond timer...[0m[0m
[velocity_smoother-10] [INFO] [1783000193.849575902] [rclcpp]: signal_handler(signum=2)
[velocity_smoother-10] [INFO] [1783000193.850035735] [velocity_smoother]: Running Nav2 LifecycleNode rcl preshutdown (velocity_smoother)
[velocity_smoother-10] [INFO] [1783000193.850299859] [velocity_smoother]: Deactivating
[velocity_smoother-10] [INFO] [1783000193.850416651] [velocity_smoother]: Destroying bond (velocity_smoother) to lifecycle manager.
[behavior_server-7] [INFO] [1783000193.849599152] [rclcpp]: signal_handler(signum=2)
[behavior_server-7] [INFO] [1783000193.850035610] [behavior_server]: Running Nav2 LifecycleNode rcl preshutdown (behavior_server)
[behavior_server-7] [INFO] [1783000193.850298984] [behavior_server]: Deactivating
[behavior_server-7] [INFO] [1783000193.850434317] [behavior_server]: Destroying bond (behavior_server) to lifecycle manager.
[controller_server-4] [INFO] [1783000193.849776443] [rclcpp]: signal_handler(signum=2)
[controller_server-4] [INFO] [1783000193.851183774] [controller_server]: Running Nav2 LifecycleNode rcl preshutdown (controller_server)
[controller_server-4] [INFO] [1783000193.851442649] [controller_server]: Deactivating
[amcl-2] [INFO] [1783000193.849779110] [rclcpp]: signal_handler(signum=2)
[waypoint_follower-9] [INFO] [1783000193.849804777] [rclcpp]: signal_handler(signum=2)
[waypoint_follower-9] [INFO] [1783000193.850531567] [waypoint_follower]: Running Nav2 LifecycleNode rcl preshutdown (waypoint_follower)
[waypoint_follower-9] [INFO] [1783000193.850765942] [waypoint_follower]: Deactivating
[waypoint_follower-9] [INFO] [1783000193.850870942] [waypoint_follower]: Destroying bond (waypoint_follower) to lifecycle manager.
[planner_server-6] [INFO] [1783000193.849847735] [rclcpp]: signal_handler(signum=2)
[planner_server-6] [INFO] [1783000193.850503275] [planner_server]: Running Nav2 LifecycleNode rcl preshutdown (planner_server)
[planner_server-6] [INFO] [1783000193.850710942] [planner_server]: Deactivating
[planner_server-6] [INFO] [1783000193.850840400] [global_costmap.global_costmap]: Deactivating
[smoother_server-5] [INFO] [1783000193.849949610] [rclcpp]: signal_handler(signum=2)
[map_server-1] [INFO] [1783000193.850091568] [rclcpp]: signal_handler(signum=2)
[bt_navigator-8] [INFO] [1783000193.851098483] [rclcpp]: signal_handler(signum=2)
[bt_navigator-8] [INFO] [1783000193.851581440] [bt_navigator]: Running Nav2 LifecycleNode rcl preshutdown (bt_navigator)
[bt_navigator-8] [INFO] [1783000193.851889398] [bt_navigator]: Deactivating
[bt_navigator-8] [INFO] [1783000193.851970190] [bt_navigator]: Destroying bond (bt_navigator) to lifecycle manager.
[lifecycle_manager-11] [INFO] [1783000193.851790315] [rclcpp]: signal_handler(signum=2)
[lifecycle_manager-11] [INFO] [1783000193.853844520] [lifecycle_manager_navigation]: Running Nav2 LifecycleManager rcl preshutdown (lifecycle_manager_navigation)
[lifecycle_manager-11] [INFO] [1783000193.854001937] [lifecycle_manager_navigation]: [34m[1mTerminating bond timer...[0m[0m
[smoother_server-5] [INFO] [1783000193.861643258] [smoother_server]: Running Nav2 LifecycleNode rcl preshutdown (smoother_server)
[smoother_server-5] [INFO] [1783000193.861932216] [smoother_server]: Deactivating
[smoother_server-5] [INFO] [1783000193.862023257] [smoother_server]: Destroying bond (smoother_server) to lifecycle manager.
[controller_server-4] [INFO] [1783000193.861893799] [local_costmap.local_costmap]: Deactivating
[map_server-1] [INFO] [1783000193.862536673] [map_server]: Running Nav2 LifecycleNode rcl preshutdown (map_server)
[map_server-1] [INFO] [1783000193.862778881] [map_server]: Deactivating
[map_server-1] [INFO] [1783000193.862858256] [map_server]: Destroying bond (map_server) to lifecycle manager.
[amcl-2] [INFO] [1783000193.866613125] [amcl]: Running Nav2 LifecycleNode rcl preshutdown (amcl)
[amcl-2] [INFO] [1783000193.866900249] [amcl]: Deactivating
[amcl-2] [INFO] [1783000193.867001833] [amcl]: Destroying bond (amcl) to lifecycle manager.
[lifecycle_manager-3] [INFO] [1783000193.869635537] [rclcpp]: signal_handler(signum=2)
[lifecycle_manager-3] [INFO] [1783000193.870039494] [lifecycle_manager_localization]: Running Nav2 LifecycleManager rcl preshutdown (lifecycle_manager_localization)
[lifecycle_manager-3] [INFO] [1783000193.870193869] [lifecycle_manager_localization]: [34m[1mTerminating bond timer...[0m[0m
[controller_server-4] [INFO] [1783000193.880390520] [controller_server]: Destroying bond (controller_server) to lifecycle manager.
[map_server-1] [INFO] [1783000193.884249513] [map_server]: Cleaning up
[map_server-1] [INFO] [1783000193.884461221] [map_server]: Destroying bond (map_server) to lifecycle manager.
[velocity_smoother-10] [INFO] [1783000193.921308871] [velocity_smoother]: Cleaning up
[velocity_smoother-10] [INFO] [1783000193.921546704] [velocity_smoother]: Destroying bond (velocity_smoother) to lifecycle manager.
[waypoint_follower-9] [INFO] [1783000193.942785837] [waypoint_follower]: Cleaning up
[amcl-2] [INFO] [1783000193.943445378] [amcl]: Cleaning up
[bt_navigator-8] [INFO] [1783000193.953277487] [bt_navigator]: Cleaning up
[planner_server-6] [INFO] [1783000193.971824291] [planner_server]: Deactivating plugin GridBased of type NavfnPlanner
[planner_server-6] [INFO] [1783000193.971991249] [planner_server]: Destroying bond (planner_server) to lifecycle manager.
[smoother_server-5] [INFO] [1783000193.973860454] [smoother_server]: Cleaning up
[behavior_server-7] [INFO] [1783000193.988509889] [behavior_server]: Cleaning up
[controller_server-4] [INFO] [1783000193.998345374] [controller_server]: Cleaning up
[controller_server-4] [INFO] [1783000193.998937248] [local_costmap.local_costmap]: Cleaning up
[waypoint_follower-9] [INFO] [1783000194.056435448] [waypoint_follower]: Destroying bond (waypoint_follower) to lifecycle manager.
[map_server-1] [INFO] [1783000194.073998712] [map_server]: Destroying
[planner_server-6] [INFO] [1783000194.088198856] [planner_server]: Cleaning up
[velocity_smoother-10] [INFO] [1783000194.111125278] [velocity_smoother]: Destroying
[lifecycle_manager-3] [INFO] [1783000194.151174339] [lifecycle_manager_localization]: Destroying lifecycle_manager_localization
[waypoint_follower-9] [INFO] [1783000194.191691650] [waypoint_follower]: Destroying
[smoother_server-5] [INFO] [1783000194.220840104] [smoother_server]: Destroying bond (smoother_server) to lifecycle manager.
[behavior_server-7] [INFO] [1783000194.271552148] [behavior_server]: Destroying bond (behavior_server) to lifecycle manager.
[smoother_server-5] [INFO] [1783000194.272405064] [smoother_server]: Destroying
[planner_server-6] [INFO] [1783000194.441215254] [global_costmap.global_costmap]: Cleaning up
[controller_server-4] [INFO] [1783000194.553007452] [controller_server]: Destroying bond (controller_server) to lifecycle manager.
[ERROR] [lifecycle_manager-3]: process has died [pid 56327, exit code -11, cmd '/opt/ros/humble/lib/nav2_lifecycle_manager/lifecycle_manager --ros-args --log-level info --ros-args -r __node:=lifecycle_manager_localization --params-file /tmp/launch_params_g0liqt8v --params-file /tmp/launch_params_nxcdrn8j --params-file /tmp/launch_params_nk97653s'].
[planner_server-6] [INFO] [1783000194.582721488] [planner_server]: Cleaning up plugin GridBased of type NavfnPlanner
[planner_server-6] [INFO] [1783000194.583342445] [planner_server]: Destroying plugin GridBased of type NavfnPlanner
[controller_server-4] [INFO] [1783000194.629759413] [local_costmap.local_costmap]: Destroying
[amcl-2] [INFO] [1783000194.661871862] [amcl]: Destroying bond (amcl) to lifecycle manager.
[amcl-2] [INFO] [1783000194.735540870] [amcl]: Destroying
[planner_server-6] [INFO] [1783000194.789656284] [planner_server]: Destroying bond (planner_server) to lifecycle manager.
[lifecycle_manager-11] [INFO] [1783000194.796025649] [lifecycle_manager_navigation]: Destroying lifecycle_manager_navigation
[planner_server-6] [INFO] [1783000194.805911508] [global_costmap.global_costmap]: Destroying
[behavior_server-7] [INFO] [1783000194.826799725] [behavior_server]: Destroying
[INFO] [velocity_smoother-10]: process has finished cleanly [pid 56362]
[INFO] [map_server-1]: process has finished cleanly [pid 56323]
[INFO] [smoother_server-5]: process has finished cleanly [pid 56331]
[INFO] [waypoint_follower-9]: process has finished cleanly [pid 56352]
[controller_server-4] [INFO] [1783000195.005918399] [controller_server]: Destroying
[INFO] [lifecycle_manager-11]: process has finished cleanly [pid 56380]
[planner_server-6] [INFO] [1783000195.194397100] [planner_server]: Destroying
[INFO] [amcl-2]: process has finished cleanly [pid 56325]
[INFO] [behavior_server-7]: process has finished cleanly [pid 56335]
[INFO] [controller_server-4]: process has finished cleanly [pid 56329]
[INFO] [planner_server-6]: process has finished cleanly [pid 56333]
[bt_navigator-8] [INFO] [1783000195.654526037] [bt_navigator]: Completed Cleaning up
[bt_navigator-8] [INFO] [1783000195.654908953] [bt_navigator]: Destroying bond (bt_navigator) to lifecycle manager.
[bt_navigator-8] [INFO] [1783000195.733425287] [bt_navigator]: Destroying
[INFO] [bt_navigator-8]: process has finished cleanly [pid 56337]
