[INFO] [1783000096.310560790] [pose_memory_node]: Loaded last pose from /root/rdk_x5_vln_robot/state/last_pose_map.json
[INFO] [1783000096.623733436] [pose_memory_node]: Published initial pose to /initialpose (1/5)
[WARN] [1783000096.867504289] [pose_memory_node]: New subscription discovered on topic '/initialpose', requesting incompatible QoS. No messages will be sent to it. Last incompatible policy: DURABILITY
[INFO] [1783000096.961516079] [pose_memory_node]: Published initial pose to /initialpose (2/5)
[INFO] [1783000097.222795901] [pose_memory_node]: Published initial pose to /initialpose (3/5)
[INFO] [1783000098.343937598] [pose_memory_node]: Published initial pose to /initialpose (4/5)
[INFO] [1783000099.397671918] [pose_memory_node]: Published initial pose to /initialpose (5/5)
Traceback (most recent call last):
  File "/root/rdk_x5_vln_robot/scripts/slam/pose_memory_node.py", line 201, in main
    rclpy.spin(node)
  File "/opt/ros/humble/local/lib/python3.10/dist-packages/rclpy/__init__.py", line 229, in spin
    executor.spin_once()
  File "/opt/ros/humble/local/lib/python3.10/dist-packages/rclpy/executors.py", line 751, in spin_once
    self._spin_once_impl(timeout_sec)
  File "/opt/ros/humble/local/lib/python3.10/dist-packages/rclpy/executors.py", line 740, in _spin_once_impl
    handler, entity, node = self.wait_for_ready_callbacks(timeout_sec=timeout_sec)
  File "/opt/ros/humble/local/lib/python3.10/dist-packages/rclpy/executors.py", line 723, in wait_for_ready_callbacks
    return next(self._cb_iter)
  File "/opt/ros/humble/local/lib/python3.10/dist-packages/rclpy/executors.py", line 624, in _wait_for_ready_callbacks
    raise ExternalShutdownException()
rclpy.executors.ExternalShutdownException

During handling of the above exception, another exception occurred:

Traceback (most recent call last):
  File "/root/rdk_x5_vln_robot/scripts/slam/pose_memory_node.py", line 210, in <module>
    main()
  File "/root/rdk_x5_vln_robot/scripts/slam/pose_memory_node.py", line 206, in main
    rclpy.shutdown()
  File "/opt/ros/humble/local/lib/python3.10/dist-packages/rclpy/__init__.py", line 130, in shutdown
    _shutdown(context=context)
  File "/opt/ros/humble/local/lib/python3.10/dist-packages/rclpy/utilities.py", line 58, in shutdown
    return context.shutdown()
  File "/opt/ros/humble/local/lib/python3.10/dist-packages/rclpy/context.py", line 102, in shutdown
    self.__context.shutdown()
rclpy._rclpy_pybind11.RCLError: failed to shutdown: rcl_shutdown already called on the given context, at ./src/rcl/init.c:241
