[INFO] [1782969156.649804613] [m1_pwm_cmd_vel_bridge]: Initializing Rosmaster PWM bridge on /dev/ttyUSB0
Exception in thread task_serial_receive:
Traceback (most recent call last):
  File "/usr/lib/python3.10/threading.py", line 1016, in _bootstrap_inner
    self.run()
  File "/usr/lib/python3.10/threading.py", line 953, in run
    self._target(*self._args, **self._kwargs)
  File "/usr/local/lib/python3.10/dist-packages/Rosmaster_Lib/Rosmaster_Lib.py", line 260, in __receive_data
    head1 = bytearray(self.ser.read())[0]
  File "/usr/lib/python3/dist-packages/serial/serialposix.py", line 595, in read
    raise SerialException(
serial.serialutil.SerialException: device reports readiness to read but returned no data (device disconnected or multiple access on port?)
[INFO] [1782969157.234250485] [m1_pwm_cmd_vel_bridge]: m1_pwm_cmd_vel_bridge started (drive_mode=pwm)
[INFO] [1782969157.236517816] [m1_pwm_cmd_vel_bridge]: Publishing odom topic=/odom, TF odom->base_link, source=get_motion_data()
[INFO] [1782969157.238790439] [m1_pwm_cmd_vel_bridge]: odom_wz_scale=1.0
[INFO] [1782969157.240939354] [m1_pwm_cmd_vel_bridge]: odom x/y yaw offset=0.0000 rad (0.0 deg)
[INFO] [1782969157.243163602] [m1_pwm_cmd_vel_bridge]: base_link yaw offset=0.0000 rad (0.0 deg)
[INFO] [1782969157.245695225] [m1_pwm_cmd_vel_bridge]: fl-rl-fr-rr: M1=FL, M2=RL, M3=FR, M4=RR
[INFO] [1782969157.248082265] [m1_pwm_cmd_vel_bridge]: motor_signs=[1, 1, 1, 1], motor_trims=[1.0, 1.0, 1.0, 1.0]
[INFO] [1782969157.250409513] [m1_pwm_cmd_vel_bridge]: limits: max_vx=0.060, max_wz=0.060, vx_db=6.0, wz_db=8.0, pwm_max=30.0, vx_gain=180.0, wz_gain=120.0
[INFO] [1782969157.252713219] [m1_pwm_cmd_vel_bridge]: Tip: use angular.z in rad/s (e.g. 0.12~0.16), NOT 3.0. M1 wz breakaway from calibration is about 0.16 rad/s.
[INFO] [1782969239.823019357] [m1_pwm_cmd_vel_bridge]: Stopping PWM motors before node shutdown...
Failed to publish log message to rosout: publisher's context is invalid, at ./src/rcl/publisher.c:389
Rosmaster Serial Opened! Baudrate=115200
----------------create receive threading--------------
Traceback (most recent call last):
  File "/root/rdk_x5_vln_robot/ros2_bridge/m1_pwm_cmd_vel_bridge.py", line 580, in <module>
    main()
  File "/root/rdk_x5_vln_robot/ros2_bridge/m1_pwm_cmd_vel_bridge.py", line 576, in main
    rclpy.shutdown()
  File "/opt/ros/humble/local/lib/python3.10/dist-packages/rclpy/__init__.py", line 130, in shutdown
    _shutdown(context=context)
  File "/opt/ros/humble/local/lib/python3.10/dist-packages/rclpy/utilities.py", line 58, in shutdown
    return context.shutdown()
  File "/opt/ros/humble/local/lib/python3.10/dist-packages/rclpy/context.py", line 102, in shutdown
    self.__context.shutdown()
rclpy._rclpy_pybind11.RCLError: failed to shutdown: rcl_shutdown already called on the given context, at ./src/rcl/init.c:241
