[INFO] [1783067954.481623814] [m1_pwm_cmd_vel_bridge]: Initializing Rosmaster PWM bridge on /dev/rosmaster
[INFO] [1783067955.073817131] [m1_pwm_cmd_vel_bridge]: m1_pwm_cmd_vel_bridge started (drive_mode=pwm)
[INFO] [1783067955.077576880] [m1_pwm_cmd_vel_bridge]: Publishing odom topic=/odom, TF odom->base_link, source=get_motion_data()
[INFO] [1783067955.080013088] [m1_pwm_cmd_vel_bridge]: odom_wz_scale=-0.58
[INFO] [1783067955.082429254] [m1_pwm_cmd_vel_bridge]: odom x/y yaw offset=3.1416 rad (180.0 deg)
[INFO] [1783067955.084796753] [m1_pwm_cmd_vel_bridge]: base_link yaw offset=0.0000 rad (0.0 deg)
[INFO] [1783067955.087795044] [m1_pwm_cmd_vel_bridge]: fl-rl-fr-rr: M1=FL, M2=RL, M3=FR, M4=RR
[INFO] [1783067955.089765460] [m1_pwm_cmd_vel_bridge]: motor_signs=[1, 1, 1, 1], motor_trims=[1.0, 1.0, 1.0, 1.0]
[INFO] [1783067955.091705793] [m1_pwm_cmd_vel_bridge]: limits: max_vx=0.040, max_wz=0.100, vx_db=5.0, wz_db=7.0, pwm_max=30.0, vx_gain=180.0, wz_gain=120.0
[INFO] [1783067955.093675125] [m1_pwm_cmd_vel_bridge]: Tip: use angular.z in rad/s (e.g. 0.12~0.16), NOT 3.0. M1 wz breakaway from calibration is about 0.16 rad/s.
[INFO] [1783068453.294663168] [m1_pwm_cmd_vel_bridge]: Stopping PWM motors before node shutdown...
Failed to publish log message to rosout: publisher's context is invalid, at ./src/rcl/publisher.c:389
Rosmaster Serial Opened! Baudrate=115200
----------------create receive threading--------------
Traceback (most recent call last):
  File "/root/rdk_x5_vln_robot/ros2_bridge/m1_pwm_cmd_vel_bridge.py", line 580, in <module>
    main()
  File "/root/rdk_x5_vln_robot/ros2_bridge/m1_pwm_cmd_vel_bridge.py", line 576, in main
    rclpy.shutdown()
  File "/opt/ros/humble/local/lib/python3.10/dist-packages/rclpy/__init__.py", line 130, in shutdown
    _shutdown(context=context)
  File "/opt/ros/humble/local/lib/python3.10/dist-packages/rclpy/utilities.py", line 58, in shutdown
    return context.shutdown()
  File "/opt/ros/humble/local/lib/python3.10/dist-packages/rclpy/context.py", line 102, in shutdown
    self.__context.shutdown()
rclpy._rclpy_pybind11.RCLError: failed to shutdown: rcl_shutdown already called on the given context, at ./src/rcl/init.c:241
