[INFO] [1783075924.192574035] [simple_scan_filter]: filter /scan -> /scan_filtered, keep=[0.22, 4.00], isolated_window=2, isolated_delta=0.25, min_support_neighbors=1
[INFO] [1783075937.874678317] [simple_scan_filter]: scan stats: n=404, zeros=93, nan=0, inf=0, finite_raw=311, finite_out=247, removed_isolated=6
[INFO] [1783075942.870209296] [simple_scan_filter]: scan stats: n=404, zeros=89, nan=0, inf=0, finite_raw=315, finite_out=252, removed_isolated=4
[INFO] [1783075947.866664777] [simple_scan_filter]: scan stats: n=404, zeros=94, nan=0, inf=0, finite_raw=310, finite_out=249, removed_isolated=4
[INFO] [1783075952.991329327] [simple_scan_filter]: scan stats: n=404, zeros=97, nan=0, inf=0, finite_raw=307, finite_out=247, removed_isolated=5
[INFO] [1783075957.961912377] [simple_scan_filter]: scan stats: n=404, zeros=97, nan=0, inf=0, finite_raw=307, finite_out=248, removed_isolated=3
[INFO] [1783075963.099291090] [simple_scan_filter]: scan stats: n=404, zeros=91, nan=0, inf=0, finite_raw=313, finite_out=250, removed_isolated=6
[INFO] [1783075967.962581272] [simple_scan_filter]: scan stats: n=404, zeros=99, nan=0, inf=0, finite_raw=305, finite_out=248, removed_isolated=4
[INFO] [1783075972.951354733] [simple_scan_filter]: scan stats: n=404, zeros=94, nan=0, inf=0, finite_raw=310, finite_out=248, removed_isolated=6
[INFO] [1783075977.945654652] [simple_scan_filter]: scan stats: n=404, zeros=90, nan=0, inf=0, finite_raw=314, finite_out=250, removed_isolated=3
[INFO] [1783075982.944762528] [simple_scan_filter]: scan stats: n=404, zeros=91, nan=0, inf=0, finite_raw=313, finite_out=249, removed_isolated=6
[INFO] [1783075988.041455164] [simple_scan_filter]: scan stats: n=404, zeros=99, nan=0, inf=0, finite_raw=305, finite_out=246, removed_isolated=4
[INFO] [1783075993.039260339] [simple_scan_filter]: scan stats: n=404, zeros=91, nan=0, inf=0, finite_raw=313, finite_out=247, removed_isolated=6
[INFO] [1783075998.035107602] [simple_scan_filter]: scan stats: n=404, zeros=89, nan=0, inf=0, finite_raw=315, finite_out=250, removed_isolated=5
[INFO] [1783076003.031738409] [simple_scan_filter]: scan stats: n=404, zeros=88, nan=0, inf=0, finite_raw=316, finite_out=248, removed_isolated=5
[INFO] [1783076008.028765719] [simple_scan_filter]: scan stats: n=404, zeros=90, nan=0, inf=0, finite_raw=314, finite_out=252, removed_isolated=4
[INFO] [1783076013.029470362] [simple_scan_filter]: scan stats: n=404, zeros=90, nan=0, inf=0, finite_raw=314, finite_out=246, removed_isolated=6
[INFO] [1783076018.025977804] [simple_scan_filter]: scan stats: n=404, zeros=93, nan=0, inf=0, finite_raw=311, finite_out=248, removed_isolated=6
[INFO] [1783076023.023931789] [simple_scan_filter]: scan stats: n=404, zeros=87, nan=0, inf=0, finite_raw=317, finite_out=246, removed_isolated=9
[INFO] [1783076028.020042403] [simple_scan_filter]: scan stats: n=404, zeros=88, nan=0, inf=0, finite_raw=316, finite_out=247, removed_isolated=9
[INFO] [1783076033.024344889] [simple_scan_filter]: scan stats: n=404, zeros=92, nan=0, inf=0, finite_raw=312, finite_out=246, removed_isolated=7
[INFO] [1783076038.022395425] [simple_scan_filter]: scan stats: n=404, zeros=94, nan=0, inf=0, finite_raw=310, finite_out=249, removed_isolated=4
[INFO] [1783076043.021388422] [simple_scan_filter]: scan stats: n=404, zeros=94, nan=0, inf=0, finite_raw=310, finite_out=251, removed_isolated=3
[INFO] [1783076048.069737966] [simple_scan_filter]: scan stats: n=404, zeros=98, nan=0, inf=0, finite_raw=306, finite_out=247, removed_isolated=4
[INFO] [1783076053.008431474] [simple_scan_filter]: scan stats: n=404, zeros=89, nan=0, inf=0, finite_raw=315, finite_out=253, removed_isolated=4
[INFO] [1783076058.095504828] [simple_scan_filter]: scan stats: n=404, zeros=97, nan=0, inf=0, finite_raw=307, finite_out=248, removed_isolated=3
[INFO] [1783076062.997932412] [simple_scan_filter]: scan stats: n=404, zeros=99, nan=0, inf=0, finite_raw=305, finite_out=247, removed_isolated=5
[INFO] [1783076068.000807504] [simple_scan_filter]: scan stats: n=404, zeros=96, nan=0, inf=0, finite_raw=308, finite_out=250, removed_isolated=3
[INFO] [1783076073.009525428] [simple_scan_filter]: scan stats: n=404, zeros=89, nan=0, inf=0, finite_raw=315, finite_out=253, removed_isolated=5
[INFO] [1783076077.994760581] [simple_scan_filter]: scan stats: n=404, zeros=93, nan=0, inf=0, finite_raw=311, finite_out=248, removed_isolated=5
[INFO] [1783076083.047558602] [simple_scan_filter]: scan stats: n=404, zeros=91, nan=0, inf=0, finite_raw=313, finite_out=250, removed_isolated=4
[INFO] [1783076087.990608919] [simple_scan_filter]: scan stats: n=404, zeros=88, nan=0, inf=0, finite_raw=316, finite_out=251, removed_isolated=5
[INFO] [1783076092.985345616] [simple_scan_filter]: scan stats: n=404, zeros=95, nan=0, inf=0, finite_raw=309, finite_out=251, removed_isolated=3
[INFO] [1783076097.984734854] [simple_scan_filter]: scan stats: n=404, zeros=95, nan=0, inf=0, finite_raw=309, finite_out=248, removed_isolated=4
[INFO] [1783076102.980653847] [simple_scan_filter]: scan stats: n=404, zeros=93, nan=0, inf=0, finite_raw=311, finite_out=249, removed_isolated=6
[INFO] [1783076108.007956737] [simple_scan_filter]: scan stats: n=404, zeros=91, nan=0, inf=0, finite_raw=313, finite_out=249, removed_isolated=6
[INFO] [1783076112.974739217] [simple_scan_filter]: scan stats: n=404, zeros=91, nan=0, inf=0, finite_raw=313, finite_out=244, removed_isolated=9
[INFO] [1783076117.974414050] [simple_scan_filter]: scan stats: n=404, zeros=93, nan=0, inf=0, finite_raw=311, finite_out=249, removed_isolated=4
[INFO] [1783076122.983354129] [simple_scan_filter]: scan stats: n=404, zeros=109, nan=0, inf=0, finite_raw=295, finite_out=217, removed_isolated=6
[INFO] [1783076127.966480314] [simple_scan_filter]: scan stats: n=404, zeros=110, nan=0, inf=0, finite_raw=294, finite_out=212, removed_isolated=6
[INFO] [1783076132.963794158] [simple_scan_filter]: scan stats: n=404, zeros=104, nan=0, inf=0, finite_raw=300, finite_out=217, removed_isolated=4
[INFO] [1783076137.962831712] [simple_scan_filter]: scan stats: n=404, zeros=113, nan=0, inf=0, finite_raw=291, finite_out=215, removed_isolated=5
[INFO] [1783076142.958362438] [simple_scan_filter]: scan stats: n=404, zeros=128, nan=0, inf=0, finite_raw=276, finite_out=204, removed_isolated=7
[INFO] [1783076147.959911955] [simple_scan_filter]: scan stats: n=404, zeros=115, nan=0, inf=0, finite_raw=289, finite_out=214, removed_isolated=7
[INFO] [1783076152.955675270] [simple_scan_filter]: scan stats: n=404, zeros=72, nan=0, inf=0, finite_raw=332, finite_out=273, removed_isolated=3
[INFO] [1783076157.947620633] [simple_scan_filter]: scan stats: n=404, zeros=76, nan=0, inf=0, finite_raw=328, finite_out=272, removed_isolated=2
[INFO] [1783076162.951444323] [simple_scan_filter]: scan stats: n=404, zeros=84, nan=0, inf=0, finite_raw=320, finite_out=272, removed_isolated=1
[INFO] [1783076167.947861730] [simple_scan_filter]: scan stats: n=404, zeros=79, nan=0, inf=0, finite_raw=325, finite_out=271, removed_isolated=3
[INFO] [1783076172.946535555] [simple_scan_filter]: scan stats: n=404, zeros=106, nan=0, inf=0, finite_raw=298, finite_out=231, removed_isolated=2
[INFO] [1783076177.956892041] [simple_scan_filter]: scan stats: n=404, zeros=99, nan=0, inf=0, finite_raw=305, finite_out=230, removed_isolated=3
[INFO] [1783076182.933909013] [simple_scan_filter]: scan stats: n=404, zeros=98, nan=0, inf=0, finite_raw=306, finite_out=231, removed_isolated=2
[INFO] [1783076187.929632849] [simple_scan_filter]: scan stats: n=404, zeros=94, nan=0, inf=0, finite_raw=310, finite_out=234, removed_isolated=4
[INFO] [1783076192.929718060] [simple_scan_filter]: scan stats: n=404, zeros=92, nan=0, inf=0, finite_raw=312, finite_out=238, removed_isolated=3
[INFO] [1783076197.929699065] [simple_scan_filter]: scan stats: n=404, zeros=95, nan=0, inf=0, finite_raw=309, finite_out=231, removed_isolated=2
[INFO] [1783076202.919444248] [simple_scan_filter]: scan stats: n=404, zeros=96, nan=0, inf=0, finite_raw=308, finite_out=229, removed_isolated=6
[INFO] [1783076207.918707010] [simple_scan_filter]: scan stats: n=404, zeros=101, nan=0, inf=0, finite_raw=303, finite_out=226, removed_isolated=4
[INFO] [1783076212.927600643] [simple_scan_filter]: scan stats: n=404, zeros=97, nan=0, inf=0, finite_raw=307, finite_out=228, removed_isolated=6
[INFO] [1783076217.928607742] [simple_scan_filter]: scan stats: n=404, zeros=96, nan=0, inf=0, finite_raw=308, finite_out=228, removed_isolated=3
[INFO] [1783076222.912853608] [simple_scan_filter]: scan stats: n=404, zeros=98, nan=0, inf=0, finite_raw=306, finite_out=226, removed_isolated=2
[INFO] [1783076227.918826126] [simple_scan_filter]: scan stats: n=404, zeros=94, nan=0, inf=0, finite_raw=310, finite_out=230, removed_isolated=3
[INFO] [1783076232.901445749] [simple_scan_filter]: scan stats: n=404, zeros=97, nan=0, inf=0, finite_raw=307, finite_out=230, removed_isolated=3
[INFO] [1783076237.901633277] [simple_scan_filter]: scan stats: n=404, zeros=99, nan=0, inf=0, finite_raw=305, finite_out=224, removed_isolated=2
Traceback (most recent call last):
  File "/root/rdk_x5_vln_robot/ros2_bridge/simple_scan_filter.py", line 197, in <module>
    main()
  File "/root/rdk_x5_vln_robot/ros2_bridge/simple_scan_filter.py", line 191, in main
    rclpy.spin(node)
  File "/opt/ros/humble/local/lib/python3.10/dist-packages/rclpy/__init__.py", line 229, in spin
    executor.spin_once()
  File "/opt/ros/humble/local/lib/python3.10/dist-packages/rclpy/executors.py", line 751, in spin_once
    self._spin_once_impl(timeout_sec)
  File "/opt/ros/humble/local/lib/python3.10/dist-packages/rclpy/executors.py", line 740, in _spin_once_impl
    handler, entity, node = self.wait_for_ready_callbacks(timeout_sec=timeout_sec)
  File "/opt/ros/humble/local/lib/python3.10/dist-packages/rclpy/executors.py", line 723, in wait_for_ready_callbacks
    return next(self._cb_iter)
  File "/opt/ros/humble/local/lib/python3.10/dist-packages/rclpy/executors.py", line 624, in _wait_for_ready_callbacks
    raise ExternalShutdownException()
rclpy.executors.ExternalShutdownException
