[INFO] [1783058052.364923235] [foxglove_click_goal_bridge]: Foxglove click goal bridge started.
[INFO] [1783058052.369214401] [foxglove_click_goal_bridge]: Listening point click topic:
[INFO] [1783058052.373048984] [foxglove_click_goal_bridge]:   /foxglove_goal_point
[INFO] [1783058052.377512275] [foxglove_click_goal_bridge]:   geometry_msgs/msg/PointStamped
[INFO] [1783058052.381555608] [foxglove_click_goal_bridge]: Listening pose click topic:
[INFO] [1783058052.390753606] [foxglove_click_goal_bridge]:   /foxglove_goal_pose
[INFO] [1783058052.394737481] [foxglove_click_goal_bridge]:   geometry_msgs/msg/PoseStamped
[INFO] [1783058052.398388939] [foxglove_click_goal_bridge]: Recommended Foxglove tool:
[INFO] [1783058052.411001895] [foxglove_click_goal_bridge]:   Publish -> 2D point -> /foxglove_goal_point
[INFO] [1783058052.423329185] [foxglove_click_goal_bridge]: Visual path topic: /foxglove_click_planned_path
[INFO] [1783058058.074380760] [foxglove_click_goal_bridge]: >>> CLICK READY: Foxglove 可以单击地图白色区域发送导航目标。 Topic=/foxglove_goal_point, frame=map。 若 scan 与地图错位，请先用 /initialpose 校正。导航进行中会忽略新点击。
[INFO] [1783058071.424042202] [foxglove_click_goal_bridge]: Received Foxglove clicked point: frame_id=map, x=2.630, y=0.890, goal_yaw=-1.734
[INFO] [1783058071.427564243] [foxglove_click_goal_bridge]: Goal map cell OK: (2.630, 0.890) -> free(val=0)
[INFO] [1783058071.431039076] [foxglove_click_goal_bridge]: [1] Accepted goal: frame=map, x=2.630, y=0.890
[INFO] [1783058071.454438697] [foxglove_click_goal_bridge]: [1] NavigateToPose goal accepted. Robot should start planning/following.
[INFO] [1783058071.589660596] [foxglove_click_goal_bridge]: [1] navigating: distance_remaining=6.796 m, recoveries=0
[INFO] [1783058071.634537923] [foxglove_click_goal_bridge]: [1] Planned path published: 270 poses -> /foxglove_click_planned_path
[INFO] [1783058073.592408531] [foxglove_click_goal_bridge]: [1] navigating: distance_remaining=6.787 m, recoveries=0
[INFO] [1783058075.598202631] [foxglove_click_goal_bridge]: [1] navigating: distance_remaining=6.749 m, recoveries=0
[INFO] [1783058077.607712856] [foxglove_click_goal_bridge]: [1] navigating: distance_remaining=6.574 m, recoveries=0
[INFO] [1783058079.605134624] [foxglove_click_goal_bridge]: [1] navigating: distance_remaining=6.499 m, recoveries=0
[INFO] [1783058081.606996474] [foxglove_click_goal_bridge]: [1] navigating: distance_remaining=6.352 m, recoveries=0
[INFO] [1783058083.621128196] [foxglove_click_goal_bridge]: [1] navigating: distance_remaining=6.049 m, recoveries=0
[INFO] [1783058085.618247213] [foxglove_click_goal_bridge]: [1] navigating: distance_remaining=5.899 m, recoveries=0
[INFO] [1783058087.621111644] [foxglove_click_goal_bridge]: [1] navigating: distance_remaining=5.649 m, recoveries=0
[INFO] [1783058089.640024656] [foxglove_click_goal_bridge]: [1] navigating: distance_remaining=5.474 m, recoveries=0
[INFO] [1783058091.623609964] [foxglove_click_goal_bridge]: [1] navigating: distance_remaining=5.196 m, recoveries=0
[INFO] [1783058093.630047519] [foxglove_click_goal_bridge]: [1] navigating: distance_remaining=4.991 m, recoveries=0
[INFO] [1783058095.635527407] [foxglove_click_goal_bridge]: [1] navigating: distance_remaining=4.826 m, recoveries=0
[INFO] [1783058097.638043336] [foxglove_click_goal_bridge]: [1] navigating: distance_remaining=4.649 m, recoveries=0
[INFO] [1783058099.641128973] [foxglove_click_goal_bridge]: [1] navigating: distance_remaining=4.474 m, recoveries=0
[INFO] [1783058101.653112316] [foxglove_click_goal_bridge]: [1] navigating: distance_remaining=4.224 m, recoveries=0
[INFO] [1783058103.654679661] [foxglove_click_goal_bridge]: [1] navigating: distance_remaining=4.024 m, recoveries=0
[INFO] [1783058105.660558671] [foxglove_click_goal_bridge]: [1] navigating: distance_remaining=3.849 m, recoveries=0
[INFO] [1783058107.674830471] [foxglove_click_goal_bridge]: [1] navigating: distance_remaining=3.599 m, recoveries=0
[INFO] [1783058109.674817606] [foxglove_click_goal_bridge]: [1] navigating: distance_remaining=3.399 m, recoveries=0
[INFO] [1783058111.690523488] [foxglove_click_goal_bridge]: [1] navigating: distance_remaining=3.249 m, recoveries=0
[INFO] [1783058113.694094413] [foxglove_click_goal_bridge]: [1] navigating: distance_remaining=2.974 m, recoveries=0
[INFO] [1783058115.697628379] [foxglove_click_goal_bridge]: [1] navigating: distance_remaining=2.786 m, recoveries=0
[INFO] [1783058117.696428721] [foxglove_click_goal_bridge]: [1] navigating: distance_remaining=2.538 m, recoveries=0
[INFO] [1783058119.696262770] [foxglove_click_goal_bridge]: [1] navigating: distance_remaining=2.342 m, recoveries=0
[INFO] [1783058121.701820609] [foxglove_click_goal_bridge]: [1] navigating: distance_remaining=2.096 m, recoveries=0
[INFO] [1783058123.720374530] [foxglove_click_goal_bridge]: [1] navigating: distance_remaining=1.849 m, recoveries=0
[INFO] [1783058125.723909411] [foxglove_click_goal_bridge]: [1] navigating: distance_remaining=1.699 m, recoveries=0
[INFO] [1783058127.731283457] [foxglove_click_goal_bridge]: [1] navigating: distance_remaining=1.424 m, recoveries=0
[INFO] [1783058129.746025918] [foxglove_click_goal_bridge]: [1] navigating: distance_remaining=1.224 m, recoveries=0
[INFO] [1783058131.748846797] [foxglove_click_goal_bridge]: [1] navigating: distance_remaining=1.024 m, recoveries=0
[INFO] [1783058133.751620093] [foxglove_click_goal_bridge]: [1] navigating: distance_remaining=0.824 m, recoveries=0
[INFO] [1783058135.753942679] [foxglove_click_goal_bridge]: [1] navigating: distance_remaining=0.624 m, recoveries=0
[INFO] [1783058137.763240306] [foxglove_click_goal_bridge]: [1] navigating: distance_remaining=0.424 m, recoveries=0
[INFO] [1783058139.428246774] [foxglove_click_goal_bridge]: [1] Navigation succeeded. status=4
[INFO] [1783058139.433159648] [foxglove_click_goal_bridge]: Navigation succeeded. Current pose will be updated by pose_memory_node.
[INFO] [1783058171.995321422] [foxglove_click_goal_bridge]: Received Foxglove clicked point: frame_id=map, x=0.343, y=-1.361, goal_yaw=0.409
[INFO] [1783058172.004956171] [foxglove_click_goal_bridge]: Goal map cell OK: (0.343, -1.361) -> free(val=0)
[INFO] [1783058172.011687628] [foxglove_click_goal_bridge]: [2] Accepted goal: frame=map, x=0.343, y=-1.361
[INFO] [1783058172.183359978] [foxglove_click_goal_bridge]: [2] navigating: distance_remaining=0.174 m, recoveries=0
[INFO] [1783058172.190630060] [foxglove_click_goal_bridge]: [2] NavigateToPose goal accepted. Robot should start planning/following.
[INFO] [1783058172.236103887] [foxglove_click_goal_bridge]: [2] Planned path published: 151 poses -> /foxglove_click_planned_path
[INFO] [1783058174.204393553] [foxglove_click_goal_bridge]: [2] navigating: distance_remaining=3.818 m, recoveries=0
[INFO] [1783058176.202223214] [foxglove_click_goal_bridge]: [2] navigating: distance_remaining=3.995 m, recoveries=0
[INFO] [1783058178.207184791] [foxglove_click_goal_bridge]: [2] navigating: distance_remaining=4.019 m, recoveries=0
[INFO] [1783058180.205755076] [foxglove_click_goal_bridge]: [2] navigating: distance_remaining=4.152 m, recoveries=1
[INFO] [1783058182.212130193] [foxglove_click_goal_bridge]: [2] navigating: distance_remaining=4.053 m, recoveries=1
[INFO] [1783058184.213629477] [foxglove_click_goal_bridge]: [2] navigating: distance_remaining=3.885 m, recoveries=1
[INFO] [1783058186.212203303] [foxglove_click_goal_bridge]: [2] navigating: distance_remaining=3.633 m, recoveries=1
[INFO] [1783058188.256677329] [foxglove_click_goal_bridge]: [2] navigating: distance_remaining=3.453 m, recoveries=1
[INFO] [1783058190.260971403] [foxglove_click_goal_bridge]: [2] navigating: distance_remaining=3.203 m, recoveries=1
[INFO] [1783058192.271747768] [foxglove_click_goal_bridge]: [2] navigating: distance_remaining=3.028 m, recoveries=1
[INFO] [1783058194.270435550] [foxglove_click_goal_bridge]: [2] navigating: distance_remaining=2.803 m, recoveries=1
[INFO] [1783058196.278418788] [foxglove_click_goal_bridge]: [2] navigating: distance_remaining=2.603 m, recoveries=1
[INFO] [1783058198.284171027] [foxglove_click_goal_bridge]: [2] navigating: distance_remaining=2.428 m, recoveries=1
[INFO] [1783058200.297963764] [foxglove_click_goal_bridge]: [2] navigating: distance_remaining=2.228 m, recoveries=1
[INFO] [1783058202.300283502] [foxglove_click_goal_bridge]: [2] navigating: distance_remaining=2.003 m, recoveries=1
[INFO] [1783058204.297036116] [foxglove_click_goal_bridge]: [2] navigating: distance_remaining=1.853 m, recoveries=1
[INFO] [1783058206.308571518] [foxglove_click_goal_bridge]: [2] navigating: distance_remaining=1.628 m, recoveries=1
[INFO] [1783058208.314868921] [foxglove_click_goal_bridge]: [2] navigating: distance_remaining=1.278 m, recoveries=1
[INFO] [1783058210.325175781] [foxglove_click_goal_bridge]: [2] navigating: distance_remaining=1.078 m, recoveries=1
[INFO] [1783058212.332085100] [foxglove_click_goal_bridge]: [2] navigating: distance_remaining=0.878 m, recoveries=1
[INFO] [1783058214.345863542] [foxglove_click_goal_bridge]: [2] navigating: distance_remaining=0.678 m, recoveries=1
[INFO] [1783058216.340503820] [foxglove_click_goal_bridge]: [2] navigating: distance_remaining=0.490 m, recoveries=1
[INFO] [1783058218.370451926] [foxglove_click_goal_bridge]: [2] navigating: distance_remaining=0.228 m, recoveries=2
[INFO] [1783058218.607964556] [foxglove_click_goal_bridge]: [2] Navigation succeeded. status=4
[INFO] [1783058218.610880555] [foxglove_click_goal_bridge]: Navigation succeeded. Current pose will be updated by pose_memory_node.
Traceback (most recent call last):
  File "/root/rdk_x5_vln_robot/scripts/slam/foxglove_click_goal_bridge.py", line 539, in main
    rclpy.spin(node)
  File "/opt/ros/humble/local/lib/python3.10/dist-packages/rclpy/__init__.py", line 229, in spin
    executor.spin_once()
  File "/opt/ros/humble/local/lib/python3.10/dist-packages/rclpy/executors.py", line 751, in spin_once
    self._spin_once_impl(timeout_sec)
  File "/opt/ros/humble/local/lib/python3.10/dist-packages/rclpy/executors.py", line 740, in _spin_once_impl
    handler, entity, node = self.wait_for_ready_callbacks(timeout_sec=timeout_sec)
  File "/opt/ros/humble/local/lib/python3.10/dist-packages/rclpy/executors.py", line 723, in wait_for_ready_callbacks
    return next(self._cb_iter)
  File "/opt/ros/humble/local/lib/python3.10/dist-packages/rclpy/executors.py", line 624, in _wait_for_ready_callbacks
    raise ExternalShutdownException()
rclpy.executors.ExternalShutdownException

During handling of the above exception, another exception occurred:

Traceback (most recent call last):
  File "/root/rdk_x5_vln_robot/scripts/slam/foxglove_click_goal_bridge.py", line 548, in <module>
    main()
  File "/root/rdk_x5_vln_robot/scripts/slam/foxglove_click_goal_bridge.py", line 544, in main
    rclpy.shutdown()
  File "/opt/ros/humble/local/lib/python3.10/dist-packages/rclpy/__init__.py", line 130, in shutdown
    _shutdown(context=context)
  File "/opt/ros/humble/local/lib/python3.10/dist-packages/rclpy/utilities.py", line 58, in shutdown
    return context.shutdown()
  File "/opt/ros/humble/local/lib/python3.10/dist-packages/rclpy/context.py", line 102, in shutdown
    self.__context.shutdown()
rclpy._rclpy_pybind11.RCLError: failed to shutdown: rcl_shutdown already called on the given context, at ./src/rcl/init.c:241
