[INFO] [1783062525.256396485] [simple_scan_filter]: filter /scan -> /scan_filtered, keep=[0.18, 4.00], isolated_window=2, isolated_delta=0.25, min_support_neighbors=1
[INFO] [1783062538.706928291] [simple_scan_filter]: scan stats: n=404, zeros=71, nan=0, inf=0, finite_raw=333, finite_out=316, removed_isolated=7
[INFO] [1783062543.704513389] [simple_scan_filter]: scan stats: n=404, zeros=71, nan=0, inf=0, finite_raw=333, finite_out=315, removed_isolated=7
[INFO] [1783062548.717959736] [simple_scan_filter]: scan stats: n=404, zeros=74, nan=0, inf=0, finite_raw=330, finite_out=315, removed_isolated=5
[INFO] [1783062553.701695163] [simple_scan_filter]: scan stats: n=404, zeros=74, nan=0, inf=0, finite_raw=330, finite_out=312, removed_isolated=8
[INFO] [1783062558.694537838] [simple_scan_filter]: scan stats: n=404, zeros=70, nan=0, inf=0, finite_raw=334, finite_out=316, removed_isolated=6
[INFO] [1783062563.692287928] [simple_scan_filter]: scan stats: n=404, zeros=68, nan=0, inf=0, finite_raw=336, finite_out=316, removed_isolated=8
[INFO] [1783062568.687751100] [simple_scan_filter]: scan stats: n=404, zeros=74, nan=0, inf=0, finite_raw=330, finite_out=315, removed_isolated=3
[INFO] [1783062573.684411061] [simple_scan_filter]: scan stats: n=404, zeros=65, nan=0, inf=0, finite_raw=339, finite_out=315, removed_isolated=7
[INFO] [1783062578.681877020] [simple_scan_filter]: scan stats: n=404, zeros=68, nan=0, inf=0, finite_raw=336, finite_out=314, removed_isolated=6
[INFO] [1783062583.677379727] [simple_scan_filter]: scan stats: n=404, zeros=70, nan=0, inf=0, finite_raw=334, finite_out=313, removed_isolated=7
[INFO] [1783062588.675404224] [simple_scan_filter]: scan stats: n=404, zeros=70, nan=0, inf=0, finite_raw=334, finite_out=315, removed_isolated=6
[INFO] [1783062593.673719803] [simple_scan_filter]: scan stats: n=404, zeros=70, nan=0, inf=0, finite_raw=334, finite_out=317, removed_isolated=3
[INFO] [1783062598.672512421] [simple_scan_filter]: scan stats: n=404, zeros=71, nan=0, inf=0, finite_raw=333, finite_out=316, removed_isolated=5
[INFO] [1783062603.668494454] [simple_scan_filter]: scan stats: n=404, zeros=71, nan=0, inf=0, finite_raw=333, finite_out=313, removed_isolated=7
[INFO] [1783062608.662425318] [simple_scan_filter]: scan stats: n=404, zeros=74, nan=0, inf=0, finite_raw=330, finite_out=310, removed_isolated=6
[INFO] [1783062613.659612347] [simple_scan_filter]: scan stats: n=404, zeros=71, nan=0, inf=0, finite_raw=333, finite_out=310, removed_isolated=8
[INFO] [1783062618.659060791] [simple_scan_filter]: scan stats: n=404, zeros=72, nan=0, inf=0, finite_raw=332, finite_out=310, removed_isolated=10
[INFO] [1783062623.657410150] [simple_scan_filter]: scan stats: n=404, zeros=70, nan=0, inf=0, finite_raw=334, finite_out=313, removed_isolated=8
[INFO] [1783062628.652100298] [simple_scan_filter]: scan stats: n=404, zeros=73, nan=0, inf=0, finite_raw=331, finite_out=312, removed_isolated=8
[INFO] [1783062633.646505444] [simple_scan_filter]: scan stats: n=404, zeros=70, nan=0, inf=0, finite_raw=334, finite_out=316, removed_isolated=2
[INFO] [1783062638.644776339] [simple_scan_filter]: scan stats: n=404, zeros=76, nan=0, inf=0, finite_raw=328, finite_out=313, removed_isolated=4
[INFO] [1783062643.647789606] [simple_scan_filter]: scan stats: n=404, zeros=71, nan=0, inf=0, finite_raw=333, finite_out=316, removed_isolated=7
[INFO] [1783062648.642184080] [simple_scan_filter]: scan stats: n=404, zeros=70, nan=0, inf=0, finite_raw=334, finite_out=315, removed_isolated=8
[INFO] [1783062653.638133969] [simple_scan_filter]: scan stats: n=404, zeros=72, nan=0, inf=0, finite_raw=332, finite_out=314, removed_isolated=8
[INFO] [1783062658.634536981] [simple_scan_filter]: scan stats: n=404, zeros=74, nan=0, inf=0, finite_raw=330, finite_out=312, removed_isolated=8
[INFO] [1783062663.638389366] [simple_scan_filter]: scan stats: n=404, zeros=76, nan=0, inf=0, finite_raw=328, finite_out=315, removed_isolated=5
[INFO] [1783062668.628533833] [simple_scan_filter]: scan stats: n=404, zeros=73, nan=0, inf=0, finite_raw=331, finite_out=315, removed_isolated=6
[INFO] [1783062673.637439173] [simple_scan_filter]: scan stats: n=404, zeros=72, nan=0, inf=0, finite_raw=332, finite_out=318, removed_isolated=4
[INFO] [1783062678.626856635] [simple_scan_filter]: scan stats: n=404, zeros=74, nan=0, inf=0, finite_raw=330, finite_out=317, removed_isolated=3
Traceback (most recent call last):
  File "/root/rdk_x5_vln_robot/ros2_bridge/simple_scan_filter.py", line 197, in <module>
    main()
  File "/root/rdk_x5_vln_robot/ros2_bridge/simple_scan_filter.py", line 191, in main
    rclpy.spin(node)
  File "/opt/ros/humble/local/lib/python3.10/dist-packages/rclpy/__init__.py", line 229, in spin
    executor.spin_once()
  File "/opt/ros/humble/local/lib/python3.10/dist-packages/rclpy/executors.py", line 751, in spin_once
    self._spin_once_impl(timeout_sec)
  File "/opt/ros/humble/local/lib/python3.10/dist-packages/rclpy/executors.py", line 748, in _spin_once_impl
    raise handler.exception()
  File "/opt/ros/humble/local/lib/python3.10/dist-packages/rclpy/task.py", line 254, in __call__
    self._handler.send(None)
  File "/opt/ros/humble/local/lib/python3.10/dist-packages/rclpy/executors.py", line 447, in handler
    await call_coroutine(entity, arg)
  File "/opt/ros/humble/local/lib/python3.10/dist-packages/rclpy/executors.py", line 372, in _execute_subscription
    await await_or_execute(sub.callback, msg)
  File "/opt/ros/humble/local/lib/python3.10/dist-packages/rclpy/executors.py", line 107, in await_or_execute
    return callback(*args)
  File "/root/rdk_x5_vln_robot/ros2_bridge/simple_scan_filter.py", line 143, in cb
    self.pub.publish(out)
  File "/opt/ros/humble/local/lib/python3.10/dist-packages/rclpy/publisher.py", line 70, in publish
    self.__publisher.publish(msg)
rclpy._rclpy_pybind11.RCLError: Failed to publish: publisher's context is invalid, at ./src/rcl/publisher.c:389
