[INFO] [1783253142.667075157] [foxglove_click_goal_bridge]: Foxglove click goal bridge started.
[INFO] [1783253142.671229861] [foxglove_click_goal_bridge]: Listening point click topic:
[INFO] [1783253142.675517981] [foxglove_click_goal_bridge]:   /foxglove_goal_point
[INFO] [1783253142.680162601] [foxglove_click_goal_bridge]:   geometry_msgs/msg/PointStamped
[INFO] [1783253142.684618096] [foxglove_click_goal_bridge]: Listening pose click topic:
[INFO] [1783253142.689740466] [foxglove_click_goal_bridge]:   /foxglove_goal_pose
[INFO] [1783253142.694261419] [foxglove_click_goal_bridge]:   geometry_msgs/msg/PoseStamped
[INFO] [1783253142.700294579] [foxglove_click_goal_bridge]: Recommended Foxglove tool:
[INFO] [1783253142.706871947] [foxglove_click_goal_bridge]:   Publish -> 2D point -> /foxglove_goal_point
[INFO] [1783253142.715627062] [foxglove_click_goal_bridge]: Visual path topic: /foxglove_click_planned_path
[INFO] [1783253142.727755799] [foxglove_click_goal_bridge]: Visual trajectory: /foxglove_click_trajectory_dots (red dots)
[INFO] [1783253142.741985783] [foxglove_click_goal_bridge]: Visual start marker: /foxglove_click_start_marker
[INFO] [1783253142.768611712] [foxglove_click_goal_bridge]: Visual goal marker: /foxglove_click_goal_marker + /foxglove_click_goal_label
[INFO] [1783253142.782413489] [foxglove_click_goal_bridge]: Foxglove map viz: /foxglove_map_viz (use in 3D panel instead of /map)
[INFO] [1783253144.450233154] [foxglove_click_goal_bridge]: >>> CLICK READY: Foxglove 可以单击地图白色区域发送导航目标。 Topic=/foxglove_goal_point, frame=map。 若 scan 与地图错位，请先用 /initialpose 校正。导航进行中会忽略新点击。
[INFO] [1783253245.711242398] [foxglove_click_goal_bridge]: Transformed click from base_link (-1.900, -1.481) -> map (-4.044, -0.128)
[INFO] [1783253245.736741454] [foxglove_click_goal_bridge]: Goal marker published at (-4.044, -0.128) -> /foxglove_click_goal_marker /foxglove_click_goal_label
[INFO] [1783253245.742538656] [foxglove_click_goal_bridge]: Received Foxglove clicked point: frame_id=base_link, x=-4.044, y=-0.128, goal_yaw=-1.090
[INFO] [1783253245.746604277] [foxglove_click_goal_bridge]: Goal footprint OK: (-4.044, -0.128) -> ok (radius=0.11m)
[INFO] [1783253245.766928547] [foxglove_click_goal_bridge]: [1] Start marker at (-1.853, -1.128) -> /foxglove_click_start_marker
[INFO] [1783253245.778612618] [foxglove_click_goal_bridge]: Goal marker published at (-4.044, -0.128) -> /foxglove_click_goal_marker /foxglove_click_goal_label
[INFO] [1783253245.783183530] [foxglove_click_goal_bridge]: [1] Accepted goal: frame=map, x=-4.044, y=-0.128
[INFO] [1783253245.875884264] [foxglove_click_goal_bridge]: [1] Planned path published: 97 poses -> /foxglove_click_planned_path
[INFO] [1783253245.916106638] [foxglove_click_goal_bridge]: [1] NavigateToPose goal accepted. Robot should start planning/following.
[INFO] [1783253245.938209490] [foxglove_click_goal_bridge]: [1] navigating: distance_remaining=0.000 m, recoveries=0
[INFO] [1783253247.935786199] [foxglove_click_goal_bridge]: [1] navigating: distance_remaining=2.454 m, recoveries=0
[INFO] [1783253249.950307100] [foxglove_click_goal_bridge]: [1] navigating: distance_remaining=2.411 m, recoveries=0
[INFO] [1783253251.943454651] [foxglove_click_goal_bridge]: [1] navigating: distance_remaining=2.411 m, recoveries=0
[INFO] [1783253253.969226793] [foxglove_click_goal_bridge]: [1] navigating: distance_remaining=2.386 m, recoveries=0
[INFO] [1783253255.978482370] [foxglove_click_goal_bridge]: [1] navigating: distance_remaining=2.211 m, recoveries=0
[INFO] [1783253257.982611163] [foxglove_click_goal_bridge]: [1] navigating: distance_remaining=2.006 m, recoveries=0
[INFO] [1783253260.000141360] [foxglove_click_goal_bridge]: [1] navigating: distance_remaining=1.831 m, recoveries=0
[INFO] [1783253262.021537637] [foxglove_click_goal_bridge]: [1] navigating: distance_remaining=1.661 m, recoveries=0
[INFO] [1783253264.031995469] [foxglove_click_goal_bridge]: [1] navigating: distance_remaining=1.586 m, recoveries=0
[INFO] [1783253266.046110840] [foxglove_click_goal_bridge]: [1] navigating: distance_remaining=1.536 m, recoveries=0
[INFO] [1783253268.055960675] [foxglove_click_goal_bridge]: [1] navigating: distance_remaining=1.660 m, recoveries=0
[INFO] [1783253270.058335770] [foxglove_click_goal_bridge]: [1] navigating: distance_remaining=1.311 m, recoveries=0
[INFO] [1783253272.076064099] [foxglove_click_goal_bridge]: [1] navigating: distance_remaining=1.236 m, recoveries=0
[INFO] [1783253274.077520781] [foxglove_click_goal_bridge]: [1] navigating: distance_remaining=1.036 m, recoveries=0
[INFO] [1783253276.097947069] [foxglove_click_goal_bridge]: [1] navigating: distance_remaining=0.961 m, recoveries=0
[INFO] [1783253278.100371794] [foxglove_click_goal_bridge]: [1] navigating: distance_remaining=0.811 m, recoveries=0
[INFO] [1783253280.108737056] [foxglove_click_goal_bridge]: [1] navigating: distance_remaining=0.636 m, recoveries=0
[INFO] [1783253282.118778401] [foxglove_click_goal_bridge]: [1] navigating: distance_remaining=0.486 m, recoveries=0
[INFO] [1783253284.136186864] [foxglove_click_goal_bridge]: [1] navigating: distance_remaining=0.311 m, recoveries=0
[INFO] [1783253285.679500201] [foxglove_click_goal_bridge]: [1] Navigation succeeded. status=4
[INFO] [1783253285.683111406] [foxglove_click_goal_bridge]: Navigation succeeded. Current pose will be updated by pose_memory_node.
