[INFO] [1782980096.364072418] [map_server]: 
	map_server lifecycle node launched. 
	Waiting on external lifecycle transitions to activate
	See https://design.ros2.org/articles/node_lifecycle.html for more information.
[INFO] [1782980096.364903960] [map_server]: Creating
[INFO] [1782980105.491002304] [map_server]: Configuring
[INFO] [1782980105.491363263] [map_io]: Loading yaml file: /root/rdk_x5_vln_robot/maps/joy_calibrated_corridor_map.yaml
[INFO] [1782980105.492396471] [map_io]: resolution: 0.05
[INFO] [1782980105.492514763] [map_io]: origin[0]: -5.07
[INFO] [1782980105.492574929] [map_io]: origin[1]: -5.68
[INFO] [1782980105.492628346] [map_io]: origin[2]: 0
[INFO] [1782980105.492684429] [map_io]: free_thresh: 0.25
[INFO] [1782980105.492739596] [map_io]: occupied_thresh: 0.65
[INFO] [1782980105.492798971] [map_io]: mode: trinary
[INFO] [1782980105.492858388] [map_io]: negate: 0
[INFO] [1782980105.493623096] [map_io]: Loading image_file: /root/rdk_x5_vln_robot/maps/joy_calibrated_corridor_map.pgm
[INFO] [1782980105.541749681] [map_io]: Read map /root/rdk_x5_vln_robot/maps/joy_calibrated_corridor_map.pgm: 155 X 201 map @ 0.05 m/cell
[INFO] [1782980114.836007824] [map_server]: Activating
[INFO] [1782980114.836992074] [map_server]: Creating bond (map_server) to lifecycle manager.
[INFO] [1782980177.476793257] [rclcpp]: signal_handler(signum=2)
[INFO] [1782980177.477273132] [map_server]: Running Nav2 LifecycleNode rcl preshutdown (map_server)
[INFO] [1782980177.477618591] [map_server]: Deactivating
[INFO] [1782980177.477760466] [map_server]: Destroying bond (map_server) to lifecycle manager.
[INFO] [1782980177.488815132] [map_server]: Cleaning up
[INFO] [1782980177.491025549] [map_server]: Destroying bond (map_server) to lifecycle manager.
[INFO] [1782980177.515717340] [map_server]: Destroying
