[lidar_frame_config] base_link -> laser
[lidar_frame_config] xyz=(0.10, 0.0, 0.12) rpy=(0.0, 0.0, 3.141592653589793)
[lidar_frame_config] WARN: LASER_YAW=3.141592653589793 (non-zero compensation enabled)
[NAV2] MAP_YAML=/root/rdk_x5_vln_robot/maps/joy_calibrated_corridor_map.yaml
[NAV2] NAV2_PARAMS=/root/rdk_x5_vln_robot/configs/nav2_params.yaml
[NAV2] CHASSIS_DEV=/dev/rosmaster
[NAV2] LASER_FRAME=laser
[NAV2] POSE_STATE_FILE=/root/rdk_x5_vln_robot/state/last_pose_map.json
[NAV2] NAV2_STOP_CONFLICTS=1 NAV2_REUSE_EXISTING=0
[NAV2] logs=/root/rdk_x5_vln_robot/logs/nav2_20260703_150106
[NAV2] WARN: slam_toolbox still running; stopping SLAM before saved-map Nav2.
[NAV2] NAV2_STOP_CONFLICTS=1: stopping mapping/joystick conflicts...
[NAV2] start lidar: bash /root/rdk_x5_vln_robot/scripts/lidar/start_lidar_only.sh
[NAV2] start scan_filter: python3 /root/rdk_x5_vln_robot/ros2_bridge/simple_scan_filter.py --in-topic /scan --out-topic /scan_filtered --min-range 0.18 --max-range 4.0 --isolated-window 2 --isolated-delta 0.25 --min-support-neighbors 1 --stats-every 50
[NAV2] start static_tf: ros2 run tf2_ros static_transform_publisher --x 0.10 --y 0.0 --z 0.12 --roll 0.0 --pitch 0.0 --yaw 3.141592653589793 --frame-id base_link --child-frame-id laser
[NAV2] start fresh chassis bridge (need odom->base_link TF)
[NAV2] start foxglove: ros2 launch foxglove_bridge foxglove_bridge_launch.xml port:=8765
[NAV2] topic OK: /scan
[NAV2] topic OK: /scan_filtered
[NAV2] topic OK: /odom
[NAV2] topic OK: /tf
[37;1m2026-07-03 15:01:36.975 [31;1m[[37;1mRTPS_TRANSPORT_SHM[31;1m Error] [37mFailed init_port fastrtps_port7427: open_and_lock_file failed[34;1m -> Function [36mopen_port_internal[m
[37;1m2026-07-03 15:01:36.976 [31;1m[[37;1mRTPS_TRANSPORT_SHM[31;1m Error] [37mFailed init_port fastrtps_port7433: open_and_lock_file failed[34;1m -> Function [36mopen_port_internal[m
[NAV2_BOOT] TF odom -> base_link OK
[NAV2] TF OK: odom -> base_link
[NAV2] launch Nav2...
[NAV2] start nav2: ros2 launch nav2_bringup bringup_launch.py use_sim_time:=False autostart:=True map:=/root/rdk_x5_vln_robot/maps/joy_calibrated_corridor_map.yaml params_file:=/root/rdk_x5_vln_robot/configs/nav2_params.yaml use_composition:=False
[NAV2_BOOT] wait lifecycle active: /map_server (timeout=120s)
[NAV2_BOOT] /map_server active: [37;1m2026-07-03 15:01:59.410 [31;1m[[37;1mRTPS_TRANSPORT_SHM[31;1m Error] [37mFailed init_port fastrtps_port7433: open_and_lock_file failed[34;1m -> Function [36mopen_port_internal[m
[37;1m2026-07-03 15:01:59.413 [31;1m[[37;1mRTPS_TRANSPORT_SHM[31;1m Error] [37mFailed init_port fastrtps_port7441: open_and_lock_file failed[34;1m -> Function [36mopen_port_internal[m
active [3]
[NAV2_BOOT] wait lifecycle active: /amcl (timeout=120s)
[NAV2_BOOT] /amcl active: [37;1m2026-07-03 15:02:35.988 [31;1m[[37;1mRTPS_TRANSPORT_SHM[31;1m Error] [37mFailed init_port fastrtps_port7427: open_and_lock_file failed[34;1m -> Function [36mopen_port_internal[m
[37;1m2026-07-03 15:02:35.989 [31;1m[[37;1mRTPS_TRANSPORT_SHM[31;1m Error] [37mFailed init_port fastrtps_port7433: open_and_lock_file failed[34;1m -> Function [36mopen_port_internal[m
[37;1m2026-07-03 15:02:35.992 [31;1m[[37;1mRTPS_TRANSPORT_SHM[31;1m Error] [37mFailed init_port fastrtps_port7441: open_and_lock_file failed[34;1m -> Function [36mopen_port_internal[m
active [3]
[37;1m2026-07-03 15:02:39.868 [31;1m[[37;1mRTPS_TRANSPORT_SHM[31;1m Error] [37mFailed init_port fastrtps_port7433: open_and_lock_file failed[34;1m -> Function [36mopen_port_internal[m
[37;1m2026-07-03 15:02:39.871 [31;1m[[37;1mRTPS_TRANSPORT_SHM[31;1m Error] [37mFailed init_port fastrtps_port7441: open_and_lock_file failed[34;1m -> Function [36mopen_port_internal[m
[NAV2_BOOT] /map received: 163 x 168
[NAV2_BOOT] saved pose: x=-4.138 y=-2.140 yaw=-1.529 rad (-87.6 deg)
[NAV2_BOOT] saved orientation quaternion: qx=0.0000 qy=0.0000 qz=-0.6923 qw=0.7216
[NAV2_BOOT] If scan and map walls do not overlap in Foxglove, set initial pose via /initialpose
[NAV2_BOOT] bootstrap AMCL: x=-4.1378202734142295 y=-2.14040485204893 yaw=-1.5294582102452627 timeout=90s
[37;1m2026-07-03 15:02:48.826 [31;1m[[37;1mRTPS_TRANSPORT_SHM[31;1m Error] [37mFailed init_port fastrtps_port7433: open_and_lock_file failed[34;1m -> Function [36mopen_port_internal[m
[37;1m2026-07-03 15:02:48.829 [31;1m[[37;1mRTPS_TRANSPORT_SHM[31;1m Error] [37mFailed init_port fastrtps_port7441: open_and_lock_file failed[34;1m -> Function [36mopen_port_internal[m
[NAV2_BOOT] TF map -> base_link OK
[NAV2] TF OK: map -> base_link (AMCL localized)
[37;1m2026-07-03 15:03:03.901 [31;1m[[37;1mRTPS_TRANSPORT_SHM[31;1m Error] [37mFailed init_port fastrtps_port7433: open_and_lock_file failed[34;1m -> Function [36mopen_port_internal[m
[37;1m2026-07-03 15:03:03.907 [31;1m[[37;1mRTPS_TRANSPORT_SHM[31;1m Error] [37mFailed init_port fastrtps_port7441: open_and_lock_file failed[34;1m -> Function [36mopen_port_internal[m
[NAV2_BOOT] WARN: no /amcl_pose received in 25s
[NAV2] WARN: AMCL settle check incomplete; verify scan/map alignment in Foxglove
[NAV2_BOOT] wait lifecycle active: /controller_server (timeout=120s)
[NAV2_BOOT] /controller_server active: [37;1m2026-07-03 15:04:54.850 [31;1m[[37;1mRTPS_TRANSPORT_SHM[31;1m Error] [37mFailed init_port fastrtps_port7427: open_and_lock_file failed[34;1m -> Function [36mopen_port_internal[m
[37;1m2026-07-03 15:04:54.852 [31;1m[[37;1mRTPS_TRANSPORT_SHM[31;1m Error] [37mFailed init_port fastrtps_port7433: open_and_lock_file failed[34;1m -> Function [36mopen_port_internal[m
[37;1m2026-07-03 15:04:54.855 [31;1m[[37;1mRTPS_TRANSPORT_SHM[31;1m Error] [37mFailed init_port fastrtps_port7441: open_and_lock_file failed[34;1m -> Function [36mopen_port_internal[m
inactive [2]
[NAV2_BOOT] wait lifecycle active: /planner_server (timeout=120s)
[NAV2] cleanup...
[NAV2_BOOT] /planner_server active: active [3]
[NAV2_BOOT] wait lifecycle active: /bt_navigator (timeout=120s)
[NAV2_BOOT] /bt_navigator active: [37;1m2026-07-03 15:06:35.581 [31;1m[[37;1mRTPS_TRANSPORT_SHM[31;1m Error] [37mFailed init_port fastrtps_port7411: open_and_lock_file failed[34;1m -> Function [36mopen_port_internal[m
active [3]
[NAV2] Nav2 navigation stack active
[NAV2] READY file: /root/rdk_x5_vln_robot/logs/nav2_20260703_150106/ready
[NAV2] start pose_memory: python3 /root/rdk_x5_vln_robot/scripts/slam/pose_memory_node.py --state-file /root/rdk_x5_vln_robot/state/last_pose_map.json --map-frame map --base-frame base_link --fallback-base-frame base_footprint --save-period 1.0 --initial-delay 5.0 --initial-interval 0.5
[NAV2] cleanup...
[NAV2] cleanup...
