[INFO] [launch]: All log files can be found below /root/.ros/log/2026-07-05-18-35-46-575614-ubuntu-57284
[INFO] [launch]: Default logging verbosity is set to INFO
[INFO] [map_server-1]: process started with pid [57304]
[INFO] [amcl-2]: process started with pid [57306]
[INFO] [lifecycle_manager-3]: process started with pid [57308]
[INFO] [controller_server-4]: process started with pid [57310]
[INFO] [smoother_server-5]: process started with pid [57313]
[INFO] [planner_server-6]: process started with pid [57315]
[INFO] [behavior_server-7]: process started with pid [57318]
[INFO] [bt_navigator-8]: process started with pid [57321]
[INFO] [waypoint_follower-9]: process started with pid [57323]
[INFO] [velocity_smoother-10]: process started with pid [57325]
[INFO] [lifecycle_manager-11]: process started with pid [57328]
[lifecycle_manager-11] [INFO] [1783247748.899609575] [lifecycle_manager_navigation]: Creating
[lifecycle_manager-11] [INFO] [1783247748.908266112] [lifecycle_manager_navigation]: [34m[1mCreating and initializing lifecycle service clients[0m[0m
[lifecycle_manager-3] [INFO] [1783247749.414400230] [lifecycle_manager_localization]: Creating
[lifecycle_manager-3] [INFO] [1783247749.494415308] [lifecycle_manager_localization]: [34m[1mCreating and initializing lifecycle service clients[0m[0m
[controller_server-4] [INFO] [1783247749.563357309] [controller_server]: 
[controller_server-4] 	controller_server lifecycle node launched. 
[controller_server-4] 	Waiting on external lifecycle transitions to activate
[controller_server-4] 	See https://design.ros2.org/articles/node_lifecycle.html for more information.
[controller_server-4] [INFO] [1783247749.649714341] [controller_server]: Creating controller server
[behavior_server-7] [INFO] [1783247749.665184790] [behavior_server]: 
[behavior_server-7] 	behavior_server lifecycle node launched. 
[behavior_server-7] 	Waiting on external lifecycle transitions to activate
[behavior_server-7] 	See https://design.ros2.org/articles/node_lifecycle.html for more information.
[waypoint_follower-9] [INFO] [1783247749.686836486] [waypoint_follower]: 
[waypoint_follower-9] 	waypoint_follower lifecycle node launched. 
[waypoint_follower-9] 	Waiting on external lifecycle transitions to activate
[waypoint_follower-9] 	See https://design.ros2.org/articles/node_lifecycle.html for more information.
[waypoint_follower-9] [INFO] [1783247749.692467691] [waypoint_follower]: Creating
[map_server-1] [INFO] [1783247749.743117077] [map_server]: 
[map_server-1] 	map_server lifecycle node launched. 
[map_server-1] 	Waiting on external lifecycle transitions to activate
[map_server-1] 	See https://design.ros2.org/articles/node_lifecycle.html for more information.
[map_server-1] [INFO] [1783247749.754256946] [map_server]: Creating
[velocity_smoother-10] [INFO] [1783247749.826651486] [velocity_smoother]: 
[velocity_smoother-10] 	velocity_smoother lifecycle node launched. 
[velocity_smoother-10] 	Waiting on external lifecycle transitions to activate
[velocity_smoother-10] 	See https://design.ros2.org/articles/node_lifecycle.html for more information.
[planner_server-6] [INFO] [1783247749.896466112] [planner_server]: 
[planner_server-6] 	planner_server lifecycle node launched. 
[planner_server-6] 	Waiting on external lifecycle transitions to activate
[planner_server-6] 	See https://design.ros2.org/articles/node_lifecycle.html for more information.
[amcl-2] [INFO] [1783247749.923555971] [amcl]: 
[smoother_server-5] [INFO] [1783247749.924337845] [smoother_server]: 
[smoother_server-5] 	smoother_server lifecycle node launched. 
[smoother_server-5] 	Waiting on external lifecycle transitions to activate
[smoother_server-5] 	See https://design.ros2.org/articles/node_lifecycle.html for more information.
[bt_navigator-8] [INFO] [1783247749.925770803] [bt_navigator]: 
[bt_navigator-8] 	bt_navigator lifecycle node launched. 
[bt_navigator-8] 	Waiting on external lifecycle transitions to activate
[bt_navigator-8] 	See https://design.ros2.org/articles/node_lifecycle.html for more information.
[planner_server-6] [INFO] [1783247749.933836507] [planner_server]: Creating
[amcl-2] 	amcl lifecycle node launched. 
[amcl-2] 	Waiting on external lifecycle transitions to activate
[amcl-2] 	See https://design.ros2.org/articles/node_lifecycle.html for more information.
[bt_navigator-8] [INFO] [1783247749.928831343] [bt_navigator]: Creating
[amcl-2] [INFO] [1783247749.949833789] [amcl]: Creating
[smoother_server-5] [INFO] [1783247749.960262449] [smoother_server]: Creating smoother server
[controller_server-4] [INFO] [1783247750.326708649] [local_costmap.local_costmap]: 
[controller_server-4] 	local_costmap lifecycle node launched. 
[controller_server-4] 	Waiting on external lifecycle transitions to activate
[controller_server-4] 	See https://design.ros2.org/articles/node_lifecycle.html for more information.
[controller_server-4] [INFO] [1783247750.375590620] [local_costmap.local_costmap]: Creating Costmap
[planner_server-6] [INFO] [1783247750.715129670] [global_costmap.global_costmap]: 
[planner_server-6] 	global_costmap lifecycle node launched. 
[planner_server-6] 	Waiting on external lifecycle transitions to activate
[planner_server-6] 	See https://design.ros2.org/articles/node_lifecycle.html for more information.
[planner_server-6] [INFO] [1783247750.718892709] [global_costmap.global_costmap]: Creating Costmap
[lifecycle_manager-3] [INFO] [1783247750.720388292] [lifecycle_manager_localization]: [34m[1mStarting managed nodes bringup...[0m[0m
[lifecycle_manager-3] [INFO] [1783247750.723201165] [lifecycle_manager_localization]: [34m[1mConfiguring map_server[0m[0m
[map_server-1] [INFO] [1783247750.737927656] [map_server]: Configuring
[map_server-1] [INFO] [1783247750.738224406] [map_io]: Loading yaml file: /root/rdk_x5_vln_robot/maps/joy_calibrated_corridor_map.yaml
[map_server-1] [INFO] [1783247750.739640530] [map_io]: resolution: 0.05
[map_server-1] [INFO] [1783247750.739731447] [map_io]: origin[0]: -3.31
[map_server-1] [INFO] [1783247750.739764322] [map_io]: origin[1]: -2.91
[map_server-1] [INFO] [1783247750.739792947] [map_io]: origin[2]: 0
[map_server-1] [INFO] [1783247750.739822155] [map_io]: free_thresh: 0.25
[map_server-1] [INFO] [1783247750.739850697] [map_io]: occupied_thresh: 0.65
[map_server-1] [INFO] [1783247750.739889905] [map_io]: mode: trinary
[map_server-1] [INFO] [1783247750.739919488] [map_io]: negate: 0
[map_server-1] [INFO] [1783247750.740693905] [map_io]: Loading image_file: /root/rdk_x5_vln_robot/maps/joy_calibrated_corridor_map.pgm
[map_server-1] [INFO] [1783247750.803477659] [map_io]: Read map /root/rdk_x5_vln_robot/maps/joy_calibrated_corridor_map.pgm: 188 X 179 map @ 0.05 m/cell
[lifecycle_manager-11] [INFO] [1783247750.880844822] [lifecycle_manager_navigation]: [34m[1mStarting managed nodes bringup...[0m[0m
[lifecycle_manager-11] [INFO] [1783247750.881075905] [lifecycle_manager_navigation]: [34m[1mConfiguring controller_server[0m[0m
[controller_server-4] [INFO] [1783247750.886177110] [controller_server]: Configuring controller interface
[controller_server-4] [INFO] [1783247750.906601723] [controller_server]: getting goal checker plugins..
[controller_server-4] [INFO] [1783247750.917809508] [controller_server]: Controller frequency set to 10.0000Hz
[controller_server-4] [INFO] [1783247750.918141675] [local_costmap.local_costmap]: Configuring
[lifecycle_manager-3] [INFO] [1783247750.949736864] [lifecycle_manager_localization]: [34m[1mConfiguring amcl[0m[0m
[amcl-2] [INFO] [1783247750.955556569] [amcl]: Configuring
[amcl-2] [INFO] [1783247750.956753235] [amcl]: initTransforms
[amcl-2] [INFO] [1783247751.171839900] [amcl]: initPubSub
[controller_server-4] [INFO] [1783247751.215486666] [local_costmap.local_costmap]: Using plugin "static_layer"
[amcl-2] [INFO] [1783247751.220912662] [amcl]: Subscribed to map topic.
[lifecycle_manager-3] [INFO] [1783247751.261425888] [lifecycle_manager_localization]: [34m[1mActivating map_server[0m[0m
[map_server-1] [INFO] [1783247751.262707054] [map_server]: Activating
[map_server-1] [INFO] [1783247751.264460428] [map_server]: Creating bond (map_server) to lifecycle manager.
[amcl-2] [INFO] [1783247751.265351261] [amcl]: Received a 188 X 179 map @ 0.050 m/pix
[controller_server-4] [INFO] [1783247751.279395628] [local_costmap.local_costmap]: Subscribing to the map topic (/map) with transient local durability
[controller_server-4] [INFO] [1783247751.293426994] [local_costmap.local_costmap]: Initialized plugin "static_layer"
[controller_server-4] [INFO] [1783247751.294181244] [local_costmap.local_costmap]: Using plugin "voxel_layer"
[controller_server-4] [INFO] [1783247751.315367773] [local_costmap.local_costmap]: Subscribed to Topics: scan
[controller_server-4] [INFO] [1783247751.391089687] [local_costmap.local_costmap]: Initialized plugin "voxel_layer"
[controller_server-4] [INFO] [1783247751.391235936] [local_costmap.local_costmap]: Using plugin "inflation_layer"
[controller_server-4] [INFO] [1783247751.400314556] [local_costmap.local_costmap]: Initialized plugin "inflation_layer"
[lifecycle_manager-3] [INFO] [1783247751.401644889] [lifecycle_manager_localization]: Server map_server connected with bond.
[lifecycle_manager-3] [INFO] [1783247751.401803847] [lifecycle_manager_localization]: [34m[1mActivating amcl[0m[0m
[amcl-2] [INFO] [1783247751.402929555] [amcl]: Activating
[amcl-2] [INFO] [1783247751.403110263] [amcl]: Creating bond (amcl) to lifecycle manager.
[amcl-2] [INFO] [1783247751.484880381] [amcl]: createLaserObject
[controller_server-4] [INFO] [1783247751.503312828] [controller_server]: Created progress_checker : progress_checker of type nav2_controller::SimpleProgressChecker
[controller_server-4] [INFO] [1783247751.503517162] [local_costmap.local_costmap]: StaticLayer: Resizing static layer to 188 X 179 at 0.050000 m/pix
[controller_server-4] [INFO] [1783247751.516620154] [controller_server]: Created goal checker : general_goal_checker of type nav2_controller::SimpleGoalChecker
[controller_server-4] [INFO] [1783247751.523774233] [controller_server]: Controller Server has general_goal_checker  goal checkers available.
[lifecycle_manager-3] [INFO] [1783247751.527678981] [lifecycle_manager_localization]: Server amcl connected with bond.
[lifecycle_manager-3] [INFO] [1783247751.527835689] [lifecycle_manager_localization]: [34m[1mManaged nodes are active[0m[0m
[lifecycle_manager-3] [INFO] [1783247751.527891522] [lifecycle_manager_localization]: [34m[1mCreating bond timer...[0m[0m
[controller_server-4] [INFO] [1783247751.535996559] [controller_server]: Created controller : FollowPath of type nav2_regulated_pure_pursuit_controller::RegulatedPurePursuitController
[controller_server-4] [INFO] [1783247751.613961888] [controller_server]: Controller Server has FollowPath  controllers available.
[lifecycle_manager-11] [INFO] [1783247751.701698961] [lifecycle_manager_navigation]: [34m[1mConfiguring smoother_server[0m[0m
[smoother_server-5] [INFO] [1783247751.702965585] [smoother_server]: Configuring smoother server
[smoother_server-5] [INFO] [1783247751.804525692] [smoother_server]: Created smoother : simple_smoother of type nav2_smoother::SimpleSmoother
[smoother_server-5] [INFO] [1783247751.816102685] [smoother_server]: Smoother Server has simple_smoother  smoothers available.
[lifecycle_manager-11] [INFO] [1783247751.897522970] [lifecycle_manager_navigation]: [34m[1mConfiguring planner_server[0m[0m
[amcl-2] [WARN] [1783247752.977426997] [amcl]: AMCL cannot publish a pose or update the transform. Please set the initial pose...
[amcl-2] [INFO] [1783247753.263098660] [amcl]: Message Filter dropping message: frame 'laser' at time 1783247751.073 for reason 'the timestamp on the message is earlier than all the data in the transform cache'
[amcl-2] [WARN] [1783247755.071216544] [amcl]: AMCL cannot publish a pose or update the transform. Please set the initial pose...
[amcl-2] [WARN] [1783247757.169729377] [amcl]: AMCL cannot publish a pose or update the transform. Please set the initial pose...
[amcl-2] [WARN] [1783247759.174560595] [amcl]: AMCL cannot publish a pose or update the transform. Please set the initial pose...
[amcl-2] [WARN] [1783247761.181471809] [amcl]: AMCL cannot publish a pose or update the transform. Please set the initial pose...
[amcl-2] [WARN] [1783247763.269550595] [amcl]: AMCL cannot publish a pose or update the transform. Please set the initial pose...
[amcl-2] [WARN] [1783247765.165255785] [amcl.rclcpp]: failed to send response to /amcl/get_state (timeout): client will not receive response, at ./src/rmw_response.cpp:154, at ./src/rcl/service.c:314
[amcl-2] [WARN] [1783247765.360021959] [amcl]: AMCL cannot publish a pose or update the transform. Please set the initial pose...
[amcl-2] [WARN] [1783247767.454719234] [amcl]: AMCL cannot publish a pose or update the transform. Please set the initial pose...
[amcl-2] [WARN] [1783247769.550639463] [amcl]: AMCL cannot publish a pose or update the transform. Please set the initial pose...
[amcl-2] [WARN] [1783247771.650039727] [amcl]: AMCL cannot publish a pose or update the transform. Please set the initial pose...
[amcl-2] [WARN] [1783247773.745121157] [amcl]: AMCL cannot publish a pose or update the transform. Please set the initial pose...
[amcl-2] [WARN] [1783247775.746395350] [amcl]: AMCL cannot publish a pose or update the transform. Please set the initial pose...
[amcl-2] [WARN] [1783247777.839459274] [amcl]: AMCL cannot publish a pose or update the transform. Please set the initial pose...
[amcl-2] [WARN] [1783247779.856628866] [amcl]: AMCL cannot publish a pose or update the transform. Please set the initial pose...
[amcl-2] [WARN] [1783247782.574445730] [amcl]: AMCL cannot publish a pose or update the transform. Please set the initial pose...
[amcl-2] [INFO] [1783247782.904064110] [amcl]: initialPoseReceived
[amcl-2] [WARN] [1783247782.904501401] [amcl]: Failed to transform initial pose in time (Lookup would require extrapolation into the future.  Requested time 1783247782.904238 but the latest data is at time 1783247782.879632, when looking up transform from frame [base_link] to frame [odom])
[amcl-2] [INFO] [1783247782.904638901] [amcl]: Setting pose (1783247782.904634): -1.459 1.767 0.530
[amcl-2] [INFO] [1783247786.064868234] [amcl]: initialPoseReceived
[amcl-2] [WARN] [1783247786.065218567] [amcl]: Failed to transform initial pose in time (Lookup would require extrapolation into the future.  Requested time 1783247786.065049 but the latest data is at time 1783247786.046266, when looking up transform from frame [base_link] to frame [odom])
[amcl-2] [INFO] [1783247786.065322567] [amcl]: Setting pose (1783247786.065319): -1.459 1.767 0.530
[amcl-2] [INFO] [1783247789.250601709] [amcl]: initialPoseReceived
[amcl-2] [WARN] [1783247789.251100250] [amcl]: Failed to transform initial pose in time (Lookup would require extrapolation into the future.  Requested time 1783247789.250839 but the latest data is at time 1783247789.213032, when looking up transform from frame [base_link] to frame [odom])
[amcl-2] [INFO] [1783247789.251779708] [amcl]: Setting pose (1783247789.251773): -1.459 1.767 0.530
[amcl-2] [INFO] [1783247861.222164430] [amcl]: Message Filter dropping message: frame 'laser' at time 1783247858.925 for reason 'the timestamp on the message is earlier than all the data in the transform cache'
[amcl-2] [INFO] [1783247863.731019017] [amcl]: Message Filter dropping message: frame 'laser' at time 1783247862.624 for reason 'discarding message because the queue is full'
[amcl-2] [INFO] [1783247866.325975625] [amcl]: Message Filter dropping message: frame 'laser' at time 1783247865.219 for reason 'discarding message because the queue is full'
[amcl-2] [INFO] [1783247868.828819500] [amcl]: Message Filter dropping message: frame 'laser' at time 1783247867.716 for reason 'discarding message because the queue is full'
[amcl-2] [INFO] [1783247871.419977017] [amcl]: Message Filter dropping message: frame 'laser' at time 1783247870.312 for reason 'discarding message because the queue is full'
[amcl-2] [INFO] [1783247874.022409440] [amcl]: Message Filter dropping message: frame 'laser' at time 1783247872.909 for reason 'discarding message because the queue is full'
[amcl-2] [INFO] [1783247876.612770782] [amcl]: Message Filter dropping message: frame 'laser' at time 1783247875.505 for reason 'discarding message because the queue is full'
[amcl-2] [INFO] [1783247879.212447405] [amcl]: Message Filter dropping message: frame 'laser' at time 1783247878.102 for reason 'discarding message because the queue is full'
[amcl-2] [INFO] [1783247881.806746819] [amcl]: Message Filter dropping message: frame 'laser' at time 1783247880.699 for reason 'discarding message because the queue is full'
[amcl-2] [INFO] [1783247884.402585644] [amcl]: Message Filter dropping message: frame 'laser' at time 1783247883.295 for reason 'discarding message because the queue is full'
[amcl-2] [INFO] [1783247886.998752339] [amcl]: Message Filter dropping message: frame 'laser' at time 1783247885.892 for reason 'discarding message because the queue is full'
[amcl-2] [INFO] [1783247889.499954346] [amcl]: Message Filter dropping message: frame 'laser' at time 1783247888.388 for reason 'discarding message because the queue is full'
[amcl-2] [INFO] [1783247892.093577784] [amcl]: Message Filter dropping message: frame 'laser' at time 1783247890.985 for reason 'discarding message because the queue is full'
[amcl-2] [INFO] [1783247894.690386090] [amcl]: Message Filter dropping message: frame 'laser' at time 1783247893.582 for reason 'discarding message because the queue is full'
[amcl-2] [INFO] [1783247897.290275265] [amcl]: Message Filter dropping message: frame 'laser' at time 1783247896.178 for reason 'discarding message because the queue is full'
[amcl-2] [INFO] [1783247899.881000817] [amcl]: Message Filter dropping message: frame 'laser' at time 1783247898.774 for reason 'discarding message because the queue is full'
[amcl-2] [INFO] [1783247902.480173650] [amcl]: Message Filter dropping message: frame 'laser' at time 1783247901.371 for reason 'discarding message because the queue is full'
[amcl-2] [INFO] [1783247905.075911522] [amcl]: Message Filter dropping message: frame 'laser' at time 1783247903.967 for reason 'discarding message because the queue is full'
[amcl-2] [INFO] [1783247907.674599972] [amcl]: Message Filter dropping message: frame 'laser' at time 1783247906.565 for reason 'discarding message because the queue is full'
[amcl-2] [INFO] [1783247910.272538251] [amcl]: Message Filter dropping message: frame 'laser' at time 1783247909.162 for reason 'discarding message because the queue is full'
[amcl-2] [INFO] [1783247912.864511113] [amcl]: Message Filter dropping message: frame 'laser' at time 1783247911.759 for reason 'discarding message because the queue is full'
[amcl-2] [INFO] [1783247915.365113412] [amcl]: Message Filter dropping message: frame 'laser' at time 1783247914.254 for reason 'discarding message because the queue is full'
[amcl-2] [INFO] [1783247917.959156931] [amcl]: Message Filter dropping message: frame 'laser' at time 1783247916.852 for reason 'discarding message because the queue is full'
[amcl-2] [INFO] [1783247920.558685484] [amcl]: Message Filter dropping message: frame 'laser' at time 1783247919.449 for reason 'discarding message because the queue is full'
[amcl-2] [INFO] [1783247923.153024411] [amcl]: Message Filter dropping message: frame 'laser' at time 1783247922.046 for reason 'discarding message because the queue is full'
[amcl-2] [INFO] [1783247925.753269454] [amcl]: Message Filter dropping message: frame 'laser' at time 1783247924.642 for reason 'discarding message because the queue is full'
[amcl-2] [INFO] [1783247928.347094707] [amcl]: Message Filter dropping message: frame 'laser' at time 1783247927.238 for reason 'discarding message because the queue is full'
[amcl-2] [INFO] [1783247930.945371577] [amcl]: Message Filter dropping message: frame 'laser' at time 1783247929.835 for reason 'discarding message because the queue is full'
[amcl-2] [INFO] [1783247933.543502693] [amcl]: Message Filter dropping message: frame 'laser' at time 1783247932.432 for reason 'discarding message because the queue is full'
[amcl-2] [INFO] [1783247936.137819057] [amcl]: Message Filter dropping message: frame 'laser' at time 1783247935.030 for reason 'discarding message because the queue is full'
[amcl-2] [INFO] [1783247938.736260123] [amcl]: Message Filter dropping message: frame 'laser' at time 1783247937.627 for reason 'discarding message because the queue is full'
[amcl-2] [INFO] [1783247941.330117355] [amcl]: Message Filter dropping message: frame 'laser' at time 1783247940.223 for reason 'discarding message because the queue is full'
[amcl-2] [INFO] [1783247943.830214568] [amcl]: Message Filter dropping message: frame 'laser' at time 1783247942.720 for reason 'discarding message because the queue is full'
[amcl-2] [INFO] [1783247946.424097125] [amcl]: Message Filter dropping message: frame 'laser' at time 1783247945.316 for reason 'discarding message because the queue is full'
[amcl-2] [INFO] [1783247949.024656507] [amcl]: Message Filter dropping message: frame 'laser' at time 1783247947.913 for reason 'discarding message because the queue is full'
[amcl-2] [INFO] [1783247951.618263556] [amcl]: Message Filter dropping message: frame 'laser' at time 1783247950.510 for reason 'discarding message because the queue is full'
[amcl-2] [INFO] [1783247954.214099100] [amcl]: Message Filter dropping message: frame 'laser' at time 1783247953.107 for reason 'discarding message because the queue is full'
[amcl-2] [INFO] [1783247956.812887804] [amcl]: Message Filter dropping message: frame 'laser' at time 1783247955.703 for reason 'discarding message because the queue is full'
[amcl-2] [INFO] [1783247959.410792463] [amcl]: Message Filter dropping message: frame 'laser' at time 1783247958.300 for reason 'discarding message because the queue is full'
[amcl-2] [INFO] [1783247962.005112413] [amcl]: Message Filter dropping message: frame 'laser' at time 1783247960.897 for reason 'discarding message because the queue is full'
[amcl-2] [INFO] [1783247964.602945856] [amcl]: Message Filter dropping message: frame 'laser' at time 1783247963.494 for reason 'discarding message because the queue is full'
[amcl-2] [INFO] [1783247967.199629712] [amcl]: Message Filter dropping message: frame 'laser' at time 1783247966.091 for reason 'discarding message because the queue is full'
[amcl-2] [INFO] [1783247969.798411272] [amcl]: Message Filter dropping message: frame 'laser' at time 1783247968.686 for reason 'discarding message because the queue is full'
[amcl-2] [INFO] [1783247972.390522749] [amcl]: Message Filter dropping message: frame 'laser' at time 1783247971.284 for reason 'discarding message because the queue is full'
[amcl-2] [INFO] [1783247974.893281540] [amcl]: Message Filter dropping message: frame 'laser' at time 1783247973.781 for reason 'discarding message because the queue is full'
[amcl-2] [INFO] [1783247977.486327384] [amcl]: Message Filter dropping message: frame 'laser' at time 1783247976.378 for reason 'discarding message because the queue is full'
[amcl-2] [INFO] [1783247979.988058877] [amcl]: Message Filter dropping message: frame 'laser' at time 1783247978.875 for reason 'discarding message because the queue is full'
[amcl-2] [INFO] [1783247982.578703382] [amcl]: Message Filter dropping message: frame 'laser' at time 1783247981.472 for reason 'discarding message because the queue is full'
[amcl-2] [INFO] [1783247985.176974753] [amcl]: Message Filter dropping message: frame 'laser' at time 1783247984.069 for reason 'discarding message because the queue is full'
[amcl-2] [INFO] [1783247987.772386247] [amcl]: Message Filter dropping message: frame 'laser' at time 1783247986.665 for reason 'discarding message because the queue is full'
[amcl-2] [INFO] [1783247990.370623444] [amcl]: Message Filter dropping message: frame 'laser' at time 1783247989.261 for reason 'discarding message because the queue is full'
[amcl-2] [INFO] [1783247992.966167222] [amcl]: Message Filter dropping message: frame 'laser' at time 1783247991.858 for reason 'discarding message because the queue is full'
[amcl-2] [INFO] [1783247995.563670120] [amcl]: Message Filter dropping message: frame 'laser' at time 1783247994.457 for reason 'discarding message because the queue is full'
[amcl-2] [INFO] [1783247998.160770057] [amcl]: Message Filter dropping message: frame 'laser' at time 1783247997.051 for reason 'discarding message because the queue is full'
[amcl-2] [INFO] [1783248000.758983614] [amcl]: Message Filter dropping message: frame 'laser' at time 1783247999.648 for reason 'discarding message because the queue is full'
[amcl-2] [INFO] [1783248003.352055255] [amcl]: Message Filter dropping message: frame 'laser' at time 1783248002.244 for reason 'discarding message because the queue is full'
[amcl-2] [INFO] [1783248005.952929011] [amcl]: Message Filter dropping message: frame 'laser' at time 1783248004.841 for reason 'discarding message because the queue is full'
[amcl-2] [INFO] [1783248008.553002847] [amcl]: Message Filter dropping message: frame 'laser' at time 1783248007.440 for reason 'discarding message because the queue is full'
[amcl-2] [INFO] [1783248011.142701730] [amcl]: Message Filter dropping message: frame 'laser' at time 1783248010.036 for reason 'discarding message because the queue is full'
[amcl-2] [INFO] [1783248013.742129435] [amcl]: Message Filter dropping message: frame 'laser' at time 1783248012.633 for reason 'discarding message because the queue is full'
[amcl-2] [INFO] [1783248016.338826180] [amcl]: Message Filter dropping message: frame 'laser' at time 1783248015.228 for reason 'discarding message because the queue is full'
[amcl-2] [INFO] [1783248018.937633003] [amcl]: Message Filter dropping message: frame 'laser' at time 1783248017.827 for reason 'discarding message because the queue is full'
[amcl-2] [INFO] [1783248021.439006190] [amcl]: Message Filter dropping message: frame 'laser' at time 1783248020.329 for reason 'discarding message because the queue is full'
[amcl-2] [INFO] [1783248023.945137537] [amcl]: Message Filter dropping message: frame 'laser' at time 1783248022.827 for reason 'discarding message because the queue is full'
[amcl-2] [INFO] [1783248026.533809357] [amcl]: Message Filter dropping message: frame 'laser' at time 1783248025.423 for reason 'discarding message because the queue is full'
