[INFO] [1783247727.417665995] [simple_scan_filter]: filter /scan -> /scan_filtered, keep=[0.22, 4.00], isolated_window=2, isolated_delta=0.25, min_support_neighbors=1
[INFO] [1783247741.393432018] [simple_scan_filter]: scan stats: n=404, zeros=69, nan=0, inf=0, finite_raw=335, finite_out=321, removed_isolated=1
[INFO] [1783247746.387112096] [simple_scan_filter]: scan stats: n=404, zeros=64, nan=0, inf=0, finite_raw=340, finite_out=322, removed_isolated=2
[INFO] [1783247751.389465771] [simple_scan_filter]: scan stats: n=404, zeros=73, nan=0, inf=0, finite_raw=331, finite_out=318, removed_isolated=1
[INFO] [1783247756.378293307] [simple_scan_filter]: scan stats: n=404, zeros=67, nan=0, inf=0, finite_raw=337, finite_out=321, removed_isolated=1
[INFO] [1783247761.390069767] [simple_scan_filter]: scan stats: n=404, zeros=73, nan=0, inf=0, finite_raw=331, finite_out=317, removed_isolated=2
[INFO] [1783247766.359565897] [simple_scan_filter]: scan stats: n=404, zeros=64, nan=0, inf=0, finite_raw=340, finite_out=321, removed_isolated=1
[INFO] [1783247771.356726364] [simple_scan_filter]: scan stats: n=404, zeros=61, nan=0, inf=0, finite_raw=343, finite_out=321, removed_isolated=3
[INFO] [1783247776.347484690] [simple_scan_filter]: scan stats: n=404, zeros=70, nan=0, inf=0, finite_raw=334, finite_out=319, removed_isolated=1
[INFO] [1783247783.239556944] [simple_scan_filter]: scan stats: n=404, zeros=62, nan=0, inf=0, finite_raw=342, finite_out=318, removed_isolated=4
[INFO] [1783247788.232336552] [simple_scan_filter]: scan stats: n=404, zeros=69, nan=0, inf=0, finite_raw=335, finite_out=319, removed_isolated=1
[INFO] [1783247793.228900554] [simple_scan_filter]: scan stats: n=404, zeros=68, nan=0, inf=0, finite_raw=336, finite_out=321, removed_isolated=0
[INFO] [1783247798.220102665] [simple_scan_filter]: scan stats: n=404, zeros=70, nan=0, inf=0, finite_raw=334, finite_out=321, removed_isolated=1
[INFO] [1783247803.212964588] [simple_scan_filter]: scan stats: n=404, zeros=72, nan=0, inf=0, finite_raw=332, finite_out=319, removed_isolated=1
[INFO] [1783247808.206234616] [simple_scan_filter]: scan stats: n=404, zeros=64, nan=0, inf=0, finite_raw=340, finite_out=321, removed_isolated=3
[INFO] [1783247813.200531707] [simple_scan_filter]: scan stats: n=404, zeros=69, nan=0, inf=0, finite_raw=335, finite_out=318, removed_isolated=2
[INFO] [1783247818.193858779] [simple_scan_filter]: scan stats: n=404, zeros=66, nan=0, inf=0, finite_raw=338, finite_out=320, removed_isolated=2
[INFO] [1783247823.187828790] [simple_scan_filter]: scan stats: n=404, zeros=70, nan=0, inf=0, finite_raw=334, finite_out=317, removed_isolated=2
[INFO] [1783247828.182157574] [simple_scan_filter]: scan stats: n=404, zeros=70, nan=0, inf=0, finite_raw=334, finite_out=321, removed_isolated=1
[INFO] [1783247833.174291090] [simple_scan_filter]: scan stats: n=404, zeros=73, nan=0, inf=0, finite_raw=331, finite_out=317, removed_isolated=2
[INFO] [1783247845.261257166] [simple_scan_filter]: scan stats: n=404, zeros=70, nan=0, inf=0, finite_raw=334, finite_out=317, removed_isolated=3
[INFO] [1783247850.251458162] [simple_scan_filter]: scan stats: n=404, zeros=75, nan=0, inf=0, finite_raw=329, finite_out=317, removed_isolated=1
[INFO] [1783247857.048272672] [simple_scan_filter]: scan stats: n=404, zeros=63, nan=0, inf=0, finite_raw=341, finite_out=320, removed_isolated=1
[INFO] [1783247865.733486113] [simple_scan_filter]: scan stats: n=404, zeros=65, nan=0, inf=0, finite_raw=339, finite_out=320, removed_isolated=2
[INFO] [1783247870.725492368] [simple_scan_filter]: scan stats: n=404, zeros=71, nan=0, inf=0, finite_raw=333, finite_out=316, removed_isolated=2
[INFO] [1783247875.718825856] [simple_scan_filter]: scan stats: n=404, zeros=67, nan=0, inf=0, finite_raw=337, finite_out=317, removed_isolated=3
[INFO] [1783247880.711361869] [simple_scan_filter]: scan stats: n=404, zeros=72, nan=0, inf=0, finite_raw=332, finite_out=319, removed_isolated=2
[INFO] [1783247885.704193740] [simple_scan_filter]: scan stats: n=404, zeros=72, nan=0, inf=0, finite_raw=332, finite_out=317, removed_isolated=2
[INFO] [1783247890.698307551] [simple_scan_filter]: scan stats: n=404, zeros=70, nan=0, inf=0, finite_raw=334, finite_out=320, removed_isolated=0
[INFO] [1783247895.693770553] [simple_scan_filter]: scan stats: n=404, zeros=75, nan=0, inf=0, finite_raw=329, finite_out=315, removed_isolated=2
[INFO] [1783247900.685103208] [simple_scan_filter]: scan stats: n=404, zeros=72, nan=0, inf=0, finite_raw=332, finite_out=319, removed_isolated=0
[INFO] [1783247905.687391548] [simple_scan_filter]: scan stats: n=404, zeros=66, nan=0, inf=0, finite_raw=338, finite_out=319, removed_isolated=2
[INFO] [1783247910.673730757] [simple_scan_filter]: scan stats: n=404, zeros=65, nan=0, inf=0, finite_raw=339, finite_out=318, removed_isolated=4
[INFO] [1783247915.667861487] [simple_scan_filter]: scan stats: n=404, zeros=62, nan=0, inf=0, finite_raw=342, finite_out=323, removed_isolated=1
[INFO] [1783247920.659665036] [simple_scan_filter]: scan stats: n=404, zeros=61, nan=0, inf=0, finite_raw=343, finite_out=321, removed_isolated=3
[INFO] [1783247925.652810443] [simple_scan_filter]: scan stats: n=404, zeros=76, nan=0, inf=0, finite_raw=328, finite_out=314, removed_isolated=2
[INFO] [1783247930.647081543] [simple_scan_filter]: scan stats: n=404, zeros=66, nan=0, inf=0, finite_raw=338, finite_out=318, removed_isolated=2
[INFO] [1783247935.647370872] [simple_scan_filter]: scan stats: n=404, zeros=74, nan=0, inf=0, finite_raw=330, finite_out=316, removed_isolated=2
[INFO] [1783247940.636414153] [simple_scan_filter]: scan stats: n=404, zeros=69, nan=0, inf=0, finite_raw=335, finite_out=320, removed_isolated=1
[INFO] [1783247945.628940917] [simple_scan_filter]: scan stats: n=404, zeros=73, nan=0, inf=0, finite_raw=331, finite_out=317, removed_isolated=1
[INFO] [1783247950.621377415] [simple_scan_filter]: scan stats: n=404, zeros=72, nan=0, inf=0, finite_raw=332, finite_out=319, removed_isolated=0
[INFO] [1783247955.617648521] [simple_scan_filter]: scan stats: n=404, zeros=72, nan=0, inf=0, finite_raw=332, finite_out=319, removed_isolated=0
[INFO] [1783247960.609096824] [simple_scan_filter]: scan stats: n=404, zeros=75, nan=0, inf=0, finite_raw=329, finite_out=316, removed_isolated=1
[INFO] [1783247965.605473359] [simple_scan_filter]: scan stats: n=404, zeros=68, nan=0, inf=0, finite_raw=336, finite_out=319, removed_isolated=3
[INFO] [1783247970.597922633] [simple_scan_filter]: scan stats: n=404, zeros=72, nan=0, inf=0, finite_raw=332, finite_out=319, removed_isolated=1
[INFO] [1783247975.593118765] [simple_scan_filter]: scan stats: n=404, zeros=62, nan=0, inf=0, finite_raw=342, finite_out=322, removed_isolated=1
[INFO] [1783247980.586322926] [simple_scan_filter]: scan stats: n=404, zeros=63, nan=0, inf=0, finite_raw=341, finite_out=320, removed_isolated=3
[INFO] [1783247985.588778775] [simple_scan_filter]: scan stats: n=404, zeros=70, nan=0, inf=0, finite_raw=334, finite_out=318, removed_isolated=2
[INFO] [1783247990.573119082] [simple_scan_filter]: scan stats: n=404, zeros=79, nan=0, inf=0, finite_raw=325, finite_out=312, removed_isolated=1
[INFO] [1783247995.567212243] [simple_scan_filter]: scan stats: n=404, zeros=63, nan=0, inf=0, finite_raw=341, finite_out=322, removed_isolated=2
[INFO] [1783248000.559573933] [simple_scan_filter]: scan stats: n=404, zeros=72, nan=0, inf=0, finite_raw=332, finite_out=318, removed_isolated=1
[INFO] [1783248005.558548980] [simple_scan_filter]: scan stats: n=404, zeros=65, nan=0, inf=0, finite_raw=339, finite_out=319, removed_isolated=2
[INFO] [1783248010.547672980] [simple_scan_filter]: scan stats: n=404, zeros=72, nan=0, inf=0, finite_raw=332, finite_out=318, removed_isolated=1
[INFO] [1783248015.541961670] [simple_scan_filter]: scan stats: n=404, zeros=67, nan=0, inf=0, finite_raw=337, finite_out=321, removed_isolated=2
[INFO] [1783248020.548974171] [simple_scan_filter]: scan stats: n=404, zeros=68, nan=0, inf=0, finite_raw=336, finite_out=321, removed_isolated=0
[INFO] [1783248025.544014002] [simple_scan_filter]: scan stats: n=404, zeros=70, nan=0, inf=0, finite_raw=334, finite_out=317, removed_isolated=2
Traceback (most recent call last):
  File "/root/rdk_x5_vln_robot/ros2_bridge/simple_scan_filter.py", line 197, in <module>
    main()
  File "/root/rdk_x5_vln_robot/ros2_bridge/simple_scan_filter.py", line 191, in main
    rclpy.spin(node)
  File "/opt/ros/humble/local/lib/python3.10/dist-packages/rclpy/__init__.py", line 229, in spin
    executor.spin_once()
  File "/opt/ros/humble/local/lib/python3.10/dist-packages/rclpy/executors.py", line 751, in spin_once
    self._spin_once_impl(timeout_sec)
  File "/opt/ros/humble/local/lib/python3.10/dist-packages/rclpy/executors.py", line 740, in _spin_once_impl
    handler, entity, node = self.wait_for_ready_callbacks(timeout_sec=timeout_sec)
  File "/opt/ros/humble/local/lib/python3.10/dist-packages/rclpy/executors.py", line 723, in wait_for_ready_callbacks
    return next(self._cb_iter)
  File "/opt/ros/humble/local/lib/python3.10/dist-packages/rclpy/executors.py", line 624, in _wait_for_ready_callbacks
    raise ExternalShutdownException()
rclpy.executors.ExternalShutdownException
