[INFO] [launch]: All log files can be found below /root/.ros/log/2026-07-04-19-48-52-777735-ubuntu-55877
[INFO] [launch]: Default logging verbosity is set to INFO
[INFO] [map_server-1]: process started with pid [55894]
[INFO] [amcl-2]: process started with pid [55896]
[INFO] [lifecycle_manager-3]: process started with pid [55898]
[INFO] [controller_server-4]: process started with pid [55900]
[INFO] [smoother_server-5]: process started with pid [55902]
[INFO] [planner_server-6]: process started with pid [55905]
[INFO] [behavior_server-7]: process started with pid [55907]
[INFO] [bt_navigator-8]: process started with pid [55909]
[INFO] [waypoint_follower-9]: process started with pid [55913]
[INFO] [velocity_smoother-10]: process started with pid [55915]
[INFO] [lifecycle_manager-11]: process started with pid [55930]
[lifecycle_manager-3] [INFO] [1783165735.449492207] [lifecycle_manager_localization]: Creating
[lifecycle_manager-3] [INFO] [1783165735.549796871] [lifecycle_manager_localization]: [34m[1mCreating and initializing lifecycle service clients[0m[0m
[amcl-2] [INFO] [1783165735.694254622] [amcl]: 
[amcl-2] 	amcl lifecycle node launched. 
[amcl-2] 	Waiting on external lifecycle transitions to activate
[amcl-2] 	See https://design.ros2.org/articles/node_lifecycle.html for more information.
[amcl-2] [INFO] [1783165735.698483577] [amcl]: Creating
[smoother_server-5] [INFO] [1783165735.710548233] [smoother_server]: 
[smoother_server-5] 	smoother_server lifecycle node launched. 
[smoother_server-5] 	Waiting on external lifecycle transitions to activate
[smoother_server-5] 	See https://design.ros2.org/articles/node_lifecycle.html for more information.
[smoother_server-5] [INFO] [1783165735.717112478] [smoother_server]: Creating smoother server
[lifecycle_manager-11] [INFO] [1783165735.811686480] [lifecycle_manager_navigation]: Creating
[lifecycle_manager-11] [INFO] [1783165735.836673375] [lifecycle_manager_navigation]: [34m[1mCreating and initializing lifecycle service clients[0m[0m
[planner_server-6] [INFO] [1783165735.843914828] [planner_server]: 
[planner_server-6] 	planner_server lifecycle node launched. 
[planner_server-6] 	Waiting on external lifecycle transitions to activate
[planner_server-6] 	See https://design.ros2.org/articles/node_lifecycle.html for more information.
[planner_server-6] [INFO] [1783165735.918059764] [planner_server]: Creating
[bt_navigator-8] [INFO] [1783165736.090077659] [bt_navigator]: 
[bt_navigator-8] 	bt_navigator lifecycle node launched. 
[bt_navigator-8] 	Waiting on external lifecycle transitions to activate
[bt_navigator-8] 	See https://design.ros2.org/articles/node_lifecycle.html for more information.
[bt_navigator-8] [INFO] [1783165736.090740741] [bt_navigator]: Creating
[waypoint_follower-9] [INFO] [1783165736.112575431] [waypoint_follower]: 
[waypoint_follower-9] 	waypoint_follower lifecycle node launched. 
[waypoint_follower-9] 	Waiting on external lifecycle transitions to activate
[waypoint_follower-9] 	See https://design.ros2.org/articles/node_lifecycle.html for more information.
[waypoint_follower-9] [INFO] [1783165736.114853138] [waypoint_follower]: Creating
[behavior_server-7] [INFO] [1783165736.129098959] [behavior_server]: 
[behavior_server-7] 	behavior_server lifecycle node launched. 
[behavior_server-7] 	Waiting on external lifecycle transitions to activate
[behavior_server-7] 	See https://design.ros2.org/articles/node_lifecycle.html for more information.
[velocity_smoother-10] [INFO] [1783165736.193664445] [velocity_smoother]: 
[velocity_smoother-10] 	velocity_smoother lifecycle node launched. 
[velocity_smoother-10] 	Waiting on external lifecycle transitions to activate
[velocity_smoother-10] 	See https://design.ros2.org/articles/node_lifecycle.html for more information.
[controller_server-4] [INFO] [1783165736.254057102] [controller_server]: 
[controller_server-4] 	controller_server lifecycle node launched. 
[controller_server-4] 	Waiting on external lifecycle transitions to activate
[controller_server-4] 	See https://design.ros2.org/articles/node_lifecycle.html for more information.
[map_server-1] [INFO] [1783165736.299957521] [map_server]: 
[map_server-1] 	map_server lifecycle node launched. 
[map_server-1] 	Waiting on external lifecycle transitions to activate
[map_server-1] 	See https://design.ros2.org/articles/node_lifecycle.html for more information.
[map_server-1] [INFO] [1783165736.301755186] [map_server]: Creating
[controller_server-4] [INFO] [1783165736.384767157] [controller_server]: Creating controller server
[planner_server-6] [INFO] [1783165736.843486848] [global_costmap.global_costmap]: 
[planner_server-6] 	global_costmap lifecycle node launched. 
[planner_server-6] 	Waiting on external lifecycle transitions to activate
[planner_server-6] 	See https://design.ros2.org/articles/node_lifecycle.html for more information.
[planner_server-6] [INFO] [1783165736.847052303] [global_costmap.global_costmap]: Creating Costmap
[controller_server-4] [INFO] [1783165737.522843016] [local_costmap.local_costmap]: 
[controller_server-4] 	local_costmap lifecycle node launched. 
[controller_server-4] 	Waiting on external lifecycle transitions to activate
[controller_server-4] 	See https://design.ros2.org/articles/node_lifecycle.html for more information.
[controller_server-4] [INFO] [1783165737.524984890] [local_costmap.local_costmap]: Creating Costmap
[lifecycle_manager-11] [INFO] [1783165737.651292240] [lifecycle_manager_navigation]: [34m[1mStarting managed nodes bringup...[0m[0m
[lifecycle_manager-11] [INFO] [1783165737.651653281] [lifecycle_manager_navigation]: [34m[1mConfiguring controller_server[0m[0m
[controller_server-4] [INFO] [1783165737.673646471] [controller_server]: Configuring controller interface
[controller_server-4] [INFO] [1783165737.675424386] [controller_server]: getting goal checker plugins..
[controller_server-4] [INFO] [1783165737.681823755] [controller_server]: Controller frequency set to 10.0000Hz
[controller_server-4] [INFO] [1783165737.682124213] [local_costmap.local_costmap]: Configuring
[lifecycle_manager-3] [INFO] [1783165737.683705962] [lifecycle_manager_localization]: [34m[1mStarting managed nodes bringup...[0m[0m
[lifecycle_manager-3] [INFO] [1783165737.684376378] [lifecycle_manager_localization]: [34m[1mConfiguring map_server[0m[0m
[map_server-1] [INFO] [1783165737.685923502] [map_server]: Configuring
[map_server-1] [INFO] [1783165737.686219418] [map_io]: Loading yaml file: /root/rdk_x5_vln_robot/maps/joy_calibrated_corridor_map.yaml
[map_server-1] [INFO] [1783165737.687260834] [map_io]: resolution: 0.05
[map_server-1] [INFO] [1783165737.687343084] [map_io]: origin[0]: -4.93
[map_server-1] [INFO] [1783165737.687376334] [map_io]: origin[1]: -3.83
[map_server-1] [INFO] [1783165737.687404376] [map_io]: origin[2]: 0
[map_server-1] [INFO] [1783165737.687433792] [map_io]: free_thresh: 0.25
[map_server-1] [INFO] [1783165737.687461750] [map_io]: occupied_thresh: 0.65
[map_server-1] [INFO] [1783165737.687501584] [map_io]: mode: trinary
[map_server-1] [INFO] [1783165737.687532292] [map_io]: negate: 0
[map_server-1] [INFO] [1783165737.688308583] [map_io]: Loading image_file: /root/rdk_x5_vln_robot/maps/joy_calibrated_corridor_map.pgm
[map_server-1] [INFO] [1783165737.715705601] [map_io]: Read map /root/rdk_x5_vln_robot/maps/joy_calibrated_corridor_map.pgm: 189 X 145 map @ 0.05 m/cell
[lifecycle_manager-3] [INFO] [1783165737.781200295] [lifecycle_manager_localization]: [34m[1mConfiguring amcl[0m[0m
[amcl-2] [INFO] [1783165737.784018085] [amcl]: Configuring
[amcl-2] [INFO] [1783165737.784396334] [amcl]: initTransforms
[controller_server-4] [INFO] [1783165737.802731152] [local_costmap.local_costmap]: Using plugin "static_layer"
[controller_server-4] [INFO] [1783165737.837283997] [local_costmap.local_costmap]: Subscribing to the map topic (/map) with transient local durability
[controller_server-4] [INFO] [1783165737.856477273] [local_costmap.local_costmap]: Initialized plugin "static_layer"
[controller_server-4] [INFO] [1783165737.856651147] [local_costmap.local_costmap]: Using plugin "voxel_layer"
[controller_server-4] [INFO] [1783165737.868806637] [local_costmap.local_costmap]: Subscribed to Topics: scan
[amcl-2] [INFO] [1783165737.926452296] [amcl]: initPubSub
[controller_server-4] [INFO] [1783165737.953353815] [local_costmap.local_costmap]: Initialized plugin "voxel_layer"
[controller_server-4] [INFO] [1783165737.953520981] [local_costmap.local_costmap]: Using plugin "inflation_layer"
[controller_server-4] [INFO] [1783165737.965781304] [local_costmap.local_costmap]: Initialized plugin "inflation_layer"
[amcl-2] [INFO] [1783165737.982503498] [amcl]: Subscribed to map topic.
[lifecycle_manager-3] [INFO] [1783165738.029780541] [lifecycle_manager_localization]: [34m[1mActivating map_server[0m[0m
[map_server-1] [INFO] [1783165738.030955873] [map_server]: Activating
[map_server-1] [INFO] [1783165738.031900247] [map_server]: Creating bond (map_server) to lifecycle manager.
[amcl-2] [INFO] [1783165738.032682372] [amcl]: Received a 189 X 145 map @ 0.050 m/pix
[controller_server-4] [INFO] [1783165738.077727500] [local_costmap.local_costmap]: StaticLayer: Resizing static layer to 189 X 145 at 0.050000 m/pix
[controller_server-4] [INFO] [1783165738.078179916] [controller_server]: Created progress_checker : progress_checker of type nav2_controller::SimpleProgressChecker
[controller_server-4] [INFO] [1783165738.083477703] [controller_server]: Created goal checker : general_goal_checker of type nav2_controller::SimpleGoalChecker
[controller_server-4] [INFO] [1783165738.088471241] [controller_server]: Controller Server has general_goal_checker  goal checkers available.
[controller_server-4] [INFO] [1783165738.091343530] [controller_server]: Created controller : FollowPath of type nav2_regulated_pure_pursuit_controller::RegulatedPurePursuitController
[controller_server-4] [INFO] [1783165738.146767191] [controller_server]: Controller Server has FollowPath  controllers available.
[lifecycle_manager-3] [INFO] [1783165738.157063599] [lifecycle_manager_localization]: Server map_server connected with bond.
[lifecycle_manager-3] [INFO] [1783165738.157284473] [lifecycle_manager_localization]: [34m[1mActivating amcl[0m[0m
[amcl-2] [INFO] [1783165738.158605181] [amcl]: Activating
[amcl-2] [INFO] [1783165738.158801764] [amcl]: Creating bond (amcl) to lifecycle manager.
[amcl-2] [INFO] [1783165738.225158165] [amcl]: createLaserObject
[lifecycle_manager-11] [INFO] [1783165738.236261406] [lifecycle_manager_navigation]: [34m[1mConfiguring smoother_server[0m[0m
[smoother_server-5] [INFO] [1783165738.240795652] [smoother_server]: Configuring smoother server
[lifecycle_manager-3] [INFO] [1783165738.292882107] [lifecycle_manager_localization]: Server amcl connected with bond.
[lifecycle_manager-3] [INFO] [1783165738.293162732] [lifecycle_manager_localization]: [34m[1mManaged nodes are active[0m[0m
[lifecycle_manager-3] [INFO] [1783165738.293236190] [lifecycle_manager_localization]: [34m[1mCreating bond timer...[0m[0m
[smoother_server-5] [INFO] [1783165738.325167163] [smoother_server]: Created smoother : simple_smoother of type nav2_smoother::SimpleSmoother
[smoother_server-5] [INFO] [1783165738.328214119] [smoother_server]: Smoother Server has simple_smoother  smoothers available.
[lifecycle_manager-11] [INFO] [1783165738.385315903] [lifecycle_manager_navigation]: [34m[1mConfiguring planner_server[0m[0m
[planner_server-6] [INFO] [1783165738.387005235] [planner_server]: Configuring
[planner_server-6] [INFO] [1783165738.387461110] [global_costmap.global_costmap]: Configuring
[planner_server-6] [INFO] [1783165738.437750650] [global_costmap.global_costmap]: Using plugin "static_layer"
[planner_server-6] [INFO] [1783165738.469912081] [global_costmap.global_costmap]: Subscribing to the map topic (/map) with transient local durability
[planner_server-6] [INFO] [1783165738.482539487] [global_costmap.global_costmap]: Initialized plugin "static_layer"
[planner_server-6] [INFO] [1783165738.482699987] [global_costmap.global_costmap]: Using plugin "inflation_layer"
[planner_server-6] [INFO] [1783165738.492392228] [global_costmap.global_costmap]: Initialized plugin "inflation_layer"
[planner_server-6] [INFO] [1783165738.576479698] [global_costmap.global_costmap]: StaticLayer: Resizing costmap to 189 X 145 at 0.050000 m/pix
[planner_server-6] [INFO] [1783165738.577801280] [planner_server]: Created global planner plugin GridBased of type nav2_navfn_planner/NavfnPlanner
[planner_server-6] [INFO] [1783165738.577956447] [planner_server]: Configuring plugin GridBased of type NavfnPlanner
[planner_server-6] [INFO] [1783165738.587800897] [planner_server]: Planner Server has GridBased  planners available.
[lifecycle_manager-11] [INFO] [1783165738.697990552] [lifecycle_manager_navigation]: [34m[1mConfiguring behavior_server[0m[0m
[behavior_server-7] [INFO] [1783165738.699252926] [behavior_server]: Configuring
[behavior_server-7] [INFO] [1783165738.793070429] [behavior_server]: Creating behavior plugin spin of type nav2_behaviors/Spin
[behavior_server-7] [INFO] [1783165738.799950715] [behavior_server]: Configuring spin
[behavior_server-7] [INFO] [1783165738.862665870] [behavior_server]: Creating behavior plugin backup of type nav2_behaviors/BackUp
[behavior_server-7] [INFO] [1783165738.866385658] [behavior_server]: Configuring backup
[behavior_server-7] [INFO] [1783165738.932179977] [behavior_server]: Creating behavior plugin drive_on_heading of type nav2_behaviors/DriveOnHeading
[behavior_server-7] [INFO] [1783165738.938132763] [behavior_server]: Configuring drive_on_heading
[behavior_server-7] [INFO] [1783165739.051315542] [behavior_server]: Creating behavior plugin assisted_teleop of type nav2_behaviors/AssistedTeleop
[behavior_server-7] [INFO] [1783165739.062987157] [behavior_server]: Configuring assisted_teleop
[behavior_server-7] [INFO] [1783165739.138405550] [behavior_server]: Creating behavior plugin wait of type nav2_behaviors/Wait
[behavior_server-7] [INFO] [1783165739.141654173] [behavior_server]: Configuring wait
[lifecycle_manager-11] [INFO] [1783165739.176735809] [lifecycle_manager_navigation]: [34m[1mConfiguring bt_navigator[0m[0m
[bt_navigator-8] [INFO] [1783165739.178098641] [bt_navigator]: Configuring
[lifecycle_manager-11] [INFO] [1783165739.626121091] [lifecycle_manager_navigation]: [34m[1mConfiguring waypoint_follower[0m[0m
[waypoint_follower-9] [INFO] [1783165739.627728381] [waypoint_follower]: Configuring
[waypoint_follower-9] [INFO] [1783165739.757297562] [waypoint_follower]: Created waypoint_task_executor : wait_at_waypoint of type nav2_waypoint_follower::WaitAtWaypoint
[lifecycle_manager-11] [INFO] [1783165739.767216095] [lifecycle_manager_navigation]: [34m[1mConfiguring velocity_smoother[0m[0m
[velocity_smoother-10] [INFO] [1783165739.770001676] [velocity_smoother]: Configuring velocity smoother
[lifecycle_manager-11] [INFO] [1783165739.804690897] [lifecycle_manager_navigation]: [34m[1mActivating controller_server[0m[0m
[controller_server-4] [INFO] [1783165739.806359853] [controller_server]: Activating
[controller_server-4] [INFO] [1783165739.806578312] [local_costmap.local_costmap]: Activating
[controller_server-4] [INFO] [1783165739.806659062] [local_costmap.local_costmap]: Checking transform
[controller_server-4] [INFO] [1783165739.806804895] [local_costmap.local_costmap]: Timed out waiting for transform from base_link to map to become available, tf error: Invalid frame ID "map" passed to canTransform argument target_frame - frame does not exist
[amcl-2] [WARN] [1783165739.820317258] [amcl]: AMCL cannot publish a pose or update the transform. Please set the initial pose...
[amcl-2] [INFO] [1783165740.030522370] [amcl]: Message Filter dropping message: frame 'laser' at time 1783165737.815 for reason 'the timestamp on the message is earlier than all the data in the transform cache'
[controller_server-4] [INFO] [1783165740.306834008] [local_costmap.local_costmap]: Timed out waiting for transform from base_link to map to become available, tf error: Invalid frame ID "map" passed to canTransform argument target_frame - frame does not exist
[controller_server-4] [INFO] [1783165740.806815997] [local_costmap.local_costmap]: Timed out waiting for transform from base_link to map to become available, tf error: Invalid frame ID "map" passed to canTransform argument target_frame - frame does not exist
[controller_server-4] [INFO] [1783165741.306821569] [local_costmap.local_costmap]: Timed out waiting for transform from base_link to map to become available, tf error: Invalid frame ID "map" passed to canTransform argument target_frame - frame does not exist
[controller_server-4] [INFO] [1783165741.806829474] [local_costmap.local_costmap]: Timed out waiting for transform from base_link to map to become available, tf error: Invalid frame ID "map" passed to canTransform argument target_frame - frame does not exist
[amcl-2] [WARN] [1783165741.821252503] [amcl]: AMCL cannot publish a pose or update the transform. Please set the initial pose...
[controller_server-4] [INFO] [1783165742.306832087] [local_costmap.local_costmap]: Timed out waiting for transform from base_link to map to become available, tf error: Invalid frame ID "map" passed to canTransform argument target_frame - frame does not exist
[controller_server-4] [INFO] [1783165742.806847325] [local_costmap.local_costmap]: Timed out waiting for transform from base_link to map to become available, tf error: Invalid frame ID "map" passed to canTransform argument target_frame - frame does not exist
[controller_server-4] [INFO] [1783165743.306847313] [local_costmap.local_costmap]: Timed out waiting for transform from base_link to map to become available, tf error: Invalid frame ID "map" passed to canTransform argument target_frame - frame does not exist
[controller_server-4] [INFO] [1783165743.806846093] [local_costmap.local_costmap]: Timed out waiting for transform from base_link to map to become available, tf error: Invalid frame ID "map" passed to canTransform argument target_frame - frame does not exist
[amcl-2] [WARN] [1783165743.917842123] [amcl]: AMCL cannot publish a pose or update the transform. Please set the initial pose...
[controller_server-4] [INFO] [1783165744.306823206] [local_costmap.local_costmap]: Timed out waiting for transform from base_link to map to become available, tf error: Invalid frame ID "map" passed to canTransform argument target_frame - frame does not exist
[controller_server-4] [INFO] [1783165744.806843819] [local_costmap.local_costmap]: Timed out waiting for transform from base_link to map to become available, tf error: Invalid frame ID "map" passed to canTransform argument target_frame - frame does not exist
[controller_server-4] [INFO] [1783165745.306864182] [local_costmap.local_costmap]: Timed out waiting for transform from base_link to map to become available, tf error: Invalid frame ID "map" passed to canTransform argument target_frame - frame does not exist
[controller_server-4] [INFO] [1783165745.806815378] [local_costmap.local_costmap]: Timed out waiting for transform from base_link to map to become available, tf error: Invalid frame ID "map" passed to canTransform argument target_frame - frame does not exist
[amcl-2] [WARN] [1783165746.008271830] [amcl]: AMCL cannot publish a pose or update the transform. Please set the initial pose...
[controller_server-4] [INFO] [1783165746.306846283] [local_costmap.local_costmap]: Timed out waiting for transform from base_link to map to become available, tf error: Invalid frame ID "map" passed to canTransform argument target_frame - frame does not exist
[controller_server-4] [INFO] [1783165746.806825937] [local_costmap.local_costmap]: Timed out waiting for transform from base_link to map to become available, tf error: Invalid frame ID "map" passed to canTransform argument target_frame - frame does not exist
[controller_server-4] [INFO] [1783165747.306830550] [local_costmap.local_costmap]: Timed out waiting for transform from base_link to map to become available, tf error: Invalid frame ID "map" passed to canTransform argument target_frame - frame does not exist
[controller_server-4] [INFO] [1783165747.806832412] [local_costmap.local_costmap]: Timed out waiting for transform from base_link to map to become available, tf error: Invalid frame ID "map" passed to canTransform argument target_frame - frame does not exist
[amcl-2] [WARN] [1783165748.014637151] [amcl]: AMCL cannot publish a pose or update the transform. Please set the initial pose...
[controller_server-4] [INFO] [1783165748.316875225] [local_costmap.local_costmap]: Timed out waiting for transform from base_link to map to become available, tf error: Invalid frame ID "map" passed to canTransform argument target_frame - frame does not exist
[controller_server-4] [INFO] [1783165748.806836971] [local_costmap.local_costmap]: Timed out waiting for transform from base_link to map to become available, tf error: Invalid frame ID "map" passed to canTransform argument target_frame - frame does not exist
[controller_server-4] [INFO] [1783165749.306856208] [local_costmap.local_costmap]: Timed out waiting for transform from base_link to map to become available, tf error: Invalid frame ID "map" passed to canTransform argument target_frame - frame does not exist
[controller_server-4] [INFO] [1783165749.806885196] [local_costmap.local_costmap]: Timed out waiting for transform from base_link to map to become available, tf error: Invalid frame ID "map" passed to canTransform argument target_frame - frame does not exist
[amcl-2] [WARN] [1783165750.108117145] [amcl]: AMCL cannot publish a pose or update the transform. Please set the initial pose...
[controller_server-4] [INFO] [1783165750.306831308] [local_costmap.local_costmap]: Timed out waiting for transform from base_link to map to become available, tf error: Invalid frame ID "map" passed to canTransform argument target_frame - frame does not exist
[controller_server-4] [INFO] [1783165750.808620460] [local_costmap.local_costmap]: Timed out waiting for transform from base_link to map to become available, tf error: Invalid frame ID "map" passed to canTransform argument target_frame - frame does not exist
[controller_server-4] [INFO] [1783165751.306817949] [local_costmap.local_costmap]: Timed out waiting for transform from base_link to map to become available, tf error: Invalid frame ID "map" passed to canTransform argument target_frame - frame does not exist
[controller_server-4] [INFO] [1783165751.809008684] [local_costmap.local_costmap]: Timed out waiting for transform from base_link to map to become available, tf error: Invalid frame ID "map" passed to canTransform argument target_frame - frame does not exist
[amcl-2] [WARN] [1783165752.110378675] [amcl]: AMCL cannot publish a pose or update the transform. Please set the initial pose...
[controller_server-4] [INFO] [1783165752.306817798] [local_costmap.local_costmap]: Timed out waiting for transform from base_link to map to become available, tf error: Invalid frame ID "map" passed to canTransform argument target_frame - frame does not exist
[controller_server-4] [INFO] [1783165752.806826660] [local_costmap.local_costmap]: Timed out waiting for transform from base_link to map to become available, tf error: Invalid frame ID "map" passed to canTransform argument target_frame - frame does not exist
[controller_server-4] [INFO] [1783165753.306825189] [local_costmap.local_costmap]: Timed out waiting for transform from base_link to map to become available, tf error: Invalid frame ID "map" passed to canTransform argument target_frame - frame does not exist
[controller_server-4] [INFO] [1783165753.806812301] [local_costmap.local_costmap]: Timed out waiting for transform from base_link to map to become available, tf error: Invalid frame ID "map" passed to canTransform argument target_frame - frame does not exist
[amcl-2] [WARN] [1783165754.205387917] [amcl]: AMCL cannot publish a pose or update the transform. Please set the initial pose...
[controller_server-4] [INFO] [1783165754.306804454] [local_costmap.local_costmap]: Timed out waiting for transform from base_link to map to become available, tf error: Invalid frame ID "map" passed to canTransform argument target_frame - frame does not exist
[controller_server-4] [INFO] [1783165754.806811358] [local_costmap.local_costmap]: Timed out waiting for transform from base_link to map to become available, tf error: Invalid frame ID "map" passed to canTransform argument target_frame - frame does not exist
[controller_server-4] [INFO] [1783165755.306845011] [local_costmap.local_costmap]: Timed out waiting for transform from base_link to map to become available, tf error: Invalid frame ID "map" passed to canTransform argument target_frame - frame does not exist
[controller_server-4] [INFO] [1783165755.806847998] [local_costmap.local_costmap]: Timed out waiting for transform from base_link to map to become available, tf error: Invalid frame ID "map" passed to canTransform argument target_frame - frame does not exist
[amcl-2] [WARN] [1783165756.302574405] [amcl]: AMCL cannot publish a pose or update the transform. Please set the initial pose...
[controller_server-4] [INFO] [1783165756.306816651] [local_costmap.local_costmap]: Timed out waiting for transform from base_link to map to become available, tf error: Invalid frame ID "map" passed to canTransform argument target_frame - frame does not exist
[controller_server-4] [INFO] [1783165756.806817013] [local_costmap.local_costmap]: Timed out waiting for transform from base_link to map to become available, tf error: Invalid frame ID "map" passed to canTransform argument target_frame - frame does not exist
[controller_server-4] [INFO] [1783165757.306818332] [local_costmap.local_costmap]: Timed out waiting for transform from base_link to map to become available, tf error: Invalid frame ID "map" passed to canTransform argument target_frame - frame does not exist
[controller_server-4] [INFO] [1783165757.806821236] [local_costmap.local_costmap]: Timed out waiting for transform from base_link to map to become available, tf error: Invalid frame ID "map" passed to canTransform argument target_frame - frame does not exist
[amcl-2] [WARN] [1783165758.305318140] [amcl]: AMCL cannot publish a pose or update the transform. Please set the initial pose...
[controller_server-4] [INFO] [1783165758.307489888] [local_costmap.local_costmap]: Timed out waiting for transform from base_link to map to become available, tf error: Invalid frame ID "map" passed to canTransform argument target_frame - frame does not exist
[amcl-2] [INFO] [1783165758.402653681] [amcl]: initialPoseReceived
[amcl-2] [WARN] [1783165758.406570011] [amcl]: Failed to transform initial pose in time (Lookup would require extrapolation into the future.  Requested time 1783165758.402829 but the latest data is at time 1783165758.379516, when looking up transform from frame [base_link] to frame [odom])
[amcl-2] [INFO] [1783165758.406761636] [amcl]: Setting pose (1783165758.406755): -1.419 -0.158 -1.526
[controller_server-4] [INFO] [1783165758.807173250] [local_costmap.local_costmap]: Timed out waiting for transform from base_link to map to become available, tf error: Lookup would require extrapolation into the past.  Requested time 1783165758.779082 but the earliest data is at time 1783165760.297675, when looking up transform from frame [base_link] to frame [map]
[controller_server-4] [INFO] [1783165759.306897611] [local_costmap.local_costmap]: Timed out waiting for transform from base_link to map to become available, tf error: Lookup would require extrapolation into the past.  Requested time 1783165759.279056 but the earliest data is at time 1783165760.297675, when looking up transform from frame [base_link] to frame [map]
[controller_server-4] [INFO] [1783165759.806878389] [local_costmap.local_costmap]: Timed out waiting for transform from base_link to map to become available, tf error: Lookup would require extrapolation into the past.  Requested time 1783165759.778747 but the earliest data is at time 1783165760.297675, when looking up transform from frame [base_link] to frame [map]
[controller_server-4] [INFO] [1783165760.306889333] [local_costmap.local_costmap]: Timed out waiting for transform from base_link to map to become available, tf error: Lookup would require extrapolation into the past.  Requested time 1783165760.279570 but the earliest data is at time 1783165760.297675, when looking up transform from frame [base_link] to frame [map]
[controller_server-4] [INFO] [1783165760.807203611] [local_costmap.local_costmap]: start
[controller_server-4] [INFO] [1783165761.014955224] [controller_server]: Activating controller: FollowPath of type regulated_pure_pursuit_controller::RegulatedPurePursuitController
[controller_server-4] [INFO] [1783165761.015207640] [controller_server]: Creating bond (controller_server) to lifecycle manager.
[lifecycle_manager-11] [INFO] [1783165761.135473161] [lifecycle_manager_navigation]: Server controller_server connected with bond.
[lifecycle_manager-11] [INFO] [1783165761.135649703] [lifecycle_manager_navigation]: [34m[1mActivating smoother_server[0m[0m
[smoother_server-5] [INFO] [1783165761.136794869] [smoother_server]: Activating
[smoother_server-5] [INFO] [1783165761.136959827] [smoother_server]: Creating bond (smoother_server) to lifecycle manager.
[lifecycle_manager-11] [INFO] [1783165761.260095804] [lifecycle_manager_navigation]: Server smoother_server connected with bond.
[lifecycle_manager-11] [INFO] [1783165761.260312096] [lifecycle_manager_navigation]: [34m[1mActivating planner_server[0m[0m
[planner_server-6] [INFO] [1783165761.261879761] [planner_server]: Activating
[planner_server-6] [INFO] [1783165761.262089677] [global_costmap.global_costmap]: Activating
[planner_server-6] [INFO] [1783165761.262164177] [global_costmap.global_costmap]: Checking transform
[planner_server-6] [INFO] [1783165761.262516594] [global_costmap.global_costmap]: start
[amcl-2] [INFO] [1783165761.585135274] [amcl]: initialPoseReceived
[amcl-2] [WARN] [1783165761.585628565] [amcl]: Failed to transform initial pose in time (Lookup would require extrapolation into the future.  Requested time 1783165761.585371 but the latest data is at time 1783165761.579222, when looking up transform from frame [base_link] to frame [odom])
[amcl-2] [INFO] [1783165761.585774899] [amcl]: Setting pose (1783165761.585769): -1.419 -0.158 -1.526
[planner_server-6] [INFO] [1783165762.312790480] [planner_server]: Activating plugin GridBased of type NavfnPlanner
[planner_server-6] [INFO] [1783165762.323180513] [planner_server]: Creating bond (planner_server) to lifecycle manager.
[lifecycle_manager-11] [INFO] [1783165762.443207535] [lifecycle_manager_navigation]: Server planner_server connected with bond.
[lifecycle_manager-11] [INFO] [1783165762.443398368] [lifecycle_manager_navigation]: [34m[1mActivating behavior_server[0m[0m
[behavior_server-7] [INFO] [1783165762.444941533] [behavior_server]: Activating
[behavior_server-7] [INFO] [1783165762.445094075] [behavior_server]: Activating spin
[behavior_server-7] [INFO] [1783165762.445163491] [behavior_server]: Activating backup
[behavior_server-7] [INFO] [1783165762.445216408] [behavior_server]: Activating drive_on_heading
[behavior_server-7] [INFO] [1783165762.445267533] [behavior_server]: Activating assisted_teleop
[behavior_server-7] [INFO] [1783165762.445317700] [behavior_server]: Activating wait
[behavior_server-7] [INFO] [1783165762.445385658] [behavior_server]: Creating bond (behavior_server) to lifecycle manager.
[lifecycle_manager-11] [INFO] [1783165762.566956178] [lifecycle_manager_navigation]: Server behavior_server connected with bond.
[lifecycle_manager-11] [INFO] [1783165762.567112636] [lifecycle_manager_navigation]: [34m[1mActivating bt_navigator[0m[0m
[bt_navigator-8] [INFO] [1783165762.568451510] [bt_navigator]: Activating
[bt_navigator-8] [INFO] [1783165762.967405291] [bt_navigator]: Creating bond (bt_navigator) to lifecycle manager.
[lifecycle_manager-11] [INFO] [1783165763.095623973] [lifecycle_manager_navigation]: Server bt_navigator connected with bond.
[lifecycle_manager-11] [INFO] [1783165763.095813389] [lifecycle_manager_navigation]: [34m[1mActivating waypoint_follower[0m[0m
[waypoint_follower-9] [INFO] [1783165763.097268096] [waypoint_follower]: Activating
[waypoint_follower-9] [INFO] [1783165763.097465471] [waypoint_follower]: Creating bond (waypoint_follower) to lifecycle manager.
[lifecycle_manager-11] [INFO] [1783165763.221896530] [lifecycle_manager_navigation]: Server waypoint_follower connected with bond.
[lifecycle_manager-11] [INFO] [1783165763.222063280] [lifecycle_manager_navigation]: [34m[1mActivating velocity_smoother[0m[0m
[velocity_smoother-10] [INFO] [1783165763.223323988] [velocity_smoother]: Activating
[velocity_smoother-10] [INFO] [1783165763.223567737] [velocity_smoother]: Creating bond (velocity_smoother) to lifecycle manager.
[lifecycle_manager-11] [INFO] [1783165763.346586006] [lifecycle_manager_navigation]: Server velocity_smoother connected with bond.
[lifecycle_manager-11] [INFO] [1783165763.346752506] [lifecycle_manager_navigation]: [34m[1mManaged nodes are active[0m[0m
[lifecycle_manager-11] [INFO] [1783165763.346813756] [lifecycle_manager_navigation]: [34m[1mCreating bond timer...[0m[0m
[amcl-2] [INFO] [1783165764.753055711] [amcl]: initialPoseReceived
[amcl-2] [WARN] [1783165764.753419585] [amcl]: Failed to transform initial pose in time (Lookup would require extrapolation into the future.  Requested time 1783165764.753245 but the latest data is at time 1783165764.746888, when looking up transform from frame [base_link] to frame [odom])
[amcl-2] [INFO] [1783165764.753516460] [amcl]: Setting pose (1783165764.753513): -1.419 -0.158 -1.526
[planner_server-6] [WARN] [1783165970.713283363] [planner_server]: No planners specified in action call. Server will use only plugin GridBased  in server. This warning will appear once.
[bt_navigator-8] [INFO] [1783165970.891330868] [bt_navigator]: Begin navigating from current location (-1.40, -0.18) to (1.75, -1.42)
[controller_server-4] [INFO] [1783165970.936023120] [controller_server]: Received a goal, begin computing control effort.
[controller_server-4] [WARN] [1783165970.936256953] [controller_server]: No goal checker was specified in parameter 'current_goal_checker'. Server will use only plugin loaded general_goal_checker . This warning will appear once.
[controller_server-4] [INFO] [1783165981.036527327] [controller_server]: Passing new path to controller.
[controller_server-4] [INFO] [1783165986.136521357] [controller_server]: Goal was canceled. Stopping the robot.
[controller_server-4] [INFO] [1783165986.136701941] [controller_server]: [follow_path] [ActionServer] Client requested to cancel the goal. Cancelling.
[bt_navigator-8] [INFO] [1783165986.138407439] [bt_navigator]: [navigate_to_pose] [ActionServer] Client requested to cancel the goal. Cancelling.
[bt_navigator-8] [INFO] [1783165986.141446395] [bt_navigator]: Goal canceled
[bt_navigator-8] [INFO] [1783166054.822492315] [rclcpp]: signal_handler(signum=2)
[bt_navigator-8] [INFO] [1783166054.822752064] [bt_navigator]: Running Nav2 LifecycleNode rcl preshutdown (bt_navigator)
[bt_navigator-8] [INFO] [1783166054.823054314] [bt_navigator]: Deactivating
[bt_navigator-8] [INFO] [1783166054.823153606] [bt_navigator]: Destroying bond (bt_navigator) to lifecycle manager.
[velocity_smoother-10] [INFO] [1783166054.822518731] [rclcpp]: signal_handler(signum=2)
[velocity_smoother-10] [INFO] [1783166054.822876731] [velocity_smoother]: Running Nav2 LifecycleNode rcl preshutdown (velocity_smoother)
[velocity_smoother-10] [INFO] [1783166054.823097481] [velocity_smoother]: Deactivating
[velocity_smoother-10] [INFO] [1783166054.823188272] [velocity_smoother]: Destroying bond (velocity_smoother) to lifecycle manager.
[waypoint_follower-9] [INFO] [1783166054.822584731] [rclcpp]: signal_handler(signum=2)
[amcl-2] [INFO] [1783166054.822587106] [rclcpp]: signal_handler(signum=2)
[map_server-1] [INFO] [1783166054.822686648] [rclcpp]: signal_handler(signum=2)
[map_server-1] [INFO] [1783166054.823349856] [map_server]: Running Nav2 LifecycleNode rcl preshutdown (map_server)
[lifecycle_manager-11] [INFO] [1783166054.822724523] [rclcpp]: signal_handler(signum=2)
[map_server-1] [INFO] [1783166054.823583814] [map_server]: Deactivating
[map_server-1] [INFO] [1783166054.823660939] [map_server]: Destroying bond (map_server) to lifecycle manager.
[amcl-2] [INFO] [1783166054.823666814] [amcl]: Running Nav2 LifecycleNode rcl preshutdown (amcl)
[amcl-2] [INFO] [1783166054.823885022] [amcl]: Deactivating
[amcl-2] [INFO] [1783166054.823963522] [amcl]: Destroying bond (amcl) to lifecycle manager.
[waypoint_follower-9] [INFO] [1783166054.824027022] [waypoint_follower]: Running Nav2 LifecycleNode rcl preshutdown (waypoint_follower)
[lifecycle_manager-11] [INFO] [1783166054.824320730] [lifecycle_manager_navigation]: Running Nav2 LifecycleManager rcl preshutdown (lifecycle_manager_navigation)
[lifecycle_manager-11] [INFO] [1783166054.824465688] [lifecycle_manager_navigation]: [34m[1mTerminating bond timer...[0m[0m
[planner_server-6] [INFO] [1783166054.824405230] [rclcpp]: signal_handler(signum=2)
[planner_server-6] [INFO] [1783166054.825036229] [planner_server]: Running Nav2 LifecycleNode rcl preshutdown (planner_server)
[planner_server-6] [INFO] [1783166054.825270062] [planner_server]: Deactivating
[planner_server-6] [INFO] [1783166054.825394354] [global_costmap.global_costmap]: Deactivating
[smoother_server-5] [INFO] [1783166054.824580854] [rclcpp]: signal_handler(signum=2)
[smoother_server-5] [INFO] [1783166054.825050021] [smoother_server]: Running Nav2 LifecycleNode rcl preshutdown (smoother_server)
[smoother_server-5] [INFO] [1783166054.825272395] [smoother_server]: Deactivating
[smoother_server-5] [INFO] [1783166054.825377895] [smoother_server]: Destroying bond (smoother_server) to lifecycle manager.
[behavior_server-7] [INFO] [1783166054.828616642] [rclcpp]: signal_handler(signum=2)
[behavior_server-7] [INFO] [1783166054.829049225] [behavior_server]: Running Nav2 LifecycleNode rcl preshutdown (behavior_server)
[behavior_server-7] [INFO] [1783166054.829315350] [behavior_server]: Deactivating
[behavior_server-7] [INFO] [1783166054.829422142] [behavior_server]: Destroying bond (behavior_server) to lifecycle manager.
[lifecycle_manager-3] [INFO] [1783166054.828935392] [rclcpp]: signal_handler(signum=2)
[lifecycle_manager-3] [INFO] [1783166054.829656058] [lifecycle_manager_localization]: Running Nav2 LifecycleManager rcl preshutdown (lifecycle_manager_localization)
[lifecycle_manager-3] [INFO] [1783166054.832082681] [lifecycle_manager_localization]: [34m[1mTerminating bond timer...[0m[0m
[controller_server-4] [INFO] [1783166054.828981517] [rclcpp]: signal_handler(signum=2)
[controller_server-4] [INFO] [1783166054.829901558] [controller_server]: Running Nav2 LifecycleNode rcl preshutdown (controller_server)
[controller_server-4] [INFO] [1783166054.830139766] [controller_server]: Deactivating
[controller_server-4] [INFO] [1783166054.830215308] [controller_server]: Deactivating controller: FollowPath of type regulated_pure_pursuit_controller::RegulatedPurePursuitController
[controller_server-4] [INFO] [1783166054.830321516] [local_costmap.local_costmap]: Deactivating
[waypoint_follower-9] [INFO] [1783166054.832021014] [waypoint_follower]: Deactivating
[waypoint_follower-9] [INFO] [1783166054.832221556] [waypoint_follower]: Destroying bond (waypoint_follower) to lifecycle manager.
[map_server-1] [INFO] [1783166054.834512679] [map_server]: Cleaning up
[map_server-1] [INFO] [1783166054.834818470] [map_server]: Destroying bond (map_server) to lifecycle manager.
[amcl-2] [INFO] [1783166054.855444993] [amcl]: Cleaning up
[velocity_smoother-10] [INFO] [1783166054.914140564] [velocity_smoother]: Cleaning up
[velocity_smoother-10] [INFO] [1783166054.914388313] [velocity_smoother]: Destroying bond (velocity_smoother) to lifecycle manager.
[bt_navigator-8] [INFO] [1783166054.924257971] [bt_navigator]: Cleaning up
[smoother_server-5] [INFO] [1783166054.931637256] [smoother_server]: Cleaning up
[waypoint_follower-9] [INFO] [1783166054.933073213] [waypoint_follower]: Cleaning up
[behavior_server-7] [INFO] [1783166054.933073004] [behavior_server]: Cleaning up
[controller_server-4] [INFO] [1783166055.010719058] [controller_server]: Destroying bond (controller_server) to lifecycle manager.
[map_server-1] [INFO] [1783166055.025794627] [map_server]: Destroying
[velocity_smoother-10] [INFO] [1783166055.055060934] [velocity_smoother]: Destroying
[lifecycle_manager-3] [INFO] [1783166055.081141326] [lifecycle_manager_localization]: Destroying lifecycle_manager_localization
[waypoint_follower-9] [INFO] [1783166055.087910403] [waypoint_follower]: Destroying bond (waypoint_follower) to lifecycle manager.
[waypoint_follower-9] [INFO] [1783166055.094157731] [waypoint_follower]: Destroying
[controller_server-4] [INFO] [1783166055.112932672] [controller_server]: Cleaning up
[controller_server-4] [INFO] [1783166055.113071130] [controller_server]: Cleaning up controller: FollowPath of type regulated_pure_pursuit_controller::RegulatedPurePursuitController
[behavior_server-7] [INFO] [1783166055.120745665] [behavior_server]: Destroying bond (behavior_server) to lifecycle manager.
[controller_server-4] [INFO] [1783166055.159555045] [local_costmap.local_costmap]: Cleaning up
[smoother_server-5] [INFO] [1783166055.236550724] [smoother_server]: Destroying bond (smoother_server) to lifecycle manager.
[planner_server-6] [INFO] [1783166055.262936492] [planner_server]: Deactivating plugin GridBased of type NavfnPlanner
[planner_server-6] [INFO] [1783166055.263145742] [planner_server]: Destroying bond (planner_server) to lifecycle manager.
[smoother_server-5] [INFO] [1783166055.338624880] [smoother_server]: Destroying
[planner_server-6] [INFO] [1783166055.378050427] [planner_server]: Cleaning up
[amcl-2] [INFO] [1783166055.399089616] [amcl]: Destroying bond (amcl) to lifecycle manager.
[amcl-2] [INFO] [1783166055.467518428] [amcl]: Destroying
[planner_server-6] [INFO] [1783166055.676207194] [global_costmap.global_costmap]: Cleaning up
[planner_server-6] [INFO] [1783166055.713569034] [planner_server]: Cleaning up plugin GridBased of type NavfnPlanner
[planner_server-6] [INFO] [1783166055.718702613] [planner_server]: Destroying plugin GridBased of type NavfnPlanner
[INFO] [map_server-1]: process has finished cleanly [pid 55894]
[INFO] [waypoint_follower-9]: process has finished cleanly [pid 55913]
[planner_server-6] [INFO] [1783166055.879270007] [planner_server]: Destroying bond (planner_server) to lifecycle manager.
[planner_server-6] [INFO] [1783166055.892719494] [global_costmap.global_costmap]: Destroying
[INFO] [lifecycle_manager-3]: process has finished cleanly [pid 55898]
[controller_server-4] [INFO] [1783166055.924475632] [controller_server]: Destroying bond (controller_server) to lifecycle manager.
[lifecycle_manager-11] [INFO] [1783166055.936120371] [lifecycle_manager_navigation]: Destroying lifecycle_manager_navigation
[controller_server-4] [INFO] [1783166055.937968661] [local_costmap.local_costmap]: Destroying
[behavior_server-7] [INFO] [1783166055.993014318] [behavior_server]: Destroying
[INFO] [velocity_smoother-10]: process has finished cleanly [pid 55915]
[planner_server-6] [INFO] [1783166056.113861749] [planner_server]: Destroying
[INFO] [amcl-2]: process has finished cleanly [pid 55896]
[INFO] [smoother_server-5]: process has finished cleanly [pid 55902]
[controller_server-4] [INFO] [1783166056.245655835] [controller_server]: Destroying
[INFO] [lifecycle_manager-11]: process has finished cleanly [pid 55930]
[INFO] [behavior_server-7]: process has finished cleanly [pid 55907]
[INFO] [planner_server-6]: process has finished cleanly [pid 55905]
[INFO] [controller_server-4]: process has finished cleanly [pid 55900]
[bt_navigator-8] [INFO] [1783166056.699956458] [bt_navigator]: Completed Cleaning up
[bt_navigator-8] [INFO] [1783166056.700241833] [bt_navigator]: Destroying bond (bt_navigator) to lifecycle manager.
[bt_navigator-8] [INFO] [1783166056.799565199] [bt_navigator]: Destroying
[INFO] [bt_navigator-8]: process has finished cleanly [pid 55909]
