[INFO] [launch]: All log files can be found below /root/.ros/log/2026-07-06-15-37-16-493014-ubuntu-45389
[INFO] [launch]: Default logging verbosity is set to INFO
[INFO] [map_server-1]: process started with pid [45419]
[INFO] [amcl-2]: process started with pid [45421]
[INFO] [lifecycle_manager-3]: process started with pid [45423]
[INFO] [controller_server-4]: process started with pid [45425]
[INFO] [smoother_server-5]: process started with pid [45427]
[INFO] [planner_server-6]: process started with pid [45429]
[INFO] [behavior_server-7]: process started with pid [45431]
[INFO] [bt_navigator-8]: process started with pid [45433]
[INFO] [waypoint_follower-9]: process started with pid [45449]
[INFO] [velocity_smoother-10]: process started with pid [45457]
[INFO] [lifecycle_manager-11]: process started with pid [45471]
[smoother_server-5] [INFO] [1783323438.753024680] [smoother_server]: 
[smoother_server-5] 	smoother_server lifecycle node launched. 
[smoother_server-5] 	Waiting on external lifecycle transitions to activate
[smoother_server-5] 	See https://design.ros2.org/articles/node_lifecycle.html for more information.
[smoother_server-5] [INFO] [1783323438.759407381] [smoother_server]: Creating smoother server
[amcl-2] [INFO] [1783323439.001156644] [amcl]: 
[amcl-2] 	amcl lifecycle node launched. 
[amcl-2] 	Waiting on external lifecycle transitions to activate
[amcl-2] 	See https://design.ros2.org/articles/node_lifecycle.html for more information.
[amcl-2] [INFO] [1783323439.002926434] [amcl]: Creating
[lifecycle_manager-3] [INFO] [1783323439.669386543] [lifecycle_manager_localization]: Creating
[lifecycle_manager-3] [INFO] [1783323439.748462577] [lifecycle_manager_localization]: [34m[1mCreating and initializing lifecycle service clients[0m[0m
[lifecycle_manager-11] [INFO] [1783323439.881529466] [lifecycle_manager_navigation]: Creating
[waypoint_follower-9] [INFO] [1783323439.884762754] [waypoint_follower]: 
[waypoint_follower-9] 	waypoint_follower lifecycle node launched. 
[waypoint_follower-9] 	Waiting on external lifecycle transitions to activate
[waypoint_follower-9] 	See https://design.ros2.org/articles/node_lifecycle.html for more information.
[waypoint_follower-9] [INFO] [1783323439.898023031] [waypoint_follower]: Creating
[map_server-1] [INFO] [1783323439.958021503] [map_server]: 
[map_server-1] 	map_server lifecycle node launched. 
[map_server-1] 	Waiting on external lifecycle transitions to activate
[map_server-1] 	See https://design.ros2.org/articles/node_lifecycle.html for more information.
[map_server-1] [INFO] [1783323439.979268312] [map_server]: Creating
[lifecycle_manager-11] [INFO] [1783323439.994248878] [lifecycle_manager_navigation]: [34m[1mCreating and initializing lifecycle service clients[0m[0m
[lifecycle_manager-3] [INFO] [1783323440.003876992] [lifecycle_manager_localization]: [34m[1mStarting managed nodes bringup...[0m[0m
[lifecycle_manager-3] [INFO] [1783323440.004086992] [lifecycle_manager_localization]: [34m[1mConfiguring map_server[0m[0m
[behavior_server-7] [INFO] [1783323440.154524486] [behavior_server]: 
[behavior_server-7] 	behavior_server lifecycle node launched. 
[behavior_server-7] 	Waiting on external lifecycle transitions to activate
[behavior_server-7] 	See https://design.ros2.org/articles/node_lifecycle.html for more information.
[bt_navigator-8] [INFO] [1783323440.199153810] [bt_navigator]: 
[bt_navigator-8] 	bt_navigator lifecycle node launched. 
[bt_navigator-8] 	Waiting on external lifecycle transitions to activate
[bt_navigator-8] 	See https://design.ros2.org/articles/node_lifecycle.html for more information.
[bt_navigator-8] [INFO] [1783323440.220458119] [bt_navigator]: Creating
[velocity_smoother-10] [INFO] [1783323440.224129323] [velocity_smoother]: 
[velocity_smoother-10] 	velocity_smoother lifecycle node launched. 
[velocity_smoother-10] 	Waiting on external lifecycle transitions to activate
[velocity_smoother-10] 	See https://design.ros2.org/articles/node_lifecycle.html for more information.
[controller_server-4] [INFO] [1783323440.290222164] [controller_server]: 
[controller_server-4] 	controller_server lifecycle node launched. 
[controller_server-4] 	Waiting on external lifecycle transitions to activate
[controller_server-4] 	See https://design.ros2.org/articles/node_lifecycle.html for more information.
[controller_server-4] [INFO] [1783323440.337138235] [controller_server]: Creating controller server
[planner_server-6] [INFO] [1783323440.339902648] [planner_server]: 
[planner_server-6] 	planner_server lifecycle node launched. 
[planner_server-6] 	Waiting on external lifecycle transitions to activate
[planner_server-6] 	See https://design.ros2.org/articles/node_lifecycle.html for more information.
[planner_server-6] [INFO] [1783323440.372204653] [planner_server]: Creating
[map_server-1] [INFO] [1783323440.410656484] [map_server]: Configuring
[map_server-1] [INFO] [1783323440.410953317] [map_io]: Loading yaml file: /root/rdk_x5_vln_robot/maps/joy_calibrated_corridor_map.yaml
[map_server-1] [INFO] [1783323440.411975357] [map_io]: resolution: 0.05
[map_server-1] [INFO] [1783323440.412059440] [map_io]: origin[0]: -6.19
[map_server-1] [INFO] [1783323440.412091649] [map_io]: origin[1]: -5
[map_server-1] [INFO] [1783323440.412119899] [map_io]: origin[2]: 0
[map_server-1] [INFO] [1783323440.412184398] [map_io]: free_thresh: 0.25
[map_server-1] [INFO] [1783323440.412219690] [map_io]: occupied_thresh: 0.65
[map_server-1] [INFO] [1783323440.412260190] [map_io]: mode: trinary
[map_server-1] [INFO] [1783323440.412291648] [map_io]: negate: 0
[map_server-1] [INFO] [1783323440.413027523] [map_io]: Loading image_file: /root/rdk_x5_vln_robot/maps/joy_calibrated_corridor_map.pgm
[map_server-1] [INFO] [1783323440.467932209] [map_io]: Read map /root/rdk_x5_vln_robot/maps/joy_calibrated_corridor_map.pgm: 143 X 171 map @ 0.05 m/cell
[lifecycle_manager-11] [INFO] [1783323440.720131795] [lifecycle_manager_navigation]: [34m[1mStarting managed nodes bringup...[0m[0m
[lifecycle_manager-11] [INFO] [1783323440.720337586] [lifecycle_manager_navigation]: [34m[1mConfiguring controller_server[0m[0m
[planner_server-6] [INFO] [1783323440.750663802] [global_costmap.global_costmap]: 
[planner_server-6] 	global_costmap lifecycle node launched. 
[planner_server-6] 	Waiting on external lifecycle transitions to activate
[planner_server-6] 	See https://design.ros2.org/articles/node_lifecycle.html for more information.
[planner_server-6] [INFO] [1783323440.753454340] [global_costmap.global_costmap]: Creating Costmap
[controller_server-4] [INFO] [1783323440.757872960] [local_costmap.local_costmap]: 
[controller_server-4] 	local_costmap lifecycle node launched. 
[controller_server-4] 	Waiting on external lifecycle transitions to activate
[controller_server-4] 	See https://design.ros2.org/articles/node_lifecycle.html for more information.
[controller_server-4] [INFO] [1783323440.759993374] [local_costmap.local_costmap]: Creating Costmap
[controller_server-4] [INFO] [1783323440.794288210] [controller_server]: Configuring controller interface
[controller_server-4] [INFO] [1783323440.801485743] [controller_server]: getting goal checker plugins..
[controller_server-4] [INFO] [1783323440.810771566] [controller_server]: Controller frequency set to 8.0000Hz
[controller_server-4] [INFO] [1783323440.811244107] [local_costmap.local_costmap]: Configuring
[lifecycle_manager-3] [INFO] [1783323440.912708907] [lifecycle_manager_localization]: [34m[1mConfiguring amcl[0m[0m
[amcl-2] [INFO] [1783323440.914372697] [amcl]: Configuring
[amcl-2] [INFO] [1783323440.914745030] [amcl]: initTransforms
[controller_server-4] [INFO] [1783323440.979159414] [local_costmap.local_costmap]: Using plugin "voxel_layer"
[controller_server-4] [INFO] [1783323441.071581600] [local_costmap.local_costmap]: Subscribed to Topics: scan
[amcl-2] [INFO] [1783323441.075534845] [amcl]: initPubSub
[amcl-2] [INFO] [1783323441.135297027] [amcl]: Subscribed to map topic.
[controller_server-4] [INFO] [1783323441.174411274] [local_costmap.local_costmap]: Initialized plugin "voxel_layer"
[controller_server-4] [INFO] [1783323441.174572023] [local_costmap.local_costmap]: Using plugin "inflation_layer"
[controller_server-4] [INFO] [1783323441.178049936] [local_costmap.local_costmap]: Initialized plugin "inflation_layer"
[lifecycle_manager-3] [INFO] [1783323441.179578601] [lifecycle_manager_localization]: [34m[1mActivating map_server[0m[0m
[map_server-1] [INFO] [1783323441.180562350] [map_server]: Activating
[map_server-1] [INFO] [1783323441.181320349] [map_server]: Creating bond (map_server) to lifecycle manager.
[controller_server-4] [INFO] [1783323441.260566966] [controller_server]: Created progress_checker : progress_checker of type nav2_controller::SimpleProgressChecker
[controller_server-4] [INFO] [1783323441.267116417] [controller_server]: Created goal checker : general_goal_checker of type nav2_controller::SimpleGoalChecker
[controller_server-4] [INFO] [1783323441.271206871] [controller_server]: Controller Server has general_goal_checker  goal checkers available.
[controller_server-4] [INFO] [1783323441.273926909] [controller_server]: Created controller : FollowPath of type nav2_regulated_pure_pursuit_controller::RegulatedPurePursuitController
[lifecycle_manager-3] [INFO] [1783323441.307489288] [lifecycle_manager_localization]: Server map_server connected with bond.
[lifecycle_manager-3] [INFO] [1783323441.307711787] [lifecycle_manager_localization]: [34m[1mActivating amcl[0m[0m
[amcl-2] [INFO] [1783323441.308564911] [amcl]: Activating
[amcl-2] [INFO] [1783323441.308737536] [amcl]: Creating bond (amcl) to lifecycle manager.
[controller_server-4] [INFO] [1783323441.336486296] [controller_server]: Controller Server has FollowPath  controllers available.
[lifecycle_manager-11] [INFO] [1783323441.404747134] [lifecycle_manager_navigation]: [34m[1mConfiguring smoother_server[0m[0m
[smoother_server-5] [INFO] [1783323441.406429799] [smoother_server]: Configuring smoother server
[lifecycle_manager-3] [INFO] [1783323441.447885585] [lifecycle_manager_localization]: Server amcl connected with bond.
[lifecycle_manager-3] [INFO] [1783323441.448057501] [lifecycle_manager_localization]: [34m[1mManaged nodes are active[0m[0m
[lifecycle_manager-3] [INFO] [1783323441.448148751] [lifecycle_manager_localization]: [34m[1mCreating bond timer...[0m[0m
[smoother_server-5] [INFO] [1783323441.527882035] [smoother_server]: Created smoother : simple_smoother of type nav2_smoother::SimpleSmoother
[smoother_server-5] [INFO] [1783323441.554590129] [smoother_server]: Smoother Server has simple_smoother  smoothers available.
[amcl-2] [INFO] [1783323441.636546743] [amcl]: Received a 143 X 171 map @ 0.050 m/pix
[lifecycle_manager-11] [INFO] [1783323441.649207854] [lifecycle_manager_navigation]: [34m[1mConfiguring planner_server[0m[0m
[planner_server-6] [INFO] [1783323441.650605019] [planner_server]: Configuring
[planner_server-6] [INFO] [1783323441.650814269] [global_costmap.global_costmap]: Configuring
[amcl-2] [INFO] [1783323441.679426611] [amcl]: createLaserObject
[planner_server-6] [INFO] [1783323441.715196778] [global_costmap.global_costmap]: Using plugin "static_layer"
[planner_server-6] [INFO] [1783323441.745060286] [global_costmap.global_costmap]: Subscribing to the map topic (/map) with transient local durability
[planner_server-6] [INFO] [1783323441.754986399] [global_costmap.global_costmap]: Initialized plugin "static_layer"
[planner_server-6] [INFO] [1783323441.755154566] [global_costmap.global_costmap]: Using plugin "inflation_layer"
[planner_server-6] [INFO] [1783323441.761884683] [global_costmap.global_costmap]: Initialized plugin "inflation_layer"
[planner_server-6] [INFO] [1783323441.844131797] [global_costmap.global_costmap]: StaticLayer: Resizing costmap to 143 X 171 at 0.050000 m/pix
[planner_server-6] [INFO] [1783323441.845320920] [planner_server]: Created global planner plugin GridBased of type nav2_navfn_planner/NavfnPlanner
[planner_server-6] [INFO] [1783323441.845492045] [planner_server]: Configuring plugin GridBased of type NavfnPlanner
[planner_server-6] [INFO] [1783323441.853604453] [planner_server]: Planner Server has GridBased  planners available.
[lifecycle_manager-11] [INFO] [1783323441.936449108] [lifecycle_manager_navigation]: [34m[1mConfiguring behavior_server[0m[0m
[behavior_server-7] [INFO] [1783323441.937757564] [behavior_server]: Configuring
[behavior_server-7] [INFO] [1783323442.011737105] [behavior_server]: Creating behavior plugin spin of type nav2_behaviors/Spin
[behavior_server-7] [INFO] [1783323442.016938307] [behavior_server]: Configuring spin
[behavior_server-7] [INFO] [1783323442.081673941] [behavior_server]: Creating behavior plugin backup of type nav2_behaviors/BackUp
[behavior_server-7] [INFO] [1783323442.085639353] [behavior_server]: Configuring backup
[behavior_server-7] [INFO] [1783323442.141611372] [behavior_server]: Creating behavior plugin drive_on_heading of type nav2_behaviors/DriveOnHeading
[behavior_server-7] [INFO] [1783323442.145794284] [behavior_server]: Configuring drive_on_heading
[behavior_server-7] [INFO] [1783323442.199410389] [behavior_server]: Creating behavior plugin assisted_teleop of type nav2_behaviors/AssistedTeleop
[behavior_server-7] [INFO] [1783323442.207524505] [behavior_server]: Configuring assisted_teleop
[behavior_server-7] [INFO] [1783323442.292011992] [behavior_server]: Creating behavior plugin wait of type nav2_behaviors/Wait
[behavior_server-7] [INFO] [1783323442.297969818] [behavior_server]: Configuring wait
[lifecycle_manager-11] [INFO] [1783323442.350688924] [lifecycle_manager_navigation]: [34m[1mConfiguring bt_navigator[0m[0m
[bt_navigator-8] [INFO] [1783323442.352283214] [bt_navigator]: Configuring
[amcl-2] [WARN] [1783323442.987213820] [amcl]: AMCL cannot publish a pose or update the transform. Please set the initial pose...
[lifecycle_manager-11] [INFO] [1783323443.132410570] [lifecycle_manager_navigation]: [34m[1mConfiguring waypoint_follower[0m[0m
[waypoint_follower-9] [INFO] [1783323443.134220776] [waypoint_follower]: Configuring
[amcl-2] [INFO] [1783323443.176395603] [amcl]: Message Filter dropping message: frame 'laser' at time 1783323440.973 for reason 'the timestamp on the message is earlier than all the data in the transform cache'
[waypoint_follower-9] [INFO] [1783323443.257677843] [waypoint_follower]: Created waypoint_task_executor : wait_at_waypoint of type nav2_waypoint_follower::WaitAtWaypoint
[lifecycle_manager-11] [INFO] [1783323443.262786671] [lifecycle_manager_navigation]: [34m[1mConfiguring velocity_smoother[0m[0m
[velocity_smoother-10] [INFO] [1783323443.264340044] [velocity_smoother]: Configuring velocity smoother
[lifecycle_manager-11] [INFO] [1783323443.288580016] [lifecycle_manager_navigation]: [34m[1mActivating controller_server[0m[0m
[controller_server-4] [INFO] [1783323443.289811806] [controller_server]: Activating
[controller_server-4] [INFO] [1783323443.289997723] [local_costmap.local_costmap]: Activating
[controller_server-4] [INFO] [1783323443.290061306] [local_costmap.local_costmap]: Checking transform
[controller_server-4] [INFO] [1783323443.290431181] [local_costmap.local_costmap]: start
[controller_server-4] [INFO] [1783323443.498823650] [controller_server]: Activating controller: FollowPath of type regulated_pure_pursuit_controller::RegulatedPurePursuitController
[controller_server-4] [INFO] [1783323443.499043733] [controller_server]: Creating bond (controller_server) to lifecycle manager.
[lifecycle_manager-11] [INFO] [1783323443.618350680] [lifecycle_manager_navigation]: Server controller_server connected with bond.
[lifecycle_manager-11] [INFO] [1783323443.618503930] [lifecycle_manager_navigation]: [34m[1mActivating smoother_server[0m[0m
[smoother_server-5] [INFO] [1783323443.619582179] [smoother_server]: Activating
[smoother_server-5] [INFO] [1783323443.619746762] [smoother_server]: Creating bond (smoother_server) to lifecycle manager.
[lifecycle_manager-11] [INFO] [1783323443.742952912] [lifecycle_manager_navigation]: Server smoother_server connected with bond.
[lifecycle_manager-11] [INFO] [1783323443.743119037] [lifecycle_manager_navigation]: [34m[1mActivating planner_server[0m[0m
[planner_server-6] [INFO] [1783323443.744515369] [planner_server]: Activating
[planner_server-6] [INFO] [1783323443.744716952] [global_costmap.global_costmap]: Activating
[planner_server-6] [INFO] [1783323443.744785160] [global_costmap.global_costmap]: Checking transform
[planner_server-6] [INFO] [1783323443.744905743] [global_costmap.global_costmap]: Timed out waiting for transform from base_link to map to become available, tf error: Invalid frame ID "map" passed to canTransform argument target_frame - frame does not exist
[planner_server-6] [INFO] [1783323444.244963379] [global_costmap.global_costmap]: Timed out waiting for transform from base_link to map to become available, tf error: Invalid frame ID "map" passed to canTransform argument target_frame - frame does not exist
[planner_server-6] [INFO] [1783323444.744948432] [global_costmap.global_costmap]: Timed out waiting for transform from base_link to map to become available, tf error: Invalid frame ID "map" passed to canTransform argument target_frame - frame does not exist
[amcl-2] [WARN] [1783323445.071959224] [amcl]: AMCL cannot publish a pose or update the transform. Please set the initial pose...
[planner_server-6] [INFO] [1783323445.244942443] [global_costmap.global_costmap]: Timed out waiting for transform from base_link to map to become available, tf error: Invalid frame ID "map" passed to canTransform argument target_frame - frame does not exist
[planner_server-6] [INFO] [1783323445.745160204] [global_costmap.global_costmap]: Timed out waiting for transform from base_link to map to become available, tf error: Invalid frame ID "map" passed to canTransform argument target_frame - frame does not exist
[planner_server-6] [INFO] [1783323446.244935216] [global_costmap.global_costmap]: Timed out waiting for transform from base_link to map to become available, tf error: Invalid frame ID "map" passed to canTransform argument target_frame - frame does not exist
[planner_server-6] [INFO] [1783323446.744945686] [global_costmap.global_costmap]: Timed out waiting for transform from base_link to map to become available, tf error: Invalid frame ID "map" passed to canTransform argument target_frame - frame does not exist
[amcl-2] [WARN] [1783323447.170335700] [amcl]: AMCL cannot publish a pose or update the transform. Please set the initial pose...
[planner_server-6] [INFO] [1783323447.244953448] [global_costmap.global_costmap]: Timed out waiting for transform from base_link to map to become available, tf error: Invalid frame ID "map" passed to canTransform argument target_frame - frame does not exist
[planner_server-6] [INFO] [1783323447.744948586] [global_costmap.global_costmap]: Timed out waiting for transform from base_link to map to become available, tf error: Invalid frame ID "map" passed to canTransform argument target_frame - frame does not exist
[planner_server-6] [INFO] [1783323448.244953306] [global_costmap.global_costmap]: Timed out waiting for transform from base_link to map to become available, tf error: Invalid frame ID "map" passed to canTransform argument target_frame - frame does not exist
[planner_server-6] [INFO] [1783323448.744949069] [global_costmap.global_costmap]: Timed out waiting for transform from base_link to map to become available, tf error: Invalid frame ID "map" passed to canTransform argument target_frame - frame does not exist
[planner_server-6] [INFO] [1783323449.244950082] [global_costmap.global_costmap]: Timed out waiting for transform from base_link to map to become available, tf error: Invalid frame ID "map" passed to canTransform argument target_frame - frame does not exist
[amcl-2] [WARN] [1783323449.269146221] [amcl]: AMCL cannot publish a pose or update the transform. Please set the initial pose...
[planner_server-6] [INFO] [1783323449.744963887] [global_costmap.global_costmap]: Timed out waiting for transform from base_link to map to become available, tf error: Invalid frame ID "map" passed to canTransform argument target_frame - frame does not exist
[planner_server-6] [INFO] [1783323450.244954900] [global_costmap.global_costmap]: Timed out waiting for transform from base_link to map to become available, tf error: Invalid frame ID "map" passed to canTransform argument target_frame - frame does not exist
[planner_server-6] [INFO] [1783323450.744946789] [global_costmap.global_costmap]: Timed out waiting for transform from base_link to map to become available, tf error: Invalid frame ID "map" passed to canTransform argument target_frame - frame does not exist
[planner_server-6] [INFO] [1783323451.244955802] [global_costmap.global_costmap]: Timed out waiting for transform from base_link to map to become available, tf error: Invalid frame ID "map" passed to canTransform argument target_frame - frame does not exist
[amcl-2] [WARN] [1783323451.367917537] [amcl]: AMCL cannot publish a pose or update the transform. Please set the initial pose...
[planner_server-6] [INFO] [1783323451.744943191] [global_costmap.global_costmap]: Timed out waiting for transform from base_link to map to become available, tf error: Invalid frame ID "map" passed to canTransform argument target_frame - frame does not exist
[planner_server-6] [INFO] [1783323452.244954206] [global_costmap.global_costmap]: Timed out waiting for transform from base_link to map to become available, tf error: Invalid frame ID "map" passed to canTransform argument target_frame - frame does not exist
[planner_server-6] [INFO] [1783323452.744943678] [global_costmap.global_costmap]: Timed out waiting for transform from base_link to map to become available, tf error: Invalid frame ID "map" passed to canTransform argument target_frame - frame does not exist
[planner_server-6] [INFO] [1783323453.244948443] [global_costmap.global_costmap]: Timed out waiting for transform from base_link to map to become available, tf error: Invalid frame ID "map" passed to canTransform argument target_frame - frame does not exist
[amcl-2] [WARN] [1783323453.463858986] [amcl]: AMCL cannot publish a pose or update the transform. Please set the initial pose...
[planner_server-6] [INFO] [1783323453.744943874] [global_costmap.global_costmap]: Timed out waiting for transform from base_link to map to become available, tf error: Invalid frame ID "map" passed to canTransform argument target_frame - frame does not exist
[planner_server-6] [INFO] [1783323454.244940348] [global_costmap.global_costmap]: Timed out waiting for transform from base_link to map to become available, tf error: Invalid frame ID "map" passed to canTransform argument target_frame - frame does not exist
[planner_server-6] [INFO] [1783323454.746275611] [global_costmap.global_costmap]: Timed out waiting for transform from base_link to map to become available, tf error: Invalid frame ID "map" passed to canTransform argument target_frame - frame does not exist
[planner_server-6] [INFO] [1783323455.244936878] [global_costmap.global_costmap]: Timed out waiting for transform from base_link to map to become available, tf error: Invalid frame ID "map" passed to canTransform argument target_frame - frame does not exist
[amcl-2] [WARN] [1783323455.472971995] [amcl]: AMCL cannot publish a pose or update the transform. Please set the initial pose...
[planner_server-6] [INFO] [1783323455.744956561] [global_costmap.global_costmap]: Timed out waiting for transform from base_link to map to become available, tf error: Invalid frame ID "map" passed to canTransform argument target_frame - frame does not exist
[planner_server-6] [INFO] [1783323456.244940368] [global_costmap.global_costmap]: Timed out waiting for transform from base_link to map to become available, tf error: Invalid frame ID "map" passed to canTransform argument target_frame - frame does not exist
[planner_server-6] [INFO] [1783323456.744962093] [global_costmap.global_costmap]: Timed out waiting for transform from base_link to map to become available, tf error: Invalid frame ID "map" passed to canTransform argument target_frame - frame does not exist
[planner_server-6] [INFO] [1783323457.244969942] [global_costmap.global_costmap]: Timed out waiting for transform from base_link to map to become available, tf error: Invalid frame ID "map" passed to canTransform argument target_frame - frame does not exist
[amcl-2] [WARN] [1783323457.561422209] [amcl]: AMCL cannot publish a pose or update the transform. Please set the initial pose...
[planner_server-6] [INFO] [1783323457.744958376] [global_costmap.global_costmap]: Timed out waiting for transform from base_link to map to become available, tf error: Invalid frame ID "map" passed to canTransform argument target_frame - frame does not exist
[planner_server-6] [INFO] [1783323458.244949392] [global_costmap.global_costmap]: Timed out waiting for transform from base_link to map to become available, tf error: Invalid frame ID "map" passed to canTransform argument target_frame - frame does not exist
[planner_server-6] [INFO] [1783323458.744939826] [global_costmap.global_costmap]: Timed out waiting for transform from base_link to map to become available, tf error: Invalid frame ID "map" passed to canTransform argument target_frame - frame does not exist
[planner_server-6] [INFO] [1783323459.244936468] [global_costmap.global_costmap]: Timed out waiting for transform from base_link to map to become available, tf error: Invalid frame ID "map" passed to canTransform argument target_frame - frame does not exist
[amcl-2] [WARN] [1783323459.661742455] [amcl]: AMCL cannot publish a pose or update the transform. Please set the initial pose...
[planner_server-6] [INFO] [1783323459.744943777] [global_costmap.global_costmap]: Timed out waiting for transform from base_link to map to become available, tf error: Invalid frame ID "map" passed to canTransform argument target_frame - frame does not exist
[planner_server-6] [INFO] [1783323460.244960128] [global_costmap.global_costmap]: Timed out waiting for transform from base_link to map to become available, tf error: Invalid frame ID "map" passed to canTransform argument target_frame - frame does not exist
[planner_server-6] [INFO] [1783323460.744941187] [global_costmap.global_costmap]: Timed out waiting for transform from base_link to map to become available, tf error: Invalid frame ID "map" passed to canTransform argument target_frame - frame does not exist
[planner_server-6] [INFO] [1783323461.244937955] [global_costmap.global_costmap]: Timed out waiting for transform from base_link to map to become available, tf error: Invalid frame ID "map" passed to canTransform argument target_frame - frame does not exist
[planner_server-6] [INFO] [1783323461.744973349] [global_costmap.global_costmap]: Timed out waiting for transform from base_link to map to become available, tf error: Invalid frame ID "map" passed to canTransform argument target_frame - frame does not exist
[amcl-2] [WARN] [1783323461.758170292] [amcl]: AMCL cannot publish a pose or update the transform. Please set the initial pose...
[amcl-2] [INFO] [1783323461.845548735] [amcl]: initialPoseReceived
[amcl-2] [WARN] [1783323461.845944651] [amcl]: Failed to transform initial pose in time (Lookup would require extrapolation into the future.  Requested time 1783323461.845725 but the latest data is at time 1783323461.827406, when looking up transform from frame [base_link] to frame [odom])
[amcl-2] [INFO] [1783323461.846070818] [amcl]: Setting pose (1783323461.846065): -2.187 -1.725 -2.310
[planner_server-6] [INFO] [1783323462.245131992] [global_costmap.global_costmap]: Timed out waiting for transform from base_link to map to become available, tf error: Lookup would require extrapolation into the past.  Requested time 1783323462.227543 but the earliest data is at time 1783323463.749172, when looking up transform from frame [base_link] to frame [map]
[planner_server-6] [INFO] [1783323462.745019719] [global_costmap.global_costmap]: Timed out waiting for transform from base_link to map to become available, tf error: Lookup would require extrapolation into the past.  Requested time 1783323462.727626 but the earliest data is at time 1783323463.749172, when looking up transform from frame [base_link] to frame [map]
[planner_server-6] [INFO] [1783323463.245071738] [global_costmap.global_costmap]: Timed out waiting for transform from base_link to map to become available, tf error: Lookup would require extrapolation into the past.  Requested time 1783323463.227509 but the earliest data is at time 1783323463.749172, when looking up transform from frame [base_link] to frame [map]
[planner_server-6] [INFO] [1783323463.745074798] [global_costmap.global_costmap]: Timed out waiting for transform from base_link to map to become available, tf error: Lookup would require extrapolation into the past.  Requested time 1783323463.727512 but the earliest data is at time 1783323463.749172, when looking up transform from frame [base_link] to frame [map]
[planner_server-6] [INFO] [1783323464.245152734] [global_costmap.global_costmap]: start
[amcl-2] [INFO] [1783323465.034068136] [amcl]: initialPoseReceived
[amcl-2] [WARN] [1783323465.034531511] [amcl]: Failed to transform initial pose in time (Lookup would require extrapolation into the future.  Requested time 1783323465.034290 but the latest data is at time 1783323465.027579, when looking up transform from frame [base_link] to frame [odom])
[amcl-2] [INFO] [1783323465.034675219] [amcl]: Setting pose (1783323465.034670): -2.187 -1.725 -2.310
[planner_server-6] [INFO] [1783323465.295531550] [planner_server]: Activating plugin GridBased of type NavfnPlanner
[planner_server-6] [INFO] [1783323465.303193958] [planner_server]: Creating bond (planner_server) to lifecycle manager.
[lifecycle_manager-11] [INFO] [1783323465.427229776] [lifecycle_manager_navigation]: Server planner_server connected with bond.
[lifecycle_manager-11] [INFO] [1783323465.427416026] [lifecycle_manager_navigation]: [34m[1mActivating behavior_server[0m[0m
[behavior_server-7] [INFO] [1783323465.429248316] [behavior_server]: Activating
[behavior_server-7] [INFO] [1783323465.429410607] [behavior_server]: Activating spin
[behavior_server-7] [INFO] [1783323465.429486440] [behavior_server]: Activating backup
[behavior_server-7] [INFO] [1783323465.429539815] [behavior_server]: Activating drive_on_heading
[behavior_server-7] [INFO] [1783323465.429593190] [behavior_server]: Activating assisted_teleop
[behavior_server-7] [INFO] [1783323465.429645399] [behavior_server]: Activating wait
[behavior_server-7] [INFO] [1783323465.429717857] [behavior_server]: Creating bond (behavior_server) to lifecycle manager.
[lifecycle_manager-11] [INFO] [1783323465.556152381] [lifecycle_manager_navigation]: Server behavior_server connected with bond.
[lifecycle_manager-11] [INFO] [1783323465.556337422] [lifecycle_manager_navigation]: [34m[1mActivating bt_navigator[0m[0m
[bt_navigator-8] [INFO] [1783323465.557728921] [bt_navigator]: Activating
[bt_navigator-8] [WARN] [1783323466.132730981] [bt_navigator_navigate_to_pose_rclcpp_node]: Wait duration is negative or zero (0). Setting to positive.
[bt_navigator-8] [INFO] [1783323466.141714638] [bt_navigator]: Creating bond (bt_navigator) to lifecycle manager.
[lifecycle_manager-11] [INFO] [1783323466.263049751] [lifecycle_manager_navigation]: Server bt_navigator connected with bond.
[lifecycle_manager-11] [INFO] [1783323466.263211126] [lifecycle_manager_navigation]: [34m[1mActivating waypoint_follower[0m[0m
[waypoint_follower-9] [INFO] [1783323466.265054957] [waypoint_follower]: Activating
[waypoint_follower-9] [INFO] [1783323466.265244624] [waypoint_follower]: Creating bond (waypoint_follower) to lifecycle manager.
[lifecycle_manager-11] [INFO] [1783323466.389504942] [lifecycle_manager_navigation]: Server waypoint_follower connected with bond.
[lifecycle_manager-11] [INFO] [1783323466.389669067] [lifecycle_manager_navigation]: [34m[1mActivating velocity_smoother[0m[0m
[velocity_smoother-10] [INFO] [1783323466.391246274] [velocity_smoother]: Activating
[velocity_smoother-10] [INFO] [1783323466.391529440] [velocity_smoother]: Creating bond (velocity_smoother) to lifecycle manager.
[lifecycle_manager-11] [INFO] [1783323466.518303881] [lifecycle_manager_navigation]: Server velocity_smoother connected with bond.
[lifecycle_manager-11] [INFO] [1783323466.518473797] [lifecycle_manager_navigation]: [34m[1mManaged nodes are active[0m[0m
[lifecycle_manager-11] [INFO] [1783323466.518537589] [lifecycle_manager_navigation]: [34m[1mCreating bond timer...[0m[0m
[planner_server-6] [WARN] [1783323574.186651107] [planner_server]: No planners specified in action call. Server will use only plugin GridBased  in server. This warning will appear once.
[bt_navigator-8] [INFO] [1783323574.342983945] [bt_navigator]: Begin navigating from current location (-2.20, -1.71) to (0.22, -0.13)
[smoother_server-5] [INFO] [1783323574.390853520] [smoother_server]: Received a path to smooth.
[controller_server-4] [INFO] [1783323574.473855142] [controller_server]: Received a goal, begin computing control effort.
[controller_server-4] [WARN] [1783323574.474309975] [controller_server]: No goal checker was specified in parameter 'current_goal_checker'. Server will use only plugin loaded general_goal_checker . This warning will appear once.
[bt_navigator-8] [WARN] [1783323601.032816063] [BehaviorTreeEngine]: Behavior Tree tick rate 50.00 was exceeded!
[controller_server-4] [INFO] [1783323618.225904537] [controller_server]: Reached the goal!
[bt_navigator-8] [INFO] [1783323618.288702432] [bt_navigator]: Goal succeeded
[lifecycle_manager-3] [INFO] [1783323651.417333798] [rclcpp]: signal_handler(signum=2)
[lifecycle_manager-3] [INFO] [1783323651.420545753] [lifecycle_manager_localization]: Running Nav2 LifecycleManager rcl preshutdown (lifecycle_manager_localization)
[lifecycle_manager-3] [INFO] [1783323651.420719628] [lifecycle_manager_localization]: [34m[1mTerminating bond timer...[0m[0m
[bt_navigator-8] [INFO] [1783323651.417329798] [rclcpp]: signal_handler(signum=2)
[bt_navigator-8] [INFO] [1783323651.417580923] [bt_navigator]: Running Nav2 LifecycleNode rcl preshutdown (bt_navigator)
[bt_navigator-8] [INFO] [1783323651.417896422] [bt_navigator]: Deactivating
[bt_navigator-8] [INFO] [1783323651.418002839] [bt_navigator]: Destroying bond (bt_navigator) to lifecycle manager.
[behavior_server-7] [INFO] [1783323651.417333048] [rclcpp]: signal_handler(signum=2)
[behavior_server-7] [INFO] [1783323651.418931755] [behavior_server]: Running Nav2 LifecycleNode rcl preshutdown (behavior_server)
[behavior_server-7] [INFO] [1783323651.419271838] [behavior_server]: Deactivating
[behavior_server-7] [INFO] [1783323651.419391462] [behavior_server]: Destroying bond (behavior_server) to lifecycle manager.
[planner_server-6] [INFO] [1783323651.417528006] [rclcpp]: signal_handler(signum=2)
[smoother_server-5] [INFO] [1783323651.421670627] [rclcpp]: signal_handler(signum=2)
[smoother_server-5] [INFO] [1783323651.422672376] [smoother_server]: Running Nav2 LifecycleNode rcl preshutdown (smoother_server)
[smoother_server-5] [INFO] [1783323651.422908667] [smoother_server]: Deactivating
[smoother_server-5] [INFO] [1783323651.422998167] [smoother_server]: Destroying bond (smoother_server) to lifecycle manager.
[planner_server-6] [INFO] [1783323651.422325626] [planner_server]: Running Nav2 LifecycleNode rcl preshutdown (planner_server)
[planner_server-6] [INFO] [1783323651.422591668] [planner_server]: Deactivating
[planner_server-6] [INFO] [1783323651.422742459] [global_costmap.global_costmap]: Deactivating
[velocity_smoother-10] [INFO] [1783323651.430869535] [rclcpp]: signal_handler(signum=2)
[amcl-2] [INFO] [1783323651.431809534] [rclcpp]: signal_handler(signum=2)
[amcl-2] [INFO] [1783323651.432339533] [amcl]: Running Nav2 LifecycleNode rcl preshutdown (amcl)
[amcl-2] [INFO] [1783323651.432622783] [amcl]: Deactivating
[amcl-2] [INFO] [1783323651.432720741] [amcl]: Destroying bond (amcl) to lifecycle manager.
[map_server-1] [INFO] [1783323651.443034398] [rclcpp]: signal_handler(signum=2)
[map_server-1] [INFO] [1783323651.444235438] [map_server]: Running Nav2 LifecycleNode rcl preshutdown (map_server)
[map_server-1] [INFO] [1783323651.444546604] [map_server]: Deactivating
[map_server-1] [INFO] [1783323651.444647438] [map_server]: Destroying bond (map_server) to lifecycle manager.
[map_server-1] [INFO] [1783323651.456448926] [map_server]: Cleaning up
[map_server-1] [INFO] [1783323651.456680134] [map_server]: Destroying bond (map_server) to lifecycle manager.
[waypoint_follower-9] [INFO] [1783323651.445383145] [rclcpp]: signal_handler(signum=2)
[waypoint_follower-9] [INFO] [1783323651.446459728] [waypoint_follower]: Running Nav2 LifecycleNode rcl preshutdown (waypoint_follower)
[waypoint_follower-9] [INFO] [1783323651.446755936] [waypoint_follower]: Deactivating
[waypoint_follower-9] [INFO] [1783323651.446942102] [waypoint_follower]: Destroying bond (waypoint_follower) to lifecycle manager.
[controller_server-4] [INFO] [1783323651.452214222] [rclcpp]: signal_handler(signum=2)
[controller_server-4] [INFO] [1783323651.452478263] [controller_server]: Running Nav2 LifecycleNode rcl preshutdown (controller_server)
[controller_server-4] [INFO] [1783323651.452767138] [controller_server]: Deactivating
[controller_server-4] [INFO] [1783323651.452857221] [controller_server]: Deactivating controller: FollowPath of type regulated_pure_pursuit_controller::RegulatedPurePursuitController
[controller_server-4] [INFO] [1783323651.452975679] [local_costmap.local_costmap]: Deactivating
[lifecycle_manager-11] [INFO] [1783323651.469878913] [rclcpp]: signal_handler(signum=2)
[lifecycle_manager-11] [INFO] [1783323651.471036745] [lifecycle_manager_navigation]: Running Nav2 LifecycleManager rcl preshutdown (lifecycle_manager_navigation)
[lifecycle_manager-11] [INFO] [1783323651.471211745] [lifecycle_manager_navigation]: [34m[1mTerminating bond timer...[0m[0m
[velocity_smoother-10] [INFO] [1783323651.489679727] [velocity_smoother]: Running Nav2 LifecycleNode rcl preshutdown (velocity_smoother)
[velocity_smoother-10] [INFO] [1783323651.490005018] [velocity_smoother]: Deactivating
[velocity_smoother-10] [INFO] [1783323651.490137976] [velocity_smoother]: Destroying bond (velocity_smoother) to lifecycle manager.
[velocity_smoother-10] [INFO] [1783323651.612851397] [velocity_smoother]: Cleaning up
[velocity_smoother-10] [INFO] [1783323651.613075355] [velocity_smoother]: Destroying bond (velocity_smoother) to lifecycle manager.
[controller_server-4] [INFO] [1783323651.490945684] [controller_server]: Destroying bond (controller_server) to lifecycle manager.
[controller_server-4] [INFO] [1783323651.604707738] [controller_server]: Cleaning up
[controller_server-4] [INFO] [1783323651.604831363] [controller_server]: Cleaning up controller: FollowPath of type regulated_pure_pursuit_controller::RegulatedPurePursuitController
[controller_server-4] [INFO] [1783323651.605024863] [local_costmap.local_costmap]: Cleaning up
[behavior_server-7] [INFO] [1783323651.522308528] [behavior_server]: Cleaning up
[smoother_server-5] [INFO] [1783323651.527986772] [smoother_server]: Cleaning up
[waypoint_follower-9] [INFO] [1783323651.547900544] [waypoint_follower]: Cleaning up
[waypoint_follower-9] [INFO] [1783323651.631058837] [waypoint_follower]: Destroying bond (waypoint_follower) to lifecycle manager.
[bt_navigator-8] [INFO] [1783323651.577422265] [bt_navigator]: Cleaning up
[amcl-2] [INFO] [1783323651.601167034] [amcl]: Cleaning up
[lifecycle_manager-3] [INFO] [1783323651.761456167] [lifecycle_manager_localization]: Destroying lifecycle_manager_localization
[behavior_server-7] [INFO] [1783323651.774578988] [behavior_server]: Destroying bond (behavior_server) to lifecycle manager.
[map_server-1] [INFO] [1783323651.813283575] [map_server]: Destroying
[velocity_smoother-10] [INFO] [1783323651.846250459] [velocity_smoother]: Destroying
[amcl-2] [INFO] [1783323651.871122101] [amcl]: Destroying bond (amcl) to lifecycle manager.
[amcl-2] [INFO] [1783323652.131657845] [amcl]: Destroying
[smoother_server-5] [INFO] [1783323652.074139901] [smoother_server]: Destroying bond (smoother_server) to lifecycle manager.
[smoother_server-5] [INFO] [1783323652.145338123] [smoother_server]: Destroying
[waypoint_follower-9] [INFO] [1783323652.131012887] [waypoint_follower]: Destroying
[planner_server-6] [INFO] [1783323652.245587482] [planner_server]: Deactivating plugin GridBased of type NavfnPlanner
[planner_server-6] [INFO] [1783323652.245769441] [planner_server]: Destroying bond (planner_server) to lifecycle manager.
[controller_server-4] [INFO] [1783323652.330253857] [controller_server]: Destroying bond (controller_server) to lifecycle manager.
[INFO] [lifecycle_manager-3]: process has finished cleanly [pid 45423]
[planner_server-6] [INFO] [1783323652.347663924] [planner_server]: Cleaning up
[controller_server-4] [INFO] [1783323652.356578290] [local_costmap.local_costmap]: Destroying
[INFO] [velocity_smoother-10]: process has finished cleanly [pid 45457]
[INFO] [map_server-1]: process has finished cleanly [pid 45419]
[planner_server-6] [INFO] [1783323652.712764356] [global_costmap.global_costmap]: Cleaning up
[INFO] [smoother_server-5]: process has finished cleanly [pid 45427]
[lifecycle_manager-11] [INFO] [1783323652.821300249] [lifecycle_manager_navigation]: Destroying lifecycle_manager_navigation
[planner_server-6] [INFO] [1783323652.839827898] [planner_server]: Cleaning up plugin GridBased of type NavfnPlanner
[planner_server-6] [INFO] [1783323652.840148356] [planner_server]: Destroying plugin GridBased of type NavfnPlanner
[behavior_server-7] [INFO] [1783323652.853105468] [behavior_server]: Destroying
[controller_server-4] [INFO] [1783323652.867597787] [controller_server]: Destroying
[INFO] [waypoint_follower-9]: process has finished cleanly [pid 45449]
[planner_server-6] [INFO] [1783323652.980459468] [planner_server]: Destroying bond (planner_server) to lifecycle manager.
[planner_server-6] [INFO] [1783323652.992949497] [global_costmap.global_costmap]: Destroying
[INFO] [amcl-2]: process has finished cleanly [pid 45421]
[planner_server-6] [INFO] [1783323653.161937498] [planner_server]: Destroying
[INFO] [lifecycle_manager-11]: process has finished cleanly [pid 45471]
[INFO] [behavior_server-7]: process has finished cleanly [pid 45431]
[INFO] [controller_server-4]: process has finished cleanly [pid 45425]
[INFO] [planner_server-6]: process has finished cleanly [pid 45429]
[bt_navigator-8] [INFO] [1783323653.556120277] [bt_navigator]: Completed Cleaning up
[bt_navigator-8] [INFO] [1783323653.556438443] [bt_navigator]: Destroying bond (bt_navigator) to lifecycle manager.
[bt_navigator-8] [INFO] [1783323653.620808421] [bt_navigator]: Destroying
[INFO] [bt_navigator-8]: process has finished cleanly [pid 45433]
