[INFO] [1783323416.865168299] [simple_scan_filter]: filter /scan -> /scan_filtered, keep=[0.22, 4.00], isolated_window=2, isolated_delta=0.25, min_support_neighbors=1
[INFO] [1783323430.389481658] [simple_scan_filter]: scan stats: n=404, zeros=101, nan=0, inf=0, finite_raw=303, finite_out=240, removed_isolated=5
[INFO] [1783323435.383043767] [simple_scan_filter]: scan stats: n=404, zeros=107, nan=0, inf=0, finite_raw=297, finite_out=237, removed_isolated=5
[INFO] [1783323440.388549426] [simple_scan_filter]: scan stats: n=404, zeros=104, nan=0, inf=0, finite_raw=300, finite_out=234, removed_isolated=8
[INFO] [1783323445.374704461] [simple_scan_filter]: scan stats: n=404, zeros=100, nan=0, inf=0, finite_raw=304, finite_out=247, removed_isolated=3
[INFO] [1783323450.369179050] [simple_scan_filter]: scan stats: n=404, zeros=97, nan=0, inf=0, finite_raw=307, finite_out=248, removed_isolated=5
[INFO] [1783323455.367823656] [simple_scan_filter]: scan stats: n=404, zeros=106, nan=0, inf=0, finite_raw=298, finite_out=236, removed_isolated=6
[INFO] [1783323460.364505701] [simple_scan_filter]: scan stats: n=404, zeros=101, nan=0, inf=0, finite_raw=303, finite_out=245, removed_isolated=4
[INFO] [1783323465.356616439] [simple_scan_filter]: scan stats: n=404, zeros=97, nan=0, inf=0, finite_raw=307, finite_out=245, removed_isolated=5
[INFO] [1783323470.356363981] [simple_scan_filter]: scan stats: n=404, zeros=102, nan=0, inf=0, finite_raw=302, finite_out=245, removed_isolated=6
[INFO] [1783323475.350032051] [simple_scan_filter]: scan stats: n=404, zeros=108, nan=0, inf=0, finite_raw=296, finite_out=237, removed_isolated=6
[INFO] [1783323480.349770301] [simple_scan_filter]: scan stats: n=404, zeros=100, nan=0, inf=0, finite_raw=304, finite_out=241, removed_isolated=6
[INFO] [1783323485.342530955] [simple_scan_filter]: scan stats: n=404, zeros=102, nan=0, inf=0, finite_raw=302, finite_out=245, removed_isolated=6
[INFO] [1783323490.337256752] [simple_scan_filter]: scan stats: n=404, zeros=104, nan=0, inf=0, finite_raw=300, finite_out=241, removed_isolated=4
[INFO] [1783323495.328934323] [simple_scan_filter]: scan stats: n=404, zeros=101, nan=0, inf=0, finite_raw=303, finite_out=243, removed_isolated=5
[INFO] [1783323500.323756452] [simple_scan_filter]: scan stats: n=404, zeros=98, nan=0, inf=0, finite_raw=306, finite_out=243, removed_isolated=6
[INFO] [1783323505.321585848] [simple_scan_filter]: scan stats: n=404, zeros=109, nan=0, inf=0, finite_raw=295, finite_out=238, removed_isolated=4
[INFO] [1783323510.316333517] [simple_scan_filter]: scan stats: n=404, zeros=99, nan=0, inf=0, finite_raw=305, finite_out=243, removed_isolated=3
[INFO] [1783323515.310382458] [simple_scan_filter]: scan stats: n=404, zeros=101, nan=0, inf=0, finite_raw=303, finite_out=242, removed_isolated=8
[INFO] [1783323520.310554744] [simple_scan_filter]: scan stats: n=404, zeros=100, nan=0, inf=0, finite_raw=304, finite_out=242, removed_isolated=5
[INFO] [1783323525.302664185] [simple_scan_filter]: scan stats: n=404, zeros=100, nan=0, inf=0, finite_raw=304, finite_out=238, removed_isolated=9
[INFO] [1783323530.303398927] [simple_scan_filter]: scan stats: n=404, zeros=106, nan=0, inf=0, finite_raw=298, finite_out=239, removed_isolated=7
[INFO] [1783323535.304012398] [simple_scan_filter]: scan stats: n=404, zeros=108, nan=0, inf=0, finite_raw=296, finite_out=242, removed_isolated=4
[INFO] [1783323540.294260982] [simple_scan_filter]: scan stats: n=404, zeros=103, nan=0, inf=0, finite_raw=301, finite_out=246, removed_isolated=2
[INFO] [1783323545.293382118] [simple_scan_filter]: scan stats: n=404, zeros=100, nan=0, inf=0, finite_raw=304, finite_out=246, removed_isolated=4
[INFO] [1783323550.304652469] [simple_scan_filter]: scan stats: n=404, zeros=100, nan=0, inf=0, finite_raw=304, finite_out=245, removed_isolated=1
[INFO] [1783323555.286845369] [simple_scan_filter]: scan stats: n=404, zeros=100, nan=0, inf=0, finite_raw=304, finite_out=247, removed_isolated=3
[INFO] [1783323560.278482779] [simple_scan_filter]: scan stats: n=404, zeros=101, nan=0, inf=0, finite_raw=303, finite_out=243, removed_isolated=3
[INFO] [1783323565.272033623] [simple_scan_filter]: scan stats: n=404, zeros=102, nan=0, inf=0, finite_raw=302, finite_out=248, removed_isolated=2
[INFO] [1783323570.267434983] [simple_scan_filter]: scan stats: n=404, zeros=103, nan=0, inf=0, finite_raw=301, finite_out=246, removed_isolated=3
[INFO] [1783323575.268030191] [simple_scan_filter]: scan stats: n=404, zeros=103, nan=0, inf=0, finite_raw=301, finite_out=248, removed_isolated=3
[INFO] [1783323580.266465961] [simple_scan_filter]: scan stats: n=404, zeros=103, nan=0, inf=0, finite_raw=301, finite_out=247, removed_isolated=6
[INFO] [1783323585.274722364] [simple_scan_filter]: scan stats: n=404, zeros=103, nan=0, inf=0, finite_raw=301, finite_out=242, removed_isolated=2
[INFO] [1783323590.251492986] [simple_scan_filter]: scan stats: n=404, zeros=109, nan=0, inf=0, finite_raw=295, finite_out=234, removed_isolated=8
[INFO] [1783323595.250870727] [simple_scan_filter]: scan stats: n=404, zeros=87, nan=0, inf=0, finite_raw=317, finite_out=268, removed_isolated=4
[INFO] [1783323600.254214608] [simple_scan_filter]: scan stats: n=404, zeros=48, nan=0, inf=0, finite_raw=356, finite_out=336, removed_isolated=0
[INFO] [1783323605.445520149] [simple_scan_filter]: scan stats: n=404, zeros=40, nan=0, inf=0, finite_raw=364, finite_out=351, removed_isolated=1
[INFO] [1783323610.446746028] [simple_scan_filter]: scan stats: n=404, zeros=36, nan=0, inf=0, finite_raw=368, finite_out=360, removed_isolated=1
[INFO] [1783323615.449766381] [simple_scan_filter]: scan stats: n=404, zeros=47, nan=0, inf=0, finite_raw=357, finite_out=344, removed_isolated=1
[INFO] [1783323620.429139484] [simple_scan_filter]: scan stats: n=404, zeros=60, nan=0, inf=0, finite_raw=344, finite_out=330, removed_isolated=1
[INFO] [1783323625.431668124] [simple_scan_filter]: scan stats: n=404, zeros=60, nan=0, inf=0, finite_raw=344, finite_out=328, removed_isolated=2
[INFO] [1783323630.431287368] [simple_scan_filter]: scan stats: n=404, zeros=62, nan=0, inf=0, finite_raw=342, finite_out=328, removed_isolated=1
[INFO] [1783323635.416621144] [simple_scan_filter]: scan stats: n=404, zeros=59, nan=0, inf=0, finite_raw=345, finite_out=330, removed_isolated=1
[INFO] [1783323640.418418504] [simple_scan_filter]: scan stats: n=404, zeros=58, nan=0, inf=0, finite_raw=346, finite_out=328, removed_isolated=3
[INFO] [1783323645.414794471] [simple_scan_filter]: scan stats: n=404, zeros=60, nan=0, inf=0, finite_raw=344, finite_out=328, removed_isolated=2
[INFO] [1783323650.408509958] [simple_scan_filter]: scan stats: n=404, zeros=59, nan=0, inf=0, finite_raw=345, finite_out=328, removed_isolated=3
Traceback (most recent call last):
  File "/root/rdk_x5_vln_robot/ros2_bridge/simple_scan_filter.py", line 197, in <module>
    main()
  File "/root/rdk_x5_vln_robot/ros2_bridge/simple_scan_filter.py", line 191, in main
    rclpy.spin(node)
  File "/opt/ros/humble/local/lib/python3.10/dist-packages/rclpy/__init__.py", line 229, in spin
    executor.spin_once()
  File "/opt/ros/humble/local/lib/python3.10/dist-packages/rclpy/executors.py", line 751, in spin_once
    self._spin_once_impl(timeout_sec)
  File "/opt/ros/humble/local/lib/python3.10/dist-packages/rclpy/executors.py", line 740, in _spin_once_impl
    handler, entity, node = self.wait_for_ready_callbacks(timeout_sec=timeout_sec)
  File "/opt/ros/humble/local/lib/python3.10/dist-packages/rclpy/executors.py", line 723, in wait_for_ready_callbacks
    return next(self._cb_iter)
  File "/opt/ros/humble/local/lib/python3.10/dist-packages/rclpy/executors.py", line 624, in _wait_for_ready_callbacks
    raise ExternalShutdownException()
rclpy.executors.ExternalShutdownException
