[INFO] [1782975211.869255702] [simple_scan_filter]: filter /scan -> /scan_filtered, keep=[0.18, 4.00], isolated_window=2, isolated_delta=0.25, min_support_neighbors=1
[INFO] [1782975216.707340854] [simple_scan_filter]: scan stats: n=404, zeros=106, nan=0, inf=0, finite_raw=298, finite_out=228, removed_isolated=7
[INFO] [1782975221.705073217] [simple_scan_filter]: scan stats: n=404, zeros=107, nan=0, inf=0, finite_raw=297, finite_out=226, removed_isolated=10
[INFO] [1782975226.700393250] [simple_scan_filter]: scan stats: n=404, zeros=112, nan=0, inf=0, finite_raw=292, finite_out=227, removed_isolated=4
[INFO] [1782975231.696937200] [simple_scan_filter]: scan stats: n=404, zeros=114, nan=0, inf=0, finite_raw=290, finite_out=220, removed_isolated=7
[INFO] [1782975236.728541480] [simple_scan_filter]: scan stats: n=404, zeros=111, nan=0, inf=0, finite_raw=293, finite_out=220, removed_isolated=9
[INFO] [1782975241.695763095] [simple_scan_filter]: scan stats: n=404, zeros=114, nan=0, inf=0, finite_raw=290, finite_out=232, removed_isolated=5
[INFO] [1782975246.708884526] [simple_scan_filter]: scan stats: n=404, zeros=118, nan=0, inf=0, finite_raw=286, finite_out=220, removed_isolated=9
[INFO] [1782975251.722711958] [simple_scan_filter]: scan stats: n=404, zeros=118, nan=0, inf=0, finite_raw=286, finite_out=227, removed_isolated=7
[INFO] [1782975256.682100836] [simple_scan_filter]: scan stats: n=404, zeros=115, nan=0, inf=0, finite_raw=289, finite_out=222, removed_isolated=9
[INFO] [1782975261.679007209] [simple_scan_filter]: scan stats: n=404, zeros=117, nan=0, inf=0, finite_raw=287, finite_out=228, removed_isolated=6
[INFO] [1782975266.674755459] [simple_scan_filter]: scan stats: n=404, zeros=108, nan=0, inf=0, finite_raw=296, finite_out=235, removed_isolated=4
[INFO] [1782975271.772889744] [simple_scan_filter]: scan stats: n=404, zeros=113, nan=0, inf=0, finite_raw=291, finite_out=225, removed_isolated=8
[INFO] [1782975276.776057528] [simple_scan_filter]: scan stats: n=404, zeros=110, nan=0, inf=0, finite_raw=294, finite_out=230, removed_isolated=9
[INFO] [1782975281.817051848] [simple_scan_filter]: scan stats: n=404, zeros=115, nan=0, inf=0, finite_raw=289, finite_out=228, removed_isolated=7
[INFO] [1782975286.770422116] [simple_scan_filter]: scan stats: n=404, zeros=113, nan=0, inf=0, finite_raw=291, finite_out=229, removed_isolated=6
[INFO] [1782975291.762455293] [simple_scan_filter]: scan stats: n=404, zeros=114, nan=0, inf=0, finite_raw=290, finite_out=229, removed_isolated=3
[INFO] [1782975296.759585382] [simple_scan_filter]: scan stats: n=404, zeros=112, nan=0, inf=0, finite_raw=292, finite_out=226, removed_isolated=5
[INFO] [1782975301.762018381] [simple_scan_filter]: scan stats: n=404, zeros=114, nan=0, inf=0, finite_raw=290, finite_out=225, removed_isolated=6
[INFO] [1782975306.753919645] [simple_scan_filter]: scan stats: n=404, zeros=108, nan=0, inf=0, finite_raw=296, finite_out=233, removed_isolated=6
[INFO] [1782975311.751222528] [simple_scan_filter]: scan stats: n=404, zeros=111, nan=0, inf=0, finite_raw=293, finite_out=228, removed_isolated=4
[INFO] [1782975316.746090207] [simple_scan_filter]: scan stats: n=404, zeros=113, nan=0, inf=0, finite_raw=291, finite_out=223, removed_isolated=9
[INFO] [1782975321.745197007] [simple_scan_filter]: scan stats: n=404, zeros=113, nan=0, inf=0, finite_raw=291, finite_out=234, removed_isolated=4
[INFO] [1782975326.742849101] [simple_scan_filter]: scan stats: n=404, zeros=112, nan=0, inf=0, finite_raw=292, finite_out=228, removed_isolated=7
[INFO] [1782975331.743389651] [simple_scan_filter]: scan stats: n=404, zeros=109, nan=0, inf=0, finite_raw=295, finite_out=234, removed_isolated=4
[INFO] [1782975336.743390370] [simple_scan_filter]: scan stats: n=404, zeros=109, nan=0, inf=0, finite_raw=295, finite_out=231, removed_isolated=7
[INFO] [1782975341.740319885] [simple_scan_filter]: scan stats: n=404, zeros=116, nan=0, inf=0, finite_raw=288, finite_out=222, removed_isolated=9
[INFO] [1782975346.728868912] [simple_scan_filter]: scan stats: n=404, zeros=107, nan=0, inf=0, finite_raw=297, finite_out=226, removed_isolated=9
[INFO] [1782975351.734040335] [simple_scan_filter]: scan stats: n=404, zeros=113, nan=0, inf=0, finite_raw=291, finite_out=227, removed_isolated=5
[INFO] [1782975356.726644526] [simple_scan_filter]: scan stats: n=404, zeros=118, nan=0, inf=0, finite_raw=286, finite_out=222, removed_isolated=4
[INFO] [1782975361.741638064] [simple_scan_filter]: scan stats: n=404, zeros=130, nan=0, inf=0, finite_raw=274, finite_out=214, removed_isolated=9
[INFO] [1782975366.720224900] [simple_scan_filter]: scan stats: n=404, zeros=134, nan=0, inf=0, finite_raw=270, finite_out=218, removed_isolated=5
[INFO] [1782975371.727164200] [simple_scan_filter]: scan stats: n=404, zeros=137, nan=0, inf=0, finite_raw=267, finite_out=215, removed_isolated=4
[INFO] [1782975376.722572308] [simple_scan_filter]: scan stats: n=404, zeros=131, nan=0, inf=0, finite_raw=273, finite_out=213, removed_isolated=5
[INFO] [1782975381.710894093] [simple_scan_filter]: scan stats: n=404, zeros=129, nan=0, inf=0, finite_raw=275, finite_out=211, removed_isolated=11
[INFO] [1782975386.710719322] [simple_scan_filter]: scan stats: n=404, zeros=143, nan=0, inf=0, finite_raw=261, finite_out=210, removed_isolated=4
[INFO] [1782975391.704367728] [simple_scan_filter]: scan stats: n=404, zeros=146, nan=0, inf=0, finite_raw=258, finite_out=208, removed_isolated=8
[INFO] [1782975396.749635109] [simple_scan_filter]: scan stats: n=404, zeros=138, nan=0, inf=0, finite_raw=266, finite_out=209, removed_isolated=7
[INFO] [1782975401.696015910] [simple_scan_filter]: scan stats: n=404, zeros=145, nan=0, inf=0, finite_raw=259, finite_out=204, removed_isolated=6
Traceback (most recent call last):
  File "/root/rdk_x5_vln_robot/ros2_bridge/simple_scan_filter.py", line 197, in <module>
    main()
  File "/root/rdk_x5_vln_robot/ros2_bridge/simple_scan_filter.py", line 191, in main
    rclpy.spin(node)
  File "/opt/ros/humble/local/lib/python3.10/dist-packages/rclpy/__init__.py", line 229, in spin
    executor.spin_once()
  File "/opt/ros/humble/local/lib/python3.10/dist-packages/rclpy/executors.py", line 751, in spin_once
    self._spin_once_impl(timeout_sec)
  File "/opt/ros/humble/local/lib/python3.10/dist-packages/rclpy/executors.py", line 740, in _spin_once_impl
    handler, entity, node = self.wait_for_ready_callbacks(timeout_sec=timeout_sec)
  File "/opt/ros/humble/local/lib/python3.10/dist-packages/rclpy/executors.py", line 723, in wait_for_ready_callbacks
    return next(self._cb_iter)
  File "/opt/ros/humble/local/lib/python3.10/dist-packages/rclpy/executors.py", line 624, in _wait_for_ready_callbacks
    raise ExternalShutdownException()
rclpy.executors.ExternalShutdownException
