[INFO] [1783252250.653313215] [foxglove_click_goal_bridge]: Foxglove click goal bridge started.
[INFO] [1783252250.673509476] [foxglove_click_goal_bridge]: Listening point click topic:
[INFO] [1783252250.677745395] [foxglove_click_goal_bridge]:   /foxglove_goal_point
[INFO] [1783252250.681835064] [foxglove_click_goal_bridge]:   geometry_msgs/msg/PointStamped
[INFO] [1783252250.685742191] [foxglove_click_goal_bridge]: Listening pose click topic:
[INFO] [1783252250.707964078] [foxglove_click_goal_bridge]:   /foxglove_goal_pose
[INFO] [1783252250.719206959] [foxglove_click_goal_bridge]:   geometry_msgs/msg/PoseStamped
[INFO] [1783252250.739285803] [foxglove_click_goal_bridge]: Recommended Foxglove tool:
[INFO] [1783252250.750086600] [foxglove_click_goal_bridge]:   Publish -> 2D point -> /foxglove_goal_point
[INFO] [1783252250.762116315] [foxglove_click_goal_bridge]: Visual path topic: /foxglove_click_planned_path
[INFO] [1783252250.768196902] [foxglove_click_goal_bridge]: Visual trajectory: /foxglove_click_trajectory_dots (red dots)
[INFO] [1783252250.777969449] [foxglove_click_goal_bridge]: Visual start marker: /foxglove_click_start_marker
[INFO] [1783252250.791433039] [foxglove_click_goal_bridge]: Visual goal marker: /foxglove_click_goal_marker + /foxglove_click_goal_label
[INFO] [1783252250.837004105] [foxglove_click_goal_bridge]: Foxglove map viz: /foxglove_map_viz (use in 3D panel instead of /map)
[INFO] [1783252254.361457274] [foxglove_click_goal_bridge]: >>> CLICK READY: Foxglove 可以单击地图白色区域发送导航目标。 Topic=/foxglove_goal_point, frame=map。 若 scan 与地图错位，请先用 /initialpose 校正。导航进行中会忽略新点击。
[INFO] [1783252389.375016336] [foxglove_click_goal_bridge]: Transformed click from base_link (2.789, 0.053) -> map (-3.855, -0.507)
[INFO] [1783252389.398735012] [foxglove_click_goal_bridge]: Goal marker published at (-3.855, -0.507) -> /foxglove_click_goal_marker /foxglove_click_goal_label
[INFO] [1783252389.403843931] [foxglove_click_goal_bridge]: Received Foxglove clicked point: frame_id=base_link, x=-3.855, y=-0.507, goal_yaw=-2.125
[INFO] [1783252389.407684308] [foxglove_click_goal_bridge]: Goal footprint OK: (-3.855, -0.507) -> ok (radius=0.11m)
[INFO] [1783252389.434032902] [foxglove_click_goal_bridge]: [1] Start marker at (-2.432, 1.892) -> /foxglove_click_start_marker
[INFO] [1783252389.454063202] [foxglove_click_goal_bridge]: Goal marker published at (-3.855, -0.507) -> /foxglove_click_goal_marker /foxglove_click_goal_label
[INFO] [1783252389.458929621] [foxglove_click_goal_bridge]: [1] Accepted goal: frame=map, x=-3.855, y=-0.507
[INFO] [1783252389.585121716] [foxglove_click_goal_bridge]: [1] Planned path published: 130 poses -> /foxglove_click_planned_path
[INFO] [1783252389.612060311] [foxglove_click_goal_bridge]: [1] NavigateToPose goal accepted. Robot should start planning/following.
[INFO] [1783252389.625287275] [foxglove_click_goal_bridge]: [1] navigating: distance_remaining=0.000 m, recoveries=0
[INFO] [1783252391.636801753] [foxglove_click_goal_bridge]: [1] navigating: distance_remaining=3.241 m, recoveries=0
[INFO] [1783252393.654809898] [foxglove_click_goal_bridge]: [1] navigating: distance_remaining=3.016 m, recoveries=0
[INFO] [1783252395.678215209] [foxglove_click_goal_bridge]: [1] navigating: distance_remaining=3.363 m, recoveries=0
[INFO] [1783252397.679823132] [foxglove_click_goal_bridge]: [1] navigating: distance_remaining=2.712 m, recoveries=0
[INFO] [1783252399.696437517] [foxglove_click_goal_bridge]: [1] navigating: distance_remaining=2.587 m, recoveries=0
[INFO] [1783252401.711202690] [foxglove_click_goal_bridge]: [1] navigating: distance_remaining=2.391 m, recoveries=0
[INFO] [1783252403.715168189] [foxglove_click_goal_bridge]: [1] navigating: distance_remaining=2.216 m, recoveries=0
[INFO] [1783252405.740249694] [foxglove_click_goal_bridge]: [1] navigating: distance_remaining=2.016 m, recoveries=0
[INFO] [1783252407.756319192] [foxglove_click_goal_bridge]: [1] navigating: distance_remaining=1.816 m, recoveries=0
[INFO] [1783252409.903500366] [foxglove_click_goal_bridge]: [1] navigating: distance_remaining=1.616 m, recoveries=0
[INFO] [1783252411.917508316] [foxglove_click_goal_bridge]: [1] navigating: distance_remaining=1.391 m, recoveries=0
[INFO] [1783252413.959491565] [foxglove_click_goal_bridge]: [1] navigating: distance_remaining=1.141 m, recoveries=0
[INFO] [1783252415.963478880] [foxglove_click_goal_bridge]: [1] navigating: distance_remaining=0.966 m, recoveries=0
[INFO] [1783252417.970103068] [foxglove_click_goal_bridge]: [1] navigating: distance_remaining=0.791 m, recoveries=0
[INFO] [1783252419.972422293] [foxglove_click_goal_bridge]: [1] navigating: distance_remaining=0.591 m, recoveries=0
[INFO] [1783252421.981318101] [foxglove_click_goal_bridge]: [1] navigating: distance_remaining=0.391 m, recoveries=0
[INFO] [1783252423.982504653] [foxglove_click_goal_bridge]: [1] navigating: distance_remaining=0.216 m, recoveries=0
[INFO] [1783252424.347774424] [foxglove_click_goal_bridge]: [1] Navigation succeeded. status=4
[INFO] [1783252424.352323425] [foxglove_click_goal_bridge]: Navigation succeeded. Current pose will be updated by pose_memory_node.
[INFO] [1783252434.857002003] [foxglove_click_goal_bridge]: Transformed click from base_link (0.819, -1.356) -> map (-5.128, 0.185)
[INFO] [1783252434.888461307] [foxglove_click_goal_bridge]: Goal marker published at (-5.128, 0.185) -> /foxglove_click_goal_marker /foxglove_click_goal_label
[INFO] [1783252434.906377647] [foxglove_click_goal_bridge]: Received Foxglove clicked point: frame_id=base_link, x=-5.128, y=0.185, goal_yaw=-2.537
[INFO] [1783252434.912598983] [foxglove_click_goal_bridge]: Goal footprint OK: (-5.128, 0.185) -> ok (radius=0.11m)
[INFO] [1783252434.946662038] [foxglove_click_goal_bridge]: [2] Start marker at (-3.684, -0.465) -> /foxglove_click_start_marker
[INFO] [1783252434.960744252] [foxglove_click_goal_bridge]: Goal marker published at (-5.128, 0.185) -> /foxglove_click_goal_marker /foxglove_click_goal_label
[INFO] [1783252434.965961879] [foxglove_click_goal_bridge]: [2] Accepted goal: frame=map, x=-5.128, y=0.185
[INFO] [1783252435.100028598] [foxglove_click_goal_bridge]: [2] Planned path published: 68 poses -> /foxglove_click_planned_path
[INFO] [1783252435.127863526] [foxglove_click_goal_bridge]: [2] NavigateToPose goal accepted. Robot should start planning/following.
[INFO] [1783252435.149578326] [foxglove_click_goal_bridge]: [2] navigating: distance_remaining=0.166 m, recoveries=0
[INFO] [1783252437.159997238] [foxglove_click_goal_bridge]: [2] navigating: distance_remaining=1.687 m, recoveries=0
[INFO] [1783252439.161290643] [foxglove_click_goal_bridge]: [2] navigating: distance_remaining=1.487 m, recoveries=0
[INFO] [1783252441.167865132] [foxglove_click_goal_bridge]: [2] navigating: distance_remaining=1.287 m, recoveries=0
[INFO] [1783252443.179574369] [foxglove_click_goal_bridge]: [2] navigating: distance_remaining=1.112 m, recoveries=0
[INFO] [1783252445.183481684] [foxglove_click_goal_bridge]: [2] navigating: distance_remaining=0.962 m, recoveries=0
[INFO] [1783252447.185175828] [foxglove_click_goal_bridge]: [2] navigating: distance_remaining=0.737 m, recoveries=0
[INFO] [1783252449.199021391] [foxglove_click_goal_bridge]: [2] navigating: distance_remaining=0.512 m, recoveries=0
[INFO] [1783252451.199409697] [foxglove_click_goal_bridge]: [2] navigating: distance_remaining=0.287 m, recoveries=0
[INFO] [1783252452.352219719] [foxglove_click_goal_bridge]: [2] Navigation succeeded. status=4
[INFO] [1783252452.358849096] [foxglove_click_goal_bridge]: Navigation succeeded. Current pose will be updated by pose_memory_node.
[INFO] [1783252467.086374287] [foxglove_click_goal_bridge]: Transformed click from base_link (-5.033, -2.005) -> map (0.290, 0.226)
[INFO] [1783252467.098765250] [foxglove_click_goal_bridge]: Goal marker published at (0.290, 0.226) -> /foxglove_click_goal_marker /foxglove_click_goal_label
[INFO] [1783252467.104753669] [foxglove_click_goal_bridge]: Received Foxglove clicked point: frame_id=base_link, x=0.290, y=0.226, goal_yaw=2.800
[INFO] [1783252467.108034337] [foxglove_click_goal_bridge]: Goal footprint OK: (0.290, 0.226) -> ok (radius=0.11m)
[INFO] [1783252467.129402928] [foxglove_click_goal_bridge]: [3] Start marker at (-5.124, 0.024) -> /foxglove_click_start_marker
[INFO] [1783252467.145364517] [foxglove_click_goal_bridge]: Goal marker published at (0.290, 0.226) -> /foxglove_click_goal_marker /foxglove_click_goal_label
[INFO] [1783252467.150526144] [foxglove_click_goal_bridge]: [3] Accepted goal: frame=map, x=0.290, y=0.226
[INFO] [1783252467.356892262] [foxglove_click_goal_bridge]: [3] Planned path published: 228 poses -> /foxglove_click_planned_path
[INFO] [1783252467.395059776] [foxglove_click_goal_bridge]: [3] NavigateToPose goal accepted. Robot should start planning/following.
[INFO] [1783252467.409867115] [foxglove_click_goal_bridge]: [3] navigating: distance_remaining=0.137 m, recoveries=0
[INFO] [1783252469.417729981] [foxglove_click_goal_bridge]: [3] navigating: distance_remaining=5.730 m, recoveries=0
[INFO] [1783252471.420423135] [foxglove_click_goal_bridge]: [3] navigating: distance_remaining=5.730 m, recoveries=0
[INFO] [1783252473.421965660] [foxglove_click_goal_bridge]: [3] navigating: distance_remaining=6.186 m, recoveries=0
[INFO] [1783252475.421257723] [foxglove_click_goal_bridge]: [3] navigating: distance_remaining=6.061 m, recoveries=0
[INFO] [1783252477.424536535] [foxglove_click_goal_bridge]: [3] navigating: distance_remaining=5.861 m, recoveries=0
[INFO] [1783252479.465196066] [foxglove_click_goal_bridge]: [3] navigating: distance_remaining=5.936 m, recoveries=0
[INFO] [1783252481.462488704] [foxglove_click_goal_bridge]: [3] navigating: distance_remaining=5.361 m, recoveries=0
[INFO] [1783252483.461488798] [foxglove_click_goal_bridge]: [3] navigating: distance_remaining=5.265 m, recoveries=0
[INFO] [1783252485.471369726] [foxglove_click_goal_bridge]: [3] navigating: distance_remaining=5.036 m, recoveries=0
[INFO] [1783252487.478672734] [foxglove_click_goal_bridge]: [3] navigating: distance_remaining=4.861 m, recoveries=0
[INFO] [1783252489.478793862] [foxglove_click_goal_bridge]: [3] navigating: distance_remaining=4.661 m, recoveries=0
[INFO] [1783252491.485248448] [foxglove_click_goal_bridge]: [3] navigating: distance_remaining=4.486 m, recoveries=0
[INFO] [1783252493.498556367] [foxglove_click_goal_bridge]: [3] navigating: distance_remaining=4.361 m, recoveries=0
[INFO] [1783252495.503920156] [foxglove_click_goal_bridge]: [3] navigating: distance_remaining=4.136 m, recoveries=0
[INFO] [1783252497.523717447] [foxglove_click_goal_bridge]: [3] navigating: distance_remaining=3.986 m, recoveries=0
[INFO] [1783252499.538679775] [foxglove_click_goal_bridge]: [3] navigating: distance_remaining=3.736 m, recoveries=0
[INFO] [1783252501.544330847] [foxglove_click_goal_bridge]: [3] navigating: distance_remaining=3.536 m, recoveries=0
[INFO] [1783252503.552981834] [foxglove_click_goal_bridge]: [3] navigating: distance_remaining=3.336 m, recoveries=0
[INFO] [1783252505.562462986] [foxglove_click_goal_bridge]: [3] navigating: distance_remaining=3.136 m, recoveries=0
[INFO] [1783252507.568853509] [foxglove_click_goal_bridge]: [3] navigating: distance_remaining=2.961 m, recoveries=0
[INFO] [1783252509.584426074] [foxglove_click_goal_bridge]: [3] navigating: distance_remaining=2.786 m, recoveries=0
[INFO] [1783252511.605911138] [foxglove_click_goal_bridge]: [3] navigating: distance_remaining=2.561 m, recoveries=0
[INFO] [1783252513.603834317] [foxglove_click_goal_bridge]: [3] navigating: distance_remaining=2.361 m, recoveries=0
[INFO] [1783252515.629075169] [foxglove_click_goal_bridge]: [3] navigating: distance_remaining=2.161 m, recoveries=0
[INFO] [1783252517.643331556] [foxglove_click_goal_bridge]: [3] navigating: distance_remaining=1.936 m, recoveries=0
[INFO] [1783252519.664583152] [foxglove_click_goal_bridge]: [3] navigating: distance_remaining=1.661 m, recoveries=0
[INFO] [1783252521.664616862] [foxglove_click_goal_bridge]: [3] navigating: distance_remaining=1.486 m, recoveries=0
[INFO] [1783252523.685609036] [foxglove_click_goal_bridge]: [3] navigating: distance_remaining=1.236 m, recoveries=0
[INFO] [1783252525.685549741] [foxglove_click_goal_bridge]: [3] navigating: distance_remaining=1.111 m, recoveries=0
[INFO] [1783252527.699478865] [foxglove_click_goal_bridge]: [3] navigating: distance_remaining=0.911 m, recoveries=0
[INFO] [1783252529.699081024] [foxglove_click_goal_bridge]: [3] navigating: distance_remaining=0.786 m, recoveries=0
[INFO] [1783252531.711610059] [foxglove_click_goal_bridge]: [3] navigating: distance_remaining=0.636 m, recoveries=0
[INFO] [1783252533.722954091] [foxglove_click_goal_bridge]: [3] navigating: distance_remaining=0.486 m, recoveries=0
[INFO] [1783252535.722948909] [foxglove_click_goal_bridge]: [3] navigating: distance_remaining=0.336 m, recoveries=0
[INFO] [1783252537.226630063] [foxglove_click_goal_bridge]: [3] Navigation succeeded. status=4
[INFO] [1783252537.230185231] [foxglove_click_goal_bridge]: Navigation succeeded. Current pose will be updated by pose_memory_node.
