[INFO] [launch]: All log files can be found below /root/.ros/log/2026-07-06-15-03-57-949805-ubuntu-29958
[INFO] [launch]: Default logging verbosity is set to INFO
[INFO] [foxglove_bridge-1]: process started with pid [29999]
[foxglove_bridge-1] [INFO] [1783321439.092296540] [foxglove_bridge]: Starting foxglove_bridge (humble, 3.3.0@)
[foxglove_bridge-1] [INFO] [1783321439.098692750] [foxglove_bridge]: Server listening on port 8765
[foxglove_bridge-1] [INFO] [1783321439.103072835] [foxglove_bridge]: Advertising new channel 2 for topic "/tf_static"
[foxglove_bridge-1] [INFO] [1783321439.103259377] [foxglove_bridge]: Advertising new channel 3 for topic "/tf"
[foxglove_bridge-1] [INFO] [1783321439.103976668] [foxglove_bridge]: Advertising new channel 4 for topic "/rosout"
[foxglove_bridge-1] [INFO] [1783321439.105521586] [foxglove_bridge]: Advertising new channel 5 for topic "/scan"
[foxglove_bridge-1] [INFO] [1783321439.107146128] [foxglove_bridge]: Advertising new channel 6 for topic "/parameter_events"
[foxglove_bridge-1] [INFO] [1783321439.109480795] [foxglove_bridge]: Advertising new channel 7 for topic "/odom"
[foxglove_bridge-1] [INFO] [1783321439.110043087] [foxglove_bridge]: Advertising new channel 8 for topic "/cmd_vel_sent"
[foxglove_bridge-1] [INFO] [1783321439.110183337] [foxglove_bridge]: Advertising new channel 9 for topic "/scan_filtered"
[foxglove_bridge-1] [INFO] [1783321439.110246129] [foxglove_bridge]: Advertising new channel 10 for topic "/cmd_vel"
[foxglove_bridge-1] [INFO] [1783321439.110717837] [foxglove_bridge]: Advertising new channel 11 for topic "/chassis_bridge_state"
[foxglove_bridge-1] [INFO] [1783321439.627357035] [foxglove_bridge]: received connection graph subscribe request
[foxglove_bridge-1] [INFO] [1783321439.627650827] [foxglove_bridge]: received subscribe request for channel 2 from client 1
[foxglove_bridge-1] [INFO] [1783321439.654594918] [foxglove_bridge]: Created ROS subscription on /tf_static (tf2_msgs/msg/TFMessage) for channel 2
[foxglove_bridge-1] [INFO] [1783321439.657726003] [foxglove_bridge]: received subscribe request for channel 5 from client 1
[foxglove_bridge-1] [INFO] [1783321439.678320842] [foxglove_bridge]: Created ROS subscription on /scan (sensor_msgs/msg/LaserScan) for channel 5
[foxglove_bridge-1] [INFO] [1783321439.681800510] [foxglove_bridge]: received subscribe request for channel 3 from client 1
[foxglove_bridge-1] [INFO] [1783321439.690764638] [foxglove_bridge]: Created ROS subscription on /tf (tf2_msgs/msg/TFMessage) for channel 3
[foxglove_bridge-1] [INFO] [1783321439.696967473] [foxglove_bridge]: received subscribe request for channel 10 from client 1
[foxglove_bridge-1] [INFO] [1783321439.704634767] [foxglove_bridge]: Created ROS subscription on /cmd_vel (geometry_msgs/msg/Twist) for channel 10
[foxglove_bridge-1] [INFO] [1783321439.753014407] [foxglove_bridge]: publishing connection graph
[foxglove_bridge-1] [INFO] [1783321445.127853226] [foxglove_bridge]: publishing connection graph
[foxglove_bridge-1] [INFO] [1783321445.631739125] [foxglove_bridge]: publishing connection graph
[foxglove_bridge-1] [INFO] [1783321446.516026762] [foxglove_bridge]: received subscribe request for channel 3 from client 2
[foxglove_bridge-1] [INFO] [1783321446.516295429] [foxglove_bridge]: received subscribe request for channel 2 from client 2
[foxglove_bridge-1] [INFO] [1783321446.516430929] [foxglove_bridge]: received subscribe request for channel 5 from client 2
[foxglove_bridge-1] [INFO] [1783321446.516513346] [foxglove_bridge]: received subscribe request for channel 9 from client 2
[foxglove_bridge-1] [INFO] [1783321446.523803973] [foxglove_bridge]: Created ROS subscription on /scan_filtered (sensor_msgs/msg/LaserScan) for channel 9
[foxglove_bridge-1] [INFO] [1783321446.528070308] [foxglove_bridge]: publishing connection graph
[foxglove_bridge-1] [INFO] [1783321447.032352373] [foxglove_bridge]: publishing connection graph
[foxglove_bridge-1] [INFO] [1783321449.533193025] [foxglove_bridge]: publishing connection graph
[foxglove_bridge-1] [INFO] [1783321451.671089066] [foxglove_bridge]: publishing connection graph
[foxglove_bridge-1] [INFO] [1783321452.183372215] [foxglove_bridge]: Advertising new channel 12 for topic "/waypoint_follower/transition_event"
[foxglove_bridge-1] [INFO] [1783321452.183752382] [foxglove_bridge]: Advertising new channel 13 for topic "/smoother_server/transition_event"
[foxglove_bridge-1] [INFO] [1783321452.184023548] [foxglove_bridge]: Advertising new channel 14 for topic "/map_server/transition_event"
[foxglove_bridge-1] [INFO] [1783321452.185607632] [foxglove_bridge]: Advertising new channel 15 for topic "/map"
[foxglove_bridge-1] [INFO] [1783321452.188833383] [foxglove_bridge]: Advertising new channel 16 for topic "/diagnostics"
[foxglove_bridge-1] [INFO] [1783321452.189222675] [foxglove_bridge]: Advertising new channel 17 for topic "/controller_server/transition_event"
[foxglove_bridge-1] [INFO] [1783321452.189525967] [foxglove_bridge]: Advertising new channel 18 for topic "/local_costmap/local_costmap/transition_event"
[foxglove_bridge-1] [INFO] [1783321452.189803217] [foxglove_bridge]: Advertising new channel 19 for topic "/bt_navigator/transition_event"
[foxglove_bridge-1] [INFO] [1783321452.190585759] [foxglove_bridge]: Advertising new channel 20 for topic "/bond"
[foxglove_bridge-1] [INFO] [1783321452.190878217] [foxglove_bridge]: Advertising new channel 21 for topic "/amcl/transition_event"
[foxglove_bridge-1] [INFO] [1783321452.206892888] [foxglove_bridge]: received subscribe request for channel 15 from client 2
[foxglove_bridge-1] [INFO] [1783321452.216830808] [foxglove_bridge]: received subscribe request for channel 15 from client 1
[foxglove_bridge-1] [INFO] [1783321452.224436435] [foxglove_bridge]: Created ROS subscription on /map (nav_msgs/msg/OccupancyGrid) for channel 15
[foxglove_bridge-1] [INFO] [1783321453.345598635] [foxglove_bridge]: publishing connection graph
[foxglove_bridge-1] [INFO] [1783321453.849658531] [foxglove_bridge]: Advertising new channel 22 for topic "/velocity_smoother/transition_event"
[foxglove_bridge-1] [INFO] [1783321453.849938364] [foxglove_bridge]: Advertising new channel 23 for topic "/planner_server/transition_event"
[foxglove_bridge-1] [INFO] [1783321453.851430781] [foxglove_bridge]: Advertising new channel 24 for topic "/local_costmap/clearing_endpoints"
[foxglove_bridge-1] [INFO] [1783321453.852804031] [foxglove_bridge]: Advertising new channel 25 for topic "/particle_cloud"
[foxglove_bridge-1] [INFO] [1783321453.853596323] [foxglove_bridge]: Advertising new channel 26 for topic "/initialpose"
[foxglove_bridge-1] [INFO] [1783321453.853929407] [foxglove_bridge]: Advertising new channel 27 for topic "/global_costmap/global_costmap/transition_event"
[foxglove_bridge-1] [INFO] [1783321453.854198074] [foxglove_bridge]: Advertising new channel 28 for topic "/behavior_server/transition_event"
[foxglove_bridge-1] [INFO] [1783321453.854410449] [foxglove_bridge]: Advertising new channel 29 for topic "/amcl_pose"
[foxglove_bridge-1] [INFO] [1783321453.878055122] [foxglove_bridge]: received subscribe request for channel 24 from client 2
[foxglove_bridge-1] [INFO] [1783321453.890832042] [foxglove_bridge]: Created ROS subscription on /local_costmap/clearing_endpoints (sensor_msgs/msg/PointCloud2) for channel 24
[foxglove_bridge-1] [INFO] [1783321453.891180501] [foxglove_bridge]: received subscribe request for channel 26 from client 2
[foxglove_bridge-1] [INFO] [1783321453.908097714] [foxglove_bridge]: Created ROS subscription on /initialpose (geometry_msgs/msg/PoseWithCovarianceStamped) for channel 26
[foxglove_bridge-1] [INFO] [1783321453.908833881] [foxglove_bridge]: received subscribe request for channel 29 from client 2
[foxglove_bridge-1] [INFO] [1783321453.935728555] [foxglove_bridge]: Created ROS subscription on /amcl_pose (geometry_msgs/msg/PoseWithCovarianceStamped) for channel 29
[foxglove_bridge-1] [INFO] [1783321454.140081656] [foxglove_bridge]: publishing connection graph
[foxglove_bridge-1] [INFO] [1783321454.645903843] [foxglove_bridge]: Advertising new channel 30 for topic "/speed_limit"
[foxglove_bridge-1] [INFO] [1783321454.647166719] [foxglove_bridge]: Advertising new channel 31 for topic "/plan"
[foxglove_bridge-1] [INFO] [1783321454.647450636] [foxglove_bridge]: Advertising new channel 32 for topic "/lookahead_collision_arc"
[foxglove_bridge-1] [INFO] [1783321454.649107636] [foxglove_bridge]: Advertising new channel 33 for topic "/local_costmap/published_footprint"
[foxglove_bridge-1] [INFO] [1783321454.649874261] [foxglove_bridge]: Advertising new channel 34 for topic "/local_costmap/footprint"
[foxglove_bridge-1] [INFO] [1783321454.650640970] [foxglove_bridge]: Advertising new channel 35 for topic "/lookahead_point"
[foxglove_bridge-1] [INFO] [1783321454.651305262] [foxglove_bridge]: Advertising new channel 36 for topic "/local_costmap/costmap_updates"
[foxglove_bridge-1] [INFO] [1783321454.658069889] [foxglove_bridge]: Advertising new channel 37 for topic "/local_costmap/costmap_raw"
[foxglove_bridge-1] [INFO] [1783321454.658399264] [foxglove_bridge]: Advertising new channel 38 for topic "/local_costmap/costmap"
[foxglove_bridge-1] [INFO] [1783321454.658615389] [foxglove_bridge]: Advertising new channel 39 for topic "/global_costmap/published_footprint"
[foxglove_bridge-1] [INFO] [1783321454.658729472] [foxglove_bridge]: Advertising new channel 40 for topic "/global_costmap/footprint"
[foxglove_bridge-1] [INFO] [1783321454.658850431] [foxglove_bridge]: Advertising new channel 41 for topic "/plan_smoothed"
[foxglove_bridge-1] [INFO] [1783321454.658949931] [foxglove_bridge]: Advertising new channel 42 for topic "/global_costmap/costmap_updates"
[foxglove_bridge-1] [INFO] [1783321454.659070806] [foxglove_bridge]: Advertising new channel 43 for topic "/received_global_plan"
[foxglove_bridge-1] [INFO] [1783321454.659192056] [foxglove_bridge]: Advertising new channel 44 for topic "/global_costmap/costmap"
[foxglove_bridge-1] [INFO] [1783321454.673605393] [foxglove_bridge]: Advertising new channel 45 for topic "/cmd_vel_nav"
[foxglove_bridge-1] [INFO] [1783321454.674211352] [foxglove_bridge]: Advertising new channel 46 for topic "/global_costmap/costmap_raw"
[foxglove_bridge-1] [INFO] [1783321454.693159649] [foxglove_bridge]: received subscribe request for channel 33 from client 2
[foxglove_bridge-1] [INFO] [1783321454.741794288] [foxglove_bridge]: Created ROS subscription on /local_costmap/published_footprint (geometry_msgs/msg/PolygonStamped) for channel 33
[foxglove_bridge-1] [INFO] [1783321454.744617289] [foxglove_bridge]: received subscribe request for channel 39 from client 2
[foxglove_bridge-1] [INFO] [1783321454.818210768] [foxglove_bridge]: Created ROS subscription on /global_costmap/published_footprint (geometry_msgs/msg/PolygonStamped) for channel 39
[foxglove_bridge-1] [INFO] [1783321454.820971602] [foxglove_bridge]: received subscribe request for channel 41 from client 2
[foxglove_bridge-1] [INFO] [1783321454.871748784] [foxglove_bridge]: Created ROS subscription on /plan_smoothed (nav_msgs/msg/Path) for channel 41
[foxglove_bridge-1] [INFO] [1783321455.085514470] [foxglove_bridge]: publishing connection graph
[foxglove_bridge-1] [INFO] [1783321455.594127741] [foxglove_bridge]: Advertising new channel 47 for topic "/preempt_teleop"
[foxglove_bridge-1] [INFO] [1783321455.595546575] [foxglove_bridge]: Advertising new channel 48 for topic "/goal_pose"
[foxglove_bridge-1] [INFO] [1783321455.595835617] [foxglove_bridge]: Advertising new channel 49 for topic "/cmd_vel_teleop"
[foxglove_bridge-1] [INFO] [1783321455.611718871] [foxglove_bridge]: received subscribe request for channel 48 from client 2
[foxglove_bridge-1] [INFO] [1783321455.640520129] [foxglove_bridge]: Created ROS subscription on /goal_pose (geometry_msgs/msg/PoseStamped) for channel 48
[foxglove_bridge-1] [INFO] [1783321456.011087236] [foxglove_bridge]: publishing connection graph
[foxglove_bridge-1] [INFO] [1783321456.551042015] [foxglove_bridge]: publishing connection graph
[foxglove_bridge-1] [ERROR] [1783321461.220602883] [foxglove_bridge]: Failed to retrieve parameters from node '/controller_server': Failed to retrieve parameter names for node '/controller_server'
[foxglove_bridge-1] [WARN] [1783321461.220801758] [foxglove_bridge]: Adding node /controller_server to the ignore list to prevent repeated timeouts or failures in future parameter requests.
[foxglove_bridge-1] [INFO] [1783321461.331043122] [foxglove_bridge]: publishing connection graph
[foxglove_bridge-1] [INFO] [1783321461.907697368] [foxglove_bridge]: publishing connection graph
[foxglove_bridge-1] [INFO] [1783321462.967022624] [foxglove_bridge]: publishing connection graph
[foxglove_bridge-1] [INFO] [1783321463.505640441] [foxglove_bridge]: publishing connection graph
[foxglove_bridge-1] [INFO] [1783321464.299576413] [foxglove_bridge]: publishing connection graph
[foxglove_bridge-1] [INFO] [1783321464.847855815] [foxglove_bridge]: publishing connection graph
[foxglove_bridge-1] [INFO] [1783321465.477933240] [foxglove_bridge]: publishing connection graph
[foxglove_bridge-1] [INFO] [1783321466.016567557] [foxglove_bridge]: publishing connection graph
[foxglove_bridge-1] [ERROR] [1783321467.598993119] [foxglove_bridge]: Failed to retrieve parameters from node '/bt_navigator_navigate_to_pose_rclcpp_node': Failed to retrieve parameter names for node '/bt_navigator_navigate_to_pose_rclcpp_node'
[foxglove_bridge-1] [WARN] [1783321467.599250994] [foxglove_bridge]: Adding node /bt_navigator_navigate_to_pose_rclcpp_node to the ignore list to prevent repeated timeouts or failures in future parameter requests.
[foxglove_bridge-1] [ERROR] [1783321467.920881583] [foxglove_bridge]: Failed to retrieve parameters from node '/bt_navigator_navigate_through_poses_rclcpp_node': Failed to retrieve parameter names for node '/bt_navigator_navigate_through_poses_rclcpp_node'
[foxglove_bridge-1] [WARN] [1783321467.921051833] [foxglove_bridge]: Adding node /bt_navigator_navigate_through_poses_rclcpp_node to the ignore list to prevent repeated timeouts or failures in future parameter requests.
[foxglove_bridge-1] [INFO] [1783321470.284817773] [foxglove_bridge]: publishing connection graph
[foxglove_bridge-1] [INFO] [1783321470.960718583] [foxglove_bridge]: publishing connection graph
[foxglove_bridge-1] [INFO] [1783321471.504890856] [foxglove_bridge]: publishing connection graph
[foxglove_bridge-1] [INFO] [1783321472.246917474] [foxglove_bridge]: publishing connection graph
[foxglove_bridge-1] [INFO] [1783321472.860167307] [foxglove_bridge]: publishing connection graph
[foxglove_bridge-1] [INFO] [1783321473.402910037] [foxglove_bridge]: publishing connection graph
[foxglove_bridge-1] [INFO] [1783321474.728654104] [foxglove_bridge]: publishing connection graph
[foxglove_bridge-1] [INFO] [1783321475.272384458] [foxglove_bridge]: publishing connection graph
[foxglove_bridge-1] [INFO] [1783321476.321806281] [foxglove_bridge]: publishing connection graph
[foxglove_bridge-1] [INFO] [1783321477.008978423] [foxglove_bridge]: publishing connection graph
[foxglove_bridge-1] [INFO] [1783321477.518374601] [foxglove_bridge]: Advertising new channel 50 for topic "/behavior_tree_log"
[foxglove_bridge-1] [INFO] [1783321477.558552695] [foxglove_bridge]: publishing connection graph
[foxglove_bridge-1] [INFO] [1783321478.536173664] [foxglove_bridge]: publishing connection graph
[foxglove_bridge-1] [INFO] [1783321479.361168757] [foxglove_bridge]: publishing connection graph
[foxglove_bridge-1] [INFO] [1783321480.133189253] [foxglove_bridge]: publishing connection graph
[foxglove_bridge-1] [INFO] [1783321480.744380165] [foxglove_bridge]: publishing connection graph
[foxglove_bridge-1] [INFO] [1783321481.441902390] [foxglove_bridge]: publishing connection graph
[foxglove_bridge-1] [ERROR] [1783321481.683059745] [foxglove_bridge]: Failed to retrieve parameters from node '/nav2_bootstrap_amcl': Failed to retrieve parameter names for node '/nav2_bootstrap_amcl'
[foxglove_bridge-1] [WARN] [1783321481.683241829] [foxglove_bridge]: Adding node /nav2_bootstrap_amcl to the ignore list to prevent repeated timeouts or failures in future parameter requests.
[foxglove_bridge-1] [INFO] [1783321482.003287538] [foxglove_bridge]: publishing connection graph
[foxglove_bridge-1] [INFO] [1783321484.857520367] [foxglove_bridge]: publishing connection graph
[foxglove_bridge-1] [INFO] [1783321485.433631725] [foxglove_bridge]: publishing connection graph
[foxglove_bridge-1] [ERROR] [1783321489.926252048] [foxglove_bridge]: Failed to retrieve parameters from node '/ydlidar_ros2_driver_node': Failed to retrieve parameter names for node '/ydlidar_ros2_driver_node'
[foxglove_bridge-1] [WARN] [1783321489.926437090] [foxglove_bridge]: Adding node /ydlidar_ros2_driver_node to the ignore list to prevent repeated timeouts or failures in future parameter requests.
[foxglove_bridge-1] [ERROR] [1783321489.932035133] [foxglove_bridge]: Failed to retrieve parameters from node '/amcl': Failed to retrieve parameter names for node '/amcl'
[foxglove_bridge-1] [WARN] [1783321489.932273008] [foxglove_bridge]: Adding node /amcl to the ignore list to prevent repeated timeouts or failures in future parameter requests.
[foxglove_bridge-1] [INFO] [1783321490.016680988] [foxglove_bridge]: publishing connection graph
[foxglove_bridge-1] [INFO] [1783321490.587754759] [foxglove_bridge]: publishing connection graph
[foxglove_bridge-1] [ERROR] [1783321496.711889303] [foxglove_bridge]: Failed to retrieve parameters from node '/global_costmap/global_costmap': Timed out waiting for 39 parameter(s) from node '/global_costmap/global_costmap'
[foxglove_bridge-1] [WARN] [1783321496.712099928] [foxglove_bridge]: Adding node /global_costmap/global_costmap to the ignore list to prevent repeated timeouts or failures in future parameter requests.
[foxglove_bridge-1] [ERROR] [1783321496.712241220] [foxglove_bridge]: Failed to retrieve parameters from node '/smoother_server': Timed out waiting for 13 parameter(s) from node '/smoother_server'
[foxglove_bridge-1] [WARN] [1783321496.712298303] [foxglove_bridge]: Adding node /smoother_server to the ignore list to prevent repeated timeouts or failures in future parameter requests.
[foxglove_bridge-1] [ERROR] [1783321496.712368595] [foxglove_bridge]: Failed to retrieve parameters from node '/waypoint_follower': Failed to retrieve parameter names for node '/waypoint_follower'
[foxglove_bridge-1] [WARN] [1783321496.712411512] [foxglove_bridge]: Adding node /waypoint_follower to the ignore list to prevent repeated timeouts or failures in future parameter requests.
[foxglove_bridge-1] [ERROR] [1783321496.712481345] [foxglove_bridge]: Failed to retrieve parameters from node '/velocity_smoother': Timed out waiting for 13 parameter(s) from node '/velocity_smoother'
[foxglove_bridge-1] [WARN] [1783321496.712525595] [foxglove_bridge]: Adding node /velocity_smoother to the ignore list to prevent repeated timeouts or failures in future parameter requests.
[foxglove_bridge-1] [ERROR] [1783321496.712683637] [foxglove_bridge]: Failed to retrieve parameters from node '/lifecycle_manager_navigation': Failed to retrieve parameter names for node '/lifecycle_manager_navigation'
[foxglove_bridge-1] [WARN] [1783321496.712735762] [foxglove_bridge]: Adding node /lifecycle_manager_navigation to the ignore list to prevent repeated timeouts or failures in future parameter requests.
[foxglove_bridge-1] [ERROR] [1783321496.715027054] [foxglove_bridge]: Failed to retrieve parameters from node '/simple_scan_filter': Failed to retrieve parameter names for node '/simple_scan_filter'
[foxglove_bridge-1] [WARN] [1783321496.715182512] [foxglove_bridge]: Adding node /simple_scan_filter to the ignore list to prevent repeated timeouts or failures in future parameter requests.
[foxglove_bridge-1] [ERROR] [1783321496.715352262] [foxglove_bridge]: Failed to retrieve parameters from node '/nav2_wait_amcl_settle': Failed to retrieve parameter names for node '/nav2_wait_amcl_settle'
[foxglove_bridge-1] [WARN] [1783321496.715420304] [foxglove_bridge]: Adding node /nav2_wait_amcl_settle to the ignore list to prevent repeated timeouts or failures in future parameter requests.
[foxglove_bridge-1] [ERROR] [1783321496.717132721] [foxglove_bridge]: Failed to retrieve parameters from node '/map_server': Timed out waiting for 5 parameter(s) from node '/map_server'
[foxglove_bridge-1] [WARN] [1783321496.717293721] [foxglove_bridge]: Adding node /map_server to the ignore list to prevent repeated timeouts or failures in future parameter requests.
[foxglove_bridge-1] [ERROR] [1783321496.717483680] [foxglove_bridge]: Failed to retrieve parameters from node '/behavior_server': Failed to retrieve parameter names for node '/behavior_server'
[foxglove_bridge-1] [WARN] [1783321496.717550888] [foxglove_bridge]: Adding node /behavior_server to the ignore list to prevent repeated timeouts or failures in future parameter requests.
[foxglove_bridge-1] [ERROR] [1783321496.717684596] [foxglove_bridge]: Failed to retrieve parameters from node '/static_transform_publisher_Tj87px70CX4umuG0': Timed out waiting for 17 parameter(s) from node '/static_transform_publisher_Tj87px70CX4umuG0'
[foxglove_bridge-1] [WARN] [1783321496.717740305] [foxglove_bridge]: Adding node /static_transform_publisher_Tj87px70CX4umuG0 to the ignore list to prevent repeated timeouts or failures in future parameter requests.
[foxglove_bridge-1] [ERROR] [1783321496.717863763] [foxglove_bridge]: Failed to retrieve parameters from node '/lifecycle_manager_localization': Failed to retrieve parameter names for node '/lifecycle_manager_localization'
[foxglove_bridge-1] [WARN] [1783321496.717914721] [foxglove_bridge]: Adding node /lifecycle_manager_localization to the ignore list to prevent repeated timeouts or failures in future parameter requests.
[foxglove_bridge-1] [ERROR] [1783321496.718029013] [foxglove_bridge]: Failed to retrieve parameters from node '/bt_navigator': Failed to retrieve parameter names for node '/bt_navigator'
[foxglove_bridge-1] [WARN] [1783321496.718077763] [foxglove_bridge]: Adding node /bt_navigator to the ignore list to prevent repeated timeouts or failures in future parameter requests.
[foxglove_bridge-1] [ERROR] [1783321496.718214346] [foxglove_bridge]: Failed to retrieve parameters from node '/local_costmap/local_costmap': Failed to retrieve parameter names for node '/local_costmap/local_costmap'
[foxglove_bridge-1] [WARN] [1783321496.718264721] [foxglove_bridge]: Adding node /local_costmap/local_costmap to the ignore list to prevent repeated timeouts or failures in future parameter requests.
[foxglove_bridge-1] [ERROR] [1783321504.774770328] [foxglove_bridge]: Failed to retrieve parameters from node '/planner_server': Failed to retrieve parameter names for node '/planner_server'
[foxglove_bridge-1] [WARN] [1783321504.774979245] [foxglove_bridge]: Adding node /planner_server to the ignore list to prevent repeated timeouts or failures in future parameter requests.
[foxglove_bridge-1] [ERROR] [1783321511.624274177] [foxglove_bridge]: Failed to retrieve parameters from node '/m1_pwm_cmd_vel_bridge': Timed out waiting for 1 parameter(s) from node '/m1_pwm_cmd_vel_bridge'
[foxglove_bridge-1] [WARN] [1783321511.624453177] [foxglove_bridge]: Adding node /m1_pwm_cmd_vel_bridge to the ignore list to prevent repeated timeouts or failures in future parameter requests.
[foxglove_bridge-1] [INFO] [1783321539.901355062] [foxglove_bridge]: publishing connection graph
[foxglove_bridge-1] [INFO] [1783321540.557303253] [foxglove_bridge]: publishing connection graph
[foxglove_bridge-1] [INFO] [1783321541.896211863] [foxglove_bridge]: publishing connection graph
[foxglove_bridge-1] [INFO] [1783321544.689664289] [foxglove_bridge]: publishing connection graph
[foxglove_bridge-1] [INFO] [1783321545.329378170] [foxglove_bridge]: publishing connection graph
[foxglove_bridge-1] [INFO] [1783321547.670227097] [foxglove_bridge]: publishing connection graph
[foxglove_bridge-1] [INFO] [1783321549.143969044] [foxglove_bridge]: publishing connection graph
[foxglove_bridge-1] [INFO] [1783321550.195432491] [foxglove_bridge]: publishing connection graph
[foxglove_bridge-1] [INFO] [1783321551.173600629] [foxglove_bridge]: publishing connection graph
[foxglove_bridge-1] [INFO] [1783321552.010922072] [foxglove_bridge]: publishing connection graph
[foxglove_bridge-1] [INFO] [1783321552.641950562] [foxglove_bridge]: publishing connection graph
[foxglove_bridge-1] [INFO] [1783321554.189601927] [foxglove_bridge]: publishing connection graph
[foxglove_bridge-1] [INFO] [1783321554.786173763] [foxglove_bridge]: publishing connection graph
[foxglove_bridge-1] [INFO] [1783321556.704776949] [foxglove_bridge]: publishing connection graph
[foxglove_bridge-1] [INFO] [1783321557.315480877] [foxglove_bridge]: publishing connection graph
[foxglove_bridge-1] [ERROR] [1783321561.749526219] [foxglove_bridge]: Failed to retrieve parameters from node '/pose_memory_node': Failed to retrieve parameter names for node '/pose_memory_node'
[foxglove_bridge-1] [WARN] [1783321561.749719178] [foxglove_bridge]: Adding node /pose_memory_node to the ignore list to prevent repeated timeouts or failures in future parameter requests.
[foxglove_bridge-1] [INFO] [1783321562.225005580] [foxglove_bridge]: publishing connection graph
[foxglove_bridge-1] [INFO] [1783321562.891497085] [foxglove_bridge]: publishing connection graph
[foxglove_bridge-1] [INFO] [1783321563.405528182] [foxglove_bridge]: Advertising new channel 51 for topic "/foxglove_map_viz"
[foxglove_bridge-1] [INFO] [1783321563.409701060] [foxglove_bridge]: Advertising new channel 52 for topic "/foxglove_goal_pose"
[foxglove_bridge-1] [INFO] [1783321563.413656147] [foxglove_bridge]: Advertising new channel 53 for topic "/foxglove_goal_point"
[foxglove_bridge-1] [INFO] [1783321563.416019315] [foxglove_bridge]: Advertising new channel 54 for topic "/foxglove_click_planned_path"
[foxglove_bridge-1] [INFO] [1783321563.428261866] [foxglove_bridge]: Advertising new channel 55 for topic "/foxglove_click_path_marker"
[foxglove_bridge-1] [INFO] [1783321563.433024411] [foxglove_bridge]: received subscribe request for channel 51 from client 2
[foxglove_bridge-1] [INFO] [1783321563.434213204] [foxglove_bridge]: Advertising new channel 56 for topic "/foxglove_click_goal_marker"
[foxglove_bridge-1] [INFO] [1783321563.434814288] [foxglove_bridge]: Advertising new channel 57 for topic "/foxglove_click_goal_label"
[foxglove_bridge-1] [INFO] [1783321563.438325999] [foxglove_bridge]: Advertising new channel 58 for topic "/foxglove_click_accepted_goal"
[foxglove_bridge-1] [INFO] [1783321563.438860249] [foxglove_bridge]: Advertising new channel 59 for topic "/foxglove_click_trajectory_dots"
[foxglove_bridge-1] [INFO] [1783321563.439160833] [foxglove_bridge]: Advertising new channel 60 for topic "/foxglove_click_start_marker"
[foxglove_bridge-1] [INFO] [1783321563.482193532] [foxglove_bridge]: Created ROS subscription on /foxglove_map_viz (nav_msgs/msg/OccupancyGrid) for channel 51
[foxglove_bridge-1] [INFO] [1783321563.482561782] [foxglove_bridge]: received subscribe request for channel 52 from client 2
[foxglove_bridge-1] [INFO] [1783321563.519713352] [foxglove_bridge]: Created ROS subscription on /foxglove_goal_pose (geometry_msgs/msg/PoseStamped) for channel 52
[foxglove_bridge-1] [INFO] [1783321563.520554436] [foxglove_bridge]: received subscribe request for channel 55 from client 2
[foxglove_bridge-1] [INFO] [1783321563.858355191] [foxglove_bridge]: Created ROS subscription on /foxglove_click_path_marker (visualization_msgs/msg/Marker) for channel 55
[foxglove_bridge-1] [INFO] [1783321563.892228592] [foxglove_bridge]: received subscribe request for channel 56 from client 2
[foxglove_bridge-1] [INFO] [1783321563.949522177] [foxglove_bridge]: Created ROS subscription on /foxglove_click_goal_marker (visualization_msgs/msg/Marker) for channel 56
[foxglove_bridge-1] [INFO] [1783321563.951365012] [foxglove_bridge]: received subscribe request for channel 57 from client 2
[foxglove_bridge-1] [INFO] [1783321564.008171555] [foxglove_bridge]: Created ROS subscription on /foxglove_click_goal_label (visualization_msgs/msg/Marker) for channel 57
[foxglove_bridge-1] [INFO] [1783321564.008566138] [foxglove_bridge]: received subscribe request for channel 58 from client 2
[foxglove_bridge-1] [INFO] [1783321564.084023112] [foxglove_bridge]: Created ROS subscription on /foxglove_click_accepted_goal (geometry_msgs/msg/PoseStamped) for channel 58
[foxglove_bridge-1] [INFO] [1783321564.084308737] [foxglove_bridge]: received subscribe request for channel 59 from client 2
[foxglove_bridge-1] [INFO] [1783321564.180713393] [foxglove_bridge]: Created ROS subscription on /foxglove_click_trajectory_dots (visualization_msgs/msg/Marker) for channel 59
[foxglove_bridge-1] [INFO] [1783321564.183603020] [foxglove_bridge]: received subscribe request for channel 60 from client 2
[foxglove_bridge-1] [INFO] [1783321564.400147142] [foxglove_bridge]: Created ROS subscription on /foxglove_click_start_marker (visualization_msgs/msg/Marker) for channel 60
[foxglove_bridge-1] [INFO] [1783321564.777560176] [foxglove_bridge]: publishing connection graph
[foxglove_bridge-1] [INFO] [1783321565.833926930] [foxglove_bridge]: publishing connection graph
[foxglove_bridge-1] [INFO] [1783321566.543439546] [foxglove_bridge]: publishing connection graph
[foxglove_bridge-1] [INFO] [1783321588.217648637] [foxglove_bridge]: publishing connection graph
[foxglove_bridge-1] [INFO] [1783321589.095349344] [foxglove_bridge]: publishing connection graph
[foxglove_bridge-1] [ERROR] [1783321589.809488351] [foxglove_bridge]: Exception thrown in rosgraphPollThread: failed to get service names and types by node: error not set
[foxglove_bridge-1] [INFO] [1783321589.946640406] [foxglove_bridge]: publishing connection graph
[foxglove_bridge-1] [INFO] [1783321601.129898764] [foxglove_bridge]: publishing connection graph
[foxglove_bridge-1] [INFO] [1783321601.820149073] [foxglove_bridge]: publishing connection graph
[foxglove_bridge-1] [INFO] [1783321603.154866281] [foxglove_bridge]: publishing connection graph
[foxglove_bridge-1] [INFO] [1783321603.833916163] [foxglove_bridge]: publishing connection graph
[foxglove_bridge-1] [ERROR] [1783321606.162419753] [foxglove_bridge]: Failed to retrieve parameters from node '/foxglove_click_goal_bridge': Failed to retrieve parameter names for node '/foxglove_click_goal_bridge'
[foxglove_bridge-1] [WARN] [1783321606.162627670] [foxglove_bridge]: Adding node /foxglove_click_goal_bridge to the ignore list to prevent repeated timeouts or failures in future parameter requests.
[foxglove_bridge-1] [INFO] [1783321631.720921152] [foxglove_bridge]: publishing connection graph
[foxglove_bridge-1] [INFO] [1783321632.618555891] [foxglove_bridge]: publishing connection graph
[foxglove_bridge-1] [INFO] [1783321633.254642879] [foxglove_bridge]: publishing connection graph
[foxglove_bridge-1] [INFO] [1783321635.351744377] [foxglove_bridge]: publishing connection graph
[foxglove_bridge-1] [INFO] [1783321636.075699084] [foxglove_bridge]: publishing connection graph
[foxglove_bridge-1] [INFO] [1783321651.916958102] [foxglove_bridge]: publishing connection graph
[foxglove_bridge-1] [INFO] [1783321652.648617170] [foxglove_bridge]: publishing connection graph
[foxglove_bridge-1] [INFO] [1783321672.945179484] [foxglove_bridge]: publishing connection graph
[foxglove_bridge-1] [INFO] [1783321673.826289698] [foxglove_bridge]: publishing connection graph
[foxglove_bridge-1] [INFO] [1783321676.996819551] [foxglove_bridge]: publishing connection graph
[foxglove_bridge-1] [INFO] [1783321677.723095256] [foxglove_bridge]: publishing connection graph
[foxglove_bridge-1] [INFO] [1783321813.724844149] [foxglove_bridge]: publishing connection graph
[foxglove_bridge-1] [INFO] [1783321814.422337613] [foxglove_bridge]: publishing connection graph
[foxglove_bridge-1] [INFO] [1783321816.703872562] [foxglove_bridge]: publishing connection graph
[foxglove_bridge-1] [INFO] [1783321817.534277157] [foxglove_bridge]: publishing connection graph
[foxglove_bridge-1] [INFO] [1783321818.156540167] [foxglove_bridge]: publishing connection graph
