[INFO] [launch]: All log files can be found below /root/.ros/log/2026-07-06-15-04-07-408998-ubuntu-30118
[INFO] [launch]: Default logging verbosity is set to INFO
[INFO] [map_server-1]: process started with pid [30157]
[INFO] [amcl-2]: process started with pid [30159]
[INFO] [lifecycle_manager-3]: process started with pid [30161]
[INFO] [controller_server-4]: process started with pid [30163]
[INFO] [smoother_server-5]: process started with pid [30165]
[INFO] [planner_server-6]: process started with pid [30167]
[INFO] [behavior_server-7]: process started with pid [30169]
[INFO] [bt_navigator-8]: process started with pid [30171]
[INFO] [waypoint_follower-9]: process started with pid [30175]
[INFO] [velocity_smoother-10]: process started with pid [30189]
[INFO] [lifecycle_manager-11]: process started with pid [30210]
[lifecycle_manager-3] [INFO] [1783321449.886119170] [lifecycle_manager_localization]: Creating
[lifecycle_manager-3] [INFO] [1783321449.961725401] [lifecycle_manager_localization]: [34m[1mCreating and initializing lifecycle service clients[0m[0m
[controller_server-4] [INFO] [1783321450.035077756] [controller_server]: 
[controller_server-4] 	controller_server lifecycle node launched. 
[controller_server-4] 	Waiting on external lifecycle transitions to activate
[controller_server-4] 	See https://design.ros2.org/articles/node_lifecycle.html for more information.
[controller_server-4] [INFO] [1783321450.128134658] [controller_server]: Creating controller server
[map_server-1] [INFO] [1783321450.161016417] [map_server]: 
[map_server-1] 	map_server lifecycle node launched. 
[map_server-1] 	Waiting on external lifecycle transitions to activate
[map_server-1] 	See https://design.ros2.org/articles/node_lifecycle.html for more information.
[map_server-1] [INFO] [1783321450.161666459] [map_server]: Creating
[amcl-2] [INFO] [1783321450.188565384] [amcl]: 
[amcl-2] 	amcl lifecycle node launched. 
[amcl-2] 	Waiting on external lifecycle transitions to activate
[amcl-2] 	See https://design.ros2.org/articles/node_lifecycle.html for more information.
[amcl-2] [INFO] [1783321450.190694051] [amcl]: Creating
[smoother_server-5] [INFO] [1783321450.207128389] [smoother_server]: 
[smoother_server-5] 	smoother_server lifecycle node launched. 
[smoother_server-5] 	Waiting on external lifecycle transitions to activate
[smoother_server-5] 	See https://design.ros2.org/articles/node_lifecycle.html for more information.
[smoother_server-5] [INFO] [1783321450.259383529] [smoother_server]: Creating smoother server
[planner_server-6] [INFO] [1783321450.288984663] [planner_server]: 
[planner_server-6] 	planner_server lifecycle node launched. 
[planner_server-6] 	Waiting on external lifecycle transitions to activate
[planner_server-6] 	See https://design.ros2.org/articles/node_lifecycle.html for more information.
[waypoint_follower-9] [INFO] [1783321450.296283624] [waypoint_follower]: 
[waypoint_follower-9] 	waypoint_follower lifecycle node launched. 
[waypoint_follower-9] 	Waiting on external lifecycle transitions to activate
[waypoint_follower-9] 	See https://design.ros2.org/articles/node_lifecycle.html for more information.
[waypoint_follower-9] [INFO] [1783321450.298542333] [waypoint_follower]: Creating
[planner_server-6] [INFO] [1783321450.311082003] [planner_server]: Creating
[velocity_smoother-10] [INFO] [1783321450.328568091] [velocity_smoother]: 
[velocity_smoother-10] 	velocity_smoother lifecycle node launched. 
[velocity_smoother-10] 	Waiting on external lifecycle transitions to activate
[velocity_smoother-10] 	See https://design.ros2.org/articles/node_lifecycle.html for more information.
[behavior_server-7] [INFO] [1783321450.366108269] [behavior_server]: 
[behavior_server-7] 	behavior_server lifecycle node launched. 
[behavior_server-7] 	Waiting on external lifecycle transitions to activate
[behavior_server-7] 	See https://design.ros2.org/articles/node_lifecycle.html for more information.
[lifecycle_manager-11] [INFO] [1783321450.563579077] [lifecycle_manager_navigation]: Creating
[controller_server-4] [INFO] [1783321450.611859632] [local_costmap.local_costmap]: 
[controller_server-4] 	local_costmap lifecycle node launched. 
[controller_server-4] 	Waiting on external lifecycle transitions to activate
[controller_server-4] 	See https://design.ros2.org/articles/node_lifecycle.html for more information.
[controller_server-4] [INFO] [1783321450.625820345] [local_costmap.local_costmap]: Creating Costmap
[bt_navigator-8] [INFO] [1783321450.633222930] [bt_navigator]: 
[bt_navigator-8] 	bt_navigator lifecycle node launched. 
[bt_navigator-8] 	Waiting on external lifecycle transitions to activate
[bt_navigator-8] 	See https://design.ros2.org/articles/node_lifecycle.html for more information.
[bt_navigator-8] [INFO] [1783321450.633843180] [bt_navigator]: Creating
[lifecycle_manager-11] [INFO] [1783321450.690801614] [lifecycle_manager_navigation]: [34m[1mCreating and initializing lifecycle service clients[0m[0m
[planner_server-6] [INFO] [1783321451.116223030] [global_costmap.global_costmap]: 
[planner_server-6] 	global_costmap lifecycle node launched. 
[planner_server-6] 	Waiting on external lifecycle transitions to activate
[planner_server-6] 	See https://design.ros2.org/articles/node_lifecycle.html for more information.
[planner_server-6] [INFO] [1783321451.134933910] [global_costmap.global_costmap]: Creating Costmap
[lifecycle_manager-3] [INFO] [1783321451.559528700] [lifecycle_manager_localization]: [34m[1mStarting managed nodes bringup...[0m[0m
[lifecycle_manager-3] [INFO] [1783321451.562506743] [lifecycle_manager_localization]: [34m[1mConfiguring map_server[0m[0m
[map_server-1] [INFO] [1783321451.567144619] [map_server]: Configuring
[map_server-1] [INFO] [1783321451.567442661] [map_io]: Loading yaml file: /root/rdk_x5_vln_robot/maps/joy_calibrated_corridor_map.yaml
[map_server-1] [INFO] [1783321451.568485744] [map_io]: resolution: 0.05
[map_server-1] [INFO] [1783321451.568567619] [map_io]: origin[0]: -6.19
[map_server-1] [INFO] [1783321451.568598328] [map_io]: origin[1]: -5
[map_server-1] [INFO] [1783321451.568626619] [map_io]: origin[2]: 0
[map_server-1] [INFO] [1783321451.568655619] [map_io]: free_thresh: 0.25
[map_server-1] [INFO] [1783321451.568684328] [map_io]: occupied_thresh: 0.65
[map_server-1] [INFO] [1783321451.568721119] [map_io]: mode: trinary
[map_server-1] [INFO] [1783321451.568751578] [map_io]: negate: 0
[map_server-1] [INFO] [1783321451.569548536] [map_io]: Loading image_file: /root/rdk_x5_vln_robot/maps/joy_calibrated_corridor_map.pgm
[map_server-1] [INFO] [1783321451.603089421] [map_io]: Read map /root/rdk_x5_vln_robot/maps/joy_calibrated_corridor_map.pgm: 143 X 171 map @ 0.05 m/cell
[lifecycle_manager-3] [INFO] [1783321451.703513534] [lifecycle_manager_localization]: [34m[1mConfiguring amcl[0m[0m
[amcl-2] [INFO] [1783321451.705143076] [amcl]: Configuring
[amcl-2] [INFO] [1783321451.705524326] [amcl]: initTransforms
[amcl-2] [INFO] [1783321451.812912816] [amcl]: initPubSub
[amcl-2] [INFO] [1783321451.865442497] [amcl]: Subscribed to map topic.
[lifecycle_manager-3] [INFO] [1783321451.910406219] [lifecycle_manager_localization]: [34m[1mActivating map_server[0m[0m
[map_server-1] [INFO] [1783321451.911383844] [map_server]: Activating
[map_server-1] [INFO] [1783321451.912320886] [map_server]: Creating bond (map_server) to lifecycle manager.
[amcl-2] [INFO] [1783321451.912834095] [amcl]: Received a 143 X 171 map @ 0.050 m/pix
[lifecycle_manager-3] [INFO] [1783321452.068051765] [lifecycle_manager_localization]: Server map_server connected with bond.
[lifecycle_manager-3] [INFO] [1783321452.068269140] [lifecycle_manager_localization]: [34m[1mActivating amcl[0m[0m
[amcl-2] [INFO] [1783321452.069175057] [amcl]: Activating
[amcl-2] [INFO] [1783321452.069377348] [amcl]: Creating bond (amcl) to lifecycle manager.
[amcl-2] [INFO] [1783321452.121261530] [amcl]: createLaserObject
[lifecycle_manager-3] [INFO] [1783321452.190518550] [lifecycle_manager_localization]: Server amcl connected with bond.
[lifecycle_manager-3] [INFO] [1783321452.190665592] [lifecycle_manager_localization]: [34m[1mManaged nodes are active[0m[0m
[lifecycle_manager-3] [INFO] [1783321452.190721675] [lifecycle_manager_localization]: [34m[1mCreating bond timer...[0m[0m
[lifecycle_manager-11] [INFO] [1783321452.759225882] [lifecycle_manager_navigation]: Waiting for service controller_server/get_state...
[amcl-2] [WARN] [1783321453.719699410] [amcl]: AMCL cannot publish a pose or update the transform. Please set the initial pose...
[amcl-2] [INFO] [1783321453.910695965] [amcl]: Message Filter dropping message: frame 'laser' at time 1783321451.712 for reason 'the timestamp on the message is earlier than all the data in the transform cache'
[lifecycle_manager-11] [INFO] [1783321453.724409161] [lifecycle_manager_navigation]: [34m[1mStarting managed nodes bringup...[0m[0m
[lifecycle_manager-11] [INFO] [1783321453.724604244] [lifecycle_manager_navigation]: [34m[1mConfiguring controller_server[0m[0m
[lifecycle_manager-11] [INFO] [1783321454.070133178] [lifecycle_manager_navigation]: [34m[1mConfiguring smoother_server[0m[0m
[lifecycle_manager-11] [INFO] [1783321454.200363465] [lifecycle_manager_navigation]: [34m[1mConfiguring planner_server[0m[0m
[lifecycle_manager-11] [INFO] [1783321454.431450657] [lifecycle_manager_navigation]: [34m[1mConfiguring behavior_server[0m[0m
[controller_server-4] [INFO] [1783321453.725854995] [controller_server]: Configuring controller interface
[controller_server-4] [INFO] [1783321453.726532578] [controller_server]: getting goal checker plugins..
[controller_server-4] [INFO] [1783321453.727031245] [controller_server]: Controller frequency set to 10.0000Hz
[controller_server-4] [INFO] [1783321453.727275870] [local_costmap.local_costmap]: Configuring
[controller_server-4] [INFO] [1783321453.770126091] [local_costmap.local_costmap]: Using plugin "static_layer"
[controller_server-4] [INFO] [1783321453.790057472] [local_costmap.local_costmap]: Subscribing to the map topic (/map) with transient local durability
[controller_server-4] [INFO] [1783321453.798189807] [local_costmap.local_costmap]: Initialized plugin "static_layer"
[controller_server-4] [INFO] [1783321453.798331724] [local_costmap.local_costmap]: Using plugin "voxel_layer"
[controller_server-4] [INFO] [1783321453.805088434] [local_costmap.local_costmap]: Subscribed to Topics: scan
[controller_server-4] [INFO] [1783321453.849495614] [local_costmap.local_costmap]: Initialized plugin "voxel_layer"
[controller_server-4] [INFO] [1783321453.849643031] [local_costmap.local_costmap]: Using plugin "inflation_layer"
[controller_server-4] [INFO] [1783321453.857659116] [local_costmap.local_costmap]: Initialized plugin "inflation_layer"
[controller_server-4] [INFO] [1783321453.938480765] [local_costmap.local_costmap]: StaticLayer: Resizing static layer to 143 X 171 at 0.050000 m/pix
[controller_server-4] [INFO] [1783321453.940566099] [controller_server]: Created progress_checker : progress_checker of type nav2_controller::SimpleProgressChecker
[controller_server-4] [INFO] [1783321453.946008183] [controller_server]: Created goal checker : general_goal_checker of type nav2_controller::SimpleGoalChecker
[controller_server-4] [INFO] [1783321453.949432476] [controller_server]: Controller Server has general_goal_checker  goal checkers available.
[controller_server-4] [INFO] [1783321453.952265352] [controller_server]: Created controller : FollowPath of type nav2_regulated_pure_pursuit_controller::RegulatedPurePursuitController
[controller_server-4] [INFO] [1783321454.007388993] [controller_server]: Controller Server has FollowPath  controllers available.
[smoother_server-5] [INFO] [1783321454.072108220] [smoother_server]: Configuring smoother server
[smoother_server-5] [INFO] [1783321454.148723117] [smoother_server]: Created smoother : simple_smoother of type nav2_smoother::SimpleSmoother
[smoother_server-5] [INFO] [1783321454.155687869] [smoother_server]: Smoother Server has simple_smoother  smoothers available.
[planner_server-6] [INFO] [1783321454.201395549] [planner_server]: Configuring
[planner_server-6] [INFO] [1783321454.201575924] [global_costmap.global_costmap]: Configuring
[planner_server-6] [INFO] [1783321454.233111933] [global_costmap.global_costmap]: Using plugin "static_layer"
[planner_server-6] [INFO] [1783321454.252826314] [global_costmap.global_costmap]: Subscribing to the map topic (/map) with transient local durability
[planner_server-6] [INFO] [1783321454.260508899] [global_costmap.global_costmap]: Initialized plugin "static_layer"
[planner_server-6] [INFO] [1783321454.260637191] [global_costmap.global_costmap]: Using plugin "inflation_layer"
[planner_server-6] [INFO] [1783321454.264897484] [global_costmap.global_costmap]: Initialized plugin "inflation_layer"
[planner_server-6] [INFO] [1783321454.337481338] [global_costmap.global_costmap]: StaticLayer: Resizing costmap to 143 X 171 at 0.050000 m/pix
[planner_server-6] [INFO] [1783321454.338655797] [planner_server]: Created global planner plugin GridBased of type nav2_navfn_planner/NavfnPlanner
[planner_server-6] [INFO] [1783321454.338801588] [planner_server]: Configuring plugin GridBased of type NavfnPlanner
[planner_server-6] [INFO] [1783321454.344060673] [planner_server]: Planner Server has GridBased  planners available.
[behavior_server-7] [INFO] [1783321454.432669657] [behavior_server]: Configuring
[behavior_server-7] [INFO] [1783321454.491794466] [behavior_server]: Creating behavior plugin spin of type nav2_behaviors/Spin
[behavior_server-7] [INFO] [1783321454.495497258] [behavior_server]: Configuring spin
[behavior_server-7] [INFO] [1783321454.550810733] [behavior_server]: Creating behavior plugin backup of type nav2_behaviors/BackUp
[behavior_server-7] [INFO] [1783321454.554254150] [behavior_server]: Configuring backup
[behavior_server-7] [INFO] [1783321454.602422081] [behavior_server]: Creating behavior plugin drive_on_heading of type nav2_behaviors/DriveOnHeading
[behavior_server-7] [INFO] [1783321454.606027290] [behavior_server]: Configuring drive_on_heading
[behavior_server-7] [INFO] [1783321454.656881680] [behavior_server]: Creating behavior plugin assisted_teleop of type nav2_behaviors/AssistedTeleop
[behavior_server-7] [INFO] [1783321454.665885141] [behavior_server]: Configuring assisted_teleop
[behavior_server-7] [INFO] [1783321454.752617708] [behavior_server]: Creating behavior plugin wait of type nav2_behaviors/Wait
[behavior_server-7] [INFO] [1783321454.759873960] [behavior_server]: Configuring wait
[lifecycle_manager-11] [INFO] [1783321454.813562350] [lifecycle_manager_navigation]: [34m[1mConfiguring bt_navigator[0m[0m
[bt_navigator-8] [INFO] [1783321454.815644101] [bt_navigator]: Configuring
[lifecycle_manager-11] [INFO] [1783321455.472071498] [lifecycle_manager_navigation]: [34m[1mConfiguring waypoint_follower[0m[0m
[waypoint_follower-9] [INFO] [1783321455.474341623] [waypoint_follower]: Configuring
[waypoint_follower-9] [INFO] [1783321455.628602251] [waypoint_follower]: Created waypoint_task_executor : wait_at_waypoint of type nav2_waypoint_follower::WaitAtWaypoint
[lifecycle_manager-11] [INFO] [1783321455.641181630] [lifecycle_manager_navigation]: [34m[1mConfiguring velocity_smoother[0m[0m
[velocity_smoother-10] [INFO] [1783321455.643143755] [velocity_smoother]: Configuring velocity smoother
[lifecycle_manager-11] [INFO] [1783321455.682249183] [lifecycle_manager_navigation]: [34m[1mActivating controller_server[0m[0m
[controller_server-4] [INFO] [1783321455.684211850] [controller_server]: Activating
[controller_server-4] [INFO] [1783321455.684403059] [local_costmap.local_costmap]: Activating
[controller_server-4] [INFO] [1783321455.684467267] [local_costmap.local_costmap]: Checking transform
[controller_server-4] [INFO] [1783321455.684598142] [local_costmap.local_costmap]: Timed out waiting for transform from base_link to map to become available, tf error: Invalid frame ID "map" passed to canTransform argument target_frame - frame does not exist
[amcl-2] [WARN] [1783321455.830322976] [amcl]: AMCL cannot publish a pose or update the transform. Please set the initial pose...
[controller_server-4] [INFO] [1783321456.184668369] [local_costmap.local_costmap]: Timed out waiting for transform from base_link to map to become available, tf error: Invalid frame ID "map" passed to canTransform argument target_frame - frame does not exist
[controller_server-4] [INFO] [1783321456.684632137] [local_costmap.local_costmap]: Timed out waiting for transform from base_link to map to become available, tf error: Invalid frame ID "map" passed to canTransform argument target_frame - frame does not exist
[controller_server-4] [INFO] [1783321457.184620238] [local_costmap.local_costmap]: Timed out waiting for transform from base_link to map to become available, tf error: Invalid frame ID "map" passed to canTransform argument target_frame - frame does not exist
[controller_server-4] [INFO] [1783321457.684633381] [local_costmap.local_costmap]: Timed out waiting for transform from base_link to map to become available, tf error: Invalid frame ID "map" passed to canTransform argument target_frame - frame does not exist
[amcl-2] [WARN] [1783321457.909545612] [amcl]: AMCL cannot publish a pose or update the transform. Please set the initial pose...
[controller_server-4] [INFO] [1783321458.184624357] [local_costmap.local_costmap]: Timed out waiting for transform from base_link to map to become available, tf error: Invalid frame ID "map" passed to canTransform argument target_frame - frame does not exist
[controller_server-4] [INFO] [1783321458.684623457] [local_costmap.local_costmap]: Timed out waiting for transform from base_link to map to become available, tf error: Invalid frame ID "map" passed to canTransform argument target_frame - frame does not exist
[controller_server-4] [INFO] [1783321459.184627474] [local_costmap.local_costmap]: Timed out waiting for transform from base_link to map to become available, tf error: Invalid frame ID "map" passed to canTransform argument target_frame - frame does not exist
[controller_server-4] [INFO] [1783321459.684625199] [local_costmap.local_costmap]: Timed out waiting for transform from base_link to map to become available, tf error: Invalid frame ID "map" passed to canTransform argument target_frame - frame does not exist
[amcl-2] [WARN] [1783321460.004007915] [amcl]: AMCL cannot publish a pose or update the transform. Please set the initial pose...
[controller_server-4] [INFO] [1783321460.184634757] [local_costmap.local_costmap]: Timed out waiting for transform from base_link to map to become available, tf error: Invalid frame ID "map" passed to canTransform argument target_frame - frame does not exist
[controller_server-4] [INFO] [1783321460.684658773] [local_costmap.local_costmap]: Timed out waiting for transform from base_link to map to become available, tf error: Invalid frame ID "map" passed to canTransform argument target_frame - frame does not exist
[controller_server-4] [INFO] [1783321461.184629914] [local_costmap.local_costmap]: Timed out waiting for transform from base_link to map to become available, tf error: Invalid frame ID "map" passed to canTransform argument target_frame - frame does not exist
[controller_server-4] [INFO] [1783321461.684620597] [local_costmap.local_costmap]: Timed out waiting for transform from base_link to map to become available, tf error: Invalid frame ID "map" passed to canTransform argument target_frame - frame does not exist
[amcl-2] [WARN] [1783321462.007390896] [amcl]: AMCL cannot publish a pose or update the transform. Please set the initial pose...
[controller_server-4] [INFO] [1783321462.184633779] [local_costmap.local_costmap]: Timed out waiting for transform from base_link to map to become available, tf error: Invalid frame ID "map" passed to canTransform argument target_frame - frame does not exist
[controller_server-4] [INFO] [1783321462.685151836] [local_costmap.local_costmap]: Timed out waiting for transform from base_link to map to become available, tf error: Invalid frame ID "map" passed to canTransform argument target_frame - frame does not exist
[controller_server-4] [INFO] [1783321463.184626143] [local_costmap.local_costmap]: Timed out waiting for transform from base_link to map to become available, tf error: Invalid frame ID "map" passed to canTransform argument target_frame - frame does not exist
[controller_server-4] [INFO] [1783321463.684632033] [local_costmap.local_costmap]: Timed out waiting for transform from base_link to map to become available, tf error: Invalid frame ID "map" passed to canTransform argument target_frame - frame does not exist
[amcl-2] [WARN] [1783321464.098263773] [amcl]: AMCL cannot publish a pose or update the transform. Please set the initial pose...
[controller_server-4] [INFO] [1783321464.184629381] [local_costmap.local_costmap]: Timed out waiting for transform from base_link to map to become available, tf error: Invalid frame ID "map" passed to canTransform argument target_frame - frame does not exist
[controller_server-4] [INFO] [1783321464.684625187] [local_costmap.local_costmap]: Timed out waiting for transform from base_link to map to become available, tf error: Invalid frame ID "map" passed to canTransform argument target_frame - frame does not exist
[controller_server-4] [INFO] [1783321465.184631159] [local_costmap.local_costmap]: Timed out waiting for transform from base_link to map to become available, tf error: Invalid frame ID "map" passed to canTransform argument target_frame - frame does not exist
[controller_server-4] [INFO] [1783321465.684616673] [local_costmap.local_costmap]: Timed out waiting for transform from base_link to map to become available, tf error: Invalid frame ID "map" passed to canTransform argument target_frame - frame does not exist
[amcl-2] [WARN] [1783321466.098674996] [amcl]: AMCL cannot publish a pose or update the transform. Please set the initial pose...
[controller_server-4] [INFO] [1783321466.184630312] [local_costmap.local_costmap]: Timed out waiting for transform from base_link to map to become available, tf error: Invalid frame ID "map" passed to canTransform argument target_frame - frame does not exist
[controller_server-4] [INFO] [1783321466.684646908] [local_costmap.local_costmap]: Timed out waiting for transform from base_link to map to become available, tf error: Invalid frame ID "map" passed to canTransform argument target_frame - frame does not exist
[controller_server-4] [INFO] [1783321467.184642297] [local_costmap.local_costmap]: Timed out waiting for transform from base_link to map to become available, tf error: Invalid frame ID "map" passed to canTransform argument target_frame - frame does not exist
[controller_server-4] [INFO] [1783321467.684654518] [local_costmap.local_costmap]: Timed out waiting for transform from base_link to map to become available, tf error: Invalid frame ID "map" passed to canTransform argument target_frame - frame does not exist
[controller_server-4] [INFO] [1783321468.184662239] [local_costmap.local_costmap]: Timed out waiting for transform from base_link to map to become available, tf error: Invalid frame ID "map" passed to canTransform argument target_frame - frame does not exist
[amcl-2] [WARN] [1783321468.194210992] [amcl]: AMCL cannot publish a pose or update the transform. Please set the initial pose...
[controller_server-4] [INFO] [1783321468.684643751] [local_costmap.local_costmap]: Timed out waiting for transform from base_link to map to become available, tf error: Invalid frame ID "map" passed to canTransform argument target_frame - frame does not exist
[controller_server-4] [INFO] [1783321469.184634097] [local_costmap.local_costmap]: Timed out waiting for transform from base_link to map to become available, tf error: Invalid frame ID "map" passed to canTransform argument target_frame - frame does not exist
[controller_server-4] [INFO] [1783321469.684623776] [local_costmap.local_costmap]: Timed out waiting for transform from base_link to map to become available, tf error: Invalid frame ID "map" passed to canTransform argument target_frame - frame does not exist
[controller_server-4] [INFO] [1783321470.184631954] [local_costmap.local_costmap]: Timed out waiting for transform from base_link to map to become available, tf error: Invalid frame ID "map" passed to canTransform argument target_frame - frame does not exist
[amcl-2] [WARN] [1783321470.307182321] [amcl]: AMCL cannot publish a pose or update the transform. Please set the initial pose...
[controller_server-4] [INFO] [1783321470.685782508] [local_costmap.local_costmap]: Timed out waiting for transform from base_link to map to become available, tf error: Invalid frame ID "map" passed to canTransform argument target_frame - frame does not exist
[controller_server-4] [INFO] [1783321471.184629227] [local_costmap.local_costmap]: Timed out waiting for transform from base_link to map to become available, tf error: Invalid frame ID "map" passed to canTransform argument target_frame - frame does not exist
[controller_server-4] [INFO] [1783321471.684654905] [local_costmap.local_costmap]: Timed out waiting for transform from base_link to map to become available, tf error: Invalid frame ID "map" passed to canTransform argument target_frame - frame does not exist
[controller_server-4] [INFO] [1783321472.184662791] [local_costmap.local_costmap]: Timed out waiting for transform from base_link to map to become available, tf error: Invalid frame ID "map" passed to canTransform argument target_frame - frame does not exist
[amcl-2] [INFO] [1783321472.256230727] [amcl]: initialPoseReceived
[amcl-2] [WARN] [1783321472.256623644] [amcl]: Failed to transform initial pose in time (Lookup would require extrapolation into the future.  Requested time 1783321472.256416 but the latest data is at time 1783321472.240953, when looking up transform from frame [base_link] to frame [odom])
[amcl-2] [INFO] [1783321472.256718810] [amcl]: Setting pose (1783321472.256714): 0.004 -0.266 1.113
[controller_server-4] [INFO] [1783321472.684901301] [local_costmap.local_costmap]: Timed out waiting for transform from base_link to map to become available, tf error: Lookup would require extrapolation into the past.  Requested time 1783321472.674591 but the earliest data is at time 1783321474.180025, when looking up transform from frame [base_link] to frame [map]
[controller_server-4] [INFO] [1783321473.184651187] [local_costmap.local_costmap]: Timed out waiting for transform from base_link to map to become available, tf error: Lookup would require extrapolation into the past.  Requested time 1783321473.174702 but the earliest data is at time 1783321474.180025, when looking up transform from frame [base_link] to frame [map]
[controller_server-4] [INFO] [1783321473.684751364] [local_costmap.local_costmap]: Timed out waiting for transform from base_link to map to become available, tf error: Lookup would require extrapolation into the past.  Requested time 1783321473.674542 but the earliest data is at time 1783321474.180025, when looking up transform from frame [base_link] to frame [map]
[controller_server-4] [INFO] [1783321474.184756790] [local_costmap.local_costmap]: Timed out waiting for transform from base_link to map to become available, tf error: Lookup would require extrapolation into the past.  Requested time 1783321474.174000 but the earliest data is at time 1783321474.180025, when looking up transform from frame [base_link] to frame [map]
[controller_server-4] [INFO] [1783321474.684868175] [local_costmap.local_costmap]: start
[controller_server-4] [INFO] [1783321474.938633202] [controller_server]: Activating controller: FollowPath of type regulated_pure_pursuit_controller::RegulatedPurePursuitController
[controller_server-4] [INFO] [1783321474.939086869] [controller_server]: Creating bond (controller_server) to lifecycle manager.
[lifecycle_manager-11] [INFO] [1783321475.064143694] [lifecycle_manager_navigation]: Server controller_server connected with bond.
[lifecycle_manager-11] [INFO] [1783321475.064329319] [lifecycle_manager_navigation]: [34m[1mActivating smoother_server[0m[0m
[smoother_server-5] [INFO] [1783321475.065566153] [smoother_server]: Activating
[smoother_server-5] [INFO] [1783321475.065770944] [smoother_server]: Creating bond (smoother_server) to lifecycle manager.
[lifecycle_manager-11] [INFO] [1783321475.194229145] [lifecycle_manager_navigation]: Server smoother_server connected with bond.
[lifecycle_manager-11] [INFO] [1783321475.194400312] [lifecycle_manager_navigation]: [34m[1mActivating planner_server[0m[0m
[planner_server-6] [INFO] [1783321475.195841313] [planner_server]: Activating
[planner_server-6] [INFO] [1783321475.196052604] [global_costmap.global_costmap]: Activating
[planner_server-6] [INFO] [1783321475.196125896] [global_costmap.global_costmap]: Checking transform
[planner_server-6] [INFO] [1783321475.196492188] [global_costmap.global_costmap]: start
[amcl-2] [INFO] [1783321475.436092710] [amcl]: initialPoseReceived
[amcl-2] [WARN] [1783321475.436392627] [amcl]: Failed to transform initial pose in time (Lookup would require extrapolation into the future.  Requested time 1783321475.436254 but the latest data is at time 1783321475.407582, when looking up transform from frame [base_link] to frame [odom])
[amcl-2] [INFO] [1783321475.436467294] [amcl]: Setting pose (1783321475.436463): 0.004 -0.266 1.113
[planner_server-6] [INFO] [1783321476.246775761] [planner_server]: Activating plugin GridBased of type NavfnPlanner
[planner_server-6] [INFO] [1783321476.254292138] [planner_server]: Creating bond (planner_server) to lifecycle manager.
[lifecycle_manager-11] [INFO] [1783321476.372438420] [lifecycle_manager_navigation]: Server planner_server connected with bond.
[lifecycle_manager-11] [INFO] [1783321476.372607503] [lifecycle_manager_navigation]: [34m[1mActivating behavior_server[0m[0m
[behavior_server-7] [INFO] [1783321476.374070129] [behavior_server]: Activating
[behavior_server-7] [INFO] [1783321476.374220462] [behavior_server]: Activating spin
[behavior_server-7] [INFO] [1783321476.374284962] [behavior_server]: Activating backup
[behavior_server-7] [INFO] [1783321476.374330629] [behavior_server]: Activating drive_on_heading
[behavior_server-7] [INFO] [1783321476.374376045] [behavior_server]: Activating assisted_teleop
[behavior_server-7] [INFO] [1783321476.374419129] [behavior_server]: Activating wait
[behavior_server-7] [INFO] [1783321476.374479379] [behavior_server]: Creating bond (behavior_server) to lifecycle manager.
[lifecycle_manager-11] [INFO] [1783321476.496924661] [lifecycle_manager_navigation]: Server behavior_server connected with bond.
[lifecycle_manager-11] [INFO] [1783321476.497095620] [lifecycle_manager_navigation]: [34m[1mActivating bt_navigator[0m[0m
[bt_navigator-8] [INFO] [1783321476.499316870] [bt_navigator]: Activating
[bt_navigator-8] [WARN] [1783321477.080961318] [bt_navigator_navigate_to_pose_rclcpp_node]: Wait duration is negative or zero (0). Setting to positive.
[bt_navigator-8] [INFO] [1783321477.089156486] [bt_navigator]: Creating bond (bt_navigator) to lifecycle manager.
[lifecycle_manager-11] [INFO] [1783321477.216754979] [lifecycle_manager_navigation]: Server bt_navigator connected with bond.
[lifecycle_manager-11] [INFO] [1783321477.216966729] [lifecycle_manager_navigation]: [34m[1mActivating waypoint_follower[0m[0m
[waypoint_follower-9] [INFO] [1783321477.218441771] [waypoint_follower]: Activating
[waypoint_follower-9] [INFO] [1783321477.218677896] [waypoint_follower]: Creating bond (waypoint_follower) to lifecycle manager.
[lifecycle_manager-11] [INFO] [1783321477.348281389] [lifecycle_manager_navigation]: Server waypoint_follower connected with bond.
[lifecycle_manager-11] [INFO] [1783321477.348463097] [lifecycle_manager_navigation]: [34m[1mActivating velocity_smoother[0m[0m
[velocity_smoother-10] [INFO] [1783321477.350109931] [velocity_smoother]: Activating
[velocity_smoother-10] [INFO] [1783321477.350382514] [velocity_smoother]: Creating bond (velocity_smoother) to lifecycle manager.
[lifecycle_manager-11] [INFO] [1783321477.477158215] [lifecycle_manager_navigation]: Server velocity_smoother connected with bond.
[lifecycle_manager-11] [INFO] [1783321477.477331923] [lifecycle_manager_navigation]: [34m[1mManaged nodes are active[0m[0m
[lifecycle_manager-11] [INFO] [1783321477.477390173] [lifecycle_manager_navigation]: [34m[1mCreating bond timer...[0m[0m
[planner_server-6] [WARN] [1783321589.845100251] [planner_server]: No planners specified in action call. Server will use only plugin GridBased  in server. This warning will appear once.
[bt_navigator-8] [INFO] [1783321589.915473259] [bt_navigator]: Begin navigating from current location (-0.01, -0.25) to (0.35, -0.40)
[smoother_server-5] [INFO] [1783321589.979387471] [smoother_server]: Received a path to smooth.
[controller_server-4] [INFO] [1783321590.024029378] [controller_server]: Received a goal, begin computing control effort.
[controller_server-4] [WARN] [1783321590.028042922] [controller_server]: No goal checker was specified in parameter 'current_goal_checker'. Server will use only plugin loaded general_goal_checker . This warning will appear once.
[bt_navigator-8] [WARN] [1783321631.357757045] [BehaviorTreeEngine]: Behavior Tree tick rate 50.00 was exceeded!
[smoother_server-5] [INFO] [1783321640.087869356] [smoother_server]: Received a path to smooth.
[controller_server-4] [INFO] [1783321640.132424551] [controller_server]: Passing new path to controller.
[controller_server-4] [INFO] [1783321640.232362738] [controller_server]: Passing new path to controller.
[bt_navigator-8] [WARN] [1783321643.952751511] [BehaviorTreeEngine]: Behavior Tree tick rate 50.00 was exceeded!
[controller_server-4] [ERROR] [1783321650.032778497] [controller_server]: Failed to make progress
[controller_server-4] [WARN] [1783321650.033180747] [controller_server]: [follow_path] [ActionServer] Aborting handle.
[controller_server-4] [INFO] [1783321650.057924388] [local_costmap.local_costmap]: Received request to clear entirely the local_costmap
[controller_server-4] [INFO] [1783321650.068210644] [controller_server]: Received a goal, begin computing control effort.
[bt_navigator-8] [WARN] [1783321672.726266399] [BehaviorTreeEngine]: Behavior Tree tick rate 50.00 was exceeded!
[bt_navigator-8] [WARN] [1783321672.764781422] [BehaviorTreeEngine]: Behavior Tree tick rate 50.00 was exceeded!
[bt_navigator-8] [WARN] [1783321676.860569099] [BehaviorTreeEngine]: Behavior Tree tick rate 50.00 was exceeded!
[bt_navigator-8] [WARN] [1783321676.982641502] [BehaviorTreeEngine]: Behavior Tree tick rate 50.00 was exceeded!
[smoother_server-5] [INFO] [1783321690.198302478] [smoother_server]: Received a path to smooth.
[controller_server-4] [WARN] [1783321690.237727666] [controller_server]: [follow_path] [ActionServer] Aborting handle.
[controller_server-4] [INFO] [1783321690.269000808] [controller_server]: Passing new path to controller.
[controller_server-4] [ERROR] [1783321710.171725345] [controller_server]: Failed to make progress
[controller_server-4] [WARN] [1783321710.172035428] [controller_server]: [follow_path] [ActionServer] Aborting handle.
[controller_server-4] [INFO] [1783321710.205702071] [local_costmap.local_costmap]: Received request to clear entirely the local_costmap
[planner_server-6] [INFO] [1783321710.217277827] [global_costmap.global_costmap]: Received request to clear entirely the global_costmap
[behavior_server-7] [INFO] [1783321710.221426912] [behavior_server]: Running wait
[behavior_server-7] [INFO] [1783321710.222035954] [behavior_server]: wait completed successfully
[planner_server-6] [WARN] [1783321711.200836631] [planner_server]: Planner loop missed its desired rate of 20.0000 Hz. Current loop rate is 1.0859 Hz
[smoother_server-5] [INFO] [1783321711.237906525] [smoother_server]: Received a path to smooth.
[controller_server-4] [INFO] [1783321711.277756504] [controller_server]: Received a goal, begin computing control effort.
[smoother_server-5] [INFO] [1783321761.337827316] [smoother_server]: Received a path to smooth.
[controller_server-4] [INFO] [1783321761.378109666] [controller_server]: Passing new path to controller.
[controller_server-4] [INFO] [1783321761.478101311] [controller_server]: Passing new path to controller.
[controller_server-4] [ERROR] [1783321771.278310696] [controller_server]: Failed to make progress
[controller_server-4] [WARN] [1783321771.278620154] [controller_server]: [follow_path] [ActionServer] Aborting handle.
[controller_server-4] [INFO] [1783321771.317415422] [local_costmap.local_costmap]: Received request to clear entirely the local_costmap
[controller_server-4] [INFO] [1783321771.319450337] [controller_server]: Received a goal, begin computing control effort.
[controller_server-4] [WARN] [1783321771.490699147] [controller_server]: Control loop missed its desired rate of 10.0000Hz
[smoother_server-5] [INFO] [1783321811.438084917] [smoother_server]: Received a path to smooth.
[controller_server-4] [WARN] [1783321811.477635102] [controller_server]: [follow_path] [ActionServer] Aborting handle.
[controller_server-4] [INFO] [1783321811.519743744] [controller_server]: Passing new path to controller.
