[INFO] [launch]: All log files can be found below /root/.ros/log/2026-07-03-14-45-40-823523-ubuntu-59555
[INFO] [launch]: Default logging verbosity is set to INFO
[INFO] [foxglove_bridge-1]: process started with pid [59641]
[foxglove_bridge-1] [INFO] [1783061141.998684113] [foxglove_bridge]: Starting foxglove_bridge (humble, 3.3.0@)
[foxglove_bridge-1] [INFO] [1783061142.006609654] [foxglove_bridge]: Server listening on port 8765
[foxglove_bridge-1] [INFO] [1783061142.011751070] [foxglove_bridge]: Advertising new channel 2 for topic "/tf_static"
[foxglove_bridge-1] [INFO] [1783061142.011936153] [foxglove_bridge]: Advertising new channel 3 for topic "/tf"
[foxglove_bridge-1] [INFO] [1783061142.012757237] [foxglove_bridge]: Advertising new channel 4 for topic "/rosout"
[foxglove_bridge-1] [INFO] [1783061142.013635778] [foxglove_bridge]: Advertising new channel 5 for topic "/scan"
[foxglove_bridge-1] [INFO] [1783061142.015231445] [foxglove_bridge]: Advertising new channel 6 for topic "/parameter_events"
[foxglove_bridge-1] [INFO] [1783061142.017778694] [foxglove_bridge]: Advertising new channel 7 for topic "/odom"
[foxglove_bridge-1] [INFO] [1783061142.018329736] [foxglove_bridge]: Advertising new channel 8 for topic "/cmd_vel_sent"
[foxglove_bridge-1] [INFO] [1783061142.018460319] [foxglove_bridge]: Advertising new channel 9 for topic "/cmd_vel"
[foxglove_bridge-1] [INFO] [1783061142.018893194] [foxglove_bridge]: Advertising new channel 10 for topic "/chassis_bridge_state"
[foxglove_bridge-1] [INFO] [1783061142.131947640] [foxglove_bridge]: Advertising new channel 11 for topic "/scan_filtered"
[foxglove_bridge-1] [INFO] [1783061142.758783198] [foxglove_bridge]: received connection graph subscribe request
[foxglove_bridge-1] [INFO] [1783061142.759014573] [foxglove_bridge]: received subscribe request for channel 2 from client 1
[foxglove_bridge-1] [INFO] [1783061142.772290321] [foxglove_bridge]: Created ROS subscription on /tf_static (tf2_msgs/msg/TFMessage) for channel 2
[foxglove_bridge-1] [INFO] [1783061142.772591404] [foxglove_bridge]: received subscribe request for channel 3 from client 1
[foxglove_bridge-1] [INFO] [1783061142.776734654] [foxglove_bridge]: Created ROS subscription on /tf (tf2_msgs/msg/TFMessage) for channel 3
[foxglove_bridge-1] [INFO] [1783061142.776975862] [foxglove_bridge]: received subscribe request for channel 11 from client 1
[foxglove_bridge-1] [INFO] [1783061142.785662945] [foxglove_bridge]: Created ROS subscription on /scan_filtered (sensor_msgs/msg/LaserScan) for channel 11
[foxglove_bridge-1] [INFO] [1783061142.959747759] [foxglove_bridge]: received subscribe request for channel 9 from client 2
[foxglove_bridge-1] [INFO] [1783061142.967336467] [foxglove_bridge]: Created ROS subscription on /cmd_vel (geometry_msgs/msg/Twist) for channel 9
[foxglove_bridge-1] [INFO] [1783061142.967593175] [foxglove_bridge]: received subscribe request for channel 3 from client 2
[foxglove_bridge-1] [INFO] [1783061142.967718425] [foxglove_bridge]: received subscribe request for channel 2 from client 2
[foxglove_bridge-1] [INFO] [1783061142.967843842] [foxglove_bridge]: received subscribe request for channel 5 from client 2
[foxglove_bridge-1] [INFO] [1783061142.976812466] [foxglove_bridge]: Created ROS subscription on /scan (sensor_msgs/msg/LaserScan) for channel 5
[foxglove_bridge-1] [INFO] [1783061142.977193966] [foxglove_bridge]: received subscribe request for channel 11 from client 2
[foxglove_bridge-1] [INFO] [1783061143.164846654] [foxglove_bridge]: publishing connection graph
[foxglove_bridge-1] [INFO] [1783061144.317153320] [foxglove_bridge]: publishing connection graph
[foxglove_bridge-1] [INFO] [1783061144.822094516] [foxglove_bridge]: publishing connection graph
[foxglove_bridge-1] [INFO] [1783061144.855489512] [foxglove_bridge]: received subscribe request for channel 3 from client 3
[foxglove_bridge-1] [INFO] [1783061144.855668095] [foxglove_bridge]: received subscribe request for channel 2 from client 3
[foxglove_bridge-1] [INFO] [1783061144.855753762] [foxglove_bridge]: received subscribe request for channel 9 from client 3
[foxglove_bridge-1] [INFO] [1783061144.855826387] [foxglove_bridge]: received subscribe request for channel 11 from client 3
[foxglove_bridge-1] [INFO] [1783061145.326494794] [foxglove_bridge]: publishing connection graph
[foxglove_bridge-1] [INFO] [1783061147.400852777] [foxglove_bridge]: publishing connection graph
[foxglove_bridge-1] [INFO] [1783061147.909215264] [foxglove_bridge]: publishing connection graph
[foxglove_bridge-1] [INFO] [1783061148.413639334] [foxglove_bridge]: publishing connection graph
[foxglove_bridge-1] [INFO] [1783061150.471411443] [foxglove_bridge]: publishing connection graph
[foxglove_bridge-1] [INFO] [1783061150.975528763] [foxglove_bridge]: publishing connection graph
[foxglove_bridge-1] [INFO] [1783061151.479772167] [foxglove_bridge]: publishing connection graph
[foxglove_bridge-1] [INFO] [1783061151.983880487] [foxglove_bridge]: publishing connection graph
[foxglove_bridge-1] [INFO] [1783061153.931900482] [foxglove_bridge]: publishing connection graph
[foxglove_bridge-1] [INFO] [1783061154.455966925] [foxglove_bridge]: publishing connection graph
[foxglove_bridge-1] [INFO] [1783061154.960787911] [foxglove_bridge]: publishing connection graph
[foxglove_bridge-1] [INFO] [1783061155.465268231] [foxglove_bridge]: publishing connection graph
[foxglove_bridge-1] [INFO] [1783061155.969717759] [foxglove_bridge]: publishing connection graph
[foxglove_bridge-1] [INFO] [1783061156.474851704] [foxglove_bridge]: Advertising new channel 12 for topic "/amcl/transition_event"
[foxglove_bridge-1] [INFO] [1783061158.466202652] [foxglove_bridge]: publishing connection graph
[foxglove_bridge-1] [INFO] [1783061158.977520680] [foxglove_bridge]: Advertising new channel 13 for topic "/map_server/transition_event"
[foxglove_bridge-1] [INFO] [1783061158.979021096] [foxglove_bridge]: Advertising new channel 14 for topic "/diagnostics"
[foxglove_bridge-1] [INFO] [1783061158.979535679] [foxglove_bridge]: Advertising new channel 15 for topic "/controller_server/transition_event"
[foxglove_bridge-1] [INFO] [1783061161.712725754] [foxglove_bridge]: publishing connection graph
[foxglove_bridge-1] [INFO] [1783061162.221050531] [foxglove_bridge]: Advertising new channel 16 for topic "/speed_limit"
[foxglove_bridge-1] [INFO] [1783061162.222240240] [foxglove_bridge]: Advertising new channel 17 for topic "/received_global_plan"
[foxglove_bridge-1] [INFO] [1783061162.222621740] [foxglove_bridge]: Advertising new channel 18 for topic "/planner_server/transition_event"
[foxglove_bridge-1] [INFO] [1783061162.225350906] [foxglove_bridge]: Advertising new channel 19 for topic "/particle_cloud"
[foxglove_bridge-1] [INFO] [1783061162.226494864] [foxglove_bridge]: Advertising new channel 20 for topic "/map"
[foxglove_bridge-1] [INFO] [1783061162.227158322] [foxglove_bridge]: Advertising new channel 21 for topic "/lookahead_point"
[foxglove_bridge-1] [INFO] [1783061162.227402864] [foxglove_bridge]: Advertising new channel 22 for topic "/lookahead_collision_arc"
[foxglove_bridge-1] [INFO] [1783061162.228524864] [foxglove_bridge]: Advertising new channel 23 for topic "/local_costmap/voxel_grid"
[foxglove_bridge-1] [INFO] [1783061162.229209114] [foxglove_bridge]: Advertising new channel 24 for topic "/local_costmap/footprint"
[foxglove_bridge-1] [INFO] [1783061162.229785822] [foxglove_bridge]: Advertising new channel 25 for topic "/local_costmap/costmap_updates"
[foxglove_bridge-1] [INFO] [1783061162.230524697] [foxglove_bridge]: Advertising new channel 26 for topic "/preempt_teleop"
[foxglove_bridge-1] [INFO] [1783061162.231927864] [foxglove_bridge]: Advertising new channel 27 for topic "/local_costmap/costmap_raw"
[foxglove_bridge-1] [INFO] [1783061162.232944238] [foxglove_bridge]: Advertising new channel 28 for topic "/initialpose"
[foxglove_bridge-1] [INFO] [1783061162.234123155] [foxglove_bridge]: Advertising new channel 29 for topic "/global_costmap/published_footprint"
[foxglove_bridge-1] [INFO] [1783061162.234612613] [foxglove_bridge]: Advertising new channel 30 for topic "/velocity_smoother/transition_event"
[foxglove_bridge-1] [INFO] [1783061162.234896988] [foxglove_bridge]: Advertising new channel 31 for topic "/plan_smoothed"
[foxglove_bridge-1] [INFO] [1783061162.235277613] [foxglove_bridge]: Advertising new channel 32 for topic "/global_costmap/global_costmap/transition_event"
[foxglove_bridge-1] [INFO] [1783061162.235444363] [foxglove_bridge]: Advertising new channel 33 for topic "/global_costmap/costmap_updates"
[foxglove_bridge-1] [INFO] [1783061162.237424363] [foxglove_bridge]: Advertising new channel 34 for topic "/local_costmap/clearing_endpoints"
[foxglove_bridge-1] [INFO] [1783061162.237770238] [foxglove_bridge]: Advertising new channel 35 for topic "/global_costmap/costmap_raw"
[foxglove_bridge-1] [INFO] [1783061162.237999738] [foxglove_bridge]: Advertising new channel 36 for topic "/local_costmap/published_footprint"
[foxglove_bridge-1] [INFO] [1783061162.239245404] [foxglove_bridge]: Advertising new channel 37 for topic "/global_costmap/costmap"
[foxglove_bridge-1] [INFO] [1783061162.239683821] [foxglove_bridge]: Advertising new channel 38 for topic "/local_costmap/costmap"
[foxglove_bridge-1] [INFO] [1783061162.239895488] [foxglove_bridge]: Advertising new channel 39 for topic "/cmd_vel_teleop"
[foxglove_bridge-1] [INFO] [1783061162.240126571] [foxglove_bridge]: Advertising new channel 40 for topic "/plan"
[foxglove_bridge-1] [INFO] [1783061162.240249154] [foxglove_bridge]: Advertising new channel 41 for topic "/cmd_vel_nav"
[foxglove_bridge-1] [INFO] [1783061162.240357613] [foxglove_bridge]: Advertising new channel 42 for topic "/global_costmap/footprint"
[foxglove_bridge-1] [INFO] [1783061162.240678029] [foxglove_bridge]: Advertising new channel 43 for topic "/smoother_server/transition_event"
[foxglove_bridge-1] [INFO] [1783061162.241016363] [foxglove_bridge]: Advertising new channel 44 for topic "/bt_navigator/transition_event"
[foxglove_bridge-1] [INFO] [1783061162.242326904] [foxglove_bridge]: Advertising new channel 45 for topic "/bond"
[foxglove_bridge-1] [INFO] [1783061162.242931862] [foxglove_bridge]: Advertising new channel 46 for topic "/behavior_server/transition_event"
[foxglove_bridge-1] [INFO] [1783061162.243245446] [foxglove_bridge]: Advertising new channel 47 for topic "/amcl_pose"
[foxglove_bridge-1] [INFO] [1783061162.243627612] [foxglove_bridge]: Advertising new channel 48 for topic "/waypoint_follower/transition_event"
[foxglove_bridge-1] [INFO] [1783061162.244009446] [foxglove_bridge]: Advertising new channel 49 for topic "/local_costmap/local_costmap/transition_event"
