[INFO] [1783326429.510853799] [foxglove_click_goal_bridge]: Foxglove click goal bridge started.
[INFO] [1783326429.514370340] [foxglove_click_goal_bridge]: Listening point click topic:
[INFO] [1783326429.518471715] [foxglove_click_goal_bridge]:   /foxglove_goal_point
[INFO] [1783326429.522322631] [foxglove_click_goal_bridge]:   geometry_msgs/msg/PointStamped
[INFO] [1783326429.525549923] [foxglove_click_goal_bridge]: Listening pose click topic:
[INFO] [1783326429.529008631] [foxglove_click_goal_bridge]:   /foxglove_goal_pose
[INFO] [1783326429.532032923] [foxglove_click_goal_bridge]:   geometry_msgs/msg/PoseStamped
[INFO] [1783326429.535840131] [foxglove_click_goal_bridge]: Recommended Foxglove tool:
[INFO] [1783326429.538892172] [foxglove_click_goal_bridge]:   Publish -> 2D point -> /foxglove_goal_point
[INFO] [1783326429.542612838] [foxglove_click_goal_bridge]: Visual path topic: /foxglove_click_planned_path
[INFO] [1783326429.546138963] [foxglove_click_goal_bridge]: Visual trajectory: /foxglove_click_trajectory_dots (red dots)
[INFO] [1783326429.549361546] [foxglove_click_goal_bridge]: Visual start marker: /foxglove_click_start_marker
[INFO] [1783326429.552666213] [foxglove_click_goal_bridge]: Visual goal marker: /foxglove_click_goal_marker + /foxglove_click_goal_label
[INFO] [1783326429.555777921] [foxglove_click_goal_bridge]: Foxglove map viz: /foxglove_map_viz (use in 3D panel instead of /map)
[INFO] [1783326432.467773771] [foxglove_click_goal_bridge]: >>> CLICK READY: Foxglove 可以单击地图白色区域发送导航目标。 Topic=/foxglove_goal_point, frame=map。 若 scan 与地图错位，请先用 /initialpose 校正。导航进行中会忽略新点击。
[INFO] [1783326759.063738708] [foxglove_click_goal_bridge]: Transformed click from base_link (-3.766, 1.145) -> map (1.668, 2.240)
[INFO] [1783326759.087003932] [foxglove_click_goal_bridge]: Goal marker published at (1.668, 2.240) -> /foxglove_click_goal_marker /foxglove_click_goal_label
[INFO] [1783326759.098533023] [foxglove_click_goal_bridge]: Received Foxglove clicked point: frame_id=base_link, x=1.668, y=2.240, goal_yaw=-1.780
[INFO] [1783326759.106127695] [foxglove_click_goal_bridge]: Goal footprint OK: (1.668, 2.240) -> ok (radius=0.11m)
[INFO] [1783326759.141435344] [foxglove_click_goal_bridge]: [1] Start marker at (-0.233, -1.207) -> /foxglove_click_start_marker
[INFO] [1783326759.162489191] [foxglove_click_goal_bridge]: Goal marker published at (1.668, 2.240) -> /foxglove_click_goal_marker /foxglove_click_goal_label
[INFO] [1783326759.168954279] [foxglove_click_goal_bridge]: [1] Accepted goal: frame=map, x=1.668, y=2.240
[INFO] [1783326759.430888416] [foxglove_click_goal_bridge]: [1] Planned path published: 207 poses -> /foxglove_click_planned_path
[INFO] [1783326759.461440436] [foxglove_click_goal_bridge]: [1] NavigateToPose goal accepted. Robot should start planning/following.
[INFO] [1783326759.478630531] [foxglove_click_goal_bridge]: [1] navigating: distance_remaining=0.000 m, recoveries=0
[INFO] [1783326761.480386142] [foxglove_click_goal_bridge]: [1] navigating: distance_remaining=5.058 m, recoveries=0
[INFO] [1783326763.483147042] [foxglove_click_goal_bridge]: [1] navigating: distance_remaining=5.058 m, recoveries=0
[INFO] [1783326765.500481367] [foxglove_click_goal_bridge]: [1] navigating: distance_remaining=5.058 m, recoveries=0
[INFO] [1783326767.499355967] [foxglove_click_goal_bridge]: [1] navigating: distance_remaining=4.977 m, recoveries=0
[INFO] [1783326769.502328068] [foxglove_click_goal_bridge]: [1] navigating: distance_remaining=4.875 m, recoveries=0
[INFO] [1783326771.519809467] [foxglove_click_goal_bridge]: [1] navigating: distance_remaining=4.750 m, recoveries=0
[INFO] [1783326773.521586354] [foxglove_click_goal_bridge]: [1] navigating: distance_remaining=4.602 m, recoveries=0
[INFO] [1783326775.537487622] [foxglove_click_goal_bridge]: [1] navigating: distance_remaining=4.480 m, recoveries=0
[INFO] [1783326777.542436547] [foxglove_click_goal_bridge]: [1] navigating: distance_remaining=4.365 m, recoveries=0
[INFO] [1783326779.558865060] [foxglove_click_goal_bridge]: [1] navigating: distance_remaining=4.167 m, recoveries=0
[INFO] [1783326781.568214899] [foxglove_click_goal_bridge]: [1] navigating: distance_remaining=4.007 m, recoveries=0
[INFO] [1783326783.576785193] [foxglove_click_goal_bridge]: [1] navigating: distance_remaining=3.814 m, recoveries=0
[INFO] [1783326785.577318271] [foxglove_click_goal_bridge]: [1] navigating: distance_remaining=3.640 m, recoveries=0
[INFO] [1783326787.593879565] [foxglove_click_goal_bridge]: [1] navigating: distance_remaining=3.441 m, recoveries=0
[INFO] [1783326789.606075479] [foxglove_click_goal_bridge]: [1] navigating: distance_remaining=3.241 m, recoveries=0
[INFO] [1783326791.605312840] [foxglove_click_goal_bridge]: [1] navigating: distance_remaining=3.042 m, recoveries=0
[INFO] [1783326793.622821252] [foxglove_click_goal_bridge]: [1] navigating: distance_remaining=2.868 m, recoveries=0
[INFO] [1783326795.620074023] [foxglove_click_goal_bridge]: [1] navigating: distance_remaining=2.694 m, recoveries=0
[INFO] [1783326797.639649306] [foxglove_click_goal_bridge]: [1] navigating: distance_remaining=2.521 m, recoveries=0
[INFO] [1783326799.646376161] [foxglove_click_goal_bridge]: [1] navigating: distance_remaining=2.372 m, recoveries=0
[INFO] [1783326801.656690058] [foxglove_click_goal_bridge]: [1] navigating: distance_remaining=2.224 m, recoveries=0
[INFO] [1783326803.678016668] [foxglove_click_goal_bridge]: [1] navigating: distance_remaining=2.079 m, recoveries=0
[INFO] [1783326805.675962093] [foxglove_click_goal_bridge]: [1] navigating: distance_remaining=2.008 m, recoveries=0
[INFO] [1783326807.681431437] [foxglove_click_goal_bridge]: [1] navigating: distance_remaining=2.079 m, recoveries=0
[INFO] [1783326809.683030360] [foxglove_click_goal_bridge]: [1] navigating: distance_remaining=1.932 m, recoveries=0
[INFO] [1783326811.699782373] [foxglove_click_goal_bridge]: [1] navigating: distance_remaining=1.857 m, recoveries=0
[INFO] [1783326813.702125999] [foxglove_click_goal_bridge]: [1] navigating: distance_remaining=1.488 m, recoveries=0
[INFO] [1783326815.725441928] [foxglove_click_goal_bridge]: [1] navigating: distance_remaining=1.414 m, recoveries=0
[INFO] [1783326817.731021843] [foxglove_click_goal_bridge]: [1] navigating: distance_remaining=1.240 m, recoveries=0
[INFO] [1783326819.747004220] [foxglove_click_goal_bridge]: [1] navigating: distance_remaining=1.091 m, recoveries=0
[INFO] [1783326821.761433302] [foxglove_click_goal_bridge]: [1] navigating: distance_remaining=0.941 m, recoveries=0
[INFO] [1783326823.788204598] [foxglove_click_goal_bridge]: [1] navigating: distance_remaining=0.766 m, recoveries=0
[INFO] [1783326825.797561505] [foxglove_click_goal_bridge]: [1] navigating: distance_remaining=0.616 m, recoveries=0
[INFO] [1783326827.804322116] [foxglove_click_goal_bridge]: [1] navigating: distance_remaining=0.416 m, recoveries=0
[INFO] [1783326829.807489389] [foxglove_click_goal_bridge]: [1] navigating: distance_remaining=0.291 m, recoveries=0
[INFO] [1783326831.406240986] [foxglove_click_goal_bridge]: [1] Navigation succeeded. status=4
[INFO] [1783326831.410423947] [foxglove_click_goal_bridge]: Navigation succeeded. Current pose will be updated by pose_memory_node.
