[INFO] [1783226819.424765041] [simple_scan_filter]: filter /scan -> /scan_filtered, keep=[0.22, 4.00], isolated_window=2, isolated_delta=0.25, min_support_neighbors=1
[INFO] [1783226832.812103555] [simple_scan_filter]: scan stats: n=404, zeros=118, nan=0, inf=0, finite_raw=286, finite_out=233, removed_isolated=5
[INFO] [1783226837.804797254] [simple_scan_filter]: scan stats: n=404, zeros=118, nan=0, inf=0, finite_raw=286, finite_out=230, removed_isolated=8
[INFO] [1783226842.822301714] [simple_scan_filter]: scan stats: n=404, zeros=113, nan=0, inf=0, finite_raw=291, finite_out=238, removed_isolated=3
[INFO] [1783226847.798075341] [simple_scan_filter]: scan stats: n=404, zeros=113, nan=0, inf=0, finite_raw=291, finite_out=236, removed_isolated=6
[INFO] [1783226852.791858822] [simple_scan_filter]: scan stats: n=404, zeros=127, nan=0, inf=0, finite_raw=277, finite_out=226, removed_isolated=5
[INFO] [1783226857.778450366] [simple_scan_filter]: scan stats: n=404, zeros=123, nan=0, inf=0, finite_raw=281, finite_out=233, removed_isolated=3
[INFO] [1783226862.779416853] [simple_scan_filter]: scan stats: n=404, zeros=118, nan=0, inf=0, finite_raw=286, finite_out=236, removed_isolated=5
[INFO] [1783226867.769307450] [simple_scan_filter]: scan stats: n=404, zeros=115, nan=0, inf=0, finite_raw=289, finite_out=242, removed_isolated=3
[INFO] [1783226872.766630748] [simple_scan_filter]: scan stats: n=404, zeros=129, nan=0, inf=0, finite_raw=275, finite_out=226, removed_isolated=8
[INFO] [1783226877.755557608] [simple_scan_filter]: scan stats: n=404, zeros=122, nan=0, inf=0, finite_raw=282, finite_out=233, removed_isolated=6
[INFO] [1783226882.745224638] [simple_scan_filter]: scan stats: n=404, zeros=122, nan=0, inf=0, finite_raw=282, finite_out=228, removed_isolated=8
[INFO] [1783226887.739918539] [simple_scan_filter]: scan stats: n=404, zeros=122, nan=0, inf=0, finite_raw=282, finite_out=229, removed_isolated=8
[INFO] [1783226892.734383442] [simple_scan_filter]: scan stats: n=404, zeros=118, nan=0, inf=0, finite_raw=286, finite_out=234, removed_isolated=4
[INFO] [1783226897.729963180] [simple_scan_filter]: scan stats: n=404, zeros=125, nan=0, inf=0, finite_raw=279, finite_out=231, removed_isolated=6
[INFO] [1783226902.721747091] [simple_scan_filter]: scan stats: n=404, zeros=110, nan=0, inf=0, finite_raw=294, finite_out=233, removed_isolated=7
[INFO] [1783226907.714208376] [simple_scan_filter]: scan stats: n=404, zeros=116, nan=0, inf=0, finite_raw=288, finite_out=233, removed_isolated=7
[INFO] [1783226912.708714783] [simple_scan_filter]: scan stats: n=404, zeros=123, nan=0, inf=0, finite_raw=281, finite_out=228, removed_isolated=8
[INFO] [1783226917.705224352] [simple_scan_filter]: scan stats: n=404, zeros=109, nan=0, inf=0, finite_raw=295, finite_out=235, removed_isolated=5
[INFO] [1783226922.696123928] [simple_scan_filter]: scan stats: n=404, zeros=112, nan=0, inf=0, finite_raw=292, finite_out=233, removed_isolated=5
[INFO] [1783226927.691372411] [simple_scan_filter]: scan stats: n=404, zeros=124, nan=0, inf=0, finite_raw=280, finite_out=230, removed_isolated=6
[INFO] [1783226932.718913756] [simple_scan_filter]: scan stats: n=404, zeros=115, nan=0, inf=0, finite_raw=289, finite_out=237, removed_isolated=7
[INFO] [1783226937.686535149] [simple_scan_filter]: scan stats: n=404, zeros=123, nan=0, inf=0, finite_raw=281, finite_out=230, removed_isolated=7
[INFO] [1783226942.671665926] [simple_scan_filter]: scan stats: n=404, zeros=119, nan=0, inf=0, finite_raw=285, finite_out=231, removed_isolated=8
[INFO] [1783226947.663937437] [simple_scan_filter]: scan stats: n=404, zeros=114, nan=0, inf=0, finite_raw=290, finite_out=237, removed_isolated=5
[INFO] [1783226952.661841099] [simple_scan_filter]: scan stats: n=404, zeros=115, nan=0, inf=0, finite_raw=289, finite_out=232, removed_isolated=6
[INFO] [1783226957.657417424] [simple_scan_filter]: scan stats: n=404, zeros=118, nan=0, inf=0, finite_raw=286, finite_out=231, removed_isolated=6
[INFO] [1783226962.649159497] [simple_scan_filter]: scan stats: n=404, zeros=115, nan=0, inf=0, finite_raw=289, finite_out=237, removed_isolated=4
[INFO] [1783226967.642540726] [simple_scan_filter]: scan stats: n=404, zeros=125, nan=0, inf=0, finite_raw=279, finite_out=235, removed_isolated=2
[INFO] [1783226972.638569942] [simple_scan_filter]: scan stats: n=404, zeros=121, nan=0, inf=0, finite_raw=283, finite_out=230, removed_isolated=6
[INFO] [1783226977.631015404] [simple_scan_filter]: scan stats: n=404, zeros=121, nan=0, inf=0, finite_raw=283, finite_out=233, removed_isolated=6
[INFO] [1783226982.627999973] [simple_scan_filter]: scan stats: n=404, zeros=116, nan=0, inf=0, finite_raw=288, finite_out=233, removed_isolated=5
[INFO] [1783226987.620064914] [simple_scan_filter]: scan stats: n=404, zeros=113, nan=0, inf=0, finite_raw=291, finite_out=241, removed_isolated=2
[INFO] [1783226992.613927008] [simple_scan_filter]: scan stats: n=404, zeros=118, nan=0, inf=0, finite_raw=286, finite_out=236, removed_isolated=3
[INFO] [1783226997.607914214] [simple_scan_filter]: scan stats: n=404, zeros=121, nan=0, inf=0, finite_raw=283, finite_out=229, removed_isolated=5
[INFO] [1783227002.602692656] [simple_scan_filter]: scan stats: n=404, zeros=116, nan=0, inf=0, finite_raw=288, finite_out=237, removed_isolated=3
[INFO] [1783227007.597682418] [simple_scan_filter]: scan stats: n=404, zeros=120, nan=0, inf=0, finite_raw=284, finite_out=229, removed_isolated=5
[INFO] [1783227012.597183576] [simple_scan_filter]: scan stats: n=404, zeros=117, nan=0, inf=0, finite_raw=287, finite_out=229, removed_isolated=5
[INFO] [1783227017.589811022] [simple_scan_filter]: scan stats: n=404, zeros=117, nan=0, inf=0, finite_raw=287, finite_out=232, removed_isolated=6
[INFO] [1783227022.600835551] [simple_scan_filter]: scan stats: n=404, zeros=114, nan=0, inf=0, finite_raw=290, finite_out=230, removed_isolated=5
[INFO] [1783227027.575463701] [simple_scan_filter]: scan stats: n=404, zeros=114, nan=0, inf=0, finite_raw=290, finite_out=233, removed_isolated=4
[INFO] [1783227032.573017510] [simple_scan_filter]: scan stats: n=404, zeros=116, nan=0, inf=0, finite_raw=288, finite_out=236, removed_isolated=6
[INFO] [1783227037.570437845] [simple_scan_filter]: scan stats: n=404, zeros=116, nan=0, inf=0, finite_raw=288, finite_out=232, removed_isolated=5
[INFO] [1783227042.562322920] [simple_scan_filter]: scan stats: n=404, zeros=112, nan=0, inf=0, finite_raw=292, finite_out=234, removed_isolated=5
[INFO] [1783227047.555793643] [simple_scan_filter]: scan stats: n=404, zeros=122, nan=0, inf=0, finite_raw=282, finite_out=228, removed_isolated=8
[INFO] [1783227052.556091255] [simple_scan_filter]: scan stats: n=404, zeros=126, nan=0, inf=0, finite_raw=278, finite_out=228, removed_isolated=6
[INFO] [1783227057.544755157] [simple_scan_filter]: scan stats: n=404, zeros=114, nan=0, inf=0, finite_raw=290, finite_out=239, removed_isolated=3
[INFO] [1783227062.541614403] [simple_scan_filter]: scan stats: n=404, zeros=115, nan=0, inf=0, finite_raw=289, finite_out=234, removed_isolated=5
[INFO] [1783227067.534237303] [simple_scan_filter]: scan stats: n=404, zeros=129, nan=0, inf=0, finite_raw=275, finite_out=230, removed_isolated=5
[INFO] [1783227072.530983261] [simple_scan_filter]: scan stats: n=404, zeros=114, nan=0, inf=0, finite_raw=290, finite_out=232, removed_isolated=6
[INFO] [1783227077.538599183] [simple_scan_filter]: scan stats: n=404, zeros=114, nan=0, inf=0, finite_raw=290, finite_out=238, removed_isolated=4
[INFO] [1783227082.518089708] [simple_scan_filter]: scan stats: n=404, zeros=126, nan=0, inf=0, finite_raw=278, finite_out=227, removed_isolated=6
[INFO] [1783227087.515190312] [simple_scan_filter]: scan stats: n=404, zeros=119, nan=0, inf=0, finite_raw=285, finite_out=231, removed_isolated=4
[INFO] [1783227092.509010150] [simple_scan_filter]: scan stats: n=404, zeros=120, nan=0, inf=0, finite_raw=284, finite_out=233, removed_isolated=5
[INFO] [1783227097.505519378] [simple_scan_filter]: scan stats: n=404, zeros=124, nan=0, inf=0, finite_raw=280, finite_out=231, removed_isolated=4
[INFO] [1783227102.502501334] [simple_scan_filter]: scan stats: n=404, zeros=116, nan=0, inf=0, finite_raw=288, finite_out=231, removed_isolated=6
[INFO] [1783227107.502821722] [simple_scan_filter]: scan stats: n=404, zeros=125, nan=0, inf=0, finite_raw=279, finite_out=229, removed_isolated=5
[INFO] [1783227112.488748981] [simple_scan_filter]: scan stats: n=404, zeros=125, nan=0, inf=0, finite_raw=279, finite_out=227, removed_isolated=6
[INFO] [1783227117.480142043] [simple_scan_filter]: scan stats: n=404, zeros=111, nan=0, inf=0, finite_raw=293, finite_out=232, removed_isolated=7
[INFO] [1783227122.474470911] [simple_scan_filter]: scan stats: n=404, zeros=120, nan=0, inf=0, finite_raw=284, finite_out=230, removed_isolated=7
[INFO] [1783227127.471562585] [simple_scan_filter]: scan stats: n=404, zeros=117, nan=0, inf=0, finite_raw=287, finite_out=235, removed_isolated=6
[INFO] [1783227132.467604819] [simple_scan_filter]: scan stats: n=404, zeros=121, nan=0, inf=0, finite_raw=283, finite_out=232, removed_isolated=7
[INFO] [1783227137.460165908] [simple_scan_filter]: scan stats: n=404, zeros=119, nan=0, inf=0, finite_raw=285, finite_out=229, removed_isolated=7
[INFO] [1783227142.462270276] [simple_scan_filter]: scan stats: n=404, zeros=117, nan=0, inf=0, finite_raw=287, finite_out=231, removed_isolated=7
[INFO] [1783227147.456724666] [simple_scan_filter]: scan stats: n=404, zeros=122, nan=0, inf=0, finite_raw=282, finite_out=232, removed_isolated=6
[INFO] [1783227152.452647699] [simple_scan_filter]: scan stats: n=404, zeros=115, nan=0, inf=0, finite_raw=289, finite_out=238, removed_isolated=5
[INFO] [1783227157.443316394] [simple_scan_filter]: scan stats: n=404, zeros=123, nan=0, inf=0, finite_raw=281, finite_out=227, removed_isolated=8
[INFO] [1783227162.436596303] [simple_scan_filter]: scan stats: n=404, zeros=116, nan=0, inf=0, finite_raw=288, finite_out=228, removed_isolated=7
[INFO] [1783227167.432354144] [simple_scan_filter]: scan stats: n=404, zeros=114, nan=0, inf=0, finite_raw=290, finite_out=229, removed_isolated=7
[INFO] [1783227172.429937757] [simple_scan_filter]: scan stats: n=404, zeros=115, nan=0, inf=0, finite_raw=289, finite_out=231, removed_isolated=5
[INFO] [1783227177.427649475] [simple_scan_filter]: scan stats: n=404, zeros=115, nan=0, inf=0, finite_raw=289, finite_out=233, removed_isolated=5
[INFO] [1783227182.422522088] [simple_scan_filter]: scan stats: n=404, zeros=119, nan=0, inf=0, finite_raw=285, finite_out=230, removed_isolated=8
[INFO] [1783227187.426658703] [simple_scan_filter]: scan stats: n=404, zeros=114, nan=0, inf=0, finite_raw=290, finite_out=229, removed_isolated=6
[INFO] [1783227192.411901742] [simple_scan_filter]: scan stats: n=404, zeros=115, nan=0, inf=0, finite_raw=289, finite_out=227, removed_isolated=7
[INFO] [1783227197.406318052] [simple_scan_filter]: scan stats: n=404, zeros=112, nan=0, inf=0, finite_raw=292, finite_out=232, removed_isolated=5
[INFO] [1783227202.400278848] [simple_scan_filter]: scan stats: n=404, zeros=119, nan=0, inf=0, finite_raw=285, finite_out=234, removed_isolated=7
[INFO] [1783227207.399940790] [simple_scan_filter]: scan stats: n=404, zeros=114, nan=0, inf=0, finite_raw=290, finite_out=237, removed_isolated=7
[INFO] [1783227212.392342583] [simple_scan_filter]: scan stats: n=404, zeros=114, nan=0, inf=0, finite_raw=290, finite_out=237, removed_isolated=5
[INFO] [1783227217.399439407] [simple_scan_filter]: scan stats: n=404, zeros=114, nan=0, inf=0, finite_raw=290, finite_out=235, removed_isolated=7
[INFO] [1783227222.412172817] [simple_scan_filter]: scan stats: n=404, zeros=121, nan=0, inf=0, finite_raw=283, finite_out=231, removed_isolated=5
[INFO] [1783227227.377392699] [simple_scan_filter]: scan stats: n=404, zeros=110, nan=0, inf=0, finite_raw=294, finite_out=232, removed_isolated=6
[INFO] [1783227232.373408657] [simple_scan_filter]: scan stats: n=404, zeros=118, nan=0, inf=0, finite_raw=286, finite_out=231, removed_isolated=5
[INFO] [1783227237.369438330] [simple_scan_filter]: scan stats: n=404, zeros=117, nan=0, inf=0, finite_raw=287, finite_out=230, removed_isolated=4
[INFO] [1783227242.365130308] [simple_scan_filter]: scan stats: n=404, zeros=122, nan=0, inf=0, finite_raw=282, finite_out=233, removed_isolated=6
[INFO] [1783227247.366363702] [simple_scan_filter]: scan stats: n=404, zeros=115, nan=0, inf=0, finite_raw=289, finite_out=233, removed_isolated=6
[INFO] [1783227252.368760755] [simple_scan_filter]: scan stats: n=404, zeros=125, nan=0, inf=0, finite_raw=279, finite_out=232, removed_isolated=5
[INFO] [1783227257.353869951] [simple_scan_filter]: scan stats: n=404, zeros=117, nan=0, inf=0, finite_raw=287, finite_out=232, removed_isolated=6
[INFO] [1783227262.350189190] [simple_scan_filter]: scan stats: n=404, zeros=121, nan=0, inf=0, finite_raw=283, finite_out=227, removed_isolated=5
[INFO] [1783227267.344898558] [simple_scan_filter]: scan stats: n=404, zeros=117, nan=0, inf=0, finite_raw=287, finite_out=228, removed_isolated=7
[INFO] [1783227272.339857360] [simple_scan_filter]: scan stats: n=404, zeros=111, nan=0, inf=0, finite_raw=293, finite_out=236, removed_isolated=5
[INFO] [1783227277.334109393] [simple_scan_filter]: scan stats: n=404, zeros=116, nan=0, inf=0, finite_raw=288, finite_out=232, removed_isolated=5
[INFO] [1783227282.332215219] [simple_scan_filter]: scan stats: n=404, zeros=118, nan=0, inf=0, finite_raw=286, finite_out=234, removed_isolated=5
[INFO] [1783227287.327877866] [simple_scan_filter]: scan stats: n=404, zeros=116, nan=0, inf=0, finite_raw=288, finite_out=232, removed_isolated=2
[INFO] [1783227292.323980017] [simple_scan_filter]: scan stats: n=404, zeros=112, nan=0, inf=0, finite_raw=292, finite_out=228, removed_isolated=9
[INFO] [1783227297.322873393] [simple_scan_filter]: scan stats: n=404, zeros=123, nan=0, inf=0, finite_raw=281, finite_out=228, removed_isolated=8
[INFO] [1783227302.315627809] [simple_scan_filter]: scan stats: n=404, zeros=122, nan=0, inf=0, finite_raw=282, finite_out=232, removed_isolated=4
[INFO] [1783227307.320016444] [simple_scan_filter]: scan stats: n=404, zeros=126, nan=0, inf=0, finite_raw=278, finite_out=228, removed_isolated=5
[INFO] [1783227312.310131859] [simple_scan_filter]: scan stats: n=404, zeros=121, nan=0, inf=0, finite_raw=283, finite_out=228, removed_isolated=7
[INFO] [1783227317.306414699] [simple_scan_filter]: scan stats: n=404, zeros=116, nan=0, inf=0, finite_raw=288, finite_out=235, removed_isolated=2
[INFO] [1783227322.302022743] [simple_scan_filter]: scan stats: n=404, zeros=115, nan=0, inf=0, finite_raw=289, finite_out=237, removed_isolated=3
[INFO] [1783227327.298606459] [simple_scan_filter]: scan stats: n=404, zeros=124, nan=0, inf=0, finite_raw=280, finite_out=229, removed_isolated=7
[INFO] [1783227332.298629234] [simple_scan_filter]: scan stats: n=404, zeros=125, nan=0, inf=0, finite_raw=279, finite_out=229, removed_isolated=8
[INFO] [1783227337.290903254] [simple_scan_filter]: scan stats: n=404, zeros=121, nan=0, inf=0, finite_raw=283, finite_out=229, removed_isolated=5
[INFO] [1783227342.283864920] [simple_scan_filter]: scan stats: n=404, zeros=114, nan=0, inf=0, finite_raw=290, finite_out=232, removed_isolated=4
[INFO] [1783227347.286493259] [simple_scan_filter]: scan stats: n=404, zeros=125, nan=0, inf=0, finite_raw=279, finite_out=229, removed_isolated=6
[INFO] [1783227352.276861099] [simple_scan_filter]: scan stats: n=404, zeros=125, nan=0, inf=0, finite_raw=279, finite_out=231, removed_isolated=4
[INFO] [1783227357.275770660] [simple_scan_filter]: scan stats: n=404, zeros=116, nan=0, inf=0, finite_raw=288, finite_out=233, removed_isolated=5
[INFO] [1783227362.268611790] [simple_scan_filter]: scan stats: n=404, zeros=131, nan=0, inf=0, finite_raw=273, finite_out=226, removed_isolated=5
[INFO] [1783227367.267773061] [simple_scan_filter]: scan stats: n=404, zeros=125, nan=0, inf=0, finite_raw=279, finite_out=230, removed_isolated=3
[INFO] [1783227372.281712244] [simple_scan_filter]: scan stats: n=404, zeros=125, nan=0, inf=0, finite_raw=279, finite_out=228, removed_isolated=6
[INFO] [1783227377.264703795] [simple_scan_filter]: scan stats: n=404, zeros=116, nan=0, inf=0, finite_raw=288, finite_out=232, removed_isolated=4
[INFO] [1783227382.253734542] [simple_scan_filter]: scan stats: n=404, zeros=126, nan=0, inf=0, finite_raw=278, finite_out=230, removed_isolated=6
[INFO] [1783227387.252429329] [simple_scan_filter]: scan stats: n=404, zeros=121, nan=0, inf=0, finite_raw=283, finite_out=229, removed_isolated=3
[INFO] [1783227392.248865264] [simple_scan_filter]: scan stats: n=404, zeros=120, nan=0, inf=0, finite_raw=284, finite_out=229, removed_isolated=5
[INFO] [1783227397.244606144] [simple_scan_filter]: scan stats: n=404, zeros=126, nan=0, inf=0, finite_raw=278, finite_out=226, removed_isolated=6
[INFO] [1783227402.240217850] [simple_scan_filter]: scan stats: n=404, zeros=119, nan=0, inf=0, finite_raw=285, finite_out=232, removed_isolated=5
[INFO] [1783227407.237169556] [simple_scan_filter]: scan stats: n=404, zeros=118, nan=0, inf=0, finite_raw=286, finite_out=231, removed_isolated=5
[INFO] [1783227412.233676470] [simple_scan_filter]: scan stats: n=404, zeros=122, nan=0, inf=0, finite_raw=282, finite_out=228, removed_isolated=4
[INFO] [1783227417.232338227] [simple_scan_filter]: scan stats: n=404, zeros=115, nan=0, inf=0, finite_raw=289, finite_out=234, removed_isolated=3
Traceback (most recent call last):
  File "/root/rdk_x5_vln_robot/ros2_bridge/simple_scan_filter.py", line 197, in <module>
    main()
  File "/root/rdk_x5_vln_robot/ros2_bridge/simple_scan_filter.py", line 191, in main
    rclpy.spin(node)
  File "/opt/ros/humble/local/lib/python3.10/dist-packages/rclpy/__init__.py", line 229, in spin
    executor.spin_once()
  File "/opt/ros/humble/local/lib/python3.10/dist-packages/rclpy/executors.py", line 751, in spin_once
    self._spin_once_impl(timeout_sec)
  File "/opt/ros/humble/local/lib/python3.10/dist-packages/rclpy/executors.py", line 740, in _spin_once_impl
    handler, entity, node = self.wait_for_ready_callbacks(timeout_sec=timeout_sec)
  File "/opt/ros/humble/local/lib/python3.10/dist-packages/rclpy/executors.py", line 723, in wait_for_ready_callbacks
    return next(self._cb_iter)
  File "/opt/ros/humble/local/lib/python3.10/dist-packages/rclpy/executors.py", line 624, in _wait_for_ready_callbacks
    raise ExternalShutdownException()
rclpy.executors.ExternalShutdownException
